[0.026s][info][gc] Using Serial
[7.084s][info][gc] GC(0) Pause Young (Allocation Failure) 4M->2M(15M) 3.117ms
[7.114s][info][gc] GC(1) Pause Young (Allocation Failure) 6M->2M(15M) 1.415ms
[7.130s][info][gc] GC(2) Pause Young (Allocation Failure) 6M->2M(15M) 0.255ms
[7.142s][info][gc] GC(3) Pause Young (Allocation Failure) 6M->2M(15M) 0.259ms
[7.153s][info][gc] GC(4) Pause Young (Allocation Failure) 6M->2M(15M) 0.287ms
[7.164s][info][gc] GC(5) Pause Young (Allocation Failure) 6M->2M(15M) 0.298ms
[7.175s][info][gc] GC(6) Pause Young (Allocation Failure) 6M->2M(15M) 0.293ms
[7.186s][info][gc] GC(7) Pause Young (Allocation Failure) 6M->2M(15M) 0.301ms
[7.193s][info][gc] GC(8) Pause Young (Allocation Failure) 6M->2M(15M) 0.290ms
[7.199s][info][gc] GC(9) Pause Young (Allocation Failure) 6M->2M(15M) 0.317ms
[7.203s][info][gc] GC(10) Pause Young (Allocation Failure) 6M->2M(15M) 0.265ms
[7.207s][info][gc] GC(11) Pause Young (Allocation Failure) 6M->2M(15M) 0.278ms
[7.211s][info][gc] GC(12) Pause Young (Allocation Failure) 6M->2M(15M) 0.292ms
[7.215s][info][gc] GC(13) Pause Young (Allocation Failure) 6M->2M(15M) 0.279ms
[7.220s][info][gc] GC(14) Pause Young (Allocation Failure) 6M->2M(15M) 0.280ms
[7.224s][info][gc] GC(15) Pause Young (Allocation Failure) 6M->2M(15M) 0.236ms
[7.228s][info][gc] GC(16) Pause Young (Allocation Failure) 6M->2M(15M) 0.308ms
[7.232s][info][gc] GC(17) Pause Young (Allocation Failure) 6M->2M(15M) 0.168ms
[7.236s][info][gc] GC(18) Pause Young (Allocation Failure) 6M->2M(15M) 0.201ms
[7.240s][info][gc] GC(19) Pause Young (Allocation Failure) 6M->2M(15M) 0.189ms
[7.244s][info][gc] GC(20) Pause Young (Allocation Failure) 6M->2M(15M) 0.167ms
[7.248s][info][gc] GC(21) Pause Young (Allocation Failure) 6M->2M(15M) 0.212ms
[7.252s][info][gc] GC(22) Pause Young (Allocation Failure) 6M->2M(15M) 0.163ms
[7.256s][info][gc] GC(23) Pause Young (Allocation Failure) 6M->2M(15M) 0.218ms
[7.260s][info][gc] GC(24) Pause Young (Allocation Failure) 6M->2M(15M) 0.169ms
[7.264s][info][gc] GC(25) Pause Young (Allocation Failure) 6M->2M(15M) 0.193ms
[7.268s][info][gc] GC(26) Pause Young (Allocation Failure) 6M->2M(15M) 0.178ms
[7.272s][info][gc] GC(27) Pause Young (Allocation Failure) 6M->2M(15M) 0.161ms
[7.276s][info][gc] GC(28) Pause Young (Allocation Failure) 6M->2M(15M) 0.163ms
[7.279s][info][gc] GC(29) Pause Young (Allocation Failure) 6M->2M(15M) 0.173ms
[7.283s][info][gc] GC(30) Pause Young (Allocation Failure) 6M->2M(15M) 0.169ms
[7.286s][info][gc] GC(31) Pause Young (Allocation Failure) 6M->2M(15M) 0.178ms
[7.290s][info][gc] GC(32) Pause Young (Allocation Failure) 6M->2M(15M) 0.196ms
[7.293s][info][gc] GC(33) Pause Young (Allocation Failure) 6M->2M(15M) 0.170ms
[7.297s][info][gc] GC(34) Pause Young (Allocation Failure) 6M->2M(15M) 0.197ms
[7.300s][info][gc] GC(35) Pause Young (Allocation Failure) 6M->2M(15M) 0.200ms
[7.304s][info][gc] GC(36) Pause Young (Allocation Failure) 6M->2M(15M) 0.161ms
[7.307s][info][gc] GC(37) Pause Young (Allocation Failure) 6M->2M(15M) 0.192ms
[7.310s][info][gc] GC(38) Pause Young (Allocation Failure) 6M->2M(15M) 0.177ms
[7.314s][info][gc] GC(39) Pause Young (Allocation Failure) 6M->2M(15M) 0.186ms
[7.317s][info][gc] GC(40) Pause Young (Allocation Failure) 6M->2M(15M) 0.134ms
[7.321s][info][gc] GC(41) Pause Young (Allocation Failure) 6M->2M(15M) 0.198ms
[7.324s][info][gc] GC(42) Pause Young (Allocation Failure) 6M->2M(15M) 0.194ms
[7.328s][info][gc] GC(43) Pause Young (Allocation Failure) 6M->2M(15M) 0.153ms
[7.331s][info][gc] GC(44) Pause Young (Allocation Failure) 6M->2M(15M) 0.155ms
[7.335s][info][gc] GC(45) Pause Young (Allocation Failure) 6M->2M(15M) 0.203ms
[7.338s][info][gc] GC(46) Pause Young (Allocation Failure) 6M->2M(15M) 0.202ms
[7.342s][info][gc] GC(47) Pause Young (Allocation Failure) 6M->2M(15M) 0.192ms
[7.345s][info][gc] GC(48) Pause Young (Allocation Failure) 6M->2M(15M) 0.212ms
[7.349s][info][gc] GC(49) Pause Young (Allocation Failure) 6M->2M(15M) 0.213ms
[7.352s][info][gc] GC(50) Pause Young (Allocation Failure) 6M->2M(15M) 0.211ms
[7.356s][info][gc] GC(51) Pause Young (Allocation Failure) 6M->2M(15M) 0.190ms
[7.359s][info][gc] GC(52) Pause Young (Allocation Failure) 6M->2M(15M) 0.177ms
[7.362s][info][gc] GC(53) Pause Young (Allocation Failure) 6M->2M(15M) 0.171ms
[7.366s][info][gc] GC(54) Pause Young (Allocation Failure) 6M->2M(15M) 0.204ms
[7.369s][info][gc] GC(55) Pause Young (Allocation Failure) 6M->2M(15M) 0.186ms
[7.373s][info][gc] GC(56) Pause Young (Allocation Failure) 6M->2M(15M) 0.228ms
[7.376s][info][gc] GC(57) Pause Young (Allocation Failure) 6M->2M(15M) 0.165ms
[7.380s][info][gc] GC(58) Pause Young (Allocation Failure) 6M->2M(15M) 0.188ms
[7.383s][info][gc] GC(59) Pause Young (Allocation Failure) 6M->2M(15M) 0.201ms
[7.387s][info][gc] GC(60) Pause Young (Allocation Failure) 6M->2M(15M) 0.138ms
[13.884s][info][gc] GC(61) Pause Young (Allocation Failure) 6M->2M(15M) 0.228ms
[13.887s][info][gc] GC(62) Pause Young (Allocation Failure) 6M->2M(15M) 0.180ms
[13.891s][info][gc] GC(63) Pause Young (Allocation Failure) 6M->2M(15M) 0.184ms
[13.894s][info][gc] GC(64) Pause Young (Allocation Failure) 6M->2M(15M) 0.199ms
[13.898s][info][gc] GC(65) Pause Young (Allocation Failure) 6M->2M(15M) 0.171ms
[13.901s][info][gc] GC(66) Pause Young (Allocation Failure) 6M->2M(15M) 0.169ms
[13.904s][info][gc] GC(67) Pause Young (Allocation Failure) 6M->2M(15M) 0.149ms
[13.908s][info][gc] GC(68) Pause Young (Allocation Failure) 6M->2M(15M) 0.191ms
[13.911s][info][gc] GC(69) Pause Young (Allocation Failure) 6M->2M(15M) 0.183ms
[13.915s][info][gc] GC(70) Pause Young (Allocation Failure) 6M->2M(15M) 0.184ms
[13.918s][info][gc] GC(71) Pause Young (Allocation Failure) 6M->2M(15M) 0.131ms
[13.921s][info][gc] GC(72) Pause Young (Allocation Failure) 6M->2M(15M) 0.176ms
[13.925s][info][gc] GC(73) Pause Young (Allocation Failure) 6M->2M(15M) 0.154ms
[13.928s][info][gc] GC(74) Pause Young (Allocation Failure) 6M->2M(15M) 0.152ms
[13.931s][info][gc] GC(75) Pause Young (Allocation Failure) 6M->2M(15M) 0.133ms
[13.935s][info][gc] GC(76) Pause Young (Allocation Failure) 6M->2M(15M) 0.161ms
[13.939s][info][gc] GC(77) Pause Young (Allocation Failure) 6M->2M(15M) 0.188ms
[13.942s][info][gc] GC(78) Pause Young (Allocation Failure) 6M->2M(15M) 0.177ms
[13.946s][info][gc] GC(79) Pause Young (Allocation Failure) 6M->2M(15M) 0.171ms
[13.949s][info][gc] GC(80) Pause Young (Allocation Failure) 6M->2M(15M) 0.161ms
[13.953s][info][gc] GC(81) Pause Young (Allocation Failure) 6M->2M(15M) 0.187ms
[13.956s][info][gc] GC(82) Pause Young (Allocation Failure) 6M->2M(15M) 0.157ms
[13.959s][info][gc] GC(83) Pause Young (Allocation Failure) 6M->2M(15M) 0.184ms
[13.963s][info][gc] GC(84) Pause Young (Allocation Failure) 6M->2M(15M) 0.165ms
[13.966s][info][gc] GC(85) Pause Young (Allocation Failure) 6M->2M(15M) 0.170ms
[13.970s][info][gc] GC(86) Pause Young (Allocation Failure) 6M->2M(15M) 0.213ms
[13.973s][info][gc] GC(87) Pause Young (Allocation Failure) 6M->2M(15M) 0.211ms
[21.055s][info][gc] GC(88) Pause Young (Allocation Failure) 6M->2M(15M) 0.237ms
[21.059s][info][gc] GC(89) Pause Young (Allocation Failure) 6M->2M(15M) 0.234ms
[21.062s][info][gc] GC(90) Pause Young (Allocation Failure) 6M->2M(15M) 0.217ms
[21.066s][info][gc] GC(91) Pause Young (Allocation Failure) 6M->2M(15M) 0.189ms
[21.069s][info][gc] GC(92) Pause Young (Allocation Failure) 6M->2M(15M) 0.219ms
[21.072s][info][gc] GC(93) Pause Young (Allocation Failure) 6M->2M(15M) 0.179ms
[21.076s][info][gc] GC(94) Pause Young (Allocation Failure) 6M->2M(15M) 0.152ms
[21.079s][info][gc] GC(95) Pause Young (Allocation Failure) 6M->2M(15M) 0.206ms
[21.083s][info][gc] GC(96) Pause Young (Allocation Failure) 6M->2M(15M) 0.194ms
[21.086s][info][gc] GC(97) Pause Young (Allocation Failure) 6M->2M(15M) 0.145ms
[21.090s][info][gc] GC(98) Pause Young (Allocation Failure) 6M->2M(15M) 0.174ms
[21.093s][info][gc] GC(99) Pause Young (Allocation Failure) 6M->2M(15M) 0.198ms
[21.096s][info][gc] GC(100) Pause Young (Allocation Failure) 6M->2M(15M) 0.138ms
[21.100s][info][gc] GC(101) Pause Young (Allocation Failure) 6M->2M(15M) 0.178ms
[21.103s][info][gc] GC(102) Pause Young (Allocation Failure) 6M->2M(15M) 0.192ms
[21.107s][info][gc] GC(103) Pause Young (Allocation Failure) 6M->2M(15M) 0.144ms
[21.110s][info][gc] GC(104) Pause Young (Allocation Failure) 6M->2M(15M) 0.190ms
[21.114s][info][gc] GC(105) Pause Young (Allocation Failure) 6M->2M(15M) 0.189ms
[21.117s][info][gc] GC(106) Pause Young (Allocation Failure) 6M->2M(15M) 0.152ms
[21.120s][info][gc] GC(107) Pause Young (Allocation Failure) 6M->2M(15M) 0.189ms
[21.124s][info][gc] GC(108) Pause Young (Allocation Failure) 6M->2M(15M) 0.172ms
[21.127s][info][gc] GC(109) Pause Young (Allocation Failure) 6M->2M(15M) 0.147ms
[21.131s][info][gc] GC(110) Pause Young (Allocation Failure) 6M->2M(15M) 0.184ms
[21.134s][info][gc] GC(111) Pause Young (Allocation Failure) 6M->2M(15M) 0.191ms
[21.138s][info][gc] GC(112) Pause Young (Allocation Failure) 6M->2M(15M) 0.172ms
[21.141s][info][gc] GC(113) Pause Young (Allocation Failure) 6M->2M(15M) 0.190ms
[21.144s][info][gc] GC(114) Pause Young (Allocation Failure) 6M->2M(15M) 0.189ms
[21.152s][info][gc] GC(115) Pause Young (Allocation Failure) 6M->2M(15M) 0.197ms
[21.163s][info][gc] GC(116) Pause Young (Allocation Failure) 7M->2M(15M) 0.229ms
[21.173s][info][gc] GC(117) Pause Young (Allocation Failure) 7M->2M(15M) 0.224ms
[21.183s][info][gc] GC(118) Pause Young (Allocation Failure) 7M->2M(15M) 0.231ms
[21.189s][info][gc] GC(119) Pause Young (Allocation Failure) 6M->2M(15M) 0.211ms
[21.192s][info][gc] GC(120) Pause Young (Allocation Failure) 6M->2M(15M) 0.161ms
[21.196s][info][gc] GC(121) Pause Young (Allocation Failure) 6M->2M(15M) 0.200ms
[21.199s][info][gc] GC(122) Pause Young (Allocation Failure) 7M->2M(15M) 0.172ms
[21.203s][info][gc] GC(123) Pause Young (Allocation Failure) 7M->2M(15M) 0.179ms
[21.206s][info][gc] GC(124) Pause Young (Allocation Failure) 7M->2M(15M) 0.184ms
[21.210s][info][gc] GC(125) Pause Young (Allocation Failure) 7M->2M(15M) 0.188ms
[21.213s][info][gc] GC(126) Pause Young (Allocation Failure) 7M->2M(15M) 0.190ms
[21.217s][info][gc] GC(127) Pause Young (Allocation Failure) 7M->2M(15M) 0.200ms
[21.220s][info][gc] GC(128) Pause Young (Allocation Failure) 7M->2M(15M) 0.187ms
[21.224s][info][gc] GC(129) Pause Young (Allocation Failure) 7M->2M(15M) 0.178ms
[21.227s][info][gc] GC(130) Pause Young (Allocation Failure) 7M->2M(15M) 0.188ms
[21.230s][info][gc] GC(131) Pause Young (Allocation Failure) 7M->2M(15M) 0.189ms
[21.234s][info][gc] GC(132) Pause Young (Allocation Failure) 7M->2M(15M) 0.160ms
[21.237s][info][gc] GC(133) Pause Young (Allocation Failure) 7M->2M(15M) 0.178ms
[21.241s][info][gc] GC(134) Pause Young (Allocation Failure) 7M->2M(15M) 0.170ms
[21.244s][info][gc] GC(135) Pause Young (Allocation Failure) 7M->2M(15M) 0.147ms
[21.248s][info][gc] GC(136) Pause Young (Allocation Failure) 7M->2M(15M) 0.186ms
[21.251s][info][gc] GC(137) Pause Young (Allocation Failure) 7M->2M(15M) 0.139ms
[21.254s][info][gc] GC(138) Pause Young (Allocation Failure) 7M->2M(15M) 0.154ms
[21.258s][info][gc] GC(139) Pause Young (Allocation Failure) 7M->2M(15M) 0.145ms
[21.261s][info][gc] GC(140) Pause Young (Allocation Failure) 7M->2M(15M) 0.183ms
[21.265s][info][gc] GC(141) Pause Young (Allocation Failure) 7M->2M(15M) 0.150ms
[21.268s][info][gc] GC(142) Pause Young (Allocation Failure) 7M->2M(15M) 0.209ms
[21.272s][info][gc] GC(143) Pause Young (Allocation Failure) 7M->2M(15M) 0.203ms
[21.275s][info][gc] GC(144) Pause Young (Allocation Failure) 7M->2M(15M) 0.160ms
[21.278s][info][gc] GC(145) Pause Young (Allocation Failure) 7M->2M(15M) 0.160ms
[21.282s][info][gc] GC(146) Pause Young (Allocation Failure) 7M->2M(15M) 0.194ms
[21.285s][info][gc] GC(147) Pause Young (Allocation Failure) 7M->2M(15M) 0.183ms
[21.289s][info][gc] GC(148) Pause Young (Allocation Failure) 7M->2M(15M) 0.178ms
[21.292s][info][gc] GC(149) Pause Young (Allocation Failure) 7M->2M(15M) 0.147ms
[21.296s][info][gc] GC(150) Pause Young (Allocation Failure) 7M->2M(15M) 0.193ms
[21.299s][info][gc] GC(151) Pause Young (Allocation Failure) 7M->2M(15M) 0.197ms
[21.302s][info][gc] GC(152) Pause Young (Allocation Failure) 7M->2M(15M) 0.150ms
[21.306s][info][gc] GC(153) Pause Young (Allocation Failure) 7M->2M(15M) 0.196ms
[21.309s][info][gc] GC(154) Pause Young (Allocation Failure) 7M->2M(15M) 0.151ms
[21.313s][info][gc] GC(155) Pause Young (Allocation Failure) 7M->2M(15M) 0.143ms
[21.316s][info][gc] GC(156) Pause Young (Allocation Failure) 7M->2M(15M) 0.197ms
[21.319s][info][gc] GC(157) Pause Young (Allocation Failure) 7M->2M(15M) 0.196ms
[21.323s][info][gc] GC(158) Pause Young (Allocation Failure) 7M->2M(15M) 0.160ms
[21.327s][info][gc] GC(159) Pause Young (Allocation Failure) 7M->2M(15M) 0.165ms
[21.331s][info][gc] GC(160) Pause Young (Allocation Failure) 7M->2M(15M) 0.206ms
[21.335s][info][gc] GC(161) Pause Young (Allocation Failure) 7M->2M(15M) 0.213ms
[21.339s][info][gc] GC(162) Pause Young (Allocation Failure) 7M->2M(15M) 0.195ms
[21.343s][info][gc] GC(163) Pause Young (Allocation Failure) 7M->2M(15M) 0.240ms
[21.347s][info][gc] GC(164) Pause Young (Allocation Failure) 7M->2M(15M) 0.223ms
[21.351s][info][gc] GC(165) Pause Young (Allocation Failure) 7M->2M(15M) 0.203ms
[21.355s][info][gc] GC(166) Pause Young (Allocation Failure) 7M->2M(15M) 0.190ms
[21.359s][info][gc] GC(167) Pause Young (Allocation Failure) 7M->2M(15M) 0.235ms
[21.363s][info][gc] GC(168) Pause Young (Allocation Failure) 7M->2M(15M) 0.182ms
[21.367s][info][gc] GC(169) Pause Young (Allocation Failure) 7M->2M(15M) 0.279ms
[21.371s][info][gc] GC(170) Pause Young (Allocation Failure) 7M->2M(15M) 0.266ms
[21.375s][info][gc] GC(171) Pause Young (Allocation Failure) 7M->2M(15M) 0.270ms
[21.379s][info][gc] GC(172) Pause Young (Allocation Failure) 7M->2M(15M) 0.245ms
[21.383s][info][gc] GC(173) Pause Young (Allocation Failure) 7M->2M(15M) 0.247ms
[21.387s][info][gc] GC(174) Pause Young (Allocation Failure) 7M->2M(15M) 0.238ms
[21.391s][info][gc] GC(175) Pause Young (Allocation Failure) 7M->2M(15M) 0.230ms
[21.395s][info][gc] GC(176) Pause Young (Allocation Failure) 7M->2M(15M) 0.256ms
[21.399s][info][gc] GC(177) Pause Young (Allocation Failure) 7M->2M(15M) 0.198ms
[21.403s][info][gc] GC(178) Pause Young (Allocation Failure) 7M->2M(15M) 0.182ms
[21.407s][info][gc] GC(179) Pause Young (Allocation Failure) 7M->2M(15M) 0.189ms
[21.411s][info][gc] GC(180) Pause Young (Allocation Failure) 7M->2M(15M) 0.204ms
[21.414s][info][gc] GC(181) Pause Young (Allocation Failure) 7M->2M(15M) 0.170ms
[21.417s][info][gc] GC(182) Pause Young (Allocation Failure) 7M->2M(15M) 0.206ms
[21.421s][info][gc] GC(183) Pause Young (Allocation Failure) 7M->2M(15M) 0.184ms
[21.424s][info][gc] GC(184) Pause Young (Allocation Failure) 7M->2M(15M) 0.152ms
[21.428s][info][gc] GC(185) Pause Young (Allocation Failure) 7M->2M(15M) 0.173ms
[21.431s][info][gc] GC(186) Pause Young (Allocation Failure) 7M->2M(15M) 0.229ms
[21.435s][info][gc] GC(187) Pause Young (Allocation Failure) 7M->2M(15M) 0.166ms
[21.438s][info][gc] GC(188) Pause Young (Allocation Failure) 7M->2M(15M) 0.208ms
[21.442s][info][gc] GC(189) Pause Young (Allocation Failure) 7M->2M(15M) 0.193ms
[21.445s][info][gc] GC(190) Pause Young (Allocation Failure) 7M->2M(15M) 0.200ms
[21.448s][info][gc] GC(191) Pause Young (Allocation Failure) 7M->2M(15M) 0.204ms
[21.452s][info][gc] GC(192) Pause Young (Allocation Failure) 7M->2M(15M) 0.193ms
[21.455s][info][gc] GC(193) Pause Young (Allocation Failure) 7M->2M(15M) 0.192ms
[21.459s][info][gc] GC(194) Pause Young (Allocation Failure) 7M->2M(15M) 0.151ms
[21.462s][info][gc] GC(195) Pause Young (Allocation Failure) 7M->2M(15M) 0.204ms
[21.466s][info][gc] GC(196) Pause Young (Allocation Failure) 7M->2M(15M) 0.167ms
[21.469s][info][gc] GC(197) Pause Young (Allocation Failure) 7M->2M(15M) 0.192ms
[21.473s][info][gc] GC(198) Pause Young (Allocation Failure) 7M->2M(15M) 0.152ms
[21.476s][info][gc] GC(199) Pause Young (Allocation Failure) 7M->2M(15M) 0.233ms
[21.480s][info][gc] GC(200) Pause Young (Allocation Failure) 7M->2M(15M) 0.209ms
[21.483s][info][gc] GC(201) Pause Young (Allocation Failure) 7M->2M(15M) 0.261ms
[21.487s][info][gc] GC(202) Pause Young (Allocation Failure) 7M->2M(15M) 0.219ms
[21.490s][info][gc] GC(203) Pause Young (Allocation Failure) 7M->2M(15M) 0.177ms
[21.493s][info][gc] GC(204) Pause Young (Allocation Failure) 7M->2M(15M) 0.150ms
[21.497s][info][gc] GC(205) Pause Young (Allocation Failure) 7M->3M(15M) 0.226ms
[21.500s][info][gc] GC(206) Pause Young (Allocation Failure) 7M->2M(15M) 0.194ms
[21.504s][info][gc] GC(207) Pause Young (Allocation Failure) 7M->2M(15M) 0.153ms
[21.507s][info][gc] GC(208) Pause Young (Allocation Failure) 7M->2M(15M) 0.186ms
[21.510s][info][gc] GC(209) Pause Young (Allocation Failure) 7M->3M(15M) 0.204ms
[21.514s][info][gc] GC(210) Pause Young (Allocation Failure) 7M->2M(15M) 0.187ms
[21.517s][info][gc] GC(211) Pause Young (Allocation Failure) 7M->3M(15M) 0.195ms
[21.521s][info][gc] GC(212) Pause Young (Allocation Failure) 7M->3M(15M) 0.187ms
[21.524s][info][gc] GC(213) Pause Young (Allocation Failure) 7M->2M(15M) 0.169ms
[21.528s][info][gc] GC(214) Pause Young (Allocation Failure) 7M->3M(15M) 0.196ms
[21.531s][info][gc] GC(215) Pause Young (Allocation Failure) 7M->3M(15M) 0.187ms
[21.534s][info][gc] GC(216) Pause Young (Allocation Failure) 7M->2M(15M) 0.155ms
[21.538s][info][gc] GC(217) Pause Young (Allocation Failure) 7M->2M(15M) 0.166ms
[21.541s][info][gc] GC(218) Pause Young (Allocation Failure) 7M->3M(15M) 0.197ms
[21.545s][info][gc] GC(219) Pause Young (Allocation Failure) 7M->3M(15M) 0.179ms
[21.548s][info][gc] GC(220) Pause Young (Allocation Failure) 7M->3M(15M) 0.201ms
[21.551s][info][gc] GC(221) Pause Young (Allocation Failure) 7M->2M(15M) 0.143ms
[21.555s][info][gc] GC(222) Pause Young (Allocation Failure) 7M->3M(15M) 0.201ms
[21.558s][info][gc] GC(223) Pause Young (Allocation Failure) 7M->3M(15M) 0.167ms
[21.562s][info][gc] GC(224) Pause Young (Allocation Failure) 7M->3M(15M) 0.156ms
[21.565s][info][gc] GC(225) Pause Young (Allocation Failure) 7M->3M(15M) 0.163ms
[21.568s][info][gc] GC(226) Pause Young (Allocation Failure) 7M->3M(15M) 0.147ms
[21.572s][info][gc] GC(227) Pause Young (Allocation Failure) 7M->3M(15M) 0.166ms
[21.575s][info][gc] GC(228) Pause Young (Allocation Failure) 7M->3M(15M) 0.187ms
[21.579s][info][gc] GC(229) Pause Young (Allocation Failure) 7M->3M(15M) 0.163ms
[21.582s][info][gc] GC(230) Pause Young (Allocation Failure) 7M->3M(15M) 0.169ms
[21.585s][info][gc] GC(231) Pause Young (Allocation Failure) 7M->3M(15M) 0.194ms
[21.589s][info][gc] GC(232) Pause Young (Allocation Failure) 7M->2M(15M) 0.143ms
[21.592s][info][gc] GC(233) Pause Young (Allocation Failure) 7M->3M(15M) 0.192ms
[21.595s][info][gc] GC(234) Pause Young (Allocation Failure) 7M->3M(15M) 0.150ms
[21.599s][info][gc] GC(235) Pause Young (Allocation Failure) 7M->3M(15M) 0.162ms
[21.602s][info][gc] GC(236) Pause Young (Allocation Failure) 7M->3M(15M) 0.183ms
[21.606s][info][gc] GC(237) Pause Young (Allocation Failure) 7M->3M(15M) 0.189ms
[21.609s][info][gc] GC(238) Pause Young (Allocation Failure) 7M->3M(15M) 0.188ms
[21.613s][info][gc] GC(239) Pause Young (Allocation Failure) 7M->3M(15M) 0.206ms
[21.616s][info][gc] GC(240) Pause Young (Allocation Failure) 7M->3M(15M) 0.199ms
[21.619s][info][gc] GC(241) Pause Young (Allocation Failure) 7M->3M(15M) 0.180ms
[21.623s][info][gc] GC(242) Pause Young (Allocation Failure) 7M->3M(15M) 0.162ms
[21.626s][info][gc] GC(243) Pause Young (Allocation Failure) 7M->3M(15M) 0.141ms
[21.630s][info][gc] GC(244) Pause Young (Allocation Failure) 7M->3M(15M) 0.173ms
[21.633s][info][gc] GC(245) Pause Young (Allocation Failure) 7M->3M(15M) 0.139ms
[21.636s][info][gc] GC(246) Pause Young (Allocation Failure) 7M->3M(15M) 0.207ms
[21.640s][info][gc] GC(247) Pause Young (Allocation Failure) 7M->3M(15M) 0.192ms
[21.643s][info][gc] GC(248) Pause Young (Allocation Failure) 7M->3M(15M) 0.162ms
[21.647s][info][gc] GC(249) Pause Young (Allocation Failure) 7M->3M(15M) 0.197ms
[21.650s][info][gc] GC(250) Pause Young (Allocation Failure) 7M->3M(15M) 0.185ms
[21.653s][info][gc] GC(251) Pause Young (Allocation Failure) 7M->3M(15M) 0.138ms
[21.657s][info][gc] GC(252) Pause Young (Allocation Failure) 7M->3M(15M) 0.193ms
[21.660s][info][gc] GC(253) Pause Young (Allocation Failure) 7M->3M(15M) 0.194ms
[21.664s][info][gc] GC(254) Pause Young (Allocation Failure) 7M->3M(15M) 0.194ms
[21.667s][info][gc] GC(255) Pause Young (Allocation Failure) 7M->3M(15M) 0.194ms
[21.671s][info][gc] GC(256) Pause Young (Allocation Failure) 7M->3M(15M) 0.151ms
[21.674s][info][gc] GC(257) Pause Young (Allocation Failure) 7M->3M(15M) 0.142ms
[21.677s][info][gc] GC(258) Pause Young (Allocation Failure) 7M->3M(15M) 0.158ms
[21.681s][info][gc] GC(259) Pause Young (Allocation Failure) 7M->3M(15M) 0.154ms
[21.684s][info][gc] GC(260) Pause Young (Allocation Failure) 7M->3M(15M) 0.147ms
[21.688s][info][gc] GC(261) Pause Young (Allocation Failure) 7M->3M(15M) 0.215ms
[21.691s][info][gc] GC(262) Pause Young (Allocation Failure) 7M->3M(15M) 0.153ms
[21.694s][info][gc] GC(263) Pause Young (Allocation Failure) 7M->3M(15M) 0.197ms
[21.698s][info][gc] GC(264) Pause Young (Allocation Failure) 7M->3M(15M) 0.193ms
[21.701s][info][gc] GC(265) Pause Young (Allocation Failure) 7M->3M(15M) 0.195ms
[21.705s][info][gc] GC(266) Pause Young (Allocation Failure) 7M->3M(15M) 0.190ms
[21.708s][info][gc] GC(267) Pause Young (Allocation Failure) 7M->3M(15M) 0.201ms
[21.712s][info][gc] GC(268) Pause Young (Allocation Failure) 7M->3M(15M) 0.228ms
[21.715s][info][gc] GC(269) Pause Young (Allocation Failure) 7M->3M(15M) 0.206ms
[21.719s][info][gc] GC(270) Pause Young (Allocation Failure) 7M->3M(15M) 0.191ms
[21.722s][info][gc] GC(271) Pause Young (Allocation Failure) 7M->3M(15M) 0.185ms
[21.725s][info][gc] GC(272) Pause Young (Allocation Failure) 7M->3M(15M) 0.148ms
[21.729s][info][gc] GC(273) Pause Young (Allocation Failure) 7M->3M(15M) 0.195ms
[21.732s][info][gc] GC(274) Pause Young (Allocation Failure) 7M->3M(15M) 0.143ms
[21.736s][info][gc] GC(275) Pause Young (Allocation Failure) 7M->3M(15M) 0.194ms
[21.739s][info][gc] GC(276) Pause Young (Allocation Failure) 7M->3M(15M) 0.161ms
[21.742s][info][gc] GC(277) Pause Young (Allocation Failure) 7M->3M(15M) 0.186ms
[21.746s][info][gc] GC(278) Pause Young (Allocation Failure) 7M->3M(15M) 0.142ms
[21.749s][info][gc] GC(279) Pause Young (Allocation Failure) 7M->3M(15M) 0.190ms
[21.753s][info][gc] GC(280) Pause Young (Allocation Failure) 7M->3M(15M) 0.170ms
[21.756s][info][gc] GC(281) Pause Young (Allocation Failure) 7M->3M(15M) 0.189ms
[21.759s][info][gc] GC(282) Pause Young (Allocation Failure) 7M->3M(15M) 0.158ms
[21.763s][info][gc] GC(283) Pause Young (Allocation Failure) 7M->3M(15M) 0.194ms
[21.766s][info][gc] GC(284) Pause Young (Allocation Failure) 7M->3M(15M) 0.158ms
[21.770s][info][gc] GC(285) Pause Young (Allocation Failure) 7M->3M(15M) 0.153ms
[21.773s][info][gc] GC(286) Pause Young (Allocation Failure) 7M->3M(15M) 0.188ms
[21.777s][info][gc] GC(287) Pause Young (Allocation Failure) 7M->3M(15M) 0.195ms
[21.780s][info][gc] GC(288) Pause Young (Allocation Failure) 7M->3M(15M) 0.146ms
[21.783s][info][gc] GC(289) Pause Young (Allocation Failure) 7M->3M(15M) 0.170ms
[21.787s][info][gc] GC(290) Pause Young (Allocation Failure) 7M->3M(15M) 0.194ms
[21.790s][info][gc] GC(291) Pause Young (Allocation Failure) 7M->3M(15M) 0.187ms
[21.794s][info][gc] GC(292) Pause Young (Allocation Failure) 7M->3M(15M) 0.208ms
[21.797s][info][gc] GC(293) Pause Young (Allocation Failure) 7M->3M(15M) 0.160ms
[21.800s][info][gc] GC(294) Pause Young (Allocation Failure) 7M->3M(15M) 0.193ms
[21.804s][info][gc] GC(295) Pause Young (Allocation Failure) 7M->3M(15M) 0.195ms
[21.807s][info][gc] GC(296) Pause Young (Allocation Failure) 7M->3M(15M) 0.198ms
[21.811s][info][gc] GC(297) Pause Young (Allocation Failure) 7M->3M(15M) 0.150ms
[21.814s][info][gc] GC(298) Pause Young (Allocation Failure) 7M->3M(15M) 0.194ms
[21.818s][info][gc] GC(299) Pause Young (Allocation Failure) 7M->3M(15M) 0.202ms
[21.821s][info][gc] GC(300) Pause Young (Allocation Failure) 7M->3M(15M) 0.190ms
[21.824s][info][gc] GC(301) Pause Young (Allocation Failure) 7M->3M(15M) 0.147ms
[21.828s][info][gc] GC(302) Pause Young (Allocation Failure) 7M->3M(15M) 0.162ms
[21.831s][info][gc] GC(303) Pause Young (Allocation Failure) 7M->3M(15M) 0.197ms
[21.835s][info][gc] GC(304) Pause Young (Allocation Failure) 7M->3M(15M) 0.182ms
[21.838s][info][gc] GC(305) Pause Young (Allocation Failure) 7M->3M(15M) 0.184ms
[21.842s][info][gc] GC(306) Pause Young (Allocation Failure) 7M->3M(15M) 0.193ms
[21.845s][info][gc] GC(307) Pause Young (Allocation Failure) 7M->3M(15M) 0.146ms
[21.848s][info][gc] GC(308) Pause Young (Allocation Failure) 7M->3M(15M) 0.165ms
[21.852s][info][gc] GC(309) Pause Young (Allocation Failure) 7M->3M(15M) 0.149ms
[21.855s][info][gc] GC(310) Pause Young (Allocation Failure) 7M->3M(15M) 0.201ms
[21.859s][info][gc] GC(311) Pause Young (Allocation Failure) 7M->3M(15M) 0.173ms
[21.862s][info][gc] GC(312) Pause Young (Allocation Failure) 7M->3M(15M) 0.190ms
[21.865s][info][gc] GC(313) Pause Young (Allocation Failure) 7M->3M(15M) 0.174ms
[21.869s][info][gc] GC(314) Pause Young (Allocation Failure) 7M->3M(15M) 0.163ms
[21.872s][info][gc] GC(315) Pause Young (Allocation Failure) 7M->3M(15M) 0.192ms
[21.875s][info][gc] GC(316) Pause Young (Allocation Failure) 7M->3M(15M) 0.157ms
[21.879s][info][gc] GC(317) Pause Young (Allocation Failure) 7M->3M(15M) 0.155ms
[21.882s][info][gc] GC(318) Pause Young (Allocation Failure) 7M->3M(15M) 0.186ms
[21.886s][info][gc] GC(319) Pause Young (Allocation Failure) 7M->3M(15M) 0.200ms
[21.889s][info][gc] GC(320) Pause Young (Allocation Failure) 7M->3M(15M) 0.172ms
[21.893s][info][gc] GC(321) Pause Young (Allocation Failure) 7M->3M(15M) 0.187ms
[21.896s][info][gc] GC(322) Pause Young (Allocation Failure) 7M->3M(15M) 0.264ms
[21.900s][info][gc] GC(323) Pause Young (Allocation Failure) 7M->3M(15M) 0.294ms
[21.903s][info][gc] GC(324) Pause Young (Allocation Failure) 7M->3M(15M) 0.245ms
[21.907s][info][gc] GC(325) Pause Young (Allocation Failure) 7M->3M(15M) 0.191ms
[21.910s][info][gc] GC(326) Pause Young (Allocation Failure) 7M->3M(15M) 0.212ms
[21.914s][info][gc] GC(327) Pause Young (Allocation Failure) 7M->3M(15M) 0.240ms
[21.917s][info][gc] GC(328) Pause Young (Allocation Failure) 7M->3M(15M) 0.239ms
[21.920s][info][gc] GC(329) Pause Young (Allocation Failure) 7M->3M(15M) 0.204ms
[21.924s][info][gc] GC(330) Pause Young (Allocation Failure) 7M->3M(15M) 0.237ms
[21.927s][info][gc] GC(331) Pause Young (Allocation Failure) 7M->3M(15M) 0.254ms
[21.931s][info][gc] GC(332) Pause Young (Allocation Failure) 7M->3M(15M) 0.179ms
[21.934s][info][gc] GC(333) Pause Young (Allocation Failure) 7M->3M(15M) 0.169ms
[21.938s][info][gc] GC(334) Pause Young (Allocation Failure) 7M->3M(15M) 0.168ms
[21.941s][info][gc] GC(335) Pause Young (Allocation Failure) 7M->3M(15M) 0.135ms
[21.944s][info][gc] GC(336) Pause Young (Allocation Failure) 7M->3M(15M) 0.140ms
[21.948s][info][gc] GC(337) Pause Young (Allocation Failure) 7M->3M(15M) 0.191ms
[21.951s][info][gc] GC(338) Pause Young (Allocation Failure) 7M->3M(15M) 0.190ms
[21.955s][info][gc] GC(339) Pause Young (Allocation Failure) 7M->3M(15M) 0.203ms
[21.958s][info][gc] GC(340) Pause Young (Allocation Failure) 7M->3M(15M) 0.144ms
[21.962s][info][gc] GC(341) Pause Young (Allocation Failure) 7M->3M(15M) 0.198ms
[21.965s][info][gc] GC(342) Pause Young (Allocation Failure) 7M->3M(15M) 0.139ms
[21.968s][info][gc] GC(343) Pause Young (Allocation Failure) 7M->3M(15M) 0.155ms
[21.972s][info][gc] GC(344) Pause Young (Allocation Failure) 7M->3M(15M) 0.192ms
[21.975s][info][gc] GC(345) Pause Young (Allocation Failure) 7M->3M(15M) 0.202ms
[21.979s][info][gc] GC(346) Pause Young (Allocation Failure) 7M->3M(15M) 0.190ms
[21.982s][info][gc] GC(347) Pause Young (Allocation Failure) 7M->3M(15M) 0.166ms
[21.986s][info][gc] GC(348) Pause Young (Allocation Failure) 7M->3M(15M) 0.196ms
[31.768s][info][gc] GC(349) Pause Young (Allocation Failure) 7M->3M(15M) 0.351ms
