[0.027s][info][gc] Using Serial
[4.289s][info][gc] GC(0) Pause Young (Allocation Failure) 4M->2M(15M) 3.124ms
[4.360s][info][gc] GC(1) Pause Young (Allocation Failure) 6M->2M(15M) 2.534ms
[4.409s][info][gc] GC(2) Pause Young (Allocation Failure) 7M->4M(15M) 2.901ms
[4.560s][info][gc] GC(3) Pause Young (Allocation Failure) 8M->4M(15M) 2.228ms
[4.704s][info][gc] GC(4) Pause Young (Allocation Failure) 8M->5M(15M) 2.913ms
[18.006s][info][gc] GC(5) Pause Young (Allocation Failure) 9M->5M(15M) 1.835ms
[20.005s][info][gc] GC(6) Pause Young (Allocation Failure) 9M->5M(15M) 0.659ms
[22.104s][info][gc] GC(7) Pause Young (Allocation Failure) 9M->5M(15M) 0.586ms
[24.204s][info][gc] GC(8) Pause Young (Allocation Failure) 9M->5M(15M) 0.591ms
[26.304s][info][gc] GC(9) Pause Young (Allocation Failure) 9M->5M(15M) 0.560ms
[44.754s][info][gc] GC(10) Pause Young (Allocation Failure) 9M->5M(15M) 0.567ms
[83.786s][info][gc] GC(11) Pause Young (Allocation Failure) 9M->5M(15M) 0.689ms
