[0.026s][info][gc] Using Serial
[3.315s][info][gc] GC(0) Pause Young (Allocation Failure) 4M->2M(15M) 3.151ms
[3.388s][info][gc] GC(1) Pause Young (Allocation Failure) 6M->2M(15M) 2.543ms
[3.435s][info][gc] GC(2) Pause Young (Allocation Failure) 7M->4M(15M) 2.877ms
[3.563s][info][gc] GC(3) Pause Young (Allocation Failure) 8M->4M(15M) 2.173ms
[3.696s][info][gc] GC(4) Pause Young (Allocation Failure) 8M->5M(15M) 3.175ms
[17.702s][info][gc] GC(5) Pause Young (Allocation Failure) 9M->6M(15M) 3.352ms
[17.725s][info][gc] GC(6) Pause Young (Allocation Failure) 11M->10M(15M) 5.176ms
[17.743s][info][gc] GC(7) Pause Young (Allocation Failure) 14M->14M(15M) 0.037ms
[17.764s][info][gc] GC(8) Pause Full (Allocation Failure) 14M->11M(15M) 20.902ms
[17.796s][info][gc] GC(9) Pause Full (Allocation Failure) 15M->8M(15M) 16.623ms
[17.809s][info][gc] GC(10) Pause Young (Allocation Failure) 12M->12M(15M) 0.032ms
[17.823s][info][gc] GC(11) Pause Full (Allocation Failure) 12M->8M(15M) 14.326ms
[17.835s][info][gc] GC(12) Pause Young (Allocation Failure) 12M->12M(15M) 0.031ms
[17.851s][info][gc] GC(13) Pause Full (Allocation Failure) 12M->8M(15M) 15.989ms
[17.863s][info][gc] GC(14) Pause Young (Allocation Failure) 12M->12M(15M) 0.028ms
[17.878s][info][gc] GC(15) Pause Full (Allocation Failure) 12M->8M(15M) 14.632ms
[17.890s][info][gc] GC(16) Pause Young (Allocation Failure) 13M->13M(15M) 0.030ms
[17.906s][info][gc] GC(17) Pause Full (Allocation Failure) 13M->8M(15M) 15.429ms
[17.913s][info][gc] GC(18) Pause Young (Allocation Failure) 13M->13M(15M) 0.028ms
[17.928s][info][gc] GC(19) Pause Full (Allocation Failure) 13M->8M(15M) 14.423ms
[17.935s][info][gc] GC(20) Pause Young (Allocation Failure) 13M->13M(15M) 0.027ms
[17.949s][info][gc] GC(21) Pause Full (Allocation Failure) 13M->8M(15M) 14.090ms
[17.956s][info][gc] GC(22) Pause Young (Allocation Failure) 12M->12M(15M) 0.028ms
[17.970s][info][gc] GC(23) Pause Full (Allocation Failure) 12M->8M(15M) 13.943ms
[17.977s][info][gc] GC(24) Pause Young (Allocation Failure) 13M->13M(15M) 0.028ms
[17.992s][info][gc] GC(25) Pause Full (Allocation Failure) 13M->8M(15M) 14.960ms
[17.999s][info][gc] GC(26) Pause Young (Allocation Failure) 13M->13M(15M) 0.029ms
[18.013s][info][gc] GC(27) Pause Full (Allocation Failure) 13M->8M(15M) 14.185ms
[18.020s][info][gc] GC(28) Pause Young (Allocation Failure) 13M->13M(15M) 0.027ms
[18.034s][info][gc] GC(29) Pause Full (Allocation Failure) 13M->8M(15M) 14.237ms
[18.049s][info][gc] GC(30) Pause Young (Allocation Failure) 12M->15M(15M) 7.290ms
[18.064s][info][gc] GC(31) Pause Full (Allocation Failure) 15M->8M(15M) 15.568ms
[18.071s][info][gc] GC(32) Pause Young (Allocation Failure) 13M->13M(15M) 0.025ms
[18.086s][info][gc] GC(33) Pause Full (Allocation Failure) 13M->8M(15M) 14.603ms
[18.093s][info][gc] GC(34) Pause Young (Allocation Failure) 13M->13M(15M) 0.029ms
[18.109s][info][gc] GC(35) Pause Full (Allocation Failure) 13M->8M(15M) 15.849ms
[18.116s][info][gc] GC(36) Pause Young (Allocation Failure) 13M->13M(15M) 0.030ms
[18.131s][info][gc] GC(37) Pause Full (Allocation Failure) 13M->8M(15M) 14.516ms
[18.138s][info][gc] GC(38) Pause Young (Allocation Failure) 12M->12M(15M) 0.025ms
[18.152s][info][gc] GC(39) Pause Full (Allocation Failure) 12M->8M(15M) 14.493ms
[18.160s][info][gc] GC(40) Pause Young (Allocation Failure) 13M->13M(15M) 0.031ms
[18.175s][info][gc] GC(41) Pause Full (Allocation Failure) 13M->8M(15M) 15.032ms
[18.183s][info][gc] GC(42) Pause Young (Allocation Failure) 13M->13M(15M) 0.028ms
[18.197s][info][gc] GC(43) Pause Full (Allocation Failure) 13M->8M(15M) 14.872ms
[18.204s][info][gc] GC(44) Pause Young (Allocation Failure) 13M->13M(15M) 0.026ms
[18.219s][info][gc] GC(45) Pause Full (Allocation Failure) 13M->8M(15M) 14.608ms
[18.226s][info][gc] GC(46) Pause Young (Allocation Failure) 12M->12M(15M) 0.028ms
[18.240s][info][gc] GC(47) Pause Full (Allocation Failure) 12M->8M(15M) 14.413ms
[18.248s][info][gc] GC(48) Pause Young (Allocation Failure) 13M->13M(15M) 0.027ms
[18.262s][info][gc] GC(49) Pause Full (Allocation Failure) 13M->8M(15M) 14.501ms
[18.270s][info][gc] GC(50) Pause Young (Allocation Failure) 13M->13M(15M) 0.025ms
[18.284s][info][gc] GC(51) Pause Full (Allocation Failure) 13M->8M(15M) 14.530ms
[18.291s][info][gc] GC(52) Pause Young (Allocation Failure) 13M->13M(15M) 0.026ms
[18.306s][info][gc] GC(53) Pause Full (Allocation Failure) 13M->8M(15M) 14.281ms
[18.319s][info][gc] GC(54) Pause Young (Allocation Failure) 12M->15M(15M) 6.837ms
[18.335s][info][gc] GC(55) Pause Full (Allocation Failure) 15M->8M(15M) 15.030ms
[18.342s][info][gc] GC(56) Pause Young (Allocation Failure) 13M->13M(15M) 0.026ms
[18.356s][info][gc] GC(57) Pause Full (Allocation Failure) 13M->8M(15M) 14.431ms
[18.363s][info][gc] GC(58) Pause Young (Allocation Failure) 13M->13M(15M) 0.029ms
[18.378s][info][gc] GC(59) Pause Full (Allocation Failure) 13M->8M(15M) 14.674ms
[18.385s][info][gc] GC(60) Pause Young (Allocation Failure) 13M->13M(15M) 0.028ms
[18.400s][info][gc] GC(61) Pause Full (Allocation Failure) 13M->8M(15M) 15.197ms
[18.407s][info][gc] GC(62) Pause Young (Allocation Failure) 12M->12M(15M) 0.031ms
[18.422s][info][gc] GC(63) Pause Full (Allocation Failure) 12M->8M(15M) 14.727ms
[18.429s][info][gc] GC(64) Pause Young (Allocation Failure) 13M->13M(15M) 0.027ms
[18.444s][info][gc] GC(65) Pause Full (Allocation Failure) 13M->8M(15M) 15.091ms
[18.451s][info][gc] GC(66) Pause Young (Allocation Failure) 13M->13M(15M) 0.028ms
[18.465s][info][gc] GC(67) Pause Full (Allocation Failure) 13M->8M(15M) 14.487ms
[18.472s][info][gc] GC(68) Pause Young (Allocation Failure) 13M->13M(15M) 0.027ms
[18.486s][info][gc] GC(69) Pause Full (Allocation Failure) 13M->8M(15M) 14.347ms
[18.493s][info][gc] GC(70) Pause Young (Allocation Failure) 12M->12M(15M) 0.025ms
[18.508s][info][gc] GC(71) Pause Full (Allocation Failure) 12M->8M(15M) 14.556ms
[18.514s][info][gc] GC(72) Pause Young (Allocation Failure) 13M->13M(15M) 0.028ms
[18.529s][info][gc] GC(73) Pause Full (Allocation Failure) 13M->8M(15M) 14.465ms
[18.535s][info][gc] GC(74) Pause Young (Allocation Failure) 13M->13M(15M) 0.025ms
[18.549s][info][gc] GC(75) Pause Full (Allocation Failure) 13M->8M(15M) 14.154ms
[18.556s][info][gc] GC(76) Pause Young (Allocation Failure) 13M->13M(15M) 0.026ms
[18.571s][info][gc] GC(77) Pause Full (Allocation Failure) 13M->8M(15M) 14.372ms
[18.577s][info][gc] GC(78) Pause Young (Allocation Failure) 12M->12M(15M) 0.026ms
[18.592s][info][gc] GC(79) Pause Full (Allocation Failure) 12M->8M(15M) 14.608ms
[18.598s][info][gc] GC(80) Pause Young (Allocation Failure) 13M->13M(15M) 0.029ms
[18.613s][info][gc] GC(81) Pause Full (Allocation Failure) 13M->8M(15M) 14.313ms
[18.620s][info][gc] GC(82) Pause Young (Allocation Failure) 13M->13M(15M) 0.024ms
[18.634s][info][gc] GC(83) Pause Full (Allocation Failure) 13M->8M(15M) 14.041ms
[18.640s][info][gc] GC(84) Pause Young (Allocation Failure) 13M->13M(15M) 0.025ms
[18.655s][info][gc] GC(85) Pause Full (Allocation Failure) 13M->8M(15M) 14.249ms
[18.661s][info][gc] GC(86) Pause Young (Allocation Failure) 12M->12M(15M) 0.027ms
[18.676s][info][gc] GC(87) Pause Full (Allocation Failure) 12M->8M(15M) 14.483ms
[18.682s][info][gc] GC(88) Pause Young (Allocation Failure) 13M->13M(15M) 0.025ms
[18.697s][info][gc] GC(89) Pause Full (Allocation Failure) 13M->8M(15M) 14.547ms
[18.704s][info][gc] GC(90) Pause Young (Allocation Failure) 13M->13M(15M) 0.036ms
[18.719s][info][gc] GC(91) Pause Full (Allocation Failure) 13M->8M(15M) 14.902ms
[18.725s][info][gc] GC(92) Pause Young (Allocation Failure) 13M->13M(15M) 0.031ms
[18.741s][info][gc] GC(93) Pause Full (Allocation Failure) 13M->8M(15M) 16.076ms
[18.748s][info][gc] GC(94) Pause Young (Allocation Failure) 12M->12M(15M) 0.030ms
[18.764s][info][gc] GC(95) Pause Full (Allocation Failure) 12M->8M(15M) 15.880ms
[18.771s][info][gc] GC(96) Pause Young (Allocation Failure) 13M->13M(15M) 0.027ms
[18.785s][info][gc] GC(97) Pause Full (Allocation Failure) 13M->8M(15M) 14.454ms
[18.792s][info][gc] GC(98) Pause Young (Allocation Failure) 13M->13M(15M) 0.025ms
[18.806s][info][gc] GC(99) Pause Full (Allocation Failure) 13M->8M(15M) 14.363ms
[18.813s][info][gc] GC(100) Pause Young (Allocation Failure) 13M->13M(15M) 0.026ms
[18.828s][info][gc] GC(101) Pause Full (Allocation Failure) 13M->8M(15M) 14.745ms
[18.834s][info][gc] GC(102) Pause Young (Allocation Failure) 12M->12M(15M) 0.027ms
[18.848s][info][gc] GC(103) Pause Full (Allocation Failure) 12M->8M(15M) 14.182ms
[18.855s][info][gc] GC(104) Pause Young (Allocation Failure) 13M->13M(15M) 0.025ms
[18.869s][info][gc] GC(105) Pause Full (Allocation Failure) 13M->8M(15M) 14.196ms
[18.876s][info][gc] GC(106) Pause Young (Allocation Failure) 13M->13M(15M) 0.026ms
[18.890s][info][gc] GC(107) Pause Full (Allocation Failure) 13M->8M(15M) 14.364ms
[18.897s][info][gc] GC(108) Pause Young (Allocation Failure) 13M->13M(15M) 0.025ms
[18.911s][info][gc] GC(109) Pause Full (Allocation Failure) 13M->8M(15M) 14.412ms
[18.918s][info][gc] GC(110) Pause Young (Allocation Failure) 12M->12M(15M) 0.026ms
[18.933s][info][gc] GC(111) Pause Full (Allocation Failure) 12M->9M(15M) 14.689ms
[18.940s][info][gc] GC(112) Pause Young (Allocation Failure) 13M->13M(15M) 0.025ms
[18.954s][info][gc] GC(113) Pause Full (Allocation Failure) 13M->9M(15M) 14.516ms
[18.961s][info][gc] GC(114) Pause Young (Allocation Failure) 13M->13M(15M) 0.025ms
[18.975s][info][gc] GC(115) Pause Full (Allocation Failure) 13M->8M(15M) 14.178ms
[18.982s][info][gc] GC(116) Pause Young (Allocation Failure) 13M->13M(15M) 0.026ms
[18.996s][info][gc] GC(117) Pause Full (Allocation Failure) 13M->8M(15M) 14.213ms
[19.003s][info][gc] GC(118) Pause Young (Allocation Failure) 12M->12M(15M) 0.024ms
[19.017s][info][gc] GC(119) Pause Full (Allocation Failure) 12M->8M(15M) 14.461ms
[19.024s][info][gc] GC(120) Pause Young (Allocation Failure) 13M->13M(15M) 0.027ms
[19.038s][info][gc] GC(121) Pause Full (Allocation Failure) 13M->9M(15M) 14.496ms
[19.045s][info][gc] GC(122) Pause Young (Allocation Failure) 13M->13M(15M) 0.025ms
[19.059s][info][gc] GC(123) Pause Full (Allocation Failure) 13M->9M(15M) 14.450ms
[19.066s][info][gc] GC(124) Pause Young (Allocation Failure) 13M->13M(15M) 0.026ms
[19.080s][info][gc] GC(125) Pause Full (Allocation Failure) 13M->8M(15M) 14.288ms
[19.087s][info][gc] GC(126) Pause Young (Allocation Failure) 12M->12M(15M) 0.027ms
[19.102s][info][gc] GC(127) Pause Full (Allocation Failure) 12M->9M(15M) 14.486ms
[19.108s][info][gc] GC(128) Pause Young (Allocation Failure) 13M->13M(15M) 0.026ms
[19.123s][info][gc] GC(129) Pause Full (Allocation Failure) 13M->9M(15M) 14.738ms
[19.130s][info][gc] GC(130) Pause Young (Allocation Failure) 13M->13M(15M) 0.031ms
[19.144s][info][gc] GC(131) Pause Full (Allocation Failure) 13M->9M(15M) 14.381ms
[19.151s][info][gc] GC(132) Pause Young (Allocation Failure) 13M->13M(15M) 0.025ms
[19.165s][info][gc] GC(133) Pause Full (Allocation Failure) 13M->8M(15M) 14.359ms
[19.172s][info][gc] GC(134) Pause Young (Allocation Failure) 12M->12M(15M) 0.026ms
[19.186s][info][gc] GC(135) Pause Full (Allocation Failure) 12M->9M(15M) 14.372ms
[19.193s][info][gc] GC(136) Pause Young (Allocation Failure) 13M->13M(15M) 0.029ms
[19.208s][info][gc] GC(137) Pause Full (Allocation Failure) 13M->9M(15M) 14.894ms
[19.214s][info][gc] GC(138) Pause Young (Allocation Failure) 13M->13M(15M) 0.027ms
[19.229s][info][gc] GC(139) Pause Full (Allocation Failure) 13M->9M(15M) 14.985ms
[19.236s][info][gc] GC(140) Pause Young (Allocation Failure) 13M->13M(15M) 0.027ms
[19.251s][info][gc] GC(141) Pause Full (Allocation Failure) 13M->8M(15M) 14.786ms
[19.258s][info][gc] GC(142) Pause Young (Allocation Failure) 12M->12M(15M) 0.026ms
[19.272s][info][gc] GC(143) Pause Full (Allocation Failure) 12M->9M(15M) 14.391ms
[19.279s][info][gc] GC(144) Pause Young (Allocation Failure) 13M->13M(15M) 0.029ms
[19.293s][info][gc] GC(145) Pause Full (Allocation Failure) 13M->9M(15M) 14.861ms
[19.300s][info][gc] GC(146) Pause Young (Allocation Failure) 13M->13M(15M) 0.029ms
[19.315s][info][gc] GC(147) Pause Full (Allocation Failure) 13M->9M(15M) 14.413ms
[19.321s][info][gc] GC(148) Pause Young (Allocation Failure) 13M->13M(15M) 0.027ms
[19.336s][info][gc] GC(149) Pause Full (Allocation Failure) 13M->8M(15M) 14.462ms
[19.342s][info][gc] GC(150) Pause Young (Allocation Failure) 12M->12M(15M) 0.028ms
[19.357s][info][gc] GC(151) Pause Full (Allocation Failure) 12M->9M(15M) 14.512ms
[19.364s][info][gc] GC(152) Pause Young (Allocation Failure) 13M->13M(15M) 0.024ms
[19.378s][info][gc] GC(153) Pause Full (Allocation Failure) 13M->9M(15M) 14.750ms
[19.385s][info][gc] GC(154) Pause Young (Allocation Failure) 13M->13M(15M) 0.026ms
[19.400s][info][gc] GC(155) Pause Full (Allocation Failure) 13M->9M(15M) 14.398ms
[19.406s][info][gc] GC(156) Pause Young (Allocation Failure) 13M->13M(15M) 0.027ms
[19.421s][info][gc] GC(157) Pause Full (Allocation Failure) 13M->8M(15M) 14.588ms
[19.427s][info][gc] GC(158) Pause Young (Allocation Failure) 12M->12M(15M) 0.026ms
[19.442s][info][gc] GC(159) Pause Full (Allocation Failure) 12M->9M(15M) 14.677ms
[19.449s][info][gc] GC(160) Pause Young (Allocation Failure) 13M->13M(15M) 0.030ms
[19.464s][info][gc] GC(161) Pause Full (Allocation Failure) 13M->8M(15M) 14.842ms
[19.471s][info][gc] GC(162) Pause Young (Allocation Failure) 13M->13M(15M) 0.025ms
[19.485s][info][gc] GC(163) Pause Full (Allocation Failure) 13M->9M(15M) 14.479ms
[19.492s][info][gc] GC(164) Pause Young (Allocation Failure) 13M->13M(15M) 0.028ms
[19.506s][info][gc] GC(165) Pause Full (Allocation Failure) 13M->8M(15M) 14.748ms
[19.513s][info][gc] GC(166) Pause Young (Allocation Failure) 12M->12M(15M) 0.025ms
[19.527s][info][gc] GC(167) Pause Full (Allocation Failure) 12M->9M(15M) 14.486ms
[19.535s][info][gc] GC(168) Pause Young (Allocation Failure) 13M->13M(15M) 0.025ms
[19.549s][info][gc] GC(169) Pause Full (Allocation Failure) 13M->9M(15M) 14.341ms
[19.556s][info][gc] GC(170) Pause Young (Allocation Failure) 13M->13M(15M) 0.026ms
[19.570s][info][gc] GC(171) Pause Full (Allocation Failure) 13M->9M(15M) 14.524ms
[19.577s][info][gc] GC(172) Pause Young (Allocation Failure) 13M->13M(15M) 0.025ms
[19.591s][info][gc] GC(173) Pause Full (Allocation Failure) 13M->8M(15M) 14.701ms
[19.598s][info][gc] GC(174) Pause Young (Allocation Failure) 12M->12M(15M) 0.026ms
[19.613s][info][gc] GC(175) Pause Full (Allocation Failure) 12M->8M(15M) 14.613ms
[19.620s][info][gc] GC(176) Pause Young (Allocation Failure) 13M->13M(15M) 0.028ms
[19.634s][info][gc] GC(177) Pause Full (Allocation Failure) 13M->9M(15M) 14.915ms
[19.641s][info][gc] GC(178) Pause Young (Allocation Failure) 13M->13M(15M) 0.025ms
[19.655s][info][gc] GC(179) Pause Full (Allocation Failure) 13M->9M(15M) 14.389ms
[19.662s][info][gc] GC(180) Pause Young (Allocation Failure) 13M->13M(15M) 0.028ms
[19.677s][info][gc] GC(181) Pause Full (Allocation Failure) 13M->8M(15M) 14.465ms
[19.683s][info][gc] GC(182) Pause Young (Allocation Failure) 12M->12M(15M) 0.026ms
[19.698s][info][gc] GC(183) Pause Full (Allocation Failure) 12M->9M(15M) 14.365ms
[19.704s][info][gc] GC(184) Pause Young (Allocation Failure) 13M->13M(15M) 0.029ms
[19.719s][info][gc] GC(185) Pause Full (Allocation Failure) 13M->9M(15M) 15.139ms
[19.727s][info][gc] GC(186) Pause Young (Allocation Failure) 13M->13M(15M) 0.029ms
[19.742s][info][gc] GC(187) Pause Full (Allocation Failure) 13M->9M(15M) 15.475ms
[19.749s][info][gc] GC(188) Pause Young (Allocation Failure) 13M->13M(15M) 0.030ms
[19.764s][info][gc] GC(189) Pause Full (Allocation Failure) 13M->8M(15M) 15.364ms
[19.771s][info][gc] GC(190) Pause Young (Allocation Failure) 12M->12M(15M) 0.032ms
[19.786s][info][gc] GC(191) Pause Full (Allocation Failure) 12M->9M(15M) 15.140ms
[19.793s][info][gc] GC(192) Pause Young (Allocation Failure) 13M->13M(15M) 0.028ms
[19.808s][info][gc] GC(193) Pause Full (Allocation Failure) 13M->9M(15M) 15.081ms
[19.814s][info][gc] GC(194) Pause Young (Allocation Failure) 13M->13M(15M) 0.028ms
[19.830s][info][gc] GC(195) Pause Full (Allocation Failure) 13M->9M(15M) 15.543ms
[19.837s][info][gc] GC(196) Pause Young (Allocation Failure) 13M->13M(15M) 0.028ms
[19.851s][info][gc] GC(197) Pause Full (Allocation Failure) 13M->8M(15M) 14.763ms
[19.858s][info][gc] GC(198) Pause Young (Allocation Failure) 12M->12M(15M) 0.026ms
[19.873s][info][gc] GC(199) Pause Full (Allocation Failure) 12M->9M(15M) 14.876ms
[19.880s][info][gc] GC(200) Pause Young (Allocation Failure) 13M->13M(15M) 0.026ms
[19.894s][info][gc] GC(201) Pause Full (Allocation Failure) 13M->9M(15M) 14.500ms
[19.901s][info][gc] GC(202) Pause Young (Allocation Failure) 13M->13M(15M) 0.026ms
[19.916s][info][gc] GC(203) Pause Full (Allocation Failure) 13M->9M(15M) 14.566ms
[19.922s][info][gc] GC(204) Pause Young (Allocation Failure) 13M->13M(15M) 0.027ms
[19.937s][info][gc] GC(205) Pause Full (Allocation Failure) 13M->8M(15M) 14.663ms
[19.944s][info][gc] GC(206) Pause Young (Allocation Failure) 12M->12M(15M) 0.027ms
[19.958s][info][gc] GC(207) Pause Full (Allocation Failure) 12M->9M(15M) 14.567ms
[19.965s][info][gc] GC(208) Pause Young (Allocation Failure) 13M->13M(15M) 0.025ms
[19.980s][info][gc] GC(209) Pause Full (Allocation Failure) 13M->9M(15M) 14.459ms
[19.986s][info][gc] GC(210) Pause Young (Allocation Failure) 13M->13M(15M) 0.028ms
[20.001s][info][gc] GC(211) Pause Full (Allocation Failure) 13M->9M(15M) 14.779ms
[20.008s][info][gc] GC(212) Pause Young (Allocation Failure) 13M->13M(15M) 0.025ms
[20.022s][info][gc] GC(213) Pause Full (Allocation Failure) 13M->8M(15M) 14.609ms
[20.029s][info][gc] GC(214) Pause Young (Allocation Failure) 12M->12M(15M) 0.024ms
[20.043s][info][gc] GC(215) Pause Full (Allocation Failure) 12M->9M(15M) 14.451ms
[20.050s][info][gc] GC(216) Pause Young (Allocation Failure) 13M->13M(15M) 0.027ms
[20.065s][info][gc] GC(217) Pause Full (Allocation Failure) 13M->9M(15M) 14.564ms
[20.071s][info][gc] GC(218) Pause Young (Allocation Failure) 13M->13M(15M) 0.025ms
[20.086s][info][gc] GC(219) Pause Full (Allocation Failure) 13M->9M(15M) 14.751ms
[20.093s][info][gc] GC(220) Pause Young (Allocation Failure) 13M->13M(15M) 0.025ms
[20.107s][info][gc] GC(221) Pause Full (Allocation Failure) 13M->8M(15M) 14.621ms
[20.114s][info][gc] GC(222) Pause Young (Allocation Failure) 12M->12M(15M) 0.028ms
[20.129s][info][gc] GC(223) Pause Full (Allocation Failure) 12M->9M(15M) 14.871ms
[20.135s][info][gc] GC(224) Pause Young (Allocation Failure) 13M->13M(15M) 0.025ms
[20.150s][info][gc] GC(225) Pause Full (Allocation Failure) 13M->9M(15M) 14.535ms
[20.157s][info][gc] GC(226) Pause Young (Allocation Failure) 13M->13M(15M) 0.027ms
[20.172s][info][gc] GC(227) Pause Full (Allocation Failure) 13M->9M(15M) 14.824ms
[20.178s][info][gc] GC(228) Pause Young (Allocation Failure) 13M->13M(15M) 0.025ms
[20.193s][info][gc] GC(229) Pause Full (Allocation Failure) 13M->8M(15M) 14.726ms
[20.199s][info][gc] GC(230) Pause Young (Allocation Failure) 12M->12M(15M) 0.026ms
[20.215s][info][gc] GC(231) Pause Full (Allocation Failure) 12M->9M(15M) 15.098ms
[20.221s][info][gc] GC(232) Pause Young (Allocation Failure) 13M->13M(15M) 0.037ms
[20.237s][info][gc] GC(233) Pause Full (Allocation Failure) 13M->9M(15M) 15.130ms
[20.243s][info][gc] GC(234) Pause Young (Allocation Failure) 13M->13M(15M) 0.025ms
[20.258s][info][gc] GC(235) Pause Full (Allocation Failure) 13M->9M(15M) 15.031ms
[20.265s][info][gc] GC(236) Pause Young (Allocation Failure) 13M->13M(15M) 0.026ms
[20.279s][info][gc] GC(237) Pause Full (Allocation Failure) 13M->8M(15M) 14.425ms
[20.286s][info][gc] GC(238) Pause Young (Allocation Failure) 12M->12M(15M) 0.025ms
[20.301s][info][gc] GC(239) Pause Full (Allocation Failure) 12M->9M(15M) 14.843ms
[20.308s][info][gc] GC(240) Pause Young (Allocation Failure) 13M->13M(15M) 0.024ms
[20.322s][info][gc] GC(241) Pause Full (Allocation Failure) 13M->9M(15M) 14.623ms
[20.329s][info][gc] GC(242) Pause Young (Allocation Failure) 13M->13M(15M) 0.026ms
[20.344s][info][gc] GC(243) Pause Full (Allocation Failure) 13M->9M(15M) 15.158ms
[20.351s][info][gc] GC(244) Pause Young (Allocation Failure) 13M->13M(15M) 0.030ms
[20.366s][info][gc] GC(245) Pause Full (Allocation Failure) 13M->8M(15M) 15.195ms
[20.373s][info][gc] GC(246) Pause Young (Allocation Failure) 12M->12M(15M) 0.026ms
[20.388s][info][gc] GC(247) Pause Full (Allocation Failure) 12M->9M(15M) 14.922ms
[20.394s][info][gc] GC(248) Pause Young (Allocation Failure) 13M->13M(15M) 0.026ms
[20.409s][info][gc] GC(249) Pause Full (Allocation Failure) 13M->9M(15M) 14.528ms
[20.415s][info][gc] GC(250) Pause Young (Allocation Failure) 13M->13M(15M) 0.028ms
[20.430s][info][gc] GC(251) Pause Full (Allocation Failure) 13M->9M(15M) 14.567ms
[20.437s][info][gc] GC(252) Pause Young (Allocation Failure) 13M->13M(15M) 0.027ms
[20.451s][info][gc] GC(253) Pause Full (Allocation Failure) 13M->8M(15M) 14.693ms
[20.458s][info][gc] GC(254) Pause Young (Allocation Failure) 13M->13M(15M) 0.024ms
[20.473s][info][gc] GC(255) Pause Full (Allocation Failure) 13M->9M(15M) 14.613ms
[20.479s][info][gc] GC(256) Pause Young (Allocation Failure) 13M->13M(15M) 0.026ms
[20.494s][info][gc] GC(257) Pause Full (Allocation Failure) 13M->9M(15M) 14.562ms
[20.501s][info][gc] GC(258) Pause Young (Allocation Failure) 13M->13M(15M) 0.028ms
[20.516s][info][gc] GC(259) Pause Full (Allocation Failure) 13M->9M(15M) 15.183ms
[20.522s][info][gc] GC(260) Pause Young (Allocation Failure) 13M->13M(15M) 0.028ms
[20.537s][info][gc] GC(261) Pause Full (Allocation Failure) 13M->8M(15M) 14.901ms
[20.544s][info][gc] GC(262) Pause Young (Allocation Failure) 13M->13M(15M) 0.026ms
[20.559s][info][gc] GC(263) Pause Full (Allocation Failure) 13M->9M(15M) 14.925ms
[20.566s][info][gc] GC(264) Pause Young (Allocation Failure) 13M->13M(15M) 0.025ms
[20.581s][info][gc] GC(265) Pause Full (Allocation Failure) 13M->9M(15M) 14.781ms
[20.587s][info][gc] GC(266) Pause Young (Allocation Failure) 13M->13M(15M) 0.028ms
[20.602s][info][gc] GC(267) Pause Full (Allocation Failure) 13M->9M(15M) 14.783ms
[20.609s][info][gc] GC(268) Pause Young (Allocation Failure) 13M->13M(15M) 0.026ms
[20.623s][info][gc] GC(269) Pause Full (Allocation Failure) 13M->8M(15M) 14.819ms
[20.630s][info][gc] GC(270) Pause Young (Allocation Failure) 13M->13M(15M) 0.025ms
[20.645s][info][gc] GC(271) Pause Full (Allocation Failure) 13M->9M(15M) 14.714ms
[20.652s][info][gc] GC(272) Pause Young (Allocation Failure) 13M->13M(15M) 0.027ms
[20.666s][info][gc] GC(273) Pause Full (Allocation Failure) 13M->9M(15M) 14.776ms
[20.673s][info][gc] GC(274) Pause Young (Allocation Failure) 13M->13M(15M) 0.024ms
[20.688s][info][gc] GC(275) Pause Full (Allocation Failure) 13M->9M(15M) 15.240ms
[20.695s][info][gc] GC(276) Pause Young (Allocation Failure) 13M->13M(15M) 0.027ms
[20.710s][info][gc] GC(277) Pause Full (Allocation Failure) 13M->8M(15M) 14.992ms
[20.717s][info][gc] GC(278) Pause Young (Allocation Failure) 13M->13M(15M) 0.032ms
[20.733s][info][gc] GC(279) Pause Full (Allocation Failure) 13M->9M(15M) 16.485ms
[20.740s][info][gc] GC(280) Pause Young (Allocation Failure) 13M->13M(15M) 0.029ms
[20.756s][info][gc] GC(281) Pause Full (Allocation Failure) 13M->9M(15M) 15.692ms
[20.762s][info][gc] GC(282) Pause Young (Allocation Failure) 13M->13M(15M) 0.028ms
[20.778s][info][gc] GC(283) Pause Full (Allocation Failure) 13M->9M(15M) 15.207ms
[20.784s][info][gc] GC(284) Pause Young (Allocation Failure) 13M->13M(15M) 0.028ms
[20.800s][info][gc] GC(285) Pause Full (Allocation Failure) 13M->8M(15M) 15.387ms
[20.806s][info][gc] GC(286) Pause Young (Allocation Failure) 13M->13M(15M) 0.026ms
[20.822s][info][gc] GC(287) Pause Full (Allocation Failure) 13M->9M(15M) 15.324ms
[20.829s][info][gc] GC(288) Pause Young (Allocation Failure) 13M->13M(15M) 0.025ms
[20.844s][info][gc] GC(289) Pause Full (Allocation Failure) 13M->9M(15M) 15.227ms
[20.851s][info][gc] GC(290) Pause Young (Allocation Failure) 13M->13M(15M) 0.029ms
[20.866s][info][gc] GC(291) Pause Full (Allocation Failure) 13M->9M(15M) 15.492ms
[20.873s][info][gc] GC(292) Pause Young (Allocation Failure) 13M->13M(15M) 0.026ms
[20.888s][info][gc] GC(293) Pause Full (Allocation Failure) 13M->8M(15M) 15.379ms
[20.895s][info][gc] GC(294) Pause Young (Allocation Failure) 13M->13M(15M) 0.024ms
[20.910s][info][gc] GC(295) Pause Full (Allocation Failure) 13M->9M(15M) 14.551ms
[20.916s][info][gc] GC(296) Pause Young (Allocation Failure) 13M->13M(15M) 0.025ms
[20.931s][info][gc] GC(297) Pause Full (Allocation Failure) 13M->9M(15M) 14.674ms
[20.938s][info][gc] GC(298) Pause Young (Allocation Failure) 13M->13M(15M) 0.025ms
[20.953s][info][gc] GC(299) Pause Full (Allocation Failure) 13M->9M(15M) 14.890ms
[20.959s][info][gc] GC(300) Pause Young (Allocation Failure) 13M->13M(15M) 0.026ms
[20.974s][info][gc] GC(301) Pause Full (Allocation Failure) 13M->8M(15M) 14.755ms
[20.981s][info][gc] GC(302) Pause Young (Allocation Failure) 13M->13M(15M) 0.030ms
[20.995s][info][gc] GC(303) Pause Full (Allocation Failure) 13M->9M(15M) 14.697ms
[21.002s][info][gc] GC(304) Pause Young (Allocation Failure) 13M->13M(15M) 0.025ms
[21.017s][info][gc] GC(305) Pause Full (Allocation Failure) 13M->9M(15M) 14.923ms
[21.024s][info][gc] GC(306) Pause Young (Allocation Failure) 13M->13M(15M) 0.029ms
[21.039s][info][gc] GC(307) Pause Full (Allocation Failure) 13M->9M(15M) 15.152ms
[21.045s][info][gc] GC(308) Pause Young (Allocation Failure) 13M->13M(15M) 0.026ms
[21.060s][info][gc] GC(309) Pause Full (Allocation Failure) 13M->8M(15M) 14.811ms
[21.067s][info][gc] GC(310) Pause Young (Allocation Failure) 13M->13M(15M) 0.025ms
[21.082s][info][gc] GC(311) Pause Full (Allocation Failure) 13M->9M(15M) 14.974ms
[21.089s][info][gc] GC(312) Pause Young (Allocation Failure) 13M->13M(15M) 0.025ms
[21.104s][info][gc] GC(313) Pause Full (Allocation Failure) 13M->9M(15M) 14.909ms
[21.111s][info][gc] GC(314) Pause Young (Allocation Failure) 13M->13M(15M) 0.026ms
[21.125s][info][gc] GC(315) Pause Full (Allocation Failure) 13M->9M(15M) 14.906ms
[21.132s][info][gc] GC(316) Pause Young (Allocation Failure) 13M->13M(15M) 0.026ms
[21.148s][info][gc] GC(317) Pause Full (Allocation Failure) 13M->8M(15M) 16.012ms
[21.155s][info][gc] GC(318) Pause Young (Allocation Failure) 13M->13M(15M) 0.026ms
[21.170s][info][gc] GC(319) Pause Full (Allocation Failure) 13M->9M(15M) 14.986ms
[21.176s][info][gc] GC(320) Pause Young (Allocation Failure) 13M->13M(15M) 0.024ms
[21.191s][info][gc] GC(321) Pause Full (Allocation Failure) 13M->9M(15M) 14.929ms
[21.198s][info][gc] GC(322) Pause Young (Allocation Failure) 13M->13M(15M) 0.028ms
[21.214s][info][gc] GC(323) Pause Full (Allocation Failure) 13M->9M(15M) 15.387ms
[21.220s][info][gc] GC(324) Pause Young (Allocation Failure) 13M->13M(15M) 0.025ms
[21.236s][info][gc] GC(325) Pause Full (Allocation Failure) 13M->8M(15M) 15.384ms
[21.242s][info][gc] GC(326) Pause Young (Allocation Failure) 13M->13M(15M) 0.025ms
[21.258s][info][gc] GC(327) Pause Full (Allocation Failure) 13M->9M(15M) 15.084ms
[21.264s][info][gc] GC(328) Pause Young (Allocation Failure) 13M->13M(15M) 0.026ms
[21.279s][info][gc] GC(329) Pause Full (Allocation Failure) 13M->9M(15M) 15.182ms
[21.286s][info][gc] GC(330) Pause Young (Allocation Failure) 13M->13M(15M) 0.024ms
[21.301s][info][gc] GC(331) Pause Full (Allocation Failure) 13M->9M(15M) 15.226ms
[21.308s][info][gc] GC(332) Pause Young (Allocation Failure) 13M->13M(15M) 0.025ms
[21.323s][info][gc] GC(333) Pause Full (Allocation Failure) 13M->8M(15M) 14.918ms
[21.330s][info][gc] GC(334) Pause Young (Allocation Failure) 13M->13M(15M) 0.026ms
[21.345s][info][gc] GC(335) Pause Full (Allocation Failure) 13M->9M(15M) 15.042ms
[21.351s][info][gc] GC(336) Pause Young (Allocation Failure) 13M->13M(15M) 0.025ms
[21.367s][info][gc] GC(337) Pause Full (Allocation Failure) 13M->9M(15M) 15.038ms
[21.373s][info][gc] GC(338) Pause Young (Allocation Failure) 13M->13M(15M) 0.026ms
[21.388s][info][gc] GC(339) Pause Full (Allocation Failure) 13M->9M(15M) 15.044ms
[21.395s][info][gc] GC(340) Pause Young (Allocation Failure) 13M->13M(15M) 0.026ms
[21.410s][info][gc] GC(341) Pause Full (Allocation Failure) 13M->8M(15M) 14.918ms
[21.417s][info][gc] GC(342) Pause Young (Allocation Failure) 13M->13M(15M) 0.029ms
[21.432s][info][gc] GC(343) Pause Full (Allocation Failure) 13M->9M(15M) 15.641ms
[21.439s][info][gc] GC(344) Pause Young (Allocation Failure) 13M->13M(15M) 0.029ms
[21.454s][info][gc] GC(345) Pause Full (Allocation Failure) 13M->9M(15M) 15.203ms
[21.461s][info][gc] GC(346) Pause Young (Allocation Failure) 13M->13M(15M) 0.024ms
[21.476s][info][gc] GC(347) Pause Full (Allocation Failure) 13M->9M(15M) 14.934ms
[21.482s][info][gc] GC(348) Pause Young (Allocation Failure) 13M->13M(15M) 0.026ms
[21.497s][info][gc] GC(349) Pause Full (Allocation Failure) 13M->8M(15M) 14.843ms
[21.504s][info][gc] GC(350) Pause Young (Allocation Failure) 13M->13M(15M) 0.026ms
[21.519s][info][gc] GC(351) Pause Full (Allocation Failure) 13M->9M(15M) 14.958ms
[21.526s][info][gc] GC(352) Pause Young (Allocation Failure) 13M->13M(15M) 0.024ms
[21.541s][info][gc] GC(353) Pause Full (Allocation Failure) 13M->9M(15M) 15.159ms
[21.547s][info][gc] GC(354) Pause Young (Allocation Failure) 13M->13M(15M) 0.029ms
[21.563s][info][gc] GC(355) Pause Full (Allocation Failure) 13M->9M(15M) 15.354ms
[21.570s][info][gc] GC(356) Pause Young (Allocation Failure) 13M->13M(15M) 0.026ms
[21.585s][info][gc] GC(357) Pause Full (Allocation Failure) 13M->8M(15M) 15.009ms
[21.591s][info][gc] GC(358) Pause Young (Allocation Failure) 13M->13M(15M) 0.025ms
[21.607s][info][gc] GC(359) Pause Full (Allocation Failure) 13M->9M(15M) 15.179ms
[21.613s][info][gc] GC(360) Pause Young (Allocation Failure) 13M->13M(15M) 0.026ms
[21.628s][info][gc] GC(361) Pause Full (Allocation Failure) 13M->9M(15M) 15.206ms
[21.635s][info][gc] GC(362) Pause Young (Allocation Failure) 13M->13M(15M) 0.026ms
[21.650s][info][gc] GC(363) Pause Full (Allocation Failure) 13M->9M(15M) 14.803ms
[21.656s][info][gc] GC(364) Pause Young (Allocation Failure) 13M->13M(15M) 0.027ms
[21.672s][info][gc] GC(365) Pause Full (Allocation Failure) 13M->8M(15M) 15.063ms
[21.678s][info][gc] GC(366) Pause Young (Allocation Failure) 13M->13M(15M) 0.025ms
[21.693s][info][gc] GC(367) Pause Full (Allocation Failure) 13M->9M(15M) 15.160ms
[21.700s][info][gc] GC(368) Pause Young (Allocation Failure) 13M->13M(15M) 0.026ms
[21.716s][info][gc] GC(369) Pause Full (Allocation Failure) 13M->9M(15M) 15.415ms
[21.722s][info][gc] GC(370) Pause Young (Allocation Failure) 13M->13M(15M) 0.033ms
[21.739s][info][gc] GC(371) Pause Full (Allocation Failure) 13M->9M(15M) 16.924ms
[21.746s][info][gc] GC(372) Pause Young (Allocation Failure) 13M->13M(15M) 0.034ms
[21.762s][info][gc] GC(373) Pause Full (Allocation Failure) 13M->8M(15M) 15.819ms
[21.768s][info][gc] GC(374) Pause Young (Allocation Failure) 13M->13M(15M) 0.026ms
[21.784s][info][gc] GC(375) Pause Full (Allocation Failure) 13M->9M(15M) 15.798ms
[21.791s][info][gc] GC(376) Pause Young (Allocation Failure) 13M->13M(15M) 0.031ms
[21.808s][info][gc] GC(377) Pause Full (Allocation Failure) 13M->9M(15M) 16.613ms
[21.815s][info][gc] GC(378) Pause Young (Allocation Failure) 13M->13M(15M) 0.029ms
[21.830s][info][gc] GC(379) Pause Full (Allocation Failure) 13M->9M(15M) 15.422ms
[21.837s][info][gc] GC(380) Pause Young (Allocation Failure) 13M->13M(15M) 0.028ms
[21.853s][info][gc] GC(381) Pause Full (Allocation Failure) 13M->8M(15M) 15.718ms
[21.859s][info][gc] GC(382) Pause Young (Allocation Failure) 13M->13M(15M) 0.026ms
[21.874s][info][gc] GC(383) Pause Full (Allocation Failure) 13M->9M(15M) 15.365ms
[21.881s][info][gc] GC(384) Pause Young (Allocation Failure) 13M->13M(15M) 0.026ms
[21.896s][info][gc] GC(385) Pause Full (Allocation Failure) 13M->9M(15M) 15.275ms
[21.903s][info][gc] GC(386) Pause Young (Allocation Failure) 13M->13M(15M) 0.029ms
[21.919s][info][gc] GC(387) Pause Full (Allocation Failure) 13M->9M(15M) 15.676ms
[21.926s][info][gc] GC(388) Pause Young (Allocation Failure) 13M->13M(15M) 0.025ms
[21.941s][info][gc] GC(389) Pause Full (Allocation Failure) 13M->8M(15M) 15.478ms
[21.948s][info][gc] GC(390) Pause Young (Allocation Failure) 13M->13M(15M) 0.025ms
[21.963s][info][gc] GC(391) Pause Full (Allocation Failure) 13M->9M(15M) 15.200ms
[21.969s][info][gc] GC(392) Pause Young (Allocation Failure) 13M->13M(15M) 0.025ms
[21.985s][info][gc] GC(393) Pause Full (Allocation Failure) 13M->9M(15M) 15.350ms
[21.991s][info][gc] GC(394) Pause Young (Allocation Failure) 13M->13M(15M) 0.025ms
[22.007s][info][gc] GC(395) Pause Full (Allocation Failure) 13M->9M(15M) 15.122ms
[22.013s][info][gc] GC(396) Pause Young (Allocation Failure) 13M->13M(15M) 0.026ms
[22.028s][info][gc] GC(397) Pause Full (Allocation Failure) 13M->8M(15M) 15.014ms
[22.035s][info][gc] GC(398) Pause Young (Allocation Failure) 13M->13M(15M) 0.026ms
[22.050s][info][gc] GC(399) Pause Full (Allocation Failure) 13M->9M(15M) 14.891ms
[22.056s][info][gc] GC(400) Pause Young (Allocation Failure) 13M->13M(15M) 0.024ms
[22.071s][info][gc] GC(401) Pause Full (Allocation Failure) 13M->9M(15M) 14.880ms
[22.077s][info][gc] GC(402) Pause Young (Allocation Failure) 13M->13M(15M) 0.026ms
[22.093s][info][gc] GC(403) Pause Full (Allocation Failure) 13M->9M(15M) 15.412ms
[22.100s][info][gc] GC(404) Pause Young (Allocation Failure) 13M->13M(15M) 0.024ms
[22.115s][info][gc] GC(405) Pause Full (Allocation Failure) 13M->8M(15M) 15.245ms
[22.121s][info][gc] GC(406) Pause Young (Allocation Failure) 13M->13M(15M) 0.024ms
[22.136s][info][gc] GC(407) Pause Full (Allocation Failure) 13M->9M(15M) 14.894ms
[22.143s][info][gc] GC(408) Pause Young (Allocation Failure) 13M->13M(15M) 0.026ms
[22.158s][info][gc] GC(409) Pause Full (Allocation Failure) 13M->9M(15M) 14.972ms
[22.164s][info][gc] GC(410) Pause Young (Allocation Failure) 13M->13M(15M) 0.024ms
[22.179s][info][gc] GC(411) Pause Full (Allocation Failure) 13M->9M(15M) 14.906ms
[22.186s][info][gc] GC(412) Pause Young (Allocation Failure) 13M->13M(15M) 0.026ms
[22.201s][info][gc] GC(413) Pause Full (Allocation Failure) 13M->8M(15M) 15.358ms
[22.207s][info][gc] GC(414) Pause Young (Allocation Failure) 13M->13M(15M) 0.025ms
[22.223s][info][gc] GC(415) Pause Full (Allocation Failure) 13M->9M(15M) 15.491ms
[22.229s][info][gc] GC(416) Pause Young (Allocation Failure) 13M->13M(15M) 0.025ms
[22.245s][info][gc] GC(417) Pause Full (Allocation Failure) 13M->9M(15M) 15.536ms
[22.252s][info][gc] GC(418) Pause Young (Allocation Failure) 13M->13M(15M) 0.029ms
[22.267s][info][gc] GC(419) Pause Full (Allocation Failure) 13M->9M(15M) 15.420ms
[22.273s][info][gc] GC(420) Pause Young (Allocation Failure) 13M->13M(15M) 0.024ms
[22.289s][info][gc] GC(421) Pause Full (Allocation Failure) 13M->8M(15M) 15.102ms
[22.295s][info][gc] GC(422) Pause Young (Allocation Failure) 13M->13M(15M) 0.024ms
[22.310s][info][gc] GC(423) Pause Full (Allocation Failure) 13M->9M(15M) 15.275ms
[22.317s][info][gc] GC(424) Pause Young (Allocation Failure) 13M->13M(15M) 0.028ms
[22.332s][info][gc] GC(425) Pause Full (Allocation Failure) 13M->9M(15M) 15.192ms
[22.338s][info][gc] GC(426) Pause Young (Allocation Failure) 13M->13M(15M) 0.024ms
[22.354s][info][gc] GC(427) Pause Full (Allocation Failure) 13M->9M(15M) 15.201ms
[22.360s][info][gc] GC(428) Pause Young (Allocation Failure) 13M->13M(15M) 0.028ms
[22.375s][info][gc] GC(429) Pause Full (Allocation Failure) 13M->9M(15M) 15.270ms
[22.382s][info][gc] GC(430) Pause Young (Allocation Failure) 13M->13M(15M) 0.030ms
[22.398s][info][gc] GC(431) Pause Full (Allocation Failure) 13M->9M(15M) 15.797ms
[22.404s][info][gc] GC(432) Pause Young (Allocation Failure) 13M->13M(15M) 0.027ms
[22.420s][info][gc] GC(433) Pause Full (Allocation Failure) 13M->9M(15M) 15.116ms
[22.426s][info][gc] GC(434) Pause Young (Allocation Failure) 13M->13M(15M) 0.030ms
[22.442s][info][gc] GC(435) Pause Full (Allocation Failure) 13M->9M(15M) 15.583ms
[22.448s][info][gc] GC(436) Pause Young (Allocation Failure) 13M->13M(15M) 0.028ms
[22.464s][info][gc] GC(437) Pause Full (Allocation Failure) 13M->8M(15M) 15.293ms
[22.470s][info][gc] GC(438) Pause Young (Allocation Failure) 13M->13M(15M) 0.029ms
[22.485s][info][gc] GC(439) Pause Full (Allocation Failure) 13M->9M(15M) 15.362ms
[22.492s][info][gc] GC(440) Pause Young (Allocation Failure) 13M->13M(15M) 0.028ms
[22.507s][info][gc] GC(441) Pause Full (Allocation Failure) 13M->9M(15M) 15.262ms
[22.514s][info][gc] GC(442) Pause Young (Allocation Failure) 13M->13M(15M) 0.023ms
[22.529s][info][gc] GC(443) Pause Full (Allocation Failure) 13M->9M(15M) 15.180ms
[22.536s][info][gc] GC(444) Pause Young (Allocation Failure) 13M->13M(15M) 0.026ms
[22.551s][info][gc] GC(445) Pause Full (Allocation Failure) 13M->9M(15M) 15.540ms
[22.558s][info][gc] GC(446) Pause Young (Allocation Failure) 13M->13M(15M) 0.026ms
[22.573s][info][gc] GC(447) Pause Full (Allocation Failure) 13M->9M(15M) 15.330ms
[22.580s][info][gc] GC(448) Pause Young (Allocation Failure) 13M->13M(15M) 0.025ms
[22.595s][info][gc] GC(449) Pause Full (Allocation Failure) 13M->9M(15M) 15.493ms
[22.602s][info][gc] GC(450) Pause Young (Allocation Failure) 13M->13M(15M) 0.028ms
[22.617s][info][gc] GC(451) Pause Full (Allocation Failure) 13M->9M(15M) 15.657ms
[22.624s][info][gc] GC(452) Pause Young (Allocation Failure) 13M->13M(15M) 0.026ms
[22.639s][info][gc] GC(453) Pause Full (Allocation Failure) 13M->8M(15M) 15.452ms
[22.646s][info][gc] GC(454) Pause Young (Allocation Failure) 13M->13M(15M) 0.027ms
[22.661s][info][gc] GC(455) Pause Full (Allocation Failure) 13M->9M(15M) 15.239ms
[22.668s][info][gc] GC(456) Pause Young (Allocation Failure) 13M->13M(15M) 0.026ms
[22.683s][info][gc] GC(457) Pause Full (Allocation Failure) 13M->9M(15M) 15.092ms
[22.689s][info][gc] GC(458) Pause Young (Allocation Failure) 13M->13M(15M) 0.025ms
[22.705s][info][gc] GC(459) Pause Full (Allocation Failure) 13M->9M(15M) 15.422ms
[22.711s][info][gc] GC(460) Pause Young (Allocation Failure) 13M->13M(15M) 0.032ms
[22.728s][info][gc] GC(461) Pause Full (Allocation Failure) 13M->9M(15M) 17.032ms
[22.735s][info][gc] GC(462) Pause Young (Allocation Failure) 13M->13M(15M) 0.032ms
[22.752s][info][gc] GC(463) Pause Full (Allocation Failure) 13M->9M(15M) 17.042ms
[22.758s][info][gc] GC(464) Pause Young (Allocation Failure) 13M->13M(15M) 0.028ms
[22.774s][info][gc] GC(465) Pause Full (Allocation Failure) 13M->9M(15M) 15.920ms
[22.781s][info][gc] GC(466) Pause Young (Allocation Failure) 13M->13M(15M) 0.026ms
[22.798s][info][gc] GC(467) Pause Full (Allocation Failure) 13M->9M(15M) 16.657ms
[22.804s][info][gc] GC(468) Pause Young (Allocation Failure) 13M->13M(15M) 0.025ms
[22.820s][info][gc] GC(469) Pause Full (Allocation Failure) 13M->9M(15M) 15.424ms
[22.826s][info][gc] GC(470) Pause Young (Allocation Failure) 13M->13M(15M) 0.026ms
[22.841s][info][gc] GC(471) Pause Full (Allocation Failure) 13M->9M(15M) 15.137ms
[22.848s][info][gc] GC(472) Pause Young (Allocation Failure) 13M->13M(15M) 0.024ms
[22.863s][info][gc] GC(473) Pause Full (Allocation Failure) 13M->9M(15M) 15.392ms
[22.869s][info][gc] GC(474) Pause Young (Allocation Failure) 13M->13M(15M) 0.026ms
[22.885s][info][gc] GC(475) Pause Full (Allocation Failure) 13M->9M(15M) 15.241ms
[22.891s][info][gc] GC(476) Pause Young (Allocation Failure) 13M->13M(15M) 0.026ms
[22.907s][info][gc] GC(477) Pause Full (Allocation Failure) 13M->9M(15M) 15.362ms
[22.913s][info][gc] GC(478) Pause Young (Allocation Failure) 13M->13M(15M) 0.024ms
[22.928s][info][gc] GC(479) Pause Full (Allocation Failure) 13M->9M(15M) 15.386ms
[22.935s][info][gc] GC(480) Pause Young (Allocation Failure) 13M->13M(15M) 0.024ms
[22.950s][info][gc] GC(481) Pause Full (Allocation Failure) 13M->9M(15M) 15.459ms
[22.957s][info][gc] GC(482) Pause Young (Allocation Failure) 13M->13M(15M) 0.027ms
[22.972s][info][gc] GC(483) Pause Full (Allocation Failure) 13M->9M(15M) 15.428ms
[22.979s][info][gc] GC(484) Pause Young (Allocation Failure) 13M->13M(15M) 0.026ms
[22.995s][info][gc] GC(485) Pause Full (Allocation Failure) 13M->9M(15M) 15.769ms
[23.002s][info][gc] GC(486) Pause Young (Allocation Failure) 13M->13M(15M) 0.025ms
[23.018s][info][gc] GC(487) Pause Full (Allocation Failure) 13M->9M(15M) 15.522ms
[23.025s][info][gc] GC(488) Pause Young (Allocation Failure) 13M->13M(15M) 0.026ms
[23.040s][info][gc] GC(489) Pause Full (Allocation Failure) 13M->9M(15M) 15.242ms
[23.047s][info][gc] GC(490) Pause Young (Allocation Failure) 13M->13M(15M) 0.024ms
[23.062s][info][gc] GC(491) Pause Full (Allocation Failure) 13M->9M(15M) 15.415ms
[23.069s][info][gc] GC(492) Pause Young (Allocation Failure) 13M->13M(15M) 0.024ms
[23.085s][info][gc] GC(493) Pause Full (Allocation Failure) 13M->9M(15M) 15.580ms
[23.092s][info][gc] GC(494) Pause Young (Allocation Failure) 13M->13M(15M) 0.026ms
[23.107s][info][gc] GC(495) Pause Full (Allocation Failure) 13M->9M(15M) 15.421ms
[23.114s][info][gc] GC(496) Pause Young (Allocation Failure) 13M->13M(15M) 0.024ms
[23.129s][info][gc] GC(497) Pause Full (Allocation Failure) 13M->9M(15M) 15.182ms
[23.136s][info][gc] GC(498) Pause Young (Allocation Failure) 13M->13M(15M) 0.026ms
[23.151s][info][gc] GC(499) Pause Full (Allocation Failure) 13M->9M(15M) 15.457ms
[23.158s][info][gc] GC(500) Pause Young (Allocation Failure) 13M->13M(15M) 0.026ms
[23.174s][info][gc] GC(501) Pause Full (Allocation Failure) 13M->9M(15M) 15.439ms
[23.181s][info][gc] GC(502) Pause Young (Allocation Failure) 13M->13M(15M) 0.024ms
[23.196s][info][gc] GC(503) Pause Full (Allocation Failure) 13M->9M(15M) 15.431ms
[23.203s][info][gc] GC(504) Pause Young (Allocation Failure) 13M->13M(15M) 0.026ms
[23.218s][info][gc] GC(505) Pause Full (Allocation Failure) 13M->9M(15M) 15.348ms
[23.225s][info][gc] GC(506) Pause Young (Allocation Failure) 14M->14M(15M) 0.027ms
[23.241s][info][gc] GC(507) Pause Full (Allocation Failure) 14M->9M(15M) 15.696ms
[23.248s][info][gc] GC(508) Pause Young (Allocation Failure) 14M->14M(15M) 0.025ms
[23.264s][info][gc] GC(509) Pause Full (Allocation Failure) 14M->9M(15M) 15.816ms
[23.271s][info][gc] GC(510) Pause Young (Allocation Failure) 13M->13M(15M) 0.025ms
[23.286s][info][gc] GC(511) Pause Full (Allocation Failure) 13M->9M(15M) 15.334ms
[23.293s][info][gc] GC(512) Pause Young (Allocation Failure) 13M->13M(15M) 0.027ms
[23.308s][info][gc] GC(513) Pause Full (Allocation Failure) 13M->9M(15M) 15.536ms
[23.315s][info][gc] GC(514) Pause Young (Allocation Failure) 13M->13M(15M) 0.028ms
[23.331s][info][gc] GC(515) Pause Full (Allocation Failure) 13M->9M(15M) 15.595ms
[23.337s][info][gc] GC(516) Pause Young (Allocation Failure) 13M->13M(15M) 0.024ms
[23.353s][info][gc] GC(517) Pause Full (Allocation Failure) 13M->9M(15M) 15.385ms
[23.360s][info][gc] GC(518) Pause Young (Allocation Failure) 13M->13M(15M) 0.027ms
[23.376s][info][gc] GC(519) Pause Full (Allocation Failure) 13M->9M(15M) 15.636ms
[23.382s][info][gc] GC(520) Pause Young (Allocation Failure) 13M->13M(15M) 0.025ms
[23.398s][info][gc] GC(521) Pause Full (Allocation Failure) 13M->9M(15M) 15.532ms
[23.405s][info][gc] GC(522) Pause Young (Allocation Failure) 14M->14M(15M) 0.027ms
[23.421s][info][gc] GC(523) Pause Full (Allocation Failure) 14M->9M(15M) 15.733ms
[23.428s][info][gc] GC(524) Pause Young (Allocation Failure) 13M->13M(15M) 0.025ms
[23.443s][info][gc] GC(525) Pause Full (Allocation Failure) 13M->9M(15M) 15.448ms
[23.450s][info][gc] GC(526) Pause Young (Allocation Failure) 13M->13M(15M) 0.026ms
[23.465s][info][gc] GC(527) Pause Full (Allocation Failure) 13M->9M(15M) 15.582ms
[23.472s][info][gc] GC(528) Pause Young (Allocation Failure) 14M->14M(15M) 0.025ms
[23.488s][info][gc] GC(529) Pause Full (Allocation Failure) 14M->9M(15M) 15.699ms
[23.495s][info][gc] GC(530) Pause Young (Allocation Failure) 14M->14M(15M) 0.026ms
[23.510s][info][gc] GC(531) Pause Full (Allocation Failure) 14M->9M(15M) 15.562ms
[23.517s][info][gc] GC(532) Pause Young (Allocation Failure) 14M->14M(15M) 0.027ms
[23.533s][info][gc] GC(533) Pause Full (Allocation Failure) 14M->9M(15M) 15.545ms
[23.540s][info][gc] GC(534) Pause Young (Allocation Failure) 13M->13M(15M) 0.025ms
[23.556s][info][gc] GC(535) Pause Full (Allocation Failure) 13M->9M(15M) 16.044ms
[23.563s][info][gc] GC(536) Pause Young (Allocation Failure) 14M->14M(15M) 0.027ms
[23.579s][info][gc] GC(537) Pause Full (Allocation Failure) 14M->9M(15M) 15.793ms
[23.585s][info][gc] GC(538) Pause Young (Allocation Failure) 13M->13M(15M) 0.028ms
[23.601s][info][gc] GC(539) Pause Full (Allocation Failure) 13M->9M(15M) 16.004ms
[23.608s][info][gc] GC(540) Pause Young (Allocation Failure) 13M->13M(15M) 0.029ms
[23.625s][info][gc] GC(541) Pause Full (Allocation Failure) 13M->9M(15M) 16.641ms
[23.632s][info][gc] GC(542) Pause Young (Allocation Failure) 13M->13M(15M) 0.029ms
[23.649s][info][gc] GC(543) Pause Full (Allocation Failure) 13M->9M(15M) 16.254ms
[23.655s][info][gc] GC(544) Pause Young (Allocation Failure) 13M->13M(15M) 0.030ms
[23.671s][info][gc] GC(545) Pause Full (Allocation Failure) 13M->9M(15M) 16.134ms
[23.678s][info][gc] GC(546) Pause Young (Allocation Failure) 14M->14M(15M) 0.028ms
[23.693s][info][gc] GC(547) Pause Full (Allocation Failure) 14M->9M(15M) 15.430ms
[23.700s][info][gc] GC(548) Pause Young (Allocation Failure) 13M->13M(15M) 0.028ms
[23.716s][info][gc] GC(549) Pause Full (Allocation Failure) 13M->9M(15M) 15.951ms
[23.722s][info][gc] GC(550) Pause Young (Allocation Failure) 13M->13M(15M) 0.032ms
[23.739s][info][gc] GC(551) Pause Full (Allocation Failure) 13M->9M(15M) 16.782ms
[23.746s][info][gc] GC(552) Pause Young (Allocation Failure) 14M->14M(15M) 0.031ms
[23.762s][info][gc] GC(553) Pause Full (Allocation Failure) 14M->9M(15M) 15.976ms
[23.768s][info][gc] GC(554) Pause Young (Allocation Failure) 13M->13M(15M) 0.028ms
[23.784s][info][gc] GC(555) Pause Full (Allocation Failure) 13M->9M(15M) 15.385ms
[23.790s][info][gc] GC(556) Pause Young (Allocation Failure) 14M->14M(15M) 0.027ms
[23.806s][info][gc] GC(557) Pause Full (Allocation Failure) 14M->9M(15M) 15.871ms
[23.812s][info][gc] GC(558) Pause Young (Allocation Failure) 13M->13M(15M) 0.028ms
[23.828s][info][gc] GC(559) Pause Full (Allocation Failure) 13M->9M(15M) 15.727ms
[23.835s][info][gc] GC(560) Pause Young (Allocation Failure) 13M->13M(15M) 0.024ms
[23.850s][info][gc] GC(561) Pause Full (Allocation Failure) 13M->9M(15M) 15.770ms
[23.857s][info][gc] GC(562) Pause Young (Allocation Failure) 14M->14M(15M) 0.025ms
[23.873s][info][gc] GC(563) Pause Full (Allocation Failure) 14M->9M(15M) 15.716ms
[23.879s][info][gc] GC(564) Pause Young (Allocation Failure) 14M->14M(15M) 0.036ms
[23.895s][info][gc] GC(565) Pause Full (Allocation Failure) 14M->9M(15M) 15.452ms
[23.901s][info][gc] GC(566) Pause Young (Allocation Failure) 13M->13M(15M) 0.023ms
[23.917s][info][gc] GC(567) Pause Full (Allocation Failure) 13M->9M(15M) 15.403ms
[23.923s][info][gc] GC(568) Pause Young (Allocation Failure) 14M->14M(15M) 0.025ms
[23.938s][info][gc] GC(569) Pause Full (Allocation Failure) 14M->9M(15M) 15.346ms
[23.945s][info][gc] GC(570) Pause Young (Allocation Failure) 14M->14M(15M) 0.026ms
[23.961s][info][gc] GC(571) Pause Full (Allocation Failure) 14M->9M(15M) 15.674ms
[23.967s][info][gc] GC(572) Pause Young (Allocation Failure) 14M->14M(15M) 0.024ms
[23.983s][info][gc] GC(573) Pause Full (Allocation Failure) 14M->9M(15M) 15.612ms
[23.989s][info][gc] GC(574) Pause Young (Allocation Failure) 13M->13M(15M) 0.025ms
[24.005s][info][gc] GC(575) Pause Full (Allocation Failure) 13M->9M(15M) 15.835ms
[24.012s][info][gc] GC(576) Pause Young (Allocation Failure) 14M->14M(15M) 0.028ms
[24.028s][info][gc] GC(577) Pause Full (Allocation Failure) 14M->9M(15M) 15.815ms
[24.034s][info][gc] GC(578) Pause Young (Allocation Failure) 14M->14M(15M) 0.025ms
[24.050s][info][gc] GC(579) Pause Full (Allocation Failure) 14M->9M(15M) 15.659ms
[24.056s][info][gc] GC(580) Pause Young (Allocation Failure) 14M->14M(15M) 0.025ms
[24.072s][info][gc] GC(581) Pause Full (Allocation Failure) 14M->9M(15M) 15.438ms
[24.078s][info][gc] GC(582) Pause Young (Allocation Failure) 13M->13M(15M) 0.026ms
[24.094s][info][gc] GC(583) Pause Full (Allocation Failure) 13M->9M(15M) 15.464ms
[24.100s][info][gc] GC(584) Pause Young (Allocation Failure) 14M->14M(15M) 0.025ms
[24.116s][info][gc] GC(585) Pause Full (Allocation Failure) 14M->9M(15M) 15.468ms
[24.122s][info][gc] GC(586) Pause Young (Allocation Failure) 14M->14M(15M) 0.025ms
[24.138s][info][gc] GC(587) Pause Full (Allocation Failure) 14M->9M(15M) 15.397ms
[24.144s][info][gc] GC(588) Pause Young (Allocation Failure) 14M->14M(15M) 0.025ms
[24.160s][info][gc] GC(589) Pause Full (Allocation Failure) 14M->9M(15M) 15.574ms
[24.166s][info][gc] GC(590) Pause Young (Allocation Failure) 13M->13M(15M) 0.032ms
[24.183s][info][gc] GC(591) Pause Full (Allocation Failure) 13M->9M(15M) 16.689ms
[24.190s][info][gc] GC(592) Pause Young (Allocation Failure) 14M->14M(15M) 0.026ms
[24.205s][info][gc] GC(593) Pause Full (Allocation Failure) 14M->9M(15M) 15.515ms
[24.212s][info][gc] GC(594) Pause Young (Allocation Failure) 14M->14M(15M) 0.026ms
[24.227s][info][gc] GC(595) Pause Full (Allocation Failure) 14M->9M(15M) 15.535ms
[24.234s][info][gc] GC(596) Pause Young (Allocation Failure) 14M->14M(15M) 0.024ms
[24.249s][info][gc] GC(597) Pause Full (Allocation Failure) 14M->9M(15M) 15.782ms
[24.256s][info][gc] GC(598) Pause Young (Allocation Failure) 13M->13M(15M) 0.026ms
[24.272s][info][gc] GC(599) Pause Full (Allocation Failure) 13M->9M(15M) 15.883ms
[24.278s][info][gc] GC(600) Pause Young (Allocation Failure) 14M->14M(15M) 0.026ms
[24.294s][info][gc] GC(601) Pause Full (Allocation Failure) 14M->9M(15M) 15.732ms
[24.300s][info][gc] GC(602) Pause Young (Allocation Failure) 14M->14M(15M) 0.024ms
[24.316s][info][gc] GC(603) Pause Full (Allocation Failure) 14M->9M(15M) 15.688ms
[24.323s][info][gc] GC(604) Pause Young (Allocation Failure) 14M->14M(15M) 0.026ms
[24.338s][info][gc] GC(605) Pause Full (Allocation Failure) 14M->9M(15M) 15.645ms
[24.345s][info][gc] GC(606) Pause Young (Allocation Failure) 13M->13M(15M) 0.026ms
[24.361s][info][gc] GC(607) Pause Full (Allocation Failure) 13M->9M(15M) 16.132ms
[24.367s][info][gc] GC(608) Pause Young (Allocation Failure) 14M->14M(15M) 0.027ms
[24.383s][info][gc] GC(609) Pause Full (Allocation Failure) 14M->9M(15M) 16.019ms
[24.390s][info][gc] GC(610) Pause Young (Allocation Failure) 14M->14M(15M) 0.025ms
[24.406s][info][gc] GC(611) Pause Full (Allocation Failure) 14M->9M(15M) 15.791ms
[24.412s][info][gc] GC(612) Pause Young (Allocation Failure) 14M->14M(15M) 0.027ms
[24.428s][info][gc] GC(613) Pause Full (Allocation Failure) 14M->9M(15M) 15.784ms
[24.434s][info][gc] GC(614) Pause Young (Allocation Failure) 13M->13M(15M) 0.024ms
[24.450s][info][gc] GC(615) Pause Full (Allocation Failure) 13M->9M(15M) 15.788ms
[24.457s][info][gc] GC(616) Pause Young (Allocation Failure) 14M->14M(15M) 0.024ms
[24.473s][info][gc] GC(617) Pause Full (Allocation Failure) 14M->9M(15M) 15.920ms
[24.479s][info][gc] GC(618) Pause Young (Allocation Failure) 14M->14M(15M) 0.026ms
[24.495s][info][gc] GC(619) Pause Full (Allocation Failure) 14M->9M(15M) 15.648ms
[24.501s][info][gc] GC(620) Pause Young (Allocation Failure) 14M->14M(15M) 0.024ms
[24.517s][info][gc] GC(621) Pause Full (Allocation Failure) 14M->9M(15M) 15.785ms
[24.524s][info][gc] GC(622) Pause Young (Allocation Failure) 13M->13M(15M) 0.024ms
[24.540s][info][gc] GC(623) Pause Full (Allocation Failure) 13M->9M(15M) 15.760ms
[24.546s][info][gc] GC(624) Pause Young (Allocation Failure) 14M->14M(15M) 0.026ms
[24.562s][info][gc] GC(625) Pause Full (Allocation Failure) 14M->9M(15M) 15.964ms
[24.569s][info][gc] GC(626) Pause Young (Allocation Failure) 14M->14M(15M) 0.026ms
[24.584s][info][gc] GC(627) Pause Full (Allocation Failure) 14M->9M(15M) 15.834ms
[24.591s][info][gc] GC(628) Pause Young (Allocation Failure) 14M->14M(15M) 0.025ms
[24.607s][info][gc] GC(629) Pause Full (Allocation Failure) 14M->9M(15M) 15.657ms
[24.613s][info][gc] GC(630) Pause Young (Allocation Failure) 13M->13M(15M) 0.026ms
[24.630s][info][gc] GC(631) Pause Full (Allocation Failure) 13M->9M(15M) 16.189ms
[24.636s][info][gc] GC(632) Pause Young (Allocation Failure) 14M->14M(15M) 0.025ms
[24.652s][info][gc] GC(633) Pause Full (Allocation Failure) 14M->9M(15M) 15.784ms
[24.658s][info][gc] GC(634) Pause Young (Allocation Failure) 14M->14M(15M) 0.024ms
[24.674s][info][gc] GC(635) Pause Full (Allocation Failure) 14M->9M(15M) 15.524ms
[24.680s][info][gc] GC(636) Pause Young (Allocation Failure) 14M->14M(15M) 0.026ms
[24.696s][info][gc] GC(637) Pause Full (Allocation Failure) 14M->9M(15M) 15.556ms
[24.702s][info][gc] GC(638) Pause Young (Allocation Failure) 13M->13M(15M) 0.028ms
[24.719s][info][gc] GC(639) Pause Full (Allocation Failure) 13M->9M(15M) 16.390ms
[24.726s][info][gc] GC(640) Pause Young (Allocation Failure) 14M->14M(15M) 0.033ms
[24.743s][info][gc] GC(641) Pause Full (Allocation Failure) 14M->9M(15M) 17.005ms
[24.749s][info][gc] GC(642) Pause Young (Allocation Failure) 14M->14M(15M) 0.029ms
[24.766s][info][gc] GC(643) Pause Full (Allocation Failure) 14M->9M(15M) 16.286ms
[24.772s][info][gc] GC(644) Pause Young (Allocation Failure) 14M->14M(15M) 0.028ms
[24.789s][info][gc] GC(645) Pause Full (Allocation Failure) 14M->9M(15M) 16.395ms
[24.795s][info][gc] GC(646) Pause Young (Allocation Failure) 13M->13M(15M) 0.028ms
[24.812s][info][gc] GC(647) Pause Full (Allocation Failure) 13M->9M(15M) 16.336ms
[24.818s][info][gc] GC(648) Pause Young (Allocation Failure) 14M->14M(15M) 0.025ms
[24.834s][info][gc] GC(649) Pause Full (Allocation Failure) 14M->9M(15M) 15.842ms
[24.840s][info][gc] GC(650) Pause Young (Allocation Failure) 14M->14M(15M) 0.029ms
[24.856s][info][gc] GC(651) Pause Full (Allocation Failure) 14M->9M(15M) 15.867ms
[24.863s][info][gc] GC(652) Pause Young (Allocation Failure) 14M->14M(15M) 0.026ms
[24.879s][info][gc] GC(653) Pause Full (Allocation Failure) 14M->9M(15M) 15.910ms
[24.885s][info][gc] GC(654) Pause Young (Allocation Failure) 13M->13M(15M) 0.025ms
[24.901s][info][gc] GC(655) Pause Full (Allocation Failure) 13M->9M(15M) 15.918ms
[24.907s][info][gc] GC(656) Pause Young (Allocation Failure) 14M->14M(15M) 0.026ms
[24.923s][info][gc] GC(657) Pause Full (Allocation Failure) 14M->9M(15M) 15.648ms
[24.930s][info][gc] GC(658) Pause Young (Allocation Failure) 14M->14M(15M) 0.025ms
[24.945s][info][gc] GC(659) Pause Full (Allocation Failure) 14M->9M(15M) 15.698ms
[24.952s][info][gc] GC(660) Pause Young (Allocation Failure) 14M->14M(15M) 0.027ms
[24.968s][info][gc] GC(661) Pause Full (Allocation Failure) 14M->9M(15M) 15.953ms
[24.974s][info][gc] GC(662) Pause Young (Allocation Failure) 13M->13M(15M) 0.027ms
[24.990s][info][gc] GC(663) Pause Full (Allocation Failure) 13M->9M(15M) 15.841ms
[24.997s][info][gc] GC(664) Pause Young (Allocation Failure) 14M->14M(15M) 0.027ms
[25.013s][info][gc] GC(665) Pause Full (Allocation Failure) 14M->9M(15M) 15.836ms
[25.019s][info][gc] GC(666) Pause Young (Allocation Failure) 14M->14M(15M) 0.024ms
[25.035s][info][gc] GC(667) Pause Full (Allocation Failure) 14M->9M(15M) 15.654ms
[25.041s][info][gc] GC(668) Pause Young (Allocation Failure) 14M->14M(15M) 0.027ms
[25.058s][info][gc] GC(669) Pause Full (Allocation Failure) 14M->9M(15M) 16.167ms
[25.064s][info][gc] GC(670) Pause Young (Allocation Failure) 13M->13M(15M) 0.027ms
[25.080s][info][gc] GC(671) Pause Full (Allocation Failure) 13M->9M(15M) 15.791ms
[25.086s][info][gc] GC(672) Pause Young (Allocation Failure) 14M->14M(15M) 0.024ms
[25.102s][info][gc] GC(673) Pause Full (Allocation Failure) 14M->9M(15M) 15.618ms
[25.108s][info][gc] GC(674) Pause Young (Allocation Failure) 14M->14M(15M) 0.026ms
[25.124s][info][gc] GC(675) Pause Full (Allocation Failure) 14M->9M(15M) 15.639ms
[25.131s][info][gc] GC(676) Pause Young (Allocation Failure) 14M->14M(15M) 0.026ms
[25.146s][info][gc] GC(677) Pause Full (Allocation Failure) 14M->9M(15M) 15.671ms
[25.153s][info][gc] GC(678) Pause Young (Allocation Failure) 13M->13M(15M) 0.024ms
[25.168s][info][gc] GC(679) Pause Full (Allocation Failure) 13M->9M(15M) 15.665ms
[25.175s][info][gc] GC(680) Pause Young (Allocation Failure) 14M->14M(15M) 0.027ms
[25.191s][info][gc] GC(681) Pause Full (Allocation Failure) 14M->9M(15M) 15.793ms
[25.197s][info][gc] GC(682) Pause Young (Allocation Failure) 14M->14M(15M) 0.026ms
[25.213s][info][gc] GC(683) Pause Full (Allocation Failure) 14M->9M(15M) 16.032ms
[25.220s][info][gc] GC(684) Pause Young (Allocation Failure) 14M->14M(15M) 0.025ms
[25.236s][info][gc] GC(685) Pause Full (Allocation Failure) 14M->9M(15M) 16.598ms
[25.243s][info][gc] GC(686) Pause Young (Allocation Failure) 13M->13M(15M) 0.033ms
[25.259s][info][gc] GC(687) Pause Full (Allocation Failure) 13M->9M(15M) 16.285ms
[25.265s][info][gc] GC(688) Pause Young (Allocation Failure) 14M->14M(15M) 0.032ms
[25.282s][info][gc] GC(689) Pause Full (Allocation Failure) 14M->9M(15M) 16.351ms
[25.288s][info][gc] GC(690) Pause Young (Allocation Failure) 14M->14M(15M) 0.024ms
[25.304s][info][gc] GC(691) Pause Full (Allocation Failure) 14M->9M(15M) 15.816ms
[25.311s][info][gc] GC(692) Pause Young (Allocation Failure) 14M->14M(15M) 0.025ms
[25.327s][info][gc] GC(693) Pause Full (Allocation Failure) 14M->9M(15M) 16.005ms
[25.333s][info][gc] GC(694) Pause Young (Allocation Failure) 13M->13M(15M) 0.025ms
[25.349s][info][gc] GC(695) Pause Full (Allocation Failure) 13M->9M(15M) 15.842ms
[25.356s][info][gc] GC(696) Pause Young (Allocation Failure) 14M->14M(15M) 0.025ms
[25.372s][info][gc] GC(697) Pause Full (Allocation Failure) 14M->9M(15M) 16.072ms
[25.378s][info][gc] GC(698) Pause Young (Allocation Failure) 14M->14M(15M) 0.024ms
[25.394s][info][gc] GC(699) Pause Full (Allocation Failure) 14M->9M(15M) 16.348ms
[25.401s][info][gc] GC(700) Pause Young (Allocation Failure) 14M->14M(15M) 0.028ms
[25.417s][info][gc] GC(701) Pause Full (Allocation Failure) 14M->9M(15M) 16.223ms
[25.424s][info][gc] GC(702) Pause Young (Allocation Failure) 13M->13M(15M) 0.026ms
[25.440s][info][gc] GC(703) Pause Full (Allocation Failure) 13M->9M(15M) 16.028ms
[25.447s][info][gc] GC(704) Pause Young (Allocation Failure) 14M->14M(15M) 0.024ms
[25.463s][info][gc] GC(705) Pause Full (Allocation Failure) 14M->9M(15M) 16.005ms
[25.469s][info][gc] GC(706) Pause Young (Allocation Failure) 14M->14M(15M) 0.025ms
[25.485s][info][gc] GC(707) Pause Full (Allocation Failure) 14M->9M(15M) 15.726ms
[25.492s][info][gc] GC(708) Pause Young (Allocation Failure) 14M->14M(15M) 0.025ms
[25.508s][info][gc] GC(709) Pause Full (Allocation Failure) 14M->9M(15M) 16.040ms
[25.514s][info][gc] GC(710) Pause Young (Allocation Failure) 13M->13M(15M) 0.025ms
[25.530s][info][gc] GC(711) Pause Full (Allocation Failure) 13M->9M(15M) 15.935ms
[25.728s][info][gc] GC(712) Pause Young (Allocation Failure) 14M->14M(15M) 0.031ms
[25.747s][info][gc] GC(713) Pause Full (Allocation Failure) 14M->9M(15M) 18.310ms
