[0.026s][info][gc] Using Serial
[10.070s][info][gc] GC(0) Pause Young (Allocation Failure) 4M->2M(15M) 2.888ms
[10.075s][info][gc] GC(1) Pause Young (Allocation Failure) 6M->3M(15M) 1.553ms
[10.078s][info][gc] GC(2) Pause Young (Allocation Failure) 7M->2M(15M) 0.224ms
[10.080s][info][gc] GC(3) Pause Young (Allocation Failure) 6M->3M(15M) 0.377ms
[10.083s][info][gc] GC(4) Pause Young (Allocation Failure) 7M->3M(15M) 0.557ms
[10.086s][info][gc] GC(5) Pause Young (Allocation Failure) 8M->4M(15M) 0.352ms
[10.088s][info][gc] GC(6) Pause Young (Allocation Failure) 8M->3M(15M) 0.238ms
[10.091s][info][gc] GC(7) Pause Young (Allocation Failure) 8M->3M(15M) 0.208ms
[10.093s][info][gc] GC(8) Pause Young (Allocation Failure) 8M->4M(15M) 0.235ms
[10.097s][info][gc] GC(9) Pause Young (Allocation Failure) 8M->4M(15M) 0.253ms
[10.099s][info][gc] GC(10) Pause Young (Allocation Failure) 8M->4M(15M) 0.177ms
[10.101s][info][gc] GC(11) Pause Young (Allocation Failure) 8M->4M(15M) 0.240ms
[10.103s][info][gc] GC(12) Pause Young (Allocation Failure) 8M->4M(15M) 0.231ms
[10.105s][info][gc] GC(13) Pause Young (Allocation Failure) 8M->4M(15M) 0.296ms
[10.107s][info][gc] GC(14) Pause Young (Allocation Failure) 9M->5M(15M) 0.323ms
[10.110s][info][gc] GC(15) Pause Young (Allocation Failure) 9M->4M(15M) 0.174ms
[10.111s][info][gc] GC(16) Pause Young (Allocation Failure) 9M->4M(15M) 0.167ms
[10.113s][info][gc] GC(17) Pause Young (Allocation Failure) 9M->5M(15M) 0.332ms
[10.115s][info][gc] GC(18) Pause Young (Allocation Failure) 9M->5M(15M) 0.167ms
[10.116s][info][gc] GC(19) Pause Young (Allocation Failure) 9M->5M(15M) 0.190ms
[10.117s][info][gc] GC(20) Pause Young (Allocation Failure) 9M->5M(15M) 0.163ms
[10.118s][info][gc] GC(21) Pause Young (Allocation Failure) 9M->5M(15M) 0.192ms
[10.120s][info][gc] GC(22) Pause Young (Allocation Failure) 9M->5M(15M) 0.238ms
[10.121s][info][gc] GC(23) Pause Young (Allocation Failure) 10M->5M(15M) 0.154ms
[10.122s][info][gc] GC(24) Pause Young (Allocation Failure) 9M->6M(15M) 0.324ms
[10.123s][info][gc] GC(25) Pause Young (Allocation Failure) 10M->5M(15M) 0.169ms
[10.125s][info][gc] GC(26) Pause Young (Allocation Failure) 10M->5M(15M) 0.181ms
[10.126s][info][gc] GC(27) Pause Young (Allocation Failure) 10M->6M(15M) 0.194ms
[10.127s][info][gc] GC(28) Pause Young (Allocation Failure) 10M->5M(15M) 0.175ms
[10.128s][info][gc] GC(29) Pause Young (Allocation Failure) 10M->5M(15M) 0.182ms
[10.129s][info][gc] GC(30) Pause Young (Allocation Failure) 10M->6M(15M) 0.285ms
[10.131s][info][gc] GC(31) Pause Young (Allocation Failure) 10M->6M(15M) 0.213ms
[10.132s][info][gc] GC(32) Pause Young (Allocation Failure) 10M->6M(15M) 0.193ms
[10.133s][info][gc] GC(33) Pause Young (Allocation Failure) 10M->6M(15M) 0.179ms
[10.134s][info][gc] GC(34) Pause Young (Allocation Failure) 10M->6M(15M) 0.167ms
[10.135s][info][gc] GC(35) Pause Young (Allocation Failure) 10M->6M(15M) 0.167ms
[10.136s][info][gc] GC(36) Pause Young (Allocation Failure) 10M->6M(15M) 0.183ms
[10.137s][info][gc] GC(37) Pause Young (Allocation Failure) 10M->5M(15M) 0.167ms
[10.138s][info][gc] GC(38) Pause Young (Allocation Failure) 10M->6M(15M) 0.172ms
[10.139s][info][gc] GC(39) Pause Young (Allocation Failure) 10M->6M(15M) 0.206ms
[10.140s][info][gc] GC(40) Pause Young (Allocation Failure) 10M->6M(15M) 0.185ms
[10.141s][info][gc] GC(41) Pause Young (Allocation Failure) 10M->6M(15M) 0.167ms
[10.142s][info][gc] GC(42) Pause Young (Allocation Failure) 10M->6M(15M) 0.173ms
[10.143s][info][gc] GC(43) Pause Young (Allocation Failure) 10M->6M(15M) 0.201ms
[10.144s][info][gc] GC(44) Pause Young (Allocation Failure) 10M->6M(15M) 0.173ms
[10.145s][info][gc] GC(45) Pause Young (Allocation Failure) 10M->6M(15M) 0.231ms
[10.146s][info][gc] GC(46) Pause Young (Allocation Failure) 10M->6M(15M) 0.165ms
[10.147s][info][gc] GC(47) Pause Young (Allocation Failure) 10M->6M(15M) 0.167ms
[10.148s][info][gc] GC(48) Pause Young (Allocation Failure) 10M->6M(15M) 0.212ms
[10.150s][info][gc] GC(49) Pause Young (Allocation Failure) 11M->6M(15M) 0.167ms
[10.151s][info][gc] GC(50) Pause Young (Allocation Failure) 10M->7M(15M) 0.336ms
[10.152s][info][gc] GC(51) Pause Young (Allocation Failure) 11M->7M(15M) 0.235ms
[10.153s][info][gc] GC(52) Pause Young (Allocation Failure) 11M->7M(15M) 0.153ms
[10.154s][info][gc] GC(53) Pause Young (Allocation Failure) 11M->7M(15M) 0.151ms
[10.155s][info][gc] GC(54) Pause Young (Allocation Failure) 11M->7M(15M) 0.172ms
[10.156s][info][gc] GC(55) Pause Young (Allocation Failure) 11M->7M(15M) 0.146ms
[10.157s][info][gc] GC(56) Pause Young (Allocation Failure) 11M->7M(15M) 0.148ms
[10.158s][info][gc] GC(57) Pause Young (Allocation Failure) 11M->8M(15M) 0.346ms
[10.159s][info][gc] GC(58) Pause Young (Allocation Failure) 12M->7M(15M) 0.157ms
[10.160s][info][gc] GC(59) Pause Young (Allocation Failure) 12M->8M(15M) 0.168ms
[10.161s][info][gc] GC(60) Pause Young (Allocation Failure) 12M->8M(15M) 0.192ms
[10.162s][info][gc] GC(61) Pause Young (Allocation Failure) 12M->8M(15M) 0.170ms
[10.164s][info][gc] GC(62) Pause Young (Allocation Failure) 12M->8M(15M) 0.219ms
[10.165s][info][gc] GC(63) Pause Young (Allocation Failure) 12M->8M(15M) 0.313ms
[10.166s][info][gc] GC(64) Pause Young (Allocation Failure) 12M->8M(15M) 0.183ms
[10.167s][info][gc] GC(65) Pause Young (Allocation Failure) 12M->8M(15M) 0.296ms
[10.168s][info][gc] GC(66) Pause Young (Allocation Failure) 13M->9M(15M) 0.338ms
[10.170s][info][gc] GC(67) Pause Young (Allocation Failure) 13M->8M(15M) 0.198ms
[10.171s][info][gc] GC(68) Pause Young (Allocation Failure) 13M->9M(15M) 0.222ms
[10.172s][info][gc] GC(69) Pause Young (Allocation Failure) 13M->9M(15M) 0.216ms
[10.173s][info][gc] GC(70) Pause Young (Allocation Failure) 13M->9M(15M) 0.197ms
[10.174s][info][gc] GC(71) Pause Young (Allocation Failure) 13M->9M(15M) 0.206ms
[10.175s][info][gc] GC(72) Pause Young (Allocation Failure) 13M->9M(15M) 0.166ms
[10.176s][info][gc] GC(73) Pause Young (Allocation Failure) 13M->9M(15M) 0.193ms
[10.177s][info][gc] GC(74) Pause Young (Allocation Failure) 13M->9M(15M) 0.351ms
[10.178s][info][gc] GC(75) Pause Young (Allocation Failure) 14M->9M(15M) 0.195ms
[10.179s][info][gc] GC(76) Pause Young (Allocation Failure) 14M->10M(15M) 0.292ms
[10.180s][info][gc] GC(77) Pause Young (Allocation Failure) 14M->10M(15M) 0.179ms
[10.181s][info][gc] GC(78) Pause Young (Allocation Failure) 14M->10M(15M) 0.177ms
[10.182s][info][gc] GC(79) Pause Young (Allocation Failure) 14M->10M(15M) 0.240ms
[10.183s][info][gc] GC(80) Pause Young (Allocation Failure) 14M->10M(15M) 0.178ms
[10.185s][info][gc] GC(81) Pause Young (Allocation Failure) 14M->10M(15M) 0.173ms
[10.186s][info][gc] GC(82) Pause Young (Allocation Failure) 14M->10M(15M) 0.217ms
[10.187s][info][gc] GC(83) Pause Young (Allocation Failure) 14M->10M(15M) 0.210ms
[10.189s][info][gc] GC(84) Pause Young (Allocation Failure) 14M->10M(15M) 0.217ms
[10.190s][info][gc] GC(85) Pause Young (Allocation Failure) 14M->10M(15M) 0.198ms
[10.191s][info][gc] GC(86) Pause Young (Allocation Failure) 14M->10M(15M) 0.188ms
[10.192s][info][gc] GC(87) Pause Young (Allocation Failure) 14M->10M(15M) 0.248ms
[10.194s][info][gc] GC(88) Pause Young (Allocation Failure) 15M->10M(15M) 0.167ms
[10.194s][info][gc] GC(89) Pause Young (Allocation Failure) 14M->10M(15M) 0.207ms
[10.196s][info][gc] GC(90) Pause Young (Allocation Failure) 15M->15M(15M) 0.025ms
[10.198s][info][gc] GC(91) Pause Full (Allocation Failure) 15M->2M(15M) 2.828ms
[10.200s][info][gc] GC(92) Pause Young (Allocation Failure) 7M->3M(15M) 0.206ms
[10.201s][info][gc] GC(93) Pause Young (Allocation Failure) 7M->3M(15M) 0.190ms
[10.202s][info][gc] GC(94) Pause Young (Allocation Failure) 7M->2M(15M) 0.171ms
[10.203s][info][gc] GC(95) Pause Young (Allocation Failure) 7M->3M(15M) 0.189ms
[10.204s][info][gc] GC(96) Pause Young (Allocation Failure) 7M->3M(15M) 0.181ms
[10.205s][info][gc] GC(97) Pause Young (Allocation Failure) 7M->3M(15M) 0.185ms
[10.206s][info][gc] GC(98) Pause Young (Allocation Failure) 7M->3M(15M) 0.204ms
[10.208s][info][gc] GC(99) Pause Young (Allocation Failure) 7M->3M(15M) 0.226ms
[10.209s][info][gc] GC(100) Pause Young (Allocation Failure) 7M->3M(15M) 0.199ms
[10.210s][info][gc] GC(101) Pause Young (Allocation Failure) 7M->4M(15M) 0.264ms
[10.212s][info][gc] GC(102) Pause Young (Allocation Failure) 8M->3M(15M) 0.193ms
[10.213s][info][gc] GC(103) Pause Young (Allocation Failure) 8M->4M(15M) 0.213ms
[10.214s][info][gc] GC(104) Pause Young (Allocation Failure) 8M->4M(15M) 0.240ms
[10.215s][info][gc] GC(105) Pause Young (Allocation Failure) 8M->5M(15M) 0.252ms
[10.216s][info][gc] GC(106) Pause Young (Allocation Failure) 9M->4M(15M) 0.209ms
[10.218s][info][gc] GC(107) Pause Young (Allocation Failure) 9M->4M(15M) 0.193ms
[10.219s][info][gc] GC(108) Pause Young (Allocation Failure) 9M->5M(15M) 0.198ms
[10.220s][info][gc] GC(109) Pause Young (Allocation Failure) 9M->5M(15M) 0.198ms
[10.221s][info][gc] GC(110) Pause Young (Allocation Failure) 9M->4M(15M) 0.172ms
[10.222s][info][gc] GC(111) Pause Young (Allocation Failure) 9M->5M(15M) 0.174ms
[10.223s][info][gc] GC(112) Pause Young (Allocation Failure) 9M->4M(15M) 0.160ms
[10.224s][info][gc] GC(113) Pause Young (Allocation Failure) 9M->5M(15M) 0.206ms
[10.225s][info][gc] GC(114) Pause Young (Allocation Failure) 9M->6M(15M) 0.244ms
[10.226s][info][gc] GC(115) Pause Young (Allocation Failure) 10M->6M(15M) 0.238ms
[10.227s][info][gc] GC(116) Pause Young (Allocation Failure) 11M->6M(15M) 0.192ms
[10.228s][info][gc] GC(117) Pause Young (Allocation Failure) 11M->6M(15M) 0.174ms
[10.230s][info][gc] GC(118) Pause Young (Allocation Failure) 10M->6M(15M) 0.173ms
[10.231s][info][gc] GC(119) Pause Young (Allocation Failure) 10M->7M(15M) 0.198ms
[10.232s][info][gc] GC(120) Pause Young (Allocation Failure) 11M->7M(15M) 0.227ms
[10.233s][info][gc] GC(121) Pause Young (Allocation Failure) 11M->7M(15M) 0.167ms
[10.234s][info][gc] GC(122) Pause Young (Allocation Failure) 11M->7M(15M) 0.163ms
[10.235s][info][gc] GC(123) Pause Young (Allocation Failure) 11M->7M(15M) 0.177ms
[10.236s][info][gc] GC(124) Pause Young (Allocation Failure) 11M->7M(15M) 0.171ms
[10.237s][info][gc] GC(125) Pause Young (Allocation Failure) 11M->7M(15M) 0.203ms
[10.238s][info][gc] GC(126) Pause Young (Allocation Failure) 12M->7M(15M) 0.178ms
[10.240s][info][gc] GC(127) Pause Young (Allocation Failure) 11M->7M(15M) 0.191ms
[10.241s][info][gc] GC(128) Pause Young (Allocation Failure) 12M->8M(15M) 0.225ms
[10.242s][info][gc] GC(129) Pause Young (Allocation Failure) 12M->8M(15M) 0.222ms
[10.243s][info][gc] GC(130) Pause Young (Allocation Failure) 13M->8M(15M) 0.193ms
[10.244s][info][gc] GC(131) Pause Young (Allocation Failure) 12M->8M(15M) 0.249ms
[10.245s][info][gc] GC(132) Pause Young (Allocation Failure) 13M->9M(15M) 0.235ms
[10.246s][info][gc] GC(133) Pause Young (Allocation Failure) 13M->9M(15M) 0.184ms
[10.247s][info][gc] GC(134) Pause Young (Allocation Failure) 13M->9M(15M) 0.247ms
[10.248s][info][gc] GC(135) Pause Young (Allocation Failure) 14M->9M(15M) 0.203ms
[10.249s][info][gc] GC(136) Pause Young (Allocation Failure) 13M->9M(15M) 0.211ms
[10.250s][info][gc] GC(137) Pause Young (Allocation Failure) 14M->9M(15M) 0.156ms
[10.251s][info][gc] GC(138) Pause Young (Allocation Failure) 13M->9M(15M) 0.157ms
[10.252s][info][gc] GC(139) Pause Young (Allocation Failure) 13M->9M(15M) 0.120ms
[10.253s][info][gc] GC(140) Pause Young (Allocation Failure) 14M->9M(15M) 0.159ms
[10.254s][info][gc] GC(141) Pause Young (Allocation Failure) 13M->9M(15M) 0.160ms
[10.254s][info][gc] GC(142) Pause Young (Allocation Failure) 13M->10M(15M) 0.157ms
[10.255s][info][gc] GC(143) Pause Young (Allocation Failure) 14M->10M(15M) 0.178ms
[10.256s][info][gc] GC(144) Pause Young (Allocation Failure) 14M->10M(15M) 0.179ms
[10.257s][info][gc] GC(145) Pause Young (Allocation Failure) 14M->10M(15M) 0.204ms
[10.258s][info][gc] GC(146) Pause Young (Allocation Failure) 14M->10M(15M) 0.188ms
[10.259s][info][gc] GC(147) Pause Young (Allocation Failure) 14M->10M(15M) 0.198ms
[10.259s][info][gc] GC(148) Pause Young (Allocation Failure) 15M->15M(15M) 0.025ms
[10.262s][info][gc] GC(149) Pause Full (Allocation Failure) 15M->3M(15M) 2.951ms
[10.263s][info][gc] GC(150) Pause Young (Allocation Failure) 7M->3M(15M) 0.171ms
[10.264s][info][gc] GC(151) Pause Young (Allocation Failure) 7M->3M(15M) 0.193ms
[10.265s][info][gc] GC(152) Pause Young (Allocation Failure) 8M->3M(15M) 0.188ms
[10.266s][info][gc] GC(153) Pause Young (Allocation Failure) 8M->3M(15M) 0.148ms
[10.267s][info][gc] GC(154) Pause Young (Allocation Failure) 8M->3M(15M) 0.175ms
[10.267s][info][gc] GC(155) Pause Young (Allocation Failure) 8M->4M(15M) 0.196ms
[10.268s][info][gc] GC(156) Pause Young (Allocation Failure) 8M->3M(15M) 0.166ms
[10.269s][info][gc] GC(157) Pause Young (Allocation Failure) 8M->4M(15M) 0.167ms
[10.270s][info][gc] GC(158) Pause Young (Allocation Failure) 8M->3M(15M) 0.169ms
[10.271s][info][gc] GC(159) Pause Young (Allocation Failure) 8M->4M(15M) 0.169ms
[10.272s][info][gc] GC(160) Pause Young (Allocation Failure) 8M->4M(15M) 0.177ms
[10.272s][info][gc] GC(161) Pause Young (Allocation Failure) 8M->4M(15M) 0.177ms
[10.273s][info][gc] GC(162) Pause Young (Allocation Failure) 8M->3M(15M) 0.161ms
[10.274s][info][gc] GC(163) Pause Young (Allocation Failure) 8M->3M(15M) 0.164ms
[10.275s][info][gc] GC(164) Pause Young (Allocation Failure) 8M->4M(15M) 0.130ms
[10.276s][info][gc] GC(165) Pause Young (Allocation Failure) 8M->4M(15M) 0.201ms
[10.276s][info][gc] GC(166) Pause Young (Allocation Failure) 8M->4M(15M) 0.172ms
[10.277s][info][gc] GC(167) Pause Young (Allocation Failure) 8M->4M(15M) 0.168ms
[10.278s][info][gc] GC(168) Pause Young (Allocation Failure) 9M->5M(15M) 0.194ms
[10.279s][info][gc] GC(169) Pause Young (Allocation Failure) 9M->4M(15M) 0.171ms
[10.280s][info][gc] GC(170) Pause Young (Allocation Failure) 9M->4M(15M) 0.189ms
[10.281s][info][gc] GC(171) Pause Young (Allocation Failure) 9M->5M(15M) 0.170ms
[10.282s][info][gc] GC(172) Pause Young (Allocation Failure) 9M->6M(15M) 0.218ms
[10.283s][info][gc] GC(173) Pause Young (Allocation Failure) 10M->5M(15M) 0.169ms
[10.283s][info][gc] GC(174) Pause Young (Allocation Failure) 10M->6M(15M) 0.238ms
[10.284s][info][gc] GC(175) Pause Young (Allocation Failure) 11M->6M(15M) 0.188ms
[10.285s][info][gc] GC(176) Pause Young (Allocation Failure) 10M->6M(15M) 0.204ms
[10.286s][info][gc] GC(177) Pause Young (Allocation Failure) 11M->6M(15M) 0.174ms
[10.287s][info][gc] GC(178) Pause Young (Allocation Failure) 10M->6M(15M) 0.189ms
[10.288s][info][gc] GC(179) Pause Young (Allocation Failure) 11M->6M(15M) 0.174ms
[10.289s][info][gc] GC(180) Pause Young (Allocation Failure) 11M->6M(15M) 0.164ms
[10.290s][info][gc] GC(181) Pause Young (Allocation Failure) 10M->6M(15M) 0.160ms
[10.291s][info][gc] GC(182) Pause Young (Allocation Failure) 10M->6M(15M) 0.181ms
[10.292s][info][gc] GC(183) Pause Young (Allocation Failure) 11M->6M(15M) 0.172ms
[10.293s][info][gc] GC(184) Pause Young (Allocation Failure) 11M->6M(15M) 0.167ms
[10.293s][info][gc] GC(185) Pause Young (Allocation Failure) 11M->6M(15M) 0.174ms
[10.294s][info][gc] GC(186) Pause Young (Allocation Failure) 11M->6M(15M) 0.167ms
[10.295s][info][gc] GC(187) Pause Young (Allocation Failure) 11M->7M(15M) 0.209ms
[10.296s][info][gc] GC(188) Pause Young (Allocation Failure) 11M->7M(15M) 0.178ms
[10.297s][info][gc] GC(189) Pause Young (Allocation Failure) 11M->7M(15M) 0.209ms
[10.298s][info][gc] GC(190) Pause Young (Allocation Failure) 11M->7M(15M) 0.169ms
[10.299s][info][gc] GC(191) Pause Young (Allocation Failure) 11M->7M(15M) 0.171ms
[10.300s][info][gc] GC(192) Pause Young (Allocation Failure) 11M->7M(15M) 0.167ms
[10.300s][info][gc] GC(193) Pause Young (Allocation Failure) 11M->7M(15M) 0.173ms
[10.301s][info][gc] GC(194) Pause Young (Allocation Failure) 11M->7M(15M) 0.160ms
[10.302s][info][gc] GC(195) Pause Young (Allocation Failure) 11M->7M(15M) 0.185ms
[10.303s][info][gc] GC(196) Pause Young (Allocation Failure) 12M->7M(15M) 0.185ms
[10.304s][info][gc] GC(197) Pause Young (Allocation Failure) 12M->7M(15M) 0.177ms
[10.304s][info][gc] GC(198) Pause Young (Allocation Failure) 12M->7M(15M) 0.177ms
[10.305s][info][gc] GC(199) Pause Young (Allocation Failure) 12M->8M(15M) 0.195ms
[10.306s][info][gc] GC(200) Pause Young (Allocation Failure) 12M->7M(15M) 0.162ms
[10.307s][info][gc] GC(201) Pause Young (Allocation Failure) 12M->7M(15M) 0.174ms
[10.308s][info][gc] GC(202) Pause Young (Allocation Failure) 12M->7M(15M) 0.170ms
[10.308s][info][gc] GC(203) Pause Young (Allocation Failure) 12M->8M(15M) 0.201ms
[10.309s][info][gc] GC(204) Pause Young (Allocation Failure) 12M->8M(15M) 0.170ms
[10.310s][info][gc] GC(205) Pause Young (Allocation Failure) 12M->8M(15M) 0.161ms
[10.311s][info][gc] GC(206) Pause Young (Allocation Failure) 12M->8M(15M) 0.183ms
[10.312s][info][gc] GC(207) Pause Young (Allocation Failure) 12M->8M(15M) 0.157ms
[10.312s][info][gc] GC(208) Pause Young (Allocation Failure) 12M->8M(15M) 0.178ms
[10.313s][info][gc] GC(209) Pause Young (Allocation Failure) 12M->9M(15M) 0.212ms
[10.314s][info][gc] GC(210) Pause Young (Allocation Failure) 13M->9M(15M) 0.206ms
[10.315s][info][gc] GC(211) Pause Young (Allocation Failure) 13M->9M(15M) 0.195ms
[10.316s][info][gc] GC(212) Pause Young (Allocation Failure) 14M->9M(15M) 0.166ms
[10.317s][info][gc] GC(213) Pause Young (Allocation Failure) 13M->9M(15M) 0.186ms
[10.318s][info][gc] GC(214) Pause Young (Allocation Failure) 14M->9M(15M) 0.186ms
[10.319s][info][gc] GC(215) Pause Young (Allocation Failure) 13M->9M(15M) 0.208ms
[10.319s][info][gc] GC(216) Pause Young (Allocation Failure) 14M->10M(15M) 0.214ms
[10.320s][info][gc] GC(217) Pause Young (Allocation Failure) 14M->10M(15M) 0.172ms
[10.321s][info][gc] GC(218) Pause Young (Allocation Failure) 14M->10M(15M) 0.180ms
[10.322s][info][gc] GC(219) Pause Young (Allocation Failure) 14M->10M(15M) 0.202ms
[10.323s][info][gc] GC(220) Pause Young (Allocation Failure) 14M->10M(15M) 0.218ms
[10.324s][info][gc] GC(221) Pause Young (Allocation Failure) 15M->15M(15M) 0.027ms
[10.327s][info][gc] GC(222) Pause Full (Allocation Failure) 15M->3M(15M) 3.034ms
[10.328s][info][gc] GC(223) Pause Young (Allocation Failure) 7M->4M(15M) 0.265ms
[10.329s][info][gc] GC(224) Pause Young (Allocation Failure) 8M->3M(15M) 0.183ms
[10.330s][info][gc] GC(225) Pause Young (Allocation Failure) 8M->3M(15M) 0.163ms
[10.331s][info][gc] GC(226) Pause Young (Allocation Failure) 7M->4M(15M) 0.220ms
[10.332s][info][gc] GC(227) Pause Young (Allocation Failure) 8M->4M(15M) 0.199ms
[10.333s][info][gc] GC(228) Pause Young (Allocation Failure) 8M->4M(15M) 0.182ms
[10.333s][info][gc] GC(229) Pause Young (Allocation Failure) 8M->4M(15M) 0.174ms
[10.334s][info][gc] GC(230) Pause Young (Allocation Failure) 8M->4M(15M) 0.197ms
[10.335s][info][gc] GC(231) Pause Young (Allocation Failure) 9M->4M(15M) 0.197ms
[10.336s][info][gc] GC(232) Pause Young (Allocation Failure) 9M->5M(15M) 0.149ms
[10.337s][info][gc] GC(233) Pause Young (Allocation Failure) 9M->4M(15M) 0.168ms
[10.338s][info][gc] GC(234) Pause Young (Allocation Failure) 8M->5M(15M) 0.186ms
[10.339s][info][gc] GC(235) Pause Young (Allocation Failure) 9M->5M(15M) 0.203ms
[10.339s][info][gc] GC(236) Pause Young (Allocation Failure) 9M->5M(15M) 0.185ms
[10.340s][info][gc] GC(237) Pause Young (Allocation Failure) 9M->5M(15M) 0.194ms
[10.341s][info][gc] GC(238) Pause Young (Allocation Failure) 9M->5M(15M) 0.154ms
[10.342s][info][gc] GC(239) Pause Young (Allocation Failure) 9M->5M(15M) 0.164ms
[10.343s][info][gc] GC(240) Pause Young (Allocation Failure) 9M->5M(15M) 0.193ms
[10.343s][info][gc] GC(241) Pause Young (Allocation Failure) 9M->5M(15M) 0.191ms
[10.344s][info][gc] GC(242) Pause Young (Allocation Failure) 10M->5M(15M) 0.199ms
[10.345s][info][gc] GC(243) Pause Young (Allocation Failure) 10M->5M(15M) 0.198ms
[10.346s][info][gc] GC(244) Pause Young (Allocation Failure) 10M->6M(15M) 0.196ms
[10.347s][info][gc] GC(245) Pause Young (Allocation Failure) 10M->5M(15M) 0.171ms
[10.348s][info][gc] GC(246) Pause Young (Allocation Failure) 10M->6M(15M) 0.135ms
[10.349s][info][gc] GC(247) Pause Young (Allocation Failure) 10M->5M(15M) 0.178ms
[10.349s][info][gc] GC(248) Pause Young (Allocation Failure) 10M->6M(15M) 0.188ms
[10.350s][info][gc] GC(249) Pause Young (Allocation Failure) 10M->5M(15M) 0.166ms
[10.351s][info][gc] GC(250) Pause Young (Allocation Failure) 10M->6M(15M) 0.189ms
[10.352s][info][gc] GC(251) Pause Young (Allocation Failure) 10M->5M(15M) 0.180ms
[10.353s][info][gc] GC(252) Pause Young (Allocation Failure) 10M->5M(15M) 0.175ms
[10.354s][info][gc] GC(253) Pause Young (Allocation Failure) 10M->6M(15M) 0.194ms
[10.355s][info][gc] GC(254) Pause Young (Allocation Failure) 10M->5M(15M) 0.170ms
[10.356s][info][gc] GC(255) Pause Young (Allocation Failure) 10M->6M(15M) 0.209ms
[10.356s][info][gc] GC(256) Pause Young (Allocation Failure) 10M->6M(15M) 0.197ms
[10.357s][info][gc] GC(257) Pause Young (Allocation Failure) 10M->6M(15M) 0.184ms
[10.358s][info][gc] GC(258) Pause Young (Allocation Failure) 10M->6M(15M) 0.161ms
[10.359s][info][gc] GC(259) Pause Young (Allocation Failure) 11M->6M(15M) 0.191ms
[10.360s][info][gc] GC(260) Pause Young (Allocation Failure) 11M->6M(15M) 0.191ms
[10.361s][info][gc] GC(261) Pause Young (Allocation Failure) 10M->7M(15M) 0.356ms
[10.362s][info][gc] GC(262) Pause Young (Allocation Failure) 11M->7M(15M) 0.277ms
[10.363s][info][gc] GC(263) Pause Young (Allocation Failure) 11M->7M(15M) 0.301ms
[10.364s][info][gc] GC(264) Pause Young (Allocation Failure) 11M->7M(15M) 0.274ms
[10.366s][info][gc] GC(265) Pause Young (Allocation Failure) 11M->7M(15M) 0.275ms
[10.366s][info][gc] GC(266) Pause Young (Allocation Failure) 12M->7M(15M) 0.258ms
[10.368s][info][gc] GC(267) Pause Young (Allocation Failure) 12M->7M(15M) 0.284ms
[10.369s][info][gc] GC(268) Pause Young (Allocation Failure) 11M->7M(15M) 0.250ms
[10.370s][info][gc] GC(269) Pause Young (Allocation Failure) 11M->7M(15M) 0.222ms
[10.371s][info][gc] GC(270) Pause Young (Allocation Failure) 11M->7M(15M) 0.251ms
[10.373s][info][gc] GC(271) Pause Young (Allocation Failure) 11M->7M(15M) 0.261ms
[10.374s][info][gc] GC(272) Pause Young (Allocation Failure) 11M->7M(15M) 0.220ms
[10.375s][info][gc] GC(273) Pause Young (Allocation Failure) 12M->7M(15M) 0.197ms
[10.376s][info][gc] GC(274) Pause Young (Allocation Failure) 11M->7M(15M) 0.218ms
[10.377s][info][gc] GC(275) Pause Young (Allocation Failure) 11M->7M(15M) 0.363ms
[10.378s][info][gc] GC(276) Pause Young (Allocation Failure) 12M->8M(15M) 0.281ms
[10.379s][info][gc] GC(277) Pause Young (Allocation Failure) 12M->8M(15M) 0.183ms
[10.380s][info][gc] GC(278) Pause Young (Allocation Failure) 13M->8M(15M) 0.171ms
[10.380s][info][gc] GC(279) Pause Young (Allocation Failure) 12M->8M(15M) 0.204ms
[10.381s][info][gc] GC(280) Pause Young (Allocation Failure) 13M->9M(15M) 0.160ms
[10.382s][info][gc] GC(281) Pause Young (Allocation Failure) 13M->9M(15M) 0.161ms
[10.383s][info][gc] GC(282) Pause Young (Allocation Failure) 13M->9M(15M) 0.169ms
[10.384s][info][gc] GC(283) Pause Young (Allocation Failure) 13M->9M(15M) 0.219ms
[10.385s][info][gc] GC(284) Pause Young (Allocation Failure) 14M->9M(15M) 0.170ms
[10.386s][info][gc] GC(285) Pause Young (Allocation Failure) 13M->9M(15M) 0.172ms
[10.386s][info][gc] GC(286) Pause Young (Allocation Failure) 13M->9M(15M) 0.196ms
[10.387s][info][gc] GC(287) Pause Young (Allocation Failure) 14M->10M(15M) 0.231ms
[10.388s][info][gc] GC(288) Pause Young (Allocation Failure) 14M->10M(15M) 0.191ms
[10.389s][info][gc] GC(289) Pause Young (Allocation Failure) 14M->10M(15M) 0.238ms
[10.390s][info][gc] GC(290) Pause Young (Allocation Failure) 14M->10M(15M) 0.197ms
[10.391s][info][gc] GC(291) Pause Young (Allocation Failure) 14M->10M(15M) 0.192ms
[10.392s][info][gc] GC(292) Pause Young (Allocation Failure) 14M->10M(15M) 0.202ms
[10.393s][info][gc] GC(293) Pause Young (Allocation Failure) 14M->10M(15M) 0.218ms
[10.394s][info][gc] GC(294) Pause Young (Allocation Failure) 15M->15M(15M) 0.025ms
[10.397s][info][gc] GC(295) Pause Full (Allocation Failure) 15M->2M(15M) 3.417ms
[10.398s][info][gc] GC(296) Pause Young (Allocation Failure) 7M->2M(15M) 0.182ms
[10.399s][info][gc] GC(297) Pause Young (Allocation Failure) 7M->3M(15M) 0.211ms
[10.400s][info][gc] GC(298) Pause Young (Allocation Failure) 7M->3M(15M) 0.230ms
[10.401s][info][gc] GC(299) Pause Young (Allocation Failure) 7M->3M(15M) 0.193ms
[10.402s][info][gc] GC(300) Pause Young (Allocation Failure) 8M->3M(15M) 0.178ms
[10.403s][info][gc] GC(301) Pause Young (Allocation Failure) 7M->3M(15M) 0.174ms
[10.403s][info][gc] GC(302) Pause Young (Allocation Failure) 7M->3M(15M) 0.216ms
[10.404s][info][gc] GC(303) Pause Young (Allocation Failure) 8M->3M(15M) 0.178ms
[10.405s][info][gc] GC(304) Pause Young (Allocation Failure) 8M->4M(15M) 0.189ms
[10.406s][info][gc] GC(305) Pause Young (Allocation Failure) 8M->3M(15M) 0.152ms
[10.407s][info][gc] GC(306) Pause Young (Allocation Failure) 7M->3M(15M) 0.165ms
[10.407s][info][gc] GC(307) Pause Young (Allocation Failure) 8M->4M(15M) 0.198ms
[10.408s][info][gc] GC(308) Pause Young (Allocation Failure) 8M->4M(15M) 0.182ms
[10.409s][info][gc] GC(309) Pause Young (Allocation Failure) 8M->4M(15M) 0.184ms
[10.410s][info][gc] GC(310) Pause Young (Allocation Failure) 8M->4M(15M) 0.200ms
[10.411s][info][gc] GC(311) Pause Young (Allocation Failure) 8M->4M(15M) 0.176ms
[10.412s][info][gc] GC(312) Pause Young (Allocation Failure) 9M->4M(15M) 0.189ms
[10.412s][info][gc] GC(313) Pause Young (Allocation Failure) 9M->4M(15M) 0.155ms
[10.413s][info][gc] GC(314) Pause Young (Allocation Failure) 9M->5M(15M) 0.178ms
[10.414s][info][gc] GC(315) Pause Young (Allocation Failure) 9M->4M(15M) 0.160ms
[10.415s][info][gc] GC(316) Pause Young (Allocation Failure) 9M->4M(15M) 0.182ms
[10.415s][info][gc] GC(317) Pause Young (Allocation Failure) 9M->5M(15M) 0.169ms
[10.416s][info][gc] GC(318) Pause Young (Allocation Failure) 9M->5M(15M) 0.167ms
[10.417s][info][gc] GC(319) Pause Young (Allocation Failure) 9M->5M(15M) 0.180ms
[10.418s][info][gc] GC(320) Pause Young (Allocation Failure) 9M->5M(15M) 0.157ms
[10.419s][info][gc] GC(321) Pause Young (Allocation Failure) 9M->5M(15M) 0.180ms
[10.420s][info][gc] GC(322) Pause Young (Allocation Failure) 9M->5M(15M) 0.198ms
[10.420s][info][gc] GC(323) Pause Young (Allocation Failure) 10M->5M(15M) 0.179ms
[10.421s][info][gc] GC(324) Pause Young (Allocation Failure) 10M->5M(15M) 0.184ms
[10.422s][info][gc] GC(325) Pause Young (Allocation Failure) 10M->6M(15M) 0.184ms
[10.423s][info][gc] GC(326) Pause Young (Allocation Failure) 10M->6M(15M) 0.274ms
[10.424s][info][gc] GC(327) Pause Young (Allocation Failure) 11M->6M(15M) 0.152ms
[10.424s][info][gc] GC(328) Pause Young (Allocation Failure) 10M->6M(15M) 0.148ms
[10.425s][info][gc] GC(329) Pause Young (Allocation Failure) 10M->6M(15M) 0.164ms
[10.426s][info][gc] GC(330) Pause Young (Allocation Failure) 11M->6M(15M) 0.152ms
[10.427s][info][gc] GC(331) Pause Young (Allocation Failure) 10M->7M(15M) 0.184ms
[10.427s][info][gc] GC(332) Pause Young (Allocation Failure) 11M->7M(15M) 0.165ms
[10.428s][info][gc] GC(333) Pause Young (Allocation Failure) 11M->6M(15M) 0.153ms
[10.429s][info][gc] GC(334) Pause Young (Allocation Failure) 11M->6M(15M) 0.153ms
[10.430s][info][gc] GC(335) Pause Young (Allocation Failure) 11M->7M(15M) 0.195ms
[10.430s][info][gc] GC(336) Pause Young (Allocation Failure) 11M->7M(15M) 0.175ms
[10.431s][info][gc] GC(337) Pause Young (Allocation Failure) 11M->7M(15M) 0.174ms
[10.432s][info][gc] GC(338) Pause Young (Allocation Failure) 11M->7M(15M) 0.179ms
[10.433s][info][gc] GC(339) Pause Young (Allocation Failure) 12M->8M(15M) 0.177ms
[10.434s][info][gc] GC(340) Pause Young (Allocation Failure) 12M->8M(15M) 0.168ms
[10.434s][info][gc] GC(341) Pause Young (Allocation Failure) 12M->8M(15M) 0.176ms
[10.435s][info][gc] GC(342) Pause Young (Allocation Failure) 12M->8M(15M) 0.166ms
[10.436s][info][gc] GC(343) Pause Young (Allocation Failure) 12M->8M(15M) 0.189ms
[10.437s][info][gc] GC(344) Pause Young (Allocation Failure) 12M->8M(15M) 0.170ms
[10.438s][info][gc] GC(345) Pause Young (Allocation Failure) 12M->8M(15M) 0.161ms
[10.439s][info][gc] GC(346) Pause Young (Allocation Failure) 12M->8M(15M) 0.153ms
[10.439s][info][gc] GC(347) Pause Young (Allocation Failure) 12M->8M(15M) 0.182ms
[10.440s][info][gc] GC(348) Pause Young (Allocation Failure) 12M->8M(15M) 0.194ms
[10.441s][info][gc] GC(349) Pause Young (Allocation Failure) 12M->8M(15M) 0.174ms
[10.442s][info][gc] GC(350) Pause Young (Allocation Failure) 12M->8M(15M) 0.174ms
[10.442s][info][gc] GC(351) Pause Young (Allocation Failure) 12M->8M(15M) 0.215ms
[10.443s][info][gc] GC(352) Pause Young (Allocation Failure) 13M->8M(15M) 0.197ms
[10.444s][info][gc] GC(353) Pause Young (Allocation Failure) 13M->9M(15M) 0.233ms
[10.445s][info][gc] GC(354) Pause Young (Allocation Failure) 13M->8M(15M) 0.169ms
[10.446s][info][gc] GC(355) Pause Young (Allocation Failure) 13M->8M(15M) 0.159ms
[10.447s][info][gc] GC(356) Pause Young (Allocation Failure) 13M->9M(15M) 0.169ms
[10.448s][info][gc] GC(357) Pause Young (Allocation Failure) 13M->9M(15M) 0.163ms
[10.448s][info][gc] GC(358) Pause Young (Allocation Failure) 13M->9M(15M) 0.191ms
[10.449s][info][gc] GC(359) Pause Young (Allocation Failure) 13M->9M(15M) 0.147ms
[10.450s][info][gc] GC(360) Pause Young (Allocation Failure) 13M->9M(15M) 0.180ms
[10.451s][info][gc] GC(361) Pause Young (Allocation Failure) 14M->9M(15M) 0.178ms
[10.452s][info][gc] GC(362) Pause Young (Allocation Failure) 14M->9M(15M) 0.197ms
[10.453s][info][gc] GC(363) Pause Young (Allocation Failure) 14M->9M(15M) 0.166ms
[10.453s][info][gc] GC(364) Pause Young (Allocation Failure) 13M->10M(15M) 0.182ms
[10.454s][info][gc] GC(365) Pause Young (Allocation Failure) 14M->10M(15M) 0.172ms
[10.455s][info][gc] GC(366) Pause Young (Allocation Failure) 14M->9M(15M) 0.168ms
[10.456s][info][gc] GC(367) Pause Young (Allocation Failure) 14M->10M(15M) 0.188ms
[10.456s][info][gc] GC(368) Pause Young (Allocation Failure) 14M->10M(15M) 0.163ms
[10.457s][info][gc] GC(369) Pause Young (Allocation Failure) 14M->10M(15M) 0.204ms
[10.458s][info][gc] GC(370) Pause Young (Allocation Failure) 15M->15M(15M) 0.373ms
[10.461s][info][gc] GC(371) Pause Full (Allocation Failure) 15M->3M(15M) 3.094ms
[10.462s][info][gc] GC(372) Pause Young (Allocation Failure) 7M->3M(15M) 0.172ms
[10.463s][info][gc] GC(373) Pause Young (Allocation Failure) 7M->3M(15M) 0.171ms
[10.464s][info][gc] GC(374) Pause Young (Allocation Failure) 7M->3M(15M) 0.169ms
[10.465s][info][gc] GC(375) Pause Young (Allocation Failure) 7M->3M(15M) 0.176ms
[10.466s][info][gc] GC(376) Pause Young (Allocation Failure) 8M->3M(15M) 0.162ms
[10.467s][info][gc] GC(377) Pause Young (Allocation Failure) 7M->3M(15M) 0.147ms
[10.467s][info][gc] GC(378) Pause Young (Allocation Failure) 7M->3M(15M) 0.164ms
[10.468s][info][gc] GC(379) Pause Young (Allocation Failure) 7M->3M(15M) 0.162ms
[10.469s][info][gc] GC(380) Pause Young (Allocation Failure) 7M->3M(15M) 0.175ms
[10.470s][info][gc] GC(381) Pause Young (Allocation Failure) 8M->3M(15M) 0.207ms
[10.470s][info][gc] GC(382) Pause Young (Allocation Failure) 8M->3M(15M) 0.192ms
[10.471s][info][gc] GC(383) Pause Young (Allocation Failure) 8M->4M(15M) 0.192ms
[10.472s][info][gc] GC(384) Pause Young (Allocation Failure) 8M->4M(15M) 0.208ms
[10.473s][info][gc] GC(385) Pause Young (Allocation Failure) 8M->4M(15M) 0.179ms
[10.474s][info][gc] GC(386) Pause Young (Allocation Failure) 8M->4M(15M) 0.178ms
[10.475s][info][gc] GC(387) Pause Young (Allocation Failure) 8M->4M(15M) 0.156ms
[10.475s][info][gc] GC(388) Pause Young (Allocation Failure) 8M->3M(15M) 0.150ms
[10.476s][info][gc] GC(389) Pause Young (Allocation Failure) 8M->4M(15M) 0.152ms
[10.477s][info][gc] GC(390) Pause Young (Allocation Failure) 8M->4M(15M) 0.214ms
[10.478s][info][gc] GC(391) Pause Young (Allocation Failure) 9M->4M(15M) 0.170ms
[10.479s][info][gc] GC(392) Pause Young (Allocation Failure) 9M->5M(15M) 0.182ms
[10.479s][info][gc] GC(393) Pause Young (Allocation Failure) 9M->5M(15M) 0.184ms
[10.480s][info][gc] GC(394) Pause Young (Allocation Failure) 9M->5M(15M) 0.167ms
[10.481s][info][gc] GC(395) Pause Young (Allocation Failure) 9M->5M(15M) 0.163ms
[10.482s][info][gc] GC(396) Pause Young (Allocation Failure) 9M->4M(15M) 0.165ms
[10.483s][info][gc] GC(397) Pause Young (Allocation Failure) 9M->5M(15M) 0.268ms
[10.484s][info][gc] GC(398) Pause Young (Allocation Failure) 9M->5M(15M) 0.236ms
[10.484s][info][gc] GC(399) Pause Young (Allocation Failure) 9M->5M(15M) 0.213ms
[10.485s][info][gc] GC(400) Pause Young (Allocation Failure) 10M->5M(15M) 0.168ms
[10.486s][info][gc] GC(401) Pause Young (Allocation Failure) 10M->6M(15M) 0.172ms
[10.487s][info][gc] GC(402) Pause Young (Allocation Failure) 10M->5M(15M) 0.179ms
[10.488s][info][gc] GC(403) Pause Young (Allocation Failure) 10M->6M(15M) 0.218ms
[10.489s][info][gc] GC(404) Pause Young (Allocation Failure) 10M->6M(15M) 0.204ms
[10.490s][info][gc] GC(405) Pause Young (Allocation Failure) 10M->6M(15M) 0.220ms
[10.491s][info][gc] GC(406) Pause Young (Allocation Failure) 10M->6M(15M) 0.271ms
[10.492s][info][gc] GC(407) Pause Young (Allocation Failure) 10M->6M(15M) 0.212ms
[10.493s][info][gc] GC(408) Pause Young (Allocation Failure) 11M->7M(15M) 0.312ms
[10.494s][info][gc] GC(409) Pause Young (Allocation Failure) 11M->7M(15M) 0.244ms
[10.495s][info][gc] GC(410) Pause Young (Allocation Failure) 11M->7M(15M) 0.182ms
[10.495s][info][gc] GC(411) Pause Young (Allocation Failure) 11M->7M(15M) 0.209ms
[10.497s][info][gc] GC(412) Pause Young (Allocation Failure) 11M->7M(15M) 0.263ms
[10.498s][info][gc] GC(413) Pause Young (Allocation Failure) 11M->7M(15M) 0.185ms
[10.499s][info][gc] GC(414) Pause Young (Allocation Failure) 11M->7M(15M) 0.208ms
[10.499s][info][gc] GC(415) Pause Young (Allocation Failure) 12M->7M(15M) 0.157ms
[10.500s][info][gc] GC(416) Pause Young (Allocation Failure) 11M->7M(15M) 0.170ms
[10.501s][info][gc] GC(417) Pause Young (Allocation Failure) 12M->7M(15M) 0.178ms
[10.502s][info][gc] GC(418) Pause Young (Allocation Failure) 11M->7M(15M) 0.192ms
[10.503s][info][gc] GC(419) Pause Young (Allocation Failure) 12M->7M(15M) 0.169ms
[10.504s][info][gc] GC(420) Pause Young (Allocation Failure) 11M->7M(15M) 0.188ms
[10.505s][info][gc] GC(421) Pause Young (Allocation Failure) 12M->7M(15M) 0.195ms
[10.505s][info][gc] GC(422) Pause Young (Allocation Failure) 12M->7M(15M) 0.173ms
[10.506s][info][gc] GC(423) Pause Young (Allocation Failure) 11M->7M(15M) 0.203ms
[10.507s][info][gc] GC(424) Pause Young (Allocation Failure) 12M->8M(15M) 0.220ms
[10.508s][info][gc] GC(425) Pause Young (Allocation Failure) 12M->7M(15M) 0.178ms
[10.509s][info][gc] GC(426) Pause Young (Allocation Failure) 12M->7M(15M) 0.176ms
[10.510s][info][gc] GC(427) Pause Young (Allocation Failure) 12M->8M(15M) 0.256ms
[10.511s][info][gc] GC(428) Pause Young (Allocation Failure) 12M->8M(15M) 0.247ms
[10.512s][info][gc] GC(429) Pause Young (Allocation Failure) 12M->9M(15M) 0.247ms
[10.513s][info][gc] GC(430) Pause Young (Allocation Failure) 13M->8M(15M) 0.179ms
[10.514s][info][gc] GC(431) Pause Young (Allocation Failure) 13M->9M(15M) 0.206ms
[10.514s][info][gc] GC(432) Pause Young (Allocation Failure) 13M->8M(15M) 0.177ms
[10.515s][info][gc] GC(433) Pause Young (Allocation Failure) 13M->8M(15M) 0.179ms
[10.516s][info][gc] GC(434) Pause Young (Allocation Failure) 13M->9M(15M) 0.190ms
[10.517s][info][gc] GC(435) Pause Young (Allocation Failure) 13M->8M(15M) 0.180ms
[10.518s][info][gc] GC(436) Pause Young (Allocation Failure) 13M->8M(15M) 0.172ms
[10.519s][info][gc] GC(437) Pause Young (Allocation Failure) 13M->9M(15M) 0.204ms
[10.519s][info][gc] GC(438) Pause Young (Allocation Failure) 13M->9M(15M) 0.155ms
[10.520s][info][gc] GC(439) Pause Young (Allocation Failure) 13M->9M(15M) 0.181ms
[10.521s][info][gc] GC(440) Pause Young (Allocation Failure) 13M->9M(15M) 0.172ms
[10.522s][info][gc] GC(441) Pause Young (Allocation Failure) 13M->9M(15M) 0.175ms
[10.523s][info][gc] GC(442) Pause Young (Allocation Failure) 13M->9M(15M) 0.194ms
[10.524s][info][gc] GC(443) Pause Young (Allocation Failure) 13M->9M(15M) 0.207ms
[10.524s][info][gc] GC(444) Pause Young (Allocation Failure) 13M->9M(15M) 0.211ms
[10.525s][info][gc] GC(445) Pause Young (Allocation Failure) 14M->9M(15M) 0.194ms
[10.526s][info][gc] GC(446) Pause Young (Allocation Failure) 14M->9M(15M) 0.182ms
[10.527s][info][gc] GC(447) Pause Young (Allocation Failure) 14M->10M(15M) 0.201ms
[10.528s][info][gc] GC(448) Pause Young (Allocation Failure) 14M->9M(15M) 0.166ms
[10.528s][info][gc] GC(449) Pause Young (Allocation Failure) 14M->10M(15M) 0.186ms
[10.529s][info][gc] GC(450) Pause Young (Allocation Failure) 14M->10M(15M) 0.226ms
[10.530s][info][gc] GC(451) Pause Young (Allocation Failure) 15M->15M(15M) 0.025ms
[10.533s][info][gc] GC(452) Pause Full (Allocation Failure) 15M->2M(15M) 3.218ms
[10.534s][info][gc] GC(453) Pause Young (Allocation Failure) 7M->3M(15M) 0.220ms
[10.535s][info][gc] GC(454) Pause Young (Allocation Failure) 8M->3M(15M) 0.184ms
[10.536s][info][gc] GC(455) Pause Young (Allocation Failure) 7M->3M(15M) 0.175ms
[10.537s][info][gc] GC(456) Pause Young (Allocation Failure) 7M->3M(15M) 0.190ms
[10.537s][info][gc] GC(457) Pause Young (Allocation Failure) 8M->3M(15M) 0.178ms
[10.538s][info][gc] GC(458) Pause Young (Allocation Failure) 7M->4M(15M) 0.213ms
[10.539s][info][gc] GC(459) Pause Young (Allocation Failure) 8M->4M(15M) 0.215ms
[10.540s][info][gc] GC(460) Pause Young (Allocation Failure) 8M->4M(15M) 0.175ms
[10.541s][info][gc] GC(461) Pause Young (Allocation Failure) 8M->4M(15M) 0.186ms
[10.542s][info][gc] GC(462) Pause Young (Allocation Failure) 8M->4M(15M) 0.166ms
[10.542s][info][gc] GC(463) Pause Young (Allocation Failure) 8M->4M(15M) 0.160ms
[10.543s][info][gc] GC(464) Pause Young (Allocation Failure) 8M->4M(15M) 0.193ms
[10.544s][info][gc] GC(465) Pause Young (Allocation Failure) 8M->4M(15M) 0.163ms
[10.545s][info][gc] GC(466) Pause Young (Allocation Failure) 8M->4M(15M) 0.183ms
[10.545s][info][gc] GC(467) Pause Young (Allocation Failure) 8M->4M(15M) 0.200ms
[10.546s][info][gc] GC(468) Pause Young (Allocation Failure) 9M->4M(15M) 0.175ms
[10.547s][info][gc] GC(469) Pause Young (Allocation Failure) 8M->4M(15M) 0.164ms
[10.548s][info][gc] GC(470) Pause Young (Allocation Failure) 8M->5M(15M) 0.197ms
[10.549s][info][gc] GC(471) Pause Young (Allocation Failure) 9M->4M(15M) 0.170ms
[10.550s][info][gc] GC(472) Pause Young (Allocation Failure) 9M->4M(15M) 0.180ms
[10.551s][info][gc] GC(473) Pause Young (Allocation Failure) 9M->4M(15M) 0.175ms
[10.551s][info][gc] GC(474) Pause Young (Allocation Failure) 9M->4M(15M) 0.179ms
[10.552s][info][gc] GC(475) Pause Young (Allocation Failure) 9M->5M(15M) 0.144ms
[10.553s][info][gc] GC(476) Pause Young (Allocation Failure) 9M->5M(15M) 0.191ms
[10.554s][info][gc] GC(477) Pause Young (Allocation Failure) 9M->5M(15M) 0.210ms
[10.554s][info][gc] GC(478) Pause Young (Allocation Failure) 10M->5M(15M) 0.168ms
[10.555s][info][gc] GC(479) Pause Young (Allocation Failure) 9M->5M(15M) 0.165ms
[10.556s][info][gc] GC(480) Pause Young (Allocation Failure) 9M->5M(15M) 0.171ms
[10.557s][info][gc] GC(481) Pause Young (Allocation Failure) 9M->5M(15M) 0.182ms
[10.557s][info][gc] GC(482) Pause Young (Allocation Failure) 10M->5M(15M) 0.179ms
[10.558s][info][gc] GC(483) Pause Young (Allocation Failure) 10M->5M(15M) 0.168ms
[10.559s][info][gc] GC(484) Pause Young (Allocation Failure) 9M->5M(15M) 0.165ms
[10.560s][info][gc] GC(485) Pause Young (Allocation Failure) 9M->5M(15M) 0.181ms
[10.561s][info][gc] GC(486) Pause Young (Allocation Failure) 10M->5M(15M) 0.181ms
[10.562s][info][gc] GC(487) Pause Young (Allocation Failure) 10M->5M(15M) 0.162ms
[10.562s][info][gc] GC(488) Pause Young (Allocation Failure) 9M->5M(15M) 0.177ms
[10.563s][info][gc] GC(489) Pause Young (Allocation Failure) 10M->6M(15M) 0.230ms
[10.564s][info][gc] GC(490) Pause Young (Allocation Failure) 10M->6M(15M) 0.163ms
[10.565s][info][gc] GC(491) Pause Young (Allocation Failure) 10M->6M(15M) 0.179ms
[10.566s][info][gc] GC(492) Pause Young (Allocation Failure) 10M->6M(15M) 0.170ms
[10.567s][info][gc] GC(493) Pause Young (Allocation Failure) 10M->6M(15M) 0.161ms
[10.568s][info][gc] GC(494) Pause Young (Allocation Failure) 10M->6M(15M) 0.166ms
[10.568s][info][gc] GC(495) Pause Young (Allocation Failure) 10M->6M(15M) 0.180ms
[10.569s][info][gc] GC(496) Pause Young (Allocation Failure) 10M->6M(15M) 0.168ms
[10.570s][info][gc] GC(497) Pause Young (Allocation Failure) 10M->6M(15M) 0.161ms
[10.571s][info][gc] GC(498) Pause Young (Allocation Failure) 10M->6M(15M) 0.168ms
[10.572s][info][gc] GC(499) Pause Young (Allocation Failure) 10M->6M(15M) 0.200ms
[10.573s][info][gc] GC(500) Pause Young (Allocation Failure) 10M->6M(15M) 0.185ms
[10.574s][info][gc] GC(501) Pause Young (Allocation Failure) 10M->6M(15M) 0.166ms
[10.574s][info][gc] GC(502) Pause Young (Allocation Failure) 10M->6M(15M) 0.191ms
[10.575s][info][gc] GC(503) Pause Young (Allocation Failure) 11M->6M(15M) 0.195ms
[10.576s][info][gc] GC(504) Pause Young (Allocation Failure) 11M->6M(15M) 0.175ms
[10.577s][info][gc] GC(505) Pause Young (Allocation Failure) 10M->6M(15M) 0.174ms
[10.578s][info][gc] GC(506) Pause Young (Allocation Failure) 10M->6M(15M) 0.170ms
[10.578s][info][gc] GC(507) Pause Young (Allocation Failure) 10M->7M(15M) 0.180ms
[10.579s][info][gc] GC(508) Pause Young (Allocation Failure) 11M->7M(15M) 0.177ms
[10.580s][info][gc] GC(509) Pause Young (Allocation Failure) 11M->7M(15M) 0.169ms
[10.581s][info][gc] GC(510) Pause Young (Allocation Failure) 11M->7M(15M) 0.182ms
[10.582s][info][gc] GC(511) Pause Young (Allocation Failure) 11M->7M(15M) 0.162ms
[10.582s][info][gc] GC(512) Pause Young (Allocation Failure) 11M->7M(15M) 0.181ms
[10.583s][info][gc] GC(513) Pause Young (Allocation Failure) 11M->7M(15M) 0.229ms
[10.584s][info][gc] GC(514) Pause Young (Allocation Failure) 12M->7M(15M) 0.225ms
[10.585s][info][gc] GC(515) Pause Young (Allocation Failure) 12M->7M(15M) 0.153ms
[10.586s][info][gc] GC(516) Pause Young (Allocation Failure) 12M->7M(15M) 0.199ms
[10.586s][info][gc] GC(517) Pause Young (Allocation Failure) 12M->7M(15M) 0.185ms
[10.587s][info][gc] GC(518) Pause Young (Allocation Failure) 12M->7M(15M) 0.179ms
[10.588s][info][gc] GC(519) Pause Young (Allocation Failure) 12M->7M(15M) 0.193ms
[10.589s][info][gc] GC(520) Pause Young (Allocation Failure) 12M->8M(15M) 0.226ms
[10.590s][info][gc] GC(521) Pause Young (Allocation Failure) 12M->8M(15M) 0.219ms
[10.591s][info][gc] GC(522) Pause Young (Allocation Failure) 12M->8M(15M) 0.197ms
[10.592s][info][gc] GC(523) Pause Young (Allocation Failure) 12M->8M(15M) 0.170ms
[10.592s][info][gc] GC(524) Pause Young (Allocation Failure) 12M->8M(15M) 0.170ms
[10.593s][info][gc] GC(525) Pause Young (Allocation Failure) 12M->8M(15M) 0.161ms
[10.594s][info][gc] GC(526) Pause Young (Allocation Failure) 12M->7M(15M) 0.149ms
[10.595s][info][gc] GC(527) Pause Young (Allocation Failure) 12M->8M(15M) 0.161ms
[10.596s][info][gc] GC(528) Pause Young (Allocation Failure) 12M->8M(15M) 0.185ms
[10.596s][info][gc] GC(529) Pause Young (Allocation Failure) 12M->8M(15M) 0.132ms
[10.597s][info][gc] GC(530) Pause Young (Allocation Failure) 13M->8M(15M) 0.158ms
[10.598s][info][gc] GC(531) Pause Young (Allocation Failure) 12M->8M(15M) 0.141ms
[10.599s][info][gc] GC(532) Pause Young (Allocation Failure) 12M->8M(15M) 0.176ms
[10.599s][info][gc] GC(533) Pause Young (Allocation Failure) 13M->8M(15M) 0.156ms
[10.600s][info][gc] GC(534) Pause Young (Allocation Failure) 12M->8M(15M) 0.172ms
[10.601s][info][gc] GC(535) Pause Young (Allocation Failure) 13M->8M(15M) 0.181ms
[10.602s][info][gc] GC(536) Pause Young (Allocation Failure) 13M->8M(15M) 0.162ms
[10.602s][info][gc] GC(537) Pause Young (Allocation Failure) 13M->8M(15M) 0.151ms
[10.603s][info][gc] GC(538) Pause Young (Allocation Failure) 12M->8M(15M) 0.166ms
[10.604s][info][gc] GC(539) Pause Young (Allocation Failure) 12M->9M(15M) 0.207ms
[10.605s][info][gc] GC(540) Pause Young (Allocation Failure) 13M->9M(15M) 0.166ms
[10.605s][info][gc] GC(541) Pause Young (Allocation Failure) 13M->9M(15M) 0.156ms
[10.606s][info][gc] GC(542) Pause Young (Allocation Failure) 13M->9M(15M) 0.154ms
[10.607s][info][gc] GC(543) Pause Young (Allocation Failure) 13M->9M(15M) 0.165ms
[10.608s][info][gc] GC(544) Pause Young (Allocation Failure) 13M->9M(15M) 0.177ms
[10.609s][info][gc] GC(545) Pause Young (Allocation Failure) 13M->10M(15M) 0.224ms
[10.609s][info][gc] GC(546) Pause Young (Allocation Failure) 14M->9M(15M) 0.167ms
[10.610s][info][gc] GC(547) Pause Young (Allocation Failure) 14M->10M(15M) 0.179ms
[10.611s][info][gc] GC(548) Pause Young (Allocation Failure) 14M->10M(15M) 0.199ms
[10.612s][info][gc] GC(549) Pause Young (Allocation Failure) 14M->10M(15M) 0.149ms
[10.612s][info][gc] GC(550) Pause Young (Allocation Failure) 14M->10M(15M) 0.201ms
[10.613s][info][gc] GC(551) Pause Young (Allocation Failure) 14M->10M(15M) 0.143ms
[10.614s][info][gc] GC(552) Pause Young (Allocation Failure) 14M->10M(15M) 0.203ms
[10.615s][info][gc] GC(553) Pause Young (Allocation Failure) 15M->15M(15M) 0.025ms
[10.618s][info][gc] GC(554) Pause Full (Allocation Failure) 15M->2M(15M) 3.077ms
[10.619s][info][gc] GC(555) Pause Young (Allocation Failure) 7M->3M(15M) 0.184ms
[10.619s][info][gc] GC(556) Pause Young (Allocation Failure) 7M->2M(15M) 0.166ms
[10.620s][info][gc] GC(557) Pause Young (Allocation Failure) 7M->3M(15M) 0.128ms
[10.621s][info][gc] GC(558) Pause Young (Allocation Failure) 7M->3M(15M) 0.178ms
[10.622s][info][gc] GC(559) Pause Young (Allocation Failure) 7M->2M(15M) 0.163ms
[10.622s][info][gc] GC(560) Pause Young (Allocation Failure) 7M->3M(15M) 0.199ms
[10.623s][info][gc] GC(561) Pause Young (Allocation Failure) 7M->3M(15M) 0.174ms
[10.624s][info][gc] GC(562) Pause Young (Allocation Failure) 7M->3M(15M) 0.191ms
[10.625s][info][gc] GC(563) Pause Young (Allocation Failure) 7M->3M(15M) 0.195ms
[10.626s][info][gc] GC(564) Pause Young (Allocation Failure) 8M->3M(15M) 0.186ms
[10.626s][info][gc] GC(565) Pause Young (Allocation Failure) 8M->3M(15M) 0.167ms
[10.627s][info][gc] GC(566) Pause Young (Allocation Failure) 7M->3M(15M) 0.180ms
[10.628s][info][gc] GC(567) Pause Young (Allocation Failure) 8M->3M(15M) 0.189ms
[10.629s][info][gc] GC(568) Pause Young (Allocation Failure) 8M->3M(15M) 0.184ms
[10.630s][info][gc] GC(569) Pause Young (Allocation Failure) 8M->3M(15M) 0.190ms
[10.631s][info][gc] GC(570) Pause Young (Allocation Failure) 8M->3M(15M) 0.169ms
[10.631s][info][gc] GC(571) Pause Young (Allocation Failure) 8M->3M(15M) 0.168ms
[10.632s][info][gc] GC(572) Pause Young (Allocation Failure) 7M->3M(15M) 0.146ms
[10.633s][info][gc] GC(573) Pause Young (Allocation Failure) 8M->4M(15M) 0.159ms
[10.634s][info][gc] GC(574) Pause Young (Allocation Failure) 8M->4M(15M) 0.176ms
[10.634s][info][gc] GC(575) Pause Young (Allocation Failure) 8M->4M(15M) 0.168ms
[10.635s][info][gc] GC(576) Pause Young (Allocation Failure) 8M->4M(15M) 0.183ms
[10.636s][info][gc] GC(577) Pause Young (Allocation Failure) 8M->4M(15M) 0.163ms
[10.637s][info][gc] GC(578) Pause Young (Allocation Failure) 8M->4M(15M) 0.176ms
[10.637s][info][gc] GC(579) Pause Young (Allocation Failure) 8M->4M(15M) 0.162ms
[10.638s][info][gc] GC(580) Pause Young (Allocation Failure) 8M->4M(15M) 0.171ms
[10.639s][info][gc] GC(581) Pause Young (Allocation Failure) 8M->4M(15M) 0.172ms
[10.640s][info][gc] GC(582) Pause Young (Allocation Failure) 8M->4M(15M) 0.195ms
[10.641s][info][gc] GC(583) Pause Young (Allocation Failure) 8M->4M(15M) 0.171ms
[10.641s][info][gc] GC(584) Pause Young (Allocation Failure) 8M->5M(15M) 0.226ms
[10.642s][info][gc] GC(585) Pause Young (Allocation Failure) 9M->5M(15M) 0.181ms
[10.643s][info][gc] GC(586) Pause Young (Allocation Failure) 9M->5M(15M) 0.185ms
[10.644s][info][gc] GC(587) Pause Young (Allocation Failure) 9M->5M(15M) 0.184ms
[10.645s][info][gc] GC(588) Pause Young (Allocation Failure) 9M->5M(15M) 0.174ms
[10.646s][info][gc] GC(589) Pause Young (Allocation Failure) 9M->5M(15M) 0.177ms
[10.646s][info][gc] GC(590) Pause Young (Allocation Failure) 9M->4M(15M) 0.178ms
[10.647s][info][gc] GC(591) Pause Young (Allocation Failure) 9M->5M(15M) 0.156ms
[10.648s][info][gc] GC(592) Pause Young (Allocation Failure) 10M->5M(15M) 0.175ms
[10.649s][info][gc] GC(593) Pause Young (Allocation Failure) 9M->5M(15M) 0.137ms
[10.650s][info][gc] GC(594) Pause Young (Allocation Failure) 10M->5M(15M) 0.183ms
[10.650s][info][gc] GC(595) Pause Young (Allocation Failure) 10M->5M(15M) 0.184ms
[10.651s][info][gc] GC(596) Pause Young (Allocation Failure) 10M->5M(15M) 0.189ms
[10.652s][info][gc] GC(597) Pause Young (Allocation Failure) 10M->5M(15M) 0.179ms
[10.653s][info][gc] GC(598) Pause Young (Allocation Failure) 10M->5M(15M) 0.173ms
[10.654s][info][gc] GC(599) Pause Young (Allocation Failure) 9M->5M(15M) 0.190ms
[10.655s][info][gc] GC(600) Pause Young (Allocation Failure) 10M->5M(15M) 0.166ms
[10.655s][info][gc] GC(601) Pause Young (Allocation Failure) 9M->5M(15M) 0.161ms
[10.656s][info][gc] GC(602) Pause Young (Allocation Failure) 9M->6M(15M) 0.217ms
[10.657s][info][gc] GC(603) Pause Young (Allocation Failure) 10M->6M(15M) 0.192ms
[10.658s][info][gc] GC(604) Pause Young (Allocation Failure) 10M->6M(15M) 0.183ms
[10.659s][info][gc] GC(605) Pause Young (Allocation Failure) 10M->6M(15M) 0.170ms
[10.659s][info][gc] GC(606) Pause Young (Allocation Failure) 10M->6M(15M) 0.161ms
[10.660s][info][gc] GC(607) Pause Young (Allocation Failure) 10M->6M(15M) 0.186ms
[10.661s][info][gc] GC(608) Pause Young (Allocation Failure) 10M->6M(15M) 0.194ms
[10.662s][info][gc] GC(609) Pause Young (Allocation Failure) 11M->7M(15M) 0.216ms
[10.663s][info][gc] GC(610) Pause Young (Allocation Failure) 11M->7M(15M) 0.167ms
[10.663s][info][gc] GC(611) Pause Young (Allocation Failure) 11M->7M(15M) 0.162ms
[10.664s][info][gc] GC(612) Pause Young (Allocation Failure) 11M->7M(15M) 0.211ms
[10.665s][info][gc] GC(613) Pause Young (Allocation Failure) 12M->7M(15M) 0.178ms
[10.666s][info][gc] GC(614) Pause Young (Allocation Failure) 12M->7M(15M) 0.171ms
[10.667s][info][gc] GC(615) Pause Young (Allocation Failure) 11M->7M(15M) 0.179ms
[10.667s][info][gc] GC(616) Pause Young (Allocation Failure) 12M->7M(15M) 0.170ms
[10.668s][info][gc] GC(617) Pause Young (Allocation Failure) 11M->8M(15M) 0.161ms
[10.669s][info][gc] GC(618) Pause Young (Allocation Failure) 12M->8M(15M) 0.208ms
[10.670s][info][gc] GC(619) Pause Young (Allocation Failure) 12M->8M(15M) 0.176ms
[10.671s][info][gc] GC(620) Pause Young (Allocation Failure) 12M->8M(15M) 0.182ms
[10.672s][info][gc] GC(621) Pause Young (Allocation Failure) 12M->8M(15M) 0.184ms
[10.672s][info][gc] GC(622) Pause Young (Allocation Failure) 12M->8M(15M) 0.180ms
[10.673s][info][gc] GC(623) Pause Young (Allocation Failure) 12M->8M(15M) 0.175ms
[10.674s][info][gc] GC(624) Pause Young (Allocation Failure) 12M->8M(15M) 0.186ms
[10.675s][info][gc] GC(625) Pause Young (Allocation Failure) 12M->8M(15M) 0.204ms
[10.676s][info][gc] GC(626) Pause Young (Allocation Failure) 13M->8M(15M) 0.182ms
[10.676s][info][gc] GC(627) Pause Young (Allocation Failure) 13M->8M(15M) 0.181ms
[10.677s][info][gc] GC(628) Pause Young (Allocation Failure) 13M->8M(15M) 0.185ms
[10.678s][info][gc] GC(629) Pause Young (Allocation Failure) 13M->8M(15M) 0.176ms
[10.679s][info][gc] GC(630) Pause Young (Allocation Failure) 13M->8M(15M) 0.160ms
[10.679s][info][gc] GC(631) Pause Young (Allocation Failure) 13M->9M(15M) 0.205ms
[10.680s][info][gc] GC(632) Pause Young (Allocation Failure) 13M->9M(15M) 0.175ms
[10.681s][info][gc] GC(633) Pause Young (Allocation Failure) 13M->9M(15M) 0.203ms
[10.682s][info][gc] GC(634) Pause Young (Allocation Failure) 14M->9M(15M) 0.182ms
[10.683s][info][gc] GC(635) Pause Young (Allocation Failure) 14M->9M(15M) 0.200ms
[10.684s][info][gc] GC(636) Pause Young (Allocation Failure) 14M->10M(15M) 0.196ms
[10.684s][info][gc] GC(637) Pause Young (Allocation Failure) 14M->10M(15M) 0.209ms
[10.685s][info][gc] GC(638) Pause Young (Allocation Failure) 14M->10M(15M) 0.170ms
[10.686s][info][gc] GC(639) Pause Young (Allocation Failure) 14M->10M(15M) 0.167ms
[10.687s][info][gc] GC(640) Pause Young (Allocation Failure) 14M->10M(15M) 0.167ms
[10.687s][info][gc] GC(641) Pause Young (Allocation Failure) 14M->10M(15M) 0.155ms
[10.688s][info][gc] GC(642) Pause Young (Allocation Failure) 14M->10M(15M) 0.196ms
[10.689s][info][gc] GC(643) Pause Young (Allocation Failure) 15M->15M(15M) 0.025ms
[10.692s][info][gc] GC(644) Pause Full (Allocation Failure) 15M->2M(15M) 3.015ms
[10.693s][info][gc] GC(645) Pause Young (Allocation Failure) 6M->3M(15M) 0.194ms
[10.694s][info][gc] GC(646) Pause Young (Allocation Failure) 7M->3M(15M) 0.172ms
[10.694s][info][gc] GC(647) Pause Young (Allocation Failure) 7M->3M(15M) 0.185ms
[10.695s][info][gc] GC(648) Pause Young (Allocation Failure) 7M->3M(15M) 0.176ms
[10.696s][info][gc] GC(649) Pause Young (Allocation Failure) 7M->3M(15M) 0.187ms
[10.697s][info][gc] GC(650) Pause Young (Allocation Failure) 7M->3M(15M) 0.193ms
[10.698s][info][gc] GC(651) Pause Young (Allocation Failure) 7M->3M(15M) 0.228ms
[10.698s][info][gc] GC(652) Pause Young (Allocation Failure) 8M->3M(15M) 0.169ms
[10.699s][info][gc] GC(653) Pause Young (Allocation Failure) 7M->3M(15M) 0.163ms
[10.700s][info][gc] GC(654) Pause Young (Allocation Failure) 7M->3M(15M) 0.187ms
[10.700s][info][gc] GC(655) Pause Young (Allocation Failure) 7M->3M(15M) 0.163ms
[10.701s][info][gc] GC(656) Pause Young (Allocation Failure) 7M->3M(15M) 0.171ms
[10.702s][info][gc] GC(657) Pause Young (Allocation Failure) 8M->3M(15M) 0.177ms
[10.703s][info][gc] GC(658) Pause Young (Allocation Failure) 8M->4M(15M) 0.212ms
[10.703s][info][gc] GC(659) Pause Young (Allocation Failure) 8M->4M(15M) 0.140ms
[10.704s][info][gc] GC(660) Pause Young (Allocation Failure) 8M->4M(15M) 0.188ms
[10.705s][info][gc] GC(661) Pause Young (Allocation Failure) 8M->4M(15M) 0.174ms
[10.706s][info][gc] GC(662) Pause Young (Allocation Failure) 8M->4M(15M) 0.193ms
[10.707s][info][gc] GC(663) Pause Young (Allocation Failure) 9M->4M(15M) 0.189ms
[10.707s][info][gc] GC(664) Pause Young (Allocation Failure) 9M->4M(15M) 0.162ms
[10.708s][info][gc] GC(665) Pause Young (Allocation Failure) 8M->4M(15M) 0.189ms
[10.709s][info][gc] GC(666) Pause Young (Allocation Failure) 9M->4M(15M) 0.177ms
[10.710s][info][gc] GC(667) Pause Young (Allocation Failure) 9M->4M(15M) 0.179ms
[10.711s][info][gc] GC(668) Pause Young (Allocation Failure) 9M->4M(15M) 0.170ms
[10.711s][info][gc] GC(669) Pause Young (Allocation Failure) 8M->5M(15M) 0.224ms
[10.712s][info][gc] GC(670) Pause Young (Allocation Failure) 9M->5M(15M) 0.166ms
[10.713s][info][gc] GC(671) Pause Young (Allocation Failure) 9M->5M(15M) 0.160ms
[10.714s][info][gc] GC(672) Pause Young (Allocation Failure) 9M->5M(15M) 0.165ms
[10.715s][info][gc] GC(673) Pause Young (Allocation Failure) 9M->5M(15M) 0.165ms
[10.715s][info][gc] GC(674) Pause Young (Allocation Failure) 9M->5M(15M) 0.149ms
[10.716s][info][gc] GC(675) Pause Young (Allocation Failure) 9M->5M(15M) 0.170ms
[10.717s][info][gc] GC(676) Pause Young (Allocation Failure) 9M->5M(15M) 0.184ms
[10.718s][info][gc] GC(677) Pause Young (Allocation Failure) 9M->5M(15M) 0.178ms
[10.719s][info][gc] GC(678) Pause Young (Allocation Failure) 9M->5M(15M) 0.185ms
[10.719s][info][gc] GC(679) Pause Young (Allocation Failure) 9M->5M(15M) 0.178ms
[10.720s][info][gc] GC(680) Pause Young (Allocation Failure) 9M->5M(15M) 0.185ms
[10.721s][info][gc] GC(681) Pause Young (Allocation Failure) 10M->5M(15M) 0.174ms
[10.722s][info][gc] GC(682) Pause Young (Allocation Failure) 9M->6M(15M) 0.168ms
[10.723s][info][gc] GC(683) Pause Young (Allocation Failure) 10M->6M(15M) 0.189ms
[10.723s][info][gc] GC(684) Pause Young (Allocation Failure) 10M->6M(15M) 0.182ms
[10.724s][info][gc] GC(685) Pause Young (Allocation Failure) 10M->6M(15M) 0.196ms
[10.725s][info][gc] GC(686) Pause Young (Allocation Failure) 10M->6M(15M) 0.179ms
[10.726s][info][gc] GC(687) Pause Young (Allocation Failure) 10M->5M(15M) 0.175ms
[10.727s][info][gc] GC(688) Pause Young (Allocation Failure) 10M->6M(15M) 0.180ms
[10.727s][info][gc] GC(689) Pause Young (Allocation Failure) 10M->6M(15M) 0.170ms
[10.728s][info][gc] GC(690) Pause Young (Allocation Failure) 10M->6M(15M) 0.140ms
[10.729s][info][gc] GC(691) Pause Young (Allocation Failure) 10M->6M(15M) 0.213ms
[10.730s][info][gc] GC(692) Pause Young (Allocation Failure) 11M->6M(15M) 0.167ms
[10.731s][info][gc] GC(693) Pause Young (Allocation Failure) 10M->6M(15M) 0.188ms
[10.731s][info][gc] GC(694) Pause Young (Allocation Failure) 11M->7M(15M) 0.168ms
[10.732s][info][gc] GC(695) Pause Young (Allocation Failure) 11M->6M(15M) 0.168ms
[10.733s][info][gc] GC(696) Pause Young (Allocation Failure) 11M->7M(15M) 0.196ms
[10.734s][info][gc] GC(697) Pause Young (Allocation Failure) 11M->7M(15M) 0.176ms
[10.734s][info][gc] GC(698) Pause Young (Allocation Failure) 11M->7M(15M) 0.182ms
[10.735s][info][gc] GC(699) Pause Young (Allocation Failure) 11M->7M(15M) 0.198ms
[10.736s][info][gc] GC(700) Pause Young (Allocation Failure) 11M->7M(15M) 0.166ms
[10.737s][info][gc] GC(701) Pause Young (Allocation Failure) 11M->7M(15M) 0.177ms
[10.738s][info][gc] GC(702) Pause Young (Allocation Failure) 11M->7M(15M) 0.189ms
[10.738s][info][gc] GC(703) Pause Young (Allocation Failure) 11M->7M(15M) 0.180ms
[10.739s][info][gc] GC(704) Pause Young (Allocation Failure) 11M->8M(15M) 0.209ms
[10.740s][info][gc] GC(705) Pause Young (Allocation Failure) 12M->8M(15M) 0.186ms
[10.741s][info][gc] GC(706) Pause Young (Allocation Failure) 12M->8M(15M) 0.202ms
[10.742s][info][gc] GC(707) Pause Young (Allocation Failure) 12M->8M(15M) 0.209ms
[10.743s][info][gc] GC(708) Pause Young (Allocation Failure) 12M->7M(15M) 0.168ms
[10.743s][info][gc] GC(709) Pause Young (Allocation Failure) 12M->8M(15M) 0.178ms
[10.744s][info][gc] GC(710) Pause Young (Allocation Failure) 12M->8M(15M) 0.175ms
[10.745s][info][gc] GC(711) Pause Young (Allocation Failure) 12M->8M(15M) 0.165ms
[10.746s][info][gc] GC(712) Pause Young (Allocation Failure) 12M->8M(15M) 0.170ms
[10.746s][info][gc] GC(713) Pause Young (Allocation Failure) 12M->8M(15M) 0.192ms
[10.747s][info][gc] GC(714) Pause Young (Allocation Failure) 12M->8M(15M) 0.199ms
[10.748s][info][gc] GC(715) Pause Young (Allocation Failure) 13M->8M(15M) 0.183ms
[10.749s][info][gc] GC(716) Pause Young (Allocation Failure) 13M->8M(15M) 0.168ms
[10.749s][info][gc] GC(717) Pause Young (Allocation Failure) 12M->8M(15M) 0.177ms
[10.750s][info][gc] GC(718) Pause Young (Allocation Failure) 12M->8M(15M) 0.171ms
[10.751s][info][gc] GC(719) Pause Young (Allocation Failure) 12M->8M(15M) 0.195ms
[10.752s][info][gc] GC(720) Pause Young (Allocation Failure) 13M->8M(15M) 0.182ms
[10.753s][info][gc] GC(721) Pause Young (Allocation Failure) 13M->9M(15M) 0.197ms
[10.753s][info][gc] GC(722) Pause Young (Allocation Failure) 13M->8M(15M) 0.162ms
[10.754s][info][gc] GC(723) Pause Young (Allocation Failure) 13M->9M(15M) 0.179ms
[10.755s][info][gc] GC(724) Pause Young (Allocation Failure) 13M->9M(15M) 0.183ms
[10.756s][info][gc] GC(725) Pause Young (Allocation Failure) 13M->9M(15M) 0.196ms
[10.757s][info][gc] GC(726) Pause Young (Allocation Failure) 13M->9M(15M) 0.192ms
[10.757s][info][gc] GC(727) Pause Young (Allocation Failure) 13M->9M(15M) 0.187ms
[10.758s][info][gc] GC(728) Pause Young (Allocation Failure) 13M->9M(15M) 0.180ms
[10.759s][info][gc] GC(729) Pause Young (Allocation Failure) 13M->9M(15M) 0.180ms
[10.760s][info][gc] GC(730) Pause Young (Allocation Failure) 13M->9M(15M) 0.163ms
[10.761s][info][gc] GC(731) Pause Young (Allocation Failure) 13M->9M(15M) 0.202ms
[10.761s][info][gc] GC(732) Pause Young (Allocation Failure) 14M->9M(15M) 0.166ms
[10.762s][info][gc] GC(733) Pause Young (Allocation Failure) 13M->9M(15M) 0.168ms
[10.763s][info][gc] GC(734) Pause Young (Allocation Failure) 13M->9M(15M) 0.191ms
[10.764s][info][gc] GC(735) Pause Young (Allocation Failure) 14M->10M(15M) 0.214ms
[10.765s][info][gc] GC(736) Pause Young (Allocation Failure) 14M->10M(15M) 0.147ms
[10.766s][info][gc] GC(737) Pause Young (Allocation Failure) 14M->10M(15M) 0.199ms
[10.766s][info][gc] GC(738) Pause Young (Allocation Failure) 14M->10M(15M) 0.180ms
[10.767s][info][gc] GC(739) Pause Young (Allocation Failure) 14M->10M(15M) 0.218ms
[10.768s][info][gc] GC(740) Pause Young (Allocation Failure) 15M->15M(15M) 0.025ms
[10.771s][info][gc] GC(741) Pause Full (Allocation Failure) 15M->3M(15M) 3.168ms
[10.772s][info][gc] GC(742) Pause Young (Allocation Failure) 7M->3M(15M) 0.196ms
[10.773s][info][gc] GC(743) Pause Young (Allocation Failure) 8M->4M(15M) 0.200ms
[10.774s][info][gc] GC(744) Pause Young (Allocation Failure) 8M->4M(15M) 0.186ms
[10.774s][info][gc] GC(745) Pause Young (Allocation Failure) 8M->4M(15M) 0.192ms
[10.775s][info][gc] GC(746) Pause Young (Allocation Failure) 8M->4M(15M) 0.170ms
[10.776s][info][gc] GC(747) Pause Young (Allocation Failure) 8M->4M(15M) 0.192ms
[10.777s][info][gc] GC(748) Pause Young (Allocation Failure) 8M->4M(15M) 0.224ms
[10.778s][info][gc] GC(749) Pause Young (Allocation Failure) 9M->4M(15M) 0.163ms
[10.778s][info][gc] GC(750) Pause Young (Allocation Failure) 8M->4M(15M) 0.171ms
[10.779s][info][gc] GC(751) Pause Young (Allocation Failure) 8M->5M(15M) 0.190ms
[10.780s][info][gc] GC(752) Pause Young (Allocation Failure) 9M->5M(15M) 0.196ms
[10.781s][info][gc] GC(753) Pause Young (Allocation Failure) 9M->5M(15M) 0.220ms
[10.782s][info][gc] GC(754) Pause Young (Allocation Failure) 10M->5M(15M) 0.183ms
[10.782s][info][gc] GC(755) Pause Young (Allocation Failure) 10M->5M(15M) 0.189ms
[10.783s][info][gc] GC(756) Pause Young (Allocation Failure) 10M->6M(15M) 0.193ms
[10.784s][info][gc] GC(757) Pause Young (Allocation Failure) 10M->6M(15M) 0.167ms
[10.785s][info][gc] GC(758) Pause Young (Allocation Failure) 10M->6M(15M) 0.155ms
[10.786s][info][gc] GC(759) Pause Young (Allocation Failure) 10M->6M(15M) 0.185ms
[10.787s][info][gc] GC(760) Pause Young (Allocation Failure) 10M->6M(15M) 0.175ms
[10.788s][info][gc] GC(761) Pause Young (Allocation Failure) 10M->6M(15M) 0.178ms
[10.788s][info][gc] GC(762) Pause Young (Allocation Failure) 10M->6M(15M) 0.183ms
[10.789s][info][gc] GC(763) Pause Young (Allocation Failure) 10M->6M(15M) 0.153ms
[10.790s][info][gc] GC(764) Pause Young (Allocation Failure) 10M->6M(15M) 0.191ms
[10.791s][info][gc] GC(765) Pause Young (Allocation Failure) 10M->6M(15M) 0.186ms
[10.792s][info][gc] GC(766) Pause Young (Allocation Failure) 10M->6M(15M) 0.193ms
[10.792s][info][gc] GC(767) Pause Young (Allocation Failure) 10M->6M(15M) 0.163ms
[10.793s][info][gc] GC(768) Pause Young (Allocation Failure) 10M->6M(15M) 0.165ms
[10.794s][info][gc] GC(769) Pause Young (Allocation Failure) 10M->6M(15M) 0.176ms
[10.795s][info][gc] GC(770) Pause Young (Allocation Failure) 11M->6M(15M) 0.168ms
[10.796s][info][gc] GC(771) Pause Young (Allocation Failure) 10M->6M(15M) 0.176ms
[10.797s][info][gc] GC(772) Pause Young (Allocation Failure) 10M->6M(15M) 0.186ms
[10.797s][info][gc] GC(773) Pause Young (Allocation Failure) 11M->6M(15M) 0.196ms
[10.798s][info][gc] GC(774) Pause Young (Allocation Failure) 11M->7M(15M) 0.219ms
[10.799s][info][gc] GC(775) Pause Young (Allocation Failure) 11M->7M(15M) 0.167ms
[10.800s][info][gc] GC(776) Pause Young (Allocation Failure) 11M->7M(15M) 0.183ms
[10.800s][info][gc] GC(777) Pause Young (Allocation Failure) 11M->7M(15M) 0.178ms
[10.801s][info][gc] GC(778) Pause Young (Allocation Failure) 11M->7M(15M) 0.163ms
[10.802s][info][gc] GC(779) Pause Young (Allocation Failure) 11M->7M(15M) 0.171ms
[10.803s][info][gc] GC(780) Pause Young (Allocation Failure) 11M->7M(15M) 0.166ms
[10.803s][info][gc] GC(781) Pause Young (Allocation Failure) 11M->7M(15M) 0.212ms
[10.804s][info][gc] GC(782) Pause Young (Allocation Failure) 12M->8M(15M) 0.219ms
[10.805s][info][gc] GC(783) Pause Young (Allocation Failure) 12M->8M(15M) 0.186ms
[10.806s][info][gc] GC(784) Pause Young (Allocation Failure) 12M->8M(15M) 0.177ms
[10.807s][info][gc] GC(785) Pause Young (Allocation Failure) 12M->7M(15M) 0.161ms
[10.808s][info][gc] GC(786) Pause Young (Allocation Failure) 12M->8M(15M) 0.187ms
[10.808s][info][gc] GC(787) Pause Young (Allocation Failure) 12M->8M(15M) 0.218ms
[10.809s][info][gc] GC(788) Pause Young (Allocation Failure) 13M->8M(15M) 0.173ms
[10.810s][info][gc] GC(789) Pause Young (Allocation Failure) 12M->8M(15M) 0.165ms
[10.811s][info][gc] GC(790) Pause Young (Allocation Failure) 12M->8M(15M) 0.192ms
[10.812s][info][gc] GC(791) Pause Young (Allocation Failure) 13M->9M(15M) 0.150ms
[10.813s][info][gc] GC(792) Pause Young (Allocation Failure) 13M->8M(15M) 0.168ms
[10.813s][info][gc] GC(793) Pause Young (Allocation Failure) 12M->8M(15M) 0.162ms
[10.814s][info][gc] GC(794) Pause Young (Allocation Failure) 12M->9M(15M) 0.200ms
[10.815s][info][gc] GC(795) Pause Young (Allocation Failure) 13M->9M(15M) 0.172ms
[10.815s][info][gc] GC(796) Pause Young (Allocation Failure) 13M->9M(15M) 0.205ms
[10.816s][info][gc] GC(797) Pause Young (Allocation Failure) 13M->9M(15M) 0.175ms
[10.817s][info][gc] GC(798) Pause Young (Allocation Failure) 13M->9M(15M) 0.213ms
[10.818s][info][gc] GC(799) Pause Young (Allocation Failure) 13M->10M(15M) 0.220ms
[10.819s][info][gc] GC(800) Pause Young (Allocation Failure) 14M->9M(15M) 0.181ms
[10.820s][info][gc] GC(801) Pause Young (Allocation Failure) 14M->10M(15M) 0.200ms
[10.820s][info][gc] GC(802) Pause Young (Allocation Failure) 14M->10M(15M) 0.136ms
[10.821s][info][gc] GC(803) Pause Young (Allocation Failure) 14M->10M(15M) 0.182ms
[10.822s][info][gc] GC(804) Pause Young (Allocation Failure) 14M->10M(15M) 0.242ms
[10.823s][info][gc] GC(805) Pause Young (Allocation Failure) 15M->15M(15M) 0.025ms
[10.826s][info][gc] GC(806) Pause Full (Allocation Failure) 15M->3M(15M) 3.189ms
[10.827s][info][gc] GC(807) Pause Young (Allocation Failure) 7M->3M(15M) 0.177ms
[10.828s][info][gc] GC(808) Pause Young (Allocation Failure) 7M->3M(15M) 0.186ms
[10.828s][info][gc] GC(809) Pause Young (Allocation Failure) 8M->3M(15M) 0.170ms
[10.829s][info][gc] GC(810) Pause Young (Allocation Failure) 7M->3M(15M) 0.183ms
[10.830s][info][gc] GC(811) Pause Young (Allocation Failure) 8M->3M(15M) 0.197ms
[10.831s][info][gc] GC(812) Pause Young (Allocation Failure) 8M->3M(15M) 0.183ms
[10.831s][info][gc] GC(813) Pause Young (Allocation Failure) 8M->3M(15M) 0.183ms
[10.832s][info][gc] GC(814) Pause Young (Allocation Failure) 8M->4M(15M) 0.198ms
[10.833s][info][gc] GC(815) Pause Young (Allocation Failure) 8M->4M(15M) 0.184ms
[10.834s][info][gc] GC(816) Pause Young (Allocation Failure) 8M->4M(15M) 0.183ms
[10.835s][info][gc] GC(817) Pause Young (Allocation Failure) 8M->3M(15M) 0.168ms
[10.836s][info][gc] GC(818) Pause Young (Allocation Failure) 8M->4M(15M) 0.190ms
[10.836s][info][gc] GC(819) Pause Young (Allocation Failure) 8M->4M(15M) 0.185ms
[10.837s][info][gc] GC(820) Pause Young (Allocation Failure) 8M->4M(15M) 0.172ms
[10.838s][info][gc] GC(821) Pause Young (Allocation Failure) 8M->4M(15M) 0.177ms
[10.839s][info][gc] GC(822) Pause Young (Allocation Failure) 8M->4M(15M) 0.165ms
[10.839s][info][gc] GC(823) Pause Young (Allocation Failure) 8M->4M(15M) 0.169ms
[10.840s][info][gc] GC(824) Pause Young (Allocation Failure) 8M->4M(15M) 0.197ms
[10.841s][info][gc] GC(825) Pause Young (Allocation Failure) 8M->4M(15M) 0.191ms
[10.842s][info][gc] GC(826) Pause Young (Allocation Failure) 9M->4M(15M) 0.181ms
[10.843s][info][gc] GC(827) Pause Young (Allocation Failure) 9M->4M(15M) 0.182ms
[10.843s][info][gc] GC(828) Pause Young (Allocation Failure) 8M->4M(15M) 0.178ms
[10.844s][info][gc] GC(829) Pause Young (Allocation Failure) 9M->4M(15M) 0.187ms
[10.845s][info][gc] GC(830) Pause Young (Allocation Failure) 9M->4M(15M) 0.173ms
[10.846s][info][gc] GC(831) Pause Young (Allocation Failure) 8M->4M(15M) 0.171ms
[10.847s][info][gc] GC(832) Pause Young (Allocation Failure) 8M->5M(15M) 0.204ms
[10.847s][info][gc] GC(833) Pause Young (Allocation Failure) 9M->5M(15M) 0.188ms
[10.848s][info][gc] GC(834) Pause Young (Allocation Failure) 9M->5M(15M) 0.178ms
[10.849s][info][gc] GC(835) Pause Young (Allocation Failure) 9M->5M(15M) 0.189ms
[10.850s][info][gc] GC(836) Pause Young (Allocation Failure) 9M->5M(15M) 0.171ms
[10.850s][info][gc] GC(837) Pause Young (Allocation Failure) 9M->5M(15M) 0.194ms
[10.851s][info][gc] GC(838) Pause Young (Allocation Failure) 9M->5M(15M) 0.186ms
[10.852s][info][gc] GC(839) Pause Young (Allocation Failure) 9M->5M(15M) 0.164ms
[10.853s][info][gc] GC(840) Pause Young (Allocation Failure) 9M->5M(15M) 0.170ms
[10.853s][info][gc] GC(841) Pause Young (Allocation Failure) 9M->5M(15M) 0.179ms
[10.854s][info][gc] GC(842) Pause Young (Allocation Failure) 9M->5M(15M) 0.182ms
[10.855s][info][gc] GC(843) Pause Young (Allocation Failure) 9M->5M(15M) 0.188ms
[10.856s][info][gc] GC(844) Pause Young (Allocation Failure) 10M->5M(15M) 0.184ms
[10.857s][info][gc] GC(845) Pause Young (Allocation Failure) 9M->5M(15M) 0.178ms
[10.857s][info][gc] GC(846) Pause Young (Allocation Failure) 9M->6M(15M) 0.215ms
[10.858s][info][gc] GC(847) Pause Young (Allocation Failure) 10M->6M(15M) 0.185ms
[10.859s][info][gc] GC(848) Pause Young (Allocation Failure) 10M->5M(15M) 0.169ms
[10.860s][info][gc] GC(849) Pause Young (Allocation Failure) 10M->5M(15M) 0.164ms
[10.861s][info][gc] GC(850) Pause Young (Allocation Failure) 10M->6M(15M) 0.214ms
[10.862s][info][gc] GC(851) Pause Young (Allocation Failure) 10M->6M(15M) 0.191ms
[10.862s][info][gc] GC(852) Pause Young (Allocation Failure) 10M->6M(15M) 0.211ms
[10.863s][info][gc] GC(853) Pause Young (Allocation Failure) 11M->6M(15M) 0.168ms
[10.864s][info][gc] GC(854) Pause Young (Allocation Failure) 10M->6M(15M) 0.170ms
[10.865s][info][gc] GC(855) Pause Young (Allocation Failure) 10M->6M(15M) 0.166ms
[10.866s][info][gc] GC(856) Pause Young (Allocation Failure) 10M->6M(15M) 0.199ms
[10.866s][info][gc] GC(857) Pause Young (Allocation Failure) 11M->6M(15M) 0.177ms
[10.867s][info][gc] GC(858) Pause Young (Allocation Failure) 10M->7M(15M) 0.212ms
[10.868s][info][gc] GC(859) Pause Young (Allocation Failure) 11M->6M(15M) 0.164ms
[10.869s][info][gc] GC(860) Pause Young (Allocation Failure) 11M->7M(15M) 0.182ms
[10.870s][info][gc] GC(861) Pause Young (Allocation Failure) 11M->6M(15M) 0.171ms
[10.870s][info][gc] GC(862) Pause Young (Allocation Failure) 11M->7M(15M) 0.187ms
[10.871s][info][gc] GC(863) Pause Young (Allocation Failure) 11M->6M(15M) 0.167ms
[10.872s][info][gc] GC(864) Pause Young (Allocation Failure) 11M->7M(15M) 0.194ms
[10.873s][info][gc] GC(865) Pause Young (Allocation Failure) 11M->7M(15M) 0.174ms
[10.874s][info][gc] GC(866) Pause Young (Allocation Failure) 11M->6M(15M) 0.166ms
[10.874s][info][gc] GC(867) Pause Young (Allocation Failure) 11M->7M(15M) 0.209ms
[10.875s][info][gc] GC(868) Pause Young (Allocation Failure) 12M->7M(15M) 0.180ms
[10.876s][info][gc] GC(869) Pause Young (Allocation Failure) 11M->7M(15M) 0.188ms
[10.877s][info][gc] GC(870) Pause Young (Allocation Failure) 12M->8M(15M) 0.160ms
[10.878s][info][gc] GC(871) Pause Young (Allocation Failure) 12M->7M(15M) 0.163ms
[10.878s][info][gc] GC(872) Pause Young (Allocation Failure) 12M->8M(15M) 0.159ms
[10.879s][info][gc] GC(873) Pause Young (Allocation Failure) 12M->8M(15M) 0.178ms
[10.880s][info][gc] GC(874) Pause Young (Allocation Failure) 13M->8M(15M) 0.163ms
[10.881s][info][gc] GC(875) Pause Young (Allocation Failure) 12M->8M(15M) 0.166ms
[10.882s][info][gc] GC(876) Pause Young (Allocation Failure) 12M->8M(15M) 0.181ms
[10.883s][info][gc] GC(877) Pause Young (Allocation Failure) 13M->9M(15M) 0.217ms
[10.883s][info][gc] GC(878) Pause Young (Allocation Failure) 13M->9M(15M) 0.178ms
[10.884s][info][gc] GC(879) Pause Young (Allocation Failure) 13M->9M(15M) 0.173ms
[10.885s][info][gc] GC(880) Pause Young (Allocation Failure) 13M->9M(15M) 0.208ms
[10.886s][info][gc] GC(881) Pause Young (Allocation Failure) 13M->9M(15M) 0.166ms
[10.887s][info][gc] GC(882) Pause Young (Allocation Failure) 13M->9M(15M) 0.174ms
[10.888s][info][gc] GC(883) Pause Young (Allocation Failure) 13M->9M(15M) 0.187ms
[10.888s][info][gc] GC(884) Pause Young (Allocation Failure) 14M->9M(15M) 0.196ms
[10.889s][info][gc] GC(885) Pause Young (Allocation Failure) 14M->9M(15M) 0.166ms
[10.890s][info][gc] GC(886) Pause Young (Allocation Failure) 13M->10M(15M) 0.192ms
[10.891s][info][gc] GC(887) Pause Young (Allocation Failure) 14M->10M(15M) 0.217ms
[10.891s][info][gc] GC(888) Pause Young (Allocation Failure) 14M->14M(15M) 0.025ms
[10.894s][info][gc] GC(889) Pause Full (Allocation Failure) 14M->3M(15M) 3.251ms
[10.895s][info][gc] GC(890) Pause Young (Allocation Failure) 7M->3M(15M) 0.198ms
[10.896s][info][gc] GC(891) Pause Young (Allocation Failure) 8M->3M(15M) 0.191ms
[10.897s][info][gc] GC(892) Pause Young (Allocation Failure) 8M->4M(15M) 0.201ms
[10.898s][info][gc] GC(893) Pause Young (Allocation Failure) 8M->4M(15M) 0.212ms
[10.899s][info][gc] GC(894) Pause Young (Allocation Failure) 8M->4M(15M) 0.180ms
[10.900s][info][gc] GC(895) Pause Young (Allocation Failure) 8M->4M(15M) 0.180ms
[10.900s][info][gc] GC(896) Pause Young (Allocation Failure) 8M->4M(15M) 0.185ms
[10.901s][info][gc] GC(897) Pause Young (Allocation Failure) 8M->4M(15M) 0.169ms
[10.902s][info][gc] GC(898) Pause Young (Allocation Failure) 8M->4M(15M) 0.182ms
[10.903s][info][gc] GC(899) Pause Young (Allocation Failure) 8M->4M(15M) 0.170ms
[10.903s][info][gc] GC(900) Pause Young (Allocation Failure) 9M->5M(15M) 0.222ms
[10.904s][info][gc] GC(901) Pause Young (Allocation Failure) 9M->5M(15M) 0.182ms
[10.905s][info][gc] GC(902) Pause Young (Allocation Failure) 9M->5M(15M) 0.153ms
[10.906s][info][gc] GC(903) Pause Young (Allocation Failure) 9M->5M(15M) 0.177ms
[10.907s][info][gc] GC(904) Pause Young (Allocation Failure) 9M->5M(15M) 0.188ms
[10.908s][info][gc] GC(905) Pause Young (Allocation Failure) 10M->6M(15M) 0.211ms
[10.909s][info][gc] GC(906) Pause Young (Allocation Failure) 10M->6M(15M) 0.222ms
[10.909s][info][gc] GC(907) Pause Young (Allocation Failure) 11M->6M(15M) 0.177ms
[10.910s][info][gc] GC(908) Pause Young (Allocation Failure) 10M->7M(15M) 0.222ms
[10.911s][info][gc] GC(909) Pause Young (Allocation Failure) 11M->7M(15M) 0.176ms
[10.912s][info][gc] GC(910) Pause Young (Allocation Failure) 11M->6M(15M) 0.170ms
[10.913s][info][gc] GC(911) Pause Young (Allocation Failure) 11M->7M(15M) 0.199ms
[10.914s][info][gc] GC(912) Pause Young (Allocation Failure) 11M->7M(15M) 0.179ms
[10.914s][info][gc] GC(913) Pause Young (Allocation Failure) 11M->7M(15M) 0.148ms
[10.915s][info][gc] GC(914) Pause Young (Allocation Failure) 11M->7M(15M) 0.193ms
[10.916s][info][gc] GC(915) Pause Young (Allocation Failure) 12M->7M(15M) 0.188ms
[10.917s][info][gc] GC(916) Pause Young (Allocation Failure) 12M->7M(15M) 0.174ms
[10.918s][info][gc] GC(917) Pause Young (Allocation Failure) 11M->7M(15M) 0.182ms
[10.919s][info][gc] GC(918) Pause Young (Allocation Failure) 12M->7M(15M) 0.179ms
[10.919s][info][gc] GC(919) Pause Young (Allocation Failure) 12M->7M(15M) 0.161ms
[10.920s][info][gc] GC(920) Pause Young (Allocation Failure) 11M->7M(15M) 0.176ms
[10.921s][info][gc] GC(921) Pause Young (Allocation Failure) 12M->7M(15M) 0.189ms
[10.922s][info][gc] GC(922) Pause Young (Allocation Failure) 12M->8M(15M) 0.194ms
[10.922s][info][gc] GC(923) Pause Young (Allocation Failure) 12M->8M(15M) 0.211ms
[10.923s][info][gc] GC(924) Pause Young (Allocation Failure) 12M->8M(15M) 0.184ms
[10.924s][info][gc] GC(925) Pause Young (Allocation Failure) 12M->9M(15M) 0.231ms
[10.925s][info][gc] GC(926) Pause Young (Allocation Failure) 13M->9M(15M) 0.171ms
[10.926s][info][gc] GC(927) Pause Young (Allocation Failure) 13M->9M(15M) 0.170ms
[10.926s][info][gc] GC(928) Pause Young (Allocation Failure) 13M->9M(15M) 0.169ms
[10.927s][info][gc] GC(929) Pause Young (Allocation Failure) 13M->9M(15M) 0.178ms
[10.928s][info][gc] GC(930) Pause Young (Allocation Failure) 14M->9M(15M) 0.179ms
[10.929s][info][gc] GC(931) Pause Young (Allocation Failure) 14M->9M(15M) 0.161ms
[10.929s][info][gc] GC(932) Pause Young (Allocation Failure) 13M->9M(15M) 0.181ms
[10.930s][info][gc] GC(933) Pause Young (Allocation Failure) 14M->9M(15M) 0.163ms
[10.931s][info][gc] GC(934) Pause Young (Allocation Failure) 13M->10M(15M) 0.200ms
[10.932s][info][gc] GC(935) Pause Young (Allocation Failure) 14M->10M(15M) 0.173ms
[10.933s][info][gc] GC(936) Pause Young (Allocation Failure) 14M->10M(15M) 0.193ms
[10.934s][info][gc] GC(937) Pause Young (Allocation Failure) 14M->10M(15M) 0.188ms
[10.934s][info][gc] GC(938) Pause Young (Allocation Failure) 14M->10M(15M) 0.170ms
[10.935s][info][gc] GC(939) Pause Young (Allocation Failure) 14M->10M(15M) 0.188ms
[10.936s][info][gc] GC(940) Pause Young (Allocation Failure) 15M->10M(15M) 0.222ms
[10.937s][info][gc] GC(941) Pause Young (Allocation Failure) 14M->10M(15M) 0.232ms
[10.938s][info][gc] GC(942) Pause Young (Allocation Failure) 15M->15M(15M) 0.025ms
[10.941s][info][gc] GC(943) Pause Full (Allocation Failure) 15M->2M(15M) 3.229ms
[10.942s][info][gc] GC(944) Pause Young (Allocation Failure) 7M->3M(15M) 0.189ms
[10.943s][info][gc] GC(945) Pause Young (Allocation Failure) 7M->3M(15M) 0.174ms
[10.943s][info][gc] GC(946) Pause Young (Allocation Failure) 7M->3M(15M) 0.187ms
[10.944s][info][gc] GC(947) Pause Young (Allocation Failure) 7M->3M(15M) 0.183ms
[10.945s][info][gc] GC(948) Pause Young (Allocation Failure) 7M->3M(15M) 0.160ms
[10.946s][info][gc] GC(949) Pause Young (Allocation Failure) 7M->3M(15M) 0.160ms
[10.947s][info][gc] GC(950) Pause Young (Allocation Failure) 7M->3M(15M) 0.176ms
[10.947s][info][gc] GC(951) Pause Young (Allocation Failure) 7M->3M(15M) 0.171ms
[10.948s][info][gc] GC(952) Pause Young (Allocation Failure) 7M->3M(15M) 0.161ms
[10.949s][info][gc] GC(953) Pause Young (Allocation Failure) 7M->3M(15M) 0.188ms
[10.950s][info][gc] GC(954) Pause Young (Allocation Failure) 7M->3M(15M) 0.244ms
[10.951s][info][gc] GC(955) Pause Young (Allocation Failure) 8M->3M(15M) 0.171ms
[10.951s][info][gc] GC(956) Pause Young (Allocation Failure) 7M->3M(15M) 0.164ms
[10.952s][info][gc] GC(957) Pause Young (Allocation Failure) 7M->3M(15M) 0.168ms
[10.953s][info][gc] GC(958) Pause Young (Allocation Failure) 7M->3M(15M) 0.181ms
[10.954s][info][gc] GC(959) Pause Young (Allocation Failure) 8M->3M(15M) 0.177ms
[10.955s][info][gc] GC(960) Pause Young (Allocation Failure) 8M->3M(15M) 0.158ms
[10.955s][info][gc] GC(961) Pause Young (Allocation Failure) 7M->3M(15M) 0.183ms
[10.956s][info][gc] GC(962) Pause Young (Allocation Failure) 7M->3M(15M) 0.169ms
[10.957s][info][gc] GC(963) Pause Young (Allocation Failure) 7M->3M(15M) 0.156ms
[10.958s][info][gc] GC(964) Pause Young (Allocation Failure) 7M->3M(15M) 0.172ms
[10.958s][info][gc] GC(965) Pause Young (Allocation Failure) 7M->4M(15M) 0.193ms
[10.959s][info][gc] GC(966) Pause Young (Allocation Failure) 8M->3M(15M) 0.169ms
[10.960s][info][gc] GC(967) Pause Young (Allocation Failure) 8M->4M(15M) 0.176ms
[10.961s][info][gc] GC(968) Pause Young (Allocation Failure) 8M->3M(15M) 0.160ms
[10.962s][info][gc] GC(969) Pause Young (Allocation Failure) 7M->3M(15M) 0.158ms
[10.962s][info][gc] GC(970) Pause Young (Allocation Failure) 7M->4M(15M) 0.185ms
[10.963s][info][gc] GC(971) Pause Young (Allocation Failure) 8M->4M(15M) 0.293ms
[10.964s][info][gc] GC(972) Pause Young (Allocation Failure) 8M->4M(15M) 0.193ms
[10.965s][info][gc] GC(973) Pause Young (Allocation Failure) 8M->4M(15M) 0.197ms
[10.966s][info][gc] GC(974) Pause Young (Allocation Failure) 9M->5M(15M) 0.193ms
[10.966s][info][gc] GC(975) Pause Young (Allocation Failure) 9M->5M(15M) 0.192ms
[10.967s][info][gc] GC(976) Pause Young (Allocation Failure) 9M->5M(15M) 0.214ms
[10.968s][info][gc] GC(977) Pause Young (Allocation Failure) 10M->6M(15M) 0.167ms
[10.969s][info][gc] GC(978) Pause Young (Allocation Failure) 10M->5M(15M) 0.160ms
[10.970s][info][gc] GC(979) Pause Young (Allocation Failure) 10M->5M(15M) 0.171ms
[10.970s][info][gc] GC(980) Pause Young (Allocation Failure) 10M->6M(15M) 0.183ms
[10.971s][info][gc] GC(981) Pause Young (Allocation Failure) 10M->6M(15M) 0.171ms
[10.972s][info][gc] GC(982) Pause Young (Allocation Failure) 10M->6M(15M) 0.186ms
[10.973s][info][gc] GC(983) Pause Young (Allocation Failure) 10M->6M(15M) 0.167ms
[10.973s][info][gc] GC(984) Pause Young (Allocation Failure) 10M->6M(15M) 0.175ms
[10.974s][info][gc] GC(985) Pause Young (Allocation Failure) 10M->6M(15M) 0.173ms
[10.975s][info][gc] GC(986) Pause Young (Allocation Failure) 10M->6M(15M) 0.175ms
[10.976s][info][gc] GC(987) Pause Young (Allocation Failure) 10M->6M(15M) 0.182ms
[10.977s][info][gc] GC(988) Pause Young (Allocation Failure) 10M->6M(15M) 0.173ms
[10.977s][info][gc] GC(989) Pause Young (Allocation Failure) 10M->6M(15M) 0.141ms
[10.978s][info][gc] GC(990) Pause Young (Allocation Failure) 10M->6M(15M) 0.163ms
[10.979s][info][gc] GC(991) Pause Young (Allocation Failure) 10M->6M(15M) 0.168ms
[10.980s][info][gc] GC(992) Pause Young (Allocation Failure) 10M->6M(15M) 0.200ms
[10.981s][info][gc] GC(993) Pause Young (Allocation Failure) 11M->6M(15M) 0.175ms
[10.981s][info][gc] GC(994) Pause Young (Allocation Failure) 11M->6M(15M) 0.162ms
[10.982s][info][gc] GC(995) Pause Young (Allocation Failure) 10M->6M(15M) 0.164ms
[10.983s][info][gc] GC(996) Pause Young (Allocation Failure) 10M->6M(15M) 0.181ms
[10.984s][info][gc] GC(997) Pause Young (Allocation Failure) 11M->6M(15M) 0.163ms
[10.984s][info][gc] GC(998) Pause Young (Allocation Failure) 11M->6M(15M) 0.159ms
[10.985s][info][gc] GC(999) Pause Young (Allocation Failure) 10M->6M(15M) 0.176ms
[10.986s][info][gc] GC(1000) Pause Young (Allocation Failure) 10M->7M(15M) 0.198ms
[10.987s][info][gc] GC(1001) Pause Young (Allocation Failure) 11M->7M(15M) 0.172ms
[10.987s][info][gc] GC(1002) Pause Young (Allocation Failure) 11M->7M(15M) 0.187ms
[10.988s][info][gc] GC(1003) Pause Young (Allocation Failure) 11M->7M(15M) 0.190ms
[10.989s][info][gc] GC(1004) Pause Young (Allocation Failure) 11M->7M(15M) 0.166ms
[10.990s][info][gc] GC(1005) Pause Young (Allocation Failure) 11M->7M(15M) 0.321ms
[10.991s][info][gc] GC(1006) Pause Young (Allocation Failure) 11M->7M(15M) 0.194ms
[10.991s][info][gc] GC(1007) Pause Young (Allocation Failure) 12M->7M(15M) 0.177ms
[10.992s][info][gc] GC(1008) Pause Young (Allocation Failure) 12M->7M(15M) 0.171ms
[10.993s][info][gc] GC(1009) Pause Young (Allocation Failure) 11M->8M(15M) 0.204ms
[10.994s][info][gc] GC(1010) Pause Young (Allocation Failure) 12M->8M(15M) 0.168ms
[10.994s][info][gc] GC(1011) Pause Young (Allocation Failure) 12M->8M(15M) 0.198ms
[10.995s][info][gc] GC(1012) Pause Young (Allocation Failure) 12M->8M(15M) 0.184ms
[10.996s][info][gc] GC(1013) Pause Young (Allocation Failure) 12M->9M(15M) 0.204ms
[10.997s][info][gc] GC(1014) Pause Young (Allocation Failure) 13M->8M(15M) 0.172ms
[10.998s][info][gc] GC(1015) Pause Young (Allocation Failure) 13M->9M(15M) 0.180ms
[10.998s][info][gc] GC(1016) Pause Young (Allocation Failure) 13M->8M(15M) 0.167ms
[10.999s][info][gc] GC(1017) Pause Young (Allocation Failure) 13M->9M(15M) 0.197ms
[11.000s][info][gc] GC(1018) Pause Young (Allocation Failure) 13M->9M(15M) 0.177ms
[11.001s][info][gc] GC(1019) Pause Young (Allocation Failure) 13M->9M(15M) 0.168ms
[11.001s][info][gc] GC(1020) Pause Young (Allocation Failure) 13M->9M(15M) 0.188ms
[11.002s][info][gc] GC(1021) Pause Young (Allocation Failure) 14M->9M(15M) 0.180ms
[11.003s][info][gc] GC(1022) Pause Young (Allocation Failure) 14M->10M(15M) 0.193ms
[11.004s][info][gc] GC(1023) Pause Young (Allocation Failure) 14M->10M(15M) 0.184ms
[11.005s][info][gc] GC(1024) Pause Young (Allocation Failure) 14M->10M(15M) 0.177ms
[11.005s][info][gc] GC(1025) Pause Young (Allocation Failure) 14M->10M(15M) 0.124ms
[11.006s][info][gc] GC(1026) Pause Young (Allocation Failure) 14M->10M(15M) 0.186ms
[11.007s][info][gc] GC(1027) Pause Young (Allocation Failure) 14M->10M(15M) 0.212ms
[11.008s][info][gc] GC(1028) Pause Young (Allocation Failure) 15M->15M(15M) 0.025ms
[11.011s][info][gc] GC(1029) Pause Full (Allocation Failure) 15M->3M(15M) 3.137ms
[11.012s][info][gc] GC(1030) Pause Young (Allocation Failure) 7M->3M(15M) 0.183ms
[11.012s][info][gc] GC(1031) Pause Young (Allocation Failure) 8M->3M(15M) 0.162ms
[11.013s][info][gc] GC(1032) Pause Young (Allocation Failure) 7M->4M(15M) 0.246ms
[11.014s][info][gc] GC(1033) Pause Young (Allocation Failure) 8M->4M(15M) 0.202ms
[11.015s][info][gc] GC(1034) Pause Young (Allocation Failure) 8M->4M(15M) 0.167ms
[11.016s][info][gc] GC(1035) Pause Young (Allocation Failure) 8M->4M(15M) 0.157ms
[11.017s][info][gc] GC(1036) Pause Young (Allocation Failure) 8M->4M(15M) 0.196ms
[11.017s][info][gc] GC(1037) Pause Young (Allocation Failure) 8M->4M(15M) 0.166ms
[11.018s][info][gc] GC(1038) Pause Young (Allocation Failure) 8M->4M(15M) 0.184ms
[11.019s][info][gc] GC(1039) Pause Young (Allocation Failure) 8M->5M(15M) 0.205ms
[11.020s][info][gc] GC(1040) Pause Young (Allocation Failure) 9M->4M(15M) 0.172ms
[11.020s][info][gc] GC(1041) Pause Young (Allocation Failure) 9M->5M(15M) 0.177ms
[11.021s][info][gc] GC(1042) Pause Young (Allocation Failure) 9M->5M(15M) 0.184ms
[11.022s][info][gc] GC(1043) Pause Young (Allocation Failure) 9M->5M(15M) 0.206ms
[11.023s][info][gc] GC(1044) Pause Young (Allocation Failure) 10M->5M(15M) 0.179ms
[11.024s][info][gc] GC(1045) Pause Young (Allocation Failure) 9M->6M(15M) 0.204ms
[11.024s][info][gc] GC(1046) Pause Young (Allocation Failure) 10M->6M(15M) 0.207ms
[11.025s][info][gc] GC(1047) Pause Young (Allocation Failure) 10M->6M(15M) 0.188ms
[11.026s][info][gc] GC(1048) Pause Young (Allocation Failure) 10M->6M(15M) 0.165ms
[11.027s][info][gc] GC(1049) Pause Young (Allocation Failure) 10M->6M(15M) 0.179ms
[11.027s][info][gc] GC(1050) Pause Young (Allocation Failure) 10M->6M(15M) 0.188ms
[11.028s][info][gc] GC(1051) Pause Young (Allocation Failure) 10M->6M(15M) 0.200ms
[11.029s][info][gc] GC(1052) Pause Young (Allocation Failure) 11M->7M(15M) 0.211ms
[11.030s][info][gc] GC(1053) Pause Young (Allocation Failure) 11M->7M(15M) 0.184ms
[11.031s][info][gc] GC(1054) Pause Young (Allocation Failure) 11M->7M(15M) 0.179ms
[11.032s][info][gc] GC(1055) Pause Young (Allocation Failure) 11M->6M(15M) 0.166ms
[11.032s][info][gc] GC(1056) Pause Young (Allocation Failure) 11M->7M(15M) 0.183ms
[11.033s][info][gc] GC(1057) Pause Young (Allocation Failure) 11M->6M(15M) 0.166ms
[11.034s][info][gc] GC(1058) Pause Young (Allocation Failure) 11M->7M(15M) 0.199ms
[11.035s][info][gc] GC(1059) Pause Young (Allocation Failure) 11M->7M(15M) 0.181ms
[11.035s][info][gc] GC(1060) Pause Young (Allocation Failure) 11M->7M(15M) 0.175ms
[11.036s][info][gc] GC(1061) Pause Young (Allocation Failure) 11M->7M(15M) 0.192ms
[11.037s][info][gc] GC(1062) Pause Young (Allocation Failure) 11M->7M(15M) 0.179ms
[11.038s][info][gc] GC(1063) Pause Young (Allocation Failure) 11M->7M(15M) 0.173ms
[11.039s][info][gc] GC(1064) Pause Young (Allocation Failure) 11M->7M(15M) 0.189ms
[11.040s][info][gc] GC(1065) Pause Young (Allocation Failure) 12M->7M(15M) 0.196ms
[11.040s][info][gc] GC(1066) Pause Young (Allocation Failure) 12M->7M(15M) 0.170ms
[11.041s][info][gc] GC(1067) Pause Young (Allocation Failure) 11M->7M(15M) 0.176ms
[11.042s][info][gc] GC(1068) Pause Young (Allocation Failure) 12M->7M(15M) 0.184ms
[11.043s][info][gc] GC(1069) Pause Young (Allocation Failure) 12M->7M(15M) 0.179ms
[11.043s][info][gc] GC(1070) Pause Young (Allocation Failure) 12M->7M(15M) 0.174ms
[11.044s][info][gc] GC(1071) Pause Young (Allocation Failure) 12M->8M(15M) 0.201ms
[11.045s][info][gc] GC(1072) Pause Young (Allocation Failure) 12M->8M(15M) 0.197ms
[11.046s][info][gc] GC(1073) Pause Young (Allocation Failure) 12M->8M(15M) 0.191ms
[11.047s][info][gc] GC(1074) Pause Young (Allocation Failure) 12M->8M(15M) 0.177ms
[11.047s][info][gc] GC(1075) Pause Young (Allocation Failure) 12M->8M(15M) 0.175ms
[11.048s][info][gc] GC(1076) Pause Young (Allocation Failure) 12M->8M(15M) 0.189ms
[11.049s][info][gc] GC(1077) Pause Young (Allocation Failure) 12M->8M(15M) 0.185ms
[11.050s][info][gc] GC(1078) Pause Young (Allocation Failure) 12M->8M(15M) 0.171ms
[11.050s][info][gc] GC(1079) Pause Young (Allocation Failure) 12M->8M(15M) 0.175ms
[11.051s][info][gc] GC(1080) Pause Young (Allocation Failure) 12M->8M(15M) 0.180ms
[11.052s][info][gc] GC(1081) Pause Young (Allocation Failure) 12M->8M(15M) 0.181ms
[11.053s][info][gc] GC(1082) Pause Young (Allocation Failure) 12M->8M(15M) 0.185ms
[11.054s][info][gc] GC(1083) Pause Young (Allocation Failure) 12M->8M(15M) 0.186ms
[11.054s][info][gc] GC(1084) Pause Young (Allocation Failure) 12M->8M(15M) 0.184ms
[11.055s][info][gc] GC(1085) Pause Young (Allocation Failure) 12M->8M(15M) 0.171ms
[11.056s][info][gc] GC(1086) Pause Young (Allocation Failure) 12M->8M(15M) 0.172ms
[11.057s][info][gc] GC(1087) Pause Young (Allocation Failure) 12M->8M(15M) 0.166ms
[11.058s][info][gc] GC(1088) Pause Young (Allocation Failure) 12M->8M(15M) 0.184ms
[11.059s][info][gc] GC(1089) Pause Young (Allocation Failure) 12M->8M(15M) 0.146ms
[11.059s][info][gc] GC(1090) Pause Young (Allocation Failure) 12M->8M(15M) 0.183ms
[11.060s][info][gc] GC(1091) Pause Young (Allocation Failure) 12M->8M(15M) 0.166ms
[11.061s][info][gc] GC(1092) Pause Young (Allocation Failure) 12M->8M(15M) 0.171ms
[11.062s][info][gc] GC(1093) Pause Young (Allocation Failure) 12M->8M(15M) 0.178ms
[11.063s][info][gc] GC(1094) Pause Young (Allocation Failure) 12M->8M(15M) 0.181ms
[11.063s][info][gc] GC(1095) Pause Young (Allocation Failure) 12M->8M(15M) 0.169ms
[11.064s][info][gc] GC(1096) Pause Young (Allocation Failure) 12M->8M(15M) 0.163ms
[11.065s][info][gc] GC(1097) Pause Young (Allocation Failure) 12M->8M(15M) 0.194ms
[11.066s][info][gc] GC(1098) Pause Young (Allocation Failure) 13M->9M(15M) 0.199ms
[11.066s][info][gc] GC(1099) Pause Young (Allocation Failure) 13M->9M(15M) 0.202ms
[11.067s][info][gc] GC(1100) Pause Young (Allocation Failure) 13M->8M(15M) 0.162ms
[11.068s][info][gc] GC(1101) Pause Young (Allocation Failure) 13M->8M(15M) 0.165ms
[11.069s][info][gc] GC(1102) Pause Young (Allocation Failure) 13M->9M(15M) 0.185ms
[11.070s][info][gc] GC(1103) Pause Young (Allocation Failure) 13M->9M(15M) 0.189ms
[11.071s][info][gc] GC(1104) Pause Young (Allocation Failure) 13M->9M(15M) 0.185ms
[11.071s][info][gc] GC(1105) Pause Young (Allocation Failure) 13M->9M(15M) 0.186ms
[11.072s][info][gc] GC(1106) Pause Young (Allocation Failure) 13M->10M(15M) 0.199ms
[11.073s][info][gc] GC(1107) Pause Young (Allocation Failure) 14M->10M(15M) 0.237ms
[11.074s][info][gc] GC(1108) Pause Young (Allocation Failure) 15M->15M(15M) 0.025ms
[11.077s][info][gc] GC(1109) Pause Full (Allocation Failure) 15M->2M(15M) 3.370ms
[11.078s][info][gc] GC(1110) Pause Young (Allocation Failure) 7M->3M(15M) 0.219ms
[11.079s][info][gc] GC(1111) Pause Young (Allocation Failure) 8M->4M(15M) 0.223ms
[11.080s][info][gc] GC(1112) Pause Young (Allocation Failure) 8M->4M(15M) 0.173ms
[11.080s][info][gc] GC(1113) Pause Young (Allocation Failure) 8M->4M(15M) 0.209ms
[11.081s][info][gc] GC(1114) Pause Young (Allocation Failure) 8M->4M(15M) 0.182ms
[11.082s][info][gc] GC(1115) Pause Young (Allocation Failure) 8M->4M(15M) 0.170ms
[11.083s][info][gc] GC(1116) Pause Young (Allocation Failure) 8M->4M(15M) 0.183ms
[11.083s][info][gc] GC(1117) Pause Young (Allocation Failure) 8M->5M(15M) 0.209ms
[11.084s][info][gc] GC(1118) Pause Young (Allocation Failure) 9M->5M(15M) 0.179ms
[11.085s][info][gc] GC(1119) Pause Young (Allocation Failure) 9M->5M(15M) 0.195ms
[11.086s][info][gc] GC(1120) Pause Young (Allocation Failure) 9M->5M(15M) 0.169ms
[11.087s][info][gc] GC(1121) Pause Young (Allocation Failure) 9M->5M(15M) 0.197ms
[11.088s][info][gc] GC(1122) Pause Young (Allocation Failure) 9M->5M(15M) 0.201ms
[11.089s][info][gc] GC(1123) Pause Young (Allocation Failure) 10M->5M(15M) 0.183ms
[11.089s][info][gc] GC(1124) Pause Young (Allocation Failure) 10M->5M(15M) 0.189ms
[11.090s][info][gc] GC(1125) Pause Young (Allocation Failure) 10M->6M(15M) 0.147ms
[11.091s][info][gc] GC(1126) Pause Young (Allocation Failure) 10M->6M(15M) 0.183ms
[11.092s][info][gc] GC(1127) Pause Young (Allocation Failure) 10M->6M(15M) 0.197ms
[11.093s][info][gc] GC(1128) Pause Young (Allocation Failure) 10M->5M(15M) 0.166ms
[11.093s][info][gc] GC(1129) Pause Young (Allocation Failure) 10M->6M(15M) 0.179ms
[11.094s][info][gc] GC(1130) Pause Young (Allocation Failure) 10M->6M(15M) 0.211ms
[11.095s][info][gc] GC(1131) Pause Young (Allocation Failure) 11M->6M(15M) 0.172ms
[11.096s][info][gc] GC(1132) Pause Young (Allocation Failure) 10M->6M(15M) 0.190ms
[11.097s][info][gc] GC(1133) Pause Young (Allocation Failure) 11M->6M(15M) 0.179ms
[11.097s][info][gc] GC(1134) Pause Young (Allocation Failure) 10M->7M(15M) 0.171ms
[11.098s][info][gc] GC(1135) Pause Young (Allocation Failure) 11M->7M(15M) 0.142ms
[11.099s][info][gc] GC(1136) Pause Young (Allocation Failure) 11M->6M(15M) 0.161ms
[11.100s][info][gc] GC(1137) Pause Young (Allocation Failure) 11M->6M(15M) 0.170ms
[11.101s][info][gc] GC(1138) Pause Young (Allocation Failure) 11M->7M(15M) 0.180ms
[11.101s][info][gc] GC(1139) Pause Young (Allocation Failure) 11M->7M(15M) 0.189ms
[11.102s][info][gc] GC(1140) Pause Young (Allocation Failure) 11M->7M(15M) 0.179ms
[11.103s][info][gc] GC(1141) Pause Young (Allocation Failure) 11M->7M(15M) 0.166ms
[11.104s][info][gc] GC(1142) Pause Young (Allocation Failure) 11M->6M(15M) 0.162ms
[11.105s][info][gc] GC(1143) Pause Young (Allocation Failure) 11M->7M(15M) 0.184ms
[11.105s][info][gc] GC(1144) Pause Young (Allocation Failure) 11M->7M(15M) 0.171ms
[11.106s][info][gc] GC(1145) Pause Young (Allocation Failure) 11M->7M(15M) 0.168ms
[11.107s][info][gc] GC(1146) Pause Young (Allocation Failure) 11M->7M(15M) 0.143ms
[11.108s][info][gc] GC(1147) Pause Young (Allocation Failure) 11M->7M(15M) 0.173ms
[11.109s][info][gc] GC(1148) Pause Young (Allocation Failure) 11M->8M(15M) 0.216ms
[11.110s][info][gc] GC(1149) Pause Young (Allocation Failure) 12M->7M(15M) 0.168ms
[11.110s][info][gc] GC(1150) Pause Young (Allocation Failure) 12M->7M(15M) 0.179ms
[11.111s][info][gc] GC(1151) Pause Young (Allocation Failure) 12M->8M(15M) 0.181ms
[11.112s][info][gc] GC(1152) Pause Young (Allocation Failure) 12M->7M(15M) 0.162ms
[11.113s][info][gc] GC(1153) Pause Young (Allocation Failure) 12M->8M(15M) 0.172ms
[11.113s][info][gc] GC(1154) Pause Young (Allocation Failure) 12M->8M(15M) 0.169ms
[11.114s][info][gc] GC(1155) Pause Young (Allocation Failure) 12M->8M(15M) 0.193ms
[11.115s][info][gc] GC(1156) Pause Young (Allocation Failure) 12M->8M(15M) 0.181ms
[11.116s][info][gc] GC(1157) Pause Young (Allocation Failure) 12M->8M(15M) 0.183ms
[11.116s][info][gc] GC(1158) Pause Young (Allocation Failure) 12M->8M(15M) 0.169ms
[11.117s][info][gc] GC(1159) Pause Young (Allocation Failure) 12M->8M(15M) 0.180ms
[11.118s][info][gc] GC(1160) Pause Young (Allocation Failure) 12M->8M(15M) 0.164ms
[11.119s][info][gc] GC(1161) Pause Young (Allocation Failure) 12M->8M(15M) 0.198ms
[11.119s][info][gc] GC(1162) Pause Young (Allocation Failure) 13M->9M(15M) 0.210ms
[11.120s][info][gc] GC(1163) Pause Young (Allocation Failure) 13M->8M(15M) 0.171ms
[11.121s][info][gc] GC(1164) Pause Young (Allocation Failure) 13M->9M(15M) 0.178ms
[11.122s][info][gc] GC(1165) Pause Young (Allocation Failure) 13M->9M(15M) 0.148ms
[11.123s][info][gc] GC(1166) Pause Young (Allocation Failure) 13M->9M(15M) 0.194ms
[11.123s][info][gc] GC(1167) Pause Young (Allocation Failure) 13M->9M(15M) 0.177ms
[11.124s][info][gc] GC(1168) Pause Young (Allocation Failure) 13M->9M(15M) 0.166ms
[11.125s][info][gc] GC(1169) Pause Young (Allocation Failure) 13M->9M(15M) 0.204ms
[11.126s][info][gc] GC(1170) Pause Young (Allocation Failure) 14M->9M(15M) 0.189ms
[11.127s][info][gc] GC(1171) Pause Young (Allocation Failure) 14M->9M(15M) 0.172ms
[11.128s][info][gc] GC(1172) Pause Young (Allocation Failure) 13M->9M(15M) 0.186ms
[11.128s][info][gc] GC(1173) Pause Young (Allocation Failure) 14M->10M(15M) 0.191ms
[11.129s][info][gc] GC(1174) Pause Young (Allocation Failure) 14M->10M(15M) 0.180ms
[11.130s][info][gc] GC(1175) Pause Young (Allocation Failure) 14M->10M(15M) 0.194ms
[11.131s][info][gc] GC(1176) Pause Young (Allocation Failure) 14M->10M(15M) 0.175ms
[11.132s][info][gc] GC(1177) Pause Young (Allocation Failure) 14M->10M(15M) 0.181ms
[11.133s][info][gc] GC(1178) Pause Young (Allocation Failure) 14M->10M(15M) 0.186ms
[11.133s][info][gc] GC(1179) Pause Young (Allocation Failure) 14M->10M(15M) 0.166ms
[11.134s][info][gc] GC(1180) Pause Young (Allocation Failure) 14M->10M(15M) 0.174ms
[11.135s][info][gc] GC(1181) Pause Young (Allocation Failure) 14M->10M(15M) 0.178ms
[11.136s][info][gc] GC(1182) Pause Young (Allocation Failure) 14M->10M(15M) 0.179ms
[11.137s][info][gc] GC(1183) Pause Young (Allocation Failure) 14M->10M(15M) 0.178ms
[11.137s][info][gc] GC(1184) Pause Young (Allocation Failure) 14M->10M(15M) 0.182ms
[11.138s][info][gc] GC(1185) Pause Young (Allocation Failure) 14M->10M(15M) 0.196ms
[11.139s][info][gc] GC(1186) Pause Young (Allocation Failure) 14M->10M(15M) 0.223ms
[11.140s][info][gc] GC(1187) Pause Young (Allocation Failure) 15M->15M(15M) 0.025ms
[11.143s][info][gc] GC(1188) Pause Full (Allocation Failure) 15M->3M(15M) 3.320ms
[11.144s][info][gc] GC(1189) Pause Young (Allocation Failure) 7M->3M(15M) 0.188ms
[11.145s][info][gc] GC(1190) Pause Young (Allocation Failure) 8M->3M(15M) 0.178ms
[11.145s][info][gc] GC(1191) Pause Young (Allocation Failure) 7M->3M(15M) 0.167ms
[11.146s][info][gc] GC(1192) Pause Young (Allocation Failure) 7M->3M(15M) 0.157ms
[11.147s][info][gc] GC(1193) Pause Young (Allocation Failure) 8M->3M(15M) 0.176ms
[11.148s][info][gc] GC(1194) Pause Young (Allocation Failure) 8M->4M(15M) 0.200ms
[11.149s][info][gc] GC(1195) Pause Young (Allocation Failure) 8M->3M(15M) 0.161ms
[11.149s][info][gc] GC(1196) Pause Young (Allocation Failure) 8M->3M(15M) 0.173ms
[11.150s][info][gc] GC(1197) Pause Young (Allocation Failure) 8M->4M(15M) 0.205ms
[11.151s][info][gc] GC(1198) Pause Young (Allocation Failure) 8M->4M(15M) 0.215ms
[11.152s][info][gc] GC(1199) Pause Young (Allocation Failure) 9M->4M(15M) 0.183ms
[11.152s][info][gc] GC(1200) Pause Young (Allocation Failure) 9M->4M(15M) 0.178ms
[11.153s][info][gc] GC(1201) Pause Young (Allocation Failure) 9M->5M(15M) 0.186ms
[11.154s][info][gc] GC(1202) Pause Young (Allocation Failure) 9M->4M(15M) 0.178ms
[11.155s][info][gc] GC(1203) Pause Young (Allocation Failure) 9M->5M(15M) 0.203ms
[11.155s][info][gc] GC(1204) Pause Young (Allocation Failure) 9M->5M(15M) 0.214ms
[11.156s][info][gc] GC(1205) Pause Young (Allocation Failure) 10M->5M(15M) 0.175ms
[11.157s][info][gc] GC(1206) Pause Young (Allocation Failure) 9M->5M(15M) 0.189ms
[11.158s][info][gc] GC(1207) Pause Young (Allocation Failure) 10M->5M(15M) 0.187ms
[11.159s][info][gc] GC(1208) Pause Young (Allocation Failure) 10M->5M(15M) 0.166ms
[11.159s][info][gc] GC(1209) Pause Young (Allocation Failure) 9M->5M(15M) 0.168ms
[11.160s][info][gc] GC(1210) Pause Young (Allocation Failure) 9M->6M(15M) 0.151ms
[11.161s][info][gc] GC(1211) Pause Young (Allocation Failure) 10M->5M(15M) 0.173ms
[11.162s][info][gc] GC(1212) Pause Young (Allocation Failure) 10M->5M(15M) 0.147ms
[11.163s][info][gc] GC(1213) Pause Young (Allocation Failure) 10M->5M(15M) 0.170ms
[11.163s][info][gc] GC(1214) Pause Young (Allocation Failure) 10M->5M(15M) 0.169ms
[11.164s][info][gc] GC(1215) Pause Young (Allocation Failure) 10M->5M(15M) 0.169ms
[11.165s][info][gc] GC(1216) Pause Young (Allocation Failure) 10M->5M(15M) 0.175ms
[11.166s][info][gc] GC(1217) Pause Young (Allocation Failure) 10M->6M(15M) 0.155ms
[11.167s][info][gc] GC(1218) Pause Young (Allocation Failure) 10M->5M(15M) 0.174ms
[11.167s][info][gc] GC(1219) Pause Young (Allocation Failure) 10M->6M(15M) 0.187ms
[11.168s][info][gc] GC(1220) Pause Young (Allocation Failure) 10M->6M(15M) 0.230ms
[11.169s][info][gc] GC(1221) Pause Young (Allocation Failure) 11M->6M(15M) 0.175ms
[11.170s][info][gc] GC(1222) Pause Young (Allocation Failure) 11M->7M(15M) 0.196ms
[11.171s][info][gc] GC(1223) Pause Young (Allocation Failure) 11M->7M(15M) 0.193ms
[11.171s][info][gc] GC(1224) Pause Young (Allocation Failure) 11M->7M(15M) 0.190ms
[11.172s][info][gc] GC(1225) Pause Young (Allocation Failure) 11M->6M(15M) 0.163ms
[11.173s][info][gc] GC(1226) Pause Young (Allocation Failure) 11M->7M(15M) 0.208ms
[11.174s][info][gc] GC(1227) Pause Young (Allocation Failure) 12M->7M(15M) 0.174ms
[11.175s][info][gc] GC(1228) Pause Young (Allocation Failure) 11M->7M(15M) 0.170ms
[11.175s][info][gc] GC(1229) Pause Young (Allocation Failure) 11M->7M(15M) 0.198ms
[11.176s][info][gc] GC(1230) Pause Young (Allocation Failure) 12M->7M(15M) 0.180ms
[11.177s][info][gc] GC(1231) Pause Young (Allocation Failure) 12M->8M(15M) 0.190ms
[11.178s][info][gc] GC(1232) Pause Young (Allocation Failure) 12M->7M(15M) 0.179ms
[11.179s][info][gc] GC(1233) Pause Young (Allocation Failure) 12M->7M(15M) 0.165ms
[11.180s][info][gc] GC(1234) Pause Young (Allocation Failure) 11M->7M(15M) 0.191ms
[11.180s][info][gc] GC(1235) Pause Young (Allocation Failure) 12M->7M(15M) 0.177ms
[11.181s][info][gc] GC(1236) Pause Young (Allocation Failure) 12M->8M(15M) 0.199ms
[11.182s][info][gc] GC(1237) Pause Young (Allocation Failure) 12M->9M(15M) 0.200ms
[11.183s][info][gc] GC(1238) Pause Young (Allocation Failure) 13M->8M(15M) 0.164ms
[11.183s][info][gc] GC(1239) Pause Young (Allocation Failure) 13M->9M(15M) 0.191ms
[11.184s][info][gc] GC(1240) Pause Young (Allocation Failure) 13M->9M(15M) 0.188ms
[11.185s][info][gc] GC(1241) Pause Young (Allocation Failure) 13M->9M(15M) 0.215ms
[11.186s][info][gc] GC(1242) Pause Young (Allocation Failure) 14M->10M(15M) 0.191ms
[11.187s][info][gc] GC(1243) Pause Young (Allocation Failure) 14M->9M(15M) 0.172ms
[11.187s][info][gc] GC(1244) Pause Young (Allocation Failure) 13M->9M(15M) 0.179ms
[11.188s][info][gc] GC(1245) Pause Young (Allocation Failure) 14M->9M(15M) 0.181ms
[11.189s][info][gc] GC(1246) Pause Young (Allocation Failure) 14M->10M(15M) 0.205ms
[11.190s][info][gc] GC(1247) Pause Young (Allocation Failure) 14M->10M(15M) 0.178ms
[11.190s][info][gc] GC(1248) Pause Young (Allocation Failure) 14M->10M(15M) 0.203ms
[11.191s][info][gc] GC(1249) Pause Young (Allocation Failure) 15M->15M(15M) 0.025ms
[11.195s][info][gc] GC(1250) Pause Full (Allocation Failure) 15M->3M(15M) 3.401ms
[11.195s][info][gc] GC(1251) Pause Young (Allocation Failure) 7M->3M(15M) 0.185ms
[11.196s][info][gc] GC(1252) Pause Young (Allocation Failure) 8M->3M(15M) 0.185ms
[11.197s][info][gc] GC(1253) Pause Young (Allocation Failure) 8M->3M(15M) 0.177ms
[11.198s][info][gc] GC(1254) Pause Young (Allocation Failure) 7M->3M(15M) 0.163ms
[11.199s][info][gc] GC(1255) Pause Young (Allocation Failure) 7M->4M(15M) 0.207ms
[11.199s][info][gc] GC(1256) Pause Young (Allocation Failure) 8M->4M(15M) 0.197ms
[11.200s][info][gc] GC(1257) Pause Young (Allocation Failure) 8M->4M(15M) 0.190ms
[11.201s][info][gc] GC(1258) Pause Young (Allocation Failure) 8M->4M(15M) 0.209ms
[11.202s][info][gc] GC(1259) Pause Young (Allocation Failure) 9M->4M(15M) 0.200ms
[11.202s][info][gc] GC(1260) Pause Young (Allocation Failure) 9M->5M(15M) 0.204ms
[11.203s][info][gc] GC(1261) Pause Young (Allocation Failure) 9M->5M(15M) 0.148ms
[11.204s][info][gc] GC(1262) Pause Young (Allocation Failure) 9M->5M(15M) 0.181ms
[11.205s][info][gc] GC(1263) Pause Young (Allocation Failure) 9M->5M(15M) 0.187ms
[11.206s][info][gc] GC(1264) Pause Young (Allocation Failure) 9M->5M(15M) 0.186ms
[11.206s][info][gc] GC(1265) Pause Young (Allocation Failure) 10M->6M(15M) 0.197ms
[11.207s][info][gc] GC(1266) Pause Young (Allocation Failure) 10M->5M(15M) 0.177ms
[11.208s][info][gc] GC(1267) Pause Young (Allocation Failure) 10M->6M(15M) 0.193ms
[11.209s][info][gc] GC(1268) Pause Young (Allocation Failure) 10M->6M(15M) 0.136ms
[11.209s][info][gc] GC(1269) Pause Young (Allocation Failure) 10M->6M(15M) 0.184ms
[11.210s][info][gc] GC(1270) Pause Young (Allocation Failure) 10M->6M(15M) 0.184ms
[11.211s][info][gc] GC(1271) Pause Young (Allocation Failure) 10M->6M(15M) 0.162ms
[11.212s][info][gc] GC(1272) Pause Young (Allocation Failure) 10M->6M(15M) 0.195ms
[11.213s][info][gc] GC(1273) Pause Young (Allocation Failure) 11M->6M(15M) 0.172ms
[11.214s][info][gc] GC(1274) Pause Young (Allocation Failure) 10M->6M(15M) 0.171ms
[11.214s][info][gc] GC(1275) Pause Young (Allocation Failure) 10M->7M(15M) 0.224ms
[11.215s][info][gc] GC(1276) Pause Young (Allocation Failure) 11M->7M(15M) 0.166ms
[11.216s][info][gc] GC(1277) Pause Young (Allocation Failure) 11M->7M(15M) 0.181ms
[11.216s][info][gc] GC(1278) Pause Young (Allocation Failure) 11M->7M(15M) 0.190ms
[11.217s][info][gc] GC(1279) Pause Young (Allocation Failure) 12M->8M(15M) 0.200ms
[11.218s][info][gc] GC(1280) Pause Young (Allocation Failure) 12M->7M(15M) 0.169ms
[11.219s][info][gc] GC(1281) Pause Young (Allocation Failure) 12M->7M(15M) 0.162ms
[11.220s][info][gc] GC(1282) Pause Young (Allocation Failure) 12M->7M(15M) 0.167ms
[11.220s][info][gc] GC(1283) Pause Young (Allocation Failure) 12M->8M(15M) 0.189ms
[11.221s][info][gc] GC(1284) Pause Young (Allocation Failure) 12M->8M(15M) 0.178ms
[11.222s][info][gc] GC(1285) Pause Young (Allocation Failure) 12M->8M(15M) 0.180ms
[11.223s][info][gc] GC(1286) Pause Young (Allocation Failure) 12M->8M(15M) 0.169ms
[11.224s][info][gc] GC(1287) Pause Young (Allocation Failure) 12M->8M(15M) 0.169ms
[11.224s][info][gc] GC(1288) Pause Young (Allocation Failure) 12M->8M(15M) 0.212ms
[11.225s][info][gc] GC(1289) Pause Young (Allocation Failure) 13M->8M(15M) 0.178ms
[11.226s][info][gc] GC(1290) Pause Young (Allocation Failure) 12M->8M(15M) 0.167ms
[11.227s][info][gc] GC(1291) Pause Young (Allocation Failure) 12M->9M(15M) 0.219ms
[11.228s][info][gc] GC(1292) Pause Young (Allocation Failure) 13M->9M(15M) 0.190ms
[11.228s][info][gc] GC(1293) Pause Young (Allocation Failure) 13M->9M(15M) 0.203ms
[11.229s][info][gc] GC(1294) Pause Young (Allocation Failure) 14M->9M(15M) 0.185ms
[11.230s][info][gc] GC(1295) Pause Young (Allocation Failure) 14M->9M(15M) 0.168ms
[11.231s][info][gc] GC(1296) Pause Young (Allocation Failure) 13M->9M(15M) 0.178ms
[11.232s][info][gc] GC(1297) Pause Young (Allocation Failure) 13M->9M(15M) 0.182ms
[11.232s][info][gc] GC(1298) Pause Young (Allocation Failure) 13M->9M(15M) 0.184ms
[11.233s][info][gc] GC(1299) Pause Young (Allocation Failure) 14M->9M(15M) 0.167ms
[11.234s][info][gc] GC(1300) Pause Young (Allocation Failure) 13M->9M(15M) 0.190ms
[11.235s][info][gc] GC(1301) Pause Young (Allocation Failure) 14M->9M(15M) 0.170ms
[11.236s][info][gc] GC(1302) Pause Young (Allocation Failure) 13M->9M(15M) 0.179ms
[11.236s][info][gc] GC(1303) Pause Young (Allocation Failure) 14M->9M(15M) 0.185ms
[11.237s][info][gc] GC(1304) Pause Young (Allocation Failure) 14M->9M(15M) 0.181ms
[11.238s][info][gc] GC(1305) Pause Young (Allocation Failure) 14M->9M(15M) 0.165ms
[11.239s][info][gc] GC(1306) Pause Young (Allocation Failure) 13M->10M(15M) 0.204ms
[11.240s][info][gc] GC(1307) Pause Young (Allocation Failure) 14M->10M(15M) 0.175ms
[11.240s][info][gc] GC(1308) Pause Young (Allocation Failure) 14M->10M(15M) 0.193ms
[11.241s][info][gc] GC(1309) Pause Young (Allocation Failure) 14M->10M(15M) 0.178ms
[11.242s][info][gc] GC(1310) Pause Young (Allocation Failure) 14M->10M(15M) 0.174ms
[11.243s][info][gc] GC(1311) Pause Young (Allocation Failure) 14M->10M(15M) 0.207ms
[11.244s][info][gc] GC(1312) Pause Young (Allocation Failure) 14M->10M(15M) 0.167ms
[11.244s][info][gc] GC(1313) Pause Young (Allocation Failure) 14M->10M(15M) 0.214ms
[11.245s][info][gc] GC(1314) Pause Young (Allocation Failure) 15M->15M(15M) 0.025ms
[11.248s][info][gc] GC(1315) Pause Full (Allocation Failure) 15M->2M(15M) 3.311ms
[11.249s][info][gc] GC(1316) Pause Young (Allocation Failure) 6M->3M(15M) 0.192ms
[11.250s][info][gc] GC(1317) Pause Young (Allocation Failure) 7M->3M(15M) 0.184ms
[11.251s][info][gc] GC(1318) Pause Young (Allocation Failure) 7M->2M(15M) 0.171ms
[11.252s][info][gc] GC(1319) Pause Young (Allocation Failure) 7M->3M(15M) 0.203ms
[11.253s][info][gc] GC(1320) Pause Young (Allocation Failure) 7M->3M(15M) 0.200ms
[11.253s][info][gc] GC(1321) Pause Young (Allocation Failure) 7M->3M(15M) 0.168ms
[11.254s][info][gc] GC(1322) Pause Young (Allocation Failure) 7M->3M(15M) 0.164ms
[11.255s][info][gc] GC(1323) Pause Young (Allocation Failure) 7M->4M(15M) 0.205ms
[11.256s][info][gc] GC(1324) Pause Young (Allocation Failure) 8M->4M(15M) 0.151ms
[11.256s][info][gc] GC(1325) Pause Young (Allocation Failure) 8M->4M(15M) 0.205ms
[11.257s][info][gc] GC(1326) Pause Young (Allocation Failure) 8M->4M(15M) 0.173ms
[11.258s][info][gc] GC(1327) Pause Young (Allocation Failure) 8M->3M(15M) 0.163ms
[11.259s][info][gc] GC(1328) Pause Young (Allocation Failure) 8M->4M(15M) 0.190ms
[11.260s][info][gc] GC(1329) Pause Young (Allocation Failure) 8M->4M(15M) 0.181ms
[11.260s][info][gc] GC(1330) Pause Young (Allocation Failure) 8M->4M(15M) 0.199ms
[11.261s][info][gc] GC(1331) Pause Young (Allocation Failure) 8M->4M(15M) 0.171ms
[11.262s][info][gc] GC(1332) Pause Young (Allocation Failure) 8M->5M(15M) 0.207ms
[11.263s][info][gc] GC(1333) Pause Young (Allocation Failure) 9M->5M(15M) 0.192ms
[11.264s][info][gc] GC(1334) Pause Young (Allocation Failure) 9M->4M(15M) 0.169ms
[11.264s][info][gc] GC(1335) Pause Young (Allocation Failure) 9M->5M(15M) 0.208ms
[11.265s][info][gc] GC(1336) Pause Young (Allocation Failure) 9M->5M(15M) 0.178ms
[11.266s][info][gc] GC(1337) Pause Young (Allocation Failure) 9M->5M(15M) 0.188ms
[11.267s][info][gc] GC(1338) Pause Young (Allocation Failure) 10M->5M(15M) 0.179ms
[11.268s][info][gc] GC(1339) Pause Young (Allocation Failure) 9M->5M(15M) 0.182ms
[11.269s][info][gc] GC(1340) Pause Young (Allocation Failure) 10M->6M(15M) 0.178ms
[11.269s][info][gc] GC(1341) Pause Young (Allocation Failure) 10M->5M(15M) 0.163ms
[11.270s][info][gc] GC(1342) Pause Young (Allocation Failure) 9M->5M(15M) 0.173ms
[11.271s][info][gc] GC(1343) Pause Young (Allocation Failure) 10M->5M(15M) 0.170ms
[11.272s][info][gc] GC(1344) Pause Young (Allocation Failure) 10M->6M(15M) 0.176ms
[11.272s][info][gc] GC(1345) Pause Young (Allocation Failure) 10M->6M(15M) 0.172ms
[11.273s][info][gc] GC(1346) Pause Young (Allocation Failure) 10M->6M(15M) 0.143ms
[11.274s][info][gc] GC(1347) Pause Young (Allocation Failure) 10M->6M(15M) 0.171ms
[11.275s][info][gc] GC(1348) Pause Young (Allocation Failure) 10M->6M(15M) 0.177ms
[11.275s][info][gc] GC(1349) Pause Young (Allocation Failure) 10M->6M(15M) 0.168ms
[11.276s][info][gc] GC(1350) Pause Young (Allocation Failure) 10M->6M(15M) 0.167ms
[11.277s][info][gc] GC(1351) Pause Young (Allocation Failure) 10M->6M(15M) 0.173ms
[11.278s][info][gc] GC(1352) Pause Young (Allocation Failure) 11M->6M(15M) 0.177ms
[11.279s][info][gc] GC(1353) Pause Young (Allocation Failure) 11M->6M(15M) 0.163ms
[11.279s][info][gc] GC(1354) Pause Young (Allocation Failure) 10M->6M(15M) 0.193ms
[11.280s][info][gc] GC(1355) Pause Young (Allocation Failure) 11M->6M(15M) 0.170ms
[11.281s][info][gc] GC(1356) Pause Young (Allocation Failure) 11M->7M(15M) 0.162ms
[11.282s][info][gc] GC(1357) Pause Young (Allocation Failure) 11M->6M(15M) 0.176ms
[11.283s][info][gc] GC(1358) Pause Young (Allocation Failure) 11M->6M(15M) 0.181ms
[11.283s][info][gc] GC(1359) Pause Young (Allocation Failure) 11M->6M(15M) 0.177ms
[11.284s][info][gc] GC(1360) Pause Young (Allocation Failure) 11M->7M(15M) 0.177ms
[11.285s][info][gc] GC(1361) Pause Young (Allocation Failure) 11M->7M(15M) 0.160ms
[11.286s][info][gc] GC(1362) Pause Young (Allocation Failure) 11M->7M(15M) 0.147ms
[11.286s][info][gc] GC(1363) Pause Young (Allocation Failure) 11M->7M(15M) 0.147ms
[11.287s][info][gc] GC(1364) Pause Young (Allocation Failure) 11M->8M(15M) 0.214ms
[11.288s][info][gc] GC(1365) Pause Young (Allocation Failure) 12M->8M(15M) 0.188ms
[11.289s][info][gc] GC(1366) Pause Young (Allocation Failure) 12M->8M(15M) 0.186ms
[11.290s][info][gc] GC(1367) Pause Young (Allocation Failure) 12M->8M(15M) 0.176ms
[11.290s][info][gc] GC(1368) Pause Young (Allocation Failure) 12M->8M(15M) 0.139ms
[11.291s][info][gc] GC(1369) Pause Young (Allocation Failure) 12M->8M(15M) 0.181ms
[11.292s][info][gc] GC(1370) Pause Young (Allocation Failure) 12M->7M(15M) 0.174ms
[11.293s][info][gc] GC(1371) Pause Young (Allocation Failure) 12M->8M(15M) 0.178ms
[11.294s][info][gc] GC(1372) Pause Young (Allocation Failure) 12M->7M(15M) 0.170ms
[11.294s][info][gc] GC(1373) Pause Young (Allocation Failure) 12M->8M(15M) 0.183ms
[11.295s][info][gc] GC(1374) Pause Young (Allocation Failure) 12M->7M(15M) 0.171ms
[11.296s][info][gc] GC(1375) Pause Young (Allocation Failure) 12M->7M(15M) 0.174ms
[11.297s][info][gc] GC(1376) Pause Young (Allocation Failure) 12M->7M(15M) 0.172ms
[11.298s][info][gc] GC(1377) Pause Young (Allocation Failure) 12M->8M(15M) 0.185ms
[11.298s][info][gc] GC(1378) Pause Young (Allocation Failure) 12M->8M(15M) 0.179ms
[11.299s][info][gc] GC(1379) Pause Young (Allocation Failure) 12M->8M(15M) 0.186ms
[11.300s][info][gc] GC(1380) Pause Young (Allocation Failure) 12M->8M(15M) 0.150ms
[11.301s][info][gc] GC(1381) Pause Young (Allocation Failure) 12M->8M(15M) 0.189ms
[11.302s][info][gc] GC(1382) Pause Young (Allocation Failure) 12M->8M(15M) 0.157ms
[11.302s][info][gc] GC(1383) Pause Young (Allocation Failure) 12M->8M(15M) 0.168ms
[11.303s][info][gc] GC(1384) Pause Young (Allocation Failure) 12M->8M(15M) 0.184ms
[11.304s][info][gc] GC(1385) Pause Young (Allocation Failure) 12M->8M(15M) 0.202ms
[11.305s][info][gc] GC(1386) Pause Young (Allocation Failure) 12M->8M(15M) 0.173ms
[11.305s][info][gc] GC(1387) Pause Young (Allocation Failure) 12M->8M(15M) 0.203ms
[11.306s][info][gc] GC(1388) Pause Young (Allocation Failure) 13M->8M(15M) 0.162ms
[11.307s][info][gc] GC(1389) Pause Young (Allocation Failure) 12M->9M(15M) 0.169ms
[11.308s][info][gc] GC(1390) Pause Young (Allocation Failure) 13M->9M(15M) 0.185ms
[11.309s][info][gc] GC(1391) Pause Young (Allocation Failure) 13M->9M(15M) 0.179ms
[11.310s][info][gc] GC(1392) Pause Young (Allocation Failure) 13M->9M(15M) 0.180ms
[11.310s][info][gc] GC(1393) Pause Young (Allocation Failure) 13M->9M(15M) 0.206ms
[11.311s][info][gc] GC(1394) Pause Young (Allocation Failure) 13M->9M(15M) 0.180ms
[11.312s][info][gc] GC(1395) Pause Young (Allocation Failure) 13M->9M(15M) 0.169ms
[11.313s][info][gc] GC(1396) Pause Young (Allocation Failure) 13M->9M(15M) 0.175ms
[11.314s][info][gc] GC(1397) Pause Young (Allocation Failure) 13M->9M(15M) 0.181ms
[11.314s][info][gc] GC(1398) Pause Young (Allocation Failure) 13M->9M(15M) 0.186ms
[11.315s][info][gc] GC(1399) Pause Young (Allocation Failure) 13M->9M(15M) 0.199ms
[11.316s][info][gc] GC(1400) Pause Young (Allocation Failure) 13M->9M(15M) 0.171ms
[11.317s][info][gc] GC(1401) Pause Young (Allocation Failure) 13M->9M(15M) 0.168ms
[11.318s][info][gc] GC(1402) Pause Young (Allocation Failure) 13M->9M(15M) 0.187ms
[11.318s][info][gc] GC(1403) Pause Young (Allocation Failure) 14M->9M(15M) 0.168ms
[11.319s][info][gc] GC(1404) Pause Young (Allocation Failure) 13M->9M(15M) 0.179ms
[11.320s][info][gc] GC(1405) Pause Young (Allocation Failure) 13M->9M(15M) 0.188ms
[11.321s][info][gc] GC(1406) Pause Young (Allocation Failure) 14M->9M(15M) 0.172ms
[11.322s][info][gc] GC(1407) Pause Young (Allocation Failure) 13M->9M(15M) 0.191ms
[11.322s][info][gc] GC(1408) Pause Young (Allocation Failure) 14M->10M(15M) 0.194ms
[11.323s][info][gc] GC(1409) Pause Young (Allocation Failure) 14M->10M(15M) 0.201ms
[11.324s][info][gc] GC(1410) Pause Young (Allocation Failure) 14M->10M(15M) 0.184ms
[11.325s][info][gc] GC(1411) Pause Young (Allocation Failure) 14M->10M(15M) 0.188ms
[11.326s][info][gc] GC(1412) Pause Young (Allocation Failure) 14M->10M(15M) 0.175ms
[11.326s][info][gc] GC(1413) Pause Young (Allocation Failure) 14M->10M(15M) 0.171ms
[11.327s][info][gc] GC(1414) Pause Young (Allocation Failure) 14M->10M(15M) 0.206ms
[11.328s][info][gc] GC(1415) Pause Young (Allocation Failure) 15M->10M(15M) 0.181ms
[11.329s][info][gc] GC(1416) Pause Young (Allocation Failure) 15M->10M(15M) 0.178ms
[11.329s][info][gc] GC(1417) Pause Young (Allocation Failure) 15M->10M(15M) 0.152ms
[11.330s][info][gc] GC(1418) Pause Young (Allocation Failure) 15M->15M(15M) 0.025ms
[11.334s][info][gc] GC(1419) Pause Full (Allocation Failure) 15M->3M(15M) 3.396ms
[11.334s][info][gc] GC(1420) Pause Young (Allocation Failure) 7M->3M(15M) 0.167ms
[11.335s][info][gc] GC(1421) Pause Young (Allocation Failure) 7M->3M(15M) 0.190ms
[11.336s][info][gc] GC(1422) Pause Young (Allocation Failure) 7M->3M(15M) 0.165ms
[11.337s][info][gc] GC(1423) Pause Young (Allocation Failure) 7M->3M(15M) 0.168ms
[11.337s][info][gc] GC(1424) Pause Young (Allocation Failure) 7M->3M(15M) 0.199ms
[11.339s][info][gc] GC(1425) Pause Young (Allocation Failure) 8M->3M(15M) 0.177ms
[11.340s][info][gc] GC(1426) Pause Young (Allocation Failure) 8M->3M(15M) 0.171ms
[11.341s][info][gc] GC(1427) Pause Young (Allocation Failure) 7M->3M(15M) 0.164ms
[11.342s][info][gc] GC(1428) Pause Young (Allocation Failure) 7M->3M(15M) 0.190ms
[11.343s][info][gc] GC(1429) Pause Young (Allocation Failure) 8M->4M(15M) 0.186ms
[11.344s][info][gc] GC(1430) Pause Young (Allocation Failure) 8M->3M(15M) 0.180ms
[11.345s][info][gc] GC(1431) Pause Young (Allocation Failure) 8M->3M(15M) 0.177ms
[11.346s][info][gc] GC(1432) Pause Young (Allocation Failure) 8M->3M(15M) 0.167ms
[11.347s][info][gc] GC(1433) Pause Young (Allocation Failure) 7M->3M(15M) 0.181ms
[11.348s][info][gc] GC(1434) Pause Young (Allocation Failure) 8M->3M(15M) 0.169ms
[11.348s][info][gc] GC(1435) Pause Young (Allocation Failure) 8M->4M(15M) 0.153ms
[11.349s][info][gc] GC(1436) Pause Young (Allocation Failure) 8M->4M(15M) 0.188ms
[11.350s][info][gc] GC(1437) Pause Young (Allocation Failure) 8M->4M(15M) 0.179ms
[11.352s][info][gc] GC(1438) Pause Young (Allocation Failure) 8M->4M(15M) 0.188ms
[11.353s][info][gc] GC(1439) Pause Young (Allocation Failure) 8M->4M(15M) 0.198ms
[11.354s][info][gc] GC(1440) Pause Young (Allocation Failure) 8M->4M(15M) 0.170ms
[11.355s][info][gc] GC(1441) Pause Young (Allocation Failure) 8M->4M(15M) 0.182ms
[11.356s][info][gc] GC(1442) Pause Young (Allocation Failure) 8M->4M(15M) 0.164ms
[11.357s][info][gc] GC(1443) Pause Young (Allocation Failure) 8M->4M(15M) 0.179ms
[11.358s][info][gc] GC(1444) Pause Young (Allocation Failure) 8M->4M(15M) 0.214ms
[11.359s][info][gc] GC(1445) Pause Young (Allocation Failure) 9M->4M(15M) 0.164ms
[11.360s][info][gc] GC(1446) Pause Young (Allocation Failure) 8M->5M(15M) 0.198ms
[11.361s][info][gc] GC(1447) Pause Young (Allocation Failure) 9M->5M(15M) 0.215ms
[11.362s][info][gc] GC(1448) Pause Young (Allocation Failure) 9M->5M(15M) 0.165ms
[11.362s][info][gc] GC(1449) Pause Young (Allocation Failure) 9M->5M(15M) 0.191ms
[11.364s][info][gc] GC(1450) Pause Young (Allocation Failure) 9M->5M(15M) 0.178ms
[11.365s][info][gc] GC(1451) Pause Young (Allocation Failure) 9M->5M(15M) 0.174ms
[11.366s][info][gc] GC(1452) Pause Young (Allocation Failure) 9M->5M(15M) 0.179ms
[11.367s][info][gc] GC(1453) Pause Young (Allocation Failure) 9M->5M(15M) 0.167ms
[11.368s][info][gc] GC(1454) Pause Young (Allocation Failure) 9M->5M(15M) 0.197ms
[11.369s][info][gc] GC(1455) Pause Young (Allocation Failure) 9M->5M(15M) 0.191ms
[11.370s][info][gc] GC(1456) Pause Young (Allocation Failure) 9M->5M(15M) 0.166ms
[11.371s][info][gc] GC(1457) Pause Young (Allocation Failure) 9M->5M(15M) 0.139ms
[11.372s][info][gc] GC(1458) Pause Young (Allocation Failure) 9M->5M(15M) 0.201ms
[11.373s][info][gc] GC(1459) Pause Young (Allocation Failure) 10M->5M(15M) 0.171ms
[11.374s][info][gc] GC(1460) Pause Young (Allocation Failure) 9M->5M(15M) 0.172ms
[11.375s][info][gc] GC(1461) Pause Young (Allocation Failure) 9M->6M(15M) 0.212ms
[11.376s][info][gc] GC(1462) Pause Young (Allocation Failure) 10M->6M(15M) 0.180ms
[11.377s][info][gc] GC(1463) Pause Young (Allocation Failure) 10M->6M(15M) 0.196ms
[11.378s][info][gc] GC(1464) Pause Young (Allocation Failure) 10M->6M(15M) 0.190ms
[11.379s][info][gc] GC(1465) Pause Young (Allocation Failure) 10M->6M(15M) 0.186ms
[11.380s][info][gc] GC(1466) Pause Young (Allocation Failure) 10M->6M(15M) 0.178ms
[11.381s][info][gc] GC(1467) Pause Young (Allocation Failure) 10M->6M(15M) 0.187ms
[11.382s][info][gc] GC(1468) Pause Young (Allocation Failure) 10M->6M(15M) 0.197ms
[11.383s][info][gc] GC(1469) Pause Young (Allocation Failure) 10M->6M(15M) 0.189ms
[11.384s][info][gc] GC(1470) Pause Young (Allocation Failure) 10M->6M(15M) 0.188ms
[11.385s][info][gc] GC(1471) Pause Young (Allocation Failure) 10M->6M(15M) 0.170ms
[11.386s][info][gc] GC(1472) Pause Young (Allocation Failure) 10M->6M(15M) 0.172ms
[11.387s][info][gc] GC(1473) Pause Young (Allocation Failure) 10M->6M(15M) 0.181ms
[11.388s][info][gc] GC(1474) Pause Young (Allocation Failure) 10M->6M(15M) 0.188ms
[11.389s][info][gc] GC(1475) Pause Young (Allocation Failure) 10M->6M(15M) 0.171ms
[11.390s][info][gc] GC(1476) Pause Young (Allocation Failure) 10M->6M(15M) 0.199ms
[11.391s][info][gc] GC(1477) Pause Young (Allocation Failure) 11M->6M(15M) 0.177ms
[11.392s][info][gc] GC(1478) Pause Young (Allocation Failure) 10M->6M(15M) 0.156ms
[11.393s][info][gc] GC(1479) Pause Young (Allocation Failure) 11M->6M(15M) 0.204ms
[11.394s][info][gc] GC(1480) Pause Young (Allocation Failure) 11M->7M(15M) 0.257ms
[11.395s][info][gc] GC(1481) Pause Young (Allocation Failure) 11M->7M(15M) 0.197ms
[11.396s][info][gc] GC(1482) Pause Young (Allocation Failure) 11M->7M(15M) 0.219ms
[11.397s][info][gc] GC(1483) Pause Young (Allocation Failure) 12M->7M(15M) 0.186ms
[11.398s][info][gc] GC(1484) Pause Young (Allocation Failure) 12M->8M(15M) 0.174ms
[11.399s][info][gc] GC(1485) Pause Young (Allocation Failure) 12M->8M(15M) 0.249ms
[11.400s][info][gc] GC(1486) Pause Young (Allocation Failure) 13M->8M(15M) 0.171ms
[11.401s][info][gc] GC(1487) Pause Young (Allocation Failure) 12M->9M(15M) 0.187ms
[11.402s][info][gc] GC(1488) Pause Young (Allocation Failure) 13M->9M(15M) 0.218ms
[11.403s][info][gc] GC(1489) Pause Young (Allocation Failure) 13M->9M(15M) 0.192ms
[11.404s][info][gc] GC(1490) Pause Young (Allocation Failure) 13M->9M(15M) 0.201ms
[11.405s][info][gc] GC(1491) Pause Young (Allocation Failure) 13M->9M(15M) 0.191ms
[11.406s][info][gc] GC(1492) Pause Young (Allocation Failure) 13M->8M(15M) 0.166ms
[11.407s][info][gc] GC(1493) Pause Young (Allocation Failure) 13M->9M(15M) 0.175ms
[11.408s][info][gc] GC(1494) Pause Young (Allocation Failure) 13M->9M(15M) 0.168ms
[11.409s][info][gc] GC(1495) Pause Young (Allocation Failure) 13M->9M(15M) 0.190ms
[11.410s][info][gc] GC(1496) Pause Young (Allocation Failure) 13M->9M(15M) 0.181ms
[11.411s][info][gc] GC(1497) Pause Young (Allocation Failure) 13M->9M(15M) 0.182ms
[11.412s][info][gc] GC(1498) Pause Young (Allocation Failure) 13M->10M(15M) 0.223ms
[11.412s][info][gc] GC(1499) Pause Young (Allocation Failure) 14M->9M(15M) 0.178ms
[11.413s][info][gc] GC(1500) Pause Young (Allocation Failure) 14M->10M(15M) 0.184ms
[11.414s][info][gc] GC(1501) Pause Young (Allocation Failure) 14M->10M(15M) 0.203ms
[11.415s][info][gc] GC(1502) Pause Young (Allocation Failure) 14M->10M(15M) 0.187ms
[11.416s][info][gc] GC(1503) Pause Young (Allocation Failure) 14M->10M(15M) 0.180ms
[11.416s][info][gc] GC(1504) Pause Young (Allocation Failure) 14M->10M(15M) 0.172ms
[11.417s][info][gc] GC(1505) Pause Young (Allocation Failure) 14M->10M(15M) 0.196ms
[11.418s][info][gc] GC(1506) Pause Young (Allocation Failure) 14M->10M(15M) 0.179ms
[11.419s][info][gc] GC(1507) Pause Young (Allocation Failure) 14M->10M(15M) 0.183ms
[11.420s][info][gc] GC(1508) Pause Young (Allocation Failure) 14M->10M(15M) 0.169ms
[11.420s][info][gc] GC(1509) Pause Young (Allocation Failure) 14M->10M(15M) 0.199ms
[11.421s][info][gc] GC(1510) Pause Young (Allocation Failure) 15M->15M(15M) 0.025ms
[11.424s][info][gc] GC(1511) Pause Full (Allocation Failure) 15M->2M(15M) 3.307ms
[11.425s][info][gc] GC(1512) Pause Young (Allocation Failure) 7M->3M(15M) 0.201ms
[11.426s][info][gc] GC(1513) Pause Young (Allocation Failure) 7M->3M(15M) 0.185ms
[11.427s][info][gc] GC(1514) Pause Young (Allocation Failure) 7M->3M(15M) 0.182ms
[11.428s][info][gc] GC(1515) Pause Young (Allocation Failure) 7M->3M(15M) 0.187ms
[11.429s][info][gc] GC(1516) Pause Young (Allocation Failure) 7M->3M(15M) 0.197ms
[11.430s][info][gc] GC(1517) Pause Young (Allocation Failure) 8M->3M(15M) 0.164ms
[11.430s][info][gc] GC(1518) Pause Young (Allocation Failure) 7M->3M(15M) 0.163ms
[11.431s][info][gc] GC(1519) Pause Young (Allocation Failure) 7M->3M(15M) 0.175ms
[11.432s][info][gc] GC(1520) Pause Young (Allocation Failure) 7M->3M(15M) 0.164ms
[11.433s][info][gc] GC(1521) Pause Young (Allocation Failure) 7M->3M(15M) 0.194ms
[11.434s][info][gc] GC(1522) Pause Young (Allocation Failure) 8M->3M(15M) 0.192ms
[11.435s][info][gc] GC(1523) Pause Young (Allocation Failure) 8M->3M(15M) 0.173ms
[11.436s][info][gc] GC(1524) Pause Young (Allocation Failure) 8M->3M(15M) 0.170ms
[11.436s][info][gc] GC(1525) Pause Young (Allocation Failure) 7M->3M(15M) 0.176ms
[11.437s][info][gc] GC(1526) Pause Young (Allocation Failure) 8M->3M(15M) 0.164ms
[11.438s][info][gc] GC(1527) Pause Young (Allocation Failure) 7M->4M(15M) 0.189ms
[11.439s][info][gc] GC(1528) Pause Young (Allocation Failure) 8M->4M(15M) 0.191ms
[11.440s][info][gc] GC(1529) Pause Young (Allocation Failure) 8M->3M(15M) 0.171ms
[11.440s][info][gc] GC(1530) Pause Young (Allocation Failure) 8M->4M(15M) 0.227ms
[11.441s][info][gc] GC(1531) Pause Young (Allocation Failure) 9M->4M(15M) 0.172ms
[11.442s][info][gc] GC(1532) Pause Young (Allocation Failure) 8M->4M(15M) 0.181ms
[11.443s][info][gc] GC(1533) Pause Young (Allocation Failure) 8M->4M(15M) 0.192ms
[11.443s][info][gc] GC(1534) Pause Young (Allocation Failure) 9M->4M(15M) 0.193ms
[11.444s][info][gc] GC(1535) Pause Young (Allocation Failure) 9M->4M(15M) 0.192ms
[11.445s][info][gc] GC(1536) Pause Young (Allocation Failure) 9M->5M(15M) 0.192ms
[11.446s][info][gc] GC(1537) Pause Young (Allocation Failure) 9M->4M(15M) 0.170ms
[11.447s][info][gc] GC(1538) Pause Young (Allocation Failure) 9M->4M(15M) 0.170ms
[11.447s][info][gc] GC(1539) Pause Young (Allocation Failure) 9M->5M(15M) 0.183ms
[11.448s][info][gc] GC(1540) Pause Young (Allocation Failure) 9M->5M(15M) 0.197ms
[11.449s][info][gc] GC(1541) Pause Young (Allocation Failure) 9M->4M(15M) 0.173ms
[11.450s][info][gc] GC(1542) Pause Young (Allocation Failure) 9M->4M(15M) 0.191ms
[11.451s][info][gc] GC(1543) Pause Young (Allocation Failure) 9M->5M(15M) 0.180ms
[11.452s][info][gc] GC(1544) Pause Young (Allocation Failure) 9M->5M(15M) 0.185ms
[11.453s][info][gc] GC(1545) Pause Young (Allocation Failure) 9M->5M(15M) 0.175ms
[11.453s][info][gc] GC(1546) Pause Young (Allocation Failure) 9M->4M(15M) 0.167ms
[11.454s][info][gc] GC(1547) Pause Young (Allocation Failure) 9M->5M(15M) 0.206ms
[11.455s][info][gc] GC(1548) Pause Young (Allocation Failure) 9M->5M(15M) 0.182ms
[11.456s][info][gc] GC(1549) Pause Young (Allocation Failure) 9M->5M(15M) 0.195ms
[11.456s][info][gc] GC(1550) Pause Young (Allocation Failure) 10M->5M(15M) 0.183ms
[11.457s][info][gc] GC(1551) Pause Young (Allocation Failure) 10M->5M(15M) 0.183ms
[11.458s][info][gc] GC(1552) Pause Young (Allocation Failure) 10M->6M(15M) 0.170ms
[11.459s][info][gc] GC(1553) Pause Young (Allocation Failure) 10M->6M(15M) 0.183ms
[11.460s][info][gc] GC(1554) Pause Young (Allocation Failure) 10M->6M(15M) 0.161ms
[11.460s][info][gc] GC(1555) Pause Young (Allocation Failure) 10M->5M(15M) 0.146ms
[11.461s][info][gc] GC(1556) Pause Young (Allocation Failure) 10M->6M(15M) 0.178ms
[11.462s][info][gc] GC(1557) Pause Young (Allocation Failure) 10M->6M(15M) 0.180ms
[11.463s][info][gc] GC(1558) Pause Young (Allocation Failure) 10M->6M(15M) 0.175ms
[11.464s][info][gc] GC(1559) Pause Young (Allocation Failure) 10M->6M(15M) 0.188ms
[11.464s][info][gc] GC(1560) Pause Young (Allocation Failure) 10M->6M(15M) 0.176ms
[11.465s][info][gc] GC(1561) Pause Young (Allocation Failure) 10M->6M(15M) 0.189ms
[11.466s][info][gc] GC(1562) Pause Young (Allocation Failure) 10M->6M(15M) 0.208ms
[11.467s][info][gc] GC(1563) Pause Young (Allocation Failure) 11M->6M(15M) 0.170ms
[11.468s][info][gc] GC(1564) Pause Young (Allocation Failure) 10M->6M(15M) 0.165ms
[11.469s][info][gc] GC(1565) Pause Young (Allocation Failure) 10M->6M(15M) 0.170ms
[11.469s][info][gc] GC(1566) Pause Young (Allocation Failure) 10M->7M(15M) 0.176ms
[11.470s][info][gc] GC(1567) Pause Young (Allocation Failure) 11M->7M(15M) 0.183ms
[11.471s][info][gc] GC(1568) Pause Young (Allocation Failure) 11M->7M(15M) 0.200ms
[11.472s][info][gc] GC(1569) Pause Young (Allocation Failure) 11M->7M(15M) 0.199ms
[11.473s][info][gc] GC(1570) Pause Young (Allocation Failure) 11M->7M(15M) 0.178ms
[11.474s][info][gc] GC(1571) Pause Young (Allocation Failure) 11M->7M(15M) 0.183ms
[11.475s][info][gc] GC(1572) Pause Young (Allocation Failure) 11M->7M(15M) 0.178ms
[11.475s][info][gc] GC(1573) Pause Young (Allocation Failure) 11M->7M(15M) 0.164ms
[11.476s][info][gc] GC(1574) Pause Young (Allocation Failure) 11M->7M(15M) 0.178ms
[11.477s][info][gc] GC(1575) Pause Young (Allocation Failure) 11M->7M(15M) 0.187ms
[11.478s][info][gc] GC(1576) Pause Young (Allocation Failure) 11M->7M(15M) 0.183ms
[11.479s][info][gc] GC(1577) Pause Young (Allocation Failure) 11M->7M(15M) 0.146ms
[11.480s][info][gc] GC(1578) Pause Young (Allocation Failure) 11M->7M(15M) 0.175ms
[11.480s][info][gc] GC(1579) Pause Young (Allocation Failure) 11M->7M(15M) 0.183ms
[11.481s][info][gc] GC(1580) Pause Young (Allocation Failure) 12M->7M(15M) 0.185ms
[11.482s][info][gc] GC(1581) Pause Young (Allocation Failure) 12M->7M(15M) 0.182ms
[11.483s][info][gc] GC(1582) Pause Young (Allocation Failure) 12M->8M(15M) 0.186ms
[11.484s][info][gc] GC(1583) Pause Young (Allocation Failure) 12M->8M(15M) 0.175ms
[11.484s][info][gc] GC(1584) Pause Young (Allocation Failure) 12M->8M(15M) 0.218ms
[11.485s][info][gc] GC(1585) Pause Young (Allocation Failure) 13M->8M(15M) 0.177ms
[11.486s][info][gc] GC(1586) Pause Young (Allocation Failure) 12M->8M(15M) 0.171ms
[11.487s][info][gc] GC(1587) Pause Young (Allocation Failure) 12M->8M(15M) 0.191ms
[11.488s][info][gc] GC(1588) Pause Young (Allocation Failure) 13M->8M(15M) 0.185ms
[11.488s][info][gc] GC(1589) Pause Young (Allocation Failure) 13M->8M(15M) 0.161ms
[11.489s][info][gc] GC(1590) Pause Young (Allocation Failure) 12M->8M(15M) 0.186ms
[11.490s][info][gc] GC(1591) Pause Young (Allocation Failure) 13M->8M(15M) 0.161ms
[11.491s][info][gc] GC(1592) Pause Young (Allocation Failure) 12M->9M(15M) 0.185ms
[11.492s][info][gc] GC(1593) Pause Young (Allocation Failure) 13M->8M(15M) 0.162ms
[11.492s][info][gc] GC(1594) Pause Young (Allocation Failure) 13M->9M(15M) 0.190ms
[11.493s][info][gc] GC(1595) Pause Young (Allocation Failure) 13M->9M(15M) 0.194ms
[11.494s][info][gc] GC(1596) Pause Young (Allocation Failure) 13M->9M(15M) 0.182ms
[11.495s][info][gc] GC(1597) Pause Young (Allocation Failure) 14M->9M(15M) 0.186ms
[11.496s][info][gc] GC(1598) Pause Young (Allocation Failure) 14M->9M(15M) 0.170ms
[11.496s][info][gc] GC(1599) Pause Young (Allocation Failure) 13M->10M(15M) 0.202ms
[11.497s][info][gc] GC(1600) Pause Young (Allocation Failure) 14M->9M(15M) 0.166ms
[11.498s][info][gc] GC(1601) Pause Young (Allocation Failure) 13M->10M(15M) 0.182ms
[11.499s][info][gc] GC(1602) Pause Young (Allocation Failure) 14M->10M(15M) 0.188ms
[11.500s][info][gc] GC(1603) Pause Young (Allocation Failure) 14M->9M(15M) 0.176ms
[11.500s][info][gc] GC(1604) Pause Young (Allocation Failure) 14M->10M(15M) 0.180ms
[11.501s][info][gc] GC(1605) Pause Young (Allocation Failure) 14M->9M(15M) 0.178ms
[11.502s][info][gc] GC(1606) Pause Young (Allocation Failure) 14M->10M(15M) 0.184ms
[11.503s][info][gc] GC(1607) Pause Young (Allocation Failure) 14M->9M(15M) 0.169ms
[11.504s][info][gc] GC(1608) Pause Young (Allocation Failure) 14M->10M(15M) 0.172ms
[11.505s][info][gc] GC(1609) Pause Young (Allocation Failure) 14M->10M(15M) 0.196ms
[11.505s][info][gc] GC(1610) Pause Young (Allocation Failure) 14M->10M(15M) 0.178ms
[11.506s][info][gc] GC(1611) Pause Young (Allocation Failure) 14M->10M(15M) 0.170ms
[11.507s][info][gc] GC(1612) Pause Young (Allocation Failure) 14M->11M(15M) 0.179ms
[11.508s][info][gc] GC(1613) Pause Young (Allocation Failure) 15M->15M(15M) 0.025ms
[11.511s][info][gc] GC(1614) Pause Full (Allocation Failure) 15M->2M(15M) 3.525ms
[11.512s][info][gc] GC(1615) Pause Young (Allocation Failure) 6M->2M(15M) 0.178ms
[11.513s][info][gc] GC(1616) Pause Young (Allocation Failure) 7M->3M(15M) 0.190ms
[11.514s][info][gc] GC(1617) Pause Young (Allocation Failure) 7M->2M(15M) 0.178ms
[11.514s][info][gc] GC(1618) Pause Young (Allocation Failure) 7M->2M(15M) 0.162ms
[11.515s][info][gc] GC(1619) Pause Young (Allocation Failure) 7M->2M(15M) 0.164ms
[11.516s][info][gc] GC(1620) Pause Young (Allocation Failure) 7M->2M(15M) 0.174ms
[11.517s][info][gc] GC(1621) Pause Young (Allocation Failure) 7M->2M(15M) 0.169ms
[11.518s][info][gc] GC(1622) Pause Young (Allocation Failure) 7M->2M(15M) 0.163ms
[11.518s][info][gc] GC(1623) Pause Young (Allocation Failure) 7M->3M(15M) 0.213ms
[11.519s][info][gc] GC(1624) Pause Young (Allocation Failure) 7M->3M(15M) 0.168ms
[11.520s][info][gc] GC(1625) Pause Young (Allocation Failure) 7M->3M(15M) 0.176ms
[11.521s][info][gc] GC(1626) Pause Young (Allocation Failure) 7M->3M(15M) 0.187ms
[11.522s][info][gc] GC(1627) Pause Young (Allocation Failure) 7M->3M(15M) 0.175ms
[11.522s][info][gc] GC(1628) Pause Young (Allocation Failure) 7M->3M(15M) 0.177ms
[11.523s][info][gc] GC(1629) Pause Young (Allocation Failure) 7M->3M(15M) 0.162ms
[11.524s][info][gc] GC(1630) Pause Young (Allocation Failure) 7M->3M(15M) 0.188ms
[11.525s][info][gc] GC(1631) Pause Young (Allocation Failure) 8M->3M(15M) 0.180ms
[11.526s][info][gc] GC(1632) Pause Young (Allocation Failure) 7M->3M(15M) 0.180ms
[11.526s][info][gc] GC(1633) Pause Young (Allocation Failure) 8M->3M(15M) 0.162ms
[11.527s][info][gc] GC(1634) Pause Young (Allocation Failure) 7M->3M(15M) 0.173ms
[11.528s][info][gc] GC(1635) Pause Young (Allocation Failure) 7M->3M(15M) 0.190ms
[11.529s][info][gc] GC(1636) Pause Young (Allocation Failure) 8M->3M(15M) 0.160ms
[11.530s][info][gc] GC(1637) Pause Young (Allocation Failure) 7M->4M(15M) 0.191ms
[11.530s][info][gc] GC(1638) Pause Young (Allocation Failure) 8M->4M(15M) 0.185ms
[11.531s][info][gc] GC(1639) Pause Young (Allocation Failure) 8M->4M(15M) 0.179ms
[11.532s][info][gc] GC(1640) Pause Young (Allocation Failure) 8M->4M(15M) 0.167ms
[11.533s][info][gc] GC(1641) Pause Young (Allocation Failure) 8M->4M(15M) 0.186ms
[11.533s][info][gc] GC(1642) Pause Young (Allocation Failure) 8M->4M(15M) 0.181ms
[11.534s][info][gc] GC(1643) Pause Young (Allocation Failure) 8M->4M(15M) 0.178ms
[11.535s][info][gc] GC(1644) Pause Young (Allocation Failure) 8M->4M(15M) 0.177ms
[11.536s][info][gc] GC(1645) Pause Young (Allocation Failure) 8M->4M(15M) 0.206ms
[11.537s][info][gc] GC(1646) Pause Young (Allocation Failure) 8M->4M(15M) 0.178ms
[11.537s][info][gc] GC(1647) Pause Young (Allocation Failure) 8M->4M(15M) 0.168ms
[11.538s][info][gc] GC(1648) Pause Young (Allocation Failure) 8M->4M(15M) 0.156ms
[11.539s][info][gc] GC(1649) Pause Young (Allocation Failure) 8M->4M(15M) 0.173ms
[11.540s][info][gc] GC(1650) Pause Young (Allocation Failure) 8M->4M(15M) 0.197ms
[11.540s][info][gc] GC(1651) Pause Young (Allocation Failure) 8M->4M(15M) 0.161ms
[11.541s][info][gc] GC(1652) Pause Young (Allocation Failure) 8M->4M(15M) 0.169ms
[11.542s][info][gc] GC(1653) Pause Young (Allocation Failure) 8M->4M(15M) 0.164ms
[11.543s][info][gc] GC(1654) Pause Young (Allocation Failure) 8M->4M(15M) 0.206ms
[11.543s][info][gc] GC(1655) Pause Young (Allocation Failure) 9M->4M(15M) 0.175ms
[11.544s][info][gc] GC(1656) Pause Young (Allocation Failure) 9M->4M(15M) 0.168ms
[11.545s][info][gc] GC(1657) Pause Young (Allocation Failure) 8M->4M(15M) 0.181ms
[11.546s][info][gc] GC(1658) Pause Young (Allocation Failure) 9M->5M(15M) 0.211ms
[11.547s][info][gc] GC(1659) Pause Young (Allocation Failure) 9M->5M(15M) 0.193ms
[11.547s][info][gc] GC(1660) Pause Young (Allocation Failure) 9M->5M(15M) 0.181ms
[11.548s][info][gc] GC(1661) Pause Young (Allocation Failure) 9M->5M(15M) 0.176ms
[11.549s][info][gc] GC(1662) Pause Young (Allocation Failure) 9M->5M(15M) 0.181ms
[11.550s][info][gc] GC(1663) Pause Young (Allocation Failure) 9M->5M(15M) 0.166ms
[11.551s][info][gc] GC(1664) Pause Young (Allocation Failure) 9M->5M(15M) 0.177ms
[11.551s][info][gc] GC(1665) Pause Young (Allocation Failure) 9M->5M(15M) 0.177ms
[11.552s][info][gc] GC(1666) Pause Young (Allocation Failure) 9M->5M(15M) 0.183ms
[11.553s][info][gc] GC(1667) Pause Young (Allocation Failure) 9M->5M(15M) 0.167ms
[11.554s][info][gc] GC(1668) Pause Young (Allocation Failure) 9M->5M(15M) 0.169ms
[11.554s][info][gc] GC(1669) Pause Young (Allocation Failure) 9M->5M(15M) 0.198ms
[11.555s][info][gc] GC(1670) Pause Young (Allocation Failure) 10M->6M(15M) 0.217ms
[11.556s][info][gc] GC(1671) Pause Young (Allocation Failure) 10M->6M(15M) 0.171ms
[11.557s][info][gc] GC(1672) Pause Young (Allocation Failure) 10M->6M(15M) 0.163ms
[11.558s][info][gc] GC(1673) Pause Young (Allocation Failure) 10M->6M(15M) 0.174ms
[11.558s][info][gc] GC(1674) Pause Young (Allocation Failure) 11M->6M(15M) 0.184ms
[11.559s][info][gc] GC(1675) Pause Young (Allocation Failure) 11M->7M(15M) 0.187ms
[11.560s][info][gc] GC(1676) Pause Young (Allocation Failure) 11M->7M(15M) 0.190ms
[11.561s][info][gc] GC(1677) Pause Young (Allocation Failure) 11M->7M(15M) 0.211ms
[11.562s][info][gc] GC(1678) Pause Young (Allocation Failure) 11M->7M(15M) 0.164ms
[11.562s][info][gc] GC(1679) Pause Young (Allocation Failure) 11M->7M(15M) 0.201ms
[11.563s][info][gc] GC(1680) Pause Young (Allocation Failure) 12M->7M(15M) 0.166ms
[11.564s][info][gc] GC(1681) Pause Young (Allocation Failure) 11M->8M(15M) 0.185ms
[11.565s][info][gc] GC(1682) Pause Young (Allocation Failure) 12M->7M(15M) 0.179ms
[11.566s][info][gc] GC(1683) Pause Young (Allocation Failure) 12M->7M(15M) 0.172ms
[11.567s][info][gc] GC(1684) Pause Young (Allocation Failure) 12M->7M(15M) 0.181ms
[11.567s][info][gc] GC(1685) Pause Young (Allocation Failure) 12M->7M(15M) 0.163ms
[11.568s][info][gc] GC(1686) Pause Young (Allocation Failure) 11M->8M(15M) 0.192ms
[11.569s][info][gc] GC(1687) Pause Young (Allocation Failure) 12M->8M(15M) 0.182ms
[11.570s][info][gc] GC(1688) Pause Young (Allocation Failure) 12M->8M(15M) 0.173ms
[11.571s][info][gc] GC(1689) Pause Young (Allocation Failure) 12M->8M(15M) 0.212ms
[11.572s][info][gc] GC(1690) Pause Young (Allocation Failure) 12M->9M(15M) 0.208ms
[11.572s][info][gc] GC(1691) Pause Young (Allocation Failure) 13M->8M(15M) 0.182ms
[11.573s][info][gc] GC(1692) Pause Young (Allocation Failure) 13M->9M(15M) 0.189ms
[11.574s][info][gc] GC(1693) Pause Young (Allocation Failure) 13M->8M(15M) 0.160ms
[11.575s][info][gc] GC(1694) Pause Young (Allocation Failure) 13M->8M(15M) 0.168ms
[11.576s][info][gc] GC(1695) Pause Young (Allocation Failure) 13M->8M(15M) 0.174ms
[11.577s][info][gc] GC(1696) Pause Young (Allocation Failure) 13M->9M(15M) 0.154ms
[11.577s][info][gc] GC(1697) Pause Young (Allocation Failure) 13M->9M(15M) 0.177ms
[11.578s][info][gc] GC(1698) Pause Young (Allocation Failure) 13M->9M(15M) 0.177ms
[11.579s][info][gc] GC(1699) Pause Young (Allocation Failure) 13M->9M(15M) 0.166ms
[11.580s][info][gc] GC(1700) Pause Young (Allocation Failure) 13M->9M(15M) 0.148ms
[11.581s][info][gc] GC(1701) Pause Young (Allocation Failure) 13M->9M(15M) 0.173ms
[11.582s][info][gc] GC(1702) Pause Young (Allocation Failure) 13M->9M(15M) 0.183ms
[11.582s][info][gc] GC(1703) Pause Young (Allocation Failure) 13M->9M(15M) 0.149ms
[11.583s][info][gc] GC(1704) Pause Young (Allocation Failure) 14M->10M(15M) 0.146ms
[11.584s][info][gc] GC(1705) Pause Young (Allocation Failure) 14M->10M(15M) 0.189ms
[11.585s][info][gc] GC(1706) Pause Young (Allocation Failure) 14M->10M(15M) 0.165ms
[11.586s][info][gc] GC(1707) Pause Young (Allocation Failure) 14M->10M(15M) 0.158ms
[11.587s][info][gc] GC(1708) Pause Young (Allocation Failure) 14M->10M(15M) 0.162ms
[11.587s][info][gc] GC(1709) Pause Young (Allocation Failure) 14M->10M(15M) 0.148ms
[11.588s][info][gc] GC(1710) Pause Young (Allocation Failure) 14M->9M(15M) 0.142ms
[11.589s][info][gc] GC(1711) Pause Young (Allocation Failure) 14M->10M(15M) 0.150ms
[11.590s][info][gc] GC(1712) Pause Young (Allocation Failure) 14M->10M(15M) 0.170ms
[11.590s][info][gc] GC(1713) Pause Young (Allocation Failure) 14M->10M(15M) 0.157ms
[11.591s][info][gc] GC(1714) Pause Young (Allocation Failure) 14M->10M(15M) 0.157ms
[11.592s][info][gc] GC(1715) Pause Young (Allocation Failure) 14M->10M(15M) 0.164ms
[11.593s][info][gc] GC(1716) Pause Young (Allocation Failure) 14M->10M(15M) 0.150ms
[11.594s][info][gc] GC(1717) Pause Young (Allocation Failure) 14M->10M(15M) 0.155ms
[11.594s][info][gc] GC(1718) Pause Young (Allocation Failure) 14M->10M(15M) 0.149ms
[11.595s][info][gc] GC(1719) Pause Young (Allocation Failure) 14M->10M(15M) 0.158ms
[11.596s][info][gc] GC(1720) Pause Young (Allocation Failure) 14M->10M(15M) 0.169ms
[11.597s][info][gc] GC(1721) Pause Young (Allocation Failure) 14M->10M(15M) 0.140ms
[11.597s][info][gc] GC(1722) Pause Young (Allocation Failure) 14M->10M(15M) 0.178ms
[11.598s][info][gc] GC(1723) Pause Young (Allocation Failure) 15M->15M(15M) 0.282ms
[11.602s][info][gc] GC(1724) Pause Full (Allocation Failure) 15M->3M(15M) 3.492ms
[11.603s][info][gc] GC(1725) Pause Young (Allocation Failure) 8M->4M(15M) 0.203ms
[11.604s][info][gc] GC(1726) Pause Young (Allocation Failure) 8M->4M(15M) 0.166ms
[11.604s][info][gc] GC(1727) Pause Young (Allocation Failure) 8M->4M(15M) 0.160ms
[11.605s][info][gc] GC(1728) Pause Young (Allocation Failure) 8M->4M(15M) 0.155ms
[11.606s][info][gc] GC(1729) Pause Young (Allocation Failure) 8M->4M(15M) 0.155ms
[11.607s][info][gc] GC(1730) Pause Young (Allocation Failure) 8M->4M(15M) 0.162ms
[11.607s][info][gc] GC(1731) Pause Young (Allocation Failure) 9M->5M(15M) 0.186ms
[11.608s][info][gc] GC(1732) Pause Young (Allocation Failure) 9M->5M(15M) 0.182ms
[11.609s][info][gc] GC(1733) Pause Young (Allocation Failure) 9M->5M(15M) 0.168ms
[11.610s][info][gc] GC(1734) Pause Young (Allocation Failure) 9M->5M(15M) 0.145ms
[11.610s][info][gc] GC(1735) Pause Young (Allocation Failure) 9M->5M(15M) 0.140ms
[11.611s][info][gc] GC(1736) Pause Young (Allocation Failure) 9M->5M(15M) 0.170ms
[11.612s][info][gc] GC(1737) Pause Young (Allocation Failure) 10M->6M(15M) 0.193ms
[11.613s][info][gc] GC(1738) Pause Young (Allocation Failure) 10M->6M(15M) 0.164ms
[11.614s][info][gc] GC(1739) Pause Young (Allocation Failure) 10M->6M(15M) 0.139ms
[11.614s][info][gc] GC(1740) Pause Young (Allocation Failure) 10M->6M(15M) 0.153ms
[11.615s][info][gc] GC(1741) Pause Young (Allocation Failure) 10M->6M(15M) 0.182ms
[11.616s][info][gc] GC(1742) Pause Young (Allocation Failure) 11M->6M(15M) 0.155ms
[11.617s][info][gc] GC(1743) Pause Young (Allocation Failure) 11M->7M(15M) 0.177ms
[11.618s][info][gc] GC(1744) Pause Young (Allocation Failure) 11M->7M(15M) 0.173ms
[11.618s][info][gc] GC(1745) Pause Young (Allocation Failure) 11M->7M(15M) 0.156ms
[11.619s][info][gc] GC(1746) Pause Young (Allocation Failure) 11M->6M(15M) 0.142ms
[11.620s][info][gc] GC(1747) Pause Young (Allocation Failure) 11M->7M(15M) 0.168ms
[11.620s][info][gc] GC(1748) Pause Young (Allocation Failure) 11M->7M(15M) 0.153ms
[11.621s][info][gc] GC(1749) Pause Young (Allocation Failure) 11M->6M(15M) 0.137ms
[11.622s][info][gc] GC(1750) Pause Young (Allocation Failure) 11M->7M(15M) 0.141ms
[11.623s][info][gc] GC(1751) Pause Young (Allocation Failure) 11M->6M(15M) 0.139ms
[11.624s][info][gc] GC(1752) Pause Young (Allocation Failure) 11M->7M(15M) 0.174ms
[11.624s][info][gc] GC(1753) Pause Young (Allocation Failure) 11M->7M(15M) 0.151ms
[11.625s][info][gc] GC(1754) Pause Young (Allocation Failure) 11M->7M(15M) 0.157ms
[11.626s][info][gc] GC(1755) Pause Young (Allocation Failure) 11M->7M(15M) 0.152ms
[11.627s][info][gc] GC(1756) Pause Young (Allocation Failure) 11M->7M(15M) 0.112ms
[11.628s][info][gc] GC(1757) Pause Young (Allocation Failure) 11M->7M(15M) 0.174ms
[11.628s][info][gc] GC(1758) Pause Young (Allocation Failure) 12M->7M(15M) 0.154ms
[11.629s][info][gc] GC(1759) Pause Young (Allocation Failure) 12M->7M(15M) 0.149ms
[11.630s][info][gc] GC(1760) Pause Young (Allocation Failure) 11M->7M(15M) 0.138ms
[11.631s][info][gc] GC(1761) Pause Young (Allocation Failure) 12M->7M(15M) 0.149ms
[11.632s][info][gc] GC(1762) Pause Young (Allocation Failure) 11M->7M(15M) 0.147ms
[11.632s][info][gc] GC(1763) Pause Young (Allocation Failure) 11M->8M(15M) 0.170ms
[11.633s][info][gc] GC(1764) Pause Young (Allocation Failure) 12M->7M(15M) 0.152ms
[11.634s][info][gc] GC(1765) Pause Young (Allocation Failure) 12M->7M(15M) 0.148ms
[11.635s][info][gc] GC(1766) Pause Young (Allocation Failure) 12M->7M(15M) 0.144ms
[11.635s][info][gc] GC(1767) Pause Young (Allocation Failure) 12M->7M(15M) 0.142ms
[11.636s][info][gc] GC(1768) Pause Young (Allocation Failure) 11M->7M(15M) 0.141ms
[11.637s][info][gc] GC(1769) Pause Young (Allocation Failure) 11M->7M(15M) 0.143ms
[11.638s][info][gc] GC(1770) Pause Young (Allocation Failure) 11M->8M(15M) 0.167ms
[11.638s][info][gc] GC(1771) Pause Young (Allocation Failure) 12M->8M(15M) 0.133ms
[11.639s][info][gc] GC(1772) Pause Young (Allocation Failure) 12M->8M(15M) 0.193ms
[11.640s][info][gc] GC(1773) Pause Young (Allocation Failure) 13M->8M(15M) 0.151ms
[11.641s][info][gc] GC(1774) Pause Young (Allocation Failure) 12M->8M(15M) 0.147ms
[11.642s][info][gc] GC(1775) Pause Young (Allocation Failure) 12M->8M(15M) 0.151ms
[11.643s][info][gc] GC(1776) Pause Young (Allocation Failure) 12M->8M(15M) 0.157ms
[11.644s][info][gc] GC(1777) Pause Young (Allocation Failure) 13M->8M(15M) 0.197ms
[11.644s][info][gc] GC(1778) Pause Young (Allocation Failure) 13M->8M(15M) 0.178ms
[11.645s][info][gc] GC(1779) Pause Young (Allocation Failure) 12M->8M(15M) 0.184ms
[11.646s][info][gc] GC(1780) Pause Young (Allocation Failure) 12M->8M(15M) 0.178ms
[11.647s][info][gc] GC(1781) Pause Young (Allocation Failure) 12M->8M(15M) 0.190ms
[11.648s][info][gc] GC(1782) Pause Young (Allocation Failure) 13M->8M(15M) 0.168ms
[11.649s][info][gc] GC(1783) Pause Young (Allocation Failure) 12M->8M(15M) 0.178ms
[11.650s][info][gc] GC(1784) Pause Young (Allocation Failure) 12M->8M(15M) 0.173ms
[11.651s][info][gc] GC(1785) Pause Young (Allocation Failure) 12M->8M(15M) 0.184ms
[11.652s][info][gc] GC(1786) Pause Young (Allocation Failure) 13M->8M(15M) 0.167ms
[11.652s][info][gc] GC(1787) Pause Young (Allocation Failure) 12M->9M(15M) 0.194ms
[11.653s][info][gc] GC(1788) Pause Young (Allocation Failure) 13M->9M(15M) 0.188ms
[11.654s][info][gc] GC(1789) Pause Young (Allocation Failure) 13M->8M(15M) 0.171ms
[11.655s][info][gc] GC(1790) Pause Young (Allocation Failure) 13M->8M(15M) 0.164ms
[11.656s][info][gc] GC(1791) Pause Young (Allocation Failure) 13M->8M(15M) 0.168ms
[11.657s][info][gc] GC(1792) Pause Young (Allocation Failure) 13M->9M(15M) 0.193ms
[11.658s][info][gc] GC(1793) Pause Young (Allocation Failure) 13M->9M(15M) 0.182ms
[11.658s][info][gc] GC(1794) Pause Young (Allocation Failure) 13M->9M(15M) 0.194ms
[11.659s][info][gc] GC(1795) Pause Young (Allocation Failure) 13M->9M(15M) 0.183ms
[11.660s][info][gc] GC(1796) Pause Young (Allocation Failure) 13M->9M(15M) 0.172ms
[11.661s][info][gc] GC(1797) Pause Young (Allocation Failure) 13M->9M(15M) 0.183ms
[11.662s][info][gc] GC(1798) Pause Young (Allocation Failure) 13M->9M(15M) 0.164ms
[11.663s][info][gc] GC(1799) Pause Young (Allocation Failure) 13M->9M(15M) 0.166ms
[11.663s][info][gc] GC(1800) Pause Young (Allocation Failure) 13M->9M(15M) 0.198ms
[11.664s][info][gc] GC(1801) Pause Young (Allocation Failure) 14M->10M(15M) 0.214ms
[11.665s][info][gc] GC(1802) Pause Young (Allocation Failure) 14M->10M(15M) 0.181ms
[11.666s][info][gc] GC(1803) Pause Young (Allocation Failure) 14M->10M(15M) 0.165ms
[11.666s][info][gc] GC(1804) Pause Young (Allocation Failure) 14M->10M(15M) 0.177ms
[11.667s][info][gc] GC(1805) Pause Young (Allocation Failure) 14M->10M(15M) 0.186ms
[11.668s][info][gc] GC(1806) Pause Young (Allocation Failure) 14M->10M(15M) 0.165ms
[11.669s][info][gc] GC(1807) Pause Young (Allocation Failure) 14M->10M(15M) 0.172ms
[11.670s][info][gc] GC(1808) Pause Young (Allocation Failure) 14M->10M(15M) 0.167ms
[11.670s][info][gc] GC(1809) Pause Young (Allocation Failure) 14M->10M(15M) 0.211ms
[11.671s][info][gc] GC(1810) Pause Young (Allocation Failure) 15M->15M(15M) 0.025ms
[11.675s][info][gc] GC(1811) Pause Full (Allocation Failure) 15M->3M(15M) 3.573ms
[11.676s][info][gc] GC(1812) Pause Young (Allocation Failure) 8M->3M(15M) 0.167ms
[11.676s][info][gc] GC(1813) Pause Young (Allocation Failure) 8M->4M(15M) 0.173ms
[11.677s][info][gc] GC(1814) Pause Young (Allocation Failure) 8M->4M(15M) 0.216ms
[11.678s][info][gc] GC(1815) Pause Young (Allocation Failure) 9M->4M(15M) 0.170ms
[11.679s][info][gc] GC(1816) Pause Young (Allocation Failure) 8M->4M(15M) 0.181ms
[11.680s][info][gc] GC(1817) Pause Young (Allocation Failure) 9M->4M(15M) 0.185ms
[11.681s][info][gc] GC(1818) Pause Young (Allocation Failure) 9M->4M(15M) 0.158ms
[11.682s][info][gc] GC(1819) Pause Young (Allocation Failure) 8M->4M(15M) 0.162ms
[11.683s][info][gc] GC(1820) Pause Young (Allocation Failure) 8M->4M(15M) 0.181ms
[11.683s][info][gc] GC(1821) Pause Young (Allocation Failure) 9M->5M(15M) 0.189ms
[11.684s][info][gc] GC(1822) Pause Young (Allocation Failure) 9M->4M(15M) 0.161ms
[11.685s][info][gc] GC(1823) Pause Young (Allocation Failure) 8M->4M(15M) 0.173ms
[11.686s][info][gc] GC(1824) Pause Young (Allocation Failure) 9M->4M(15M) 0.159ms
[11.687s][info][gc] GC(1825) Pause Young (Allocation Failure) 8M->5M(15M) 0.136ms
[11.688s][info][gc] GC(1826) Pause Young (Allocation Failure) 9M->5M(15M) 0.178ms
[11.688s][info][gc] GC(1827) Pause Young (Allocation Failure) 9M->5M(15M) 0.199ms
[11.689s][info][gc] GC(1828) Pause Young (Allocation Failure) 9M->5M(15M) 0.171ms
[11.690s][info][gc] GC(1829) Pause Young (Allocation Failure) 9M->5M(15M) 0.199ms
[11.691s][info][gc] GC(1830) Pause Young (Allocation Failure) 9M->5M(15M) 0.210ms
[11.692s][info][gc] GC(1831) Pause Young (Allocation Failure) 10M->5M(15M) 0.168ms
[11.693s][info][gc] GC(1832) Pause Young (Allocation Failure) 9M->5M(15M) 0.185ms
[11.693s][info][gc] GC(1833) Pause Young (Allocation Failure) 10M->6M(15M) 0.193ms
[11.694s][info][gc] GC(1834) Pause Young (Allocation Failure) 10M->6M(15M) 0.177ms
[11.695s][info][gc] GC(1835) Pause Young (Allocation Failure) 10M->6M(15M) 0.193ms
[11.696s][info][gc] GC(1836) Pause Young (Allocation Failure) 10M->6M(15M) 0.183ms
[11.697s][info][gc] GC(1837) Pause Young (Allocation Failure) 10M->6M(15M) 0.206ms
[11.698s][info][gc] GC(1838) Pause Young (Allocation Failure) 10M->6M(15M) 0.163ms
[11.699s][info][gc] GC(1839) Pause Young (Allocation Failure) 10M->6M(15M) 0.175ms
[11.699s][info][gc] GC(1840) Pause Young (Allocation Failure) 10M->6M(15M) 0.193ms
[11.700s][info][gc] GC(1841) Pause Young (Allocation Failure) 10M->6M(15M) 0.169ms
[11.701s][info][gc] GC(1842) Pause Young (Allocation Failure) 10M->7M(15M) 0.209ms
[11.702s][info][gc] GC(1843) Pause Young (Allocation Failure) 11M->7M(15M) 0.177ms
[11.703s][info][gc] GC(1844) Pause Young (Allocation Failure) 11M->7M(15M) 0.161ms
[11.704s][info][gc] GC(1845) Pause Young (Allocation Failure) 11M->8M(15M) 0.205ms
[11.704s][info][gc] GC(1846) Pause Young (Allocation Failure) 12M->8M(15M) 0.180ms
[11.705s][info][gc] GC(1847) Pause Young (Allocation Failure) 12M->7M(15M) 0.158ms
[11.706s][info][gc] GC(1848) Pause Young (Allocation Failure) 11M->8M(15M) 0.188ms
[11.707s][info][gc] GC(1849) Pause Young (Allocation Failure) 12M->7M(15M) 0.167ms
[11.708s][info][gc] GC(1850) Pause Young (Allocation Failure) 12M->8M(15M) 0.174ms
[11.709s][info][gc] GC(1851) Pause Young (Allocation Failure) 12M->8M(15M) 0.177ms
[11.710s][info][gc] GC(1852) Pause Young (Allocation Failure) 12M->7M(15M) 0.168ms
[11.711s][info][gc] GC(1853) Pause Young (Allocation Failure) 12M->8M(15M) 0.178ms
[11.711s][info][gc] GC(1854) Pause Young (Allocation Failure) 12M->8M(15M) 0.185ms
[11.712s][info][gc] GC(1855) Pause Young (Allocation Failure) 12M->8M(15M) 0.185ms
[11.713s][info][gc] GC(1856) Pause Young (Allocation Failure) 12M->7M(15M) 0.165ms
[11.714s][info][gc] GC(1857) Pause Young (Allocation Failure) 12M->7M(15M) 0.163ms
[11.715s][info][gc] GC(1858) Pause Young (Allocation Failure) 12M->8M(15M) 0.169ms
[11.715s][info][gc] GC(1859) Pause Young (Allocation Failure) 12M->8M(15M) 0.181ms
[11.716s][info][gc] GC(1860) Pause Young (Allocation Failure) 12M->8M(15M) 0.197ms
[11.717s][info][gc] GC(1861) Pause Young (Allocation Failure) 12M->8M(15M) 0.189ms
[11.718s][info][gc] GC(1862) Pause Young (Allocation Failure) 13M->8M(15M) 0.176ms
[11.719s][info][gc] GC(1863) Pause Young (Allocation Failure) 13M->8M(15M) 0.169ms
[11.720s][info][gc] GC(1864) Pause Young (Allocation Failure) 13M->8M(15M) 0.174ms
[11.721s][info][gc] GC(1865) Pause Young (Allocation Failure) 13M->9M(15M) 0.189ms
[11.721s][info][gc] GC(1866) Pause Young (Allocation Failure) 13M->9M(15M) 0.177ms
[11.722s][info][gc] GC(1867) Pause Young (Allocation Failure) 13M->8M(15M) 0.162ms
[11.723s][info][gc] GC(1868) Pause Young (Allocation Failure) 13M->9M(15M) 0.185ms
[11.724s][info][gc] GC(1869) Pause Young (Allocation Failure) 13M->9M(15M) 0.179ms
[11.724s][info][gc] GC(1870) Pause Young (Allocation Failure) 13M->9M(15M) 0.178ms
[11.725s][info][gc] GC(1871) Pause Young (Allocation Failure) 13M->9M(15M) 0.168ms
[11.726s][info][gc] GC(1872) Pause Young (Allocation Failure) 13M->9M(15M) 0.167ms
[11.727s][info][gc] GC(1873) Pause Young (Allocation Failure) 13M->9M(15M) 0.161ms
[11.728s][info][gc] GC(1874) Pause Young (Allocation Failure) 13M->9M(15M) 0.162ms
[11.729s][info][gc] GC(1875) Pause Young (Allocation Failure) 13M->9M(15M) 0.175ms
[11.729s][info][gc] GC(1876) Pause Young (Allocation Failure) 13M->9M(15M) 0.167ms
[11.730s][info][gc] GC(1877) Pause Young (Allocation Failure) 13M->9M(15M) 0.201ms
[11.731s][info][gc] GC(1878) Pause Young (Allocation Failure) 14M->9M(15M) 0.176ms
[11.732s][info][gc] GC(1879) Pause Young (Allocation Failure) 13M->9M(15M) 0.189ms
[11.733s][info][gc] GC(1880) Pause Young (Allocation Failure) 14M->10M(15M) 0.210ms
[11.734s][info][gc] GC(1881) Pause Young (Allocation Failure) 14M->10M(15M) 0.178ms
[11.734s][info][gc] GC(1882) Pause Young (Allocation Failure) 14M->10M(15M) 0.179ms
[11.735s][info][gc] GC(1883) Pause Young (Allocation Failure) 14M->10M(15M) 0.197ms
[11.736s][info][gc] GC(1884) Pause Young (Allocation Failure) 14M->10M(15M) 0.196ms
[11.737s][info][gc] GC(1885) Pause Young (Allocation Failure) 15M->15M(15M) 0.025ms
[11.740s][info][gc] GC(1886) Pause Full (Allocation Failure) 15M->2M(15M) 3.593ms
[11.741s][info][gc] GC(1887) Pause Young (Allocation Failure) 7M->3M(15M) 0.166ms
[11.742s][info][gc] GC(1888) Pause Young (Allocation Failure) 7M->3M(15M) 0.200ms
[11.743s][info][gc] GC(1889) Pause Young (Allocation Failure) 8M->3M(15M) 0.181ms
[11.744s][info][gc] GC(1890) Pause Young (Allocation Failure) 7M->3M(15M) 0.177ms
[11.744s][info][gc] GC(1891) Pause Young (Allocation Failure) 7M->3M(15M) 0.168ms
[11.745s][info][gc] GC(1892) Pause Young (Allocation Failure) 7M->3M(15M) 0.164ms
[11.746s][info][gc] GC(1893) Pause Young (Allocation Failure) 7M->4M(15M) 0.206ms
[11.747s][info][gc] GC(1894) Pause Young (Allocation Failure) 8M->3M(15M) 0.163ms
[11.748s][info][gc] GC(1895) Pause Young (Allocation Failure) 8M->3M(15M) 0.169ms
[11.749s][info][gc] GC(1896) Pause Young (Allocation Failure) 8M->4M(15M) 0.216ms
[11.749s][info][gc] GC(1897) Pause Young (Allocation Failure) 8M->4M(15M) 0.162ms
[11.750s][info][gc] GC(1898) Pause Young (Allocation Failure) 8M->4M(15M) 0.195ms
[11.751s][info][gc] GC(1899) Pause Young (Allocation Failure) 8M->4M(15M) 0.184ms
[11.752s][info][gc] GC(1900) Pause Young (Allocation Failure) 9M->4M(15M) 0.189ms
[11.753s][info][gc] GC(1901) Pause Young (Allocation Failure) 9M->5M(15M) 0.200ms
[11.754s][info][gc] GC(1902) Pause Young (Allocation Failure) 9M->5M(15M) 0.173ms
[11.754s][info][gc] GC(1903) Pause Young (Allocation Failure) 9M->5M(15M) 0.191ms
[11.755s][info][gc] GC(1904) Pause Young (Allocation Failure) 9M->5M(15M) 0.165ms
[11.756s][info][gc] GC(1905) Pause Young (Allocation Failure) 9M->5M(15M) 0.185ms
[11.757s][info][gc] GC(1906) Pause Young (Allocation Failure) 10M->5M(15M) 0.151ms
[11.758s][info][gc] GC(1907) Pause Young (Allocation Failure) 10M->5M(15M) 0.170ms
[11.758s][info][gc] GC(1908) Pause Young (Allocation Failure) 9M->5M(15M) 0.166ms
[11.759s][info][gc] GC(1909) Pause Young (Allocation Failure) 9M->5M(15M) 0.180ms
[11.760s][info][gc] GC(1910) Pause Young (Allocation Failure) 10M->5M(15M) 0.175ms
[11.761s][info][gc] GC(1911) Pause Young (Allocation Failure) 10M->5M(15M) 0.162ms
[11.762s][info][gc] GC(1912) Pause Young (Allocation Failure) 9M->6M(15M) 0.199ms
[11.763s][info][gc] GC(1913) Pause Young (Allocation Failure) 10M->6M(15M) 0.195ms
[11.763s][info][gc] GC(1914) Pause Young (Allocation Failure) 10M->6M(15M) 0.175ms
[11.764s][info][gc] GC(1915) Pause Young (Allocation Failure) 10M->6M(15M) 0.209ms
[11.765s][info][gc] GC(1916) Pause Young (Allocation Failure) 11M->6M(15M) 0.155ms
[11.766s][info][gc] GC(1917) Pause Young (Allocation Failure) 11M->6M(15M) 0.178ms
[11.767s][info][gc] GC(1918) Pause Young (Allocation Failure) 11M->6M(15M) 0.167ms
[11.768s][info][gc] GC(1919) Pause Young (Allocation Failure) 11M->7M(15M) 0.205ms
[11.768s][info][gc] GC(1920) Pause Young (Allocation Failure) 11M->7M(15M) 0.163ms
[11.769s][info][gc] GC(1921) Pause Young (Allocation Failure) 11M->6M(15M) 0.159ms
[11.770s][info][gc] GC(1922) Pause Young (Allocation Failure) 11M->7M(15M) 0.186ms
[11.771s][info][gc] GC(1923) Pause Young (Allocation Failure) 12M->7M(15M) 0.188ms
[11.772s][info][gc] GC(1924) Pause Young (Allocation Failure) 12M->7M(15M) 0.172ms
[11.773s][info][gc] GC(1925) Pause Young (Allocation Failure) 12M->7M(15M) 0.163ms
[11.773s][info][gc] GC(1926) Pause Young (Allocation Failure) 11M->8M(15M) 0.202ms
[11.774s][info][gc] GC(1927) Pause Young (Allocation Failure) 12M->7M(15M) 0.163ms
[11.775s][info][gc] GC(1928) Pause Young (Allocation Failure) 12M->8M(15M) 0.176ms
[11.776s][info][gc] GC(1929) Pause Young (Allocation Failure) 12M->7M(15M) 0.166ms
[11.777s][info][gc] GC(1930) Pause Young (Allocation Failure) 12M->8M(15M) 0.188ms
[11.778s][info][gc] GC(1931) Pause Young (Allocation Failure) 12M->8M(15M) 0.172ms
[11.779s][info][gc] GC(1932) Pause Young (Allocation Failure) 12M->8M(15M) 0.164ms
[11.779s][info][gc] GC(1933) Pause Young (Allocation Failure) 12M->8M(15M) 0.163ms
[11.780s][info][gc] GC(1934) Pause Young (Allocation Failure) 12M->8M(15M) 0.186ms
[11.781s][info][gc] GC(1935) Pause Young (Allocation Failure) 12M->8M(15M) 0.191ms
[11.782s][info][gc] GC(1936) Pause Young (Allocation Failure) 13M->8M(15M) 0.168ms
[11.783s][info][gc] GC(1937) Pause Young (Allocation Failure) 12M->8M(15M) 0.171ms
[11.783s][info][gc] GC(1938) Pause Young (Allocation Failure) 12M->8M(15M) 0.180ms
[11.784s][info][gc] GC(1939) Pause Young (Allocation Failure) 13M->8M(15M) 0.192ms
[11.785s][info][gc] GC(1940) Pause Young (Allocation Failure) 13M->8M(15M) 0.175ms
[11.786s][info][gc] GC(1941) Pause Young (Allocation Failure) 13M->9M(15M) 0.186ms
[11.787s][info][gc] GC(1942) Pause Young (Allocation Failure) 13M->8M(15M) 0.162ms
[11.787s][info][gc] GC(1943) Pause Young (Allocation Failure) 13M->8M(15M) 0.162ms
[11.788s][info][gc] GC(1944) Pause Young (Allocation Failure) 13M->9M(15M) 0.150ms
[11.789s][info][gc] GC(1945) Pause Young (Allocation Failure) 13M->8M(15M) 0.169ms
[11.790s][info][gc] GC(1946) Pause Young (Allocation Failure) 13M->9M(15M) 0.182ms
[11.791s][info][gc] GC(1947) Pause Young (Allocation Failure) 14M->9M(15M) 0.170ms
[11.792s][info][gc] GC(1948) Pause Young (Allocation Failure) 13M->9M(15M) 0.159ms
[11.793s][info][gc] GC(1949) Pause Young (Allocation Failure) 13M->9M(15M) 0.158ms
[11.793s][info][gc] GC(1950) Pause Young (Allocation Failure) 13M->9M(15M) 0.165ms
[11.794s][info][gc] GC(1951) Pause Young (Allocation Failure) 13M->9M(15M) 0.180ms
[11.795s][info][gc] GC(1952) Pause Young (Allocation Failure) 13M->9M(15M) 0.189ms
[11.796s][info][gc] GC(1953) Pause Young (Allocation Failure) 13M->10M(15M) 0.205ms
[11.797s][info][gc] GC(1954) Pause Young (Allocation Failure) 14M->10M(15M) 0.171ms
[11.797s][info][gc] GC(1955) Pause Young (Allocation Failure) 14M->10M(15M) 0.181ms
[11.798s][info][gc] GC(1956) Pause Young (Allocation Failure) 14M->9M(15M) 0.162ms
[11.799s][info][gc] GC(1957) Pause Young (Allocation Failure) 14M->10M(15M) 0.206ms
[11.800s][info][gc] GC(1958) Pause Young (Allocation Failure) 14M->10M(15M) 0.182ms
[11.801s][info][gc] GC(1959) Pause Young (Allocation Failure) 14M->10M(15M) 0.195ms
[11.801s][info][gc] GC(1960) Pause Young (Allocation Failure) 14M->11M(15M) 0.207ms
[11.802s][info][gc] GC(1961) Pause Young (Allocation Failure) 15M->15M(15M) 0.025ms
[11.805s][info][gc] GC(1962) Pause Full (Allocation Failure) 15M->3M(15M) 3.491ms
[11.806s][info][gc] GC(1963) Pause Young (Allocation Failure) 7M->3M(15M) 0.196ms
[11.807s][info][gc] GC(1964) Pause Young (Allocation Failure) 8M->3M(15M) 0.186ms
[11.808s][info][gc] GC(1965) Pause Young (Allocation Failure) 8M->3M(15M) 0.173ms
[11.809s][info][gc] GC(1966) Pause Young (Allocation Failure) 7M->3M(15M) 0.184ms
[11.809s][info][gc] GC(1967) Pause Young (Allocation Failure) 8M->3M(15M) 0.170ms
[11.810s][info][gc] GC(1968) Pause Young (Allocation Failure) 7M->3M(15M) 0.177ms
[11.811s][info][gc] GC(1969) Pause Young (Allocation Failure) 8M->3M(15M) 0.191ms
[11.812s][info][gc] GC(1970) Pause Young (Allocation Failure) 8M->3M(15M) 0.162ms
[11.813s][info][gc] GC(1971) Pause Young (Allocation Failure) 7M->4M(15M) 0.165ms
[11.813s][info][gc] GC(1972) Pause Young (Allocation Failure) 8M->4M(15M) 0.187ms
[11.814s][info][gc] GC(1973) Pause Young (Allocation Failure) 8M->3M(15M) 0.173ms
[11.815s][info][gc] GC(1974) Pause Young (Allocation Failure) 8M->3M(15M) 0.162ms
[11.816s][info][gc] GC(1975) Pause Young (Allocation Failure) 8M->3M(15M) 0.166ms
[11.816s][info][gc] GC(1976) Pause Young (Allocation Failure) 8M->4M(15M) 0.183ms
[11.817s][info][gc] GC(1977) Pause Young (Allocation Failure) 8M->3M(15M) 0.175ms
[11.818s][info][gc] GC(1978) Pause Young (Allocation Failure) 8M->4M(15M) 0.196ms
[11.819s][info][gc] GC(1979) Pause Young (Allocation Failure) 9M->5M(15M) 0.213ms
[11.820s][info][gc] GC(1980) Pause Young (Allocation Failure) 9M->4M(15M) 0.165ms
[11.820s][info][gc] GC(1981) Pause Young (Allocation Failure) 9M->5M(15M) 0.181ms
[11.821s][info][gc] GC(1982) Pause Young (Allocation Failure) 9M->5M(15M) 0.178ms
[11.822s][info][gc] GC(1983) Pause Young (Allocation Failure) 9M->4M(15M) 0.182ms
[11.823s][info][gc] GC(1984) Pause Young (Allocation Failure) 9M->4M(15M) 0.173ms
[11.824s][info][gc] GC(1985) Pause Young (Allocation Failure) 9M->5M(15M) 0.185ms
[11.825s][info][gc] GC(1986) Pause Young (Allocation Failure) 9M->5M(15M) 0.186ms
[11.825s][info][gc] GC(1987) Pause Young (Allocation Failure) 9M->5M(15M) 0.228ms
[11.826s][info][gc] GC(1988) Pause Young (Allocation Failure) 10M->5M(15M) 0.182ms
[11.827s][info][gc] GC(1989) Pause Young (Allocation Failure) 10M->5M(15M) 0.171ms
[11.828s][info][gc] GC(1990) Pause Young (Allocation Failure) 9M->5M(15M) 0.172ms
[11.829s][info][gc] GC(1991) Pause Young (Allocation Failure) 10M->6M(15M) 0.203ms
[11.829s][info][gc] GC(1992) Pause Young (Allocation Failure) 10M->6M(15M) 0.170ms
[11.830s][info][gc] GC(1993) Pause Young (Allocation Failure) 10M->5M(15M) 0.166ms
[11.831s][info][gc] GC(1994) Pause Young (Allocation Failure) 10M->6M(15M) 0.182ms
[11.832s][info][gc] GC(1995) Pause Young (Allocation Failure) 10M->6M(15M) 0.179ms
[11.833s][info][gc] GC(1996) Pause Young (Allocation Failure) 10M->6M(15M) 0.189ms
[11.833s][info][gc] GC(1997) Pause Young (Allocation Failure) 10M->6M(15M) 0.199ms
[11.834s][info][gc] GC(1998) Pause Young (Allocation Failure) 10M->6M(15M) 0.191ms
[11.835s][info][gc] GC(1999) Pause Young (Allocation Failure) 11M->6M(15M) 0.167ms
[11.836s][info][gc] GC(2000) Pause Young (Allocation Failure) 10M->6M(15M) 0.170ms
[11.837s][info][gc] GC(2001) Pause Young (Allocation Failure) 10M->7M(15M) 0.207ms
[11.837s][info][gc] GC(2002) Pause Young (Allocation Failure) 11M->6M(15M) 0.169ms
[11.838s][info][gc] GC(2003) Pause Young (Allocation Failure) 11M->7M(15M) 0.175ms
[11.839s][info][gc] GC(2004) Pause Young (Allocation Failure) 11M->7M(15M) 0.191ms
[11.840s][info][gc] GC(2005) Pause Young (Allocation Failure) 11M->7M(15M) 0.189ms
[11.841s][info][gc] GC(2006) Pause Young (Allocation Failure) 11M->7M(15M) 0.171ms
[11.841s][info][gc] GC(2007) Pause Young (Allocation Failure) 11M->7M(15M) 0.182ms
[11.842s][info][gc] GC(2008) Pause Young (Allocation Failure) 11M->7M(15M) 0.171ms
[11.843s][info][gc] GC(2009) Pause Young (Allocation Failure) 11M->7M(15M) 0.174ms
[11.844s][info][gc] GC(2010) Pause Young (Allocation Failure) 11M->7M(15M) 0.167ms
[11.845s][info][gc] GC(2011) Pause Young (Allocation Failure) 11M->7M(15M) 0.181ms
[11.845s][info][gc] GC(2012) Pause Young (Allocation Failure) 11M->7M(15M) 0.186ms
[11.846s][info][gc] GC(2013) Pause Young (Allocation Failure) 12M->7M(15M) 0.190ms
[11.847s][info][gc] GC(2014) Pause Young (Allocation Failure) 12M->8M(15M) 0.214ms
[11.848s][info][gc] GC(2015) Pause Young (Allocation Failure) 12M->8M(15M) 0.183ms
[11.849s][info][gc] GC(2016) Pause Young (Allocation Failure) 12M->8M(15M) 0.204ms
[11.849s][info][gc] GC(2017) Pause Young (Allocation Failure) 12M->8M(15M) 0.176ms
[11.850s][info][gc] GC(2018) Pause Young (Allocation Failure) 12M->9M(15M) 0.223ms
[11.851s][info][gc] GC(2019) Pause Young (Allocation Failure) 13M->9M(15M) 0.146ms
[11.852s][info][gc] GC(2020) Pause Young (Allocation Failure) 13M->9M(15M) 0.181ms
[11.853s][info][gc] GC(2021) Pause Young (Allocation Failure) 13M->8M(15M) 0.168ms
[11.854s][info][gc] GC(2022) Pause Young (Allocation Failure) 13M->8M(15M) 0.172ms
[11.854s][info][gc] GC(2023) Pause Young (Allocation Failure) 13M->9M(15M) 0.182ms
[11.855s][info][gc] GC(2024) Pause Young (Allocation Failure) 13M->9M(15M) 0.201ms
[11.856s][info][gc] GC(2025) Pause Young (Allocation Failure) 13M->9M(15M) 0.162ms
[11.857s][info][gc] GC(2026) Pause Young (Allocation Failure) 13M->9M(15M) 0.172ms
[11.858s][info][gc] GC(2027) Pause Young (Allocation Failure) 13M->9M(15M) 0.186ms
[11.858s][info][gc] GC(2028) Pause Young (Allocation Failure) 13M->9M(15M) 0.172ms
[11.859s][info][gc] GC(2029) Pause Young (Allocation Failure) 13M->9M(15M) 0.181ms
[11.860s][info][gc] GC(2030) Pause Young (Allocation Failure) 13M->9M(15M) 0.172ms
[11.861s][info][gc] GC(2031) Pause Young (Allocation Failure) 13M->9M(15M) 0.177ms
[11.862s][info][gc] GC(2032) Pause Young (Allocation Failure) 13M->9M(15M) 0.179ms
[11.862s][info][gc] GC(2033) Pause Young (Allocation Failure) 13M->9M(15M) 0.187ms
[11.863s][info][gc] GC(2034) Pause Young (Allocation Failure) 13M->10M(15M) 0.237ms
[11.864s][info][gc] GC(2035) Pause Young (Allocation Failure) 14M->10M(15M) 0.182ms
[11.865s][info][gc] GC(2036) Pause Young (Allocation Failure) 14M->10M(15M) 0.166ms
[11.866s][info][gc] GC(2037) Pause Young (Allocation Failure) 14M->10M(15M) 0.177ms
[11.866s][info][gc] GC(2038) Pause Young (Allocation Failure) 14M->10M(15M) 0.183ms
[11.867s][info][gc] GC(2039) Pause Young (Allocation Failure) 14M->10M(15M) 0.197ms
[11.868s][info][gc] GC(2040) Pause Young (Allocation Failure) 14M->10M(15M) 0.182ms
[11.869s][info][gc] GC(2041) Pause Young (Allocation Failure) 14M->10M(15M) 0.175ms
[11.869s][info][gc] GC(2042) Pause Young (Allocation Failure) 14M->10M(15M) 0.176ms
[11.870s][info][gc] GC(2043) Pause Young (Allocation Failure) 14M->10M(15M) 0.195ms
[11.871s][info][gc] GC(2044) Pause Young (Allocation Failure) 15M->15M(15M) 0.025ms
[11.875s][info][gc] GC(2045) Pause Full (Allocation Failure) 15M->3M(15M) 3.619ms
[11.875s][info][gc] GC(2046) Pause Young (Allocation Failure) 7M->3M(15M) 0.167ms
[11.876s][info][gc] GC(2047) Pause Young (Allocation Failure) 7M->3M(15M) 0.173ms
[11.877s][info][gc] GC(2048) Pause Young (Allocation Failure) 7M->3M(15M) 0.182ms
[11.878s][info][gc] GC(2049) Pause Young (Allocation Failure) 7M->3M(15M) 0.185ms
[11.879s][info][gc] GC(2050) Pause Young (Allocation Failure) 7M->3M(15M) 0.194ms
[11.879s][info][gc] GC(2051) Pause Young (Allocation Failure) 8M->3M(15M) 0.175ms
[11.880s][info][gc] GC(2052) Pause Young (Allocation Failure) 7M->4M(15M) 0.206ms
[11.881s][info][gc] GC(2053) Pause Young (Allocation Failure) 8M->4M(15M) 0.190ms
[11.882s][info][gc] GC(2054) Pause Young (Allocation Failure) 8M->4M(15M) 0.169ms
[11.883s][info][gc] GC(2055) Pause Young (Allocation Failure) 8M->4M(15M) 0.170ms
[11.883s][info][gc] GC(2056) Pause Young (Allocation Failure) 8M->4M(15M) 0.168ms
[11.884s][info][gc] GC(2057) Pause Young (Allocation Failure) 8M->4M(15M) 0.209ms
[11.885s][info][gc] GC(2058) Pause Young (Allocation Failure) 9M->5M(15M) 0.207ms
[11.886s][info][gc] GC(2059) Pause Young (Allocation Failure) 9M->4M(15M) 0.163ms
[11.886s][info][gc] GC(2060) Pause Young (Allocation Failure) 9M->4M(15M) 0.173ms
[11.887s][info][gc] GC(2061) Pause Young (Allocation Failure) 9M->5M(15M) 0.180ms
[11.888s][info][gc] GC(2062) Pause Young (Allocation Failure) 9M->5M(15M) 0.199ms
[11.889s][info][gc] GC(2063) Pause Young (Allocation Failure) 9M->5M(15M) 0.184ms
[11.890s][info][gc] GC(2064) Pause Young (Allocation Failure) 9M->5M(15M) 0.180ms
[11.890s][info][gc] GC(2065) Pause Young (Allocation Failure) 9M->5M(15M) 0.195ms
[11.891s][info][gc] GC(2066) Pause Young (Allocation Failure) 9M->5M(15M) 0.175ms
[11.892s][info][gc] GC(2067) Pause Young (Allocation Failure) 9M->5M(15M) 0.131ms
[11.893s][info][gc] GC(2068) Pause Young (Allocation Failure) 9M->5M(15M) 0.171ms
[11.894s][info][gc] GC(2069) Pause Young (Allocation Failure) 9M->5M(15M) 0.181ms
[11.894s][info][gc] GC(2070) Pause Young (Allocation Failure) 9M->5M(15M) 0.174ms
[11.895s][info][gc] GC(2071) Pause Young (Allocation Failure) 9M->6M(15M) 0.225ms
[11.896s][info][gc] GC(2072) Pause Young (Allocation Failure) 10M->5M(15M) 0.164ms
[11.897s][info][gc] GC(2073) Pause Young (Allocation Failure) 10M->5M(15M) 0.179ms
[11.898s][info][gc] GC(2074) Pause Young (Allocation Failure) 10M->6M(15M) 0.219ms
[11.898s][info][gc] GC(2075) Pause Young (Allocation Failure) 11M->6M(15M) 0.162ms
[11.899s][info][gc] GC(2076) Pause Young (Allocation Failure) 10M->6M(15M) 0.169ms
[11.900s][info][gc] GC(2077) Pause Young (Allocation Failure) 10M->6M(15M) 0.174ms
[11.901s][info][gc] GC(2078) Pause Young (Allocation Failure) 10M->6M(15M) 0.199ms
[11.902s][info][gc] GC(2079) Pause Young (Allocation Failure) 11M->6M(15M) 0.176ms
[11.902s][info][gc] GC(2080) Pause Young (Allocation Failure) 10M->6M(15M) 0.183ms
[11.903s][info][gc] GC(2081) Pause Young (Allocation Failure) 11M->6M(15M) 0.141ms
[11.904s][info][gc] GC(2082) Pause Young (Allocation Failure) 11M->6M(15M) 0.182ms
[11.905s][info][gc] GC(2083) Pause Young (Allocation Failure) 11M->6M(15M) 0.179ms
[11.906s][info][gc] GC(2084) Pause Young (Allocation Failure) 11M->6M(15M) 0.180ms
[11.906s][info][gc] GC(2085) Pause Young (Allocation Failure) 11M->6M(15M) 0.190ms
[11.907s][info][gc] GC(2086) Pause Young (Allocation Failure) 11M->6M(15M) 0.167ms
[11.908s][info][gc] GC(2087) Pause Young (Allocation Failure) 10M->7M(15M) 0.150ms
[11.909s][info][gc] GC(2088) Pause Young (Allocation Failure) 11M->7M(15M) 0.197ms
[11.910s][info][gc] GC(2089) Pause Young (Allocation Failure) 11M->7M(15M) 0.195ms
[11.911s][info][gc] GC(2090) Pause Young (Allocation Failure) 11M->7M(15M) 0.197ms
[11.911s][info][gc] GC(2091) Pause Young (Allocation Failure) 12M->7M(15M) 0.174ms
[11.912s][info][gc] GC(2092) Pause Young (Allocation Failure) 11M->7M(15M) 0.188ms
[11.913s][info][gc] GC(2093) Pause Young (Allocation Failure) 12M->7M(15M) 0.167ms
[11.914s][info][gc] GC(2094) Pause Young (Allocation Failure) 11M->7M(15M) 0.177ms
[11.914s][info][gc] GC(2095) Pause Young (Allocation Failure) 12M->7M(15M) 0.168ms
[11.915s][info][gc] GC(2096) Pause Young (Allocation Failure) 11M->8M(15M) 0.154ms
[11.916s][info][gc] GC(2097) Pause Young (Allocation Failure) 12M->7M(15M) 0.163ms
[11.917s][info][gc] GC(2098) Pause Young (Allocation Failure) 12M->7M(15M) 0.175ms
[11.918s][info][gc] GC(2099) Pause Young (Allocation Failure) 12M->8M(15M) 0.176ms
[11.919s][info][gc] GC(2100) Pause Young (Allocation Failure) 12M->8M(15M) 0.174ms
[11.919s][info][gc] GC(2101) Pause Young (Allocation Failure) 12M->8M(15M) 0.205ms
[11.920s][info][gc] GC(2102) Pause Young (Allocation Failure) 13M->8M(15M) 0.189ms
[11.921s][info][gc] GC(2103) Pause Young (Allocation Failure) 13M->8M(15M) 0.187ms
[11.922s][info][gc] GC(2104) Pause Young (Allocation Failure) 13M->9M(15M) 0.185ms
[11.923s][info][gc] GC(2105) Pause Young (Allocation Failure) 13M->8M(15M) 0.179ms
[11.923s][info][gc] GC(2106) Pause Young (Allocation Failure) 13M->9M(15M) 0.183ms
[11.924s][info][gc] GC(2107) Pause Young (Allocation Failure) 13M->9M(15M) 0.182ms
[11.925s][info][gc] GC(2108) Pause Young (Allocation Failure) 13M->8M(15M) 0.172ms
[11.926s][info][gc] GC(2109) Pause Young (Allocation Failure) 13M->8M(15M) 0.170ms
[11.927s][info][gc] GC(2110) Pause Young (Allocation Failure) 13M->8M(15M) 0.171ms
[11.927s][info][gc] GC(2111) Pause Young (Allocation Failure) 13M->9M(15M) 0.192ms
[11.928s][info][gc] GC(2112) Pause Young (Allocation Failure) 13M->9M(15M) 0.183ms
[11.929s][info][gc] GC(2113) Pause Young (Allocation Failure) 13M->8M(15M) 0.161ms
[11.930s][info][gc] GC(2114) Pause Young (Allocation Failure) 13M->9M(15M) 0.195ms
[11.930s][info][gc] GC(2115) Pause Young (Allocation Failure) 13M->9M(15M) 0.176ms
[11.931s][info][gc] GC(2116) Pause Young (Allocation Failure) 13M->8M(15M) 0.167ms
[11.932s][info][gc] GC(2117) Pause Young (Allocation Failure) 13M->9M(15M) 0.185ms
[11.933s][info][gc] GC(2118) Pause Young (Allocation Failure) 13M->8M(15M) 0.165ms
[11.934s][info][gc] GC(2119) Pause Young (Allocation Failure) 13M->9M(15M) 0.201ms
[11.934s][info][gc] GC(2120) Pause Young (Allocation Failure) 13M->9M(15M) 0.167ms
[11.935s][info][gc] GC(2121) Pause Young (Allocation Failure) 13M->9M(15M) 0.194ms
[11.936s][info][gc] GC(2122) Pause Young (Allocation Failure) 14M->9M(15M) 0.181ms
[11.937s][info][gc] GC(2123) Pause Young (Allocation Failure) 14M->9M(15M) 0.179ms
[11.938s][info][gc] GC(2124) Pause Young (Allocation Failure) 14M->9M(15M) 0.169ms
[11.939s][info][gc] GC(2125) Pause Young (Allocation Failure) 13M->10M(15M) 0.195ms
[11.939s][info][gc] GC(2126) Pause Young (Allocation Failure) 14M->9M(15M) 0.181ms
[11.940s][info][gc] GC(2127) Pause Young (Allocation Failure) 14M->10M(15M) 0.208ms
[11.941s][info][gc] GC(2128) Pause Young (Allocation Failure) 14M->10M(15M) 0.189ms
[11.942s][info][gc] GC(2129) Pause Young (Allocation Failure) 14M->10M(15M) 0.193ms
[11.942s][info][gc] GC(2130) Pause Young (Allocation Failure) 14M->10M(15M) 0.178ms
[11.943s][info][gc] GC(2131) Pause Young (Allocation Failure) 14M->10M(15M) 0.183ms
[11.944s][info][gc] GC(2132) Pause Young (Allocation Failure) 14M->11M(15M) 0.210ms
[11.945s][info][gc] GC(2133) Pause Young (Allocation Failure) 15M->15M(15M) 0.025ms
[11.948s][info][gc] GC(2134) Pause Full (Allocation Failure) 15M->2M(15M) 3.666ms
[11.949s][info][gc] GC(2135) Pause Young (Allocation Failure) 7M->3M(15M) 0.211ms
[11.950s][info][gc] GC(2136) Pause Young (Allocation Failure) 8M->3M(15M) 0.185ms
[11.951s][info][gc] GC(2137) Pause Young (Allocation Failure) 8M->3M(15M) 0.170ms
[11.951s][info][gc] GC(2138) Pause Young (Allocation Failure) 7M->4M(15M) 0.203ms
[11.952s][info][gc] GC(2139) Pause Young (Allocation Failure) 8M->3M(15M) 0.172ms
[11.953s][info][gc] GC(2140) Pause Young (Allocation Failure) 8M->4M(15M) 0.211ms
[11.954s][info][gc] GC(2141) Pause Young (Allocation Failure) 8M->4M(15M) 0.178ms
[11.955s][info][gc] GC(2142) Pause Young (Allocation Failure) 8M->4M(15M) 0.166ms
[11.956s][info][gc] GC(2143) Pause Young (Allocation Failure) 8M->4M(15M) 0.186ms
[11.956s][info][gc] GC(2144) Pause Young (Allocation Failure) 8M->4M(15M) 0.172ms
[11.957s][info][gc] GC(2145) Pause Young (Allocation Failure) 8M->4M(15M) 0.168ms
[11.958s][info][gc] GC(2146) Pause Young (Allocation Failure) 8M->4M(15M) 0.172ms
[11.959s][info][gc] GC(2147) Pause Young (Allocation Failure) 8M->4M(15M) 0.181ms
[11.960s][info][gc] GC(2148) Pause Young (Allocation Failure) 8M->4M(15M) 0.225ms
[11.960s][info][gc] GC(2149) Pause Young (Allocation Failure) 9M->4M(15M) 0.174ms
[11.961s][info][gc] GC(2150) Pause Young (Allocation Failure) 9M->4M(15M) 0.175ms
[11.962s][info][gc] GC(2151) Pause Young (Allocation Failure) 9M->4M(15M) 0.173ms
[11.963s][info][gc] GC(2152) Pause Young (Allocation Failure) 9M->4M(15M) 0.168ms
[11.963s][info][gc] GC(2153) Pause Young (Allocation Failure) 8M->4M(15M) 0.173ms
[11.964s][info][gc] GC(2154) Pause Young (Allocation Failure) 9M->4M(15M) 0.161ms
[11.965s][info][gc] GC(2155) Pause Young (Allocation Failure) 8M->4M(15M) 0.168ms
[11.966s][info][gc] GC(2156) Pause Young (Allocation Failure) 8M->4M(15M) 0.180ms
[11.967s][info][gc] GC(2157) Pause Young (Allocation Failure) 9M->5M(15M) 0.214ms
[11.967s][info][gc] GC(2158) Pause Young (Allocation Failure) 9M->5M(15M) 0.169ms
[11.968s][info][gc] GC(2159) Pause Young (Allocation Failure) 9M->5M(15M) 0.184ms
[11.969s][info][gc] GC(2160) Pause Young (Allocation Failure) 9M->5M(15M) 0.143ms
[11.970s][info][gc] GC(2161) Pause Young (Allocation Failure) 9M->5M(15M) 0.196ms
[11.971s][info][gc] GC(2162) Pause Young (Allocation Failure) 10M->5M(15M) 0.137ms
[11.971s][info][gc] GC(2163) Pause Young (Allocation Failure) 10M->6M(15M) 0.200ms
[11.972s][info][gc] GC(2164) Pause Young (Allocation Failure) 10M->6M(15M) 0.178ms
[11.973s][info][gc] GC(2165) Pause Young (Allocation Failure) 10M->5M(15M) 0.162ms
[11.974s][info][gc] GC(2166) Pause Young (Allocation Failure) 10M->6M(15M) 0.188ms
[11.975s][info][gc] GC(2167) Pause Young (Allocation Failure) 10M->6M(15M) 0.196ms
[11.976s][info][gc] GC(2168) Pause Young (Allocation Failure) 10M->6M(15M) 0.172ms
[11.976s][info][gc] GC(2169) Pause Young (Allocation Failure) 10M->6M(15M) 0.184ms
[11.977s][info][gc] GC(2170) Pause Young (Allocation Failure) 10M->6M(15M) 0.174ms
[11.978s][info][gc] GC(2171) Pause Young (Allocation Failure) 10M->6M(15M) 0.164ms
[11.979s][info][gc] GC(2172) Pause Young (Allocation Failure) 10M->6M(15M) 0.186ms
[11.979s][info][gc] GC(2173) Pause Young (Allocation Failure) 10M->6M(15M) 0.165ms
[11.980s][info][gc] GC(2174) Pause Young (Allocation Failure) 10M->6M(15M) 0.178ms
[11.981s][info][gc] GC(2175) Pause Young (Allocation Failure) 10M->6M(15M) 0.187ms
[11.982s][info][gc] GC(2176) Pause Young (Allocation Failure) 10M->6M(15M) 0.190ms
[11.983s][info][gc] GC(2177) Pause Young (Allocation Failure) 10M->6M(15M) 0.143ms
[11.983s][info][gc] GC(2178) Pause Young (Allocation Failure) 10M->6M(15M) 0.193ms
[11.984s][info][gc] GC(2179) Pause Young (Allocation Failure) 11M->6M(15M) 0.174ms
[11.985s][info][gc] GC(2180) Pause Young (Allocation Failure) 10M->7M(15M) 0.234ms
[11.986s][info][gc] GC(2181) Pause Young (Allocation Failure) 11M->7M(15M) 0.192ms
[11.987s][info][gc] GC(2182) Pause Young (Allocation Failure) 12M->7M(15M) 0.163ms
[11.987s][info][gc] GC(2183) Pause Young (Allocation Failure) 11M->7M(15M) 0.181ms
[11.988s][info][gc] GC(2184) Pause Young (Allocation Failure) 12M->7M(15M) 0.169ms
[11.989s][info][gc] GC(2185) Pause Young (Allocation Failure) 11M->7M(15M) 0.177ms
[11.990s][info][gc] GC(2186) Pause Young (Allocation Failure) 12M->7M(15M) 0.184ms
[11.991s][info][gc] GC(2187) Pause Young (Allocation Failure) 12M->7M(15M) 0.179ms
[11.991s][info][gc] GC(2188) Pause Young (Allocation Failure) 11M->7M(15M) 0.166ms
[11.992s][info][gc] GC(2189) Pause Young (Allocation Failure) 11M->7M(15M) 0.180ms
[11.993s][info][gc] GC(2190) Pause Young (Allocation Failure) 12M->7M(15M) 0.178ms
[11.994s][info][gc] GC(2191) Pause Young (Allocation Failure) 12M->7M(15M) 0.170ms
[11.995s][info][gc] GC(2192) Pause Young (Allocation Failure) 11M->8M(15M) 0.198ms
[11.995s][info][gc] GC(2193) Pause Young (Allocation Failure) 12M->7M(15M) 0.179ms
[11.996s][info][gc] GC(2194) Pause Young (Allocation Failure) 12M->7M(15M) 0.177ms
[11.997s][info][gc] GC(2195) Pause Young (Allocation Failure) 12M->8M(15M) 0.181ms
[11.998s][info][gc] GC(2196) Pause Young (Allocation Failure) 12M->8M(15M) 0.181ms
[11.999s][info][gc] GC(2197) Pause Young (Allocation Failure) 12M->8M(15M) 0.191ms
[11.999s][info][gc] GC(2198) Pause Young (Allocation Failure) 12M->8M(15M) 0.212ms
[12.000s][info][gc] GC(2199) Pause Young (Allocation Failure) 13M->8M(15M) 0.192ms
[12.001s][info][gc] GC(2200) Pause Young (Allocation Failure) 13M->9M(15M) 0.199ms
[12.002s][info][gc] GC(2201) Pause Young (Allocation Failure) 13M->9M(15M) 0.188ms
[12.003s][info][gc] GC(2202) Pause Young (Allocation Failure) 13M->9M(15M) 0.174ms
[12.004s][info][gc] GC(2203) Pause Young (Allocation Failure) 13M->9M(15M) 0.193ms
[12.004s][info][gc] GC(2204) Pause Young (Allocation Failure) 13M->9M(15M) 0.186ms
[12.005s][info][gc] GC(2205) Pause Young (Allocation Failure) 13M->8M(15M) 0.166ms
[12.006s][info][gc] GC(2206) Pause Young (Allocation Failure) 13M->8M(15M) 0.164ms
[12.007s][info][gc] GC(2207) Pause Young (Allocation Failure) 13M->8M(15M) 0.162ms
[12.008s][info][gc] GC(2208) Pause Young (Allocation Failure) 13M->9M(15M) 0.174ms
[12.008s][info][gc] GC(2209) Pause Young (Allocation Failure) 13M->9M(15M) 0.175ms
[12.009s][info][gc] GC(2210) Pause Young (Allocation Failure) 13M->9M(15M) 0.185ms
[12.010s][info][gc] GC(2211) Pause Young (Allocation Failure) 13M->9M(15M) 0.174ms
[12.011s][info][gc] GC(2212) Pause Young (Allocation Failure) 13M->9M(15M) 0.164ms
[12.012s][info][gc] GC(2213) Pause Young (Allocation Failure) 13M->9M(15M) 0.169ms
[12.012s][info][gc] GC(2214) Pause Young (Allocation Failure) 13M->9M(15M) 0.185ms
[12.013s][info][gc] GC(2215) Pause Young (Allocation Failure) 13M->9M(15M) 0.192ms
[12.014s][info][gc] GC(2216) Pause Young (Allocation Failure) 13M->9M(15M) 0.189ms
[12.015s][info][gc] GC(2217) Pause Young (Allocation Failure) 13M->9M(15M) 0.203ms
[12.015s][info][gc] GC(2218) Pause Young (Allocation Failure) 14M->10M(15M) 0.184ms
[12.016s][info][gc] GC(2219) Pause Young (Allocation Failure) 14M->10M(15M) 0.190ms
[12.017s][info][gc] GC(2220) Pause Young (Allocation Failure) 14M->10M(15M) 0.171ms
[12.018s][info][gc] GC(2221) Pause Young (Allocation Failure) 14M->10M(15M) 0.191ms
[12.019s][info][gc] GC(2222) Pause Young (Allocation Failure) 14M->10M(15M) 0.173ms
[12.019s][info][gc] GC(2223) Pause Young (Allocation Failure) 14M->10M(15M) 0.199ms
[12.020s][info][gc] GC(2224) Pause Young (Allocation Failure) 15M->10M(15M) 0.173ms
[12.021s][info][gc] GC(2225) Pause Young (Allocation Failure) 14M->10M(15M) 0.172ms
[12.022s][info][gc] GC(2226) Pause Young (Allocation Failure) 14M->10M(15M) 0.188ms
[12.023s][info][gc] GC(2227) Pause Young (Allocation Failure) 15M->10M(15M) 0.177ms
[12.023s][info][gc] GC(2228) Pause Young (Allocation Failure) 15M->10M(15M) 0.165ms
[12.024s][info][gc] GC(2229) Pause Young (Allocation Failure) 14M->10M(15M) 0.181ms
[12.025s][info][gc] GC(2230) Pause Young (Allocation Failure) 15M->15M(15M) 0.306ms
[12.029s][info][gc] GC(2231) Pause Full (Allocation Failure) 15M->4M(15M) 3.783ms
[12.029s][info][gc] GC(2232) Pause Young (Allocation Failure) 8M->4M(15M) 0.188ms
[12.030s][info][gc] GC(2233) Pause Young (Allocation Failure) 8M->5M(15M) 0.218ms
[12.031s][info][gc] GC(2234) Pause Young (Allocation Failure) 9M->5M(15M) 0.206ms
[12.032s][info][gc] GC(2235) Pause Young (Allocation Failure) 9M->5M(15M) 0.182ms
[12.033s][info][gc] GC(2236) Pause Young (Allocation Failure) 9M->5M(15M) 0.176ms
[12.034s][info][gc] GC(2237) Pause Young (Allocation Failure) 9M->5M(15M) 0.172ms
[12.035s][info][gc] GC(2238) Pause Young (Allocation Failure) 9M->4M(15M) 0.168ms
[12.035s][info][gc] GC(2239) Pause Young (Allocation Failure) 9M->5M(15M) 0.177ms
[12.036s][info][gc] GC(2240) Pause Young (Allocation Failure) 9M->5M(15M) 0.180ms
[12.037s][info][gc] GC(2241) Pause Young (Allocation Failure) 9M->5M(15M) 0.192ms
[12.038s][info][gc] GC(2242) Pause Young (Allocation Failure) 9M->5M(15M) 0.170ms
[12.039s][info][gc] GC(2243) Pause Young (Allocation Failure) 9M->5M(15M) 0.201ms
[12.039s][info][gc] GC(2244) Pause Young (Allocation Failure) 10M->5M(15M) 0.197ms
[12.040s][info][gc] GC(2245) Pause Young (Allocation Failure) 10M->6M(15M) 0.218ms
[12.041s][info][gc] GC(2246) Pause Young (Allocation Failure) 10M->6M(15M) 0.175ms
[12.042s][info][gc] GC(2247) Pause Young (Allocation Failure) 10M->7M(15M) 0.198ms
[12.042s][info][gc] GC(2248) Pause Young (Allocation Failure) 11M->6M(15M) 0.174ms
[12.043s][info][gc] GC(2249) Pause Young (Allocation Failure) 11M->6M(15M) 0.169ms
[12.044s][info][gc] GC(2250) Pause Young (Allocation Failure) 11M->6M(15M) 0.166ms
[12.045s][info][gc] GC(2251) Pause Young (Allocation Failure) 11M->6M(15M) 0.175ms
[12.046s][info][gc] GC(2252) Pause Young (Allocation Failure) 11M->7M(15M) 0.203ms
[12.047s][info][gc] GC(2253) Pause Young (Allocation Failure) 11M->7M(15M) 0.175ms
[12.048s][info][gc] GC(2254) Pause Young (Allocation Failure) 11M->7M(15M) 0.167ms
[12.048s][info][gc] GC(2255) Pause Young (Allocation Failure) 11M->6M(15M) 0.164ms
[12.049s][info][gc] GC(2256) Pause Young (Allocation Failure) 11M->7M(15M) 0.174ms
[12.050s][info][gc] GC(2257) Pause Young (Allocation Failure) 11M->7M(15M) 0.209ms
[12.051s][info][gc] GC(2258) Pause Young (Allocation Failure) 12M->7M(15M) 0.173ms
[12.051s][info][gc] GC(2259) Pause Young (Allocation Failure) 11M->8M(15M) 0.224ms
[12.052s][info][gc] GC(2260) Pause Young (Allocation Failure) 12M->7M(15M) 0.168ms
[12.053s][info][gc] GC(2261) Pause Young (Allocation Failure) 12M->7M(15M) 0.160ms
[12.054s][info][gc] GC(2262) Pause Young (Allocation Failure) 12M->7M(15M) 0.164ms
[12.055s][info][gc] GC(2263) Pause Young (Allocation Failure) 12M->8M(15M) 0.200ms
[12.056s][info][gc] GC(2264) Pause Young (Allocation Failure) 12M->8M(15M) 0.169ms
[12.056s][info][gc] GC(2265) Pause Young (Allocation Failure) 12M->8M(15M) 0.186ms
[12.057s][info][gc] GC(2266) Pause Young (Allocation Failure) 12M->8M(15M) 0.185ms
[12.058s][info][gc] GC(2267) Pause Young (Allocation Failure) 12M->8M(15M) 0.191ms
[12.059s][info][gc] GC(2268) Pause Young (Allocation Failure) 13M->8M(15M) 0.177ms
[12.060s][info][gc] GC(2269) Pause Young (Allocation Failure) 12M->8M(15M) 0.164ms
[12.060s][info][gc] GC(2270) Pause Young (Allocation Failure) 12M->8M(15M) 0.164ms
[12.061s][info][gc] GC(2271) Pause Young (Allocation Failure) 12M->8M(15M) 0.196ms
[12.062s][info][gc] GC(2272) Pause Young (Allocation Failure) 13M->8M(15M) 0.178ms
[12.062s][info][gc] GC(2273) Pause Young (Allocation Failure) 13M->9M(15M) 0.195ms
[12.063s][info][gc] GC(2274) Pause Young (Allocation Failure) 13M->9M(15M) 0.185ms
[12.064s][info][gc] GC(2275) Pause Young (Allocation Failure) 13M->9M(15M) 0.176ms
[12.065s][info][gc] GC(2276) Pause Young (Allocation Failure) 13M->9M(15M) 0.132ms
[12.066s][info][gc] GC(2277) Pause Young (Allocation Failure) 13M->8M(15M) 0.167ms
[12.066s][info][gc] GC(2278) Pause Young (Allocation Failure) 13M->9M(15M) 0.176ms
[12.067s][info][gc] GC(2279) Pause Young (Allocation Failure) 13M->8M(15M) 0.166ms
[12.068s][info][gc] GC(2280) Pause Young (Allocation Failure) 13M->9M(15M) 0.195ms
[12.069s][info][gc] GC(2281) Pause Young (Allocation Failure) 13M->9M(15M) 0.187ms
[12.070s][info][gc] GC(2282) Pause Young (Allocation Failure) 13M->9M(15M) 0.179ms
[12.071s][info][gc] GC(2283) Pause Young (Allocation Failure) 13M->9M(15M) 0.168ms
[12.071s][info][gc] GC(2284) Pause Young (Allocation Failure) 13M->9M(15M) 0.216ms
[12.072s][info][gc] GC(2285) Pause Young (Allocation Failure) 14M->9M(15M) 0.179ms
[12.073s][info][gc] GC(2286) Pause Young (Allocation Failure) 14M->10M(15M) 0.204ms
[12.074s][info][gc] GC(2287) Pause Young (Allocation Failure) 14M->10M(15M) 0.189ms
[12.075s][info][gc] GC(2288) Pause Young (Allocation Failure) 14M->10M(15M) 0.170ms
[12.075s][info][gc] GC(2289) Pause Young (Allocation Failure) 14M->10M(15M) 0.168ms
[12.076s][info][gc] GC(2290) Pause Young (Allocation Failure) 14M->10M(15M) 0.176ms
[12.077s][info][gc] GC(2291) Pause Young (Allocation Failure) 14M->10M(15M) 0.201ms
[12.078s][info][gc] GC(2292) Pause Young (Allocation Failure) 14M->10M(15M) 0.169ms
[12.078s][info][gc] GC(2293) Pause Young (Allocation Failure) 14M->10M(15M) 0.195ms
[12.079s][info][gc] GC(2294) Pause Young (Allocation Failure) 15M->15M(15M) 0.025ms
[12.083s][info][gc] GC(2295) Pause Full (Allocation Failure) 15M->2M(15M) 4.062ms
[12.084s][info][gc] GC(2296) Pause Young (Allocation Failure) 7M->3M(15M) 0.190ms
[12.085s][info][gc] GC(2297) Pause Young (Allocation Failure) 7M->3M(15M) 0.186ms
[12.086s][info][gc] GC(2298) Pause Young (Allocation Failure) 7M->3M(15M) 0.161ms
[12.087s][info][gc] GC(2299) Pause Young (Allocation Failure) 7M->3M(15M) 0.193ms
[12.087s][info][gc] GC(2300) Pause Young (Allocation Failure) 8M->3M(15M) 0.192ms
[12.088s][info][gc] GC(2301) Pause Young (Allocation Failure) 8M->4M(15M) 0.192ms
[12.089s][info][gc] GC(2302) Pause Young (Allocation Failure) 8M->4M(15M) 0.211ms
[12.090s][info][gc] GC(2303) Pause Young (Allocation Failure) 8M->4M(15M) 0.176ms
[12.090s][info][gc] GC(2304) Pause Young (Allocation Failure) 8M->4M(15M) 0.177ms
[12.091s][info][gc] GC(2305) Pause Young (Allocation Failure) 8M->4M(15M) 0.189ms
[12.092s][info][gc] GC(2306) Pause Young (Allocation Failure) 8M->5M(15M) 0.210ms
[12.093s][info][gc] GC(2307) Pause Young (Allocation Failure) 9M->5M(15M) 0.194ms
[12.093s][info][gc] GC(2308) Pause Young (Allocation Failure) 9M->4M(15M) 0.167ms
[12.094s][info][gc] GC(2309) Pause Young (Allocation Failure) 9M->5M(15M) 0.190ms
[12.095s][info][gc] GC(2310) Pause Young (Allocation Failure) 9M->5M(15M) 0.168ms
[12.096s][info][gc] GC(2311) Pause Young (Allocation Failure) 9M->5M(15M) 0.182ms
[12.096s][info][gc] GC(2312) Pause Young (Allocation Failure) 9M->5M(15M) 0.167ms
[12.097s][info][gc] GC(2313) Pause Young (Allocation Failure) 9M->5M(15M) 0.176ms
[12.098s][info][gc] GC(2314) Pause Young (Allocation Failure) 9M->5M(15M) 0.147ms
[12.099s][info][gc] GC(2315) Pause Young (Allocation Failure) 9M->5M(15M) 0.173ms
[12.100s][info][gc] GC(2316) Pause Young (Allocation Failure) 9M->5M(15M) 0.180ms
[12.100s][info][gc] GC(2317) Pause Young (Allocation Failure) 9M->5M(15M) 0.181ms
[12.101s][info][gc] GC(2318) Pause Young (Allocation Failure) 9M->5M(15M) 0.168ms
[12.102s][info][gc] GC(2319) Pause Young (Allocation Failure) 9M->5M(15M) 0.162ms
[12.103s][info][gc] GC(2320) Pause Young (Allocation Failure) 9M->5M(15M) 0.180ms
[12.103s][info][gc] GC(2321) Pause Young (Allocation Failure) 9M->5M(15M) 0.181ms
[12.104s][info][gc] GC(2322) Pause Young (Allocation Failure) 9M->5M(15M) 0.178ms
[12.105s][info][gc] GC(2323) Pause Young (Allocation Failure) 9M->5M(15M) 0.182ms
[12.106s][info][gc] GC(2324) Pause Young (Allocation Failure) 10M->5M(15M) 0.163ms
[12.107s][info][gc] GC(2325) Pause Young (Allocation Failure) 9M->5M(15M) 0.191ms
[12.107s][info][gc] GC(2326) Pause Young (Allocation Failure) 10M->5M(15M) 0.178ms
[12.108s][info][gc] GC(2327) Pause Young (Allocation Failure) 10M->5M(15M) 0.169ms
[12.109s][info][gc] GC(2328) Pause Young (Allocation Failure) 9M->5M(15M) 0.177ms
[12.110s][info][gc] GC(2329) Pause Young (Allocation Failure) 10M->5M(15M) 0.182ms
[12.111s][info][gc] GC(2330) Pause Young (Allocation Failure) 10M->5M(15M) 0.167ms
[12.111s][info][gc] GC(2331) Pause Young (Allocation Failure) 9M->6M(15M) 0.197ms
[12.112s][info][gc] GC(2332) Pause Young (Allocation Failure) 10M->5M(15M) 0.170ms
[12.113s][info][gc] GC(2333) Pause Young (Allocation Failure) 10M->6M(15M) 0.206ms
[12.114s][info][gc] GC(2334) Pause Young (Allocation Failure) 10M->6M(15M) 0.166ms
[12.115s][info][gc] GC(2335) Pause Young (Allocation Failure) 10M->6M(15M) 0.170ms
[12.115s][info][gc] GC(2336) Pause Young (Allocation Failure) 10M->6M(15M) 0.179ms
[12.116s][info][gc] GC(2337) Pause Young (Allocation Failure) 10M->6M(15M) 0.183ms
[12.117s][info][gc] GC(2338) Pause Young (Allocation Failure) 10M->6M(15M) 0.190ms
[12.118s][info][gc] GC(2339) Pause Young (Allocation Failure) 10M->6M(15M) 0.189ms
[12.119s][info][gc] GC(2340) Pause Young (Allocation Failure) 11M->6M(15M) 0.194ms
[12.119s][info][gc] GC(2341) Pause Young (Allocation Failure) 11M->7M(15M) 0.185ms
[12.120s][info][gc] GC(2342) Pause Young (Allocation Failure) 11M->7M(15M) 0.184ms
[12.121s][info][gc] GC(2343) Pause Young (Allocation Failure) 11M->7M(15M) 0.179ms
[12.122s][info][gc] GC(2344) Pause Young (Allocation Failure) 11M->7M(15M) 0.177ms
[12.122s][info][gc] GC(2345) Pause Young (Allocation Failure) 11M->7M(15M) 0.201ms
[12.123s][info][gc] GC(2346) Pause Young (Allocation Failure) 12M->7M(15M) 0.250ms
[12.124s][info][gc] GC(2347) Pause Young (Allocation Failure) 11M->8M(15M) 0.185ms
[12.125s][info][gc] GC(2348) Pause Young (Allocation Failure) 12M->7M(15M) 0.171ms
[12.126s][info][gc] GC(2349) Pause Young (Allocation Failure) 12M->7M(15M) 0.158ms
[12.127s][info][gc] GC(2350) Pause Young (Allocation Failure) 11M->8M(15M) 0.189ms
[12.127s][info][gc] GC(2351) Pause Young (Allocation Failure) 12M->8M(15M) 0.171ms
[12.128s][info][gc] GC(2352) Pause Young (Allocation Failure) 12M->8M(15M) 0.174ms
[12.129s][info][gc] GC(2353) Pause Young (Allocation Failure) 12M->8M(15M) 0.166ms
[12.130s][info][gc] GC(2354) Pause Young (Allocation Failure) 12M->8M(15M) 0.194ms
[12.130s][info][gc] GC(2355) Pause Young (Allocation Failure) 12M->8M(15M) 0.167ms
[12.131s][info][gc] GC(2356) Pause Young (Allocation Failure) 12M->8M(15M) 0.158ms
[12.132s][info][gc] GC(2357) Pause Young (Allocation Failure) 12M->8M(15M) 0.178ms
[12.133s][info][gc] GC(2358) Pause Young (Allocation Failure) 12M->8M(15M) 0.165ms
[12.134s][info][gc] GC(2359) Pause Young (Allocation Failure) 12M->8M(15M) 0.191ms
[12.134s][info][gc] GC(2360) Pause Young (Allocation Failure) 13M->8M(15M) 0.190ms
[12.135s][info][gc] GC(2361) Pause Young (Allocation Failure) 13M->9M(15M) 0.209ms
[12.136s][info][gc] GC(2362) Pause Young (Allocation Failure) 13M->9M(15M) 0.180ms
[12.137s][info][gc] GC(2363) Pause Young (Allocation Failure) 13M->9M(15M) 0.241ms
[12.138s][info][gc] GC(2364) Pause Young (Allocation Failure) 13M->9M(15M) 0.189ms
[12.138s][info][gc] GC(2365) Pause Young (Allocation Failure) 13M->9M(15M) 0.177ms
[12.139s][info][gc] GC(2366) Pause Young (Allocation Failure) 13M->9M(15M) 0.205ms
[12.140s][info][gc] GC(2367) Pause Young (Allocation Failure) 14M->9M(15M) 0.173ms
[12.141s][info][gc] GC(2368) Pause Young (Allocation Failure) 14M->10M(15M) 0.194ms
[12.142s][info][gc] GC(2369) Pause Young (Allocation Failure) 14M->9M(15M) 0.158ms
[12.143s][info][gc] GC(2370) Pause Young (Allocation Failure) 14M->10M(15M) 0.191ms
[12.143s][info][gc] GC(2371) Pause Young (Allocation Failure) 14M->10M(15M) 0.185ms
[12.144s][info][gc] GC(2372) Pause Young (Allocation Failure) 14M->10M(15M) 0.136ms
[12.145s][info][gc] GC(2373) Pause Young (Allocation Failure) 14M->10M(15M) 0.171ms
[12.146s][info][gc] GC(2374) Pause Young (Allocation Failure) 14M->10M(15M) 0.203ms
[12.146s][info][gc] GC(2375) Pause Young (Allocation Failure) 15M->15M(15M) 0.025ms
[12.150s][info][gc] GC(2376) Pause Full (Allocation Failure) 15M->3M(15M) 3.521ms
[12.151s][info][gc] GC(2377) Pause Young (Allocation Failure) 7M->4M(15M) 0.135ms
[12.152s][info][gc] GC(2378) Pause Young (Allocation Failure) 8M->4M(15M) 0.181ms
[12.152s][info][gc] GC(2379) Pause Young (Allocation Failure) 8M->3M(15M) 0.161ms
[12.153s][info][gc] GC(2380) Pause Young (Allocation Failure) 8M->4M(15M) 0.178ms
[12.154s][info][gc] GC(2381) Pause Young (Allocation Failure) 8M->3M(15M) 0.219ms
[12.155s][info][gc] GC(2382) Pause Young (Allocation Failure) 8M->3M(15M) 0.167ms
[12.156s][info][gc] GC(2383) Pause Young (Allocation Failure) 8M->4M(15M) 0.182ms
[12.157s][info][gc] GC(2384) Pause Young (Allocation Failure) 8M->4M(15M) 0.176ms
[12.157s][info][gc] GC(2385) Pause Young (Allocation Failure) 9M->5M(15M) 0.188ms
[12.158s][info][gc] GC(2386) Pause Young (Allocation Failure) 9M->5M(15M) 0.187ms
[12.159s][info][gc] GC(2387) Pause Young (Allocation Failure) 9M->5M(15M) 0.171ms
[12.160s][info][gc] GC(2388) Pause Young (Allocation Failure) 9M->5M(15M) 0.192ms
[12.160s][info][gc] GC(2389) Pause Young (Allocation Failure) 10M->6M(15M) 0.167ms
[12.161s][info][gc] GC(2390) Pause Young (Allocation Failure) 10M->6M(15M) 0.171ms
[12.162s][info][gc] GC(2391) Pause Young (Allocation Failure) 10M->6M(15M) 0.168ms
[12.162s][info][gc] GC(2392) Pause Young (Allocation Failure) 10M->5M(15M) 0.163ms
[12.163s][info][gc] GC(2393) Pause Young (Allocation Failure) 10M->6M(15M) 0.252ms
[12.164s][info][gc] GC(2394) Pause Young (Allocation Failure) 10M->6M(15M) 0.219ms
[12.165s][info][gc] GC(2395) Pause Young (Allocation Failure) 10M->6M(15M) 0.193ms
[12.166s][info][gc] GC(2396) Pause Young (Allocation Failure) 10M->6M(15M) 0.179ms
[12.167s][info][gc] GC(2397) Pause Young (Allocation Failure) 10M->6M(15M) 0.198ms
[12.167s][info][gc] GC(2398) Pause Young (Allocation Failure) 11M->7M(15M) 0.198ms
[12.168s][info][gc] GC(2399) Pause Young (Allocation Failure) 11M->6M(15M) 0.164ms
[12.169s][info][gc] GC(2400) Pause Young (Allocation Failure) 11M->7M(15M) 0.181ms
[12.170s][info][gc] GC(2401) Pause Young (Allocation Failure) 11M->6M(15M) 0.163ms
[12.170s][info][gc] GC(2402) Pause Young (Allocation Failure) 11M->7M(15M) 0.172ms
[12.171s][info][gc] GC(2403) Pause Young (Allocation Failure) 11M->7M(15M) 0.180ms
[12.172s][info][gc] GC(2404) Pause Young (Allocation Failure) 11M->7M(15M) 0.138ms
[12.173s][info][gc] GC(2405) Pause Young (Allocation Failure) 11M->6M(15M) 0.161ms
[12.173s][info][gc] GC(2406) Pause Young (Allocation Failure) 11M->7M(15M) 0.167ms
[12.174s][info][gc] GC(2407) Pause Young (Allocation Failure) 11M->7M(15M) 0.182ms
[12.175s][info][gc] GC(2408) Pause Young (Allocation Failure) 11M->6M(15M) 0.162ms
[12.176s][info][gc] GC(2409) Pause Young (Allocation Failure) 11M->7M(15M) 0.157ms
[12.176s][info][gc] GC(2410) Pause Young (Allocation Failure) 11M->7M(15M) 0.227ms
[12.178s][info][gc] GC(2411) Pause Young (Allocation Failure) 12M->7M(15M) 0.159ms
[12.178s][info][gc] GC(2412) Pause Young (Allocation Failure) 11M->7M(15M) 0.162ms
[12.179s][info][gc] GC(2413) Pause Young (Allocation Failure) 11M->7M(15M) 0.175ms
[12.180s][info][gc] GC(2414) Pause Young (Allocation Failure) 11M->7M(15M) 0.180ms
[12.181s][info][gc] GC(2415) Pause Young (Allocation Failure) 12M->7M(15M) 0.158ms
[12.181s][info][gc] GC(2416) Pause Young (Allocation Failure) 11M->7M(15M) 0.189ms
[12.182s][info][gc] GC(2417) Pause Young (Allocation Failure) 12M->8M(15M) 0.190ms
[12.183s][info][gc] GC(2418) Pause Young (Allocation Failure) 12M->8M(15M) 0.148ms
[12.184s][info][gc] GC(2419) Pause Young (Allocation Failure) 12M->8M(15M) 0.177ms
[12.184s][info][gc] GC(2420) Pause Young (Allocation Failure) 12M->8M(15M) 0.170ms
[12.185s][info][gc] GC(2421) Pause Young (Allocation Failure) 12M->8M(15M) 0.161ms
[12.186s][info][gc] GC(2422) Pause Young (Allocation Failure) 12M->8M(15M) 0.176ms
[12.187s][info][gc] GC(2423) Pause Young (Allocation Failure) 12M->8M(15M) 0.210ms
[12.188s][info][gc] GC(2424) Pause Young (Allocation Failure) 13M->8M(15M) 0.172ms
[12.188s][info][gc] GC(2425) Pause Young (Allocation Failure) 13M->8M(15M) 0.183ms
[12.189s][info][gc] GC(2426) Pause Young (Allocation Failure) 13M->9M(15M) 0.191ms
[12.190s][info][gc] GC(2427) Pause Young (Allocation Failure) 13M->9M(15M) 0.330ms
[12.191s][info][gc] GC(2428) Pause Young (Allocation Failure) 13M->9M(15M) 0.180ms
[12.192s][info][gc] GC(2429) Pause Young (Allocation Failure) 13M->9M(15M) 0.176ms
[12.193s][info][gc] GC(2430) Pause Young (Allocation Failure) 13M->9M(15M) 0.180ms
[12.193s][info][gc] GC(2431) Pause Young (Allocation Failure) 13M->9M(15M) 0.162ms
[12.194s][info][gc] GC(2432) Pause Young (Allocation Failure) 13M->9M(15M) 0.190ms
[12.195s][info][gc] GC(2433) Pause Young (Allocation Failure) 14M->9M(15M) 0.179ms
[12.195s][info][gc] GC(2434) Pause Young (Allocation Failure) 14M->10M(15M) 0.218ms
[12.196s][info][gc] GC(2435) Pause Young (Allocation Failure) 14M->10M(15M) 0.168ms
[12.197s][info][gc] GC(2436) Pause Young (Allocation Failure) 14M->10M(15M) 0.172ms
[12.198s][info][gc] GC(2437) Pause Young (Allocation Failure) 14M->10M(15M) 0.184ms
[12.199s][info][gc] GC(2438) Pause Young (Allocation Failure) 14M->10M(15M) 0.142ms
[12.200s][info][gc] GC(2439) Pause Young (Allocation Failure) 14M->10M(15M) 0.172ms
[12.201s][info][gc] GC(2440) Pause Young (Allocation Failure) 14M->10M(15M) 0.156ms
[12.201s][info][gc] GC(2441) Pause Young (Allocation Failure) 14M->10M(15M) 0.171ms
[12.202s][info][gc] GC(2442) Pause Young (Allocation Failure) 14M->10M(15M) 0.166ms
[12.203s][info][gc] GC(2443) Pause Young (Allocation Failure) 14M->10M(15M) 0.195ms
[12.204s][info][gc] GC(2444) Pause Young (Allocation Failure) 15M->15M(15M) 0.025ms
[12.207s][info][gc] GC(2445) Pause Full (Allocation Failure) 15M->3M(15M) 3.501ms
[12.208s][info][gc] GC(2446) Pause Young (Allocation Failure) 7M->3M(15M) 0.175ms
[12.209s][info][gc] GC(2447) Pause Young (Allocation Failure) 8M->4M(15M) 0.187ms
[12.209s][info][gc] GC(2448) Pause Young (Allocation Failure) 8M->4M(15M) 0.185ms
[12.210s][info][gc] GC(2449) Pause Young (Allocation Failure) 8M->4M(15M) 0.183ms
[12.211s][info][gc] GC(2450) Pause Young (Allocation Failure) 8M->4M(15M) 0.182ms
[12.212s][info][gc] GC(2451) Pause Young (Allocation Failure) 8M->4M(15M) 0.179ms
[12.213s][info][gc] GC(2452) Pause Young (Allocation Failure) 8M->4M(15M) 0.181ms
[12.213s][info][gc] GC(2453) Pause Young (Allocation Failure) 8M->4M(15M) 0.183ms
[12.214s][info][gc] GC(2454) Pause Young (Allocation Failure) 8M->4M(15M) 0.181ms
[12.215s][info][gc] GC(2455) Pause Young (Allocation Failure) 8M->4M(15M) 0.161ms
[12.216s][info][gc] GC(2456) Pause Young (Allocation Failure) 8M->4M(15M) 0.177ms
[12.216s][info][gc] GC(2457) Pause Young (Allocation Failure) 8M->4M(15M) 0.197ms
[12.217s][info][gc] GC(2458) Pause Young (Allocation Failure) 8M->4M(15M) 0.152ms
[12.218s][info][gc] GC(2459) Pause Young (Allocation Failure) 9M->4M(15M) 0.169ms
[12.219s][info][gc] GC(2460) Pause Young (Allocation Failure) 8M->4M(15M) 0.187ms
[12.220s][info][gc] GC(2461) Pause Young (Allocation Failure) 9M->5M(15M) 0.192ms
[12.220s][info][gc] GC(2462) Pause Young (Allocation Failure) 9M->4M(15M) 0.163ms
[12.221s][info][gc] GC(2463) Pause Young (Allocation Failure) 8M->4M(15M) 0.171ms
[12.222s][info][gc] GC(2464) Pause Young (Allocation Failure) 9M->4M(15M) 0.168ms
[12.223s][info][gc] GC(2465) Pause Young (Allocation Failure) 9M->5M(15M) 0.189ms
[12.224s][info][gc] GC(2466) Pause Young (Allocation Failure) 9M->4M(15M) 0.166ms
[12.224s][info][gc] GC(2467) Pause Young (Allocation Failure) 9M->5M(15M) 0.182ms
[12.225s][info][gc] GC(2468) Pause Young (Allocation Failure) 9M->5M(15M) 0.192ms
[12.226s][info][gc] GC(2469) Pause Young (Allocation Failure) 9M->5M(15M) 0.196ms
[12.227s][info][gc] GC(2470) Pause Young (Allocation Failure) 9M->5M(15M) 0.169ms
[12.227s][info][gc] GC(2471) Pause Young (Allocation Failure) 9M->5M(15M) 0.181ms
[12.228s][info][gc] GC(2472) Pause Young (Allocation Failure) 9M->5M(15M) 0.143ms
[12.229s][info][gc] GC(2473) Pause Young (Allocation Failure) 10M->5M(15M) 0.173ms
[12.229s][info][gc] GC(2474) Pause Young (Allocation Failure) 10M->6M(15M) 0.189ms
[12.230s][info][gc] GC(2475) Pause Young (Allocation Failure) 10M->6M(15M) 0.186ms
[12.231s][info][gc] GC(2476) Pause Young (Allocation Failure) 10M->6M(15M) 0.190ms
[12.232s][info][gc] GC(2477) Pause Young (Allocation Failure) 10M->6M(15M) 0.200ms
[12.233s][info][gc] GC(2478) Pause Young (Allocation Failure) 10M->6M(15M) 0.172ms
[12.234s][info][gc] GC(2479) Pause Young (Allocation Failure) 10M->5M(15M) 0.161ms
[12.235s][info][gc] GC(2480) Pause Young (Allocation Failure) 10M->6M(15M) 0.167ms
[12.235s][info][gc] GC(2481) Pause Young (Allocation Failure) 10M->6M(15M) 0.166ms
[12.236s][info][gc] GC(2482) Pause Young (Allocation Failure) 10M->6M(15M) 0.166ms
[12.237s][info][gc] GC(2483) Pause Young (Allocation Failure) 10M->6M(15M) 0.170ms
[12.238s][info][gc] GC(2484) Pause Young (Allocation Failure) 10M->6M(15M) 0.171ms
[12.238s][info][gc] GC(2485) Pause Young (Allocation Failure) 10M->6M(15M) 0.180ms
[12.239s][info][gc] GC(2486) Pause Young (Allocation Failure) 10M->6M(15M) 0.177ms
[12.240s][info][gc] GC(2487) Pause Young (Allocation Failure) 10M->6M(15M) 0.181ms
[12.241s][info][gc] GC(2488) Pause Young (Allocation Failure) 10M->6M(15M) 0.180ms
[12.242s][info][gc] GC(2489) Pause Young (Allocation Failure) 11M->6M(15M) 0.172ms
[12.242s][info][gc] GC(2490) Pause Young (Allocation Failure) 10M->6M(15M) 0.171ms
[12.243s][info][gc] GC(2491) Pause Young (Allocation Failure) 10M->6M(15M) 0.162ms
[12.244s][info][gc] GC(2492) Pause Young (Allocation Failure) 10M->6M(15M) 0.183ms
[12.245s][info][gc] GC(2493) Pause Young (Allocation Failure) 11M->6M(15M) 0.184ms
[12.246s][info][gc] GC(2494) Pause Young (Allocation Failure) 11M->7M(15M) 0.164ms
[12.246s][info][gc] GC(2495) Pause Young (Allocation Failure) 11M->6M(15M) 0.170ms
[12.247s][info][gc] GC(2496) Pause Young (Allocation Failure) 11M->7M(15M) 0.190ms
[12.248s][info][gc] GC(2497) Pause Young (Allocation Failure) 11M->7M(15M) 0.183ms
[12.249s][info][gc] GC(2498) Pause Young (Allocation Failure) 11M->7M(15M) 0.208ms
[12.250s][info][gc] GC(2499) Pause Young (Allocation Failure) 11M->7M(15M) 0.202ms
[12.251s][info][gc] GC(2500) Pause Young (Allocation Failure) 11M->6M(15M) 0.167ms
[12.252s][info][gc] GC(2501) Pause Young (Allocation Failure) 11M->7M(15M) 0.170ms
[12.252s][info][gc] GC(2502) Pause Young (Allocation Failure) 11M->6M(15M) 0.162ms
[12.253s][info][gc] GC(2503) Pause Young (Allocation Failure) 11M->7M(15M) 0.170ms
[12.254s][info][gc] GC(2504) Pause Young (Allocation Failure) 11M->8M(15M) 0.244ms
[12.255s][info][gc] GC(2505) Pause Young (Allocation Failure) 12M->8M(15M) 0.188ms
[12.256s][info][gc] GC(2506) Pause Young (Allocation Failure) 12M->8M(15M) 0.205ms
[12.256s][info][gc] GC(2507) Pause Young (Allocation Failure) 12M->8M(15M) 0.182ms
[12.257s][info][gc] GC(2508) Pause Young (Allocation Failure) 12M->8M(15M) 0.214ms
[12.258s][info][gc] GC(2509) Pause Young (Allocation Failure) 13M->8M(15M) 0.190ms
[12.259s][info][gc] GC(2510) Pause Young (Allocation Failure) 13M->8M(15M) 0.176ms
[12.260s][info][gc] GC(2511) Pause Young (Allocation Failure) 12M->9M(15M) 0.217ms
[12.261s][info][gc] GC(2512) Pause Young (Allocation Failure) 13M->8M(15M) 0.172ms
[12.261s][info][gc] GC(2513) Pause Young (Allocation Failure) 13M->9M(15M) 0.204ms
[12.262s][info][gc] GC(2514) Pause Young (Allocation Failure) 13M->9M(15M) 0.190ms
[12.263s][info][gc] GC(2515) Pause Young (Allocation Failure) 13M->9M(15M) 0.192ms
[12.264s][info][gc] GC(2516) Pause Young (Allocation Failure) 14M->9M(15M) 0.166ms
[12.264s][info][gc] GC(2517) Pause Young (Allocation Failure) 13M->9M(15M) 0.141ms
[12.265s][info][gc] GC(2518) Pause Young (Allocation Failure) 14M->9M(15M) 0.167ms
[12.266s][info][gc] GC(2519) Pause Young (Allocation Failure) 13M->10M(15M) 0.204ms
[12.267s][info][gc] GC(2520) Pause Young (Allocation Failure) 14M->10M(15M) 0.184ms
[12.268s][info][gc] GC(2521) Pause Young (Allocation Failure) 14M->10M(15M) 0.190ms
[12.269s][info][gc] GC(2522) Pause Young (Allocation Failure) 14M->10M(15M) 0.182ms
[12.269s][info][gc] GC(2523) Pause Young (Allocation Failure) 14M->10M(15M) 0.181ms
[12.270s][info][gc] GC(2524) Pause Young (Allocation Failure) 14M->10M(15M) 0.195ms
[12.271s][info][gc] GC(2525) Pause Young (Allocation Failure) 14M->10M(15M) 0.202ms
[12.272s][info][gc] GC(2526) Pause Young (Allocation Failure) 15M->11M(15M) 0.192ms
[12.272s][info][gc] GC(2527) Pause Young (Allocation Failure) 15M->15M(15M) 0.019ms
[12.276s][info][gc] GC(2528) Pause Full (Allocation Failure) 15M->3M(15M) 3.476ms
[12.276s][info][gc] GC(2529) Pause Young (Allocation Failure) 7M->4M(15M) 0.195ms
[12.277s][info][gc] GC(2530) Pause Young (Allocation Failure) 8M->4M(15M) 0.211ms
[12.278s][info][gc] GC(2531) Pause Young (Allocation Failure) 8M->4M(15M) 0.204ms
[12.279s][info][gc] GC(2532) Pause Young (Allocation Failure) 9M->5M(15M) 0.211ms
[12.280s][info][gc] GC(2533) Pause Young (Allocation Failure) 9M->5M(15M) 0.176ms
[12.280s][info][gc] GC(2534) Pause Young (Allocation Failure) 9M->5M(15M) 0.173ms
[12.281s][info][gc] GC(2535) Pause Young (Allocation Failure) 9M->5M(15M) 0.173ms
[12.282s][info][gc] GC(2536) Pause Young (Allocation Failure) 9M->5M(15M) 0.172ms
[12.283s][info][gc] GC(2537) Pause Young (Allocation Failure) 9M->4M(15M) 0.162ms
[12.284s][info][gc] GC(2538) Pause Young (Allocation Failure) 9M->5M(15M) 0.185ms
[12.284s][info][gc] GC(2539) Pause Young (Allocation Failure) 9M->5M(15M) 0.195ms
[12.285s][info][gc] GC(2540) Pause Young (Allocation Failure) 9M->5M(15M) 0.170ms
[12.286s][info][gc] GC(2541) Pause Young (Allocation Failure) 9M->5M(15M) 0.174ms
[12.287s][info][gc] GC(2542) Pause Young (Allocation Failure) 9M->5M(15M) 0.190ms
[12.288s][info][gc] GC(2543) Pause Young (Allocation Failure) 9M->5M(15M) 0.163ms
[12.288s][info][gc] GC(2544) Pause Young (Allocation Failure) 9M->6M(15M) 0.185ms
[12.289s][info][gc] GC(2545) Pause Young (Allocation Failure) 10M->5M(15M) 0.170ms
[12.290s][info][gc] GC(2546) Pause Young (Allocation Failure) 10M->6M(15M) 0.192ms
[12.291s][info][gc] GC(2547) Pause Young (Allocation Failure) 10M->6M(15M) 0.195ms
[12.291s][info][gc] GC(2548) Pause Young (Allocation Failure) 10M->6M(15M) 0.186ms
[12.292s][info][gc] GC(2549) Pause Young (Allocation Failure) 10M->6M(15M) 0.165ms
[12.293s][info][gc] GC(2550) Pause Young (Allocation Failure) 10M->6M(15M) 0.174ms
[12.294s][info][gc] GC(2551) Pause Young (Allocation Failure) 10M->6M(15M) 0.197ms
[12.295s][info][gc] GC(2552) Pause Young (Allocation Failure) 11M->6M(15M) 0.165ms
[12.295s][info][gc] GC(2553) Pause Young (Allocation Failure) 10M->7M(15M) 0.190ms
[12.296s][info][gc] GC(2554) Pause Young (Allocation Failure) 11M->7M(15M) 0.200ms
[12.297s][info][gc] GC(2555) Pause Young (Allocation Failure) 12M->7M(15M) 0.165ms
[12.298s][info][gc] GC(2556) Pause Young (Allocation Failure) 11M->7M(15M) 0.172ms
[12.299s][info][gc] GC(2557) Pause Young (Allocation Failure) 11M->7M(15M) 0.173ms
[12.300s][info][gc] GC(2558) Pause Young (Allocation Failure) 11M->7M(15M) 0.178ms
[12.300s][info][gc] GC(2559) Pause Young (Allocation Failure) 11M->7M(15M) 0.161ms
[12.301s][info][gc] GC(2560) Pause Young (Allocation Failure) 11M->7M(15M) 0.174ms
[12.302s][info][gc] GC(2561) Pause Young (Allocation Failure) 11M->7M(15M) 0.172ms
[12.303s][info][gc] GC(2562) Pause Young (Allocation Failure) 11M->7M(15M) 0.178ms
[12.303s][info][gc] GC(2563) Pause Young (Allocation Failure) 12M->7M(15M) 0.166ms
[12.304s][info][gc] GC(2564) Pause Young (Allocation Failure) 11M->7M(15M) 0.176ms
[12.305s][info][gc] GC(2565) Pause Young (Allocation Failure) 11M->8M(15M) 0.215ms
[12.306s][info][gc] GC(2566) Pause Young (Allocation Failure) 12M->7M(15M) 0.170ms
[12.307s][info][gc] GC(2567) Pause Young (Allocation Failure) 12M->8M(15M) 0.179ms
[12.307s][info][gc] GC(2568) Pause Young (Allocation Failure) 12M->8M(15M) 0.178ms
[12.308s][info][gc] GC(2569) Pause Young (Allocation Failure) 12M->8M(15M) 0.181ms
[12.309s][info][gc] GC(2570) Pause Young (Allocation Failure) 12M->8M(15M) 0.184ms
[12.310s][info][gc] GC(2571) Pause Young (Allocation Failure) 12M->8M(15M) 0.172ms
[12.310s][info][gc] GC(2572) Pause Young (Allocation Failure) 12M->8M(15M) 0.177ms
[12.311s][info][gc] GC(2573) Pause Young (Allocation Failure) 12M->7M(15M) 0.169ms
[12.312s][info][gc] GC(2574) Pause Young (Allocation Failure) 12M->7M(15M) 0.167ms
[12.313s][info][gc] GC(2575) Pause Young (Allocation Failure) 12M->8M(15M) 0.193ms
[12.314s][info][gc] GC(2576) Pause Young (Allocation Failure) 12M->8M(15M) 0.187ms
[12.315s][info][gc] GC(2577) Pause Young (Allocation Failure) 12M->8M(15M) 0.162ms
[12.315s][info][gc] GC(2578) Pause Young (Allocation Failure) 12M->8M(15M) 0.160ms
[12.316s][info][gc] GC(2579) Pause Young (Allocation Failure) 12M->8M(15M) 0.207ms
[12.317s][info][gc] GC(2580) Pause Young (Allocation Failure) 13M->9M(15M) 0.201ms
[12.318s][info][gc] GC(2581) Pause Young (Allocation Failure) 13M->8M(15M) 0.177ms
[12.319s][info][gc] GC(2582) Pause Young (Allocation Failure) 13M->8M(15M) 0.170ms
[12.319s][info][gc] GC(2583) Pause Young (Allocation Failure) 13M->8M(15M) 0.169ms
[12.320s][info][gc] GC(2584) Pause Young (Allocation Failure) 13M->8M(15M) 0.169ms
[12.321s][info][gc] GC(2585) Pause Young (Allocation Failure) 13M->9M(15M) 0.182ms
[12.322s][info][gc] GC(2586) Pause Young (Allocation Failure) 13M->8M(15M) 0.175ms
[12.323s][info][gc] GC(2587) Pause Young (Allocation Failure) 13M->8M(15M) 0.172ms
[12.323s][info][gc] GC(2588) Pause Young (Allocation Failure) 13M->9M(15M) 0.207ms
[12.324s][info][gc] GC(2589) Pause Young (Allocation Failure) 13M->9M(15M) 0.209ms
[12.325s][info][gc] GC(2590) Pause Young (Allocation Failure) 14M->9M(15M) 0.179ms
[12.326s][info][gc] GC(2591) Pause Young (Allocation Failure) 14M->9M(15M) 0.175ms
[12.327s][info][gc] GC(2592) Pause Young (Allocation Failure) 13M->9M(15M) 0.160ms
[12.327s][info][gc] GC(2593) Pause Young (Allocation Failure) 13M->9M(15M) 0.181ms
[12.328s][info][gc] GC(2594) Pause Young (Allocation Failure) 14M->10M(15M) 0.191ms
[12.329s][info][gc] GC(2595) Pause Young (Allocation Failure) 14M->10M(15M) 0.157ms
[12.330s][info][gc] GC(2596) Pause Young (Allocation Failure) 14M->9M(15M) 0.169ms
[12.331s][info][gc] GC(2597) Pause Young (Allocation Failure) 14M->10M(15M) 0.188ms
[12.331s][info][gc] GC(2598) Pause Young (Allocation Failure) 14M->10M(15M) 0.180ms
[12.332s][info][gc] GC(2599) Pause Young (Allocation Failure) 14M->9M(15M) 0.165ms
[12.333s][info][gc] GC(2600) Pause Young (Allocation Failure) 14M->10M(15M) 0.137ms
[12.334s][info][gc] GC(2601) Pause Young (Allocation Failure) 14M->10M(15M) 0.216ms
[12.334s][info][gc] GC(2602) Pause Young (Allocation Failure) 15M->15M(15M) 0.025ms
[12.338s][info][gc] GC(2603) Pause Full (Allocation Failure) 15M->2M(15M) 3.618ms
[12.339s][info][gc] GC(2604) Pause Young (Allocation Failure) 7M->3M(15M) 0.222ms
[12.340s][info][gc] GC(2605) Pause Young (Allocation Failure) 7M->3M(15M) 0.174ms
[12.341s][info][gc] GC(2606) Pause Young (Allocation Failure) 7M->3M(15M) 0.168ms
[12.341s][info][gc] GC(2607) Pause Young (Allocation Failure) 7M->3M(15M) 0.172ms
[12.342s][info][gc] GC(2608) Pause Young (Allocation Failure) 7M->3M(15M) 0.198ms
[12.343s][info][gc] GC(2609) Pause Young (Allocation Failure) 8M->3M(15M) 0.191ms
[12.344s][info][gc] GC(2610) Pause Young (Allocation Failure) 8M->3M(15M) 0.177ms
[12.345s][info][gc] GC(2611) Pause Young (Allocation Failure) 8M->4M(15M) 0.195ms
[12.345s][info][gc] GC(2612) Pause Young (Allocation Failure) 8M->3M(15M) 0.169ms
[12.346s][info][gc] GC(2613) Pause Young (Allocation Failure) 8M->3M(15M) 0.168ms
[12.347s][info][gc] GC(2614) Pause Young (Allocation Failure) 8M->3M(15M) 0.162ms
[12.348s][info][gc] GC(2615) Pause Young (Allocation Failure) 8M->3M(15M) 0.178ms
[12.348s][info][gc] GC(2616) Pause Young (Allocation Failure) 8M->3M(15M) 0.172ms
[12.349s][info][gc] GC(2617) Pause Young (Allocation Failure) 8M->3M(15M) 0.164ms
[12.350s][info][gc] GC(2618) Pause Young (Allocation Failure) 8M->3M(15M) 0.169ms
[12.351s][info][gc] GC(2619) Pause Young (Allocation Failure) 8M->4M(15M) 0.179ms
[12.352s][info][gc] GC(2620) Pause Young (Allocation Failure) 8M->4M(15M) 0.184ms
[12.353s][info][gc] GC(2621) Pause Young (Allocation Failure) 8M->3M(15M) 0.173ms
[12.353s][info][gc] GC(2622) Pause Young (Allocation Failure) 8M->3M(15M) 0.168ms
[12.354s][info][gc] GC(2623) Pause Young (Allocation Failure) 8M->4M(15M) 0.184ms
[12.355s][info][gc] GC(2624) Pause Young (Allocation Failure) 8M->4M(15M) 0.177ms
[12.356s][info][gc] GC(2625) Pause Young (Allocation Failure) 8M->4M(15M) 0.145ms
[12.356s][info][gc] GC(2626) Pause Young (Allocation Failure) 8M->4M(15M) 0.175ms
[12.357s][info][gc] GC(2627) Pause Young (Allocation Failure) 8M->4M(15M) 0.166ms
[12.358s][info][gc] GC(2628) Pause Young (Allocation Failure) 8M->4M(15M) 0.166ms
[12.359s][info][gc] GC(2629) Pause Young (Allocation Failure) 8M->4M(15M) 0.181ms
[12.359s][info][gc] GC(2630) Pause Young (Allocation Failure) 8M->4M(15M) 0.186ms
[12.360s][info][gc] GC(2631) Pause Young (Allocation Failure) 8M->4M(15M) 0.227ms
[12.361s][info][gc] GC(2632) Pause Young (Allocation Failure) 9M->4M(15M) 0.150ms
[12.362s][info][gc] GC(2633) Pause Young (Allocation Failure) 9M->4M(15M) 0.168ms
[12.362s][info][gc] GC(2634) Pause Young (Allocation Failure) 8M->5M(15M) 0.215ms
[12.363s][info][gc] GC(2635) Pause Young (Allocation Failure) 9M->5M(15M) 0.213ms
[12.364s][info][gc] GC(2636) Pause Young (Allocation Failure) 10M->5M(15M) 0.171ms
[12.365s][info][gc] GC(2637) Pause Young (Allocation Failure) 9M->5M(15M) 0.165ms
[12.366s][info][gc] GC(2638) Pause Young (Allocation Failure) 9M->5M(15M) 0.177ms
[12.367s][info][gc] GC(2639) Pause Young (Allocation Failure) 10M->6M(15M) 0.215ms
[12.367s][info][gc] GC(2640) Pause Young (Allocation Failure) 10M->6M(15M) 0.180ms
[12.368s][info][gc] GC(2641) Pause Young (Allocation Failure) 10M->6M(15M) 0.189ms
[12.369s][info][gc] GC(2642) Pause Young (Allocation Failure) 10M->6M(15M) 0.137ms
[12.370s][info][gc] GC(2643) Pause Young (Allocation Failure) 10M->6M(15M) 0.186ms
[12.371s][info][gc] GC(2644) Pause Young (Allocation Failure) 11M->6M(15M) 0.182ms
[12.372s][info][gc] GC(2645) Pause Young (Allocation Failure) 11M->7M(15M) 0.201ms
[12.372s][info][gc] GC(2646) Pause Young (Allocation Failure) 11M->7M(15M) 0.190ms
[12.373s][info][gc] GC(2647) Pause Young (Allocation Failure) 11M->6M(15M) 0.162ms
[12.374s][info][gc] GC(2648) Pause Young (Allocation Failure) 11M->7M(15M) 0.178ms
[12.375s][info][gc] GC(2649) Pause Young (Allocation Failure) 11M->7M(15M) 0.174ms
[12.376s][info][gc] GC(2650) Pause Young (Allocation Failure) 11M->6M(15M) 0.171ms
[12.376s][info][gc] GC(2651) Pause Young (Allocation Failure) 11M->7M(15M) 0.195ms
[12.377s][info][gc] GC(2652) Pause Young (Allocation Failure) 11M->7M(15M) 0.169ms
[12.378s][info][gc] GC(2653) Pause Young (Allocation Failure) 11M->6M(15M) 0.163ms
[12.379s][info][gc] GC(2654) Pause Young (Allocation Failure) 11M->7M(15M) 0.167ms
[12.380s][info][gc] GC(2655) Pause Young (Allocation Failure) 11M->7M(15M) 0.188ms
[12.380s][info][gc] GC(2656) Pause Young (Allocation Failure) 11M->7M(15M) 0.179ms
[12.381s][info][gc] GC(2657) Pause Young (Allocation Failure) 11M->7M(15M) 0.170ms
[12.382s][info][gc] GC(2658) Pause Young (Allocation Failure) 11M->7M(15M) 0.178ms
[12.383s][info][gc] GC(2659) Pause Young (Allocation Failure) 11M->7M(15M) 0.169ms
[12.384s][info][gc] GC(2660) Pause Young (Allocation Failure) 11M->7M(15M) 0.184ms
[12.384s][info][gc] GC(2661) Pause Young (Allocation Failure) 11M->7M(15M) 0.179ms
[12.385s][info][gc] GC(2662) Pause Young (Allocation Failure) 11M->7M(15M) 0.188ms
[12.386s][info][gc] GC(2663) Pause Young (Allocation Failure) 11M->7M(15M) 0.183ms
[12.387s][info][gc] GC(2664) Pause Young (Allocation Failure) 11M->7M(15M) 0.176ms
[12.388s][info][gc] GC(2665) Pause Young (Allocation Failure) 12M->7M(15M) 0.181ms
[12.389s][info][gc] GC(2666) Pause Young (Allocation Failure) 12M->7M(15M) 0.184ms
[12.389s][info][gc] GC(2667) Pause Young (Allocation Failure) 12M->7M(15M) 0.174ms
[12.390s][info][gc] GC(2668) Pause Young (Allocation Failure) 12M->8M(15M) 0.182ms
[12.391s][info][gc] GC(2669) Pause Young (Allocation Failure) 12M->8M(15M) 0.182ms
[12.392s][info][gc] GC(2670) Pause Young (Allocation Failure) 12M->8M(15M) 0.193ms
[12.392s][info][gc] GC(2671) Pause Young (Allocation Failure) 12M->8M(15M) 0.178ms
[12.393s][info][gc] GC(2672) Pause Young (Allocation Failure) 12M->8M(15M) 0.186ms
[12.394s][info][gc] GC(2673) Pause Young (Allocation Failure) 12M->7M(15M) 0.175ms
[12.395s][info][gc] GC(2674) Pause Young (Allocation Failure) 12M->8M(15M) 0.194ms
[12.395s][info][gc] GC(2675) Pause Young (Allocation Failure) 12M->8M(15M) 0.195ms
[12.396s][info][gc] GC(2676) Pause Young (Allocation Failure) 12M->8M(15M) 0.206ms
[12.397s][info][gc] GC(2677) Pause Young (Allocation Failure) 12M->8M(15M) 0.190ms
[12.398s][info][gc] GC(2678) Pause Young (Allocation Failure) 12M->8M(15M) 0.165ms
[12.398s][info][gc] GC(2679) Pause Young (Allocation Failure) 12M->8M(15M) 0.175ms
[12.399s][info][gc] GC(2680) Pause Young (Allocation Failure) 12M->8M(15M) 0.167ms
[12.400s][info][gc] GC(2681) Pause Young (Allocation Failure) 12M->8M(15M) 0.168ms
[12.401s][info][gc] GC(2682) Pause Young (Allocation Failure) 12M->8M(15M) 0.189ms
[12.402s][info][gc] GC(2683) Pause Young (Allocation Failure) 13M->8M(15M) 0.185ms
[12.402s][info][gc] GC(2684) Pause Young (Allocation Failure) 13M->8M(15M) 0.169ms
[12.403s][info][gc] GC(2685) Pause Young (Allocation Failure) 12M->8M(15M) 0.180ms
[12.404s][info][gc] GC(2686) Pause Young (Allocation Failure) 13M->8M(15M) 0.180ms
[12.405s][info][gc] GC(2687) Pause Young (Allocation Failure) 13M->8M(15M) 0.178ms
[12.405s][info][gc] GC(2688) Pause Young (Allocation Failure) 12M->8M(15M) 0.182ms
[12.406s][info][gc] GC(2689) Pause Young (Allocation Failure) 13M->8M(15M) 0.179ms
[12.407s][info][gc] GC(2690) Pause Young (Allocation Failure) 13M->8M(15M) 0.175ms
[12.408s][info][gc] GC(2691) Pause Young (Allocation Failure) 12M->8M(15M) 0.185ms
[12.409s][info][gc] GC(2692) Pause Young (Allocation Failure) 13M->8M(15M) 0.185ms
[12.409s][info][gc] GC(2693) Pause Young (Allocation Failure) 13M->9M(15M) 0.152ms
[12.410s][info][gc] GC(2694) Pause Young (Allocation Failure) 13M->8M(15M) 0.161ms
[12.411s][info][gc] GC(2695) Pause Young (Allocation Failure) 13M->9M(15M) 0.207ms
[12.412s][info][gc] GC(2696) Pause Young (Allocation Failure) 13M->9M(15M) 0.191ms
[12.412s][info][gc] GC(2697) Pause Young (Allocation Failure) 14M->10M(15M) 0.202ms
[12.413s][info][gc] GC(2698) Pause Young (Allocation Failure) 14M->10M(15M) 0.186ms
[12.414s][info][gc] GC(2699) Pause Young (Allocation Failure) 14M->10M(15M) 0.200ms
[12.415s][info][gc] GC(2700) Pause Young (Allocation Failure) 14M->10M(15M) 0.193ms
[12.416s][info][gc] GC(2701) Pause Young (Allocation Failure) 15M->10M(15M) 0.184ms
[12.417s][info][gc] GC(2702) Pause Young (Allocation Failure) 15M->10M(15M) 0.165ms
[12.417s][info][gc] GC(2703) Pause Young (Allocation Failure) 14M->10M(15M) 0.176ms
[12.418s][info][gc] GC(2704) Pause Young (Allocation Failure) 14M->10M(15M) 0.165ms
[12.419s][info][gc] GC(2705) Pause Young (Allocation Failure) 14M->11M(15M) 0.200ms
[12.420s][info][gc] GC(2706) Pause Young (Allocation Failure) 15M->15M(15M) 0.025ms
[12.423s][info][gc] GC(2707) Pause Full (Allocation Failure) 15M->3M(15M) 3.693ms
[12.424s][info][gc] GC(2708) Pause Young (Allocation Failure) 7M->3M(15M) 0.173ms
[12.425s][info][gc] GC(2709) Pause Young (Allocation Failure) 8M->4M(15M) 0.183ms
[12.426s][info][gc] GC(2710) Pause Young (Allocation Failure) 8M->3M(15M) 0.167ms
[12.426s][info][gc] GC(2711) Pause Young (Allocation Failure) 8M->4M(15M) 0.183ms
[12.427s][info][gc] GC(2712) Pause Young (Allocation Failure) 8M->3M(15M) 0.163ms
[12.428s][info][gc] GC(2713) Pause Young (Allocation Failure) 8M->4M(15M) 0.177ms
[12.429s][info][gc] GC(2714) Pause Young (Allocation Failure) 8M->3M(15M) 0.172ms
[12.430s][info][gc] GC(2715) Pause Young (Allocation Failure) 8M->3M(15M) 0.172ms
[12.431s][info][gc] GC(2716) Pause Young (Allocation Failure) 8M->4M(15M) 0.189ms
[12.431s][info][gc] GC(2717) Pause Young (Allocation Failure) 8M->4M(15M) 0.161ms
[12.432s][info][gc] GC(2718) Pause Young (Allocation Failure) 8M->4M(15M) 0.186ms
[12.433s][info][gc] GC(2719) Pause Young (Allocation Failure) 8M->4M(15M) 0.172ms
[12.434s][info][gc] GC(2720) Pause Young (Allocation Failure) 8M->4M(15M) 0.184ms
[12.434s][info][gc] GC(2721) Pause Young (Allocation Failure) 9M->4M(15M) 0.135ms
[12.435s][info][gc] GC(2722) Pause Young (Allocation Failure) 9M->4M(15M) 0.175ms
[12.436s][info][gc] GC(2723) Pause Young (Allocation Failure) 9M->5M(15M) 0.190ms
[12.437s][info][gc] GC(2724) Pause Young (Allocation Failure) 9M->4M(15M) 0.170ms
[12.438s][info][gc] GC(2725) Pause Young (Allocation Failure) 9M->5M(15M) 0.209ms
[12.438s][info][gc] GC(2726) Pause Young (Allocation Failure) 9M->5M(15M) 0.209ms
[12.439s][info][gc] GC(2727) Pause Young (Allocation Failure) 10M->5M(15M) 0.167ms
[12.440s][info][gc] GC(2728) Pause Young (Allocation Failure) 9M->5M(15M) 0.180ms
[12.441s][info][gc] GC(2729) Pause Young (Allocation Failure) 10M->5M(15M) 0.168ms
[12.442s][info][gc] GC(2730) Pause Young (Allocation Failure) 9M->6M(15M) 0.207ms
[12.443s][info][gc] GC(2731) Pause Young (Allocation Failure) 10M->6M(15M) 0.201ms
[12.443s][info][gc] GC(2732) Pause Young (Allocation Failure) 10M->6M(15M) 0.197ms
[12.444s][info][gc] GC(2733) Pause Young (Allocation Failure) 11M->6M(15M) 0.193ms
[12.445s][info][gc] GC(2734) Pause Young (Allocation Failure) 11M->7M(15M) 0.169ms
[12.446s][info][gc] GC(2735) Pause Young (Allocation Failure) 11M->7M(15M) 0.173ms
[12.447s][info][gc] GC(2736) Pause Young (Allocation Failure) 11M->7M(15M) 0.167ms
[12.448s][info][gc] GC(2737) Pause Young (Allocation Failure) 11M->7M(15M) 0.184ms
[12.448s][info][gc] GC(2738) Pause Young (Allocation Failure) 11M->7M(15M) 0.173ms
[12.449s][info][gc] GC(2739) Pause Young (Allocation Failure) 11M->7M(15M) 0.164ms
[12.450s][info][gc] GC(2740) Pause Young (Allocation Failure) 12M->7M(15M) 0.189ms
[12.451s][info][gc] GC(2741) Pause Young (Allocation Failure) 12M->7M(15M) 0.180ms
[12.452s][info][gc] GC(2742) Pause Young (Allocation Failure) 12M->8M(15M) 0.205ms
[12.453s][info][gc] GC(2743) Pause Young (Allocation Failure) 12M->7M(15M) 0.168ms
[12.453s][info][gc] GC(2744) Pause Young (Allocation Failure) 12M->7M(15M) 0.167ms
[12.454s][info][gc] GC(2745) Pause Young (Allocation Failure) 12M->8M(15M) 0.183ms
[12.455s][info][gc] GC(2746) Pause Young (Allocation Failure) 12M->8M(15M) 0.181ms
[12.456s][info][gc] GC(2747) Pause Young (Allocation Failure) 12M->8M(15M) 0.174ms
[12.456s][info][gc] GC(2748) Pause Young (Allocation Failure) 12M->8M(15M) 0.190ms
[12.457s][info][gc] GC(2749) Pause Young (Allocation Failure) 12M->8M(15M) 0.171ms
[12.458s][info][gc] GC(2750) Pause Young (Allocation Failure) 12M->8M(15M) 0.188ms
[12.459s][info][gc] GC(2751) Pause Young (Allocation Failure) 12M->8M(15M) 0.166ms
[12.460s][info][gc] GC(2752) Pause Young (Allocation Failure) 12M->8M(15M) 0.198ms
[12.461s][info][gc] GC(2753) Pause Young (Allocation Failure) 12M->8M(15M) 0.170ms
[12.461s][info][gc] GC(2754) Pause Young (Allocation Failure) 12M->8M(15M) 0.173ms
[12.462s][info][gc] GC(2755) Pause Young (Allocation Failure) 12M->8M(15M) 0.165ms
[12.463s][info][gc] GC(2756) Pause Young (Allocation Failure) 12M->8M(15M) 0.147ms
[12.464s][info][gc] GC(2757) Pause Young (Allocation Failure) 12M->8M(15M) 0.177ms
[12.465s][info][gc] GC(2758) Pause Young (Allocation Failure) 12M->8M(15M) 0.187ms
[12.465s][info][gc] GC(2759) Pause Young (Allocation Failure) 13M->8M(15M) 0.189ms
[12.466s][info][gc] GC(2760) Pause Young (Allocation Failure) 13M->9M(15M) 0.220ms
[12.467s][info][gc] GC(2761) Pause Young (Allocation Failure) 13M->9M(15M) 0.198ms
[12.468s][info][gc] GC(2762) Pause Young (Allocation Failure) 13M->10M(15M) 0.211ms
[12.469s][info][gc] GC(2763) Pause Young (Allocation Failure) 14M->9M(15M) 0.166ms
[12.469s][info][gc] GC(2764) Pause Young (Allocation Failure) 13M->9M(15M) 0.180ms
[12.470s][info][gc] GC(2765) Pause Young (Allocation Failure) 14M->10M(15M) 0.184ms
[12.471s][info][gc] GC(2766) Pause Young (Allocation Failure) 14M->9M(15M) 0.169ms
[20.606s][info][gc] GC(2767) Pause Young (Allocation Failure) 13M->9M(15M) 0.334ms
[20.608s][info][gc] GC(2768) Pause Young (Allocation Failure) 14M->9M(15M) 0.236ms
[20.609s][info][gc] GC(2769) Pause Young (Allocation Failure) 14M->9M(15M) 0.252ms
[20.610s][info][gc] GC(2770) Pause Young (Allocation Failure) 14M->9M(15M) 0.164ms
[20.610s][info][gc] GC(2771) Pause Young (Allocation Failure) 13M->10M(15M) 0.183ms
[20.611s][info][gc] GC(2772) Pause Young (Allocation Failure) 14M->9M(15M) 0.161ms
[20.612s][info][gc] GC(2773) Pause Young (Allocation Failure) 13M->9M(15M) 0.163ms
[20.613s][info][gc] GC(2774) Pause Young (Allocation Failure) 14M->10M(15M) 0.185ms
[20.614s][info][gc] GC(2775) Pause Young (Allocation Failure) 14M->9M(15M) 0.163ms
[20.615s][info][gc] GC(2776) Pause Young (Allocation Failure) 14M->9M(15M) 0.172ms
[20.615s][info][gc] GC(2777) Pause Young (Allocation Failure) 14M->9M(15M) 0.159ms
[20.616s][info][gc] GC(2778) Pause Young (Allocation Failure) 14M->9M(15M) 0.163ms
[20.617s][info][gc] GC(2779) Pause Young (Allocation Failure) 14M->9M(15M) 0.157ms
[20.618s][info][gc] GC(2780) Pause Young (Allocation Failure) 14M->9M(15M) 0.156ms
[20.619s][info][gc] GC(2781) Pause Young (Allocation Failure) 14M->9M(15M) 0.170ms
[20.620s][info][gc] GC(2782) Pause Young (Allocation Failure) 13M->10M(15M) 0.175ms
[20.620s][info][gc] GC(2783) Pause Young (Allocation Failure) 14M->10M(15M) 0.185ms
[20.621s][info][gc] GC(2784) Pause Young (Allocation Failure) 14M->9M(15M) 0.167ms
[20.622s][info][gc] GC(2785) Pause Young (Allocation Failure) 14M->9M(15M) 0.168ms
[20.623s][info][gc] GC(2786) Pause Young (Allocation Failure) 14M->10M(15M) 0.189ms
[20.624s][info][gc] GC(2787) Pause Young (Allocation Failure) 14M->10M(15M) 0.158ms
[20.625s][info][gc] GC(2788) Pause Young (Allocation Failure) 14M->10M(15M) 0.202ms
[20.626s][info][gc] GC(2789) Pause Young (Allocation Failure) 14M->9M(15M) 0.161ms
[20.627s][info][gc] GC(2790) Pause Young (Allocation Failure) 14M->9M(15M) 0.174ms
[20.627s][info][gc] GC(2791) Pause Young (Allocation Failure) 14M->10M(15M) 0.192ms
[20.628s][info][gc] GC(2792) Pause Young (Allocation Failure) 15M->10M(15M) 0.172ms
[20.629s][info][gc] GC(2793) Pause Young (Allocation Failure) 14M->10M(15M) 0.169ms
[20.630s][info][gc] GC(2794) Pause Young (Allocation Failure) 14M->10M(15M) 0.172ms
[20.631s][info][gc] GC(2795) Pause Young (Allocation Failure) 14M->10M(15M) 0.174ms
[20.632s][info][gc] GC(2796) Pause Young (Allocation Failure) 14M->15M(15M) 0.293ms
[20.635s][info][gc] GC(2797) Pause Full (Allocation Failure) 15M->4M(15M) 3.788ms
[20.636s][info][gc] GC(2798) Pause Young (Allocation Failure) 8M->5M(15M) 0.231ms
[20.637s][info][gc] GC(2799) Pause Young (Allocation Failure) 9M->4M(15M) 0.171ms
[20.638s][info][gc] GC(2800) Pause Young (Allocation Failure) 9M->4M(15M) 0.158ms
[20.639s][info][gc] GC(2801) Pause Young (Allocation Failure) 9M->5M(15M) 0.180ms
[20.640s][info][gc] GC(2802) Pause Young (Allocation Failure) 9M->5M(15M) 0.176ms
[20.641s][info][gc] GC(2803) Pause Young (Allocation Failure) 9M->4M(15M) 0.173ms
[20.641s][info][gc] GC(2804) Pause Young (Allocation Failure) 9M->5M(15M) 0.186ms
[20.642s][info][gc] GC(2805) Pause Young (Allocation Failure) 9M->5M(15M) 0.182ms
[20.643s][info][gc] GC(2806) Pause Young (Allocation Failure) 9M->5M(15M) 0.198ms
[20.644s][info][gc] GC(2807) Pause Young (Allocation Failure) 9M->5M(15M) 0.187ms
[20.645s][info][gc] GC(2808) Pause Young (Allocation Failure) 9M->5M(15M) 0.210ms
[20.646s][info][gc] GC(2809) Pause Young (Allocation Failure) 10M->5M(15M) 0.178ms
[20.646s][info][gc] GC(2810) Pause Young (Allocation Failure) 9M->5M(15M) 0.177ms
[20.647s][info][gc] GC(2811) Pause Young (Allocation Failure) 9M->5M(15M) 0.166ms
[20.648s][info][gc] GC(2812) Pause Young (Allocation Failure) 10M->5M(15M) 0.186ms
[20.649s][info][gc] GC(2813) Pause Young (Allocation Failure) 10M->6M(15M) 0.179ms
[20.650s][info][gc] GC(2814) Pause Young (Allocation Failure) 10M->6M(15M) 0.200ms
[20.651s][info][gc] GC(2815) Pause Young (Allocation Failure) 10M->6M(15M) 0.161ms
[20.651s][info][gc] GC(2816) Pause Young (Allocation Failure) 10M->6M(15M) 0.174ms
[20.652s][info][gc] GC(2817) Pause Young (Allocation Failure) 10M->6M(15M) 0.162ms
[20.653s][info][gc] GC(2818) Pause Young (Allocation Failure) 10M->6M(15M) 0.138ms
[20.654s][info][gc] GC(2819) Pause Young (Allocation Failure) 10M->6M(15M) 0.184ms
[20.655s][info][gc] GC(2820) Pause Young (Allocation Failure) 10M->6M(15M) 0.208ms
[20.655s][info][gc] GC(2821) Pause Young (Allocation Failure) 11M->6M(15M) 0.174ms
[20.656s][info][gc] GC(2822) Pause Young (Allocation Failure) 11M->7M(15M) 0.182ms
[20.657s][info][gc] GC(2823) Pause Young (Allocation Failure) 11M->6M(15M) 0.174ms
[20.658s][info][gc] GC(2824) Pause Young (Allocation Failure) 11M->6M(15M) 0.149ms
[20.659s][info][gc] GC(2825) Pause Young (Allocation Failure) 11M->6M(15M) 0.163ms
[20.660s][info][gc] GC(2826) Pause Young (Allocation Failure) 11M->7M(15M) 0.187ms
[20.661s][info][gc] GC(2827) Pause Young (Allocation Failure) 11M->7M(15M) 0.164ms
[20.661s][info][gc] GC(2828) Pause Young (Allocation Failure) 11M->7M(15M) 0.189ms
[20.662s][info][gc] GC(2829) Pause Young (Allocation Failure) 12M->7M(15M) 0.164ms
[20.663s][info][gc] GC(2830) Pause Young (Allocation Failure) 12M->7M(15M) 0.148ms
[20.664s][info][gc] GC(2831) Pause Young (Allocation Failure) 11M->7M(15M) 0.159ms
[20.665s][info][gc] GC(2832) Pause Young (Allocation Failure) 12M->7M(15M) 0.153ms
[20.665s][info][gc] GC(2833) Pause Young (Allocation Failure) 12M->7M(15M) 0.125ms
[20.666s][info][gc] GC(2834) Pause Young (Allocation Failure) 12M->8M(15M) 0.198ms
[20.667s][info][gc] GC(2835) Pause Young (Allocation Failure) 12M->8M(15M) 0.184ms
[20.668s][info][gc] GC(2836) Pause Young (Allocation Failure) 12M->8M(15M) 0.165ms
[20.668s][info][gc] GC(2837) Pause Young (Allocation Failure) 12M->8M(15M) 0.218ms
[20.669s][info][gc] GC(2838) Pause Young (Allocation Failure) 13M->8M(15M) 0.161ms
[20.670s][info][gc] GC(2839) Pause Young (Allocation Failure) 12M->9M(15M) 0.182ms
[20.671s][info][gc] GC(2840) Pause Young (Allocation Failure) 13M->9M(15M) 0.212ms
[20.672s][info][gc] GC(2841) Pause Young (Allocation Failure) 13M->9M(15M) 0.161ms
[20.672s][info][gc] GC(2842) Pause Young (Allocation Failure) 13M->9M(15M) 0.146ms
[20.673s][info][gc] GC(2843) Pause Young (Allocation Failure) 13M->9M(15M) 0.167ms
[20.674s][info][gc] GC(2844) Pause Young (Allocation Failure) 13M->9M(15M) 0.163ms
[20.675s][info][gc] GC(2845) Pause Young (Allocation Failure) 13M->9M(15M) 0.163ms
[20.675s][info][gc] GC(2846) Pause Young (Allocation Failure) 13M->9M(15M) 0.165ms
[20.676s][info][gc] GC(2847) Pause Young (Allocation Failure) 13M->9M(15M) 0.164ms
[20.677s][info][gc] GC(2848) Pause Young (Allocation Failure) 13M->9M(15M) 0.173ms
[20.678s][info][gc] GC(2849) Pause Young (Allocation Failure) 14M->9M(15M) 0.148ms
[20.678s][info][gc] GC(2850) Pause Young (Allocation Failure) 13M->10M(15M) 0.213ms
[20.679s][info][gc] GC(2851) Pause Young (Allocation Failure) 14M->9M(15M) 0.162ms
[20.680s][info][gc] GC(2852) Pause Young (Allocation Failure) 14M->10M(15M) 0.183ms
[20.681s][info][gc] GC(2853) Pause Young (Allocation Failure) 14M->10M(15M) 0.179ms
[20.682s][info][gc] GC(2854) Pause Young (Allocation Failure) 14M->10M(15M) 0.168ms
[20.683s][info][gc] GC(2855) Pause Young (Allocation Failure) 14M->10M(15M) 0.173ms
[20.683s][info][gc] GC(2856) Pause Young (Allocation Failure) 14M->10M(15M) 0.175ms
[20.684s][info][gc] GC(2857) Pause Young (Allocation Failure) 14M->10M(15M) 0.190ms
[20.685s][info][gc] GC(2858) Pause Young (Allocation Failure) 14M->10M(15M) 0.135ms
[20.686s][info][gc] GC(2859) Pause Young (Allocation Failure) 15M->15M(15M) 0.028ms
[20.689s][info][gc] GC(2860) Pause Full (Allocation Failure) 15M->3M(15M) 3.568ms
[20.691s][info][gc] GC(2861) Pause Young (Allocation Failure) 8M->4M(15M) 0.183ms
[20.691s][info][gc] GC(2862) Pause Young (Allocation Failure) 8M->4M(15M) 0.224ms
[20.692s][info][gc] GC(2863) Pause Young (Allocation Failure) 9M->4M(15M) 0.185ms
[20.693s][info][gc] GC(2864) Pause Young (Allocation Failure) 9M->4M(15M) 0.171ms
[20.694s][info][gc] GC(2865) Pause Young (Allocation Failure) 9M->4M(15M) 0.169ms
[20.695s][info][gc] GC(2866) Pause Young (Allocation Failure) 8M->4M(15M) 0.163ms
[20.696s][info][gc] GC(2867) Pause Young (Allocation Failure) 8M->4M(15M) 0.168ms
[20.697s][info][gc] GC(2868) Pause Young (Allocation Failure) 8M->4M(15M) 0.175ms
[20.697s][info][gc] GC(2869) Pause Young (Allocation Failure) 9M->4M(15M) 0.181ms
[20.698s][info][gc] GC(2870) Pause Young (Allocation Failure) 9M->5M(15M) 0.182ms
[20.699s][info][gc] GC(2871) Pause Young (Allocation Failure) 9M->5M(15M) 0.178ms
[20.700s][info][gc] GC(2872) Pause Young (Allocation Failure) 9M->4M(15M) 0.158ms
[20.701s][info][gc] GC(2873) Pause Young (Allocation Failure) 9M->5M(15M) 0.188ms
[20.701s][info][gc] GC(2874) Pause Young (Allocation Failure) 9M->5M(15M) 0.178ms
[20.702s][info][gc] GC(2875) Pause Young (Allocation Failure) 9M->5M(15M) 0.170ms
[20.703s][info][gc] GC(2876) Pause Young (Allocation Failure) 9M->5M(15M) 0.188ms
[20.704s][info][gc] GC(2877) Pause Young (Allocation Failure) 9M->5M(15M) 0.159ms
[20.705s][info][gc] GC(2878) Pause Young (Allocation Failure) 9M->5M(15M) 0.163ms
[20.706s][info][gc] GC(2879) Pause Young (Allocation Failure) 9M->5M(15M) 0.197ms
[20.706s][info][gc] GC(2880) Pause Young (Allocation Failure) 10M->5M(15M) 0.177ms
[20.707s][info][gc] GC(2881) Pause Young (Allocation Failure) 10M->5M(15M) 0.193ms
[20.708s][info][gc] GC(2882) Pause Young (Allocation Failure) 10M->5M(15M) 0.159ms
[20.709s][info][gc] GC(2883) Pause Young (Allocation Failure) 9M->5M(15M) 0.163ms
[20.710s][info][gc] GC(2884) Pause Young (Allocation Failure) 9M->6M(15M) 0.187ms
[20.711s][info][gc] GC(2885) Pause Young (Allocation Failure) 10M->6M(15M) 0.179ms
[20.711s][info][gc] GC(2886) Pause Young (Allocation Failure) 10M->6M(15M) 0.186ms
[20.712s][info][gc] GC(2887) Pause Young (Allocation Failure) 10M->6M(15M) 0.174ms
[20.713s][info][gc] GC(2888) Pause Young (Allocation Failure) 10M->6M(15M) 0.182ms
[20.714s][info][gc] GC(2889) Pause Young (Allocation Failure) 10M->6M(15M) 0.153ms
[20.714s][info][gc] GC(2890) Pause Young (Allocation Failure) 10M->6M(15M) 0.178ms
[20.715s][info][gc] GC(2891) Pause Young (Allocation Failure) 10M->6M(15M) 0.176ms
[20.716s][info][gc] GC(2892) Pause Young (Allocation Failure) 10M->6M(15M) 0.172ms
[20.717s][info][gc] GC(2893) Pause Young (Allocation Failure) 10M->6M(15M) 0.199ms
[20.718s][info][gc] GC(2894) Pause Young (Allocation Failure) 11M->6M(15M) 0.168ms
[20.719s][info][gc] GC(2895) Pause Young (Allocation Failure) 10M->6M(15M) 0.163ms
[20.719s][info][gc] GC(2896) Pause Young (Allocation Failure) 10M->6M(15M) 0.165ms
[20.720s][info][gc] GC(2897) Pause Young (Allocation Failure) 10M->6M(15M) 0.182ms
[20.721s][info][gc] GC(2898) Pause Young (Allocation Failure) 11M->7M(15M) 0.219ms
[20.722s][info][gc] GC(2899) Pause Young (Allocation Failure) 11M->7M(15M) 0.175ms
[20.723s][info][gc] GC(2900) Pause Young (Allocation Failure) 11M->7M(15M) 0.198ms
[20.723s][info][gc] GC(2901) Pause Young (Allocation Failure) 11M->7M(15M) 0.198ms
[20.724s][info][gc] GC(2902) Pause Young (Allocation Failure) 12M->7M(15M) 0.178ms
[20.725s][info][gc] GC(2903) Pause Young (Allocation Failure) 12M->7M(15M) 0.171ms
[20.726s][info][gc] GC(2904) Pause Young (Allocation Failure) 11M->7M(15M) 0.189ms
[20.727s][info][gc] GC(2905) Pause Young (Allocation Failure) 12M->7M(15M) 0.167ms
[20.728s][info][gc] GC(2906) Pause Young (Allocation Failure) 11M->7M(15M) 0.162ms
[20.728s][info][gc] GC(2907) Pause Young (Allocation Failure) 11M->7M(15M) 0.183ms
[20.729s][info][gc] GC(2908) Pause Young (Allocation Failure) 12M->7M(15M) 0.176ms
[20.730s][info][gc] GC(2909) Pause Young (Allocation Failure) 12M->7M(15M) 0.178ms
[20.731s][info][gc] GC(2910) Pause Young (Allocation Failure) 12M->8M(15M) 0.141ms
[20.732s][info][gc] GC(2911) Pause Young (Allocation Failure) 12M->8M(15M) 0.178ms
[20.733s][info][gc] GC(2912) Pause Young (Allocation Failure) 12M->8M(15M) 0.191ms
[20.733s][info][gc] GC(2913) Pause Young (Allocation Failure) 12M->8M(15M) 0.182ms
[20.734s][info][gc] GC(2914) Pause Young (Allocation Failure) 12M->8M(15M) 0.185ms
[20.735s][info][gc] GC(2915) Pause Young (Allocation Failure) 12M->8M(15M) 0.126ms
[20.736s][info][gc] GC(2916) Pause Young (Allocation Failure) 12M->8M(15M) 0.172ms
[20.737s][info][gc] GC(2917) Pause Young (Allocation Failure) 12M->8M(15M) 0.173ms
[20.738s][info][gc] GC(2918) Pause Young (Allocation Failure) 12M->8M(15M) 0.212ms
[20.738s][info][gc] GC(2919) Pause Young (Allocation Failure) 13M->9M(15M) 0.195ms
[20.739s][info][gc] GC(2920) Pause Young (Allocation Failure) 13M->8M(15M) 0.167ms
[20.740s][info][gc] GC(2921) Pause Young (Allocation Failure) 13M->8M(15M) 0.177ms
[20.741s][info][gc] GC(2922) Pause Young (Allocation Failure) 13M->9M(15M) 0.220ms
[20.742s][info][gc] GC(2923) Pause Young (Allocation Failure) 13M->9M(15M) 0.179ms
[20.743s][info][gc] GC(2924) Pause Young (Allocation Failure) 13M->9M(15M) 0.212ms
[20.744s][info][gc] GC(2925) Pause Young (Allocation Failure) 14M->9M(15M) 0.162ms
[20.744s][info][gc] GC(2926) Pause Young (Allocation Failure) 13M->9M(15M) 0.188ms
[20.745s][info][gc] GC(2927) Pause Young (Allocation Failure) 14M->10M(15M) 0.202ms
[20.746s][info][gc] GC(2928) Pause Young (Allocation Failure) 14M->9M(15M) 0.170ms
[20.747s][info][gc] GC(2929) Pause Young (Allocation Failure) 14M->10M(15M) 0.183ms
[20.748s][info][gc] GC(2930) Pause Young (Allocation Failure) 14M->10M(15M) 0.233ms
[20.748s][info][gc] GC(2931) Pause Young (Allocation Failure) 15M->15M(15M) 0.025ms
[20.753s][info][gc] GC(2932) Pause Full (Allocation Failure) 15M->3M(15M) 4.279ms
[20.754s][info][gc] GC(2933) Pause Young (Allocation Failure) 7M->3M(15M) 0.190ms
[20.754s][info][gc] GC(2934) Pause Young (Allocation Failure) 7M->3M(15M) 0.209ms
[20.755s][info][gc] GC(2935) Pause Young (Allocation Failure) 8M->3M(15M) 0.171ms
[20.756s][info][gc] GC(2936) Pause Young (Allocation Failure) 8M->3M(15M) 0.182ms
[20.757s][info][gc] GC(2937) Pause Young (Allocation Failure) 8M->4M(15M) 0.218ms
[20.758s][info][gc] GC(2938) Pause Young (Allocation Failure) 8M->4M(15M) 0.189ms
[20.758s][info][gc] GC(2939) Pause Young (Allocation Failure) 8M->4M(15M) 0.184ms
[20.759s][info][gc] GC(2940) Pause Young (Allocation Failure) 8M->5M(15M) 0.231ms
[20.760s][info][gc] GC(2941) Pause Young (Allocation Failure) 9M->5M(15M) 0.172ms
[20.761s][info][gc] GC(2942) Pause Young (Allocation Failure) 9M->4M(15M) 0.166ms
[20.762s][info][gc] GC(2943) Pause Young (Allocation Failure) 9M->5M(15M) 0.197ms
[20.762s][info][gc] GC(2944) Pause Young (Allocation Failure) 9M->5M(15M) 0.173ms
[20.763s][info][gc] GC(2945) Pause Young (Allocation Failure) 9M->5M(15M) 0.167ms
[20.764s][info][gc] GC(2946) Pause Young (Allocation Failure) 9M->5M(15M) 0.178ms
[20.765s][info][gc] GC(2947) Pause Young (Allocation Failure) 9M->5M(15M) 0.178ms
[20.765s][info][gc] GC(2948) Pause Young (Allocation Failure) 9M->5M(15M) 0.177ms
[20.766s][info][gc] GC(2949) Pause Young (Allocation Failure) 10M->5M(15M) 0.182ms
[20.767s][info][gc] GC(2950) Pause Young (Allocation Failure) 10M->5M(15M) 0.160ms
[20.768s][info][gc] GC(2951) Pause Young (Allocation Failure) 9M->5M(15M) 0.173ms
[20.769s][info][gc] GC(2952) Pause Young (Allocation Failure) 10M->5M(15M) 0.181ms
[20.769s][info][gc] GC(2953) Pause Young (Allocation Failure) 10M->6M(15M) 0.189ms
[20.770s][info][gc] GC(2954) Pause Young (Allocation Failure) 10M->5M(15M) 0.172ms
[20.771s][info][gc] GC(2955) Pause Young (Allocation Failure) 10M->5M(15M) 0.176ms
[20.772s][info][gc] GC(2956) Pause Young (Allocation Failure) 10M->5M(15M) 0.167ms
[20.773s][info][gc] GC(2957) Pause Young (Allocation Failure) 10M->5M(15M) 0.167ms
[20.774s][info][gc] GC(2958) Pause Young (Allocation Failure) 10M->5M(15M) 0.163ms
[20.774s][info][gc] GC(2959) Pause Young (Allocation Failure) 9M->6M(15M) 0.197ms
[20.775s][info][gc] GC(2960) Pause Young (Allocation Failure) 10M->6M(15M) 0.179ms
[20.776s][info][gc] GC(2961) Pause Young (Allocation Failure) 10M->6M(15M) 0.193ms
[20.777s][info][gc] GC(2962) Pause Young (Allocation Failure) 10M->6M(15M) 0.171ms
[20.778s][info][gc] GC(2963) Pause Young (Allocation Failure) 10M->6M(15M) 0.179ms
[20.778s][info][gc] GC(2964) Pause Young (Allocation Failure) 10M->6M(15M) 0.179ms
[20.779s][info][gc] GC(2965) Pause Young (Allocation Failure) 10M->6M(15M) 0.179ms
[20.780s][info][gc] GC(2966) Pause Young (Allocation Failure) 10M->5M(15M) 0.164ms
[20.781s][info][gc] GC(2967) Pause Young (Allocation Failure) 10M->6M(15M) 0.205ms
[20.782s][info][gc] GC(2968) Pause Young (Allocation Failure) 10M->6M(15M) 0.174ms
[20.782s][info][gc] GC(2969) Pause Young (Allocation Failure) 10M->6M(15M) 0.167ms
[20.783s][info][gc] GC(2970) Pause Young (Allocation Failure) 10M->6M(15M) 0.165ms
[20.784s][info][gc] GC(2971) Pause Young (Allocation Failure) 10M->6M(15M) 0.160ms
[20.785s][info][gc] GC(2972) Pause Young (Allocation Failure) 10M->6M(15M) 0.182ms
[20.785s][info][gc] GC(2973) Pause Young (Allocation Failure) 10M->6M(15M) 0.177ms
[20.786s][info][gc] GC(2974) Pause Young (Allocation Failure) 10M->6M(15M) 0.169ms
[20.787s][info][gc] GC(2975) Pause Young (Allocation Failure) 10M->6M(15M) 0.188ms
[20.788s][info][gc] GC(2976) Pause Young (Allocation Failure) 11M->6M(15M) 0.175ms
[20.789s][info][gc] GC(2977) Pause Young (Allocation Failure) 10M->6M(15M) 0.168ms
[20.789s][info][gc] GC(2978) Pause Young (Allocation Failure) 10M->6M(15M) 0.181ms
[20.790s][info][gc] GC(2979) Pause Young (Allocation Failure) 10M->6M(15M) 0.189ms
[20.791s][info][gc] GC(2980) Pause Young (Allocation Failure) 11M->6M(15M) 0.189ms
[20.792s][info][gc] GC(2981) Pause Young (Allocation Failure) 11M->7M(15M) 0.189ms
[20.793s][info][gc] GC(2982) Pause Young (Allocation Failure) 11M->6M(15M) 0.184ms
[20.793s][info][gc] GC(2983) Pause Young (Allocation Failure) 11M->6M(15M) 0.171ms
[20.794s][info][gc] GC(2984) Pause Young (Allocation Failure) 11M->6M(15M) 0.172ms
[20.795s][info][gc] GC(2985) Pause Young (Allocation Failure) 11M->6M(15M) 0.169ms
[20.796s][info][gc] GC(2986) Pause Young (Allocation Failure) 11M->7M(15M) 0.163ms
[20.797s][info][gc] GC(2987) Pause Young (Allocation Failure) 11M->7M(15M) 0.177ms
[20.798s][info][gc] GC(2988) Pause Young (Allocation Failure) 11M->7M(15M) 0.177ms
[20.799s][info][gc] GC(2989) Pause Young (Allocation Failure) 11M->6M(15M) 0.171ms
[20.799s][info][gc] GC(2990) Pause Young (Allocation Failure) 11M->7M(15M) 0.191ms
[20.800s][info][gc] GC(2991) Pause Young (Allocation Failure) 11M->7M(15M) 0.192ms
[20.801s][info][gc] GC(2992) Pause Young (Allocation Failure) 11M->7M(15M) 0.200ms
[20.802s][info][gc] GC(2993) Pause Young (Allocation Failure) 12M->7M(15M) 0.171ms
[20.803s][info][gc] GC(2994) Pause Young (Allocation Failure) 11M->7M(15M) 0.181ms
[20.804s][info][gc] GC(2995) Pause Young (Allocation Failure) 11M->7M(15M) 0.175ms
[20.804s][info][gc] GC(2996) Pause Young (Allocation Failure) 11M->7M(15M) 0.198ms
[20.805s][info][gc] GC(2997) Pause Young (Allocation Failure) 12M->7M(15M) 0.180ms
[20.806s][info][gc] GC(2998) Pause Young (Allocation Failure) 12M->7M(15M) 0.185ms
[20.807s][info][gc] GC(2999) Pause Young (Allocation Failure) 12M->7M(15M) 0.150ms
[20.808s][info][gc] GC(3000) Pause Young (Allocation Failure) 12M->7M(15M) 0.173ms
[20.808s][info][gc] GC(3001) Pause Young (Allocation Failure) 12M->8M(15M) 0.210ms
[20.809s][info][gc] GC(3002) Pause Young (Allocation Failure) 12M->8M(15M) 0.170ms
[20.810s][info][gc] GC(3003) Pause Young (Allocation Failure) 12M->8M(15M) 0.167ms
[20.811s][info][gc] GC(3004) Pause Young (Allocation Failure) 12M->8M(15M) 0.186ms
[20.812s][info][gc] GC(3005) Pause Young (Allocation Failure) 12M->8M(15M) 0.179ms
[20.812s][info][gc] GC(3006) Pause Young (Allocation Failure) 12M->8M(15M) 0.186ms
[20.813s][info][gc] GC(3007) Pause Young (Allocation Failure) 12M->8M(15M) 0.192ms
[20.814s][info][gc] GC(3008) Pause Young (Allocation Failure) 13M->9M(15M) 0.202ms
[20.815s][info][gc] GC(3009) Pause Young (Allocation Failure) 13M->9M(15M) 0.187ms
[20.816s][info][gc] GC(3010) Pause Young (Allocation Failure) 13M->8M(15M) 0.173ms
[20.816s][info][gc] GC(3011) Pause Young (Allocation Failure) 13M->9M(15M) 0.206ms
[20.817s][info][gc] GC(3012) Pause Young (Allocation Failure) 13M->9M(15M) 0.169ms
[20.818s][info][gc] GC(3013) Pause Young (Allocation Failure) 13M->9M(15M) 0.176ms
[20.819s][info][gc] GC(3014) Pause Young (Allocation Failure) 13M->9M(15M) 0.179ms
[20.820s][info][gc] GC(3015) Pause Young (Allocation Failure) 13M->9M(15M) 0.182ms
[20.821s][info][gc] GC(3016) Pause Young (Allocation Failure) 13M->9M(15M) 0.166ms
[20.821s][info][gc] GC(3017) Pause Young (Allocation Failure) 13M->9M(15M) 0.176ms
[20.822s][info][gc] GC(3018) Pause Young (Allocation Failure) 14M->9M(15M) 0.193ms
[20.823s][info][gc] GC(3019) Pause Young (Allocation Failure) 14M->9M(15M) 0.172ms
[20.824s][info][gc] GC(3020) Pause Young (Allocation Failure) 13M->9M(15M) 0.164ms
[20.825s][info][gc] GC(3021) Pause Young (Allocation Failure) 13M->9M(15M) 0.183ms
[20.826s][info][gc] GC(3022) Pause Young (Allocation Failure) 14M->9M(15M) 0.175ms
[20.826s][info][gc] GC(3023) Pause Young (Allocation Failure) 14M->9M(15M) 0.170ms
[20.827s][info][gc] GC(3024) Pause Young (Allocation Failure) 13M->9M(15M) 0.167ms
[20.828s][info][gc] GC(3025) Pause Young (Allocation Failure) 13M->9M(15M) 0.180ms
[20.829s][info][gc] GC(3026) Pause Young (Allocation Failure) 14M->9M(15M) 0.167ms
[20.829s][info][gc] GC(3027) Pause Young (Allocation Failure) 13M->9M(15M) 0.167ms
[20.830s][info][gc] GC(3028) Pause Young (Allocation Failure) 13M->9M(15M) 0.189ms
[20.831s][info][gc] GC(3029) Pause Young (Allocation Failure) 14M->9M(15M) 0.168ms
[20.832s][info][gc] GC(3030) Pause Young (Allocation Failure) 14M->10M(15M) 0.140ms
[20.833s][info][gc] GC(3031) Pause Young (Allocation Failure) 14M->10M(15M) 0.209ms
[20.833s][info][gc] GC(3032) Pause Young (Allocation Failure) 14M->10M(15M) 0.166ms
[20.834s][info][gc] GC(3033) Pause Young (Allocation Failure) 14M->10M(15M) 0.200ms
[20.835s][info][gc] GC(3034) Pause Young (Allocation Failure) 14M->10M(15M) 0.167ms
[20.836s][info][gc] GC(3035) Pause Young (Allocation Failure) 14M->10M(15M) 0.176ms
[20.836s][info][gc] GC(3036) Pause Young (Allocation Failure) 14M->10M(15M) 0.183ms
[20.837s][info][gc] GC(3037) Pause Young (Allocation Failure) 14M->11M(15M) 0.209ms
[20.838s][info][gc] GC(3038) Pause Young (Allocation Failure) 15M->15M(15M) 0.025ms
[20.842s][info][gc] GC(3039) Pause Full (Allocation Failure) 15M->3M(15M) 3.829ms
[20.843s][info][gc] GC(3040) Pause Young (Allocation Failure) 7M->3M(15M) 0.179ms
[20.843s][info][gc] GC(3041) Pause Young (Allocation Failure) 7M->4M(15M) 0.224ms
[20.844s][info][gc] GC(3042) Pause Young (Allocation Failure) 8M->4M(15M) 0.170ms
[20.845s][info][gc] GC(3043) Pause Young (Allocation Failure) 8M->4M(15M) 0.169ms
[20.846s][info][gc] GC(3044) Pause Young (Allocation Failure) 8M->4M(15M) 0.205ms
[20.847s][info][gc] GC(3045) Pause Young (Allocation Failure) 8M->4M(15M) 0.189ms
[20.847s][info][gc] GC(3046) Pause Young (Allocation Failure) 8M->4M(15M) 0.206ms
[20.848s][info][gc] GC(3047) Pause Young (Allocation Failure) 9M->4M(15M) 0.177ms
[20.849s][info][gc] GC(3048) Pause Young (Allocation Failure) 8M->4M(15M) 0.185ms
[20.850s][info][gc] GC(3049) Pause Young (Allocation Failure) 9M->4M(15M) 0.155ms
[20.851s][info][gc] GC(3050) Pause Young (Allocation Failure) 9M->4M(15M) 0.170ms
[20.852s][info][gc] GC(3051) Pause Young (Allocation Failure) 8M->4M(15M) 0.168ms
[20.852s][info][gc] GC(3052) Pause Young (Allocation Failure) 8M->4M(15M) 0.168ms
[20.853s][info][gc] GC(3053) Pause Young (Allocation Failure) 8M->4M(15M) 0.175ms
[20.854s][info][gc] GC(3054) Pause Young (Allocation Failure) 8M->4M(15M) 0.177ms
[20.855s][info][gc] GC(3055) Pause Young (Allocation Failure) 8M->4M(15M) 0.185ms
[20.856s][info][gc] GC(3056) Pause Young (Allocation Failure) 9M->5M(15M) 0.192ms
[20.857s][info][gc] GC(3057) Pause Young (Allocation Failure) 9M->5M(15M) 0.206ms
[20.857s][info][gc] GC(3058) Pause Young (Allocation Failure) 9M->5M(15M) 0.169ms
[20.858s][info][gc] GC(3059) Pause Young (Allocation Failure) 9M->5M(15M) 0.166ms
[20.859s][info][gc] GC(3060) Pause Young (Allocation Failure) 9M->5M(15M) 0.166ms
[20.860s][info][gc] GC(3061) Pause Young (Allocation Failure) 9M->5M(15M) 0.192ms
[20.861s][info][gc] GC(3062) Pause Young (Allocation Failure) 9M->5M(15M) 0.181ms
[20.861s][info][gc] GC(3063) Pause Young (Allocation Failure) 9M->5M(15M) 0.173ms
[20.862s][info][gc] GC(3064) Pause Young (Allocation Failure) 9M->5M(15M) 0.165ms
[20.863s][info][gc] GC(3065) Pause Young (Allocation Failure) 9M->5M(15M) 0.186ms
[20.864s][info][gc] GC(3066) Pause Young (Allocation Failure) 9M->5M(15M) 0.201ms
[20.865s][info][gc] GC(3067) Pause Young (Allocation Failure) 10M->5M(15M) 0.163ms
[20.865s][info][gc] GC(3068) Pause Young (Allocation Failure) 9M->5M(15M) 0.168ms
[20.866s][info][gc] GC(3069) Pause Young (Allocation Failure) 9M->6M(15M) 0.203ms
[20.867s][info][gc] GC(3070) Pause Young (Allocation Failure) 10M->6M(15M) 0.188ms
[20.868s][info][gc] GC(3071) Pause Young (Allocation Failure) 10M->6M(15M) 0.178ms
[20.868s][info][gc] GC(3072) Pause Young (Allocation Failure) 10M->6M(15M) 0.209ms
[20.869s][info][gc] GC(3073) Pause Young (Allocation Failure) 11M->6M(15M) 0.179ms
[20.870s][info][gc] GC(3074) Pause Young (Allocation Failure) 11M->6M(15M) 0.194ms
[20.871s][info][gc] GC(3075) Pause Young (Allocation Failure) 11M->6M(15M) 0.185ms
[20.872s][info][gc] GC(3076) Pause Young (Allocation Failure) 11M->7M(15M) 0.210ms
[20.873s][info][gc] GC(3077) Pause Young (Allocation Failure) 11M->6M(15M) 0.169ms
[20.873s][info][gc] GC(3078) Pause Young (Allocation Failure) 11M->7M(15M) 0.178ms
[20.874s][info][gc] GC(3079) Pause Young (Allocation Failure) 11M->7M(15M) 0.187ms
[20.875s][info][gc] GC(3080) Pause Young (Allocation Failure) 11M->7M(15M) 0.180ms
[20.876s][info][gc] GC(3081) Pause Young (Allocation Failure) 11M->7M(15M) 0.132ms
[20.877s][info][gc] GC(3082) Pause Young (Allocation Failure) 11M->7M(15M) 0.178ms
[20.877s][info][gc] GC(3083) Pause Young (Allocation Failure) 11M->7M(15M) 0.180ms
[20.878s][info][gc] GC(3084) Pause Young (Allocation Failure) 11M->7M(15M) 0.170ms
[20.879s][info][gc] GC(3085) Pause Young (Allocation Failure) 11M->7M(15M) 0.180ms
[20.880s][info][gc] GC(3086) Pause Young (Allocation Failure) 11M->7M(15M) 0.195ms
[20.881s][info][gc] GC(3087) Pause Young (Allocation Failure) 11M->7M(15M) 0.168ms
[20.881s][info][gc] GC(3088) Pause Young (Allocation Failure) 11M->7M(15M) 0.161ms
[20.882s][info][gc] GC(3089) Pause Young (Allocation Failure) 11M->7M(15M) 0.172ms
[20.883s][info][gc] GC(3090) Pause Young (Allocation Failure) 11M->7M(15M) 0.176ms
[20.884s][info][gc] GC(3091) Pause Young (Allocation Failure) 11M->7M(15M) 0.165ms
[20.884s][info][gc] GC(3092) Pause Young (Allocation Failure) 11M->7M(15M) 0.185ms
[20.885s][info][gc] GC(3093) Pause Young (Allocation Failure) 12M->7M(15M) 0.196ms
[20.886s][info][gc] GC(3094) Pause Young (Allocation Failure) 12M->7M(15M) 0.161ms
[20.887s][info][gc] GC(3095) Pause Young (Allocation Failure) 11M->7M(15M) 0.179ms
[20.888s][info][gc] GC(3096) Pause Young (Allocation Failure) 12M->7M(15M) 0.175ms
[20.888s][info][gc] GC(3097) Pause Young (Allocation Failure) 12M->7M(15M) 0.170ms
[20.889s][info][gc] GC(3098) Pause Young (Allocation Failure) 12M->8M(15M) 0.197ms
[20.890s][info][gc] GC(3099) Pause Young (Allocation Failure) 12M->7M(15M) 0.173ms
[20.891s][info][gc] GC(3100) Pause Young (Allocation Failure) 12M->8M(15M) 0.130ms
[20.892s][info][gc] GC(3101) Pause Young (Allocation Failure) 12M->7M(15M) 0.169ms
[20.892s][info][gc] GC(3102) Pause Young (Allocation Failure) 12M->8M(15M) 0.214ms
[20.893s][info][gc] GC(3103) Pause Young (Allocation Failure) 13M->9M(15M) 0.206ms
[20.894s][info][gc] GC(3104) Pause Young (Allocation Failure) 13M->9M(15M) 0.184ms
[20.895s][info][gc] GC(3105) Pause Young (Allocation Failure) 13M->9M(15M) 0.185ms
[20.896s][info][gc] GC(3106) Pause Young (Allocation Failure) 13M->8M(15M) 0.166ms
[20.896s][info][gc] GC(3107) Pause Young (Allocation Failure) 13M->8M(15M) 0.171ms
[20.897s][info][gc] GC(3108) Pause Young (Allocation Failure) 13M->9M(15M) 0.183ms
[20.898s][info][gc] GC(3109) Pause Young (Allocation Failure) 13M->8M(15M) 0.172ms
[20.899s][info][gc] GC(3110) Pause Young (Allocation Failure) 13M->9M(15M) 0.193ms
[20.899s][info][gc] GC(3111) Pause Young (Allocation Failure) 13M->9M(15M) 0.172ms
[20.900s][info][gc] GC(3112) Pause Young (Allocation Failure) 13M->9M(15M) 0.189ms
[20.901s][info][gc] GC(3113) Pause Young (Allocation Failure) 14M->9M(15M) 0.173ms
[20.902s][info][gc] GC(3114) Pause Young (Allocation Failure) 13M->9M(15M) 0.185ms
[20.902s][info][gc] GC(3115) Pause Young (Allocation Failure) 14M->9M(15M) 0.168ms
[20.903s][info][gc] GC(3116) Pause Young (Allocation Failure) 13M->9M(15M) 0.180ms
[20.904s][info][gc] GC(3117) Pause Young (Allocation Failure) 14M->9M(15M) 0.191ms
[20.905s][info][gc] GC(3118) Pause Young (Allocation Failure) 14M->9M(15M) 0.168ms
[20.906s][info][gc] GC(3119) Pause Young (Allocation Failure) 13M->10M(15M) 0.199ms
[20.906s][info][gc] GC(3120) Pause Young (Allocation Failure) 14M->10M(15M) 0.171ms
[20.907s][info][gc] GC(3121) Pause Young (Allocation Failure) 14M->10M(15M) 0.189ms
[20.908s][info][gc] GC(3122) Pause Young (Allocation Failure) 14M->10M(15M) 0.170ms
[20.909s][info][gc] GC(3123) Pause Young (Allocation Failure) 14M->10M(15M) 0.179ms
[20.909s][info][gc] GC(3124) Pause Young (Allocation Failure) 14M->10M(15M) 0.170ms
[20.910s][info][gc] GC(3125) Pause Young (Allocation Failure) 14M->10M(15M) 0.194ms
[20.911s][info][gc] GC(3126) Pause Young (Allocation Failure) 14M->10M(15M) 0.314ms
[20.912s][info][gc] GC(3127) Pause Young (Allocation Failure) 15M->15M(15M) 0.026ms
[20.916s][info][gc] GC(3128) Pause Full (Allocation Failure) 15M->3M(15M) 4.297ms
[20.917s][info][gc] GC(3129) Pause Young (Allocation Failure) 8M->4M(15M) 0.244ms
[20.918s][info][gc] GC(3130) Pause Young (Allocation Failure) 8M->4M(15M) 0.212ms
[20.919s][info][gc] GC(3131) Pause Young (Allocation Failure) 8M->4M(15M) 0.195ms
[20.920s][info][gc] GC(3132) Pause Young (Allocation Failure) 8M->4M(15M) 0.234ms
[20.921s][info][gc] GC(3133) Pause Young (Allocation Failure) 8M->4M(15M) 0.197ms
[20.922s][info][gc] GC(3134) Pause Young (Allocation Failure) 8M->4M(15M) 0.205ms
[20.923s][info][gc] GC(3135) Pause Young (Allocation Failure) 8M->4M(15M) 0.152ms
[20.924s][info][gc] GC(3136) Pause Young (Allocation Failure) 8M->4M(15M) 0.184ms
[20.925s][info][gc] GC(3137) Pause Young (Allocation Failure) 8M->4M(15M) 0.177ms
[20.925s][info][gc] GC(3138) Pause Young (Allocation Failure) 8M->4M(15M) 0.182ms
[20.926s][info][gc] GC(3139) Pause Young (Allocation Failure) 8M->4M(15M) 0.191ms
[20.927s][info][gc] GC(3140) Pause Young (Allocation Failure) 8M->4M(15M) 0.211ms
[20.928s][info][gc] GC(3141) Pause Young (Allocation Failure) 9M->4M(15M) 0.178ms
[20.929s][info][gc] GC(3142) Pause Young (Allocation Failure) 8M->5M(15M) 0.214ms
[20.930s][info][gc] GC(3143) Pause Young (Allocation Failure) 9M->5M(15M) 0.201ms
[20.931s][info][gc] GC(3144) Pause Young (Allocation Failure) 9M->5M(15M) 0.174ms
[20.931s][info][gc] GC(3145) Pause Young (Allocation Failure) 9M->5M(15M) 0.176ms
[20.932s][info][gc] GC(3146) Pause Young (Allocation Failure) 9M->5M(15M) 0.175ms
[20.933s][info][gc] GC(3147) Pause Young (Allocation Failure) 9M->5M(15M) 0.168ms
[20.934s][info][gc] GC(3148) Pause Young (Allocation Failure) 9M->5M(15M) 0.205ms
[20.934s][info][gc] GC(3149) Pause Young (Allocation Failure) 10M->5M(15M) 0.181ms
[20.935s][info][gc] GC(3150) Pause Young (Allocation Failure) 10M->5M(15M) 0.164ms
[20.936s][info][gc] GC(3151) Pause Young (Allocation Failure) 9M->5M(15M) 0.181ms
[20.937s][info][gc] GC(3152) Pause Young (Allocation Failure) 10M->5M(15M) 0.176ms
[20.938s][info][gc] GC(3153) Pause Young (Allocation Failure) 9M->5M(15M) 0.185ms
[20.939s][info][gc] GC(3154) Pause Young (Allocation Failure) 10M->6M(15M) 0.195ms
[20.939s][info][gc] GC(3155) Pause Young (Allocation Failure) 10M->5M(15M) 0.176ms
[20.940s][info][gc] GC(3156) Pause Young (Allocation Failure) 10M->5M(15M) 0.174ms
[20.941s][info][gc] GC(3157) Pause Young (Allocation Failure) 10M->6M(15M) 0.204ms
[20.942s][info][gc] GC(3158) Pause Young (Allocation Failure) 10M->6M(15M) 0.176ms
[20.943s][info][gc] GC(3159) Pause Young (Allocation Failure) 10M->6M(15M) 0.209ms
[20.943s][info][gc] GC(3160) Pause Young (Allocation Failure) 11M->6M(15M) 0.195ms
[20.944s][info][gc] GC(3161) Pause Young (Allocation Failure) 11M->6M(15M) 0.188ms
[20.945s][info][gc] GC(3162) Pause Young (Allocation Failure) 11M->6M(15M) 0.175ms
[20.946s][info][gc] GC(3163) Pause Young (Allocation Failure) 11M->7M(15M) 0.195ms
[20.947s][info][gc] GC(3164) Pause Young (Allocation Failure) 11M->6M(15M) 0.169ms
[20.948s][info][gc] GC(3165) Pause Young (Allocation Failure) 11M->6M(15M) 0.165ms
[20.948s][info][gc] GC(3166) Pause Young (Allocation Failure) 10M->7M(15M) 0.218ms
[20.949s][info][gc] GC(3167) Pause Young (Allocation Failure) 11M->8M(15M) 0.209ms
[20.950s][info][gc] GC(3168) Pause Young (Allocation Failure) 12M->7M(15M) 0.171ms
[20.951s][info][gc] GC(3169) Pause Young (Allocation Failure) 11M->8M(15M) 0.190ms
[20.951s][info][gc] GC(3170) Pause Young (Allocation Failure) 12M->7M(15M) 0.173ms
[20.952s][info][gc] GC(3171) Pause Young (Allocation Failure) 12M->8M(15M) 0.178ms
[20.953s][info][gc] GC(3172) Pause Young (Allocation Failure) 12M->8M(15M) 0.188ms
[20.954s][info][gc] GC(3173) Pause Young (Allocation Failure) 12M->8M(15M) 0.202ms
[20.955s][info][gc] GC(3174) Pause Young (Allocation Failure) 12M->8M(15M) 0.189ms
[20.956s][info][gc] GC(3175) Pause Young (Allocation Failure) 12M->8M(15M) 0.195ms
[20.956s][info][gc] GC(3176) Pause Young (Allocation Failure) 12M->8M(15M) 0.163ms
[20.957s][info][gc] GC(3177) Pause Young (Allocation Failure) 12M->8M(15M) 0.177ms
[20.958s][info][gc] GC(3178) Pause Young (Allocation Failure) 12M->8M(15M) 0.213ms
[20.959s][info][gc] GC(3179) Pause Young (Allocation Failure) 13M->8M(15M) 0.171ms
[20.960s][info][gc] GC(3180) Pause Young (Allocation Failure) 12M->8M(15M) 0.174ms
[20.961s][info][gc] GC(3181) Pause Young (Allocation Failure) 13M->8M(15M) 0.183ms
[20.961s][info][gc] GC(3182) Pause Young (Allocation Failure) 13M->9M(15M) 0.185ms
[20.962s][info][gc] GC(3183) Pause Young (Allocation Failure) 13M->8M(15M) 0.173ms
[20.963s][info][gc] GC(3184) Pause Young (Allocation Failure) 13M->8M(15M) 0.178ms
[20.964s][info][gc] GC(3185) Pause Young (Allocation Failure) 13M->8M(15M) 0.172ms
[20.965s][info][gc] GC(3186) Pause Young (Allocation Failure) 12M->9M(15M) 0.184ms
[20.965s][info][gc] GC(3187) Pause Young (Allocation Failure) 13M->9M(15M) 0.193ms
[20.966s][info][gc] GC(3188) Pause Young (Allocation Failure) 13M->9M(15M) 0.209ms
[20.967s][info][gc] GC(3189) Pause Young (Allocation Failure) 13M->9M(15M) 0.166ms
[20.968s][info][gc] GC(3190) Pause Young (Allocation Failure) 13M->9M(15M) 0.167ms
[20.969s][info][gc] GC(3191) Pause Young (Allocation Failure) 13M->9M(15M) 0.205ms
[20.970s][info][gc] GC(3192) Pause Young (Allocation Failure) 14M->9M(15M) 0.167ms
[20.970s][info][gc] GC(3193) Pause Young (Allocation Failure) 13M->10M(15M) 0.193ms
[20.971s][info][gc] GC(3194) Pause Young (Allocation Failure) 14M->10M(15M) 0.166ms
[20.972s][info][gc] GC(3195) Pause Young (Allocation Failure) 14M->10M(15M) 0.173ms
[20.973s][info][gc] GC(3196) Pause Young (Allocation Failure) 14M->10M(15M) 0.192ms
[20.974s][info][gc] GC(3197) Pause Young (Allocation Failure) 14M->10M(15M) 0.187ms
[20.974s][info][gc] GC(3198) Pause Young (Allocation Failure) 14M->10M(15M) 0.194ms
[20.975s][info][gc] GC(3199) Pause Young (Allocation Failure) 15M->15M(15M) 0.025ms
[20.979s][info][gc] GC(3200) Pause Full (Allocation Failure) 15M->4M(15M) 3.815ms
[20.980s][info][gc] GC(3201) Pause Young (Allocation Failure) 8M->4M(15M) 0.194ms
[20.980s][info][gc] GC(3202) Pause Young (Allocation Failure) 8M->5M(15M) 0.201ms
[20.981s][info][gc] GC(3203) Pause Young (Allocation Failure) 9M->5M(15M) 0.214ms
[20.982s][info][gc] GC(3204) Pause Young (Allocation Failure) 9M->5M(15M) 0.186ms
[20.983s][info][gc] GC(3205) Pause Young (Allocation Failure) 9M->5M(15M) 0.182ms
[20.984s][info][gc] GC(3206) Pause Young (Allocation Failure) 9M->5M(15M) 0.180ms
[20.984s][info][gc] GC(3207) Pause Young (Allocation Failure) 9M->5M(15M) 0.144ms
[20.985s][info][gc] GC(3208) Pause Young (Allocation Failure) 9M->5M(15M) 0.166ms
[20.986s][info][gc] GC(3209) Pause Young (Allocation Failure) 9M->5M(15M) 0.185ms
[20.987s][info][gc] GC(3210) Pause Young (Allocation Failure) 9M->5M(15M) 0.165ms
[20.987s][info][gc] GC(3211) Pause Young (Allocation Failure) 9M->5M(15M) 0.167ms
[20.988s][info][gc] GC(3212) Pause Young (Allocation Failure) 9M->6M(15M) 0.191ms
[20.989s][info][gc] GC(3213) Pause Young (Allocation Failure) 10M->6M(15M) 0.200ms
[20.990s][info][gc] GC(3214) Pause Young (Allocation Failure) 10M->5M(15M) 0.191ms
[20.990s][info][gc] GC(3215) Pause Young (Allocation Failure) 10M->6M(15M) 0.158ms
[20.991s][info][gc] GC(3216) Pause Young (Allocation Failure) 10M->6M(15M) 0.212ms
[20.992s][info][gc] GC(3217) Pause Young (Allocation Failure) 11M->6M(15M) 0.170ms
[20.993s][info][gc] GC(3218) Pause Young (Allocation Failure) 10M->6M(15M) 0.184ms
[20.994s][info][gc] GC(3219) Pause Young (Allocation Failure) 11M->6M(15M) 0.173ms
[20.995s][info][gc] GC(3220) Pause Young (Allocation Failure) 10M->7M(15M) 0.166ms
[20.995s][info][gc] GC(3221) Pause Young (Allocation Failure) 11M->7M(15M) 0.193ms
[20.996s][info][gc] GC(3222) Pause Young (Allocation Failure) 11M->7M(15M) 0.180ms
[20.997s][info][gc] GC(3223) Pause Young (Allocation Failure) 11M->7M(15M) 0.165ms
[20.998s][info][gc] GC(3224) Pause Young (Allocation Failure) 11M->7M(15M) 0.180ms
[20.998s][info][gc] GC(3225) Pause Young (Allocation Failure) 11M->7M(15M) 0.192ms
[20.999s][info][gc] GC(3226) Pause Young (Allocation Failure) 11M->7M(15M) 0.193ms
[21.000s][info][gc] GC(3227) Pause Young (Allocation Failure) 12M->7M(15M) 0.165ms
[21.001s][info][gc] GC(3228) Pause Young (Allocation Failure) 11M->7M(15M) 0.163ms
[21.002s][info][gc] GC(3229) Pause Young (Allocation Failure) 11M->7M(15M) 0.173ms
[21.002s][info][gc] GC(3230) Pause Young (Allocation Failure) 11M->7M(15M) 0.174ms
[21.003s][info][gc] GC(3231) Pause Young (Allocation Failure) 11M->7M(15M) 0.186ms
[21.004s][info][gc] GC(3232) Pause Young (Allocation Failure) 12M->7M(15M) 0.169ms
[21.005s][info][gc] GC(3233) Pause Young (Allocation Failure) 11M->7M(15M) 0.182ms
[21.006s][info][gc] GC(3234) Pause Young (Allocation Failure) 12M->8M(15M) 0.192ms
[21.007s][info][gc] GC(3235) Pause Young (Allocation Failure) 12M->8M(15M) 0.177ms
[21.007s][info][gc] GC(3236) Pause Young (Allocation Failure) 12M->8M(15M) 0.180ms
[21.008s][info][gc] GC(3237) Pause Young (Allocation Failure) 12M->8M(15M) 0.181ms
[21.009s][info][gc] GC(3238) Pause Young (Allocation Failure) 12M->8M(15M) 0.171ms
[21.010s][info][gc] GC(3239) Pause Young (Allocation Failure) 12M->8M(15M) 0.197ms
[21.010s][info][gc] GC(3240) Pause Young (Allocation Failure) 12M->8M(15M) 0.195ms
[21.011s][info][gc] GC(3241) Pause Young (Allocation Failure) 13M->8M(15M) 0.172ms
[21.012s][info][gc] GC(3242) Pause Young (Allocation Failure) 12M->8M(15M) 0.181ms
[21.013s][info][gc] GC(3243) Pause Young (Allocation Failure) 13M->9M(15M) 0.202ms
[21.014s][info][gc] GC(3244) Pause Young (Allocation Failure) 13M->8M(15M) 0.165ms
[21.015s][info][gc] GC(3245) Pause Young (Allocation Failure) 12M->8M(15M) 0.176ms
[21.015s][info][gc] GC(3246) Pause Young (Allocation Failure) 13M->9M(15M) 0.184ms
[21.016s][info][gc] GC(3247) Pause Young (Allocation Failure) 13M->9M(15M) 0.182ms
[21.017s][info][gc] GC(3248) Pause Young (Allocation Failure) 13M->9M(15M) 0.178ms
[21.018s][info][gc] GC(3249) Pause Young (Allocation Failure) 13M->8M(15M) 0.162ms
[21.018s][info][gc] GC(3250) Pause Young (Allocation Failure) 12M->9M(15M) 0.185ms
[21.019s][info][gc] GC(3251) Pause Young (Allocation Failure) 13M->9M(15M) 0.183ms
[21.020s][info][gc] GC(3252) Pause Young (Allocation Failure) 13M->8M(15M) 0.172ms
[21.021s][info][gc] GC(3253) Pause Young (Allocation Failure) 13M->9M(15M) 0.196ms
[21.022s][info][gc] GC(3254) Pause Young (Allocation Failure) 13M->9M(15M) 0.236ms
[21.023s][info][gc] GC(3255) Pause Young (Allocation Failure) 14M->9M(15M) 0.213ms
[21.023s][info][gc] GC(3256) Pause Young (Allocation Failure) 14M->9M(15M) 0.197ms
[21.024s][info][gc] GC(3257) Pause Young (Allocation Failure) 14M->9M(15M) 0.214ms
[21.025s][info][gc] GC(3258) Pause Young (Allocation Failure) 14M->9M(15M) 0.207ms
[21.026s][info][gc] GC(3259) Pause Young (Allocation Failure) 14M->9M(15M) 0.187ms
[21.027s][info][gc] GC(3260) Pause Young (Allocation Failure) 13M->10M(15M) 0.213ms
[21.028s][info][gc] GC(3261) Pause Young (Allocation Failure) 14M->10M(15M) 0.186ms
[21.029s][info][gc] GC(3262) Pause Young (Allocation Failure) 14M->9M(15M) 0.196ms
[21.030s][info][gc] GC(3263) Pause Young (Allocation Failure) 14M->10M(15M) 0.225ms
[21.031s][info][gc] GC(3264) Pause Young (Allocation Failure) 14M->10M(15M) 0.218ms
[21.032s][info][gc] GC(3265) Pause Young (Allocation Failure) 14M->10M(15M) 0.184ms
[21.033s][info][gc] GC(3266) Pause Young (Allocation Failure) 14M->10M(15M) 0.173ms
[21.033s][info][gc] GC(3267) Pause Young (Allocation Failure) 14M->10M(15M) 0.178ms
[21.034s][info][gc] GC(3268) Pause Young (Allocation Failure) 14M->10M(15M) 0.222ms
[21.035s][info][gc] GC(3269) Pause Young (Allocation Failure) 14M->9M(15M) 0.175ms
[21.036s][info][gc] GC(3270) Pause Young (Allocation Failure) 14M->10M(15M) 0.200ms
[21.037s][info][gc] GC(3271) Pause Young (Allocation Failure) 14M->10M(15M) 0.208ms
[21.037s][info][gc] GC(3272) Pause Young (Allocation Failure) 14M->10M(15M) 0.176ms
[21.038s][info][gc] GC(3273) Pause Young (Allocation Failure) 14M->10M(15M) 0.194ms
[21.039s][info][gc] GC(3274) Pause Young (Allocation Failure) 15M->15M(15M) 0.323ms
[21.043s][info][gc] GC(3275) Pause Full (Allocation Failure) 15M->3M(15M) 3.854ms
[21.044s][info][gc] GC(3276) Pause Young (Allocation Failure) 8M->4M(15M) 0.155ms
[21.045s][info][gc] GC(3277) Pause Young (Allocation Failure) 8M->4M(15M) 0.177ms
[21.045s][info][gc] GC(3278) Pause Young (Allocation Failure) 8M->4M(15M) 0.179ms
[21.046s][info][gc] GC(3279) Pause Young (Allocation Failure) 8M->4M(15M) 0.180ms
[21.047s][info][gc] GC(3280) Pause Young (Allocation Failure) 8M->4M(15M) 0.202ms
[21.048s][info][gc] GC(3281) Pause Young (Allocation Failure) 9M->4M(15M) 0.179ms
[21.048s][info][gc] GC(3282) Pause Young (Allocation Failure) 8M->4M(15M) 0.182ms
[21.049s][info][gc] GC(3283) Pause Young (Allocation Failure) 8M->4M(15M) 0.195ms
[21.050s][info][gc] GC(3284) Pause Young (Allocation Failure) 9M->4M(15M) 0.171ms
[21.051s][info][gc] GC(3285) Pause Young (Allocation Failure) 9M->5M(15M) 0.216ms
[21.052s][info][gc] GC(3286) Pause Young (Allocation Failure) 9M->5M(15M) 0.147ms
[21.052s][info][gc] GC(3287) Pause Young (Allocation Failure) 9M->5M(15M) 0.163ms
[21.053s][info][gc] GC(3288) Pause Young (Allocation Failure) 9M->5M(15M) 0.178ms
[21.054s][info][gc] GC(3289) Pause Young (Allocation Failure) 9M->5M(15M) 0.172ms
[21.055s][info][gc] GC(3290) Pause Young (Allocation Failure) 10M->5M(15M) 0.192ms
[21.056s][info][gc] GC(3291) Pause Young (Allocation Failure) 10M->5M(15M) 0.175ms
[21.056s][info][gc] GC(3292) Pause Young (Allocation Failure) 9M->5M(15M) 0.176ms
[21.057s][info][gc] GC(3293) Pause Young (Allocation Failure) 10M->5M(15M) 0.161ms
[21.058s][info][gc] GC(3294) Pause Young (Allocation Failure) 9M->5M(15M) 0.160ms
[21.059s][info][gc] GC(3295) Pause Young (Allocation Failure) 9M->6M(15M) 0.207ms
[21.060s][info][gc] GC(3296) Pause Young (Allocation Failure) 10M->5M(15M) 0.176ms
[21.060s][info][gc] GC(3297) Pause Young (Allocation Failure) 10M->6M(15M) 0.185ms
[21.061s][info][gc] GC(3298) Pause Young (Allocation Failure) 10M->5M(15M) 0.168ms
[21.062s][info][gc] GC(3299) Pause Young (Allocation Failure) 10M->6M(15M) 0.173ms
[21.063s][info][gc] GC(3300) Pause Young (Allocation Failure) 10M->6M(15M) 0.204ms
[21.064s][info][gc] GC(3301) Pause Young (Allocation Failure) 11M->7M(15M) 0.191ms
[21.064s][info][gc] GC(3302) Pause Young (Allocation Failure) 11M->6M(15M) 0.166ms
[21.065s][info][gc] GC(3303) Pause Young (Allocation Failure) 10M->7M(15M) 0.202ms
[21.066s][info][gc] GC(3304) Pause Young (Allocation Failure) 11M->7M(15M) 0.197ms
[21.067s][info][gc] GC(3305) Pause Young (Allocation Failure) 11M->7M(15M) 0.179ms
[21.067s][info][gc] GC(3306) Pause Young (Allocation Failure) 11M->7M(15M) 0.198ms
[21.068s][info][gc] GC(3307) Pause Young (Allocation Failure) 12M->8M(15M) 0.220ms
[21.069s][info][gc] GC(3308) Pause Young (Allocation Failure) 12M->7M(15M) 0.180ms
[21.070s][info][gc] GC(3309) Pause Young (Allocation Failure) 12M->8M(15M) 0.182ms
[21.071s][info][gc] GC(3310) Pause Young (Allocation Failure) 12M->7M(15M) 0.178ms
[21.071s][info][gc] GC(3311) Pause Young (Allocation Failure) 12M->8M(15M) 0.184ms
[21.072s][info][gc] GC(3312) Pause Young (Allocation Failure) 12M->8M(15M) 0.161ms
[21.073s][info][gc] GC(3313) Pause Young (Allocation Failure) 12M->8M(15M) 0.185ms
[21.074s][info][gc] GC(3314) Pause Young (Allocation Failure) 12M->7M(15M) 0.169ms
[21.075s][info][gc] GC(3315) Pause Young (Allocation Failure) 12M->8M(15M) 0.173ms
[21.075s][info][gc] GC(3316) Pause Young (Allocation Failure) 12M->8M(15M) 0.227ms
[21.076s][info][gc] GC(3317) Pause Young (Allocation Failure) 13M->8M(15M) 0.184ms
[21.077s][info][gc] GC(3318) Pause Young (Allocation Failure) 13M->8M(15M) 0.171ms
[21.078s][info][gc] GC(3319) Pause Young (Allocation Failure) 12M->9M(15M) 0.172ms
[21.079s][info][gc] GC(3320) Pause Young (Allocation Failure) 13M->9M(15M) 0.179ms
[21.079s][info][gc] GC(3321) Pause Young (Allocation Failure) 13M->10M(15M) 0.230ms
[21.080s][info][gc] GC(3322) Pause Young (Allocation Failure) 14M->9M(15M) 0.175ms
[21.081s][info][gc] GC(3323) Pause Young (Allocation Failure) 14M->10M(15M) 0.201ms
[21.082s][info][gc] GC(3324) Pause Young (Allocation Failure) 14M->10M(15M) 0.174ms
[21.082s][info][gc] GC(3325) Pause Young (Allocation Failure) 14M->10M(15M) 0.217ms
[21.083s][info][gc] GC(3326) Pause Young (Allocation Failure) 15M->15M(15M) 0.025ms
[21.087s][info][gc] GC(3327) Pause Full (Allocation Failure) 15M->3M(15M) 3.642ms
[21.087s][info][gc] GC(3328) Pause Young (Allocation Failure) 7M->4M(15M) 0.224ms
[21.088s][info][gc] GC(3329) Pause Young (Allocation Failure) 8M->4M(15M) 0.211ms
[21.089s][info][gc] GC(3330) Pause Young (Allocation Failure) 8M->4M(15M) 0.192ms
[21.090s][info][gc] GC(3331) Pause Young (Allocation Failure) 9M->4M(15M) 0.177ms
[21.091s][info][gc] GC(3332) Pause Young (Allocation Failure) 8M->4M(15M) 0.183ms
[21.092s][info][gc] GC(3333) Pause Young (Allocation Failure) 8M->4M(15M) 0.185ms
[21.093s][info][gc] GC(3334) Pause Young (Allocation Failure) 9M->4M(15M) 0.165ms
[21.093s][info][gc] GC(3335) Pause Young (Allocation Failure) 8M->5M(15M) 0.197ms
[21.094s][info][gc] GC(3336) Pause Young (Allocation Failure) 9M->5M(15M) 0.150ms
[21.095s][info][gc] GC(3337) Pause Young (Allocation Failure) 9M->4M(15M) 0.174ms
[21.096s][info][gc] GC(3338) Pause Young (Allocation Failure) 9M->5M(15M) 0.197ms
[21.096s][info][gc] GC(3339) Pause Young (Allocation Failure) 9M->5M(15M) 0.182ms
[21.097s][info][gc] GC(3340) Pause Young (Allocation Failure) 9M->5M(15M) 0.177ms
[21.098s][info][gc] GC(3341) Pause Young (Allocation Failure) 9M->5M(15M) 0.188ms
[21.099s][info][gc] GC(3342) Pause Young (Allocation Failure) 9M->5M(15M) 0.178ms
[21.100s][info][gc] GC(3343) Pause Young (Allocation Failure) 9M->5M(15M) 0.187ms
[21.100s][info][gc] GC(3344) Pause Young (Allocation Failure) 9M->5M(15M) 0.202ms
[21.101s][info][gc] GC(3345) Pause Young (Allocation Failure) 9M->5M(15M) 0.173ms
[21.102s][info][gc] GC(3346) Pause Young (Allocation Failure) 9M->5M(15M) 0.204ms
[21.103s][info][gc] GC(3347) Pause Young (Allocation Failure) 10M->5M(15M) 0.171ms
[21.104s][info][gc] GC(3348) Pause Young (Allocation Failure) 9M->5M(15M) 0.167ms
[21.105s][info][gc] GC(3349) Pause Young (Allocation Failure) 9M->5M(15M) 0.171ms
[21.105s][info][gc] GC(3350) Pause Young (Allocation Failure) 9M->5M(15M) 0.195ms
[21.106s][info][gc] GC(3351) Pause Young (Allocation Failure) 10M->5M(15M) 0.182ms
[21.107s][info][gc] GC(3352) Pause Young (Allocation Failure) 10M->6M(15M) 0.196ms
[21.108s][info][gc] GC(3353) Pause Young (Allocation Failure) 10M->6M(15M) 0.180ms
[21.108s][info][gc] GC(3354) Pause Young (Allocation Failure) 10M->5M(15M) 0.177ms
[21.109s][info][gc] GC(3355) Pause Young (Allocation Failure) 10M->5M(15M) 0.165ms
[21.110s][info][gc] GC(3356) Pause Young (Allocation Failure) 10M->5M(15M) 0.171ms
[21.111s][info][gc] GC(3357) Pause Young (Allocation Failure) 10M->6M(15M) 0.178ms
[21.111s][info][gc] GC(3358) Pause Young (Allocation Failure) 10M->6M(15M) 0.192ms
[21.112s][info][gc] GC(3359) Pause Young (Allocation Failure) 10M->5M(15M) 0.166ms
[21.113s][info][gc] GC(3360) Pause Young (Allocation Failure) 10M->6M(15M) 0.191ms
[21.114s][info][gc] GC(3361) Pause Young (Allocation Failure) 10M->6M(15M) 0.181ms
[21.115s][info][gc] GC(3362) Pause Young (Allocation Failure) 10M->6M(15M) 0.175ms
[21.115s][info][gc] GC(3363) Pause Young (Allocation Failure) 10M->6M(15M) 0.189ms
[21.116s][info][gc] GC(3364) Pause Young (Allocation Failure) 10M->6M(15M) 0.175ms
[21.117s][info][gc] GC(3365) Pause Young (Allocation Failure) 10M->6M(15M) 0.183ms
[21.118s][info][gc] GC(3366) Pause Young (Allocation Failure) 10M->6M(15M) 0.176ms
[21.119s][info][gc] GC(3367) Pause Young (Allocation Failure) 10M->6M(15M) 0.174ms
[21.119s][info][gc] GC(3368) Pause Young (Allocation Failure) 10M->6M(15M) 0.169ms
[21.120s][info][gc] GC(3369) Pause Young (Allocation Failure) 10M->6M(15M) 0.165ms
[21.121s][info][gc] GC(3370) Pause Young (Allocation Failure) 10M->6M(15M) 0.163ms
[21.122s][info][gc] GC(3371) Pause Young (Allocation Failure) 10M->6M(15M) 0.140ms
[21.122s][info][gc] GC(3372) Pause Young (Allocation Failure) 10M->7M(15M) 0.213ms
[21.123s][info][gc] GC(3373) Pause Young (Allocation Failure) 11M->7M(15M) 0.179ms
[21.124s][info][gc] GC(3374) Pause Young (Allocation Failure) 11M->7M(15M) 0.179ms
[21.125s][info][gc] GC(3375) Pause Young (Allocation Failure) 11M->7M(15M) 0.200ms
[21.126s][info][gc] GC(3376) Pause Young (Allocation Failure) 11M->8M(15M) 0.216ms
[21.126s][info][gc] GC(3377) Pause Young (Allocation Failure) 12M->8M(15M) 0.193ms
[21.127s][info][gc] GC(3378) Pause Young (Allocation Failure) 12M->8M(15M) 0.180ms
[21.128s][info][gc] GC(3379) Pause Young (Allocation Failure) 12M->8M(15M) 0.191ms
[21.129s][info][gc] GC(3380) Pause Young (Allocation Failure) 12M->8M(15M) 0.176ms
[21.130s][info][gc] GC(3381) Pause Young (Allocation Failure) 12M->8M(15M) 0.202ms
[21.130s][info][gc] GC(3382) Pause Young (Allocation Failure) 12M->8M(15M) 0.180ms
[21.131s][info][gc] GC(3383) Pause Young (Allocation Failure) 12M->8M(15M) 0.173ms
[21.132s][info][gc] GC(3384) Pause Young (Allocation Failure) 12M->8M(15M) 0.209ms
[21.133s][info][gc] GC(3385) Pause Young (Allocation Failure) 13M->9M(15M) 0.167ms
[21.133s][info][gc] GC(3386) Pause Young (Allocation Failure) 13M->9M(15M) 0.189ms
[21.134s][info][gc] GC(3387) Pause Young (Allocation Failure) 13M->9M(15M) 0.185ms
[21.135s][info][gc] GC(3388) Pause Young (Allocation Failure) 13M->9M(15M) 0.177ms
[21.136s][info][gc] GC(3389) Pause Young (Allocation Failure) 13M->9M(15M) 0.175ms
[21.137s][info][gc] GC(3390) Pause Young (Allocation Failure) 13M->8M(15M) 0.165ms
[21.137s][info][gc] GC(3391) Pause Young (Allocation Failure) 13M->9M(15M) 0.188ms
[21.138s][info][gc] GC(3392) Pause Young (Allocation Failure) 13M->9M(15M) 0.193ms
[21.139s][info][gc] GC(3393) Pause Young (Allocation Failure) 13M->9M(15M) 0.173ms
[21.140s][info][gc] GC(3394) Pause Young (Allocation Failure) 13M->9M(15M) 0.180ms
[21.141s][info][gc] GC(3395) Pause Young (Allocation Failure) 13M->9M(15M) 0.170ms
[21.141s][info][gc] GC(3396) Pause Young (Allocation Failure) 13M->9M(15M) 0.184ms
[21.142s][info][gc] GC(3397) Pause Young (Allocation Failure) 13M->10M(15M) 0.285ms
[21.143s][info][gc] GC(3398) Pause Young (Allocation Failure) 14M->10M(15M) 0.232ms
[21.144s][info][gc] GC(3399) Pause Young (Allocation Failure) 14M->10M(15M) 0.183ms
[21.145s][info][gc] GC(3400) Pause Young (Allocation Failure) 14M->10M(15M) 0.181ms
[21.146s][info][gc] GC(3401) Pause Young (Allocation Failure) 14M->10M(15M) 0.186ms
[21.146s][info][gc] GC(3402) Pause Young (Allocation Failure) 14M->10M(15M) 0.223ms
[21.147s][info][gc] GC(3403) Pause Young (Allocation Failure) 15M->15M(15M) 0.025ms
[21.151s][info][gc] GC(3404) Pause Full (Allocation Failure) 15M->3M(15M) 3.793ms
[21.152s][info][gc] GC(3405) Pause Young (Allocation Failure) 7M->3M(15M) 0.206ms
[21.153s][info][gc] GC(3406) Pause Young (Allocation Failure) 8M->3M(15M) 0.201ms
[21.153s][info][gc] GC(3407) Pause Young (Allocation Failure) 8M->4M(15M) 0.190ms
[21.154s][info][gc] GC(3408) Pause Young (Allocation Failure) 8M->3M(15M) 0.169ms
[21.155s][info][gc] GC(3409) Pause Young (Allocation Failure) 7M->4M(15M) 0.207ms
[21.156s][info][gc] GC(3410) Pause Young (Allocation Failure) 8M->4M(15M) 0.182ms
[21.157s][info][gc] GC(3411) Pause Young (Allocation Failure) 8M->4M(15M) 0.187ms
[21.157s][info][gc] GC(3412) Pause Young (Allocation Failure) 8M->4M(15M) 0.173ms
[21.158s][info][gc] GC(3413) Pause Young (Allocation Failure) 9M->4M(15M) 0.177ms
[21.159s][info][gc] GC(3414) Pause Young (Allocation Failure) 9M->4M(15M) 0.173ms
[21.160s][info][gc] GC(3415) Pause Young (Allocation Failure) 8M->5M(15M) 0.200ms
[21.160s][info][gc] GC(3416) Pause Young (Allocation Failure) 9M->5M(15M) 0.184ms
[21.161s][info][gc] GC(3417) Pause Young (Allocation Failure) 9M->4M(15M) 0.167ms
[21.162s][info][gc] GC(3418) Pause Young (Allocation Failure) 9M->4M(15M) 0.176ms
[21.163s][info][gc] GC(3419) Pause Young (Allocation Failure) 9M->4M(15M) 0.179ms
[21.164s][info][gc] GC(3420) Pause Young (Allocation Failure) 9M->5M(15M) 0.183ms
[21.164s][info][gc] GC(3421) Pause Young (Allocation Failure) 9M->4M(15M) 0.178ms
[21.165s][info][gc] GC(3422) Pause Young (Allocation Failure) 9M->5M(15M) 0.213ms
[21.166s][info][gc] GC(3423) Pause Young (Allocation Failure) 9M->5M(15M) 0.209ms
[21.167s][info][gc] GC(3424) Pause Young (Allocation Failure) 10M->5M(15M) 0.175ms
[21.168s][info][gc] GC(3425) Pause Young (Allocation Failure) 9M->6M(15M) 0.217ms
[21.168s][info][gc] GC(3426) Pause Young (Allocation Failure) 10M->6M(15M) 0.199ms
[21.169s][info][gc] GC(3427) Pause Young (Allocation Failure) 10M->6M(15M) 0.194ms
[21.170s][info][gc] GC(3428) Pause Young (Allocation Failure) 10M->6M(15M) 0.171ms
[21.171s][info][gc] GC(3429) Pause Young (Allocation Failure) 10M->6M(15M) 0.187ms
[21.172s][info][gc] GC(3430) Pause Young (Allocation Failure) 11M->6M(15M) 0.179ms
[21.172s][info][gc] GC(3431) Pause Young (Allocation Failure) 10M->6M(15M) 0.173ms
[21.173s][info][gc] GC(3432) Pause Young (Allocation Failure) 10M->6M(15M) 0.186ms
[21.174s][info][gc] GC(3433) Pause Young (Allocation Failure) 11M->6M(15M) 0.185ms
[21.175s][info][gc] GC(3434) Pause Young (Allocation Failure) 11M->7M(15M) 0.193ms
[21.176s][info][gc] GC(3435) Pause Young (Allocation Failure) 11M->6M(15M) 0.174ms
[21.176s][info][gc] GC(3436) Pause Young (Allocation Failure) 11M->6M(15M) 0.184ms
[21.177s][info][gc] GC(3437) Pause Young (Allocation Failure) 11M->6M(15M) 0.163ms
[21.178s][info][gc] GC(3438) Pause Young (Allocation Failure) 10M->6M(15M) 0.175ms
[21.179s][info][gc] GC(3439) Pause Young (Allocation Failure) 11M->6M(15M) 0.176ms
[21.179s][info][gc] GC(3440) Pause Young (Allocation Failure) 11M->7M(15M) 0.200ms
[21.180s][info][gc] GC(3441) Pause Young (Allocation Failure) 11M->7M(15M) 0.174ms
[21.181s][info][gc] GC(3442) Pause Young (Allocation Failure) 11M->7M(15M) 0.213ms
[21.182s][info][gc] GC(3443) Pause Young (Allocation Failure) 12M->7M(15M) 0.165ms
[21.183s][info][gc] GC(3444) Pause Young (Allocation Failure) 11M->7M(15M) 0.166ms
[21.184s][info][gc] GC(3445) Pause Young (Allocation Failure) 11M->7M(15M) 0.187ms
[21.185s][info][gc] GC(3446) Pause Young (Allocation Failure) 12M->7M(15M) 0.171ms
[21.185s][info][gc] GC(3447) Pause Young (Allocation Failure) 11M->7M(15M) 0.196ms
[21.186s][info][gc] GC(3448) Pause Young (Allocation Failure) 12M->7M(15M) 0.183ms
[21.187s][info][gc] GC(3449) Pause Young (Allocation Failure) 12M->7M(15M) 0.189ms
[21.188s][info][gc] GC(3450) Pause Young (Allocation Failure) 12M->7M(15M) 0.185ms
[21.188s][info][gc] GC(3451) Pause Young (Allocation Failure) 12M->7M(15M) 0.185ms
[21.189s][info][gc] GC(3452) Pause Young (Allocation Failure) 12M->8M(15M) 0.194ms
[21.190s][info][gc] GC(3453) Pause Young (Allocation Failure) 12M->8M(15M) 0.192ms
[21.191s][info][gc] GC(3454) Pause Young (Allocation Failure) 12M->7M(15M) 0.168ms
[21.192s][info][gc] GC(3455) Pause Young (Allocation Failure) 12M->8M(15M) 0.177ms
[21.193s][info][gc] GC(3456) Pause Young (Allocation Failure) 13M->8M(15M) 0.169ms
[21.193s][info][gc] GC(3457) Pause Young (Allocation Failure) 12M->8M(15M) 0.175ms
[21.194s][info][gc] GC(3458) Pause Young (Allocation Failure) 13M->8M(15M) 0.183ms
[21.195s][info][gc] GC(3459) Pause Young (Allocation Failure) 13M->8M(15M) 0.176ms
[21.196s][info][gc] GC(3460) Pause Young (Allocation Failure) 13M->8M(15M) 0.178ms
[21.197s][info][gc] GC(3461) Pause Young (Allocation Failure) 13M->8M(15M) 0.178ms
[21.198s][info][gc] GC(3462) Pause Young (Allocation Failure) 13M->8M(15M) 0.183ms
[21.198s][info][gc] GC(3463) Pause Young (Allocation Failure) 13M->8M(15M) 0.166ms
[21.199s][info][gc] GC(3464) Pause Young (Allocation Failure) 12M->9M(15M) 0.198ms
[21.200s][info][gc] GC(3465) Pause Young (Allocation Failure) 13M->9M(15M) 0.190ms
[21.201s][info][gc] GC(3466) Pause Young (Allocation Failure) 13M->9M(15M) 0.196ms
[21.202s][info][gc] GC(3467) Pause Young (Allocation Failure) 13M->9M(15M) 0.185ms
[21.202s][info][gc] GC(3468) Pause Young (Allocation Failure) 13M->9M(15M) 0.174ms
[21.203s][info][gc] GC(3469) Pause Young (Allocation Failure) 13M->9M(15M) 0.171ms
[21.204s][info][gc] GC(3470) Pause Young (Allocation Failure) 13M->9M(15M) 0.168ms
[21.204s][info][gc] GC(3471) Pause Young (Allocation Failure) 13M->9M(15M) 0.183ms
[21.205s][info][gc] GC(3472) Pause Young (Allocation Failure) 13M->9M(15M) 0.179ms
[21.206s][info][gc] GC(3473) Pause Young (Allocation Failure) 13M->9M(15M) 0.191ms
[21.207s][info][gc] GC(3474) Pause Young (Allocation Failure) 14M->10M(15M) 0.207ms
[21.208s][info][gc] GC(3475) Pause Young (Allocation Failure) 14M->10M(15M) 0.185ms
[21.209s][info][gc] GC(3476) Pause Young (Allocation Failure) 14M->10M(15M) 0.193ms
[21.209s][info][gc] GC(3477) Pause Young (Allocation Failure) 14M->9M(15M) 0.165ms
[21.210s][info][gc] GC(3478) Pause Young (Allocation Failure) 14M->10M(15M) 0.177ms
[21.211s][info][gc] GC(3479) Pause Young (Allocation Failure) 14M->10M(15M) 0.138ms
[21.211s][info][gc] GC(3480) Pause Young (Allocation Failure) 14M->10M(15M) 0.189ms
[21.212s][info][gc] GC(3481) Pause Young (Allocation Failure) 14M->10M(15M) 0.199ms
[21.213s][info][gc] GC(3482) Pause Young (Allocation Failure) 15M->15M(15M) 0.025ms
[21.217s][info][gc] GC(3483) Pause Full (Allocation Failure) 15M->3M(15M) 3.980ms
[21.218s][info][gc] GC(3484) Pause Young (Allocation Failure) 8M->4M(15M) 0.186ms
[21.219s][info][gc] GC(3485) Pause Young (Allocation Failure) 8M->4M(15M) 0.172ms
[21.219s][info][gc] GC(3486) Pause Young (Allocation Failure) 8M->4M(15M) 0.190ms
[21.220s][info][gc] GC(3487) Pause Young (Allocation Failure) 8M->4M(15M) 0.165ms
[21.221s][info][gc] GC(3488) Pause Young (Allocation Failure) 8M->4M(15M) 0.175ms
[21.222s][info][gc] GC(3489) Pause Young (Allocation Failure) 8M->4M(15M) 0.171ms
[21.222s][info][gc] GC(3490) Pause Young (Allocation Failure) 8M->5M(15M) 0.218ms
[21.223s][info][gc] GC(3491) Pause Young (Allocation Failure) 9M->4M(15M) 0.166ms
[21.224s][info][gc] GC(3492) Pause Young (Allocation Failure) 9M->5M(15M) 0.177ms
[21.225s][info][gc] GC(3493) Pause Young (Allocation Failure) 9M->5M(15M) 0.140ms
[21.226s][info][gc] GC(3494) Pause Young (Allocation Failure) 9M->5M(15M) 0.176ms
[21.226s][info][gc] GC(3495) Pause Young (Allocation Failure) 9M->5M(15M) 0.172ms
[21.227s][info][gc] GC(3496) Pause Young (Allocation Failure) 9M->5M(15M) 0.183ms
[21.228s][info][gc] GC(3497) Pause Young (Allocation Failure) 9M->5M(15M) 0.191ms
[21.229s][info][gc] GC(3498) Pause Young (Allocation Failure) 9M->5M(15M) 0.179ms
[21.229s][info][gc] GC(3499) Pause Young (Allocation Failure) 9M->5M(15M) 0.184ms
[21.230s][info][gc] GC(3500) Pause Young (Allocation Failure) 9M->5M(15M) 0.186ms
[21.231s][info][gc] GC(3501) Pause Young (Allocation Failure) 9M->5M(15M) 0.197ms
[21.232s][info][gc] GC(3502) Pause Young (Allocation Failure) 10M->5M(15M) 0.168ms
[21.233s][info][gc] GC(3503) Pause Young (Allocation Failure) 9M->5M(15M) 0.167ms
[21.234s][info][gc] GC(3504) Pause Young (Allocation Failure) 9M->6M(15M) 0.239ms
[21.234s][info][gc] GC(3505) Pause Young (Allocation Failure) 10M->6M(15M) 0.177ms
[21.235s][info][gc] GC(3506) Pause Young (Allocation Failure) 10M->6M(15M) 0.214ms
[21.236s][info][gc] GC(3507) Pause Young (Allocation Failure) 11M->6M(15M) 0.185ms
[21.237s][info][gc] GC(3508) Pause Young (Allocation Failure) 11M->6M(15M) 0.174ms
[21.238s][info][gc] GC(3509) Pause Young (Allocation Failure) 10M->6M(15M) 0.165ms
[21.239s][info][gc] GC(3510) Pause Young (Allocation Failure) 10M->6M(15M) 0.173ms
[21.239s][info][gc] GC(3511) Pause Young (Allocation Failure) 10M->6M(15M) 0.179ms
[21.240s][info][gc] GC(3512) Pause Young (Allocation Failure) 10M->6M(15M) 0.181ms
[21.241s][info][gc] GC(3513) Pause Young (Allocation Failure) 11M->6M(15M) 0.181ms
[21.242s][info][gc] GC(3514) Pause Young (Allocation Failure) 11M->6M(15M) 0.193ms
[21.242s][info][gc] GC(3515) Pause Young (Allocation Failure) 11M->7M(15M) 0.207ms
[21.243s][info][gc] GC(3516) Pause Young (Allocation Failure) 11M->7M(15M) 0.173ms
[21.244s][info][gc] GC(3517) Pause Young (Allocation Failure) 11M->7M(15M) 0.177ms
[21.245s][info][gc] GC(3518) Pause Young (Allocation Failure) 11M->7M(15M) 0.196ms
[21.246s][info][gc] GC(3519) Pause Young (Allocation Failure) 11M->7M(15M) 0.175ms
[21.246s][info][gc] GC(3520) Pause Young (Allocation Failure) 11M->7M(15M) 0.188ms
[21.247s][info][gc] GC(3521) Pause Young (Allocation Failure) 11M->7M(15M) 0.187ms
[21.248s][info][gc] GC(3522) Pause Young (Allocation Failure) 11M->7M(15M) 0.187ms
[21.249s][info][gc] GC(3523) Pause Young (Allocation Failure) 11M->7M(15M) 0.169ms
[21.250s][info][gc] GC(3524) Pause Young (Allocation Failure) 11M->7M(15M) 0.180ms
[21.250s][info][gc] GC(3525) Pause Young (Allocation Failure) 11M->7M(15M) 0.166ms
[21.251s][info][gc] GC(3526) Pause Young (Allocation Failure) 11M->7M(15M) 0.182ms
[21.252s][info][gc] GC(3527) Pause Young (Allocation Failure) 11M->7M(15M) 0.182ms
[21.253s][info][gc] GC(3528) Pause Young (Allocation Failure) 11M->7M(15M) 0.164ms
[21.253s][info][gc] GC(3529) Pause Young (Allocation Failure) 11M->7M(15M) 0.135ms
[21.254s][info][gc] GC(3530) Pause Young (Allocation Failure) 11M->7M(15M) 0.184ms
[21.255s][info][gc] GC(3531) Pause Young (Allocation Failure) 11M->7M(15M) 0.153ms
[21.256s][info][gc] GC(3532) Pause Young (Allocation Failure) 11M->7M(15M) 0.183ms
[21.257s][info][gc] GC(3533) Pause Young (Allocation Failure) 12M->7M(15M) 0.171ms
[21.257s][info][gc] GC(3534) Pause Young (Allocation Failure) 11M->7M(15M) 0.177ms
[21.258s][info][gc] GC(3535) Pause Young (Allocation Failure) 11M->7M(15M) 0.205ms
[21.259s][info][gc] GC(3536) Pause Young (Allocation Failure) 12M->7M(15M) 0.185ms
[21.260s][info][gc] GC(3537) Pause Young (Allocation Failure) 12M->8M(15M) 0.196ms
[21.261s][info][gc] GC(3538) Pause Young (Allocation Failure) 12M->8M(15M) 0.209ms
[21.261s][info][gc] GC(3539) Pause Young (Allocation Failure) 12M->8M(15M) 0.225ms
[21.262s][info][gc] GC(3540) Pause Young (Allocation Failure) 12M->8M(15M) 0.192ms
[21.263s][info][gc] GC(3541) Pause Young (Allocation Failure) 13M->8M(15M) 0.171ms
[21.264s][info][gc] GC(3542) Pause Young (Allocation Failure) 13M->8M(15M) 0.168ms
[21.265s][info][gc] GC(3543) Pause Young (Allocation Failure) 12M->8M(15M) 0.167ms
[21.265s][info][gc] GC(3544) Pause Young (Allocation Failure) 12M->8M(15M) 0.168ms
[21.266s][info][gc] GC(3545) Pause Young (Allocation Failure) 12M->8M(15M) 0.188ms
[21.267s][info][gc] GC(3546) Pause Young (Allocation Failure) 13M->8M(15M) 0.191ms
[21.268s][info][gc] GC(3547) Pause Young (Allocation Failure) 13M->8M(15M) 0.178ms
[21.269s][info][gc] GC(3548) Pause Young (Allocation Failure) 13M->8M(15M) 0.181ms
[21.270s][info][gc] GC(3549) Pause Young (Allocation Failure) 13M->9M(15M) 0.211ms
[21.270s][info][gc] GC(3550) Pause Young (Allocation Failure) 13M->9M(15M) 0.174ms
[21.271s][info][gc] GC(3551) Pause Young (Allocation Failure) 13M->9M(15M) 0.186ms
[21.272s][info][gc] GC(3552) Pause Young (Allocation Failure) 13M->9M(15M) 0.199ms
[21.273s][info][gc] GC(3553) Pause Young (Allocation Failure) 13M->9M(15M) 0.196ms
[21.273s][info][gc] GC(3554) Pause Young (Allocation Failure) 14M->9M(15M) 0.181ms
[21.274s][info][gc] GC(3555) Pause Young (Allocation Failure) 13M->9M(15M) 0.188ms
[21.275s][info][gc] GC(3556) Pause Young (Allocation Failure) 13M->10M(15M) 0.238ms
[21.276s][info][gc] GC(3557) Pause Young (Allocation Failure) 14M->9M(15M) 0.185ms
[21.277s][info][gc] GC(3558) Pause Young (Allocation Failure) 14M->10M(15M) 0.227ms
[21.278s][info][gc] GC(3559) Pause Young (Allocation Failure) 14M->10M(15M) 0.242ms
[21.279s][info][gc] GC(3560) Pause Young (Allocation Failure) 14M->10M(15M) 0.206ms
[21.280s][info][gc] GC(3561) Pause Young (Allocation Failure) 14M->10M(15M) 0.246ms
[21.281s][info][gc] GC(3562) Pause Young (Allocation Failure) 14M->10M(15M) 0.198ms
[21.282s][info][gc] GC(3563) Pause Young (Allocation Failure) 14M->10M(15M) 0.182ms
[21.283s][info][gc] GC(3564) Pause Young (Allocation Failure) 14M->10M(15M) 0.190ms
[21.284s][info][gc] GC(3565) Pause Young (Allocation Failure) 14M->10M(15M) 0.177ms
[21.284s][info][gc] GC(3566) Pause Young (Allocation Failure) 15M->15M(15M) 0.025ms
[21.288s][info][gc] GC(3567) Pause Full (Allocation Failure) 15M->3M(15M) 4.014ms
[21.289s][info][gc] GC(3568) Pause Young (Allocation Failure) 7M->4M(15M) 0.219ms
[21.290s][info][gc] GC(3569) Pause Young (Allocation Failure) 8M->3M(15M) 0.183ms
[21.291s][info][gc] GC(3570) Pause Young (Allocation Failure) 8M->4M(15M) 0.149ms
[21.292s][info][gc] GC(3571) Pause Young (Allocation Failure) 8M->3M(15M) 0.170ms
[21.293s][info][gc] GC(3572) Pause Young (Allocation Failure) 8M->4M(15M) 0.187ms
[21.293s][info][gc] GC(3573) Pause Young (Allocation Failure) 8M->4M(15M) 0.171ms
[21.294s][info][gc] GC(3574) Pause Young (Allocation Failure) 8M->4M(15M) 0.172ms
[21.295s][info][gc] GC(3575) Pause Young (Allocation Failure) 8M->4M(15M) 0.186ms
[21.296s][info][gc] GC(3576) Pause Young (Allocation Failure) 8M->5M(15M) 0.232ms
[21.297s][info][gc] GC(3577) Pause Young (Allocation Failure) 9M->4M(15M) 0.164ms
[21.297s][info][gc] GC(3578) Pause Young (Allocation Failure) 9M->5M(15M) 0.216ms
[21.298s][info][gc] GC(3579) Pause Young (Allocation Failure) 9M->5M(15M) 0.172ms
[21.299s][info][gc] GC(3580) Pause Young (Allocation Failure) 9M->5M(15M) 0.176ms
[21.300s][info][gc] GC(3581) Pause Young (Allocation Failure) 9M->5M(15M) 0.130ms
[21.300s][info][gc] GC(3582) Pause Young (Allocation Failure) 9M->5M(15M) 0.198ms
[21.301s][info][gc] GC(3583) Pause Young (Allocation Failure) 10M->5M(15M) 0.178ms
[21.302s][info][gc] GC(3584) Pause Young (Allocation Failure) 9M->5M(15M) 0.155ms
[21.303s][info][gc] GC(3585) Pause Young (Allocation Failure) 9M->6M(15M) 0.205ms
[21.304s][info][gc] GC(3586) Pause Young (Allocation Failure) 10M->6M(15M) 0.131ms
[21.304s][info][gc] GC(3587) Pause Young (Allocation Failure) 10M->6M(15M) 0.173ms
[21.305s][info][gc] GC(3588) Pause Young (Allocation Failure) 10M->6M(15M) 0.175ms
[21.306s][info][gc] GC(3589) Pause Young (Allocation Failure) 10M->6M(15M) 0.171ms
[21.307s][info][gc] GC(3590) Pause Young (Allocation Failure) 10M->6M(15M) 0.192ms
[21.307s][info][gc] GC(3591) Pause Young (Allocation Failure) 10M->6M(15M) 0.195ms
[21.308s][info][gc] GC(3592) Pause Young (Allocation Failure) 10M->6M(15M) 0.178ms
[21.309s][info][gc] GC(3593) Pause Young (Allocation Failure) 10M->6M(15M) 0.199ms
[21.310s][info][gc] GC(3594) Pause Young (Allocation Failure) 11M->6M(15M) 0.166ms
[21.311s][info][gc] GC(3595) Pause Young (Allocation Failure) 10M->6M(15M) 0.171ms
[21.311s][info][gc] GC(3596) Pause Young (Allocation Failure) 10M->6M(15M) 0.174ms
[21.312s][info][gc] GC(3597) Pause Young (Allocation Failure) 11M->6M(15M) 0.182ms
[21.313s][info][gc] GC(3598) Pause Young (Allocation Failure) 11M->6M(15M) 0.182ms
[21.314s][info][gc] GC(3599) Pause Young (Allocation Failure) 11M->6M(15M) 0.189ms
[21.315s][info][gc] GC(3600) Pause Young (Allocation Failure) 11M->6M(15M) 0.180ms
[21.316s][info][gc] GC(3601) Pause Young (Allocation Failure) 11M->6M(15M) 0.174ms
[21.316s][info][gc] GC(3602) Pause Young (Allocation Failure) 11M->6M(15M) 0.175ms
[21.317s][info][gc] GC(3603) Pause Young (Allocation Failure) 11M->6M(15M) 0.180ms
[21.318s][info][gc] GC(3604) Pause Young (Allocation Failure) 11M->7M(15M) 0.220ms
[21.319s][info][gc] GC(3605) Pause Young (Allocation Failure) 11M->8M(15M) 0.227ms
[21.320s][info][gc] GC(3606) Pause Young (Allocation Failure) 12M->7M(15M) 0.172ms
[21.320s][info][gc] GC(3607) Pause Young (Allocation Failure) 12M->8M(15M) 0.180ms
[21.321s][info][gc] GC(3608) Pause Young (Allocation Failure) 12M->7M(15M) 0.175ms
[21.322s][info][gc] GC(3609) Pause Young (Allocation Failure) 12M->8M(15M) 0.226ms
[21.323s][info][gc] GC(3610) Pause Young (Allocation Failure) 12M->8M(15M) 0.191ms
[21.324s][info][gc] GC(3611) Pause Young (Allocation Failure) 12M->8M(15M) 0.198ms
[21.325s][info][gc] GC(3612) Pause Young (Allocation Failure) 12M->8M(15M) 0.166ms
[21.325s][info][gc] GC(3613) Pause Young (Allocation Failure) 12M->8M(15M) 0.199ms
[21.326s][info][gc] GC(3614) Pause Young (Allocation Failure) 13M->9M(15M) 0.199ms
[21.327s][info][gc] GC(3615) Pause Young (Allocation Failure) 13M->9M(15M) 0.227ms
[21.328s][info][gc] GC(3616) Pause Young (Allocation Failure) 13M->9M(15M) 0.211ms
[21.329s][info][gc] GC(3617) Pause Young (Allocation Failure) 13M->9M(15M) 0.167ms
[21.329s][info][gc] GC(3618) Pause Young (Allocation Failure) 13M->9M(15M) 0.168ms
[21.330s][info][gc] GC(3619) Pause Young (Allocation Failure) 13M->9M(15M) 0.205ms
[21.331s][info][gc] GC(3620) Pause Young (Allocation Failure) 14M->9M(15M) 0.181ms
[21.332s][info][gc] GC(3621) Pause Young (Allocation Failure) 14M->9M(15M) 0.178ms
[21.333s][info][gc] GC(3622) Pause Young (Allocation Failure) 13M->9M(15M) 0.172ms
[21.333s][info][gc] GC(3623) Pause Young (Allocation Failure) 13M->9M(15M) 0.174ms
[21.334s][info][gc] GC(3624) Pause Young (Allocation Failure) 13M->10M(15M) 0.199ms
[21.335s][info][gc] GC(3625) Pause Young (Allocation Failure) 14M->10M(15M) 0.212ms
[21.336s][info][gc] GC(3626) Pause Young (Allocation Failure) 14M->10M(15M) 0.222ms
[21.336s][info][gc] GC(3627) Pause Young (Allocation Failure) 15M->15M(15M) 0.025ms
[21.340s][info][gc] GC(3628) Pause Full (Allocation Failure) 15M->3M(15M) 4.030ms
[21.341s][info][gc] GC(3629) Pause Young (Allocation Failure) 8M->4M(15M) 0.197ms
[21.342s][info][gc] GC(3630) Pause Young (Allocation Failure) 8M->4M(15M) 0.205ms
[21.343s][info][gc] GC(3631) Pause Young (Allocation Failure) 8M->4M(15M) 0.200ms
[21.344s][info][gc] GC(3632) Pause Young (Allocation Failure) 8M->4M(15M) 0.170ms
[21.345s][info][gc] GC(3633) Pause Young (Allocation Failure) 8M->4M(15M) 0.180ms
[21.346s][info][gc] GC(3634) Pause Young (Allocation Failure) 8M->4M(15M) 0.167ms
[21.346s][info][gc] GC(3635) Pause Young (Allocation Failure) 8M->4M(15M) 0.191ms
[21.347s][info][gc] GC(3636) Pause Young (Allocation Failure) 9M->4M(15M) 0.182ms
[21.348s][info][gc] GC(3637) Pause Young (Allocation Failure) 9M->4M(15M) 0.170ms
[21.349s][info][gc] GC(3638) Pause Young (Allocation Failure) 8M->4M(15M) 0.180ms
[21.350s][info][gc] GC(3639) Pause Young (Allocation Failure) 8M->4M(15M) 0.168ms
[21.350s][info][gc] GC(3640) Pause Young (Allocation Failure) 8M->4M(15M) 0.170ms
[21.351s][info][gc] GC(3641) Pause Young (Allocation Failure) 8M->4M(15M) 0.183ms
[21.352s][info][gc] GC(3642) Pause Young (Allocation Failure) 9M->4M(15M) 0.179ms
[21.353s][info][gc] GC(3643) Pause Young (Allocation Failure) 8M->4M(15M) 0.184ms
[21.353s][info][gc] GC(3644) Pause Young (Allocation Failure) 9M->4M(15M) 0.169ms
[21.354s][info][gc] GC(3645) Pause Young (Allocation Failure) 8M->4M(15M) 0.189ms
[21.355s][info][gc] GC(3646) Pause Young (Allocation Failure) 9M->4M(15M) 0.199ms
[21.356s][info][gc] GC(3647) Pause Young (Allocation Failure) 9M->5M(15M) 0.170ms
[21.357s][info][gc] GC(3648) Pause Young (Allocation Failure) 9M->5M(15M) 0.198ms
[21.357s][info][gc] GC(3649) Pause Young (Allocation Failure) 9M->5M(15M) 0.166ms
[21.358s][info][gc] GC(3650) Pause Young (Allocation Failure) 9M->5M(15M) 0.195ms
[21.359s][info][gc] GC(3651) Pause Young (Allocation Failure) 9M->5M(15M) 0.172ms
[21.360s][info][gc] GC(3652) Pause Young (Allocation Failure) 9M->5M(15M) 0.186ms
[21.360s][info][gc] GC(3653) Pause Young (Allocation Failure) 10M->5M(15M) 0.175ms
[21.361s][info][gc] GC(3654) Pause Young (Allocation Failure) 9M->5M(15M) 0.174ms
[21.362s][info][gc] GC(3655) Pause Young (Allocation Failure) 9M->6M(15M) 0.207ms
[21.363s][info][gc] GC(3656) Pause Young (Allocation Failure) 10M->6M(15M) 0.188ms
[21.364s][info][gc] GC(3657) Pause Young (Allocation Failure) 10M->6M(15M) 0.182ms
[21.364s][info][gc] GC(3658) Pause Young (Allocation Failure) 10M->6M(15M) 0.194ms
[21.365s][info][gc] GC(3659) Pause Young (Allocation Failure) 10M->6M(15M) 0.162ms
[21.366s][info][gc] GC(3660) Pause Young (Allocation Failure) 10M->6M(15M) 0.194ms
[21.367s][info][gc] GC(3661) Pause Young (Allocation Failure) 11M->6M(15M) 0.177ms
[21.368s][info][gc] GC(3662) Pause Young (Allocation Failure) 10M->6M(15M) 0.193ms
[21.368s][info][gc] GC(3663) Pause Young (Allocation Failure) 11M->7M(15M) 0.196ms
[21.369s][info][gc] GC(3664) Pause Young (Allocation Failure) 11M->6M(15M) 0.171ms
[21.370s][info][gc] GC(3665) Pause Young (Allocation Failure) 11M->7M(15M) 0.180ms
[21.371s][info][gc] GC(3666) Pause Young (Allocation Failure) 11M->6M(15M) 0.182ms
[21.372s][info][gc] GC(3667) Pause Young (Allocation Failure) 11M->6M(15M) 0.166ms
[21.372s][info][gc] GC(3668) Pause Young (Allocation Failure) 11M->7M(15M) 0.199ms
[21.373s][info][gc] GC(3669) Pause Young (Allocation Failure) 11M->7M(15M) 0.181ms
[21.374s][info][gc] GC(3670) Pause Young (Allocation Failure) 11M->7M(15M) 0.177ms
[21.375s][info][gc] GC(3671) Pause Young (Allocation Failure) 11M->7M(15M) 0.205ms
[21.376s][info][gc] GC(3672) Pause Young (Allocation Failure) 11M->7M(15M) 0.168ms
[21.376s][info][gc] GC(3673) Pause Young (Allocation Failure) 11M->7M(15M) 0.186ms
[21.377s][info][gc] GC(3674) Pause Young (Allocation Failure) 12M->7M(15M) 0.182ms
[21.378s][info][gc] GC(3675) Pause Young (Allocation Failure) 11M->7M(15M) 0.192ms
[21.379s][info][gc] GC(3676) Pause Young (Allocation Failure) 12M->8M(15M) 0.158ms
[21.380s][info][gc] GC(3677) Pause Young (Allocation Failure) 12M->7M(15M) 0.181ms
[21.380s][info][gc] GC(3678) Pause Young (Allocation Failure) 12M->8M(15M) 0.204ms
[21.381s][info][gc] GC(3679) Pause Young (Allocation Failure) 12M->8M(15M) 0.204ms
[21.382s][info][gc] GC(3680) Pause Young (Allocation Failure) 12M->8M(15M) 0.186ms
[21.383s][info][gc] GC(3681) Pause Young (Allocation Failure) 12M->8M(15M) 0.175ms
[21.383s][info][gc] GC(3682) Pause Young (Allocation Failure) 12M->8M(15M) 0.180ms
[21.384s][info][gc] GC(3683) Pause Young (Allocation Failure) 12M->8M(15M) 0.167ms
[21.385s][info][gc] GC(3684) Pause Young (Allocation Failure) 12M->8M(15M) 0.144ms
[21.386s][info][gc] GC(3685) Pause Young (Allocation Failure) 13M->8M(15M) 0.176ms
[21.387s][info][gc] GC(3686) Pause Young (Allocation Failure) 12M->8M(15M) 0.141ms
[21.387s][info][gc] GC(3687) Pause Young (Allocation Failure) 13M->8M(15M) 0.189ms
[21.388s][info][gc] GC(3688) Pause Young (Allocation Failure) 13M->8M(15M) 0.167ms
[21.389s][info][gc] GC(3689) Pause Young (Allocation Failure) 12M->8M(15M) 0.167ms
[21.390s][info][gc] GC(3690) Pause Young (Allocation Failure) 12M->8M(15M) 0.183ms
[21.391s][info][gc] GC(3691) Pause Young (Allocation Failure) 13M->8M(15M) 0.184ms
[21.391s][info][gc] GC(3692) Pause Young (Allocation Failure) 13M->8M(15M) 0.179ms
[21.392s][info][gc] GC(3693) Pause Young (Allocation Failure) 13M->8M(15M) 0.186ms
[21.393s][info][gc] GC(3694) Pause Young (Allocation Failure) 13M->8M(15M) 0.171ms
[21.394s][info][gc] GC(3695) Pause Young (Allocation Failure) 12M->8M(15M) 0.175ms
[21.395s][info][gc] GC(3696) Pause Young (Allocation Failure) 13M->9M(15M) 0.197ms
[21.395s][info][gc] GC(3697) Pause Young (Allocation Failure) 13M->8M(15M) 0.166ms
[21.396s][info][gc] GC(3698) Pause Young (Allocation Failure) 13M->9M(15M) 0.183ms
[21.397s][info][gc] GC(3699) Pause Young (Allocation Failure) 13M->9M(15M) 0.226ms
[21.398s][info][gc] GC(3700) Pause Young (Allocation Failure) 14M->9M(15M) 0.182ms
[21.398s][info][gc] GC(3701) Pause Young (Allocation Failure) 14M->10M(15M) 0.201ms
[21.399s][info][gc] GC(3702) Pause Young (Allocation Failure) 14M->9M(15M) 0.167ms
[21.400s][info][gc] GC(3703) Pause Young (Allocation Failure) 14M->10M(15M) 0.185ms
[21.401s][info][gc] GC(3704) Pause Young (Allocation Failure) 14M->10M(15M) 0.198ms
[21.402s][info][gc] GC(3705) Pause Young (Allocation Failure) 14M->10M(15M) 0.146ms
[21.402s][info][gc] GC(3706) Pause Young (Allocation Failure) 14M->10M(15M) 0.187ms
[21.403s][info][gc] GC(3707) Pause Young (Allocation Failure) 14M->10M(15M) 0.180ms
[21.404s][info][gc] GC(3708) Pause Young (Allocation Failure) 14M->11M(15M) 0.221ms
[21.405s][info][gc] GC(3709) Pause Young (Allocation Failure) 15M->15M(15M) 0.025ms
[21.408s][info][gc] GC(3710) Pause Full (Allocation Failure) 15M->3M(15M) 3.872ms
[21.409s][info][gc] GC(3711) Pause Young (Allocation Failure) 8M->4M(15M) 0.168ms
[21.410s][info][gc] GC(3712) Pause Young (Allocation Failure) 8M->4M(15M) 0.207ms
[21.411s][info][gc] GC(3713) Pause Young (Allocation Failure) 9M->4M(15M) 0.163ms
[21.412s][info][gc] GC(3714) Pause Young (Allocation Failure) 8M->5M(15M) 0.219ms
[21.412s][info][gc] GC(3715) Pause Young (Allocation Failure) 9M->5M(15M) 0.179ms
[21.413s][info][gc] GC(3716) Pause Young (Allocation Failure) 9M->5M(15M) 0.173ms
[21.414s][info][gc] GC(3717) Pause Young (Allocation Failure) 9M->5M(15M) 0.170ms
[21.415s][info][gc] GC(3718) Pause Young (Allocation Failure) 9M->5M(15M) 0.176ms
[21.416s][info][gc] GC(3719) Pause Young (Allocation Failure) 9M->5M(15M) 0.183ms
[21.416s][info][gc] GC(3720) Pause Young (Allocation Failure) 10M->5M(15M) 0.185ms
[21.417s][info][gc] GC(3721) Pause Young (Allocation Failure) 10M->6M(15M) 0.212ms
[21.418s][info][gc] GC(3722) Pause Young (Allocation Failure) 10M->6M(15M) 0.188ms
[21.419s][info][gc] GC(3723) Pause Young (Allocation Failure) 10M->6M(15M) 0.167ms
[21.420s][info][gc] GC(3724) Pause Young (Allocation Failure) 10M->6M(15M) 0.181ms
[21.421s][info][gc] GC(3725) Pause Young (Allocation Failure) 10M->6M(15M) 0.169ms
[21.422s][info][gc] GC(3726) Pause Young (Allocation Failure) 10M->6M(15M) 0.188ms
[21.422s][info][gc] GC(3727) Pause Young (Allocation Failure) 11M->6M(15M) 0.170ms
[21.423s][info][gc] GC(3728) Pause Young (Allocation Failure) 10M->6M(15M) 0.175ms
[21.424s][info][gc] GC(3729) Pause Young (Allocation Failure) 10M->6M(15M) 0.149ms
[21.425s][info][gc] GC(3730) Pause Young (Allocation Failure) 11M->6M(15M) 0.183ms
[21.426s][info][gc] GC(3731) Pause Young (Allocation Failure) 11M->6M(15M) 0.170ms
[21.426s][info][gc] GC(3732) Pause Young (Allocation Failure) 10M->6M(15M) 0.171ms
[21.427s][info][gc] GC(3733) Pause Young (Allocation Failure) 11M->6M(15M) 0.168ms
[21.428s][info][gc] GC(3734) Pause Young (Allocation Failure) 11M->6M(15M) 0.180ms
[21.429s][info][gc] GC(3735) Pause Young (Allocation Failure) 11M->6M(15M) 0.180ms
[21.430s][info][gc] GC(3736) Pause Young (Allocation Failure) 11M->6M(15M) 0.182ms
[21.431s][info][gc] GC(3737) Pause Young (Allocation Failure) 11M->6M(15M) 0.223ms
[21.431s][info][gc] GC(3738) Pause Young (Allocation Failure) 10M->7M(15M) 0.208ms
[21.432s][info][gc] GC(3739) Pause Young (Allocation Failure) 11M->6M(15M) 0.186ms
[21.433s][info][gc] GC(3740) Pause Young (Allocation Failure) 11M->7M(15M) 0.215ms
[21.434s][info][gc] GC(3741) Pause Young (Allocation Failure) 11M->7M(15M) 0.220ms
[21.435s][info][gc] GC(3742) Pause Young (Allocation Failure) 12M->7M(15M) 0.205ms
[21.436s][info][gc] GC(3743) Pause Young (Allocation Failure) 12M->8M(15M) 0.200ms
[21.437s][info][gc] GC(3744) Pause Young (Allocation Failure) 12M->7M(15M) 0.177ms
[21.437s][info][gc] GC(3745) Pause Young (Allocation Failure) 12M->7M(15M) 0.175ms
[21.438s][info][gc] GC(3746) Pause Young (Allocation Failure) 12M->8M(15M) 0.140ms
[21.439s][info][gc] GC(3747) Pause Young (Allocation Failure) 12M->7M(15M) 0.175ms
[21.440s][info][gc] GC(3748) Pause Young (Allocation Failure) 12M->7M(15M) 0.166ms
[21.441s][info][gc] GC(3749) Pause Young (Allocation Failure) 12M->7M(15M) 0.166ms
[21.441s][info][gc] GC(3750) Pause Young (Allocation Failure) 12M->7M(15M) 0.173ms
[21.442s][info][gc] GC(3751) Pause Young (Allocation Failure) 12M->8M(15M) 0.193ms
[21.443s][info][gc] GC(3752) Pause Young (Allocation Failure) 12M->8M(15M) 0.174ms
[21.444s][info][gc] GC(3753) Pause Young (Allocation Failure) 12M->8M(15M) 0.178ms
[21.444s][info][gc] GC(3754) Pause Young (Allocation Failure) 12M->8M(15M) 0.186ms
[21.445s][info][gc] GC(3755) Pause Young (Allocation Failure) 12M->8M(15M) 0.183ms
[21.446s][info][gc] GC(3756) Pause Young (Allocation Failure) 12M->7M(15M) 0.166ms
[21.447s][info][gc] GC(3757) Pause Young (Allocation Failure) 12M->7M(15M) 0.183ms
[21.448s][info][gc] GC(3758) Pause Young (Allocation Failure) 12M->9M(15M) 0.253ms
[21.449s][info][gc] GC(3759) Pause Young (Allocation Failure) 13M->9M(15M) 0.205ms
[21.450s][info][gc] GC(3760) Pause Young (Allocation Failure) 13M->9M(15M) 0.192ms
[21.450s][info][gc] GC(3761) Pause Young (Allocation Failure) 13M->9M(15M) 0.194ms
[21.451s][info][gc] GC(3762) Pause Young (Allocation Failure) 14M->9M(15M) 0.171ms
[21.452s][info][gc] GC(3763) Pause Young (Allocation Failure) 14M->9M(15M) 0.173ms
[21.453s][info][gc] GC(3764) Pause Young (Allocation Failure) 13M->9M(15M) 0.177ms
[21.454s][info][gc] GC(3765) Pause Young (Allocation Failure) 13M->9M(15M) 0.173ms
[21.455s][info][gc] GC(3766) Pause Young (Allocation Failure) 13M->9M(15M) 0.195ms
[21.455s][info][gc] GC(3767) Pause Young (Allocation Failure) 13M->9M(15M) 0.179ms
[21.456s][info][gc] GC(3768) Pause Young (Allocation Failure) 13M->9M(15M) 0.182ms
[21.457s][info][gc] GC(3769) Pause Young (Allocation Failure) 13M->9M(15M) 0.193ms
[21.458s][info][gc] GC(3770) Pause Young (Allocation Failure) 14M->9M(15M) 0.183ms
[21.459s][info][gc] GC(3771) Pause Young (Allocation Failure) 14M->10M(15M) 0.204ms
[21.460s][info][gc] GC(3772) Pause Young (Allocation Failure) 14M->10M(15M) 0.186ms
[21.460s][info][gc] GC(3773) Pause Young (Allocation Failure) 14M->10M(15M) 0.182ms
[21.461s][info][gc] GC(3774) Pause Young (Allocation Failure) 14M->9M(15M) 0.169ms
[21.462s][info][gc] GC(3775) Pause Young (Allocation Failure) 14M->10M(15M) 0.177ms
[21.463s][info][gc] GC(3776) Pause Young (Allocation Failure) 14M->10M(15M) 0.172ms
[21.464s][info][gc] GC(3777) Pause Young (Allocation Failure) 14M->10M(15M) 0.186ms
[21.464s][info][gc] GC(3778) Pause Young (Allocation Failure) 14M->10M(15M) 0.193ms
[21.465s][info][gc] GC(3779) Pause Young (Allocation Failure) 15M->15M(15M) 0.025ms
[21.469s][info][gc] GC(3780) Pause Full (Allocation Failure) 15M->4M(15M) 3.998ms
[21.470s][info][gc] GC(3781) Pause Young (Allocation Failure) 8M->4M(15M) 0.188ms
[21.471s][info][gc] GC(3782) Pause Young (Allocation Failure) 8M->4M(15M) 0.170ms
[21.471s][info][gc] GC(3783) Pause Young (Allocation Failure) 8M->4M(15M) 0.186ms
[21.472s][info][gc] GC(3784) Pause Young (Allocation Failure) 9M->4M(15M) 0.168ms
[21.473s][info][gc] GC(3785) Pause Young (Allocation Failure) 8M->4M(15M) 0.170ms
[21.474s][info][gc] GC(3786) Pause Young (Allocation Failure) 8M->4M(15M) 0.176ms
[21.475s][info][gc] GC(3787) Pause Young (Allocation Failure) 8M->4M(15M) 0.182ms
[21.476s][info][gc] GC(3788) Pause Young (Allocation Failure) 8M->4M(15M) 0.168ms
[21.476s][info][gc] GC(3789) Pause Young (Allocation Failure) 8M->4M(15M) 0.172ms
[21.477s][info][gc] GC(3790) Pause Young (Allocation Failure) 8M->4M(15M) 0.167ms
[21.478s][info][gc] GC(3791) Pause Young (Allocation Failure) 8M->4M(15M) 0.171ms
[21.479s][info][gc] GC(3792) Pause Young (Allocation Failure) 8M->5M(15M) 0.208ms
[21.480s][info][gc] GC(3793) Pause Young (Allocation Failure) 9M->4M(15M) 0.176ms
[21.480s][info][gc] GC(3794) Pause Young (Allocation Failure) 9M->5M(15M) 0.194ms
[21.481s][info][gc] GC(3795) Pause Young (Allocation Failure) 9M->5M(15M) 0.176ms
[21.482s][info][gc] GC(3796) Pause Young (Allocation Failure) 9M->5M(15M) 0.159ms
[21.483s][info][gc] GC(3797) Pause Young (Allocation Failure) 9M->5M(15M) 0.184ms
[21.483s][info][gc] GC(3798) Pause Young (Allocation Failure) 9M->5M(15M) 0.191ms
[21.484s][info][gc] GC(3799) Pause Young (Allocation Failure) 9M->5M(15M) 0.190ms
[21.485s][info][gc] GC(3800) Pause Young (Allocation Failure) 10M->5M(15M) 0.178ms
[21.486s][info][gc] GC(3801) Pause Young (Allocation Failure) 10M->5M(15M) 0.179ms
[21.486s][info][gc] GC(3802) Pause Young (Allocation Failure) 9M->5M(15M) 0.192ms
[21.487s][info][gc] GC(3803) Pause Young (Allocation Failure) 10M->5M(15M) 0.179ms
[21.488s][info][gc] GC(3804) Pause Young (Allocation Failure) 10M->6M(15M) 0.182ms
[21.489s][info][gc] GC(3805) Pause Young (Allocation Failure) 10M->5M(15M) 0.168ms
[21.489s][info][gc] GC(3806) Pause Young (Allocation Failure) 10M->6M(15M) 0.186ms
[21.490s][info][gc] GC(3807) Pause Young (Allocation Failure) 10M->6M(15M) 0.189ms
[21.491s][info][gc] GC(3808) Pause Young (Allocation Failure) 10M->6M(15M) 0.185ms
[21.492s][info][gc] GC(3809) Pause Young (Allocation Failure) 10M->6M(15M) 0.215ms
[21.493s][info][gc] GC(3810) Pause Young (Allocation Failure) 11M->6M(15M) 0.170ms
[21.493s][info][gc] GC(3811) Pause Young (Allocation Failure) 10M->7M(15M) 0.185ms
[21.494s][info][gc] GC(3812) Pause Young (Allocation Failure) 11M->7M(15M) 0.215ms
[21.495s][info][gc] GC(3813) Pause Young (Allocation Failure) 11M->7M(15M) 0.182ms
[21.496s][info][gc] GC(3814) Pause Young (Allocation Failure) 11M->7M(15M) 0.205ms
[21.497s][info][gc] GC(3815) Pause Young (Allocation Failure) 12M->7M(15M) 0.176ms
[21.497s][info][gc] GC(3816) Pause Young (Allocation Failure) 11M->7M(15M) 0.181ms
[21.498s][info][gc] GC(3817) Pause Young (Allocation Failure) 12M->7M(15M) 0.181ms
[21.499s][info][gc] GC(3818) Pause Young (Allocation Failure) 12M->7M(15M) 0.165ms
[21.500s][info][gc] GC(3819) Pause Young (Allocation Failure) 11M->8M(15M) 0.195ms
[21.501s][info][gc] GC(3820) Pause Young (Allocation Failure) 12M->8M(15M) 0.138ms
[21.502s][info][gc] GC(3821) Pause Young (Allocation Failure) 12M->7M(15M) 0.165ms
[21.502s][info][gc] GC(3822) Pause Young (Allocation Failure) 12M->8M(15M) 0.195ms
[21.503s][info][gc] GC(3823) Pause Young (Allocation Failure) 12M->8M(15M) 0.176ms
[21.504s][info][gc] GC(3824) Pause Young (Allocation Failure) 12M->8M(15M) 0.188ms
[21.505s][info][gc] GC(3825) Pause Young (Allocation Failure) 12M->8M(15M) 0.179ms
[21.506s][info][gc] GC(3826) Pause Young (Allocation Failure) 12M->7M(15M) 0.169ms
[21.506s][info][gc] GC(3827) Pause Young (Allocation Failure) 12M->8M(15M) 0.195ms
[21.507s][info][gc] GC(3828) Pause Young (Allocation Failure) 12M->8M(15M) 0.167ms
[21.508s][info][gc] GC(3829) Pause Young (Allocation Failure) 12M->8M(15M) 0.194ms
[21.509s][info][gc] GC(3830) Pause Young (Allocation Failure) 12M->8M(15M) 0.168ms
[21.510s][info][gc] GC(3831) Pause Young (Allocation Failure) 12M->8M(15M) 0.170ms
[21.510s][info][gc] GC(3832) Pause Young (Allocation Failure) 12M->8M(15M) 0.195ms
[21.511s][info][gc] GC(3833) Pause Young (Allocation Failure) 13M->8M(15M) 0.170ms
[21.512s][info][gc] GC(3834) Pause Young (Allocation Failure) 12M->8M(15M) 0.166ms
[21.513s][info][gc] GC(3835) Pause Young (Allocation Failure) 12M->8M(15M) 0.184ms
[21.513s][info][gc] GC(3836) Pause Young (Allocation Failure) 13M->8M(15M) 0.179ms
[21.514s][info][gc] GC(3837) Pause Young (Allocation Failure) 13M->8M(15M) 0.193ms
[21.515s][info][gc] GC(3838) Pause Young (Allocation Failure) 13M->9M(15M) 0.186ms
[21.516s][info][gc] GC(3839) Pause Young (Allocation Failure) 13M->9M(15M) 0.214ms
[21.517s][info][gc] GC(3840) Pause Young (Allocation Failure) 13M->9M(15M) 0.170ms
[21.517s][info][gc] GC(3841) Pause Young (Allocation Failure) 13M->9M(15M) 0.185ms
[21.518s][info][gc] GC(3842) Pause Young (Allocation Failure) 13M->9M(15M) 0.186ms
[21.519s][info][gc] GC(3843) Pause Young (Allocation Failure) 13M->9M(15M) 0.191ms
[21.520s][info][gc] GC(3844) Pause Young (Allocation Failure) 14M->9M(15M) 0.199ms
[21.521s][info][gc] GC(3845) Pause Young (Allocation Failure) 14M->10M(15M) 0.216ms
[21.521s][info][gc] GC(3846) Pause Young (Allocation Failure) 14M->10M(15M) 0.178ms
[21.522s][info][gc] GC(3847) Pause Young (Allocation Failure) 14M->10M(15M) 0.175ms
[21.523s][info][gc] GC(3848) Pause Young (Allocation Failure) 14M->10M(15M) 0.173ms
[21.524s][info][gc] GC(3849) Pause Young (Allocation Failure) 14M->10M(15M) 0.163ms
[21.524s][info][gc] GC(3850) Pause Young (Allocation Failure) 14M->10M(15M) 0.173ms
[21.525s][info][gc] GC(3851) Pause Young (Allocation Failure) 14M->10M(15M) 0.171ms
[21.526s][info][gc] GC(3852) Pause Young (Allocation Failure) 14M->10M(15M) 0.182ms
[21.527s][info][gc] GC(3853) Pause Young (Allocation Failure) 14M->10M(15M) 0.162ms
[21.528s][info][gc] GC(3854) Pause Young (Allocation Failure) 14M->10M(15M) 0.175ms
[21.528s][info][gc] GC(3855) Pause Young (Allocation Failure) 14M->10M(15M) 0.193ms
[21.529s][info][gc] GC(3856) Pause Young (Allocation Failure) 15M->15M(15M) 0.025ms
[21.533s][info][gc] GC(3857) Pause Full (Allocation Failure) 15M->3M(15M) 4.000ms
[21.534s][info][gc] GC(3858) Pause Young (Allocation Failure) 7M->3M(15M) 0.167ms
[21.535s][info][gc] GC(3859) Pause Young (Allocation Failure) 7M->3M(15M) 0.202ms
[21.535s][info][gc] GC(3860) Pause Young (Allocation Failure) 8M->3M(15M) 0.172ms
[21.536s][info][gc] GC(3861) Pause Young (Allocation Failure) 7M->4M(15M) 0.201ms
[21.537s][info][gc] GC(3862) Pause Young (Allocation Failure) 8M->4M(15M) 0.185ms
[21.538s][info][gc] GC(3863) Pause Young (Allocation Failure) 8M->4M(15M) 0.186ms
[21.539s][info][gc] GC(3864) Pause Young (Allocation Failure) 8M->4M(15M) 0.187ms
[21.540s][info][gc] GC(3865) Pause Young (Allocation Failure) 8M->4M(15M) 0.182ms
[21.540s][info][gc] GC(3866) Pause Young (Allocation Failure) 8M->4M(15M) 0.172ms
[21.541s][info][gc] GC(3867) Pause Young (Allocation Failure) 8M->4M(15M) 0.196ms
[21.542s][info][gc] GC(3868) Pause Young (Allocation Failure) 8M->4M(15M) 0.191ms
[21.543s][info][gc] GC(3869) Pause Young (Allocation Failure) 8M->4M(15M) 0.197ms
[21.544s][info][gc] GC(3870) Pause Young (Allocation Failure) 9M->4M(15M) 0.194ms
[21.544s][info][gc] GC(3871) Pause Young (Allocation Failure) 9M->4M(15M) 0.182ms
[21.545s][info][gc] GC(3872) Pause Young (Allocation Failure) 9M->5M(15M) 0.217ms
[21.546s][info][gc] GC(3873) Pause Young (Allocation Failure) 9M->5M(15M) 0.186ms
[21.547s][info][gc] GC(3874) Pause Young (Allocation Failure) 9M->5M(15M) 0.189ms
[21.548s][info][gc] GC(3875) Pause Young (Allocation Failure) 9M->5M(15M) 0.182ms
[21.549s][info][gc] GC(3876) Pause Young (Allocation Failure) 9M->5M(15M) 0.187ms
[21.549s][info][gc] GC(3877) Pause Young (Allocation Failure) 9M->5M(15M) 0.192ms
[21.550s][info][gc] GC(3878) Pause Young (Allocation Failure) 9M->5M(15M) 0.185ms
[21.551s][info][gc] GC(3879) Pause Young (Allocation Failure) 9M->5M(15M) 0.164ms
[21.552s][info][gc] GC(3880) Pause Young (Allocation Failure) 9M->5M(15M) 0.175ms
[21.553s][info][gc] GC(3881) Pause Young (Allocation Failure) 9M->5M(15M) 0.183ms
[21.553s][info][gc] GC(3882) Pause Young (Allocation Failure) 9M->5M(15M) 0.166ms
[21.554s][info][gc] GC(3883) Pause Young (Allocation Failure) 9M->5M(15M) 0.178ms
[21.555s][info][gc] GC(3884) Pause Young (Allocation Failure) 9M->5M(15M) 0.185ms
[21.556s][info][gc] GC(3885) Pause Young (Allocation Failure) 9M->5M(15M) 0.181ms
[21.557s][info][gc] GC(3886) Pause Young (Allocation Failure) 9M->5M(15M) 0.167ms
[21.557s][info][gc] GC(3887) Pause Young (Allocation Failure) 9M->5M(15M) 0.207ms
[21.558s][info][gc] GC(3888) Pause Young (Allocation Failure) 10M->6M(15M) 0.195ms
[21.559s][info][gc] GC(3889) Pause Young (Allocation Failure) 10M->5M(15M) 0.177ms
[21.560s][info][gc] GC(3890) Pause Young (Allocation Failure) 10M->5M(15M) 0.165ms
[21.561s][info][gc] GC(3891) Pause Young (Allocation Failure) 9M->5M(15M) 0.171ms
[21.561s][info][gc] GC(3892) Pause Young (Allocation Failure) 10M->5M(15M) 0.175ms
[21.562s][info][gc] GC(3893) Pause Young (Allocation Failure) 10M->6M(15M) 0.190ms
[21.563s][info][gc] GC(3894) Pause Young (Allocation Failure) 10M->5M(15M) 0.167ms
[21.564s][info][gc] GC(3895) Pause Young (Allocation Failure) 10M->6M(15M) 0.192ms
[21.565s][info][gc] GC(3896) Pause Young (Allocation Failure) 10M->5M(15M) 0.167ms
[21.565s][info][gc] GC(3897) Pause Young (Allocation Failure) 10M->5M(15M) 0.169ms
[21.566s][info][gc] GC(3898) Pause Young (Allocation Failure) 10M->6M(15M) 0.178ms
[21.567s][info][gc] GC(3899) Pause Young (Allocation Failure) 10M->5M(15M) 0.169ms
[21.568s][info][gc] GC(3900) Pause Young (Allocation Failure) 10M->6M(15M) 0.202ms
[21.569s][info][gc] GC(3901) Pause Young (Allocation Failure) 10M->6M(15M) 0.165ms
[21.569s][info][gc] GC(3902) Pause Young (Allocation Failure) 10M->6M(15M) 0.191ms
[21.570s][info][gc] GC(3903) Pause Young (Allocation Failure) 11M->6M(15M) 0.206ms
[21.571s][info][gc] GC(3904) Pause Young (Allocation Failure) 11M->6M(15M) 0.173ms
[21.572s][info][gc] GC(3905) Pause Young (Allocation Failure) 11M->7M(15M) 0.191ms
[21.573s][info][gc] GC(3906) Pause Young (Allocation Failure) 11M->6M(15M) 0.171ms
[21.573s][info][gc] GC(3907) Pause Young (Allocation Failure) 11M->7M(15M) 0.184ms
[21.574s][info][gc] GC(3908) Pause Young (Allocation Failure) 11M->6M(15M) 0.172ms
[21.575s][info][gc] GC(3909) Pause Young (Allocation Failure) 11M->7M(15M) 0.198ms
[21.576s][info][gc] GC(3910) Pause Young (Allocation Failure) 11M->7M(15M) 0.205ms
[21.577s][info][gc] GC(3911) Pause Young (Allocation Failure) 11M->7M(15M) 0.182ms
[21.578s][info][gc] GC(3912) Pause Young (Allocation Failure) 11M->7M(15M) 0.183ms
[21.578s][info][gc] GC(3913) Pause Young (Allocation Failure) 11M->8M(15M) 0.222ms
[21.579s][info][gc] GC(3914) Pause Young (Allocation Failure) 12M->7M(15M) 0.163ms
[21.580s][info][gc] GC(3915) Pause Young (Allocation Failure) 11M->8M(15M) 0.200ms
[21.581s][info][gc] GC(3916) Pause Young (Allocation Failure) 12M->7M(15M) 0.167ms
[21.582s][info][gc] GC(3917) Pause Young (Allocation Failure) 12M->8M(15M) 0.175ms
[21.582s][info][gc] GC(3918) Pause Young (Allocation Failure) 12M->7M(15M) 0.168ms
[21.583s][info][gc] GC(3919) Pause Young (Allocation Failure) 12M->8M(15M) 0.168ms
[21.584s][info][gc] GC(3920) Pause Young (Allocation Failure) 12M->8M(15M) 0.171ms
[21.585s][info][gc] GC(3921) Pause Young (Allocation Failure) 12M->8M(15M) 0.169ms
[21.586s][info][gc] GC(3922) Pause Young (Allocation Failure) 12M->8M(15M) 0.215ms
[21.586s][info][gc] GC(3923) Pause Young (Allocation Failure) 13M->8M(15M) 0.166ms
[21.587s][info][gc] GC(3924) Pause Young (Allocation Failure) 12M->8M(15M) 0.196ms
[21.588s][info][gc] GC(3925) Pause Young (Allocation Failure) 13M->8M(15M) 0.168ms
[21.589s][info][gc] GC(3926) Pause Young (Allocation Failure) 12M->9M(15M) 0.219ms
[21.589s][info][gc] GC(3927) Pause Young (Allocation Failure) 13M->9M(15M) 0.148ms
[21.590s][info][gc] GC(3928) Pause Young (Allocation Failure) 13M->10M(15M) 0.223ms
[21.591s][info][gc] GC(3929) Pause Young (Allocation Failure) 14M->9M(15M) 0.169ms
[21.592s][info][gc] GC(3930) Pause Young (Allocation Failure) 14M->10M(15M) 0.187ms
[21.593s][info][gc] GC(3931) Pause Young (Allocation Failure) 14M->9M(15M) 0.172ms
[21.593s][info][gc] GC(3932) Pause Young (Allocation Failure) 14M->9M(15M) 0.168ms
[21.594s][info][gc] GC(3933) Pause Young (Allocation Failure) 14M->9M(15M) 0.175ms
[21.595s][info][gc] GC(3934) Pause Young (Allocation Failure) 14M->10M(15M) 0.209ms
[21.596s][info][gc] GC(3935) Pause Young (Allocation Failure) 14M->10M(15M) 0.191ms
[21.596s][info][gc] GC(3936) Pause Young (Allocation Failure) 14M->14M(15M) 0.025ms
[21.601s][info][gc] GC(3937) Pause Full (Allocation Failure) 14M->3M(15M) 4.108ms
[21.601s][info][gc] GC(3938) Pause Young (Allocation Failure) 8M->4M(15M) 0.206ms
[21.602s][info][gc] GC(3939) Pause Young (Allocation Failure) 9M->4M(15M) 0.201ms
[21.603s][info][gc] GC(3940) Pause Young (Allocation Failure) 9M->4M(15M) 0.182ms
[21.604s][info][gc] GC(3941) Pause Young (Allocation Failure) 9M->5M(15M) 0.198ms
[21.604s][info][gc] GC(3942) Pause Young (Allocation Failure) 9M->5M(15M) 0.229ms
[21.605s][info][gc] GC(3943) Pause Young (Allocation Failure) 10M->5M(15M) 0.171ms
[21.606s][info][gc] GC(3944) Pause Young (Allocation Failure) 10M->5M(15M) 0.150ms
[21.607s][info][gc] GC(3945) Pause Young (Allocation Failure) 9M->5M(15M) 0.161ms
[21.608s][info][gc] GC(3946) Pause Young (Allocation Failure) 10M->5M(15M) 0.192ms
[21.609s][info][gc] GC(3947) Pause Young (Allocation Failure) 10M->5M(15M) 0.168ms
[21.609s][info][gc] GC(3948) Pause Young (Allocation Failure) 9M->5M(15M) 0.168ms
[21.610s][info][gc] GC(3949) Pause Young (Allocation Failure) 9M->5M(15M) 0.169ms
[21.611s][info][gc] GC(3950) Pause Young (Allocation Failure) 9M->5M(15M) 0.179ms
[21.612s][info][gc] GC(3951) Pause Young (Allocation Failure) 10M->5M(15M) 0.177ms
[21.613s][info][gc] GC(3952) Pause Young (Allocation Failure) 10M->6M(15M) 0.189ms
[21.614s][info][gc] GC(3953) Pause Young (Allocation Failure) 10M->5M(15M) 0.175ms
[21.614s][info][gc] GC(3954) Pause Young (Allocation Failure) 10M->6M(15M) 0.197ms
[21.615s][info][gc] GC(3955) Pause Young (Allocation Failure) 10M->6M(15M) 0.198ms
[21.616s][info][gc] GC(3956) Pause Young (Allocation Failure) 10M->6M(15M) 0.183ms
[21.617s][info][gc] GC(3957) Pause Young (Allocation Failure) 10M->6M(15M) 0.170ms
[21.618s][info][gc] GC(3958) Pause Young (Allocation Failure) 10M->6M(15M) 0.177ms
[21.618s][info][gc] GC(3959) Pause Young (Allocation Failure) 10M->6M(15M) 0.167ms
[21.619s][info][gc] GC(3960) Pause Young (Allocation Failure) 10M->6M(15M) 0.214ms
[21.620s][info][gc] GC(3961) Pause Young (Allocation Failure) 11M->6M(15M) 0.177ms
[21.621s][info][gc] GC(3962) Pause Young (Allocation Failure) 10M->7M(15M) 0.217ms
[21.621s][info][gc] GC(3963) Pause Young (Allocation Failure) 11M->7M(15M) 0.221ms
[21.622s][info][gc] GC(3964) Pause Young (Allocation Failure) 12M->7M(15M) 0.169ms
[21.623s][info][gc] GC(3965) Pause Young (Allocation Failure) 11M->7M(15M) 0.182ms
[21.624s][info][gc] GC(3966) Pause Young (Allocation Failure) 11M->7M(15M) 0.188ms
[21.625s][info][gc] GC(3967) Pause Young (Allocation Failure) 12M->7M(15M) 0.176ms
[21.625s][info][gc] GC(3968) Pause Young (Allocation Failure) 11M->7M(15M) 0.195ms
[21.626s][info][gc] GC(3969) Pause Young (Allocation Failure) 12M->7M(15M) 0.168ms
[21.627s][info][gc] GC(3970) Pause Young (Allocation Failure) 11M->7M(15M) 0.184ms
[21.628s][info][gc] GC(3971) Pause Young (Allocation Failure) 12M->8M(15M) 0.195ms
[21.629s][info][gc] GC(3972) Pause Young (Allocation Failure) 12M->8M(15M) 0.204ms
[21.629s][info][gc] GC(3973) Pause Young (Allocation Failure) 12M->8M(15M) 0.186ms
[21.630s][info][gc] GC(3974) Pause Young (Allocation Failure) 12M->8M(15M) 0.171ms
[21.631s][info][gc] GC(3975) Pause Young (Allocation Failure) 12M->8M(15M) 0.167ms
[21.632s][info][gc] GC(3976) Pause Young (Allocation Failure) 12M->8M(15M) 0.164ms
[21.632s][info][gc] GC(3977) Pause Young (Allocation Failure) 12M->8M(15M) 0.203ms
[21.633s][info][gc] GC(3978) Pause Young (Allocation Failure) 13M->9M(15M) 0.197ms
[21.634s][info][gc] GC(3979) Pause Young (Allocation Failure) 13M->8M(15M) 0.164ms
[21.635s][info][gc] GC(3980) Pause Young (Allocation Failure) 13M->9M(15M) 0.185ms
[21.636s][info][gc] GC(3981) Pause Young (Allocation Failure) 13M->8M(15M) 0.175ms
[21.636s][info][gc] GC(3982) Pause Young (Allocation Failure) 13M->9M(15M) 0.199ms
[21.637s][info][gc] GC(3983) Pause Young (Allocation Failure) 13M->9M(15M) 0.178ms
[21.638s][info][gc] GC(3984) Pause Young (Allocation Failure) 13M->9M(15M) 0.187ms
[21.639s][info][gc] GC(3985) Pause Young (Allocation Failure) 13M->9M(15M) 0.173ms
[21.640s][info][gc] GC(3986) Pause Young (Allocation Failure) 13M->9M(15M) 0.212ms
[21.640s][info][gc] GC(3987) Pause Young (Allocation Failure) 14M->9M(15M) 0.184ms
[21.641s][info][gc] GC(3988) Pause Young (Allocation Failure) 14M->9M(15M) 0.130ms
[21.642s][info][gc] GC(3989) Pause Young (Allocation Failure) 14M->10M(15M) 0.185ms
[21.643s][info][gc] GC(3990) Pause Young (Allocation Failure) 14M->10M(15M) 0.184ms
[21.643s][info][gc] GC(3991) Pause Young (Allocation Failure) 14M->10M(15M) 0.183ms
[21.644s][info][gc] GC(3992) Pause Young (Allocation Failure) 14M->10M(15M) 0.205ms
[21.645s][info][gc] GC(3993) Pause Young (Allocation Failure) 14M->10M(15M) 0.172ms
[21.646s][info][gc] GC(3994) Pause Young (Allocation Failure) 14M->10M(15M) 0.178ms
[21.647s][info][gc] GC(3995) Pause Young (Allocation Failure) 14M->10M(15M) 0.221ms
[21.647s][info][gc] GC(3996) Pause Young (Allocation Failure) 15M->15M(15M) 0.025ms
[21.651s][info][gc] GC(3997) Pause Full (Allocation Failure) 15M->4M(15M) 3.925ms
[21.652s][info][gc] GC(3998) Pause Young (Allocation Failure) 8M->4M(15M) 0.180ms
[21.653s][info][gc] GC(3999) Pause Young (Allocation Failure) 8M->4M(15M) 0.176ms
[21.654s][info][gc] GC(4000) Pause Young (Allocation Failure) 9M->4M(15M) 0.163ms
[21.654s][info][gc] GC(4001) Pause Young (Allocation Failure) 8M->4M(15M) 0.167ms
[21.655s][info][gc] GC(4002) Pause Young (Allocation Failure) 8M->4M(15M) 0.170ms
[21.656s][info][gc] GC(4003) Pause Young (Allocation Failure) 8M->4M(15M) 0.199ms
[21.657s][info][gc] GC(4004) Pause Young (Allocation Failure) 9M->4M(15M) 0.186ms
[21.658s][info][gc] GC(4005) Pause Young (Allocation Failure) 9M->5M(15M) 0.191ms
[21.658s][info][gc] GC(4006) Pause Young (Allocation Failure) 9M->4M(15M) 0.166ms
[21.659s][info][gc] GC(4007) Pause Young (Allocation Failure) 9M->4M(15M) 0.168ms
[21.660s][info][gc] GC(4008) Pause Young (Allocation Failure) 9M->5M(15M) 0.223ms
[21.661s][info][gc] GC(4009) Pause Young (Allocation Failure) 9M->5M(15M) 0.189ms
[21.662s][info][gc] GC(4010) Pause Young (Allocation Failure) 9M->5M(15M) 0.167ms
[21.662s][info][gc] GC(4011) Pause Young (Allocation Failure) 9M->5M(15M) 0.204ms
[21.663s][info][gc] GC(4012) Pause Young (Allocation Failure) 10M->5M(15M) 0.172ms
[21.664s][info][gc] GC(4013) Pause Young (Allocation Failure) 10M->6M(15M) 0.194ms
[21.665s][info][gc] GC(4014) Pause Young (Allocation Failure) 10M->6M(15M) 0.176ms
[21.665s][info][gc] GC(4015) Pause Young (Allocation Failure) 10M->6M(15M) 0.178ms
[21.666s][info][gc] GC(4016) Pause Young (Allocation Failure) 10M->6M(15M) 0.188ms
[21.667s][info][gc] GC(4017) Pause Young (Allocation Failure) 10M->5M(15M) 0.168ms
[21.668s][info][gc] GC(4018) Pause Young (Allocation Failure) 10M->6M(15M) 0.183ms
[21.669s][info][gc] GC(4019) Pause Young (Allocation Failure) 10M->6M(15M) 0.192ms
[21.670s][info][gc] GC(4020) Pause Young (Allocation Failure) 10M->6M(15M) 0.167ms
[21.670s][info][gc] GC(4021) Pause Young (Allocation Failure) 10M->6M(15M) 0.185ms
[21.671s][info][gc] GC(4022) Pause Young (Allocation Failure) 10M->6M(15M) 0.169ms
[21.672s][info][gc] GC(4023) Pause Young (Allocation Failure) 10M->6M(15M) 0.172ms
[21.673s][info][gc] GC(4024) Pause Young (Allocation Failure) 10M->6M(15M) 0.193ms
[21.674s][info][gc] GC(4025) Pause Young (Allocation Failure) 10M->6M(15M) 0.188ms
[21.675s][info][gc] GC(4026) Pause Young (Allocation Failure) 11M->6M(15M) 0.168ms
[21.675s][info][gc] GC(4027) Pause Young (Allocation Failure) 10M->6M(15M) 0.189ms
[21.676s][info][gc] GC(4028) Pause Young (Allocation Failure) 11M->6M(15M) 0.183ms
[21.677s][info][gc] GC(4029) Pause Young (Allocation Failure) 11M->6M(15M) 0.179ms
[21.678s][info][gc] GC(4030) Pause Young (Allocation Failure) 11M->6M(15M) 0.171ms
[21.678s][info][gc] GC(4031) Pause Young (Allocation Failure) 10M->7M(15M) 0.197ms
[21.679s][info][gc] GC(4032) Pause Young (Allocation Failure) 11M->7M(15M) 0.183ms
[21.680s][info][gc] GC(4033) Pause Young (Allocation Failure) 11M->7M(15M) 0.182ms
[21.681s][info][gc] GC(4034) Pause Young (Allocation Failure) 11M->7M(15M) 0.199ms
[21.682s][info][gc] GC(4035) Pause Young (Allocation Failure) 11M->7M(15M) 0.183ms
[21.682s][info][gc] GC(4036) Pause Young (Allocation Failure) 11M->7M(15M) 0.168ms
[21.683s][info][gc] GC(4037) Pause Young (Allocation Failure) 11M->7M(15M) 0.201ms
[21.684s][info][gc] GC(4038) Pause Young (Allocation Failure) 11M->7M(15M) 0.175ms
[21.685s][info][gc] GC(4039) Pause Young (Allocation Failure) 11M->7M(15M) 0.171ms
[21.685s][info][gc] GC(4040) Pause Young (Allocation Failure) 11M->7M(15M) 0.198ms
[21.686s][info][gc] GC(4041) Pause Young (Allocation Failure) 12M->7M(15M) 0.183ms
[21.687s][info][gc] GC(4042) Pause Young (Allocation Failure) 12M->7M(15M) 0.183ms
[21.688s][info][gc] GC(4043) Pause Young (Allocation Failure) 12M->7M(15M) 0.171ms
[21.689s][info][gc] GC(4044) Pause Young (Allocation Failure) 11M->7M(15M) 0.170ms
[21.689s][info][gc] GC(4045) Pause Young (Allocation Failure) 11M->7M(15M) 0.182ms
[21.690s][info][gc] GC(4046) Pause Young (Allocation Failure) 12M->7M(15M) 0.168ms
[21.691s][info][gc] GC(4047) Pause Young (Allocation Failure) 11M->8M(15M) 0.205ms
[21.692s][info][gc] GC(4048) Pause Young (Allocation Failure) 12M->8M(15M) 0.187ms
[21.693s][info][gc] GC(4049) Pause Young (Allocation Failure) 12M->8M(15M) 0.201ms
[21.693s][info][gc] GC(4050) Pause Young (Allocation Failure) 12M->8M(15M) 0.205ms
[21.694s][info][gc] GC(4051) Pause Young (Allocation Failure) 13M->9M(15M) 0.206ms
[21.695s][info][gc] GC(4052) Pause Young (Allocation Failure) 13M->9M(15M) 0.178ms
[21.696s][info][gc] GC(4053) Pause Young (Allocation Failure) 13M->9M(15M) 0.198ms
[21.697s][info][gc] GC(4054) Pause Young (Allocation Failure) 13M->9M(15M) 0.182ms
[21.698s][info][gc] GC(4055) Pause Young (Allocation Failure) 13M->9M(15M) 0.167ms
[21.698s][info][gc] GC(4056) Pause Young (Allocation Failure) 13M->9M(15M) 0.196ms
[21.699s][info][gc] GC(4057) Pause Young (Allocation Failure) 13M->9M(15M) 0.200ms
[21.700s][info][gc] GC(4058) Pause Young (Allocation Failure) 14M->9M(15M) 0.179ms
[21.701s][info][gc] GC(4059) Pause Young (Allocation Failure) 13M->9M(15M) 0.169ms
[21.701s][info][gc] GC(4060) Pause Young (Allocation Failure) 13M->9M(15M) 0.164ms
[21.702s][info][gc] GC(4061) Pause Young (Allocation Failure) 13M->9M(15M) 0.184ms
[21.703s][info][gc] GC(4062) Pause Young (Allocation Failure) 14M->9M(15M) 0.170ms
[21.704s][info][gc] GC(4063) Pause Young (Allocation Failure) 13M->9M(15M) 0.174ms
[21.705s][info][gc] GC(4064) Pause Young (Allocation Failure) 13M->9M(15M) 0.174ms
[21.705s][info][gc] GC(4065) Pause Young (Allocation Failure) 13M->9M(15M) 0.183ms
[21.706s][info][gc] GC(4066) Pause Young (Allocation Failure) 14M->9M(15M) 0.184ms
[21.707s][info][gc] GC(4067) Pause Young (Allocation Failure) 14M->10M(15M) 0.196ms
[21.708s][info][gc] GC(4068) Pause Young (Allocation Failure) 14M->9M(15M) 0.180ms
[21.708s][info][gc] GC(4069) Pause Young (Allocation Failure) 14M->9M(15M) 0.173ms
[21.709s][info][gc] GC(4070) Pause Young (Allocation Failure) 14M->10M(15M) 0.183ms
[21.710s][info][gc] GC(4071) Pause Young (Allocation Failure) 14M->9M(15M) 0.172ms
[21.711s][info][gc] GC(4072) Pause Young (Allocation Failure) 14M->10M(15M) 0.195ms
[21.712s][info][gc] GC(4073) Pause Young (Allocation Failure) 14M->10M(15M) 0.144ms
[21.713s][info][gc] GC(4074) Pause Young (Allocation Failure) 14M->10M(15M) 0.178ms
[21.713s][info][gc] GC(4075) Pause Young (Allocation Failure) 14M->10M(15M) 0.174ms
[21.714s][info][gc] GC(4076) Pause Young (Allocation Failure) 14M->10M(15M) 0.186ms
[21.715s][info][gc] GC(4077) Pause Young (Allocation Failure) 14M->10M(15M) 0.195ms
[21.716s][info][gc] GC(4078) Pause Young (Allocation Failure) 14M->10M(15M) 0.193ms
[21.716s][info][gc] GC(4079) Pause Young (Allocation Failure) 15M->15M(15M) 0.025ms
[21.720s][info][gc] GC(4080) Pause Full (Allocation Failure) 15M->4M(15M) 4.109ms
[21.721s][info][gc] GC(4081) Pause Young (Allocation Failure) 8M->4M(15M) 0.179ms
[21.722s][info][gc] GC(4082) Pause Young (Allocation Failure) 8M->4M(15M) 0.191ms
[21.723s][info][gc] GC(4083) Pause Young (Allocation Failure) 9M->5M(15M) 0.194ms
[21.724s][info][gc] GC(4084) Pause Young (Allocation Failure) 9M->5M(15M) 0.182ms
[21.724s][info][gc] GC(4085) Pause Young (Allocation Failure) 9M->4M(15M) 0.170ms
[21.725s][info][gc] GC(4086) Pause Young (Allocation Failure) 9M->5M(15M) 0.195ms
[21.726s][info][gc] GC(4087) Pause Young (Allocation Failure) 9M->5M(15M) 0.182ms
[21.727s][info][gc] GC(4088) Pause Young (Allocation Failure) 9M->5M(15M) 0.186ms
[21.728s][info][gc] GC(4089) Pause Young (Allocation Failure) 9M->5M(15M) 0.168ms
[21.728s][info][gc] GC(4090) Pause Young (Allocation Failure) 9M->5M(15M) 0.210ms
[21.729s][info][gc] GC(4091) Pause Young (Allocation Failure) 10M->5M(15M) 0.169ms
[21.730s][info][gc] GC(4092) Pause Young (Allocation Failure) 9M->5M(15M) 0.167ms
[21.731s][info][gc] GC(4093) Pause Young (Allocation Failure) 9M->5M(15M) 0.169ms
[21.731s][info][gc] GC(4094) Pause Young (Allocation Failure) 9M->5M(15M) 0.182ms
[21.732s][info][gc] GC(4095) Pause Young (Allocation Failure) 10M->5M(15M) 0.185ms
[21.733s][info][gc] GC(4096) Pause Young (Allocation Failure) 10M->5M(15M) 0.152ms
[21.734s][info][gc] GC(4097) Pause Young (Allocation Failure) 10M->5M(15M) 0.203ms
[21.735s][info][gc] GC(4098) Pause Young (Allocation Failure) 10M->5M(15M) 0.175ms
[21.735s][info][gc] GC(4099) Pause Young (Allocation Failure) 10M->5M(15M) 0.180ms
[21.736s][info][gc] GC(4100) Pause Young (Allocation Failure) 10M->5M(15M) 0.172ms
[21.737s][info][gc] GC(4101) Pause Young (Allocation Failure) 10M->6M(15M) 0.188ms
[21.738s][info][gc] GC(4102) Pause Young (Allocation Failure) 10M->5M(15M) 0.177ms
[21.739s][info][gc] GC(4103) Pause Young (Allocation Failure) 10M->5M(15M) 0.173ms
[21.739s][info][gc] GC(4104) Pause Young (Allocation Failure) 10M->5M(15M) 0.167ms
[21.740s][info][gc] GC(4105) Pause Young (Allocation Failure) 10M->5M(15M) 0.163ms
[21.741s][info][gc] GC(4106) Pause Young (Allocation Failure) 10M->5M(15M) 0.173ms
[21.742s][info][gc] GC(4107) Pause Young (Allocation Failure) 10M->6M(15M) 0.188ms
[21.742s][info][gc] GC(4108) Pause Young (Allocation Failure) 10M->5M(15M) 0.168ms
[21.743s][info][gc] GC(4109) Pause Young (Allocation Failure) 10M->5M(15M) 0.173ms
[21.744s][info][gc] GC(4110) Pause Young (Allocation Failure) 10M->6M(15M) 0.191ms
[21.745s][info][gc] GC(4111) Pause Young (Allocation Failure) 10M->5M(15M) 0.172ms
[21.746s][info][gc] GC(4112) Pause Young (Allocation Failure) 10M->5M(15M) 0.167ms
[21.746s][info][gc] GC(4113) Pause Young (Allocation Failure) 10M->6M(15M) 0.178ms
[21.747s][info][gc] GC(4114) Pause Young (Allocation Failure) 10M->6M(15M) 0.174ms
[21.748s][info][gc] GC(4115) Pause Young (Allocation Failure) 10M->6M(15M) 0.169ms
[21.749s][info][gc] GC(4116) Pause Young (Allocation Failure) 10M->6M(15M) 0.185ms
[21.749s][info][gc] GC(4117) Pause Young (Allocation Failure) 10M->6M(15M) 0.228ms
[21.750s][info][gc] GC(4118) Pause Young (Allocation Failure) 11M->7M(15M) 0.188ms
[21.751s][info][gc] GC(4119) Pause Young (Allocation Failure) 11M->7M(15M) 0.180ms
[21.752s][info][gc] GC(4120) Pause Young (Allocation Failure) 11M->7M(15M) 0.182ms
[21.753s][info][gc] GC(4121) Pause Young (Allocation Failure) 11M->6M(15M) 0.168ms
[21.753s][info][gc] GC(4122) Pause Young (Allocation Failure) 11M->7M(15M) 0.252ms
[21.754s][info][gc] GC(4123) Pause Young (Allocation Failure) 11M->7M(15M) 0.185ms
[21.755s][info][gc] GC(4124) Pause Young (Allocation Failure) 11M->7M(15M) 0.177ms
[21.756s][info][gc] GC(4125) Pause Young (Allocation Failure) 11M->7M(15M) 0.193ms
[21.757s][info][gc] GC(4126) Pause Young (Allocation Failure) 12M->8M(15M) 0.207ms
[21.757s][info][gc] GC(4127) Pause Young (Allocation Failure) 12M->8M(15M) 0.136ms
[21.758s][info][gc] GC(4128) Pause Young (Allocation Failure) 12M->8M(15M) 0.183ms
[21.759s][info][gc] GC(4129) Pause Young (Allocation Failure) 12M->8M(15M) 0.209ms
[21.760s][info][gc] GC(4130) Pause Young (Allocation Failure) 12M->8M(15M) 0.206ms
[21.760s][info][gc] GC(4131) Pause Young (Allocation Failure) 13M->8M(15M) 0.163ms
[21.761s][info][gc] GC(4132) Pause Young (Allocation Failure) 12M->8M(15M) 0.180ms
[21.762s][info][gc] GC(4133) Pause Young (Allocation Failure) 13M->9M(15M) 0.189ms
[21.763s][info][gc] GC(4134) Pause Young (Allocation Failure) 13M->9M(15M) 0.191ms
[21.764s][info][gc] GC(4135) Pause Young (Allocation Failure) 13M->8M(15M) 0.163ms
[21.764s][info][gc] GC(4136) Pause Young (Allocation Failure) 13M->9M(15M) 0.199ms
[21.765s][info][gc] GC(4137) Pause Young (Allocation Failure) 13M->9M(15M) 0.182ms
[21.766s][info][gc] GC(4138) Pause Young (Allocation Failure) 13M->9M(15M) 0.176ms
[21.767s][info][gc] GC(4139) Pause Young (Allocation Failure) 13M->9M(15M) 0.165ms
[21.768s][info][gc] GC(4140) Pause Young (Allocation Failure) 13M->9M(15M) 0.189ms
[21.768s][info][gc] GC(4141) Pause Young (Allocation Failure) 14M->10M(15M) 0.200ms
[21.769s][info][gc] GC(4142) Pause Young (Allocation Failure) 14M->10M(15M) 0.194ms
[21.770s][info][gc] GC(4143) Pause Young (Allocation Failure) 14M->10M(15M) 0.207ms
[21.771s][info][gc] GC(4144) Pause Young (Allocation Failure) 15M->15M(15M) 0.025ms
[21.775s][info][gc] GC(4145) Pause Full (Allocation Failure) 15M->3M(15M) 4.073ms
[21.776s][info][gc] GC(4146) Pause Young (Allocation Failure) 7M->3M(15M) 0.180ms
[21.776s][info][gc] GC(4147) Pause Young (Allocation Failure) 8M->4M(15M) 0.188ms
[21.777s][info][gc] GC(4148) Pause Young (Allocation Failure) 8M->4M(15M) 0.199ms
[21.778s][info][gc] GC(4149) Pause Young (Allocation Failure) 8M->4M(15M) 0.191ms
[21.779s][info][gc] GC(4150) Pause Young (Allocation Failure) 8M->4M(15M) 0.190ms
[21.779s][info][gc] GC(4151) Pause Young (Allocation Failure) 8M->4M(15M) 0.182ms
[21.780s][info][gc] GC(4152) Pause Young (Allocation Failure) 8M->4M(15M) 0.220ms
[21.781s][info][gc] GC(4153) Pause Young (Allocation Failure) 9M->4M(15M) 0.171ms
[21.782s][info][gc] GC(4154) Pause Young (Allocation Failure) 8M->4M(15M) 0.169ms
[21.783s][info][gc] GC(4155) Pause Young (Allocation Failure) 8M->4M(15M) 0.169ms
[21.783s][info][gc] GC(4156) Pause Young (Allocation Failure) 8M->5M(15M) 0.198ms
[21.784s][info][gc] GC(4157) Pause Young (Allocation Failure) 9M->5M(15M) 0.202ms
[21.785s][info][gc] GC(4158) Pause Young (Allocation Failure) 9M->5M(15M) 0.167ms
[21.786s][info][gc] GC(4159) Pause Young (Allocation Failure) 9M->5M(15M) 0.181ms
[21.787s][info][gc] GC(4160) Pause Young (Allocation Failure) 9M->5M(15M) 0.181ms
[21.788s][info][gc] GC(4161) Pause Young (Allocation Failure) 9M->5M(15M) 0.175ms
[21.788s][info][gc] GC(4162) Pause Young (Allocation Failure) 9M->5M(15M) 0.167ms
[21.789s][info][gc] GC(4163) Pause Young (Allocation Failure) 9M->5M(15M) 0.179ms
[21.790s][info][gc] GC(4164) Pause Young (Allocation Failure) 9M->5M(15M) 0.178ms
[21.791s][info][gc] GC(4165) Pause Young (Allocation Failure) 9M->5M(15M) 0.169ms
[21.792s][info][gc] GC(4166) Pause Young (Allocation Failure) 9M->5M(15M) 0.174ms
[21.792s][info][gc] GC(4167) Pause Young (Allocation Failure) 9M->5M(15M) 0.192ms
[21.793s][info][gc] GC(4168) Pause Young (Allocation Failure) 9M->5M(15M) 0.186ms
[21.794s][info][gc] GC(4169) Pause Young (Allocation Failure) 9M->5M(15M) 0.219ms
[21.795s][info][gc] GC(4170) Pause Young (Allocation Failure) 10M->5M(15M) 0.175ms
[21.796s][info][gc] GC(4171) Pause Young (Allocation Failure) 9M->5M(15M) 0.171ms
[21.797s][info][gc] GC(4172) Pause Young (Allocation Failure) 9M->5M(15M) 0.167ms
[21.797s][info][gc] GC(4173) Pause Young (Allocation Failure) 10M->5M(15M) 0.146ms
[21.798s][info][gc] GC(4174) Pause Young (Allocation Failure) 9M->5M(15M) 0.161ms
[21.799s][info][gc] GC(4175) Pause Young (Allocation Failure) 10M->5M(15M) 0.141ms
[21.800s][info][gc] GC(4176) Pause Young (Allocation Failure) 9M->6M(15M) 0.169ms
[21.801s][info][gc] GC(4177) Pause Young (Allocation Failure) 10M->6M(15M) 0.200ms
[21.801s][info][gc] GC(4178) Pause Young (Allocation Failure) 10M->6M(15M) 0.179ms
[21.802s][info][gc] GC(4179) Pause Young (Allocation Failure) 11M->6M(15M) 0.151ms
[21.803s][info][gc] GC(4180) Pause Young (Allocation Failure) 10M->7M(15M) 0.158ms
[21.804s][info][gc] GC(4181) Pause Young (Allocation Failure) 11M->7M(15M) 0.166ms
[21.804s][info][gc] GC(4182) Pause Young (Allocation Failure) 11M->7M(15M) 0.155ms
[21.805s][info][gc] GC(4183) Pause Young (Allocation Failure) 11M->6M(15M) 0.140ms
[21.806s][info][gc] GC(4184) Pause Young (Allocation Failure) 11M->7M(15M) 0.160ms
[21.807s][info][gc] GC(4185) Pause Young (Allocation Failure) 11M->7M(15M) 0.195ms
[21.808s][info][gc] GC(4186) Pause Young (Allocation Failure) 11M->7M(15M) 0.178ms
[21.809s][info][gc] GC(4187) Pause Young (Allocation Failure) 11M->7M(15M) 0.176ms
[21.809s][info][gc] GC(4188) Pause Young (Allocation Failure) 11M->7M(15M) 0.178ms
[21.810s][info][gc] GC(4189) Pause Young (Allocation Failure) 11M->7M(15M) 0.183ms
[21.811s][info][gc] GC(4190) Pause Young (Allocation Failure) 11M->7M(15M) 0.182ms
[21.812s][info][gc] GC(4191) Pause Young (Allocation Failure) 11M->7M(15M) 0.206ms
[21.812s][info][gc] GC(4192) Pause Young (Allocation Failure) 11M->7M(15M) 0.177ms
[21.813s][info][gc] GC(4193) Pause Young (Allocation Failure) 11M->7M(15M) 0.187ms
[21.814s][info][gc] GC(4194) Pause Young (Allocation Failure) 11M->7M(15M) 0.187ms
[21.815s][info][gc] GC(4195) Pause Young (Allocation Failure) 12M->7M(15M) 0.163ms
[21.816s][info][gc] GC(4196) Pause Young (Allocation Failure) 11M->7M(15M) 0.188ms
[21.816s][info][gc] GC(4197) Pause Young (Allocation Failure) 12M->7M(15M) 0.163ms
[21.817s][info][gc] GC(4198) Pause Young (Allocation Failure) 11M->7M(15M) 0.198ms
[21.818s][info][gc] GC(4199) Pause Young (Allocation Failure) 12M->8M(15M) 0.195ms
[21.819s][info][gc] GC(4200) Pause Young (Allocation Failure) 12M->7M(15M) 0.181ms
[21.820s][info][gc] GC(4201) Pause Young (Allocation Failure) 12M->8M(15M) 0.183ms
[21.821s][info][gc] GC(4202) Pause Young (Allocation Failure) 12M->8M(15M) 0.187ms
[21.821s][info][gc] GC(4203) Pause Young (Allocation Failure) 12M->8M(15M) 0.215ms
[21.822s][info][gc] GC(4204) Pause Young (Allocation Failure) 12M->8M(15M) 0.171ms
[21.823s][info][gc] GC(4205) Pause Young (Allocation Failure) 12M->8M(15M) 0.191ms
[21.824s][info][gc] GC(4206) Pause Young (Allocation Failure) 13M->8M(15M) 0.167ms
[21.824s][info][gc] GC(4207) Pause Young (Allocation Failure) 12M->8M(15M) 0.174ms
[21.825s][info][gc] GC(4208) Pause Young (Allocation Failure) 12M->8M(15M) 0.131ms
[21.826s][info][gc] GC(4209) Pause Young (Allocation Failure) 13M->8M(15M) 0.195ms
[21.827s][info][gc] GC(4210) Pause Young (Allocation Failure) 13M->9M(15M) 0.184ms
[21.828s][info][gc] GC(4211) Pause Young (Allocation Failure) 13M->9M(15M) 0.204ms
[21.828s][info][gc] GC(4212) Pause Young (Allocation Failure) 13M->9M(15M) 0.196ms
[21.829s][info][gc] GC(4213) Pause Young (Allocation Failure) 13M->8M(15M) 0.162ms
[21.830s][info][gc] GC(4214) Pause Young (Allocation Failure) 13M->9M(15M) 0.166ms
[21.831s][info][gc] GC(4215) Pause Young (Allocation Failure) 13M->9M(15M) 0.164ms
[21.832s][info][gc] GC(4216) Pause Young (Allocation Failure) 13M->9M(15M) 0.172ms
[21.833s][info][gc] GC(4217) Pause Young (Allocation Failure) 13M->9M(15M) 0.210ms
[21.833s][info][gc] GC(4218) Pause Young (Allocation Failure) 14M->9M(15M) 0.179ms
[21.834s][info][gc] GC(4219) Pause Young (Allocation Failure) 14M->10M(15M) 0.206ms
[21.835s][info][gc] GC(4220) Pause Young (Allocation Failure) 14M->9M(15M) 0.164ms
[21.836s][info][gc] GC(4221) Pause Young (Allocation Failure) 13M->10M(15M) 0.206ms
[21.837s][info][gc] GC(4222) Pause Young (Allocation Failure) 14M->10M(15M) 0.206ms
[21.837s][info][gc] GC(4223) Pause Young (Allocation Failure) 15M->15M(15M) 0.025ms
[21.841s][info][gc] GC(4224) Pause Full (Allocation Failure) 15M->3M(15M) 4.140ms
[21.842s][info][gc] GC(4225) Pause Young (Allocation Failure) 8M->4M(15M) 0.181ms
[21.843s][info][gc] GC(4226) Pause Young (Allocation Failure) 8M->4M(15M) 0.193ms
[21.844s][info][gc] GC(4227) Pause Young (Allocation Failure) 8M->4M(15M) 0.158ms
[21.845s][info][gc] GC(4228) Pause Young (Allocation Failure) 8M->4M(15M) 0.166ms
[21.846s][info][gc] GC(4229) Pause Young (Allocation Failure) 8M->4M(15M) 0.177ms
[21.846s][info][gc] GC(4230) Pause Young (Allocation Failure) 8M->4M(15M) 0.167ms
[21.847s][info][gc] GC(4231) Pause Young (Allocation Failure) 8M->4M(15M) 0.175ms
[21.848s][info][gc] GC(4232) Pause Young (Allocation Failure) 8M->4M(15M) 0.209ms
[21.849s][info][gc] GC(4233) Pause Young (Allocation Failure) 9M->4M(15M) 0.194ms
[21.849s][info][gc] GC(4234) Pause Young (Allocation Failure) 9M->4M(15M) 0.167ms
[21.850s][info][gc] GC(4235) Pause Young (Allocation Failure) 9M->5M(15M) 0.201ms
[21.851s][info][gc] GC(4236) Pause Young (Allocation Failure) 9M->5M(15M) 0.189ms
[21.852s][info][gc] GC(4237) Pause Young (Allocation Failure) 9M->5M(15M) 0.181ms
[21.853s][info][gc] GC(4238) Pause Young (Allocation Failure) 9M->4M(15M) 0.171ms
[21.853s][info][gc] GC(4239) Pause Young (Allocation Failure) 9M->4M(15M) 0.164ms
[21.854s][info][gc] GC(4240) Pause Young (Allocation Failure) 9M->5M(15M) 0.180ms
[21.855s][info][gc] GC(4241) Pause Young (Allocation Failure) 9M->5M(15M) 0.174ms
[21.855s][info][gc] GC(4242) Pause Young (Allocation Failure) 9M->5M(15M) 0.189ms
[21.856s][info][gc] GC(4243) Pause Young (Allocation Failure) 9M->5M(15M) 0.187ms
[21.857s][info][gc] GC(4244) Pause Young (Allocation Failure) 10M->5M(15M) 0.180ms
[21.858s][info][gc] GC(4245) Pause Young (Allocation Failure) 10M->6M(15M) 0.198ms
[21.858s][info][gc] GC(4246) Pause Young (Allocation Failure) 10M->6M(15M) 0.197ms
[21.859s][info][gc] GC(4247) Pause Young (Allocation Failure) 10M->5M(15M) 0.164ms
[21.860s][info][gc] GC(4248) Pause Young (Allocation Failure) 10M->6M(15M) 0.181ms
[21.861s][info][gc] GC(4249) Pause Young (Allocation Failure) 10M->6M(15M) 0.171ms
[21.862s][info][gc] GC(4250) Pause Young (Allocation Failure) 10M->5M(15M) 0.162ms
[21.862s][info][gc] GC(4251) Pause Young (Allocation Failure) 10M->6M(15M) 0.200ms
[21.863s][info][gc] GC(4252) Pause Young (Allocation Failure) 10M->6M(15M) 0.165ms
[21.864s][info][gc] GC(4253) Pause Young (Allocation Failure) 10M->6M(15M) 0.187ms
[21.865s][info][gc] GC(4254) Pause Young (Allocation Failure) 11M->6M(15M) 0.171ms
[21.865s][info][gc] GC(4255) Pause Young (Allocation Failure) 11M->7M(15M) 0.216ms
[21.866s][info][gc] GC(4256) Pause Young (Allocation Failure) 11M->7M(15M) 0.177ms
[21.867s][info][gc] GC(4257) Pause Young (Allocation Failure) 11M->7M(15M) 0.225ms
[21.868s][info][gc] GC(4258) Pause Young (Allocation Failure) 12M->7M(15M) 0.176ms
[21.869s][info][gc] GC(4259) Pause Young (Allocation Failure) 12M->7M(15M) 0.161ms
[21.869s][info][gc] GC(4260) Pause Young (Allocation Failure) 11M->7M(15M) 0.189ms
[21.870s][info][gc] GC(4261) Pause Young (Allocation Failure) 12M->7M(15M) 0.172ms
[21.871s][info][gc] GC(4262) Pause Young (Allocation Failure) 12M->7M(15M) 0.180ms
[21.872s][info][gc] GC(4263) Pause Young (Allocation Failure) 12M->8M(15M) 0.192ms
[21.873s][info][gc] GC(4264) Pause Young (Allocation Failure) 12M->7M(15M) 0.174ms
[21.874s][info][gc] GC(4265) Pause Young (Allocation Failure) 12M->8M(15M) 0.205ms
[21.875s][info][gc] GC(4266) Pause Young (Allocation Failure) 12M->8M(15M) 0.163ms
[21.875s][info][gc] GC(4267) Pause Young (Allocation Failure) 12M->8M(15M) 0.165ms
[21.876s][info][gc] GC(4268) Pause Young (Allocation Failure) 12M->8M(15M) 0.160ms
[21.877s][info][gc] GC(4269) Pause Young (Allocation Failure) 12M->8M(15M) 0.163ms
[21.878s][info][gc] GC(4270) Pause Young (Allocation Failure) 12M->8M(15M) 0.144ms
[21.879s][info][gc] GC(4271) Pause Young (Allocation Failure) 12M->8M(15M) 0.147ms
[21.879s][info][gc] GC(4272) Pause Young (Allocation Failure) 12M->8M(15M) 0.156ms
[21.880s][info][gc] GC(4273) Pause Young (Allocation Failure) 12M->9M(15M) 0.207ms
[21.881s][info][gc] GC(4274) Pause Young (Allocation Failure) 13M->9M(15M) 0.165ms
[21.882s][info][gc] GC(4275) Pause Young (Allocation Failure) 13M->9M(15M) 0.142ms
[21.882s][info][gc] GC(4276) Pause Young (Allocation Failure) 13M->9M(15M) 0.172ms
[21.883s][info][gc] GC(4277) Pause Young (Allocation Failure) 14M->9M(15M) 0.154ms
[21.884s][info][gc] GC(4278) Pause Young (Allocation Failure) 13M->9M(15M) 0.170ms
[21.885s][info][gc] GC(4279) Pause Young (Allocation Failure) 14M->9M(15M) 0.154ms
[21.885s][info][gc] GC(4280) Pause Young (Allocation Failure) 14M->9M(15M) 0.146ms
[21.886s][info][gc] GC(4281) Pause Young (Allocation Failure) 14M->9M(15M) 0.140ms
[21.887s][info][gc] GC(4282) Pause Young (Allocation Failure) 13M->10M(15M) 0.156ms
[21.888s][info][gc] GC(4283) Pause Young (Allocation Failure) 14M->10M(15M) 0.124ms
[21.889s][info][gc] GC(4284) Pause Young (Allocation Failure) 14M->10M(15M) 0.163ms
[21.889s][info][gc] GC(4285) Pause Young (Allocation Failure) 14M->9M(15M) 0.146ms
[21.890s][info][gc] GC(4286) Pause Young (Allocation Failure) 14M->10M(15M) 0.140ms
[21.891s][info][gc] GC(4287) Pause Young (Allocation Failure) 14M->10M(15M) 0.159ms
[21.892s][info][gc] GC(4288) Pause Young (Allocation Failure) 14M->10M(15M) 0.155ms
[21.892s][info][gc] GC(4289) Pause Young (Allocation Failure) 14M->10M(15M) 0.155ms
[21.893s][info][gc] GC(4290) Pause Young (Allocation Failure) 14M->10M(15M) 0.157ms
[21.894s][info][gc] GC(4291) Pause Young (Allocation Failure) 14M->10M(15M) 0.147ms
[21.895s][info][gc] GC(4292) Pause Young (Allocation Failure) 14M->10M(15M) 0.160ms
[21.895s][info][gc] GC(4293) Pause Young (Allocation Failure) 14M->10M(15M) 0.145ms
[21.896s][info][gc] GC(4294) Pause Young (Allocation Failure) 14M->10M(15M) 0.146ms
[21.897s][info][gc] GC(4295) Pause Young (Allocation Failure) 14M->10M(15M) 0.157ms
[21.898s][info][gc] GC(4296) Pause Young (Allocation Failure) 14M->10M(15M) 0.166ms
[21.898s][info][gc] GC(4297) Pause Young (Allocation Failure) 15M->10M(15M) 0.154ms
[21.899s][info][gc] GC(4298) Pause Young (Allocation Failure) 15M->10M(15M) 0.146ms
[21.900s][info][gc] GC(4299) Pause Young (Allocation Failure) 14M->10M(15M) 0.163ms
[21.901s][info][gc] GC(4300) Pause Young (Allocation Failure) 15M->10M(15M) 0.153ms
[21.902s][info][gc] GC(4301) Pause Young (Allocation Failure) 14M->10M(15M) 0.156ms
[21.902s][info][gc] GC(4302) Pause Young (Allocation Failure) 15M->10M(15M) 0.150ms
[21.903s][info][gc] GC(4303) Pause Young (Allocation Failure) 14M->10M(15M) 0.147ms
[21.904s][info][gc] GC(4304) Pause Young (Allocation Failure) 14M->10M(15M) 0.152ms
[21.905s][info][gc] GC(4305) Pause Young (Allocation Failure) 15M->10M(15M) 0.151ms
[21.905s][info][gc] GC(4306) Pause Young (Allocation Failure) 15M->11M(15M) 0.169ms
[21.906s][info][gc] GC(4307) Pause Young (Allocation Failure) 15M->15M(15M) 0.019ms
[21.910s][info][gc] GC(4308) Pause Full (Allocation Failure) 15M->4M(15M) 3.975ms
[21.911s][info][gc] GC(4309) Pause Young (Allocation Failure) 8M->4M(15M) 0.162ms
[21.912s][info][gc] GC(4310) Pause Young (Allocation Failure) 8M->4M(15M) 0.148ms
[21.912s][info][gc] GC(4311) Pause Young (Allocation Failure) 8M->4M(15M) 0.151ms
[21.913s][info][gc] GC(4312) Pause Young (Allocation Failure) 8M->4M(15M) 0.151ms
[21.914s][info][gc] GC(4313) Pause Young (Allocation Failure) 8M->4M(15M) 0.169ms
[21.915s][info][gc] GC(4314) Pause Young (Allocation Failure) 8M->4M(15M) 0.172ms
[21.915s][info][gc] GC(4315) Pause Young (Allocation Failure) 8M->4M(15M) 0.163ms
[21.916s][info][gc] GC(4316) Pause Young (Allocation Failure) 8M->4M(15M) 0.164ms
[21.917s][info][gc] GC(4317) Pause Young (Allocation Failure) 8M->4M(15M) 0.172ms
[21.918s][info][gc] GC(4318) Pause Young (Allocation Failure) 8M->4M(15M) 0.200ms
[21.919s][info][gc] GC(4319) Pause Young (Allocation Failure) 9M->4M(15M) 0.158ms
[21.920s][info][gc] GC(4320) Pause Young (Allocation Failure) 8M->4M(15M) 0.166ms
[21.921s][info][gc] GC(4321) Pause Young (Allocation Failure) 8M->4M(15M) 0.174ms
[21.921s][info][gc] GC(4322) Pause Young (Allocation Failure) 9M->5M(15M) 0.183ms
[21.922s][info][gc] GC(4323) Pause Young (Allocation Failure) 9M->4M(15M) 0.171ms
[21.923s][info][gc] GC(4324) Pause Young (Allocation Failure) 9M->5M(15M) 0.187ms
[21.924s][info][gc] GC(4325) Pause Young (Allocation Failure) 9M->4M(15M) 0.168ms
[21.925s][info][gc] GC(4326) Pause Young (Allocation Failure) 9M->5M(15M) 0.166ms
[21.926s][info][gc] GC(4327) Pause Young (Allocation Failure) 9M->5M(15M) 0.164ms
[21.926s][info][gc] GC(4328) Pause Young (Allocation Failure) 9M->5M(15M) 0.201ms
[21.927s][info][gc] GC(4329) Pause Young (Allocation Failure) 9M->5M(15M) 0.203ms
[21.928s][info][gc] GC(4330) Pause Young (Allocation Failure) 10M->5M(15M) 0.166ms
[21.929s][info][gc] GC(4331) Pause Young (Allocation Failure) 9M->6M(15M) 0.208ms
[21.930s][info][gc] GC(4332) Pause Young (Allocation Failure) 10M->6M(15M) 0.163ms
[21.931s][info][gc] GC(4333) Pause Young (Allocation Failure) 10M->6M(15M) 0.190ms
[21.931s][info][gc] GC(4334) Pause Young (Allocation Failure) 10M->6M(15M) 0.159ms
[21.932s][info][gc] GC(4335) Pause Young (Allocation Failure) 10M->6M(15M) 0.162ms
[21.933s][info][gc] GC(4336) Pause Young (Allocation Failure) 10M->6M(15M) 0.189ms
[21.934s][info][gc] GC(4337) Pause Young (Allocation Failure) 11M->6M(15M) 0.163ms
[21.935s][info][gc] GC(4338) Pause Young (Allocation Failure) 10M->7M(15M) 0.206ms
[21.935s][info][gc] GC(4339) Pause Young (Allocation Failure) 11M->7M(15M) 0.178ms
[21.936s][info][gc] GC(4340) Pause Young (Allocation Failure) 11M->7M(15M) 0.208ms
[21.937s][info][gc] GC(4341) Pause Young (Allocation Failure) 11M->7M(15M) 0.148ms
[21.938s][info][gc] GC(4342) Pause Young (Allocation Failure) 11M->7M(15M) 0.173ms
[21.939s][info][gc] GC(4343) Pause Young (Allocation Failure) 11M->7M(15M) 0.183ms
[21.940s][info][gc] GC(4344) Pause Young (Allocation Failure) 11M->7M(15M) 0.151ms
[21.941s][info][gc] GC(4345) Pause Young (Allocation Failure) 12M->7M(15M) 0.166ms
[21.942s][info][gc] GC(4346) Pause Young (Allocation Failure) 12M->7M(15M) 0.179ms
[21.942s][info][gc] GC(4347) Pause Young (Allocation Failure) 12M->8M(15M) 0.191ms
[21.943s][info][gc] GC(4348) Pause Young (Allocation Failure) 12M->7M(15M) 0.177ms
[21.944s][info][gc] GC(4349) Pause Young (Allocation Failure) 12M->8M(15M) 0.213ms
[21.945s][info][gc] GC(4350) Pause Young (Allocation Failure) 12M->8M(15M) 0.173ms
[21.946s][info][gc] GC(4351) Pause Young (Allocation Failure) 12M->8M(15M) 0.162ms
[21.947s][info][gc] GC(4352) Pause Young (Allocation Failure) 12M->9M(15M) 0.196ms
[21.948s][info][gc] GC(4353) Pause Young (Allocation Failure) 13M->8M(15M) 0.165ms
[21.948s][info][gc] GC(4354) Pause Young (Allocation Failure) 13M->8M(15M) 0.163ms
[21.949s][info][gc] GC(4355) Pause Young (Allocation Failure) 12M->9M(15M) 0.170ms
[21.950s][info][gc] GC(4356) Pause Young (Allocation Failure) 13M->9M(15M) 0.208ms
[21.951s][info][gc] GC(4357) Pause Young (Allocation Failure) 13M->9M(15M) 0.191ms
[21.952s][info][gc] GC(4358) Pause Young (Allocation Failure) 13M->9M(15M) 0.170ms
[21.953s][info][gc] GC(4359) Pause Young (Allocation Failure) 13M->9M(15M) 0.159ms
[21.954s][info][gc] GC(4360) Pause Young (Allocation Failure) 13M->9M(15M) 0.244ms
[21.954s][info][gc] GC(4361) Pause Young (Allocation Failure) 13M->9M(15M) 0.180ms
[21.955s][info][gc] GC(4362) Pause Young (Allocation Failure) 13M->9M(15M) 0.179ms
[21.956s][info][gc] GC(4363) Pause Young (Allocation Failure) 13M->9M(15M) 0.207ms
[21.957s][info][gc] GC(4364) Pause Young (Allocation Failure) 14M->10M(15M) 0.207ms
[21.958s][info][gc] GC(4365) Pause Young (Allocation Failure) 14M->10M(15M) 0.165ms
[21.958s][info][gc] GC(4366) Pause Young (Allocation Failure) 14M->10M(15M) 0.176ms
[21.959s][info][gc] GC(4367) Pause Young (Allocation Failure) 14M->10M(15M) 0.186ms
[21.960s][info][gc] GC(4368) Pause Young (Allocation Failure) 14M->10M(15M) 0.145ms
[21.961s][info][gc] GC(4369) Pause Young (Allocation Failure) 14M->10M(15M) 0.165ms
[21.962s][info][gc] GC(4370) Pause Young (Allocation Failure) 14M->10M(15M) 0.163ms
[21.963s][info][gc] GC(4371) Pause Young (Allocation Failure) 14M->10M(15M) 0.190ms
[21.963s][info][gc] GC(4372) Pause Young (Allocation Failure) 14M->10M(15M) 0.161ms
[21.964s][info][gc] GC(4373) Pause Young (Allocation Failure) 14M->10M(15M) 0.168ms
[21.965s][info][gc] GC(4374) Pause Young (Allocation Failure) 14M->10M(15M) 0.187ms
[21.966s][info][gc] GC(4375) Pause Young (Allocation Failure) 14M->10M(15M) 0.175ms
[21.967s][info][gc] GC(4376) Pause Young (Allocation Failure) 14M->10M(15M) 0.198ms
[21.968s][info][gc] GC(4377) Pause Young (Allocation Failure) 15M->15M(15M) 0.025ms
[21.972s][info][gc] GC(4378) Pause Full (Allocation Failure) 15M->4M(15M) 4.034ms
[21.973s][info][gc] GC(4379) Pause Young (Allocation Failure) 8M->4M(15M) 0.187ms
[21.973s][info][gc] GC(4380) Pause Young (Allocation Failure) 9M->5M(15M) 0.198ms
[21.974s][info][gc] GC(4381) Pause Young (Allocation Failure) 9M->5M(15M) 0.202ms
[21.975s][info][gc] GC(4382) Pause Young (Allocation Failure) 9M->5M(15M) 0.228ms
[21.976s][info][gc] GC(4383) Pause Young (Allocation Failure) 10M->5M(15M) 0.171ms
[21.977s][info][gc] GC(4384) Pause Young (Allocation Failure) 10M->5M(15M) 0.167ms
[21.977s][info][gc] GC(4385) Pause Young (Allocation Failure) 10M->6M(15M) 0.181ms
[21.978s][info][gc] GC(4386) Pause Young (Allocation Failure) 10M->5M(15M) 0.165ms
[21.979s][info][gc] GC(4387) Pause Young (Allocation Failure) 10M->5M(15M) 0.174ms
[21.980s][info][gc] GC(4388) Pause Young (Allocation Failure) 10M->5M(15M) 0.162ms
[21.981s][info][gc] GC(4389) Pause Young (Allocation Failure) 9M->5M(15M) 0.176ms
[21.982s][info][gc] GC(4390) Pause Young (Allocation Failure) 10M->5M(15M) 0.153ms
[21.982s][info][gc] GC(4391) Pause Young (Allocation Failure) 9M->6M(15M) 0.171ms
[21.983s][info][gc] GC(4392) Pause Young (Allocation Failure) 10M->5M(15M) 0.172ms
[21.984s][info][gc] GC(4393) Pause Young (Allocation Failure) 10M->5M(15M) 0.160ms
[21.985s][info][gc] GC(4394) Pause Young (Allocation Failure) 10M->5M(15M) 0.166ms
[21.986s][info][gc] GC(4395) Pause Young (Allocation Failure) 10M->6M(15M) 0.183ms
[21.987s][info][gc] GC(4396) Pause Young (Allocation Failure) 10M->6M(15M) 0.181ms
[21.987s][info][gc] GC(4397) Pause Young (Allocation Failure) 10M->5M(15M) 0.170ms
[21.988s][info][gc] GC(4398) Pause Young (Allocation Failure) 10M->6M(15M) 0.190ms
[21.989s][info][gc] GC(4399) Pause Young (Allocation Failure) 10M->6M(15M) 0.142ms
[21.990s][info][gc] GC(4400) Pause Young (Allocation Failure) 10M->6M(15M) 0.168ms
[21.990s][info][gc] GC(4401) Pause Young (Allocation Failure) 10M->6M(15M) 0.179ms
[21.991s][info][gc] GC(4402) Pause Young (Allocation Failure) 10M->6M(15M) 0.177ms
[21.992s][info][gc] GC(4403) Pause Young (Allocation Failure) 10M->6M(15M) 0.189ms
[21.993s][info][gc] GC(4404) Pause Young (Allocation Failure) 10M->7M(15M) 0.225ms
[21.994s][info][gc] GC(4405) Pause Young (Allocation Failure) 11M->7M(15M) 0.220ms
[21.995s][info][gc] GC(4406) Pause Young (Allocation Failure) 12M->7M(15M) 0.177ms
[21.996s][info][gc] GC(4407) Pause Young (Allocation Failure) 11M->7M(15M) 0.159ms
[21.996s][info][gc] GC(4408) Pause Young (Allocation Failure) 11M->7M(15M) 0.194ms
[21.997s][info][gc] GC(4409) Pause Young (Allocation Failure) 12M->8M(15M) 0.188ms
[21.998s][info][gc] GC(4410) Pause Young (Allocation Failure) 12M->7M(15M) 0.175ms
[21.999s][info][gc] GC(4411) Pause Young (Allocation Failure) 12M->8M(15M) 0.172ms
[22.000s][info][gc] GC(4412) Pause Young (Allocation Failure) 12M->8M(15M) 0.172ms
[22.000s][info][gc] GC(4413) Pause Young (Allocation Failure) 12M->8M(15M) 0.186ms
[22.001s][info][gc] GC(4414) Pause Young (Allocation Failure) 13M->8M(15M) 0.180ms
[22.002s][info][gc] GC(4415) Pause Young (Allocation Failure) 13M->8M(15M) 0.177ms
[22.003s][info][gc] GC(4416) Pause Young (Allocation Failure) 13M->8M(15M) 0.190ms
[22.004s][info][gc] GC(4417) Pause Young (Allocation Failure) 13M->8M(15M) 0.174ms
[22.004s][info][gc] GC(4418) Pause Young (Allocation Failure) 13M->8M(15M) 0.163ms
[22.005s][info][gc] GC(4419) Pause Young (Allocation Failure) 12M->8M(15M) 0.178ms
[22.006s][info][gc] GC(4420) Pause Young (Allocation Failure) 13M->9M(15M) 0.233ms
[22.007s][info][gc] GC(4421) Pause Young (Allocation Failure) 14M->9M(15M) 0.181ms
[22.008s][info][gc] GC(4422) Pause Young (Allocation Failure) 14M->9M(15M) 0.182ms
[22.009s][info][gc] GC(4423) Pause Young (Allocation Failure) 14M->9M(15M) 0.183ms
[22.010s][info][gc] GC(4424) Pause Young (Allocation Failure) 14M->9M(15M) 0.178ms
[22.010s][info][gc] GC(4425) Pause Young (Allocation Failure) 14M->10M(15M) 0.197ms
[22.011s][info][gc] GC(4426) Pause Young (Allocation Failure) 14M->14M(15M) 0.025ms
[22.015s][info][gc] GC(4427) Pause Full (Allocation Failure) 14M->3M(15M) 4.148ms
[22.016s][info][gc] GC(4428) Pause Young (Allocation Failure) 7M->4M(15M) 0.213ms
[22.017s][info][gc] GC(4429) Pause Young (Allocation Failure) 8M->4M(15M) 0.193ms
[22.017s][info][gc] GC(4430) Pause Young (Allocation Failure) 9M->5M(15M) 0.203ms
[22.018s][info][gc] GC(4431) Pause Young (Allocation Failure) 9M->5M(15M) 0.191ms
[22.019s][info][gc] GC(4432) Pause Young (Allocation Failure) 9M->5M(15M) 0.170ms
[22.020s][info][gc] GC(4433) Pause Young (Allocation Failure) 9M->5M(15M) 0.187ms
[22.021s][info][gc] GC(4434) Pause Young (Allocation Failure) 9M->5M(15M) 0.192ms
[22.022s][info][gc] GC(4435) Pause Young (Allocation Failure) 9M->5M(15M) 0.163ms
[22.022s][info][gc] GC(4436) Pause Young (Allocation Failure) 9M->5M(15M) 0.188ms
[22.023s][info][gc] GC(4437) Pause Young (Allocation Failure) 10M->5M(15M) 0.149ms
[22.024s][info][gc] GC(4438) Pause Young (Allocation Failure) 10M->5M(15M) 0.171ms
[22.025s][info][gc] GC(4439) Pause Young (Allocation Failure) 9M->5M(15M) 0.170ms
[22.026s][info][gc] GC(4440) Pause Young (Allocation Failure) 9M->5M(15M) 0.176ms
[22.026s][info][gc] GC(4441) Pause Young (Allocation Failure) 9M->5M(15M) 0.167ms
[22.027s][info][gc] GC(4442) Pause Young (Allocation Failure) 9M->5M(15M) 0.179ms
[22.028s][info][gc] GC(4443) Pause Young (Allocation Failure) 10M->6M(15M) 0.206ms
[22.029s][info][gc] GC(4444) Pause Young (Allocation Failure) 10M->6M(15M) 0.175ms
[22.030s][info][gc] GC(4445) Pause Young (Allocation Failure) 10M->6M(15M) 0.137ms
[22.030s][info][gc] GC(4446) Pause Young (Allocation Failure) 10M->6M(15M) 0.180ms
[22.031s][info][gc] GC(4447) Pause Young (Allocation Failure) 10M->6M(15M) 0.172ms
[22.032s][info][gc] GC(4448) Pause Young (Allocation Failure) 10M->6M(15M) 0.182ms
[22.033s][info][gc] GC(4449) Pause Young (Allocation Failure) 10M->6M(15M) 0.167ms
[22.034s][info][gc] GC(4450) Pause Young (Allocation Failure) 10M->6M(15M) 0.193ms
[22.035s][info][gc] GC(4451) Pause Young (Allocation Failure) 11M->6M(15M) 0.176ms
[22.036s][info][gc] GC(4452) Pause Young (Allocation Failure) 11M->6M(15M) 0.172ms
[22.036s][info][gc] GC(4453) Pause Young (Allocation Failure) 10M->7M(15M) 0.200ms
[22.037s][info][gc] GC(4454) Pause Young (Allocation Failure) 11M->7M(15M) 0.146ms
[22.038s][info][gc] GC(4455) Pause Young (Allocation Failure) 11M->7M(15M) 0.166ms
[22.039s][info][gc] GC(4456) Pause Young (Allocation Failure) 11M->7M(15M) 0.162ms
[22.039s][info][gc] GC(4457) Pause Young (Allocation Failure) 11M->7M(15M) 0.168ms
[22.040s][info][gc] GC(4458) Pause Young (Allocation Failure) 11M->7M(15M) 0.200ms
[22.041s][info][gc] GC(4459) Pause Young (Allocation Failure) 11M->7M(15M) 0.159ms
[22.042s][info][gc] GC(4460) Pause Young (Allocation Failure) 11M->7M(15M) 0.159ms
[22.043s][info][gc] GC(4461) Pause Young (Allocation Failure) 11M->7M(15M) 0.177ms
[22.044s][info][gc] GC(4462) Pause Young (Allocation Failure) 11M->7M(15M) 0.174ms
[22.044s][info][gc] GC(4463) Pause Young (Allocation Failure) 11M->7M(15M) 0.162ms
[22.045s][info][gc] GC(4464) Pause Young (Allocation Failure) 11M->7M(15M) 0.164ms
[22.046s][info][gc] GC(4465) Pause Young (Allocation Failure) 11M->7M(15M) 0.166ms
[22.047s][info][gc] GC(4466) Pause Young (Allocation Failure) 11M->7M(15M) 0.195ms
[22.048s][info][gc] GC(4467) Pause Young (Allocation Failure) 12M->8M(15M) 0.186ms
[22.049s][info][gc] GC(4468) Pause Young (Allocation Failure) 12M->7M(15M) 0.170ms
[22.049s][info][gc] GC(4469) Pause Young (Allocation Failure) 12M->7M(15M) 0.176ms
[22.050s][info][gc] GC(4470) Pause Young (Allocation Failure) 12M->7M(15M) 0.173ms
[22.051s][info][gc] GC(4471) Pause Young (Allocation Failure) 12M->7M(15M) 0.166ms
[22.052s][info][gc] GC(4472) Pause Young (Allocation Failure) 12M->7M(15M) 0.170ms
[22.052s][info][gc] GC(4473) Pause Young (Allocation Failure) 12M->8M(15M) 0.182ms
[22.053s][info][gc] GC(4474) Pause Young (Allocation Failure) 12M->8M(15M) 0.177ms
[22.054s][info][gc] GC(4475) Pause Young (Allocation Failure) 12M->8M(15M) 0.162ms
[22.055s][info][gc] GC(4476) Pause Young (Allocation Failure) 12M->8M(15M) 0.189ms
[22.056s][info][gc] GC(4477) Pause Young (Allocation Failure) 13M->8M(15M) 0.195ms
[22.057s][info][gc] GC(4478) Pause Young (Allocation Failure) 13M->8M(15M) 0.165ms
[22.057s][info][gc] GC(4479) Pause Young (Allocation Failure) 12M->8M(15M) 0.166ms
[22.058s][info][gc] GC(4480) Pause Young (Allocation Failure) 12M->8M(15M) 0.166ms
[22.059s][info][gc] GC(4481) Pause Young (Allocation Failure) 12M->9M(15M) 0.194ms
[22.060s][info][gc] GC(4482) Pause Young (Allocation Failure) 13M->9M(15M) 0.176ms
[22.061s][info][gc] GC(4483) Pause Young (Allocation Failure) 13M->9M(15M) 0.202ms
[22.062s][info][gc] GC(4484) Pause Young (Allocation Failure) 13M->9M(15M) 0.157ms
[22.062s][info][gc] GC(4485) Pause Young (Allocation Failure) 13M->9M(15M) 0.174ms
[22.063s][info][gc] GC(4486) Pause Young (Allocation Failure) 13M->9M(15M) 0.179ms
[22.064s][info][gc] GC(4487) Pause Young (Allocation Failure) 13M->9M(15M) 0.170ms
[22.065s][info][gc] GC(4488) Pause Young (Allocation Failure) 13M->9M(15M) 0.178ms
[22.066s][info][gc] GC(4489) Pause Young (Allocation Failure) 13M->10M(15M) 0.185ms
[22.067s][info][gc] GC(4490) Pause Young (Allocation Failure) 14M->10M(15M) 0.175ms
[22.068s][info][gc] GC(4491) Pause Young (Allocation Failure) 14M->10M(15M) 0.188ms
[22.068s][info][gc] GC(4492) Pause Young (Allocation Failure) 14M->9M(15M) 0.168ms
[22.069s][info][gc] GC(4493) Pause Young (Allocation Failure) 14M->10M(15M) 0.185ms
[22.070s][info][gc] GC(4494) Pause Young (Allocation Failure) 14M->10M(15M) 0.184ms
[22.071s][info][gc] GC(4495) Pause Young (Allocation Failure) 14M->9M(15M) 0.163ms
[22.071s][info][gc] GC(4496) Pause Young (Allocation Failure) 14M->10M(15M) 0.170ms
[22.072s][info][gc] GC(4497) Pause Young (Allocation Failure) 14M->10M(15M) 0.192ms
[22.073s][info][gc] GC(4498) Pause Young (Allocation Failure) 14M->10M(15M) 0.176ms
[22.074s][info][gc] GC(4499) Pause Young (Allocation Failure) 14M->10M(15M) 0.177ms
[22.074s][info][gc] GC(4500) Pause Young (Allocation Failure) 14M->10M(15M) 0.189ms
[22.075s][info][gc] GC(4501) Pause Young (Allocation Failure) 14M->10M(15M) 0.182ms
[22.076s][info][gc] GC(4502) Pause Young (Allocation Failure) 14M->10M(15M) 0.166ms
[22.077s][info][gc] GC(4503) Pause Young (Allocation Failure) 15M->10M(15M) 0.177ms
[22.078s][info][gc] GC(4504) Pause Young (Allocation Failure) 14M->10M(15M) 0.170ms
[22.078s][info][gc] GC(4505) Pause Young (Allocation Failure) 14M->10M(15M) 0.173ms
[22.079s][info][gc] GC(4506) Pause Young (Allocation Failure) 14M->10M(15M) 0.191ms
[22.080s][info][gc] GC(4507) Pause Young (Allocation Failure) 15M->15M(15M) 0.025ms
[22.084s][info][gc] GC(4508) Pause Full (Allocation Failure) 15M->4M(15M) 4.015ms
[22.085s][info][gc] GC(4509) Pause Young (Allocation Failure) 8M->4M(15M) 0.204ms
[22.085s][info][gc] GC(4510) Pause Young (Allocation Failure) 9M->4M(15M) 0.180ms
[22.086s][info][gc] GC(4511) Pause Young (Allocation Failure) 9M->4M(15M) 0.171ms
[22.087s][info][gc] GC(4512) Pause Young (Allocation Failure) 9M->4M(15M) 0.184ms
[22.088s][info][gc] GC(4513) Pause Young (Allocation Failure) 9M->4M(15M) 0.167ms
[22.089s][info][gc] GC(4514) Pause Young (Allocation Failure) 8M->5M(15M) 0.179ms
[22.089s][info][gc] GC(4515) Pause Young (Allocation Failure) 9M->5M(15M) 0.238ms
[22.090s][info][gc] GC(4516) Pause Young (Allocation Failure) 10M->5M(15M) 0.182ms
[22.091s][info][gc] GC(4517) Pause Young (Allocation Failure) 10M->5M(15M) 0.175ms
[22.092s][info][gc] GC(4518) Pause Young (Allocation Failure) 9M->5M(15M) 0.179ms
[22.092s][info][gc] GC(4519) Pause Young (Allocation Failure) 10M->6M(15M) 0.191ms
[22.093s][info][gc] GC(4520) Pause Young (Allocation Failure) 10M->5M(15M) 0.171ms
[22.094s][info][gc] GC(4521) Pause Young (Allocation Failure) 10M->6M(15M) 0.209ms
[22.095s][info][gc] GC(4522) Pause Young (Allocation Failure) 10M->6M(15M) 0.183ms
[22.096s][info][gc] GC(4523) Pause Young (Allocation Failure) 10M->5M(15M) 0.161ms
[22.096s][info][gc] GC(4524) Pause Young (Allocation Failure) 10M->6M(15M) 0.181ms
[22.097s][info][gc] GC(4525) Pause Young (Allocation Failure) 10M->6M(15M) 0.164ms
[22.098s][info][gc] GC(4526) Pause Young (Allocation Failure) 10M->6M(15M) 0.188ms
[22.099s][info][gc] GC(4527) Pause Young (Allocation Failure) 10M->6M(15M) 0.190ms
[22.100s][info][gc] GC(4528) Pause Young (Allocation Failure) 10M->6M(15M) 0.180ms
[22.101s][info][gc] GC(4529) Pause Young (Allocation Failure) 10M->6M(15M) 0.198ms
[22.101s][info][gc] GC(4530) Pause Young (Allocation Failure) 11M->6M(15M) 0.181ms
[22.102s][info][gc] GC(4531) Pause Young (Allocation Failure) 10M->6M(15M) 0.177ms
[22.103s][info][gc] GC(4532) Pause Young (Allocation Failure) 10M->6M(15M) 0.183ms
[22.104s][info][gc] GC(4533) Pause Young (Allocation Failure) 11M->7M(15M) 0.198ms
[22.104s][info][gc] GC(4534) Pause Young (Allocation Failure) 11M->7M(15M) 0.204ms
[22.105s][info][gc] GC(4535) Pause Young (Allocation Failure) 11M->7M(15M) 0.199ms
[22.106s][info][gc] GC(4536) Pause Young (Allocation Failure) 11M->7M(15M) 0.197ms
[22.107s][info][gc] GC(4537) Pause Young (Allocation Failure) 12M->7M(15M) 0.181ms
[22.108s][info][gc] GC(4538) Pause Young (Allocation Failure) 12M->8M(15M) 0.211ms
[22.108s][info][gc] GC(4539) Pause Young (Allocation Failure) 12M->8M(15M) 0.198ms
[22.109s][info][gc] GC(4540) Pause Young (Allocation Failure) 12M->8M(15M) 0.165ms
[22.110s][info][gc] GC(4541) Pause Young (Allocation Failure) 12M->8M(15M) 0.181ms
[22.111s][info][gc] GC(4542) Pause Young (Allocation Failure) 12M->8M(15M) 0.183ms
[22.112s][info][gc] GC(4543) Pause Young (Allocation Failure) 12M->8M(15M) 0.178ms
[22.113s][info][gc] GC(4544) Pause Young (Allocation Failure) 12M->8M(15M) 0.181ms
[22.113s][info][gc] GC(4545) Pause Young (Allocation Failure) 12M->8M(15M) 0.181ms
[22.114s][info][gc] GC(4546) Pause Young (Allocation Failure) 12M->8M(15M) 0.166ms
[22.115s][info][gc] GC(4547) Pause Young (Allocation Failure) 12M->8M(15M) 0.169ms
[22.116s][info][gc] GC(4548) Pause Young (Allocation Failure) 12M->8M(15M) 0.180ms
[22.117s][info][gc] GC(4549) Pause Young (Allocation Failure) 12M->8M(15M) 0.170ms
[22.117s][info][gc] GC(4550) Pause Young (Allocation Failure) 12M->8M(15M) 0.164ms
[22.118s][info][gc] GC(4551) Pause Young (Allocation Failure) 12M->9M(15M) 0.235ms
[22.119s][info][gc] GC(4552) Pause Young (Allocation Failure) 13M->9M(15M) 0.197ms
[22.120s][info][gc] GC(4553) Pause Young (Allocation Failure) 13M->9M(15M) 0.188ms
[22.120s][info][gc] GC(4554) Pause Young (Allocation Failure) 13M->9M(15M) 0.197ms
[22.121s][info][gc] GC(4555) Pause Young (Allocation Failure) 14M->9M(15M) 0.189ms
[22.122s][info][gc] GC(4556) Pause Young (Allocation Failure) 14M->9M(15M) 0.182ms
[22.123s][info][gc] GC(4557) Pause Young (Allocation Failure) 14M->10M(15M) 0.211ms
[22.124s][info][gc] GC(4558) Pause Young (Allocation Failure) 14M->10M(15M) 0.176ms
[22.125s][info][gc] GC(4559) Pause Young (Allocation Failure) 14M->9M(15M) 0.171ms
[22.125s][info][gc] GC(4560) Pause Young (Allocation Failure) 14M->10M(15M) 0.187ms
[22.126s][info][gc] GC(4561) Pause Young (Allocation Failure) 14M->10M(15M) 0.210ms
[22.127s][info][gc] GC(4562) Pause Young (Allocation Failure) 14M->14M(15M) 0.025ms
[22.131s][info][gc] GC(4563) Pause Full (Allocation Failure) 14M->4M(15M) 3.992ms
[22.131s][info][gc] GC(4564) Pause Young (Allocation Failure) 8M->4M(15M) 0.179ms
[22.132s][info][gc] GC(4565) Pause Young (Allocation Failure) 9M->5M(15M) 0.217ms
[22.133s][info][gc] GC(4566) Pause Young (Allocation Failure) 9M->5M(15M) 0.190ms
[22.134s][info][gc] GC(4567) Pause Young (Allocation Failure) 9M->5M(15M) 0.169ms
[22.135s][info][gc] GC(4568) Pause Young (Allocation Failure) 9M->5M(15M) 0.201ms
[22.135s][info][gc] GC(4569) Pause Young (Allocation Failure) 10M->5M(15M) 0.175ms
[22.136s][info][gc] GC(4570) Pause Young (Allocation Failure) 9M->5M(15M) 0.179ms
[22.137s][info][gc] GC(4571) Pause Young (Allocation Failure) 9M->5M(15M) 0.169ms
[22.138s][info][gc] GC(4572) Pause Young (Allocation Failure) 9M->5M(15M) 0.179ms
[22.139s][info][gc] GC(4573) Pause Young (Allocation Failure) 9M->5M(15M) 0.174ms
[22.139s][info][gc] GC(4574) Pause Young (Allocation Failure) 9M->5M(15M) 0.169ms
[22.140s][info][gc] GC(4575) Pause Young (Allocation Failure) 9M->5M(15M) 0.166ms
[22.141s][info][gc] GC(4576) Pause Young (Allocation Failure) 9M->5M(15M) 0.183ms
[22.142s][info][gc] GC(4577) Pause Young (Allocation Failure) 9M->5M(15M) 0.179ms
[22.143s][info][gc] GC(4578) Pause Young (Allocation Failure) 9M->5M(15M) 0.181ms
[22.144s][info][gc] GC(4579) Pause Young (Allocation Failure) 9M->5M(15M) 0.197ms
[22.144s][info][gc] GC(4580) Pause Young (Allocation Failure) 10M->5M(15M) 0.180ms
[22.145s][info][gc] GC(4581) Pause Young (Allocation Failure) 10M->6M(15M) 0.201ms
[22.146s][info][gc] GC(4582) Pause Young (Allocation Failure) 10M->6M(15M) 0.187ms
[22.147s][info][gc] GC(4583) Pause Young (Allocation Failure) 10M->5M(15M) 0.176ms
[22.148s][info][gc] GC(4584) Pause Young (Allocation Failure) 10M->6M(15M) 0.188ms
[22.148s][info][gc] GC(4585) Pause Young (Allocation Failure) 10M->6M(15M) 0.175ms
[22.149s][info][gc] GC(4586) Pause Young (Allocation Failure) 10M->6M(15M) 0.177ms
[22.150s][info][gc] GC(4587) Pause Young (Allocation Failure) 10M->5M(15M) 0.169ms
[22.151s][info][gc] GC(4588) Pause Young (Allocation Failure) 10M->5M(15M) 0.168ms
[22.151s][info][gc] GC(4589) Pause Young (Allocation Failure) 10M->6M(15M) 0.179ms
[22.152s][info][gc] GC(4590) Pause Young (Allocation Failure) 10M->6M(15M) 0.203ms
[22.153s][info][gc] GC(4591) Pause Young (Allocation Failure) 10M->6M(15M) 0.203ms
[22.154s][info][gc] GC(4592) Pause Young (Allocation Failure) 11M->6M(15M) 0.194ms
[22.155s][info][gc] GC(4593) Pause Young (Allocation Failure) 11M->6M(15M) 0.184ms
[22.155s][info][gc] GC(4594) Pause Young (Allocation Failure) 11M->6M(15M) 0.177ms
[22.156s][info][gc] GC(4595) Pause Young (Allocation Failure) 10M->6M(15M) 0.161ms
[22.157s][info][gc] GC(4596) Pause Young (Allocation Failure) 10M->6M(15M) 0.165ms
[22.158s][info][gc] GC(4597) Pause Young (Allocation Failure) 10M->6M(15M) 0.174ms
[22.158s][info][gc] GC(4598) Pause Young (Allocation Failure) 10M->6M(15M) 0.196ms
[22.159s][info][gc] GC(4599) Pause Young (Allocation Failure) 11M->6M(15M) 0.166ms
[22.160s][info][gc] GC(4600) Pause Young (Allocation Failure) 10M->7M(15M) 0.209ms
[22.161s][info][gc] GC(4601) Pause Young (Allocation Failure) 11M->7M(15M) 0.182ms
[22.162s][info][gc] GC(4602) Pause Young (Allocation Failure) 11M->7M(15M) 0.186ms
[22.162s][info][gc] GC(4603) Pause Young (Allocation Failure) 11M->7M(15M) 0.175ms
[22.163s][info][gc] GC(4604) Pause Young (Allocation Failure) 11M->7M(15M) 0.191ms
[22.164s][info][gc] GC(4605) Pause Young (Allocation Failure) 11M->7M(15M) 0.167ms
[22.165s][info][gc] GC(4606) Pause Young (Allocation Failure) 11M->7M(15M) 0.201ms
[22.165s][info][gc] GC(4607) Pause Young (Allocation Failure) 12M->7M(15M) 0.173ms
[22.166s][info][gc] GC(4608) Pause Young (Allocation Failure) 11M->8M(15M) 0.201ms
[22.167s][info][gc] GC(4609) Pause Young (Allocation Failure) 12M->8M(15M) 0.187ms
[22.168s][info][gc] GC(4610) Pause Young (Allocation Failure) 12M->7M(15M) 0.163ms
[22.169s][info][gc] GC(4611) Pause Young (Allocation Failure) 12M->8M(15M) 0.191ms
[22.169s][info][gc] GC(4612) Pause Young (Allocation Failure) 12M->8M(15M) 0.181ms
[22.170s][info][gc] GC(4613) Pause Young (Allocation Failure) 12M->8M(15M) 0.171ms
[22.171s][info][gc] GC(4614) Pause Young (Allocation Failure) 12M->7M(15M) 0.164ms
[22.172s][info][gc] GC(4615) Pause Young (Allocation Failure) 12M->8M(15M) 0.165ms
[22.173s][info][gc] GC(4616) Pause Young (Allocation Failure) 12M->7M(15M) 0.164ms
[22.173s][info][gc] GC(4617) Pause Young (Allocation Failure) 12M->8M(15M) 0.164ms
[22.174s][info][gc] GC(4618) Pause Young (Allocation Failure) 12M->8M(15M) 0.170ms
[22.175s][info][gc] GC(4619) Pause Young (Allocation Failure) 12M->7M(15M) 0.161ms
[22.176s][info][gc] GC(4620) Pause Young (Allocation Failure) 12M->8M(15M) 0.181ms
[22.176s][info][gc] GC(4621) Pause Young (Allocation Failure) 12M->8M(15M) 0.200ms
[22.177s][info][gc] GC(4622) Pause Young (Allocation Failure) 12M->8M(15M) 0.198ms
[22.178s][info][gc] GC(4623) Pause Young (Allocation Failure) 13M->9M(15M) 0.195ms
[22.179s][info][gc] GC(4624) Pause Young (Allocation Failure) 13M->8M(15M) 0.177ms
[22.180s][info][gc] GC(4625) Pause Young (Allocation Failure) 13M->9M(15M) 0.187ms
[22.180s][info][gc] GC(4626) Pause Young (Allocation Failure) 13M->8M(15M) 0.166ms
[22.181s][info][gc] GC(4627) Pause Young (Allocation Failure) 13M->9M(15M) 0.182ms
[22.182s][info][gc] GC(4628) Pause Young (Allocation Failure) 13M->9M(15M) 0.184ms
[22.183s][info][gc] GC(4629) Pause Young (Allocation Failure) 13M->8M(15M) 0.169ms
[22.184s][info][gc] GC(4630) Pause Young (Allocation Failure) 13M->9M(15M) 0.183ms
[22.184s][info][gc] GC(4631) Pause Young (Allocation Failure) 13M->9M(15M) 0.190ms
[22.185s][info][gc] GC(4632) Pause Young (Allocation Failure) 13M->9M(15M) 0.174ms
[22.186s][info][gc] GC(4633) Pause Young (Allocation Failure) 13M->9M(15M) 0.146ms
[22.187s][info][gc] GC(4634) Pause Young (Allocation Failure) 13M->9M(15M) 0.184ms
[22.187s][info][gc] GC(4635) Pause Young (Allocation Failure) 13M->9M(15M) 0.192ms
[22.188s][info][gc] GC(4636) Pause Young (Allocation Failure) 13M->9M(15M) 0.203ms
[22.189s][info][gc] GC(4637) Pause Young (Allocation Failure) 14M->10M(15M) 0.207ms
[22.190s][info][gc] GC(4638) Pause Young (Allocation Failure) 14M->10M(15M) 0.177ms
[22.191s][info][gc] GC(4639) Pause Young (Allocation Failure) 14M->10M(15M) 0.189ms
[22.191s][info][gc] GC(4640) Pause Young (Allocation Failure) 14M->10M(15M) 0.187ms
[22.192s][info][gc] GC(4641) Pause Young (Allocation Failure) 14M->10M(15M) 0.178ms
[22.193s][info][gc] GC(4642) Pause Young (Allocation Failure) 14M->10M(15M) 0.170ms
[22.194s][info][gc] GC(4643) Pause Young (Allocation Failure) 14M->10M(15M) 0.177ms
[22.194s][info][gc] GC(4644) Pause Young (Allocation Failure) 14M->10M(15M) 0.179ms
[22.195s][info][gc] GC(4645) Pause Young (Allocation Failure) 14M->10M(15M) 0.176ms
[22.196s][info][gc] GC(4646) Pause Young (Allocation Failure) 14M->10M(15M) 0.175ms
[22.197s][info][gc] GC(4647) Pause Young (Allocation Failure) 14M->10M(15M) 0.194ms
[22.198s][info][gc] GC(4648) Pause Young (Allocation Failure) 14M->10M(15M) 0.175ms
[22.198s][info][gc] GC(4649) Pause Young (Allocation Failure) 14M->10M(15M) 0.175ms
[22.199s][info][gc] GC(4650) Pause Young (Allocation Failure) 14M->10M(15M) 0.157ms
[22.200s][info][gc] GC(4651) Pause Young (Allocation Failure) 14M->10M(15M) 0.170ms
[22.201s][info][gc] GC(4652) Pause Young (Allocation Failure) 14M->10M(15M) 0.178ms
[22.202s][info][gc] GC(4653) Pause Young (Allocation Failure) 14M->10M(15M) 0.172ms
[22.202s][info][gc] GC(4654) Pause Young (Allocation Failure) 14M->10M(15M) 0.169ms
[22.203s][info][gc] GC(4655) Pause Young (Allocation Failure) 14M->10M(15M) 0.173ms
[22.204s][info][gc] GC(4656) Pause Young (Allocation Failure) 14M->10M(15M) 0.192ms
[22.205s][info][gc] GC(4657) Pause Young (Allocation Failure) 15M->10M(15M) 0.191ms
[22.205s][info][gc] GC(4658) Pause Young (Allocation Failure) 15M->10M(15M) 0.177ms
[22.206s][info][gc] GC(4659) Pause Young (Allocation Failure) 14M->11M(15M) 0.200ms
[22.207s][info][gc] GC(4660) Pause Young (Allocation Failure) 15M->15M(15M) 0.025ms
[22.211s][info][gc] GC(4661) Pause Full (Allocation Failure) 15M->3M(15M) 4.311ms
[22.212s][info][gc] GC(4662) Pause Young (Allocation Failure) 8M->3M(15M) 0.171ms
[22.213s][info][gc] GC(4663) Pause Young (Allocation Failure) 8M->4M(15M) 0.178ms
[22.214s][info][gc] GC(4664) Pause Young (Allocation Failure) 8M->4M(15M) 0.201ms
[22.214s][info][gc] GC(4665) Pause Young (Allocation Failure) 8M->4M(15M) 0.170ms
[22.215s][info][gc] GC(4666) Pause Young (Allocation Failure) 8M->4M(15M) 0.209ms
[22.216s][info][gc] GC(4667) Pause Young (Allocation Failure) 9M->4M(15M) 0.174ms
[22.217s][info][gc] GC(4668) Pause Young (Allocation Failure) 8M->5M(15M) 0.195ms
[22.218s][info][gc] GC(4669) Pause Young (Allocation Failure) 9M->4M(15M) 0.175ms
[22.218s][info][gc] GC(4670) Pause Young (Allocation Failure) 9M->4M(15M) 0.167ms
[22.219s][info][gc] GC(4671) Pause Young (Allocation Failure) 9M->4M(15M) 0.176ms
[22.220s][info][gc] GC(4672) Pause Young (Allocation Failure) 9M->4M(15M) 0.168ms
[22.221s][info][gc] GC(4673) Pause Young (Allocation Failure) 9M->4M(15M) 0.179ms
[22.222s][info][gc] GC(4674) Pause Young (Allocation Failure) 9M->4M(15M) 0.173ms
[22.222s][info][gc] GC(4675) Pause Young (Allocation Failure) 9M->5M(15M) 0.207ms
[22.223s][info][gc] GC(4676) Pause Young (Allocation Failure) 9M->5M(15M) 0.175ms
[22.224s][info][gc] GC(4677) Pause Young (Allocation Failure) 9M->5M(15M) 0.211ms
[22.225s][info][gc] GC(4678) Pause Young (Allocation Failure) 10M->6M(15M) 0.229ms
[22.226s][info][gc] GC(4679) Pause Young (Allocation Failure) 10M->6M(15M) 0.193ms
[22.226s][info][gc] GC(4680) Pause Young (Allocation Failure) 11M->6M(15M) 0.196ms
[22.227s][info][gc] GC(4681) Pause Young (Allocation Failure) 11M->7M(15M) 0.192ms
[22.228s][info][gc] GC(4682) Pause Young (Allocation Failure) 11M->7M(15M) 0.179ms
[22.229s][info][gc] GC(4683) Pause Young (Allocation Failure) 11M->7M(15M) 0.149ms
[22.230s][info][gc] GC(4684) Pause Young (Allocation Failure) 11M->7M(15M) 0.177ms
[22.230s][info][gc] GC(4685) Pause Young (Allocation Failure) 11M->7M(15M) 0.190ms
[22.231s][info][gc] GC(4686) Pause Young (Allocation Failure) 11M->7M(15M) 0.200ms
[22.232s][info][gc] GC(4687) Pause Young (Allocation Failure) 11M->7M(15M) 0.179ms
[22.233s][info][gc] GC(4688) Pause Young (Allocation Failure) 11M->7M(15M) 0.175ms
[22.233s][info][gc] GC(4689) Pause Young (Allocation Failure) 11M->7M(15M) 0.175ms
[22.234s][info][gc] GC(4690) Pause Young (Allocation Failure) 11M->7M(15M) 0.163ms
[22.235s][info][gc] GC(4691) Pause Young (Allocation Failure) 11M->8M(15M) 0.179ms
[22.236s][info][gc] GC(4692) Pause Young (Allocation Failure) 12M->7M(15M) 0.170ms
[22.236s][info][gc] GC(4693) Pause Young (Allocation Failure) 12M->8M(15M) 0.183ms
[22.237s][info][gc] GC(4694) Pause Young (Allocation Failure) 12M->8M(15M) 0.165ms
[22.238s][info][gc] GC(4695) Pause Young (Allocation Failure) 12M->8M(15M) 0.169ms
[22.239s][info][gc] GC(4696) Pause Young (Allocation Failure) 12M->8M(15M) 0.207ms
[22.240s][info][gc] GC(4697) Pause Young (Allocation Failure) 13M->8M(15M) 0.177ms
[22.240s][info][gc] GC(4698) Pause Young (Allocation Failure) 13M->9M(15M) 0.189ms
[22.241s][info][gc] GC(4699) Pause Young (Allocation Failure) 13M->8M(15M) 0.166ms
[22.242s][info][gc] GC(4700) Pause Young (Allocation Failure) 12M->8M(15M) 0.174ms
[22.243s][info][gc] GC(4701) Pause Young (Allocation Failure) 13M->8M(15M) 0.162ms
[22.244s][info][gc] GC(4702) Pause Young (Allocation Failure) 12M->8M(15M) 0.173ms
[22.244s][info][gc] GC(4703) Pause Young (Allocation Failure) 13M->8M(15M) 0.167ms
[22.245s][info][gc] GC(4704) Pause Young (Allocation Failure) 12M->8M(15M) 0.178ms
[22.246s][info][gc] GC(4705) Pause Young (Allocation Failure) 13M->9M(15M) 0.184ms
[22.247s][info][gc] GC(4706) Pause Young (Allocation Failure) 13M->8M(15M) 0.177ms
[22.248s][info][gc] GC(4707) Pause Young (Allocation Failure) 13M->8M(15M) 0.163ms
[22.248s][info][gc] GC(4708) Pause Young (Allocation Failure) 12M->9M(15M) 0.153ms
[22.249s][info][gc] GC(4709) Pause Young (Allocation Failure) 13M->8M(15M) 0.179ms
[22.250s][info][gc] GC(4710) Pause Young (Allocation Failure) 13M->9M(15M) 0.182ms
[22.251s][info][gc] GC(4711) Pause Young (Allocation Failure) 13M->9M(15M) 0.213ms
[22.251s][info][gc] GC(4712) Pause Young (Allocation Failure) 13M->9M(15M) 0.183ms
[22.252s][info][gc] GC(4713) Pause Young (Allocation Failure) 13M->9M(15M) 0.183ms
[22.253s][info][gc] GC(4714) Pause Young (Allocation Failure) 13M->10M(15M) 0.221ms
[22.254s][info][gc] GC(4715) Pause Young (Allocation Failure) 14M->9M(15M) 0.179ms
[22.255s][info][gc] GC(4716) Pause Young (Allocation Failure) 14M->9M(15M) 0.181ms
[22.255s][info][gc] GC(4717) Pause Young (Allocation Failure) 14M->10M(15M) 0.163ms
[22.256s][info][gc] GC(4718) Pause Young (Allocation Failure) 14M->10M(15M) 0.196ms
[22.257s][info][gc] GC(4719) Pause Young (Allocation Failure) 14M->10M(15M) 0.191ms
[22.258s][info][gc] GC(4720) Pause Young (Allocation Failure) 14M->10M(15M) 0.170ms
[22.258s][info][gc] GC(4721) Pause Young (Allocation Failure) 14M->11M(15M) 0.225ms
[22.259s][info][gc] GC(4722) Pause Young (Allocation Failure) 15M->15M(15M) 0.025ms
[22.263s][info][gc] GC(4723) Pause Full (Allocation Failure) 15M->3M(15M) 4.091ms
[22.264s][info][gc] GC(4724) Pause Young (Allocation Failure) 8M->4M(15M) 0.193ms
[22.265s][info][gc] GC(4725) Pause Young (Allocation Failure) 8M->4M(15M) 0.194ms
[22.266s][info][gc] GC(4726) Pause Young (Allocation Failure) 8M->4M(15M) 0.168ms
[22.267s][info][gc] GC(4727) Pause Young (Allocation Failure) 8M->4M(15M) 0.171ms
[22.267s][info][gc] GC(4728) Pause Young (Allocation Failure) 8M->4M(15M) 0.182ms
[22.268s][info][gc] GC(4729) Pause Young (Allocation Failure) 8M->4M(15M) 0.140ms
[22.269s][info][gc] GC(4730) Pause Young (Allocation Failure) 8M->4M(15M) 0.179ms
[22.270s][info][gc] GC(4731) Pause Young (Allocation Failure) 8M->4M(15M) 0.164ms
[22.271s][info][gc] GC(4732) Pause Young (Allocation Failure) 8M->4M(15M) 0.198ms
[22.271s][info][gc] GC(4733) Pause Young (Allocation Failure) 8M->4M(15M) 0.198ms
[22.272s][info][gc] GC(4734) Pause Young (Allocation Failure) 9M->4M(15M) 0.169ms
[22.273s][info][gc] GC(4735) Pause Young (Allocation Failure) 8M->5M(15M) 0.207ms
[22.274s][info][gc] GC(4736) Pause Young (Allocation Failure) 9M->5M(15M) 0.185ms
[22.275s][info][gc] GC(4737) Pause Young (Allocation Failure) 9M->5M(15M) 0.221ms
[22.275s][info][gc] GC(4738) Pause Young (Allocation Failure) 10M->6M(15M) 0.196ms
[22.276s][info][gc] GC(4739) Pause Young (Allocation Failure) 10M->6M(15M) 0.131ms
[22.277s][info][gc] GC(4740) Pause Young (Allocation Failure) 10M->6M(15M) 0.196ms
[22.278s][info][gc] GC(4741) Pause Young (Allocation Failure) 10M->6M(15M) 0.174ms
[22.278s][info][gc] GC(4742) Pause Young (Allocation Failure) 10M->6M(15M) 0.184ms
[22.279s][info][gc] GC(4743) Pause Young (Allocation Failure) 10M->6M(15M) 0.181ms
[22.280s][info][gc] GC(4744) Pause Young (Allocation Failure) 10M->6M(15M) 0.188ms
[22.281s][info][gc] GC(4745) Pause Young (Allocation Failure) 10M->6M(15M) 0.182ms
[22.282s][info][gc] GC(4746) Pause Young (Allocation Failure) 10M->6M(15M) 0.192ms
[22.283s][info][gc] GC(4747) Pause Young (Allocation Failure) 10M->6M(15M) 0.194ms
[22.283s][info][gc] GC(4748) Pause Young (Allocation Failure) 11M->6M(15M) 0.181ms
[22.284s][info][gc] GC(4749) Pause Young (Allocation Failure) 11M->6M(15M) 0.177ms
[22.285s][info][gc] GC(4750) Pause Young (Allocation Failure) 11M->6M(15M) 0.165ms
[22.286s][info][gc] GC(4751) Pause Young (Allocation Failure) 10M->6M(15M) 0.164ms
[22.286s][info][gc] GC(4752) Pause Young (Allocation Failure) 10M->6M(15M) 0.190ms
[22.287s][info][gc] GC(4753) Pause Young (Allocation Failure) 11M->6M(15M) 0.169ms
[22.288s][info][gc] GC(4754) Pause Young (Allocation Failure) 10M->6M(15M) 0.191ms
[22.289s][info][gc] GC(4755) Pause Young (Allocation Failure) 11M->7M(15M) 0.155ms
[22.290s][info][gc] GC(4756) Pause Young (Allocation Failure) 11M->7M(15M) 0.192ms
[22.290s][info][gc] GC(4757) Pause Young (Allocation Failure) 11M->7M(15M) 0.175ms
[22.291s][info][gc] GC(4758) Pause Young (Allocation Failure) 11M->7M(15M) 0.179ms
[22.292s][info][gc] GC(4759) Pause Young (Allocation Failure) 11M->6M(15M) 0.163ms
[22.293s][info][gc] GC(4760) Pause Young (Allocation Failure) 11M->7M(15M) 0.193ms
[22.294s][info][gc] GC(4761) Pause Young (Allocation Failure) 11M->7M(15M) 0.207ms
[22.294s][info][gc] GC(4762) Pause Young (Allocation Failure) 12M->7M(15M) 0.170ms
[22.295s][info][gc] GC(4763) Pause Young (Allocation Failure) 11M->7M(15M) 0.165ms
[22.296s][info][gc] GC(4764) Pause Young (Allocation Failure) 11M->7M(15M) 0.174ms
[22.297s][info][gc] GC(4765) Pause Young (Allocation Failure) 12M->7M(15M) 0.169ms
[22.297s][info][gc] GC(4766) Pause Young (Allocation Failure) 11M->7M(15M) 0.180ms
[22.298s][info][gc] GC(4767) Pause Young (Allocation Failure) 12M->8M(15M) 0.191ms
[22.299s][info][gc] GC(4768) Pause Young (Allocation Failure) 12M->7M(15M) 0.167ms
[22.300s][info][gc] GC(4769) Pause Young (Allocation Failure) 12M->7M(15M) 0.173ms
[22.301s][info][gc] GC(4770) Pause Young (Allocation Failure) 12M->7M(15M) 0.172ms
[22.301s][info][gc] GC(4771) Pause Young (Allocation Failure) 12M->8M(15M) 0.207ms
[22.302s][info][gc] GC(4772) Pause Young (Allocation Failure) 12M->8M(15M) 0.192ms
[22.303s][info][gc] GC(4773) Pause Young (Allocation Failure) 12M->7M(15M) 0.166ms
[22.304s][info][gc] GC(4774) Pause Young (Allocation Failure) 12M->8M(15M) 0.182ms
[22.304s][info][gc] GC(4775) Pause Young (Allocation Failure) 12M->8M(15M) 0.152ms
[22.305s][info][gc] GC(4776) Pause Young (Allocation Failure) 12M->8M(15M) 0.152ms
[22.306s][info][gc] GC(4777) Pause Young (Allocation Failure) 12M->8M(15M) 0.178ms
[22.307s][info][gc] GC(4778) Pause Young (Allocation Failure) 12M->8M(15M) 0.195ms
[22.307s][info][gc] GC(4779) Pause Young (Allocation Failure) 12M->8M(15M) 0.188ms
[22.308s][info][gc] GC(4780) Pause Young (Allocation Failure) 12M->8M(15M) 0.169ms
[22.309s][info][gc] GC(4781) Pause Young (Allocation Failure) 12M->8M(15M) 0.156ms
[22.310s][info][gc] GC(4782) Pause Young (Allocation Failure) 13M->9M(15M) 0.214ms
[22.310s][info][gc] GC(4783) Pause Young (Allocation Failure) 13M->9M(15M) 0.183ms
[22.311s][info][gc] GC(4784) Pause Young (Allocation Failure) 13M->10M(15M) 0.239ms
[22.312s][info][gc] GC(4785) Pause Young (Allocation Failure) 14M->9M(15M) 0.180ms
[22.313s][info][gc] GC(4786) Pause Young (Allocation Failure) 14M->10M(15M) 0.180ms
[22.314s][info][gc] GC(4787) Pause Young (Allocation Failure) 14M->10M(15M) 0.184ms
[22.315s][info][gc] GC(4788) Pause Young (Allocation Failure) 14M->9M(15M) 0.184ms
[22.315s][info][gc] GC(4789) Pause Young (Allocation Failure) 14M->10M(15M) 0.179ms
[22.316s][info][gc] GC(4790) Pause Young (Allocation Failure) 14M->9M(15M) 0.147ms
[22.317s][info][gc] GC(4791) Pause Young (Allocation Failure) 14M->10M(15M) 0.175ms
[22.318s][info][gc] GC(4792) Pause Young (Allocation Failure) 14M->10M(15M) 0.172ms
[22.318s][info][gc] GC(4793) Pause Young (Allocation Failure) 14M->10M(15M) 0.171ms
[22.319s][info][gc] GC(4794) Pause Young (Allocation Failure) 14M->9M(15M) 0.164ms
[22.320s][info][gc] GC(4795) Pause Young (Allocation Failure) 14M->10M(15M) 0.179ms
[22.321s][info][gc] GC(4796) Pause Young (Allocation Failure) 14M->10M(15M) 0.224ms
[22.321s][info][gc] GC(4797) Pause Young (Allocation Failure) 15M->15M(15M) 0.025ms
[22.326s][info][gc] GC(4798) Pause Full (Allocation Failure) 15M->3M(15M) 4.317ms
[22.327s][info][gc] GC(4799) Pause Young (Allocation Failure) 8M->3M(15M) 0.173ms
[22.327s][info][gc] GC(4800) Pause Young (Allocation Failure) 8M->4M(15M) 0.196ms
[22.328s][info][gc] GC(4801) Pause Young (Allocation Failure) 8M->4M(15M) 0.186ms
[22.329s][info][gc] GC(4802) Pause Young (Allocation Failure) 8M->4M(15M) 0.185ms
[22.330s][info][gc] GC(4803) Pause Young (Allocation Failure) 8M->3M(15M) 0.170ms
[22.331s][info][gc] GC(4804) Pause Young (Allocation Failure) 8M->4M(15M) 0.178ms
[22.332s][info][gc] GC(4805) Pause Young (Allocation Failure) 8M->3M(15M) 0.168ms
[22.332s][info][gc] GC(4806) Pause Young (Allocation Failure) 8M->4M(15M) 0.190ms
[22.333s][info][gc] GC(4807) Pause Young (Allocation Failure) 8M->4M(15M) 0.169ms
[22.334s][info][gc] GC(4808) Pause Young (Allocation Failure) 8M->4M(15M) 0.175ms
[22.335s][info][gc] GC(4809) Pause Young (Allocation Failure) 8M->3M(15M) 0.164ms
[22.335s][info][gc] GC(4810) Pause Young (Allocation Failure) 8M->4M(15M) 0.174ms
[22.336s][info][gc] GC(4811) Pause Young (Allocation Failure) 8M->3M(15M) 0.161ms
[22.337s][info][gc] GC(4812) Pause Young (Allocation Failure) 8M->4M(15M) 0.179ms
[22.338s][info][gc] GC(4813) Pause Young (Allocation Failure) 8M->4M(15M) 0.190ms
[22.339s][info][gc] GC(4814) Pause Young (Allocation Failure) 8M->4M(15M) 0.176ms
[22.339s][info][gc] GC(4815) Pause Young (Allocation Failure) 8M->4M(15M) 0.192ms
[22.340s][info][gc] GC(4816) Pause Young (Allocation Failure) 9M->4M(15M) 0.195ms
[22.341s][info][gc] GC(4817) Pause Young (Allocation Failure) 9M->4M(15M) 0.179ms
[22.342s][info][gc] GC(4818) Pause Young (Allocation Failure) 9M->4M(15M) 0.173ms
[22.342s][info][gc] GC(4819) Pause Young (Allocation Failure) 9M->4M(15M) 0.175ms
[22.343s][info][gc] GC(4820) Pause Young (Allocation Failure) 9M->4M(15M) 0.171ms
[22.344s][info][gc] GC(4821) Pause Young (Allocation Failure) 8M->5M(15M) 0.182ms
[22.345s][info][gc] GC(4822) Pause Young (Allocation Failure) 9M->5M(15M) 0.195ms
[22.346s][info][gc] GC(4823) Pause Young (Allocation Failure) 9M->5M(15M) 0.181ms
[22.347s][info][gc] GC(4824) Pause Young (Allocation Failure) 9M->4M(15M) 0.164ms
[22.347s][info][gc] GC(4825) Pause Young (Allocation Failure) 9M->4M(15M) 0.166ms
[22.348s][info][gc] GC(4826) Pause Young (Allocation Failure) 9M->4M(15M) 0.172ms
[22.349s][info][gc] GC(4827) Pause Young (Allocation Failure) 9M->4M(15M) 0.165ms
[22.350s][info][gc] GC(4828) Pause Young (Allocation Failure) 9M->5M(15M) 0.192ms
[22.350s][info][gc] GC(4829) Pause Young (Allocation Failure) 9M->5M(15M) 0.202ms
[22.351s][info][gc] GC(4830) Pause Young (Allocation Failure) 10M->5M(15M) 0.171ms
[22.352s][info][gc] GC(4831) Pause Young (Allocation Failure) 9M->5M(15M) 0.173ms
[22.353s][info][gc] GC(4832) Pause Young (Allocation Failure) 9M->5M(15M) 0.175ms
[22.354s][info][gc] GC(4833) Pause Young (Allocation Failure) 9M->5M(15M) 0.168ms
[22.354s][info][gc] GC(4834) Pause Young (Allocation Failure) 9M->5M(15M) 0.167ms
[22.355s][info][gc] GC(4835) Pause Young (Allocation Failure) 9M->5M(15M) 0.189ms
[22.356s][info][gc] GC(4836) Pause Young (Allocation Failure) 10M->5M(15M) 0.149ms
[22.357s][info][gc] GC(4837) Pause Young (Allocation Failure) 10M->5M(15M) 0.168ms
[22.357s][info][gc] GC(4838) Pause Young (Allocation Failure) 9M->6M(15M) 0.146ms
[22.358s][info][gc] GC(4839) Pause Young (Allocation Failure) 10M->6M(15M) 0.180ms
[22.359s][info][gc] GC(4840) Pause Young (Allocation Failure) 10M->6M(15M) 0.196ms
[22.360s][info][gc] GC(4841) Pause Young (Allocation Failure) 10M->6M(15M) 0.176ms
[22.360s][info][gc] GC(4842) Pause Young (Allocation Failure) 10M->6M(15M) 0.183ms
[22.361s][info][gc] GC(4843) Pause Young (Allocation Failure) 10M->6M(15M) 0.192ms
[22.362s][info][gc] GC(4844) Pause Young (Allocation Failure) 11M->6M(15M) 0.183ms
[22.363s][info][gc] GC(4845) Pause Young (Allocation Failure) 10M->6M(15M) 0.173ms
[22.364s][info][gc] GC(4846) Pause Young (Allocation Failure) 10M->6M(15M) 0.175ms
[22.364s][info][gc] GC(4847) Pause Young (Allocation Failure) 10M->7M(15M) 0.211ms
[22.365s][info][gc] GC(4848) Pause Young (Allocation Failure) 11M->6M(15M) 0.183ms
[22.366s][info][gc] GC(4849) Pause Young (Allocation Failure) 11M->7M(15M) 0.179ms
[22.367s][info][gc] GC(4850) Pause Young (Allocation Failure) 11M->6M(15M) 0.178ms
[22.368s][info][gc] GC(4851) Pause Young (Allocation Failure) 11M->6M(15M) 0.171ms
[22.368s][info][gc] GC(4852) Pause Young (Allocation Failure) 11M->7M(15M) 0.191ms
[22.369s][info][gc] GC(4853) Pause Young (Allocation Failure) 11M->7M(15M) 0.204ms
[22.370s][info][gc] GC(4854) Pause Young (Allocation Failure) 11M->7M(15M) 0.195ms
[22.371s][info][gc] GC(4855) Pause Young (Allocation Failure) 12M->7M(15M) 0.183ms
[22.371s][info][gc] GC(4856) Pause Young (Allocation Failure) 12M->7M(15M) 0.171ms
[22.372s][info][gc] GC(4857) Pause Young (Allocation Failure) 12M->7M(15M) 0.191ms
[22.373s][info][gc] GC(4858) Pause Young (Allocation Failure) 12M->7M(15M) 0.182ms
[22.374s][info][gc] GC(4859) Pause Young (Allocation Failure) 12M->7M(15M) 0.169ms
[22.375s][info][gc] GC(4860) Pause Young (Allocation Failure) 11M->7M(15M) 0.173ms
[22.375s][info][gc] GC(4861) Pause Young (Allocation Failure) 12M->7M(15M) 0.174ms
[22.376s][info][gc] GC(4862) Pause Young (Allocation Failure) 12M->7M(15M) 0.133ms
[22.377s][info][gc] GC(4863) Pause Young (Allocation Failure) 12M->8M(15M) 0.214ms
[22.378s][info][gc] GC(4864) Pause Young (Allocation Failure) 12M->8M(15M) 0.163ms
[22.378s][info][gc] GC(4865) Pause Young (Allocation Failure) 12M->8M(15M) 0.177ms
[22.379s][info][gc] GC(4866) Pause Young (Allocation Failure) 12M->8M(15M) 0.170ms
[22.380s][info][gc] GC(4867) Pause Young (Allocation Failure) 12M->8M(15M) 0.178ms
[22.381s][info][gc] GC(4868) Pause Young (Allocation Failure) 12M->8M(15M) 0.175ms
[22.382s][info][gc] GC(4869) Pause Young (Allocation Failure) 12M->8M(15M) 0.156ms
[22.382s][info][gc] GC(4870) Pause Young (Allocation Failure) 12M->8M(15M) 0.179ms
[22.383s][info][gc] GC(4871) Pause Young (Allocation Failure) 12M->8M(15M) 0.167ms
[22.384s][info][gc] GC(4872) Pause Young (Allocation Failure) 12M->8M(15M) 0.197ms
[22.385s][info][gc] GC(4873) Pause Young (Allocation Failure) 12M->8M(15M) 0.166ms
[22.386s][info][gc] GC(4874) Pause Young (Allocation Failure) 12M->8M(15M) 0.178ms
[22.387s][info][gc] GC(4875) Pause Young (Allocation Failure) 12M->8M(15M) 0.182ms
[22.388s][info][gc] GC(4876) Pause Young (Allocation Failure) 12M->8M(15M) 0.181ms
[22.388s][info][gc] GC(4877) Pause Young (Allocation Failure) 12M->9M(15M) 0.169ms
[22.389s][info][gc] GC(4878) Pause Young (Allocation Failure) 13M->8M(15M) 0.170ms
[22.390s][info][gc] GC(4879) Pause Young (Allocation Failure) 13M->8M(15M) 0.174ms
[22.390s][info][gc] GC(4880) Pause Young (Allocation Failure) 13M->8M(15M) 0.171ms
[22.391s][info][gc] GC(4881) Pause Young (Allocation Failure) 13M->9M(15M) 0.193ms
[22.392s][info][gc] GC(4882) Pause Young (Allocation Failure) 13M->9M(15M) 0.220ms
[22.393s][info][gc] GC(4883) Pause Young (Allocation Failure) 14M->9M(15M) 0.147ms
[22.394s][info][gc] GC(4884) Pause Young (Allocation Failure) 14M->9M(15M) 0.172ms
[22.395s][info][gc] GC(4885) Pause Young (Allocation Failure) 14M->9M(15M) 0.164ms
[22.395s][info][gc] GC(4886) Pause Young (Allocation Failure) 13M->9M(15M) 0.165ms
[22.396s][info][gc] GC(4887) Pause Young (Allocation Failure) 13M->10M(15M) 0.144ms
[22.397s][info][gc] GC(4888) Pause Young (Allocation Failure) 14M->10M(15M) 0.191ms
[22.398s][info][gc] GC(4889) Pause Young (Allocation Failure) 14M->10M(15M) 0.184ms
[22.399s][info][gc] GC(4890) Pause Young (Allocation Failure) 14M->10M(15M) 0.192ms
[22.399s][info][gc] GC(4891) Pause Young (Allocation Failure) 14M->10M(15M) 0.198ms
[22.400s][info][gc] GC(4892) Pause Young (Allocation Failure) 14M->10M(15M) 0.179ms
[22.401s][info][gc] GC(4893) Pause Young (Allocation Failure) 14M->10M(15M) 0.171ms
[22.402s][info][gc] GC(4894) Pause Young (Allocation Failure) 14M->10M(15M) 0.194ms
[22.403s][info][gc] GC(4895) Pause Young (Allocation Failure) 14M->10M(15M) 0.171ms
[22.403s][info][gc] GC(4896) Pause Young (Allocation Failure) 14M->10M(15M) 0.175ms
[22.404s][info][gc] GC(4897) Pause Young (Allocation Failure) 14M->10M(15M) 0.206ms
[22.405s][info][gc] GC(4898) Pause Young (Allocation Failure) 15M->15M(15M) 0.025ms
[22.409s][info][gc] GC(4899) Pause Full (Allocation Failure) 15M->4M(15M) 4.184ms
[22.410s][info][gc] GC(4900) Pause Young (Allocation Failure) 8M->4M(15M) 0.196ms
[22.411s][info][gc] GC(4901) Pause Young (Allocation Failure) 9M->5M(15M) 0.205ms
[22.411s][info][gc] GC(4902) Pause Young (Allocation Failure) 9M->5M(15M) 0.205ms
[22.412s][info][gc] GC(4903) Pause Young (Allocation Failure) 9M->5M(15M) 0.179ms
[22.413s][info][gc] GC(4904) Pause Young (Allocation Failure) 9M->5M(15M) 0.191ms
[22.414s][info][gc] GC(4905) Pause Young (Allocation Failure) 9M->5M(15M) 0.172ms
[22.415s][info][gc] GC(4906) Pause Young (Allocation Failure) 9M->5M(15M) 0.178ms
[22.415s][info][gc] GC(4907) Pause Young (Allocation Failure) 9M->5M(15M) 0.185ms
[22.416s][info][gc] GC(4908) Pause Young (Allocation Failure) 9M->5M(15M) 0.190ms
[22.417s][info][gc] GC(4909) Pause Young (Allocation Failure) 9M->5M(15M) 0.167ms
[22.418s][info][gc] GC(4910) Pause Young (Allocation Failure) 9M->5M(15M) 0.208ms
[22.419s][info][gc] GC(4911) Pause Young (Allocation Failure) 10M->5M(15M) 0.186ms
[22.419s][info][gc] GC(4912) Pause Young (Allocation Failure) 10M->5M(15M) 0.164ms
[22.420s][info][gc] GC(4913) Pause Young (Allocation Failure) 10M->5M(15M) 0.186ms
[22.421s][info][gc] GC(4914) Pause Young (Allocation Failure) 10M->5M(15M) 0.185ms
[22.422s][info][gc] GC(4915) Pause Young (Allocation Failure) 10M->6M(15M) 0.193ms
[22.423s][info][gc] GC(4916) Pause Young (Allocation Failure) 10M->6M(15M) 0.212ms
[22.423s][info][gc] GC(4917) Pause Young (Allocation Failure) 10M->6M(15M) 0.185ms
[22.424s][info][gc] GC(4918) Pause Young (Allocation Failure) 10M->6M(15M) 0.180ms
[22.425s][info][gc] GC(4919) Pause Young (Allocation Failure) 10M->6M(15M) 0.186ms
[22.426s][info][gc] GC(4920) Pause Young (Allocation Failure) 10M->6M(15M) 0.177ms
[22.427s][info][gc] GC(4921) Pause Young (Allocation Failure) 10M->6M(15M) 0.167ms
[22.427s][info][gc] GC(4922) Pause Young (Allocation Failure) 10M->6M(15M) 0.189ms
[22.428s][info][gc] GC(4923) Pause Young (Allocation Failure) 11M->6M(15M) 0.183ms
[22.429s][info][gc] GC(4924) Pause Young (Allocation Failure) 11M->6M(15M) 0.177ms
[22.430s][info][gc] GC(4925) Pause Young (Allocation Failure) 10M->6M(15M) 0.191ms
[22.431s][info][gc] GC(4926) Pause Young (Allocation Failure) 10M->6M(15M) 0.175ms
[22.432s][info][gc] GC(4927) Pause Young (Allocation Failure) 11M->6M(15M) 0.183ms
[22.432s][info][gc] GC(4928) Pause Young (Allocation Failure) 11M->6M(15M) 0.183ms
[22.433s][info][gc] GC(4929) Pause Young (Allocation Failure) 11M->6M(15M) 0.171ms
[22.434s][info][gc] GC(4930) Pause Young (Allocation Failure) 10M->7M(15M) 0.192ms
[22.435s][info][gc] GC(4931) Pause Young (Allocation Failure) 11M->6M(15M) 0.171ms
[22.435s][info][gc] GC(4932) Pause Young (Allocation Failure) 11M->7M(15M) 0.209ms
[22.436s][info][gc] GC(4933) Pause Young (Allocation Failure) 11M->7M(15M) 0.183ms
[22.437s][info][gc] GC(4934) Pause Young (Allocation Failure) 11M->7M(15M) 0.167ms
[22.438s][info][gc] GC(4935) Pause Young (Allocation Failure) 11M->7M(15M) 0.194ms
[22.439s][info][gc] GC(4936) Pause Young (Allocation Failure) 11M->8M(15M) 0.216ms
[22.439s][info][gc] GC(4937) Pause Young (Allocation Failure) 12M->8M(15M) 0.197ms
[22.440s][info][gc] GC(4938) Pause Young (Allocation Failure) 12M->8M(15M) 0.165ms
[22.441s][info][gc] GC(4939) Pause Young (Allocation Failure) 12M->8M(15M) 0.180ms
[22.442s][info][gc] GC(4940) Pause Young (Allocation Failure) 12M->8M(15M) 0.198ms
[22.443s][info][gc] GC(4941) Pause Young (Allocation Failure) 12M->8M(15M) 0.182ms
[22.443s][info][gc] GC(4942) Pause Young (Allocation Failure) 12M->8M(15M) 0.156ms
[22.444s][info][gc] GC(4943) Pause Young (Allocation Failure) 13M->8M(15M) 0.182ms
[22.445s][info][gc] GC(4944) Pause Young (Allocation Failure) 13M->8M(15M) 0.190ms
[22.446s][info][gc] GC(4945) Pause Young (Allocation Failure) 12M->8M(15M) 0.187ms
[22.447s][info][gc] GC(4946) Pause Young (Allocation Failure) 13M->9M(15M) 0.201ms
[22.447s][info][gc] GC(4947) Pause Young (Allocation Failure) 13M->9M(15M) 0.193ms
[22.448s][info][gc] GC(4948) Pause Young (Allocation Failure) 13M->8M(15M) 0.166ms
[22.449s][info][gc] GC(4949) Pause Young (Allocation Failure) 13M->9M(15M) 0.171ms
[22.450s][info][gc] GC(4950) Pause Young (Allocation Failure) 13M->8M(15M) 0.178ms
[22.451s][info][gc] GC(4951) Pause Young (Allocation Failure) 13M->8M(15M) 0.167ms
[22.452s][info][gc] GC(4952) Pause Young (Allocation Failure) 13M->9M(15M) 0.187ms
[22.452s][info][gc] GC(4953) Pause Young (Allocation Failure) 13M->9M(15M) 0.193ms
[22.453s][info][gc] GC(4954) Pause Young (Allocation Failure) 13M->9M(15M) 0.185ms
[22.454s][info][gc] GC(4955) Pause Young (Allocation Failure) 13M->9M(15M) 0.172ms
[22.455s][info][gc] GC(4956) Pause Young (Allocation Failure) 13M->9M(15M) 0.170ms
[22.455s][info][gc] GC(4957) Pause Young (Allocation Failure) 13M->9M(15M) 0.182ms
[22.456s][info][gc] GC(4958) Pause Young (Allocation Failure) 13M->9M(15M) 0.167ms
[22.457s][info][gc] GC(4959) Pause Young (Allocation Failure) 13M->9M(15M) 0.181ms
[22.458s][info][gc] GC(4960) Pause Young (Allocation Failure) 13M->9M(15M) 0.185ms
[22.458s][info][gc] GC(4961) Pause Young (Allocation Failure) 13M->9M(15M) 0.188ms
[22.459s][info][gc] GC(4962) Pause Young (Allocation Failure) 13M->9M(15M) 0.168ms
[22.460s][info][gc] GC(4963) Pause Young (Allocation Failure) 13M->10M(15M) 0.224ms
[22.461s][info][gc] GC(4964) Pause Young (Allocation Failure) 14M->10M(15M) 0.192ms
[22.462s][info][gc] GC(4965) Pause Young (Allocation Failure) 14M->10M(15M) 0.197ms
[22.463s][info][gc] GC(4966) Pause Young (Allocation Failure) 14M->10M(15M) 0.177ms
[22.463s][info][gc] GC(4967) Pause Young (Allocation Failure) 14M->10M(15M) 0.205ms
[22.464s][info][gc] GC(4968) Pause Young (Allocation Failure) 14M->10M(15M) 0.196ms
[22.465s][info][gc] GC(4969) Pause Young (Allocation Failure) 15M->15M(15M) 0.025ms
[22.469s][info][gc] GC(4970) Pause Full (Allocation Failure) 15M->4M(15M) 4.337ms
[22.470s][info][gc] GC(4971) Pause Young (Allocation Failure) 8M->5M(15M) 0.216ms
[22.471s][info][gc] GC(4972) Pause Young (Allocation Failure) 9M->5M(15M) 0.200ms
[22.472s][info][gc] GC(4973) Pause Young (Allocation Failure) 9M->5M(15M) 0.177ms
[22.472s][info][gc] GC(4974) Pause Young (Allocation Failure) 9M->5M(15M) 0.171ms
[22.473s][info][gc] GC(4975) Pause Young (Allocation Failure) 9M->5M(15M) 0.170ms
[22.474s][info][gc] GC(4976) Pause Young (Allocation Failure) 9M->5M(15M) 0.171ms
[22.475s][info][gc] GC(4977) Pause Young (Allocation Failure) 9M->5M(15M) 0.189ms
[22.476s][info][gc] GC(4978) Pause Young (Allocation Failure) 9M->5M(15M) 0.187ms
[22.476s][info][gc] GC(4979) Pause Young (Allocation Failure) 9M->5M(15M) 0.183ms
[22.477s][info][gc] GC(4980) Pause Young (Allocation Failure) 9M->5M(15M) 0.186ms
[22.478s][info][gc] GC(4981) Pause Young (Allocation Failure) 9M->5M(15M) 0.183ms
[22.479s][info][gc] GC(4982) Pause Young (Allocation Failure) 9M->6M(15M) 0.239ms
[22.480s][info][gc] GC(4983) Pause Young (Allocation Failure) 10M->6M(15M) 0.195ms
[22.481s][info][gc] GC(4984) Pause Young (Allocation Failure) 10M->6M(15M) 0.164ms
[22.481s][info][gc] GC(4985) Pause Young (Allocation Failure) 11M->6M(15M) 0.176ms
[22.482s][info][gc] GC(4986) Pause Young (Allocation Failure) 11M->7M(15M) 0.192ms
[22.483s][info][gc] GC(4987) Pause Young (Allocation Failure) 11M->7M(15M) 0.198ms
[22.484s][info][gc] GC(4988) Pause Young (Allocation Failure) 11M->7M(15M) 0.183ms
[22.484s][info][gc] GC(4989) Pause Young (Allocation Failure) 11M->7M(15M) 0.179ms
[22.485s][info][gc] GC(4990) Pause Young (Allocation Failure) 11M->7M(15M) 0.178ms
[22.486s][info][gc] GC(4991) Pause Young (Allocation Failure) 11M->7M(15M) 0.172ms
[22.487s][info][gc] GC(4992) Pause Young (Allocation Failure) 11M->6M(15M) 0.170ms
[22.488s][info][gc] GC(4993) Pause Young (Allocation Failure) 11M->7M(15M) 0.187ms
[22.488s][info][gc] GC(4994) Pause Young (Allocation Failure) 11M->6M(15M) 0.164ms
[22.489s][info][gc] GC(4995) Pause Young (Allocation Failure) 11M->7M(15M) 0.187ms
[22.490s][info][gc] GC(4996) Pause Young (Allocation Failure) 11M->7M(15M) 0.171ms
[22.491s][info][gc] GC(4997) Pause Young (Allocation Failure) 11M->7M(15M) 0.193ms
[22.492s][info][gc] GC(4998) Pause Young (Allocation Failure) 11M->7M(15M) 0.184ms
[22.492s][info][gc] GC(4999) Pause Young (Allocation Failure) 11M->7M(15M) 0.216ms
[22.493s][info][gc] GC(5000) Pause Young (Allocation Failure) 12M->8M(15M) 0.188ms
[22.494s][info][gc] GC(5001) Pause Young (Allocation Failure) 12M->7M(15M) 0.174ms
[22.495s][info][gc] GC(5002) Pause Young (Allocation Failure) 12M->8M(15M) 0.183ms
[22.496s][info][gc] GC(5003) Pause Young (Allocation Failure) 12M->7M(15M) 0.172ms
[22.496s][info][gc] GC(5004) Pause Young (Allocation Failure) 12M->8M(15M) 0.185ms
[22.497s][info][gc] GC(5005) Pause Young (Allocation Failure) 12M->7M(15M) 0.167ms
[22.498s][info][gc] GC(5006) Pause Young (Allocation Failure) 12M->7M(15M) 0.166ms
[22.499s][info][gc] GC(5007) Pause Young (Allocation Failure) 12M->8M(15M) 0.183ms
[22.500s][info][gc] GC(5008) Pause Young (Allocation Failure) 12M->7M(15M) 0.176ms
[22.501s][info][gc] GC(5009) Pause Young (Allocation Failure) 12M->8M(15M) 0.184ms
[22.501s][info][gc] GC(5010) Pause Young (Allocation Failure) 12M->8M(15M) 0.175ms
[22.502s][info][gc] GC(5011) Pause Young (Allocation Failure) 12M->8M(15M) 0.172ms
[22.503s][info][gc] GC(5012) Pause Young (Allocation Failure) 12M->8M(15M) 0.196ms
[22.503s][info][gc] GC(5013) Pause Young (Allocation Failure) 12M->8M(15M) 0.166ms
[22.504s][info][gc] GC(5014) Pause Young (Allocation Failure) 13M->8M(15M) 0.151ms
[22.505s][info][gc] GC(5015) Pause Young (Allocation Failure) 13M->8M(15M) 0.168ms
[22.506s][info][gc] GC(5016) Pause Young (Allocation Failure) 12M->9M(15M) 0.153ms
[22.507s][info][gc] GC(5017) Pause Young (Allocation Failure) 13M->9M(15M) 0.218ms
[22.507s][info][gc] GC(5018) Pause Young (Allocation Failure) 13M->9M(15M) 0.195ms
[22.508s][info][gc] GC(5019) Pause Young (Allocation Failure) 14M->9M(15M) 0.182ms
[22.509s][info][gc] GC(5020) Pause Young (Allocation Failure) 14M->10M(15M) 0.198ms
[22.510s][info][gc] GC(5021) Pause Young (Allocation Failure) 14M->10M(15M) 0.183ms
[22.511s][info][gc] GC(5022) Pause Young (Allocation Failure) 14M->10M(15M) 0.179ms
[22.511s][info][gc] GC(5023) Pause Young (Allocation Failure) 14M->10M(15M) 0.178ms
[22.512s][info][gc] GC(5024) Pause Young (Allocation Failure) 14M->9M(15M) 0.172ms
[22.513s][info][gc] GC(5025) Pause Young (Allocation Failure) 14M->10M(15M) 0.170ms
[22.514s][info][gc] GC(5026) Pause Young (Allocation Failure) 14M->10M(15M) 0.207ms
[22.515s][info][gc] GC(5027) Pause Young (Allocation Failure) 14M->10M(15M) 0.181ms
[22.515s][info][gc] GC(5028) Pause Young (Allocation Failure) 14M->10M(15M) 0.178ms
[22.516s][info][gc] GC(5029) Pause Young (Allocation Failure) 14M->10M(15M) 0.169ms
[22.517s][info][gc] GC(5030) Pause Young (Allocation Failure) 14M->10M(15M) 0.185ms
[22.518s][info][gc] GC(5031) Pause Young (Allocation Failure) 14M->10M(15M) 0.192ms
[22.518s][info][gc] GC(5032) Pause Young (Allocation Failure) 14M->10M(15M) 0.188ms
[22.519s][info][gc] GC(5033) Pause Young (Allocation Failure) 15M->10M(15M) 0.201ms
[22.520s][info][gc] GC(5034) Pause Young (Allocation Failure) 15M->15M(15M) 0.025ms
[22.524s][info][gc] GC(5035) Pause Full (Allocation Failure) 15M->3M(15M) 4.369ms
[22.525s][info][gc] GC(5036) Pause Young (Allocation Failure) 8M->3M(15M) 0.168ms
[22.526s][info][gc] GC(5037) Pause Young (Allocation Failure) 8M->4M(15M) 0.193ms
[22.527s][info][gc] GC(5038) Pause Young (Allocation Failure) 8M->4M(15M) 0.207ms
[22.528s][info][gc] GC(5039) Pause Young (Allocation Failure) 8M->4M(15M) 0.168ms
[22.528s][info][gc] GC(5040) Pause Young (Allocation Failure) 8M->4M(15M) 0.136ms
[22.529s][info][gc] GC(5041) Pause Young (Allocation Failure) 8M->4M(15M) 0.164ms
[22.530s][info][gc] GC(5042) Pause Young (Allocation Failure) 8M->4M(15M) 0.184ms
[22.531s][info][gc] GC(5043) Pause Young (Allocation Failure) 8M->4M(15M) 0.175ms
[22.531s][info][gc] GC(5044) Pause Young (Allocation Failure) 8M->4M(15M) 0.183ms
[22.532s][info][gc] GC(5045) Pause Young (Allocation Failure) 9M->4M(15M) 0.202ms
[22.533s][info][gc] GC(5046) Pause Young (Allocation Failure) 9M->4M(15M) 0.169ms
[22.534s][info][gc] GC(5047) Pause Young (Allocation Failure) 9M->4M(15M) 0.161ms
[22.535s][info][gc] GC(5048) Pause Young (Allocation Failure) 8M->4M(15M) 0.189ms
[22.535s][info][gc] GC(5049) Pause Young (Allocation Failure) 9M->5M(15M) 0.209ms
[22.536s][info][gc] GC(5050) Pause Young (Allocation Failure) 9M->5M(15M) 0.177ms
[22.537s][info][gc] GC(5051) Pause Young (Allocation Failure) 9M->5M(15M) 0.168ms
[22.538s][info][gc] GC(5052) Pause Young (Allocation Failure) 9M->5M(15M) 0.164ms
[22.539s][info][gc] GC(5053) Pause Young (Allocation Failure) 9M->5M(15M) 0.182ms
[22.539s][info][gc] GC(5054) Pause Young (Allocation Failure) 9M->5M(15M) 0.192ms
[22.540s][info][gc] GC(5055) Pause Young (Allocation Failure) 9M->5M(15M) 0.190ms
[22.541s][info][gc] GC(5056) Pause Young (Allocation Failure) 9M->5M(15M) 0.232ms
[22.542s][info][gc] GC(5057) Pause Young (Allocation Failure) 10M->5M(15M) 0.171ms
[22.543s][info][gc] GC(5058) Pause Young (Allocation Failure) 9M->5M(15M) 0.173ms
[22.544s][info][gc] GC(5059) Pause Young (Allocation Failure) 9M->5M(15M) 0.189ms
[22.544s][info][gc] GC(5060) Pause Young (Allocation Failure) 10M->5M(15M) 0.182ms
[22.545s][info][gc] GC(5061) Pause Young (Allocation Failure) 10M->6M(15M) 0.169ms
[22.546s][info][gc] GC(5062) Pause Young (Allocation Failure) 10M->5M(15M) 0.169ms
[22.547s][info][gc] GC(5063) Pause Young (Allocation Failure) 10M->6M(15M) 0.183ms
[22.548s][info][gc] GC(5064) Pause Young (Allocation Failure) 10M->6M(15M) 0.157ms
[22.548s][info][gc] GC(5065) Pause Young (Allocation Failure) 10M->6M(15M) 0.190ms
[22.549s][info][gc] GC(5066) Pause Young (Allocation Failure) 11M->6M(15M) 0.183ms
[22.550s][info][gc] GC(5067) Pause Young (Allocation Failure) 11M->6M(15M) 0.197ms
[22.551s][info][gc] GC(5068) Pause Young (Allocation Failure) 11M->6M(15M) 0.165ms
[22.551s][info][gc] GC(5069) Pause Young (Allocation Failure) 10M->7M(15M) 0.201ms
[22.552s][info][gc] GC(5070) Pause Young (Allocation Failure) 11M->7M(15M) 0.177ms
[22.553s][info][gc] GC(5071) Pause Young (Allocation Failure) 11M->6M(15M) 0.171ms
[22.554s][info][gc] GC(5072) Pause Young (Allocation Failure) 11M->7M(15M) 0.201ms
[22.555s][info][gc] GC(5073) Pause Young (Allocation Failure) 11M->7M(15M) 0.172ms
[22.556s][info][gc] GC(5074) Pause Young (Allocation Failure) 11M->7M(15M) 0.169ms
[22.556s][info][gc] GC(5075) Pause Young (Allocation Failure) 11M->7M(15M) 0.193ms
[22.557s][info][gc] GC(5076) Pause Young (Allocation Failure) 11M->7M(15M) 0.180ms
[22.558s][info][gc] GC(5077) Pause Young (Allocation Failure) 11M->7M(15M) 0.168ms
[22.559s][info][gc] GC(5078) Pause Young (Allocation Failure) 11M->8M(15M) 0.219ms
[22.560s][info][gc] GC(5079) Pause Young (Allocation Failure) 12M->8M(15M) 0.190ms
[22.560s][info][gc] GC(5080) Pause Young (Allocation Failure) 12M->8M(15M) 0.198ms
[22.561s][info][gc] GC(5081) Pause Young (Allocation Failure) 12M->8M(15M) 0.183ms
[22.562s][info][gc] GC(5082) Pause Young (Allocation Failure) 12M->8M(15M) 0.182ms
[22.563s][info][gc] GC(5083) Pause Young (Allocation Failure) 12M->8M(15M) 0.176ms
[22.564s][info][gc] GC(5084) Pause Young (Allocation Failure) 12M->8M(15M) 0.186ms
[22.564s][info][gc] GC(5085) Pause Young (Allocation Failure) 12M->8M(15M) 0.173ms
[22.565s][info][gc] GC(5086) Pause Young (Allocation Failure) 12M->8M(15M) 0.176ms
[22.566s][info][gc] GC(5087) Pause Young (Allocation Failure) 12M->8M(15M) 0.170ms
[22.567s][info][gc] GC(5088) Pause Young (Allocation Failure) 12M->8M(15M) 0.180ms
[22.567s][info][gc] GC(5089) Pause Young (Allocation Failure) 12M->8M(15M) 0.166ms
[22.568s][info][gc] GC(5090) Pause Young (Allocation Failure) 12M->8M(15M) 0.200ms
[22.569s][info][gc] GC(5091) Pause Young (Allocation Failure) 13M->8M(15M) 0.187ms
[22.570s][info][gc] GC(5092) Pause Young (Allocation Failure) 13M->8M(15M) 0.174ms
[22.571s][info][gc] GC(5093) Pause Young (Allocation Failure) 12M->8M(15M) 0.186ms
[22.572s][info][gc] GC(5094) Pause Young (Allocation Failure) 13M->8M(15M) 0.180ms
[22.572s][info][gc] GC(5095) Pause Young (Allocation Failure) 13M->8M(15M) 0.168ms
[22.573s][info][gc] GC(5096) Pause Young (Allocation Failure) 12M->9M(15M) 0.170ms
[22.574s][info][gc] GC(5097) Pause Young (Allocation Failure) 13M->9M(15M) 0.196ms
[22.575s][info][gc] GC(5098) Pause Young (Allocation Failure) 13M->9M(15M) 0.187ms
[22.576s][info][gc] GC(5099) Pause Young (Allocation Failure) 13M->9M(15M) 0.163ms
[22.576s][info][gc] GC(5100) Pause Young (Allocation Failure) 13M->9M(15M) 0.182ms
[22.577s][info][gc] GC(5101) Pause Young (Allocation Failure) 13M->9M(15M) 0.171ms
[22.578s][info][gc] GC(5102) Pause Young (Allocation Failure) 13M->9M(15M) 0.184ms
[22.579s][info][gc] GC(5103) Pause Young (Allocation Failure) 13M->9M(15M) 0.218ms
[22.580s][info][gc] GC(5104) Pause Young (Allocation Failure) 13M->9M(15M) 0.179ms
[22.580s][info][gc] GC(5105) Pause Young (Allocation Failure) 13M->9M(15M) 0.190ms
[22.581s][info][gc] GC(5106) Pause Young (Allocation Failure) 14M->9M(15M) 0.198ms
[22.582s][info][gc] GC(5107) Pause Young (Allocation Failure) 14M->9M(15M) 0.170ms
[22.583s][info][gc] GC(5108) Pause Young (Allocation Failure) 13M->10M(15M) 0.194ms
[22.584s][info][gc] GC(5109) Pause Young (Allocation Failure) 14M->9M(15M) 0.171ms
[22.584s][info][gc] GC(5110) Pause Young (Allocation Failure) 14M->10M(15M) 0.186ms
[22.585s][info][gc] GC(5111) Pause Young (Allocation Failure) 14M->10M(15M) 0.188ms
[22.586s][info][gc] GC(5112) Pause Young (Allocation Failure) 14M->10M(15M) 0.180ms
[22.587s][info][gc] GC(5113) Pause Young (Allocation Failure) 14M->10M(15M) 0.176ms
[22.588s][info][gc] GC(5114) Pause Young (Allocation Failure) 14M->10M(15M) 0.178ms
[22.588s][info][gc] GC(5115) Pause Young (Allocation Failure) 14M->9M(15M) 0.167ms
[22.589s][info][gc] GC(5116) Pause Young (Allocation Failure) 14M->10M(15M) 0.193ms
[22.590s][info][gc] GC(5117) Pause Young (Allocation Failure) 14M->10M(15M) 0.202ms
[22.591s][info][gc] GC(5118) Pause Young (Allocation Failure) 14M->10M(15M) 0.164ms
[22.592s][info][gc] GC(5119) Pause Young (Allocation Failure) 14M->11M(15M) 0.216ms
[22.592s][info][gc] GC(5120) Pause Young (Allocation Failure) 15M->15M(15M) 0.025ms
[22.597s][info][gc] GC(5121) Pause Full (Allocation Failure) 15M->4M(15M) 4.341ms
[22.597s][info][gc] GC(5122) Pause Young (Allocation Failure) 8M->5M(15M) 0.205ms
[22.598s][info][gc] GC(5123) Pause Young (Allocation Failure) 9M->4M(15M) 0.184ms
[22.599s][info][gc] GC(5124) Pause Young (Allocation Failure) 9M->5M(15M) 0.216ms
[22.600s][info][gc] GC(5125) Pause Young (Allocation Failure) 9M->5M(15M) 0.210ms
[22.601s][info][gc] GC(5126) Pause Young (Allocation Failure) 10M->5M(15M) 0.177ms
[22.601s][info][gc] GC(5127) Pause Young (Allocation Failure) 10M->5M(15M) 0.182ms
[22.602s][info][gc] GC(5128) Pause Young (Allocation Failure) 10M->5M(15M) 0.175ms
[22.603s][info][gc] GC(5129) Pause Young (Allocation Failure) 10M->5M(15M) 0.166ms
[22.604s][info][gc] GC(5130) Pause Young (Allocation Failure) 9M->6M(15M) 0.200ms
[22.605s][info][gc] GC(5131) Pause Young (Allocation Failure) 10M->6M(15M) 0.197ms
[22.605s][info][gc] GC(5132) Pause Young (Allocation Failure) 10M->6M(15M) 0.175ms
[22.606s][info][gc] GC(5133) Pause Young (Allocation Failure) 10M->6M(15M) 0.176ms
[22.607s][info][gc] GC(5134) Pause Young (Allocation Failure) 10M->6M(15M) 0.168ms
[22.608s][info][gc] GC(5135) Pause Young (Allocation Failure) 10M->6M(15M) 0.191ms
[22.608s][info][gc] GC(5136) Pause Young (Allocation Failure) 10M->6M(15M) 0.177ms
[22.609s][info][gc] GC(5137) Pause Young (Allocation Failure) 10M->6M(15M) 0.173ms
[22.610s][info][gc] GC(5138) Pause Young (Allocation Failure) 10M->6M(15M) 0.194ms
[22.611s][info][gc] GC(5139) Pause Young (Allocation Failure) 11M->6M(15M) 0.179ms
[22.612s][info][gc] GC(5140) Pause Young (Allocation Failure) 10M->6M(15M) 0.190ms
[22.612s][info][gc] GC(5141) Pause Young (Allocation Failure) 11M->7M(15M) 0.223ms
[22.613s][info][gc] GC(5142) Pause Young (Allocation Failure) 11M->8M(15M) 0.220ms
[22.614s][info][gc] GC(5143) Pause Young (Allocation Failure) 12M->8M(15M) 0.178ms
[22.615s][info][gc] GC(5144) Pause Young (Allocation Failure) 12M->8M(15M) 0.211ms
[22.616s][info][gc] GC(5145) Pause Young (Allocation Failure) 12M->8M(15M) 0.167ms
[22.616s][info][gc] GC(5146) Pause Young (Allocation Failure) 12M->8M(15M) 0.182ms
[22.617s][info][gc] GC(5147) Pause Young (Allocation Failure) 12M->8M(15M) 0.180ms
[22.618s][info][gc] GC(5148) Pause Young (Allocation Failure) 12M->9M(15M) 0.226ms
[22.619s][info][gc] GC(5149) Pause Young (Allocation Failure) 13M->9M(15M) 0.201ms
[22.620s][info][gc] GC(5150) Pause Young (Allocation Failure) 13M->9M(15M) 0.164ms
[22.620s][info][gc] GC(5151) Pause Young (Allocation Failure) 13M->9M(15M) 0.285ms
[22.621s][info][gc] GC(5152) Pause Young (Allocation Failure) 13M->9M(15M) 0.191ms
[22.622s][info][gc] GC(5153) Pause Young (Allocation Failure) 13M->9M(15M) 0.198ms
[22.623s][info][gc] GC(5154) Pause Young (Allocation Failure) 14M->9M(15M) 0.175ms
[22.624s][info][gc] GC(5155) Pause Young (Allocation Failure) 13M->9M(15M) 0.189ms
[22.625s][info][gc] GC(5156) Pause Young (Allocation Failure) 14M->9M(15M) 0.194ms
[22.625s][info][gc] GC(5157) Pause Young (Allocation Failure) 14M->9M(15M) 0.175ms
[22.626s][info][gc] GC(5158) Pause Young (Allocation Failure) 14M->9M(15M) 0.161ms
[22.627s][info][gc] GC(5159) Pause Young (Allocation Failure) 13M->10M(15M) 0.188ms
[22.628s][info][gc] GC(5160) Pause Young (Allocation Failure) 14M->9M(15M) 0.172ms
[22.629s][info][gc] GC(5161) Pause Young (Allocation Failure) 14M->9M(15M) 0.167ms
[22.629s][info][gc] GC(5162) Pause Young (Allocation Failure) 14M->10M(15M) 0.212ms
[22.630s][info][gc] GC(5163) Pause Young (Allocation Failure) 14M->10M(15M) 0.181ms
[22.631s][info][gc] GC(5164) Pause Young (Allocation Failure) 14M->11M(15M) 0.205ms
[22.631s][info][gc] GC(5165) Pause Young (Allocation Failure) 15M->15M(15M) 0.025ms
[22.636s][info][gc] GC(5166) Pause Full (Allocation Failure) 15M->3M(15M) 4.241ms
[22.636s][info][gc] GC(5167) Pause Young (Allocation Failure) 8M->4M(15M) 0.216ms
[22.637s][info][gc] GC(5168) Pause Young (Allocation Failure) 9M->4M(15M) 0.173ms
[22.638s][info][gc] GC(5169) Pause Young (Allocation Failure) 9M->4M(15M) 0.181ms
[22.639s][info][gc] GC(5170) Pause Young (Allocation Failure) 9M->5M(15M) 0.191ms
[22.640s][info][gc] GC(5171) Pause Young (Allocation Failure) 9M->5M(15M) 0.218ms
[22.641s][info][gc] GC(5172) Pause Young (Allocation Failure) 10M->5M(15M) 0.176ms
[22.641s][info][gc] GC(5173) Pause Young (Allocation Failure) 9M->5M(15M) 0.171ms
[22.642s][info][gc] GC(5174) Pause Young (Allocation Failure) 9M->6M(15M) 0.190ms
[22.643s][info][gc] GC(5175) Pause Young (Allocation Failure) 10M->6M(15M) 0.169ms
[22.644s][info][gc] GC(5176) Pause Young (Allocation Failure) 10M->6M(15M) 0.170ms
[22.644s][info][gc] GC(5177) Pause Young (Allocation Failure) 10M->6M(15M) 0.176ms
[22.645s][info][gc] GC(5178) Pause Young (Allocation Failure) 10M->6M(15M) 0.163ms
[22.646s][info][gc] GC(5179) Pause Young (Allocation Failure) 11M->7M(15M) 0.223ms
[22.647s][info][gc] GC(5180) Pause Young (Allocation Failure) 11M->7M(15M) 0.158ms
[22.648s][info][gc] GC(5181) Pause Young (Allocation Failure) 11M->7M(15M) 0.191ms
[22.648s][info][gc] GC(5182) Pause Young (Allocation Failure) 11M->7M(15M) 0.183ms
[22.649s][info][gc] GC(5183) Pause Young (Allocation Failure) 12M->7M(15M) 0.176ms
[22.650s][info][gc] GC(5184) Pause Young (Allocation Failure) 11M->7M(15M) 0.167ms
[22.651s][info][gc] GC(5185) Pause Young (Allocation Failure) 11M->7M(15M) 0.161ms
[22.652s][info][gc] GC(5186) Pause Young (Allocation Failure) 11M->7M(15M) 0.260ms
[22.652s][info][gc] GC(5187) Pause Young (Allocation Failure) 11M->7M(15M) 0.159ms
[22.653s][info][gc] GC(5188) Pause Young (Allocation Failure) 11M->7M(15M) 0.161ms
[22.654s][info][gc] GC(5189) Pause Young (Allocation Failure) 11M->7M(15M) 0.164ms
[22.655s][info][gc] GC(5190) Pause Young (Allocation Failure) 11M->8M(15M) 0.211ms
[22.655s][info][gc] GC(5191) Pause Young (Allocation Failure) 12M->8M(15M) 0.197ms
[22.656s][info][gc] GC(5192) Pause Young (Allocation Failure) 12M->8M(15M) 0.173ms
[22.657s][info][gc] GC(5193) Pause Young (Allocation Failure) 12M->8M(15M) 0.177ms
[22.658s][info][gc] GC(5194) Pause Young (Allocation Failure) 12M->8M(15M) 0.194ms
[22.659s][info][gc] GC(5195) Pause Young (Allocation Failure) 12M->8M(15M) 0.168ms
[22.659s][info][gc] GC(5196) Pause Young (Allocation Failure) 12M->8M(15M) 0.179ms
[22.660s][info][gc] GC(5197) Pause Young (Allocation Failure) 12M->8M(15M) 0.192ms
[22.661s][info][gc] GC(5198) Pause Young (Allocation Failure) 13M->8M(15M) 0.178ms
[22.662s][info][gc] GC(5199) Pause Young (Allocation Failure) 12M->8M(15M) 0.198ms
[22.663s][info][gc] GC(5200) Pause Young (Allocation Failure) 13M->8M(15M) 0.153ms
[22.664s][info][gc] GC(5201) Pause Young (Allocation Failure) 12M->9M(15M) 0.167ms
[22.664s][info][gc] GC(5202) Pause Young (Allocation Failure) 13M->9M(15M) 0.177ms
[22.665s][info][gc] GC(5203) Pause Young (Allocation Failure) 13M->8M(15M) 0.144ms
[22.666s][info][gc] GC(5204) Pause Young (Allocation Failure) 13M->9M(15M) 0.151ms
[22.666s][info][gc] GC(5205) Pause Young (Allocation Failure) 13M->9M(15M) 0.172ms
[22.667s][info][gc] GC(5206) Pause Young (Allocation Failure) 13M->9M(15M) 0.190ms
[22.668s][info][gc] GC(5207) Pause Young (Allocation Failure) 13M->9M(15M) 0.178ms
[22.669s][info][gc] GC(5208) Pause Young (Allocation Failure) 13M->9M(15M) 0.178ms
[22.669s][info][gc] GC(5209) Pause Young (Allocation Failure) 13M->9M(15M) 0.146ms
[22.670s][info][gc] GC(5210) Pause Young (Allocation Failure) 13M->9M(15M) 0.186ms
[22.671s][info][gc] GC(5211) Pause Young (Allocation Failure) 13M->10M(15M) 0.204ms
[22.672s][info][gc] GC(5212) Pause Young (Allocation Failure) 14M->9M(15M) 0.172ms
[22.673s][info][gc] GC(5213) Pause Young (Allocation Failure) 14M->10M(15M) 0.180ms
[22.673s][info][gc] GC(5214) Pause Young (Allocation Failure) 14M->9M(15M) 0.167ms
[22.674s][info][gc] GC(5215) Pause Young (Allocation Failure) 14M->10M(15M) 0.187ms
[22.675s][info][gc] GC(5216) Pause Young (Allocation Failure) 14M->10M(15M) 0.166ms
[22.676s][info][gc] GC(5217) Pause Young (Allocation Failure) 14M->9M(15M) 0.170ms
[22.677s][info][gc] GC(5218) Pause Young (Allocation Failure) 14M->10M(15M) 0.207ms
[22.678s][info][gc] GC(5219) Pause Young (Allocation Failure) 14M->10M(15M) 0.168ms
[22.678s][info][gc] GC(5220) Pause Young (Allocation Failure) 14M->10M(15M) 0.176ms
[22.679s][info][gc] GC(5221) Pause Young (Allocation Failure) 14M->15M(15M) 0.365ms
[22.684s][info][gc] GC(5222) Pause Full (Allocation Failure) 15M->4M(15M) 4.393ms
[22.685s][info][gc] GC(5223) Pause Young (Allocation Failure) 9M->5M(15M) 0.183ms
[22.685s][info][gc] GC(5224) Pause Young (Allocation Failure) 9M->5M(15M) 0.186ms
[22.686s][info][gc] GC(5225) Pause Young (Allocation Failure) 9M->5M(15M) 0.185ms
[22.687s][info][gc] GC(5226) Pause Young (Allocation Failure) 9M->5M(15M) 0.280ms
[22.688s][info][gc] GC(5227) Pause Young (Allocation Failure) 10M->5M(15M) 0.172ms
[22.689s][info][gc] GC(5228) Pause Young (Allocation Failure) 10M->6M(15M) 0.219ms
[22.690s][info][gc] GC(5229) Pause Young (Allocation Failure) 10M->6M(15M) 0.191ms
[22.690s][info][gc] GC(5230) Pause Young (Allocation Failure) 10M->6M(15M) 0.162ms
[22.691s][info][gc] GC(5231) Pause Young (Allocation Failure) 10M->6M(15M) 0.169ms
[22.692s][info][gc] GC(5232) Pause Young (Allocation Failure) 10M->6M(15M) 0.160ms
[22.692s][info][gc] GC(5233) Pause Young (Allocation Failure) 10M->7M(15M) 0.225ms
[22.693s][info][gc] GC(5234) Pause Young (Allocation Failure) 11M->7M(15M) 0.190ms
[22.694s][info][gc] GC(5235) Pause Young (Allocation Failure) 11M->7M(15M) 0.185ms
[22.695s][info][gc] GC(5236) Pause Young (Allocation Failure) 11M->7M(15M) 0.169ms
[22.696s][info][gc] GC(5237) Pause Young (Allocation Failure) 11M->7M(15M) 0.171ms
[22.696s][info][gc] GC(5238) Pause Young (Allocation Failure) 11M->7M(15M) 0.167ms
[22.697s][info][gc] GC(5239) Pause Young (Allocation Failure) 11M->7M(15M) 0.184ms
[22.698s][info][gc] GC(5240) Pause Young (Allocation Failure) 12M->7M(15M) 0.177ms
[22.699s][info][gc] GC(5241) Pause Young (Allocation Failure) 11M->7M(15M) 0.160ms
[22.700s][info][gc] GC(5242) Pause Young (Allocation Failure) 11M->7M(15M) 0.167ms
[22.701s][info][gc] GC(5243) Pause Young (Allocation Failure) 11M->7M(15M) 0.326ms
[22.701s][info][gc] GC(5244) Pause Young (Allocation Failure) 12M->7M(15M) 0.173ms
[22.702s][info][gc] GC(5245) Pause Young (Allocation Failure) 12M->7M(15M) 0.189ms
[22.703s][info][gc] GC(5246) Pause Young (Allocation Failure) 12M->7M(15M) 0.174ms
[22.704s][info][gc] GC(5247) Pause Young (Allocation Failure) 12M->8M(15M) 0.146ms
[22.705s][info][gc] GC(5248) Pause Young (Allocation Failure) 12M->7M(15M) 0.170ms
[22.705s][info][gc] GC(5249) Pause Young (Allocation Failure) 12M->8M(15M) 0.139ms
[22.706s][info][gc] GC(5250) Pause Young (Allocation Failure) 12M->7M(15M) 0.171ms
[22.707s][info][gc] GC(5251) Pause Young (Allocation Failure) 12M->8M(15M) 0.229ms
[22.708s][info][gc] GC(5252) Pause Young (Allocation Failure) 13M->8M(15M) 0.177ms
[22.708s][info][gc] GC(5253) Pause Young (Allocation Failure) 13M->9M(15M) 0.203ms
[22.709s][info][gc] GC(5254) Pause Young (Allocation Failure) 13M->9M(15M) 0.192ms
[22.710s][info][gc] GC(5255) Pause Young (Allocation Failure) 13M->9M(15M) 0.179ms
[22.711s][info][gc] GC(5256) Pause Young (Allocation Failure) 13M->9M(15M) 0.166ms
[22.712s][info][gc] GC(5257) Pause Young (Allocation Failure) 13M->9M(15M) 0.189ms
[22.713s][info][gc] GC(5258) Pause Young (Allocation Failure) 13M->9M(15M) 0.162ms
[22.713s][info][gc] GC(5259) Pause Young (Allocation Failure) 13M->9M(15M) 0.158ms
[22.714s][info][gc] GC(5260) Pause Young (Allocation Failure) 13M->9M(15M) 0.167ms
[22.715s][info][gc] GC(5261) Pause Young (Allocation Failure) 13M->9M(15M) 0.177ms
[22.716s][info][gc] GC(5262) Pause Young (Allocation Failure) 13M->9M(15M) 0.195ms
[22.717s][info][gc] GC(5263) Pause Young (Allocation Failure) 14M->9M(15M) 0.162ms
[22.717s][info][gc] GC(5264) Pause Young (Allocation Failure) 13M->9M(15M) 0.173ms
[22.718s][info][gc] GC(5265) Pause Young (Allocation Failure) 13M->9M(15M) 0.163ms
[22.719s][info][gc] GC(5266) Pause Young (Allocation Failure) 13M->9M(15M) 0.189ms
[22.720s][info][gc] GC(5267) Pause Young (Allocation Failure) 14M->9M(15M) 0.166ms
[22.721s][info][gc] GC(5268) Pause Young (Allocation Failure) 13M->10M(15M) 0.135ms
[22.721s][info][gc] GC(5269) Pause Young (Allocation Failure) 14M->9M(15M) 0.176ms
[22.722s][info][gc] GC(5270) Pause Young (Allocation Failure) 14M->10M(15M) 0.177ms
[22.723s][info][gc] GC(5271) Pause Young (Allocation Failure) 14M->10M(15M) 0.191ms
[22.724s][info][gc] GC(5272) Pause Young (Allocation Failure) 15M->15M(15M) 0.025ms
[22.728s][info][gc] GC(5273) Pause Full (Allocation Failure) 15M->4M(15M) 4.279ms
[22.729s][info][gc] GC(5274) Pause Young (Allocation Failure) 8M->4M(15M) 0.153ms
[22.730s][info][gc] GC(5275) Pause Young (Allocation Failure) 8M->4M(15M) 0.174ms
[22.730s][info][gc] GC(5276) Pause Young (Allocation Failure) 8M->4M(15M) 0.175ms
[22.731s][info][gc] GC(5277) Pause Young (Allocation Failure) 8M->4M(15M) 0.218ms
[22.732s][info][gc] GC(5278) Pause Young (Allocation Failure) 9M->4M(15M) 0.150ms
[22.733s][info][gc] GC(5279) Pause Young (Allocation Failure) 9M->4M(15M) 0.171ms
[22.734s][info][gc] GC(5280) Pause Young (Allocation Failure) 8M->4M(15M) 0.168ms
[22.734s][info][gc] GC(5281) Pause Young (Allocation Failure) 8M->5M(15M) 0.190ms
[22.735s][info][gc] GC(5282) Pause Young (Allocation Failure) 9M->5M(15M) 0.218ms
[22.736s][info][gc] GC(5283) Pause Young (Allocation Failure) 9M->5M(15M) 0.170ms
[22.737s][info][gc] GC(5284) Pause Young (Allocation Failure) 9M->5M(15M) 0.186ms
[22.737s][info][gc] GC(5285) Pause Young (Allocation Failure) 9M->5M(15M) 0.181ms
[22.738s][info][gc] GC(5286) Pause Young (Allocation Failure) 10M->5M(15M) 0.169ms
[22.739s][info][gc] GC(5287) Pause Young (Allocation Failure) 9M->5M(15M) 0.179ms
[22.740s][info][gc] GC(5288) Pause Young (Allocation Failure) 10M->6M(15M) 0.177ms
[22.740s][info][gc] GC(5289) Pause Young (Allocation Failure) 10M->6M(15M) 0.188ms
[22.741s][info][gc] GC(5290) Pause Young (Allocation Failure) 10M->6M(15M) 0.217ms
[22.742s][info][gc] GC(5291) Pause Young (Allocation Failure) 11M->6M(15M) 0.195ms
[22.743s][info][gc] GC(5292) Pause Young (Allocation Failure) 11M->6M(15M) 0.173ms
[22.743s][info][gc] GC(5293) Pause Young (Allocation Failure) 11M->6M(15M) 0.182ms
[22.744s][info][gc] GC(5294) Pause Young (Allocation Failure) 11M->6M(15M) 0.175ms
[22.745s][info][gc] GC(5295) Pause Young (Allocation Failure) 11M->7M(15M) 0.192ms
[22.746s][info][gc] GC(5296) Pause Young (Allocation Failure) 11M->7M(15M) 0.196ms
[22.747s][info][gc] GC(5297) Pause Young (Allocation Failure) 11M->7M(15M) 0.202ms
[22.747s][info][gc] GC(5298) Pause Young (Allocation Failure) 11M->7M(15M) 0.182ms
[22.748s][info][gc] GC(5299) Pause Young (Allocation Failure) 11M->8M(15M) 0.214ms
[22.749s][info][gc] GC(5300) Pause Young (Allocation Failure) 12M->8M(15M) 0.186ms
[22.750s][info][gc] GC(5301) Pause Young (Allocation Failure) 12M->7M(15M) 0.163ms
[22.750s][info][gc] GC(5302) Pause Young (Allocation Failure) 11M->8M(15M) 0.220ms
[22.751s][info][gc] GC(5303) Pause Young (Allocation Failure) 12M->8M(15M) 0.183ms
[22.752s][info][gc] GC(5304) Pause Young (Allocation Failure) 12M->8M(15M) 0.183ms
[22.753s][info][gc] GC(5305) Pause Young (Allocation Failure) 12M->8M(15M) 0.174ms
[22.754s][info][gc] GC(5306) Pause Young (Allocation Failure) 12M->8M(15M) 0.191ms
[22.755s][info][gc] GC(5307) Pause Young (Allocation Failure) 13M->8M(15M) 0.183ms
[22.755s][info][gc] GC(5308) Pause Young (Allocation Failure) 13M->8M(15M) 0.161ms
[22.756s][info][gc] GC(5309) Pause Young (Allocation Failure) 12M->8M(15M) 0.182ms
[22.757s][info][gc] GC(5310) Pause Young (Allocation Failure) 13M->8M(15M) 0.166ms
[22.758s][info][gc] GC(5311) Pause Young (Allocation Failure) 12M->8M(15M) 0.190ms
[22.759s][info][gc] GC(5312) Pause Young (Allocation Failure) 13M->8M(15M) 0.168ms
[22.760s][info][gc] GC(5313) Pause Young (Allocation Failure) 12M->8M(15M) 0.164ms
[22.760s][info][gc] GC(5314) Pause Young (Allocation Failure) 12M->9M(15M) 0.157ms
[22.761s][info][gc] GC(5315) Pause Young (Allocation Failure) 13M->9M(15M) 0.195ms
[22.762s][info][gc] GC(5316) Pause Young (Allocation Failure) 13M->9M(15M) 0.204ms
[22.763s][info][gc] GC(5317) Pause Young (Allocation Failure) 13M->9M(15M) 0.172ms
[22.763s][info][gc] GC(5318) Pause Young (Allocation Failure) 13M->9M(15M) 0.197ms
[22.764s][info][gc] GC(5319) Pause Young (Allocation Failure) 14M->10M(15M) 0.192ms
[22.765s][info][gc] GC(5320) Pause Young (Allocation Failure) 14M->10M(15M) 0.194ms
[22.766s][info][gc] GC(5321) Pause Young (Allocation Failure) 14M->10M(15M) 0.188ms
[22.767s][info][gc] GC(5322) Pause Young (Allocation Failure) 14M->10M(15M) 0.174ms
[22.768s][info][gc] GC(5323) Pause Young (Allocation Failure) 14M->10M(15M) 0.176ms
[22.768s][info][gc] GC(5324) Pause Young (Allocation Failure) 14M->9M(15M) 0.169ms
[22.769s][info][gc] GC(5325) Pause Young (Allocation Failure) 14M->10M(15M) 0.181ms
[22.770s][info][gc] GC(5326) Pause Young (Allocation Failure) 14M->10M(15M) 0.177ms
[22.771s][info][gc] GC(5327) Pause Young (Allocation Failure) 14M->10M(15M) 0.183ms
[22.771s][info][gc] GC(5328) Pause Young (Allocation Failure) 14M->10M(15M) 0.174ms
[22.772s][info][gc] GC(5329) Pause Young (Allocation Failure) 14M->10M(15M) 0.190ms
[22.773s][info][gc] GC(5330) Pause Young (Allocation Failure) 14M->9M(15M) 0.172ms
[22.774s][info][gc] GC(5331) Pause Young (Allocation Failure) 14M->10M(15M) 0.172ms
[22.775s][info][gc] GC(5332) Pause Young (Allocation Failure) 14M->10M(15M) 0.207ms
[22.776s][info][gc] GC(5333) Pause Young (Allocation Failure) 14M->10M(15M) 0.193ms
[22.776s][info][gc] GC(5334) Pause Young (Allocation Failure) 15M->10M(15M) 0.177ms
[22.777s][info][gc] GC(5335) Pause Young (Allocation Failure) 14M->10M(15M) 0.173ms
[22.778s][info][gc] GC(5336) Pause Young (Allocation Failure) 14M->10M(15M) 0.138ms
[22.779s][info][gc] GC(5337) Pause Young (Allocation Failure) 15M->10M(15M) 0.138ms
[22.780s][info][gc] GC(5338) Pause Young (Allocation Failure) 15M->11M(15M) 0.210ms
[22.780s][info][gc] GC(5339) Pause Young (Allocation Failure) 15M->15M(15M) 0.025ms
[22.784s][info][gc] GC(5340) Pause Full (Allocation Failure) 15M->3M(15M) 4.245ms
[22.785s][info][gc] GC(5341) Pause Young (Allocation Failure) 8M->4M(15M) 0.184ms
[22.786s][info][gc] GC(5342) Pause Young (Allocation Failure) 8M->4M(15M) 0.213ms
[22.787s][info][gc] GC(5343) Pause Young (Allocation Failure) 9M->5M(15M) 0.177ms
[22.788s][info][gc] GC(5344) Pause Young (Allocation Failure) 9M->4M(15M) 0.173ms
[22.789s][info][gc] GC(5345) Pause Young (Allocation Failure) 9M->5M(15M) 0.192ms
[22.789s][info][gc] GC(5346) Pause Young (Allocation Failure) 9M->5M(15M) 0.176ms
[22.790s][info][gc] GC(5347) Pause Young (Allocation Failure) 9M->5M(15M) 0.171ms
[22.791s][info][gc] GC(5348) Pause Young (Allocation Failure) 9M->5M(15M) 0.187ms
[22.792s][info][gc] GC(5349) Pause Young (Allocation Failure) 9M->5M(15M) 0.175ms
[22.792s][info][gc] GC(5350) Pause Young (Allocation Failure) 9M->5M(15M) 0.192ms
[22.793s][info][gc] GC(5351) Pause Young (Allocation Failure) 9M->5M(15M) 0.190ms
[22.794s][info][gc] GC(5352) Pause Young (Allocation Failure) 10M->5M(15M) 0.177ms
[22.795s][info][gc] GC(5353) Pause Young (Allocation Failure) 9M->6M(15M) 0.202ms
[22.796s][info][gc] GC(5354) Pause Young (Allocation Failure) 10M->5M(15M) 0.168ms
[22.797s][info][gc] GC(5355) Pause Young (Allocation Failure) 9M->5M(15M) 0.178ms
[22.797s][info][gc] GC(5356) Pause Young (Allocation Failure) 10M->6M(15M) 0.201ms
[22.798s][info][gc] GC(5357) Pause Young (Allocation Failure) 10M->5M(15M) 0.164ms
[22.799s][info][gc] GC(5358) Pause Young (Allocation Failure) 10M->6M(15M) 0.187ms
[22.800s][info][gc] GC(5359) Pause Young (Allocation Failure) 10M->5M(15M) 0.167ms
[22.800s][info][gc] GC(5360) Pause Young (Allocation Failure) 10M->6M(15M) 0.182ms
[22.801s][info][gc] GC(5361) Pause Young (Allocation Failure) 10M->6M(15M) 0.180ms
[22.802s][info][gc] GC(5362) Pause Young (Allocation Failure) 10M->6M(15M) 0.187ms
[22.803s][info][gc] GC(5363) Pause Young (Allocation Failure) 10M->6M(15M) 0.197ms
[22.804s][info][gc] GC(5364) Pause Young (Allocation Failure) 10M->6M(15M) 0.165ms
[22.804s][info][gc] GC(5365) Pause Young (Allocation Failure) 10M->6M(15M) 0.181ms
[22.805s][info][gc] GC(5366) Pause Young (Allocation Failure) 10M->6M(15M) 0.167ms
[22.806s][info][gc] GC(5367) Pause Young (Allocation Failure) 10M->7M(15M) 0.213ms
[22.807s][info][gc] GC(5368) Pause Young (Allocation Failure) 11M->6M(15M) 0.179ms
[22.808s][info][gc] GC(5369) Pause Young (Allocation Failure) 11M->7M(15M) 0.213ms
[22.808s][info][gc] GC(5370) Pause Young (Allocation Failure) 11M->7M(15M) 0.173ms
[22.809s][info][gc] GC(5371) Pause Young (Allocation Failure) 11M->7M(15M) 0.165ms
[22.810s][info][gc] GC(5372) Pause Young (Allocation Failure) 11M->7M(15M) 0.216ms
[22.811s][info][gc] GC(5373) Pause Young (Allocation Failure) 12M->7M(15M) 0.166ms
[22.811s][info][gc] GC(5374) Pause Young (Allocation Failure) 11M->8M(15M) 0.230ms
[22.812s][info][gc] GC(5375) Pause Young (Allocation Failure) 12M->8M(15M) 0.190ms
[22.813s][info][gc] GC(5376) Pause Young (Allocation Failure) 12M->8M(15M) 0.187ms
[22.814s][info][gc] GC(5377) Pause Young (Allocation Failure) 12M->8M(15M) 0.184ms
[22.815s][info][gc] GC(5378) Pause Young (Allocation Failure) 12M->8M(15M) 0.171ms
[22.815s][info][gc] GC(5379) Pause Young (Allocation Failure) 12M->8M(15M) 0.188ms
[22.816s][info][gc] GC(5380) Pause Young (Allocation Failure) 12M->8M(15M) 0.164ms
[22.817s][info][gc] GC(5381) Pause Young (Allocation Failure) 12M->8M(15M) 0.201ms
[22.818s][info][gc] GC(5382) Pause Young (Allocation Failure) 13M->8M(15M) 0.175ms
[22.819s][info][gc] GC(5383) Pause Young (Allocation Failure) 12M->8M(15M) 0.184ms
[22.819s][info][gc] GC(5384) Pause Young (Allocation Failure) 13M->9M(15M) 0.211ms
[22.820s][info][gc] GC(5385) Pause Young (Allocation Failure) 13M->9M(15M) 0.191ms
[22.821s][info][gc] GC(5386) Pause Young (Allocation Failure) 13M->9M(15M) 0.207ms
[22.822s][info][gc] GC(5387) Pause Young (Allocation Failure) 13M->9M(15M) 0.167ms
[22.823s][info][gc] GC(5388) Pause Young (Allocation Failure) 13M->9M(15M) 0.171ms
[22.824s][info][gc] GC(5389) Pause Young (Allocation Failure) 13M->9M(15M) 0.174ms
[22.824s][info][gc] GC(5390) Pause Young (Allocation Failure) 13M->9M(15M) 0.154ms
[22.825s][info][gc] GC(5391) Pause Young (Allocation Failure) 13M->9M(15M) 0.166ms
[22.826s][info][gc] GC(5392) Pause Young (Allocation Failure) 13M->10M(15M) 0.169ms
[22.827s][info][gc] GC(5393) Pause Young (Allocation Failure) 14M->9M(15M) 0.183ms
[22.828s][info][gc] GC(5394) Pause Young (Allocation Failure) 14M->9M(15M) 0.180ms
[22.828s][info][gc] GC(5395) Pause Young (Allocation Failure) 14M->10M(15M) 0.184ms
[22.829s][info][gc] GC(5396) Pause Young (Allocation Failure) 14M->9M(15M) 0.181ms
[22.830s][info][gc] GC(5397) Pause Young (Allocation Failure) 14M->9M(15M) 0.177ms
[22.831s][info][gc] GC(5398) Pause Young (Allocation Failure) 14M->9M(15M) 0.178ms
[22.832s][info][gc] GC(5399) Pause Young (Allocation Failure) 14M->10M(15M) 0.184ms
[22.832s][info][gc] GC(5400) Pause Young (Allocation Failure) 14M->10M(15M) 0.181ms
[22.833s][info][gc] GC(5401) Pause Young (Allocation Failure) 14M->10M(15M) 0.172ms
[22.834s][info][gc] GC(5402) Pause Young (Allocation Failure) 14M->10M(15M) 0.194ms
[22.835s][info][gc] GC(5403) Pause Young (Allocation Failure) 14M->10M(15M) 0.184ms
[22.835s][info][gc] GC(5404) Pause Young (Allocation Failure) 14M->10M(15M) 0.204ms
[22.836s][info][gc] GC(5405) Pause Young (Allocation Failure) 14M->10M(15M) 0.194ms
[22.837s][info][gc] GC(5406) Pause Young (Allocation Failure) 15M->10M(15M) 0.183ms
[22.838s][info][gc] GC(5407) Pause Young (Allocation Failure) 15M->10M(15M) 0.174ms
[22.839s][info][gc] GC(5408) Pause Young (Allocation Failure) 14M->10M(15M) 0.168ms
[22.839s][info][gc] GC(5409) Pause Young (Allocation Failure) 14M->10M(15M) 0.185ms
[22.840s][info][gc] GC(5410) Pause Young (Allocation Failure) 15M->10M(15M) 0.180ms
[22.841s][info][gc] GC(5411) Pause Young (Allocation Failure) 15M->11M(15M) 0.200ms
[22.842s][info][gc] GC(5412) Pause Young (Allocation Failure) 15M->15M(15M) 0.025ms
[22.846s][info][gc] GC(5413) Pause Full (Allocation Failure) 15M->3M(15M) 4.370ms
[22.847s][info][gc] GC(5414) Pause Young (Allocation Failure) 8M->4M(15M) 0.186ms
[22.848s][info][gc] GC(5415) Pause Young (Allocation Failure) 8M->4M(15M) 0.188ms
[22.849s][info][gc] GC(5416) Pause Young (Allocation Failure) 8M->4M(15M) 0.224ms
[22.849s][info][gc] GC(5417) Pause Young (Allocation Failure) 9M->4M(15M) 0.185ms
[22.850s][info][gc] GC(5418) Pause Young (Allocation Failure) 9M->4M(15M) 0.171ms
[22.851s][info][gc] GC(5419) Pause Young (Allocation Failure) 8M->4M(15M) 0.181ms
[22.852s][info][gc] GC(5420) Pause Young (Allocation Failure) 9M->4M(15M) 0.186ms
[22.853s][info][gc] GC(5421) Pause Young (Allocation Failure) 9M->4M(15M) 0.183ms
[22.854s][info][gc] GC(5422) Pause Young (Allocation Failure) 9M->5M(15M) 0.191ms
[22.854s][info][gc] GC(5423) Pause Young (Allocation Failure) 9M->4M(15M) 0.166ms
[22.855s][info][gc] GC(5424) Pause Young (Allocation Failure) 8M->5M(15M) 0.163ms
[22.856s][info][gc] GC(5425) Pause Young (Allocation Failure) 9M->4M(15M) 0.166ms
[22.857s][info][gc] GC(5426) Pause Young (Allocation Failure) 9M->5M(15M) 0.186ms
[22.857s][info][gc] GC(5427) Pause Young (Allocation Failure) 9M->5M(15M) 0.218ms
[22.858s][info][gc] GC(5428) Pause Young (Allocation Failure) 10M->5M(15M) 0.185ms
[22.859s][info][gc] GC(5429) Pause Young (Allocation Failure) 10M->5M(15M) 0.170ms
[22.860s][info][gc] GC(5430) Pause Young (Allocation Failure) 9M->5M(15M) 0.173ms
[22.861s][info][gc] GC(5431) Pause Young (Allocation Failure) 9M->5M(15M) 0.198ms
[22.862s][info][gc] GC(5432) Pause Young (Allocation Failure) 10M->5M(15M) 0.176ms
[22.862s][info][gc] GC(5433) Pause Young (Allocation Failure) 10M->6M(15M) 0.190ms
[22.863s][info][gc] GC(5434) Pause Young (Allocation Failure) 10M->6M(15M) 0.185ms
[22.864s][info][gc] GC(5435) Pause Young (Allocation Failure) 10M->5M(15M) 0.172ms
[22.865s][info][gc] GC(5436) Pause Young (Allocation Failure) 10M->6M(15M) 0.191ms
[22.866s][info][gc] GC(5437) Pause Young (Allocation Failure) 10M->6M(15M) 0.175ms
[22.866s][info][gc] GC(5438) Pause Young (Allocation Failure) 10M->6M(15M) 0.176ms
[22.867s][info][gc] GC(5439) Pause Young (Allocation Failure) 10M->6M(15M) 0.185ms
[22.868s][info][gc] GC(5440) Pause Young (Allocation Failure) 10M->6M(15M) 0.146ms
[22.869s][info][gc] GC(5441) Pause Young (Allocation Failure) 10M->6M(15M) 0.171ms
[22.870s][info][gc] GC(5442) Pause Young (Allocation Failure) 10M->6M(15M) 0.171ms
[22.870s][info][gc] GC(5443) Pause Young (Allocation Failure) 10M->6M(15M) 0.207ms
[22.871s][info][gc] GC(5444) Pause Young (Allocation Failure) 11M->6M(15M) 0.177ms
[22.872s][info][gc] GC(5445) Pause Young (Allocation Failure) 10M->6M(15M) 0.188ms
[22.873s][info][gc] GC(5446) Pause Young (Allocation Failure) 11M->6M(15M) 0.182ms
[22.874s][info][gc] GC(5447) Pause Young (Allocation Failure) 11M->7M(15M) 0.211ms
[22.874s][info][gc] GC(5448) Pause Young (Allocation Failure) 11M->7M(15M) 0.184ms
[22.875s][info][gc] GC(5449) Pause Young (Allocation Failure) 11M->7M(15M) 0.192ms
[22.876s][info][gc] GC(5450) Pause Young (Allocation Failure) 11M->7M(15M) 0.172ms
[22.877s][info][gc] GC(5451) Pause Young (Allocation Failure) 11M->7M(15M) 0.178ms
[22.878s][info][gc] GC(5452) Pause Young (Allocation Failure) 11M->7M(15M) 0.196ms
[22.878s][info][gc] GC(5453) Pause Young (Allocation Failure) 12M->7M(15M) 0.177ms
[22.879s][info][gc] GC(5454) Pause Young (Allocation Failure) 11M->7M(15M) 0.175ms
[22.880s][info][gc] GC(5455) Pause Young (Allocation Failure) 11M->8M(15M) 0.239ms
[22.881s][info][gc] GC(5456) Pause Young (Allocation Failure) 12M->8M(15M) 0.169ms
[22.881s][info][gc] GC(5457) Pause Young (Allocation Failure) 12M->8M(15M) 0.176ms
[22.882s][info][gc] GC(5458) Pause Young (Allocation Failure) 12M->8M(15M) 0.175ms
[22.883s][info][gc] GC(5459) Pause Young (Allocation Failure) 12M->8M(15M) 0.193ms
[22.884s][info][gc] GC(5460) Pause Young (Allocation Failure) 12M->9M(15M) 0.218ms
[22.885s][info][gc] GC(5461) Pause Young (Allocation Failure) 13M->8M(15M) 0.177ms
[22.885s][info][gc] GC(5462) Pause Young (Allocation Failure) 13M->8M(15M) 0.176ms
[22.886s][info][gc] GC(5463) Pause Young (Allocation Failure) 13M->8M(15M) 0.168ms
[22.887s][info][gc] GC(5464) Pause Young (Allocation Failure) 12M->9M(15M) 0.192ms
[22.888s][info][gc] GC(5465) Pause Young (Allocation Failure) 13M->9M(15M) 0.198ms
[22.889s][info][gc] GC(5466) Pause Young (Allocation Failure) 13M->9M(15M) 0.188ms
[22.889s][info][gc] GC(5467) Pause Young (Allocation Failure) 13M->9M(15M) 0.172ms
[22.890s][info][gc] GC(5468) Pause Young (Allocation Failure) 13M->9M(15M) 0.182ms
[22.891s][info][gc] GC(5469) Pause Young (Allocation Failure) 13M->9M(15M) 0.177ms
[22.892s][info][gc] GC(5470) Pause Young (Allocation Failure) 13M->9M(15M) 0.187ms
[22.892s][info][gc] GC(5471) Pause Young (Allocation Failure) 13M->9M(15M) 0.166ms
[22.893s][info][gc] GC(5472) Pause Young (Allocation Failure) 13M->10M(15M) 0.215ms
[22.894s][info][gc] GC(5473) Pause Young (Allocation Failure) 14M->9M(15M) 0.179ms
[22.895s][info][gc] GC(5474) Pause Young (Allocation Failure) 14M->10M(15M) 0.204ms
[22.896s][info][gc] GC(5475) Pause Young (Allocation Failure) 14M->11M(15M) 0.223ms
[22.896s][info][gc] GC(5476) Pause Young (Allocation Failure) 15M->15M(15M) 0.025ms
[22.901s][info][gc] GC(5477) Pause Full (Allocation Failure) 15M->4M(15M) 4.330ms
[22.901s][info][gc] GC(5478) Pause Young (Allocation Failure) 8M->4M(15M) 0.166ms
[22.902s][info][gc] GC(5479) Pause Young (Allocation Failure) 8M->4M(15M) 0.193ms
[22.903s][info][gc] GC(5480) Pause Young (Allocation Failure) 8M->4M(15M) 0.189ms
[22.904s][info][gc] GC(5481) Pause Young (Allocation Failure) 8M->4M(15M) 0.177ms
[22.905s][info][gc] GC(5482) Pause Young (Allocation Failure) 8M->5M(15M) 0.210ms
[22.905s][info][gc] GC(5483) Pause Young (Allocation Failure) 9M->5M(15M) 0.205ms
[22.906s][info][gc] GC(5484) Pause Young (Allocation Failure) 9M->5M(15M) 0.176ms
[22.907s][info][gc] GC(5485) Pause Young (Allocation Failure) 9M->5M(15M) 0.191ms
[22.908s][info][gc] GC(5486) Pause Young (Allocation Failure) 9M->5M(15M) 0.188ms
[22.909s][info][gc] GC(5487) Pause Young (Allocation Failure) 9M->5M(15M) 0.177ms
[22.909s][info][gc] GC(5488) Pause Young (Allocation Failure) 9M->5M(15M) 0.177ms
[22.910s][info][gc] GC(5489) Pause Young (Allocation Failure) 9M->5M(15M) 0.180ms
[22.911s][info][gc] GC(5490) Pause Young (Allocation Failure) 9M->5M(15M) 0.165ms
[22.912s][info][gc] GC(5491) Pause Young (Allocation Failure) 9M->5M(15M) 0.187ms
[22.913s][info][gc] GC(5492) Pause Young (Allocation Failure) 9M->5M(15M) 0.160ms
[22.913s][info][gc] GC(5493) Pause Young (Allocation Failure) 9M->5M(15M) 0.166ms
[22.914s][info][gc] GC(5494) Pause Young (Allocation Failure) 9M->5M(15M) 0.167ms
[22.915s][info][gc] GC(5495) Pause Young (Allocation Failure) 9M->5M(15M) 0.185ms
[22.916s][info][gc] GC(5496) Pause Young (Allocation Failure) 9M->5M(15M) 0.175ms
[22.917s][info][gc] GC(5497) Pause Young (Allocation Failure) 9M->5M(15M) 0.161ms
[22.917s][info][gc] GC(5498) Pause Young (Allocation Failure) 9M->5M(15M) 0.164ms
[22.918s][info][gc] GC(5499) Pause Young (Allocation Failure) 9M->5M(15M) 0.151ms
[22.919s][info][gc] GC(5500) Pause Young (Allocation Failure) 10M->6M(15M) 0.207ms
[22.920s][info][gc] GC(5501) Pause Young (Allocation Failure) 10M->6M(15M) 0.182ms
[22.920s][info][gc] GC(5502) Pause Young (Allocation Failure) 10M->6M(15M) 0.195ms
[22.921s][info][gc] GC(5503) Pause Young (Allocation Failure) 10M->6M(15M) 0.180ms
[22.922s][info][gc] GC(5504) Pause Young (Allocation Failure) 10M->6M(15M) 0.170ms
[22.923s][info][gc] GC(5505) Pause Young (Allocation Failure) 10M->6M(15M) 0.209ms
[22.924s][info][gc] GC(5506) Pause Young (Allocation Failure) 11M->6M(15M) 0.178ms
[22.924s][info][gc] GC(5507) Pause Young (Allocation Failure) 10M->6M(15M) 0.173ms
[22.925s][info][gc] GC(5508) Pause Young (Allocation Failure) 10M->6M(15M) 0.176ms
[22.926s][info][gc] GC(5509) Pause Young (Allocation Failure) 10M->6M(15M) 0.181ms
[22.927s][info][gc] GC(5510) Pause Young (Allocation Failure) 11M->7M(15M) 0.206ms
[22.928s][info][gc] GC(5511) Pause Young (Allocation Failure) 11M->7M(15M) 0.194ms
[22.928s][info][gc] GC(5512) Pause Young (Allocation Failure) 11M->7M(15M) 0.174ms
[22.929s][info][gc] GC(5513) Pause Young (Allocation Failure) 11M->7M(15M) 0.185ms
[22.930s][info][gc] GC(5514) Pause Young (Allocation Failure) 11M->7M(15M) 0.173ms
[22.931s][info][gc] GC(5515) Pause Young (Allocation Failure) 11M->7M(15M) 0.190ms
[22.932s][info][gc] GC(5516) Pause Young (Allocation Failure) 12M->7M(15M) 0.180ms
[22.933s][info][gc] GC(5517) Pause Young (Allocation Failure) 11M->7M(15M) 0.170ms
[22.933s][info][gc] GC(5518) Pause Young (Allocation Failure) 11M->7M(15M) 0.170ms
[22.934s][info][gc] GC(5519) Pause Young (Allocation Failure) 11M->7M(15M) 0.172ms
[22.935s][info][gc] GC(5520) Pause Young (Allocation Failure) 11M->7M(15M) 0.189ms
[22.936s][info][gc] GC(5521) Pause Young (Allocation Failure) 12M->7M(15M) 0.136ms
[22.936s][info][gc] GC(5522) Pause Young (Allocation Failure) 12M->7M(15M) 0.179ms
[22.937s][info][gc] GC(5523) Pause Young (Allocation Failure) 12M->7M(15M) 0.169ms
[22.938s][info][gc] GC(5524) Pause Young (Allocation Failure) 11M->7M(15M) 0.168ms
[22.939s][info][gc] GC(5525) Pause Young (Allocation Failure) 11M->7M(15M) 0.203ms
[22.939s][info][gc] GC(5526) Pause Young (Allocation Failure) 12M->8M(15M) 0.200ms
[22.940s][info][gc] GC(5527) Pause Young (Allocation Failure) 12M->8M(15M) 0.172ms
[22.941s][info][gc] GC(5528) Pause Young (Allocation Failure) 12M->8M(15M) 0.169ms
[22.942s][info][gc] GC(5529) Pause Young (Allocation Failure) 12M->8M(15M) 0.175ms
[22.943s][info][gc] GC(5530) Pause Young (Allocation Failure) 12M->8M(15M) 0.175ms
[22.943s][info][gc] GC(5531) Pause Young (Allocation Failure) 12M->8M(15M) 0.151ms
[22.944s][info][gc] GC(5532) Pause Young (Allocation Failure) 12M->8M(15M) 0.164ms
[22.945s][info][gc] GC(5533) Pause Young (Allocation Failure) 12M->8M(15M) 0.108ms
[22.946s][info][gc] GC(5534) Pause Young (Allocation Failure) 12M->8M(15M) 0.182ms
[22.947s][info][gc] GC(5535) Pause Young (Allocation Failure) 13M->8M(15M) 0.158ms
[22.947s][info][gc] GC(5536) Pause Young (Allocation Failure) 12M->8M(15M) 0.152ms
[22.948s][info][gc] GC(5537) Pause Young (Allocation Failure) 12M->8M(15M) 0.175ms
[22.949s][info][gc] GC(5538) Pause Young (Allocation Failure) 13M->9M(15M) 0.173ms
[22.949s][info][gc] GC(5539) Pause Young (Allocation Failure) 13M->9M(15M) 0.166ms
[22.950s][info][gc] GC(5540) Pause Young (Allocation Failure) 13M->9M(15M) 0.169ms
[22.951s][info][gc] GC(5541) Pause Young (Allocation Failure) 13M->9M(15M) 0.175ms
[22.952s][info][gc] GC(5542) Pause Young (Allocation Failure) 13M->9M(15M) 0.199ms
[22.953s][info][gc] GC(5543) Pause Young (Allocation Failure) 14M->9M(15M) 0.204ms
[22.953s][info][gc] GC(5544) Pause Young (Allocation Failure) 14M->9M(15M) 0.168ms
[22.954s][info][gc] GC(5545) Pause Young (Allocation Failure) 13M->9M(15M) 0.186ms
[22.955s][info][gc] GC(5546) Pause Young (Allocation Failure) 14M->9M(15M) 0.193ms
[22.956s][info][gc] GC(5547) Pause Young (Allocation Failure) 14M->10M(15M) 0.186ms
[22.957s][info][gc] GC(5548) Pause Young (Allocation Failure) 14M->10M(15M) 0.199ms
[22.958s][info][gc] GC(5549) Pause Young (Allocation Failure) 14M->10M(15M) 0.176ms
[22.958s][info][gc] GC(5550) Pause Young (Allocation Failure) 14M->10M(15M) 0.196ms
[22.959s][info][gc] GC(5551) Pause Young (Allocation Failure) 14M->10M(15M) 0.185ms
[22.960s][info][gc] GC(5552) Pause Young (Allocation Failure) 14M->10M(15M) 0.171ms
[22.960s][info][gc] GC(5553) Pause Young (Allocation Failure) 14M->10M(15M) 0.180ms
[22.961s][info][gc] GC(5554) Pause Young (Allocation Failure) 14M->10M(15M) 0.171ms
[22.962s][info][gc] GC(5555) Pause Young (Allocation Failure) 14M->10M(15M) 0.188ms
[22.963s][info][gc] GC(5556) Pause Young (Allocation Failure) 14M->10M(15M) 0.190ms
[22.964s][info][gc] GC(5557) Pause Young (Allocation Failure) 15M->15M(15M) 0.300ms
[22.968s][info][gc] GC(5558) Pause Full (Allocation Failure) 15M->4M(15M) 4.477ms
[22.969s][info][gc] GC(5559) Pause Young (Allocation Failure) 8M->5M(15M) 0.205ms
[22.970s][info][gc] GC(5560) Pause Young (Allocation Failure) 9M->4M(15M) 0.180ms
[22.971s][info][gc] GC(5561) Pause Young (Allocation Failure) 9M->5M(15M) 0.212ms
[22.972s][info][gc] GC(5562) Pause Young (Allocation Failure) 9M->5M(15M) 0.213ms
[22.973s][info][gc] GC(5563) Pause Young (Allocation Failure) 10M->5M(15M) 0.180ms
[22.973s][info][gc] GC(5564) Pause Young (Allocation Failure) 10M->6M(15M) 0.199ms
[22.974s][info][gc] GC(5565) Pause Young (Allocation Failure) 10M->6M(15M) 0.182ms
[22.975s][info][gc] GC(5566) Pause Young (Allocation Failure) 10M->5M(15M) 0.170ms
[22.976s][info][gc] GC(5567) Pause Young (Allocation Failure) 10M->6M(15M) 0.178ms
[22.977s][info][gc] GC(5568) Pause Young (Allocation Failure) 10M->5M(15M) 0.180ms
[22.977s][info][gc] GC(5569) Pause Young (Allocation Failure) 10M->5M(15M) 0.166ms
[22.978s][info][gc] GC(5570) Pause Young (Allocation Failure) 10M->6M(15M) 0.203ms
[22.979s][info][gc] GC(5571) Pause Young (Allocation Failure) 10M->6M(15M) 0.196ms
[22.980s][info][gc] GC(5572) Pause Young (Allocation Failure) 10M->6M(15M) 0.185ms
[22.981s][info][gc] GC(5573) Pause Young (Allocation Failure) 11M->6M(15M) 0.174ms
[22.981s][info][gc] GC(5574) Pause Young (Allocation Failure) 10M->6M(15M) 0.186ms
[22.982s][info][gc] GC(5575) Pause Young (Allocation Failure) 10M->6M(15M) 0.181ms
[22.983s][info][gc] GC(5576) Pause Young (Allocation Failure) 10M->6M(15M) 0.201ms
[22.984s][info][gc] GC(5577) Pause Young (Allocation Failure) 11M->6M(15M) 0.180ms
[22.985s][info][gc] GC(5578) Pause Young (Allocation Failure) 11M->7M(15M) 0.189ms
[22.985s][info][gc] GC(5579) Pause Young (Allocation Failure) 11M->7M(15M) 0.165ms
[22.986s][info][gc] GC(5580) Pause Young (Allocation Failure) 11M->7M(15M) 0.176ms
[22.987s][info][gc] GC(5581) Pause Young (Allocation Failure) 11M->6M(15M) 0.171ms
[22.988s][info][gc] GC(5582) Pause Young (Allocation Failure) 11M->7M(15M) 0.177ms
[22.989s][info][gc] GC(5583) Pause Young (Allocation Failure) 11M->7M(15M) 0.188ms
[22.989s][info][gc] GC(5584) Pause Young (Allocation Failure) 11M->7M(15M) 0.202ms
[22.990s][info][gc] GC(5585) Pause Young (Allocation Failure) 12M->7M(15M) 0.172ms
[22.991s][info][gc] GC(5586) Pause Young (Allocation Failure) 12M->7M(15M) 0.184ms
[22.992s][info][gc] GC(5587) Pause Young (Allocation Failure) 12M->8M(15M) 0.209ms
[22.992s][info][gc] GC(5588) Pause Young (Allocation Failure) 12M->8M(15M) 0.180ms
[22.993s][info][gc] GC(5589) Pause Young (Allocation Failure) 12M->8M(15M) 0.170ms
[22.994s][info][gc] GC(5590) Pause Young (Allocation Failure) 12M->9M(15M) 0.244ms
[22.995s][info][gc] GC(5591) Pause Young (Allocation Failure) 13M->9M(15M) 0.197ms
[22.996s][info][gc] GC(5592) Pause Young (Allocation Failure) 13M->9M(15M) 0.183ms
[22.996s][info][gc] GC(5593) Pause Young (Allocation Failure) 13M->9M(15M) 0.144ms
[22.997s][info][gc] GC(5594) Pause Young (Allocation Failure) 13M->8M(15M) 0.164ms
[22.998s][info][gc] GC(5595) Pause Young (Allocation Failure) 13M->9M(15M) 0.171ms
[22.999s][info][gc] GC(5596) Pause Young (Allocation Failure) 13M->9M(15M) 0.194ms
[23.000s][info][gc] GC(5597) Pause Young (Allocation Failure) 13M->9M(15M) 0.178ms
[23.000s][info][gc] GC(5598) Pause Young (Allocation Failure) 13M->9M(15M) 0.192ms
[23.001s][info][gc] GC(5599) Pause Young (Allocation Failure) 13M->9M(15M) 0.195ms
[23.002s][info][gc] GC(5600) Pause Young (Allocation Failure) 14M->9M(15M) 0.167ms
[23.003s][info][gc] GC(5601) Pause Young (Allocation Failure) 13M->9M(15M) 0.170ms
[23.003s][info][gc] GC(5602) Pause Young (Allocation Failure) 13M->9M(15M) 0.168ms
[23.004s][info][gc] GC(5603) Pause Young (Allocation Failure) 13M->9M(15M) 0.165ms
[23.005s][info][gc] GC(5604) Pause Young (Allocation Failure) 13M->9M(15M) 0.179ms
[23.006s][info][gc] GC(5605) Pause Young (Allocation Failure) 14M->10M(15M) 0.200ms
[23.007s][info][gc] GC(5606) Pause Young (Allocation Failure) 14M->9M(15M) 0.176ms
[23.007s][info][gc] GC(5607) Pause Young (Allocation Failure) 14M->10M(15M) 0.181ms
[23.008s][info][gc] GC(5608) Pause Young (Allocation Failure) 14M->10M(15M) 0.221ms
[23.009s][info][gc] GC(5609) Pause Young (Allocation Failure) 14M->10M(15M) 0.168ms
[23.010s][info][gc] GC(5610) Pause Young (Allocation Failure) 14M->10M(15M) 0.163ms
[23.011s][info][gc] GC(5611) Pause Young (Allocation Failure) 14M->10M(15M) 0.162ms
[23.011s][info][gc] GC(5612) Pause Young (Allocation Failure) 14M->10M(15M) 0.170ms
[23.012s][info][gc] GC(5613) Pause Young (Allocation Failure) 14M->10M(15M) 0.198ms
[23.013s][info][gc] GC(5614) Pause Young (Allocation Failure) 14M->10M(15M) 0.185ms
[23.014s][info][gc] GC(5615) Pause Young (Allocation Failure) 14M->10M(15M) 0.167ms
[23.014s][info][gc] GC(5616) Pause Young (Allocation Failure) 14M->10M(15M) 0.189ms
[23.015s][info][gc] GC(5617) Pause Young (Allocation Failure) 14M->10M(15M) 0.184ms
[23.016s][info][gc] GC(5618) Pause Young (Allocation Failure) 15M->10M(15M) 0.195ms
[23.017s][info][gc] GC(5619) Pause Young (Allocation Failure) 15M->15M(15M) 0.025ms
[23.021s][info][gc] GC(5620) Pause Full (Allocation Failure) 15M->4M(15M) 4.429ms
[23.022s][info][gc] GC(5621) Pause Young (Allocation Failure) 9M->5M(15M) 0.193ms
[23.023s][info][gc] GC(5622) Pause Young (Allocation Failure) 9M->4M(15M) 0.178ms
[23.024s][info][gc] GC(5623) Pause Young (Allocation Failure) 9M->4M(15M) 0.165ms
[23.025s][info][gc] GC(5624) Pause Young (Allocation Failure) 9M->5M(15M) 0.177ms
[23.026s][info][gc] GC(5625) Pause Young (Allocation Failure) 9M->5M(15M) 0.182ms
[23.026s][info][gc] GC(5626) Pause Young (Allocation Failure) 9M->5M(15M) 0.143ms
[23.027s][info][gc] GC(5627) Pause Young (Allocation Failure) 9M->5M(15M) 0.202ms
[23.028s][info][gc] GC(5628) Pause Young (Allocation Failure) 10M->5M(15M) 0.173ms
[23.029s][info][gc] GC(5629) Pause Young (Allocation Failure) 9M->6M(15M) 0.224ms
[23.030s][info][gc] GC(5630) Pause Young (Allocation Failure) 10M->6M(15M) 0.171ms
[23.030s][info][gc] GC(5631) Pause Young (Allocation Failure) 10M->6M(15M) 0.192ms
[23.031s][info][gc] GC(5632) Pause Young (Allocation Failure) 10M->6M(15M) 0.208ms
[23.032s][info][gc] GC(5633) Pause Young (Allocation Failure) 11M->6M(15M) 0.165ms
[23.033s][info][gc] GC(5634) Pause Young (Allocation Failure) 10M->6M(15M) 0.189ms
[23.034s][info][gc] GC(5635) Pause Young (Allocation Failure) 11M->6M(15M) 0.182ms
[23.034s][info][gc] GC(5636) Pause Young (Allocation Failure) 11M->6M(15M) 0.188ms
[23.035s][info][gc] GC(5637) Pause Young (Allocation Failure) 11M->6M(15M) 0.166ms
[23.036s][info][gc] GC(5638) Pause Young (Allocation Failure) 10M->6M(15M) 0.190ms
[23.037s][info][gc] GC(5639) Pause Young (Allocation Failure) 11M->7M(15M) 0.189ms
[23.038s][info][gc] GC(5640) Pause Young (Allocation Failure) 11M->7M(15M) 0.182ms
[23.038s][info][gc] GC(5641) Pause Young (Allocation Failure) 11M->6M(15M) 0.166ms
[23.039s][info][gc] GC(5642) Pause Young (Allocation Failure) 11M->7M(15M) 0.196ms
[23.040s][info][gc] GC(5643) Pause Young (Allocation Failure) 11M->7M(15M) 0.182ms
[23.041s][info][gc] GC(5644) Pause Young (Allocation Failure) 11M->7M(15M) 0.188ms
[23.042s][info][gc] GC(5645) Pause Young (Allocation Failure) 11M->7M(15M) 0.176ms
[23.042s][info][gc] GC(5646) Pause Young (Allocation Failure) 11M->7M(15M) 0.174ms
[23.043s][info][gc] GC(5647) Pause Young (Allocation Failure) 11M->7M(15M) 0.178ms
[23.044s][info][gc] GC(5648) Pause Young (Allocation Failure) 11M->7M(15M) 0.174ms
[23.045s][info][gc] GC(5649) Pause Young (Allocation Failure) 11M->7M(15M) 0.179ms
[23.045s][info][gc] GC(5650) Pause Young (Allocation Failure) 11M->7M(15M) 0.224ms
[23.046s][info][gc] GC(5651) Pause Young (Allocation Failure) 12M->7M(15M) 0.187ms
[23.047s][info][gc] GC(5652) Pause Young (Allocation Failure) 12M->7M(15M) 0.174ms
[23.048s][info][gc] GC(5653) Pause Young (Allocation Failure) 12M->7M(15M) 0.179ms
[23.049s][info][gc] GC(5654) Pause Young (Allocation Failure) 12M->8M(15M) 0.186ms
[23.050s][info][gc] GC(5655) Pause Young (Allocation Failure) 12M->8M(15M) 0.173ms
[23.050s][info][gc] GC(5656) Pause Young (Allocation Failure) 12M->8M(15M) 0.188ms
[23.051s][info][gc] GC(5657) Pause Young (Allocation Failure) 12M->8M(15M) 0.187ms
[23.052s][info][gc] GC(5658) Pause Young (Allocation Failure) 12M->8M(15M) 0.194ms
[23.053s][info][gc] GC(5659) Pause Young (Allocation Failure) 12M->8M(15M) 0.171ms
[23.054s][info][gc] GC(5660) Pause Young (Allocation Failure) 12M->8M(15M) 0.184ms
[23.054s][info][gc] GC(5661) Pause Young (Allocation Failure) 12M->8M(15M) 0.178ms
[23.055s][info][gc] GC(5662) Pause Young (Allocation Failure) 12M->8M(15M) 0.180ms
[23.056s][info][gc] GC(5663) Pause Young (Allocation Failure) 12M->8M(15M) 0.181ms
[23.057s][info][gc] GC(5664) Pause Young (Allocation Failure) 12M->8M(15M) 0.180ms
[23.058s][info][gc] GC(5665) Pause Young (Allocation Failure) 12M->8M(15M) 0.175ms
[23.058s][info][gc] GC(5666) Pause Young (Allocation Failure) 12M->8M(15M) 0.189ms
[23.059s][info][gc] GC(5667) Pause Young (Allocation Failure) 12M->8M(15M) 0.169ms
[23.060s][info][gc] GC(5668) Pause Young (Allocation Failure) 12M->8M(15M) 0.158ms
[23.061s][info][gc] GC(5669) Pause Young (Allocation Failure) 12M->8M(15M) 0.176ms
[23.062s][info][gc] GC(5670) Pause Young (Allocation Failure) 12M->8M(15M) 0.177ms
[23.062s][info][gc] GC(5671) Pause Young (Allocation Failure) 12M->8M(15M) 0.180ms
[23.063s][info][gc] GC(5672) Pause Young (Allocation Failure) 12M->8M(15M) 0.184ms
[23.064s][info][gc] GC(5673) Pause Young (Allocation Failure) 12M->9M(15M) 0.216ms
[23.065s][info][gc] GC(5674) Pause Young (Allocation Failure) 13M->8M(15M) 0.171ms
[23.066s][info][gc] GC(5675) Pause Young (Allocation Failure) 13M->8M(15M) 0.176ms
[23.067s][info][gc] GC(5676) Pause Young (Allocation Failure) 13M->8M(15M) 0.164ms
[23.067s][info][gc] GC(5677) Pause Young (Allocation Failure) 13M->8M(15M) 0.163ms
[23.068s][info][gc] GC(5678) Pause Young (Allocation Failure) 13M->8M(15M) 0.168ms
[23.069s][info][gc] GC(5679) Pause Young (Allocation Failure) 13M->9M(15M) 0.189ms
[23.070s][info][gc] GC(5680) Pause Young (Allocation Failure) 13M->9M(15M) 0.178ms
[23.071s][info][gc] GC(5681) Pause Young (Allocation Failure) 13M->9M(15M) 0.171ms
[23.071s][info][gc] GC(5682) Pause Young (Allocation Failure) 13M->9M(15M) 0.186ms
[23.072s][info][gc] GC(5683) Pause Young (Allocation Failure) 13M->8M(15M) 0.164ms
[23.073s][info][gc] GC(5684) Pause Young (Allocation Failure) 13M->9M(15M) 0.171ms
[23.074s][info][gc] GC(5685) Pause Young (Allocation Failure) 13M->9M(15M) 0.184ms
[23.075s][info][gc] GC(5686) Pause Young (Allocation Failure) 13M->9M(15M) 0.188ms
[23.075s][info][gc] GC(5687) Pause Young (Allocation Failure) 13M->9M(15M) 0.231ms
[23.076s][info][gc] GC(5688) Pause Young (Allocation Failure) 14M->9M(15M) 0.184ms
[23.077s][info][gc] GC(5689) Pause Young (Allocation Failure) 14M->10M(15M) 0.205ms
[23.078s][info][gc] GC(5690) Pause Young (Allocation Failure) 14M->9M(15M) 0.170ms
[23.078s][info][gc] GC(5691) Pause Young (Allocation Failure) 14M->10M(15M) 0.178ms
[23.079s][info][gc] GC(5692) Pause Young (Allocation Failure) 14M->9M(15M) 0.172ms
[23.080s][info][gc] GC(5693) Pause Young (Allocation Failure) 14M->9M(15M) 0.166ms
[23.081s][info][gc] GC(5694) Pause Young (Allocation Failure) 14M->10M(15M) 0.187ms
[23.082s][info][gc] GC(5695) Pause Young (Allocation Failure) 14M->10M(15M) 0.187ms
[23.082s][info][gc] GC(5696) Pause Young (Allocation Failure) 14M->10M(15M) 0.194ms
[23.083s][info][gc] GC(5697) Pause Young (Allocation Failure) 14M->10M(15M) 0.176ms
[23.084s][info][gc] GC(5698) Pause Young (Allocation Failure) 14M->10M(15M) 0.201ms
[23.085s][info][gc] GC(5699) Pause Young (Allocation Failure) 15M->10M(15M) 0.165ms
[23.086s][info][gc] GC(5700) Pause Young (Allocation Failure) 14M->10M(15M) 0.199ms
[23.086s][info][gc] GC(5701) Pause Young (Allocation Failure) 15M->15M(15M) 0.025ms
[23.091s][info][gc] GC(5702) Pause Full (Allocation Failure) 15M->4M(15M) 4.392ms
[23.092s][info][gc] GC(5703) Pause Young (Allocation Failure) 8M->4M(15M) 0.187ms
[23.092s][info][gc] GC(5704) Pause Young (Allocation Failure) 9M->4M(15M) 0.189ms
[23.093s][info][gc] GC(5705) Pause Young (Allocation Failure) 9M->4M(15M) 0.194ms
[23.094s][info][gc] GC(5706) Pause Young (Allocation Failure) 9M->5M(15M) 0.202ms
[23.095s][info][gc] GC(5707) Pause Young (Allocation Failure) 9M->5M(15M) 0.183ms
[23.096s][info][gc] GC(5708) Pause Young (Allocation Failure) 9M->5M(15M) 0.194ms
[23.096s][info][gc] GC(5709) Pause Young (Allocation Failure) 9M->5M(15M) 0.192ms
[23.097s][info][gc] GC(5710) Pause Young (Allocation Failure) 9M->5M(15M) 0.175ms
[23.098s][info][gc] GC(5711) Pause Young (Allocation Failure) 9M->5M(15M) 0.180ms
[23.099s][info][gc] GC(5712) Pause Young (Allocation Failure) 9M->5M(15M) 0.198ms
[23.100s][info][gc] GC(5713) Pause Young (Allocation Failure) 9M->5M(15M) 0.178ms
[23.101s][info][gc] GC(5714) Pause Young (Allocation Failure) 9M->5M(15M) 0.164ms
[23.101s][info][gc] GC(5715) Pause Young (Allocation Failure) 9M->5M(15M) 0.131ms
[23.102s][info][gc] GC(5716) Pause Young (Allocation Failure) 10M->5M(15M) 0.181ms
[23.103s][info][gc] GC(5717) Pause Young (Allocation Failure) 9M->5M(15M) 0.126ms
[23.104s][info][gc] GC(5718) Pause Young (Allocation Failure) 9M->5M(15M) 0.187ms
[23.104s][info][gc] GC(5719) Pause Young (Allocation Failure) 10M->6M(15M) 0.202ms
[23.105s][info][gc] GC(5720) Pause Young (Allocation Failure) 10M->6M(15M) 0.188ms
[23.106s][info][gc] GC(5721) Pause Young (Allocation Failure) 10M->5M(15M) 0.170ms
[23.107s][info][gc] GC(5722) Pause Young (Allocation Failure) 10M->5M(15M) 0.172ms
[23.108s][info][gc] GC(5723) Pause Young (Allocation Failure) 10M->6M(15M) 0.191ms
[23.109s][info][gc] GC(5724) Pause Young (Allocation Failure) 10M->6M(15M) 0.177ms
[23.109s][info][gc] GC(5725) Pause Young (Allocation Failure) 10M->6M(15M) 0.197ms
[23.110s][info][gc] GC(5726) Pause Young (Allocation Failure) 11M->6M(15M) 0.174ms
[23.111s][info][gc] GC(5727) Pause Young (Allocation Failure) 10M->6M(15M) 0.168ms
[23.112s][info][gc] GC(5728) Pause Young (Allocation Failure) 10M->6M(15M) 0.182ms
[23.112s][info][gc] GC(5729) Pause Young (Allocation Failure) 11M->6M(15M) 0.169ms
[23.113s][info][gc] GC(5730) Pause Young (Allocation Failure) 10M->6M(15M) 0.182ms
[23.114s][info][gc] GC(5731) Pause Young (Allocation Failure) 11M->6M(15M) 0.172ms
[23.115s][info][gc] GC(5732) Pause Young (Allocation Failure) 10M->6M(15M) 0.166ms
[23.115s][info][gc] GC(5733) Pause Young (Allocation Failure) 11M->6M(15M) 0.161ms
[23.116s][info][gc] GC(5734) Pause Young (Allocation Failure) 11M->6M(15M) 0.150ms
[23.117s][info][gc] GC(5735) Pause Young (Allocation Failure) 10M->6M(15M) 0.173ms
[23.118s][info][gc] GC(5736) Pause Young (Allocation Failure) 11M->6M(15M) 0.153ms
[23.119s][info][gc] GC(5737) Pause Young (Allocation Failure) 11M->6M(15M) 0.154ms
[23.119s][info][gc] GC(5738) Pause Young (Allocation Failure) 11M->7M(15M) 0.130ms
[23.120s][info][gc] GC(5739) Pause Young (Allocation Failure) 11M->7M(15M) 0.195ms
[23.121s][info][gc] GC(5740) Pause Young (Allocation Failure) 11M->7M(15M) 0.150ms
[23.122s][info][gc] GC(5741) Pause Young (Allocation Failure) 11M->7M(15M) 0.155ms
[23.123s][info][gc] GC(5742) Pause Young (Allocation Failure) 11M->7M(15M) 0.151ms
[23.123s][info][gc] GC(5743) Pause Young (Allocation Failure) 11M->7M(15M) 0.161ms
[23.124s][info][gc] GC(5744) Pause Young (Allocation Failure) 11M->8M(15M) 0.211ms
[23.125s][info][gc] GC(5745) Pause Young (Allocation Failure) 12M->8M(15M) 0.155ms
[23.126s][info][gc] GC(5746) Pause Young (Allocation Failure) 12M->7M(15M) 0.143ms
[23.126s][info][gc] GC(5747) Pause Young (Allocation Failure) 12M->7M(15M) 0.142ms
[23.127s][info][gc] GC(5748) Pause Young (Allocation Failure) 12M->7M(15M) 0.153ms
[23.128s][info][gc] GC(5749) Pause Young (Allocation Failure) 12M->8M(15M) 0.169ms
[23.129s][info][gc] GC(5750) Pause Young (Allocation Failure) 12M->7M(15M) 0.142ms
[23.129s][info][gc] GC(5751) Pause Young (Allocation Failure) 12M->8M(15M) 0.190ms
[23.130s][info][gc] GC(5752) Pause Young (Allocation Failure) 13M->8M(15M) 0.159ms
[23.131s][info][gc] GC(5753) Pause Young (Allocation Failure) 13M->9M(15M) 0.191ms
[23.132s][info][gc] GC(5754) Pause Young (Allocation Failure) 13M->8M(15M) 0.142ms
[23.133s][info][gc] GC(5755) Pause Young (Allocation Failure) 13M->9M(15M) 0.166ms
[23.133s][info][gc] GC(5756) Pause Young (Allocation Failure) 13M->9M(15M) 0.165ms
[23.134s][info][gc] GC(5757) Pause Young (Allocation Failure) 13M->9M(15M) 0.143ms
[23.135s][info][gc] GC(5758) Pause Young (Allocation Failure) 13M->9M(15M) 0.144ms
[23.136s][info][gc] GC(5759) Pause Young (Allocation Failure) 13M->9M(15M) 0.156ms
[23.137s][info][gc] GC(5760) Pause Young (Allocation Failure) 13M->9M(15M) 0.141ms
[23.137s][info][gc] GC(5761) Pause Young (Allocation Failure) 13M->9M(15M) 0.151ms
[23.138s][info][gc] GC(5762) Pause Young (Allocation Failure) 13M->9M(15M) 0.149ms
[23.139s][info][gc] GC(5763) Pause Young (Allocation Failure) 13M->9M(15M) 0.147ms
[23.140s][info][gc] GC(5764) Pause Young (Allocation Failure) 13M->9M(15M) 0.145ms
[23.140s][info][gc] GC(5765) Pause Young (Allocation Failure) 13M->9M(15M) 0.142ms
[23.141s][info][gc] GC(5766) Pause Young (Allocation Failure) 13M->9M(15M) 0.163ms
[23.142s][info][gc] GC(5767) Pause Young (Allocation Failure) 13M->9M(15M) 0.176ms
[23.143s][info][gc] GC(5768) Pause Young (Allocation Failure) 13M->9M(15M) 0.141ms
[23.144s][info][gc] GC(5769) Pause Young (Allocation Failure) 13M->9M(15M) 0.170ms
[23.145s][info][gc] GC(5770) Pause Young (Allocation Failure) 13M->9M(15M) 0.182ms
[23.146s][info][gc] GC(5771) Pause Young (Allocation Failure) 13M->9M(15M) 0.175ms
[23.147s][info][gc] GC(5772) Pause Young (Allocation Failure) 13M->9M(15M) 0.169ms
[23.147s][info][gc] GC(5773) Pause Young (Allocation Failure) 13M->9M(15M) 0.159ms
[23.148s][info][gc] GC(5774) Pause Young (Allocation Failure) 13M->9M(15M) 0.169ms
[23.149s][info][gc] GC(5775) Pause Young (Allocation Failure) 13M->9M(15M) 0.177ms
[23.150s][info][gc] GC(5776) Pause Young (Allocation Failure) 13M->10M(15M) 0.222ms
[23.151s][info][gc] GC(5777) Pause Young (Allocation Failure) 14M->9M(15M) 0.163ms
[23.152s][info][gc] GC(5778) Pause Young (Allocation Failure) 14M->10M(15M) 0.179ms
[23.152s][info][gc] GC(5779) Pause Young (Allocation Failure) 14M->9M(15M) 0.163ms
[23.153s][info][gc] GC(5780) Pause Young (Allocation Failure) 14M->9M(15M) 0.162ms
[23.154s][info][gc] GC(5781) Pause Young (Allocation Failure) 14M->10M(15M) 0.174ms
[23.155s][info][gc] GC(5782) Pause Young (Allocation Failure) 14M->10M(15M) 0.189ms
[23.156s][info][gc] GC(5783) Pause Young (Allocation Failure) 14M->10M(15M) 0.187ms
[23.156s][info][gc] GC(5784) Pause Young (Allocation Failure) 14M->10M(15M) 0.160ms
[23.157s][info][gc] GC(5785) Pause Young (Allocation Failure) 14M->10M(15M) 0.164ms
[23.158s][info][gc] GC(5786) Pause Young (Allocation Failure) 14M->10M(15M) 0.153ms
[23.159s][info][gc] GC(5787) Pause Young (Allocation Failure) 14M->10M(15M) 0.170ms
[23.160s][info][gc] GC(5788) Pause Young (Allocation Failure) 14M->10M(15M) 0.173ms
[23.161s][info][gc] GC(5789) Pause Young (Allocation Failure) 14M->10M(15M) 0.178ms
[23.161s][info][gc] GC(5790) Pause Young (Allocation Failure) 14M->10M(15M) 0.192ms
[23.162s][info][gc] GC(5791) Pause Young (Allocation Failure) 15M->15M(15M) 0.314ms
[23.167s][info][gc] GC(5792) Pause Full (Allocation Failure) 15M->5M(15M) 4.521ms
[23.168s][info][gc] GC(5793) Pause Young (Allocation Failure) 9M->5M(15M) 0.198ms
[23.169s][info][gc] GC(5794) Pause Young (Allocation Failure) 9M->5M(15M) 0.181ms
[23.170s][info][gc] GC(5795) Pause Young (Allocation Failure) 9M->5M(15M) 0.184ms
[23.170s][info][gc] GC(5796) Pause Young (Allocation Failure) 10M->6M(15M) 0.147ms
[23.171s][info][gc] GC(5797) Pause Young (Allocation Failure) 10M->5M(15M) 0.170ms
[23.172s][info][gc] GC(5798) Pause Young (Allocation Failure) 10M->5M(15M) 0.176ms
[23.173s][info][gc] GC(5799) Pause Young (Allocation Failure) 10M->5M(15M) 0.169ms
[23.174s][info][gc] GC(5800) Pause Young (Allocation Failure) 10M->5M(15M) 0.172ms
[23.174s][info][gc] GC(5801) Pause Young (Allocation Failure) 10M->6M(15M) 0.179ms
[23.175s][info][gc] GC(5802) Pause Young (Allocation Failure) 10M->5M(15M) 0.161ms
[23.176s][info][gc] GC(5803) Pause Young (Allocation Failure) 9M->5M(15M) 0.176ms
[23.177s][info][gc] GC(5804) Pause Young (Allocation Failure) 10M->5M(15M) 0.174ms
[23.178s][info][gc] GC(5805) Pause Young (Allocation Failure) 10M->6M(15M) 0.180ms
[23.179s][info][gc] GC(5806) Pause Young (Allocation Failure) 10M->5M(15M) 0.172ms
[23.180s][info][gc] GC(5807) Pause Young (Allocation Failure) 10M->5M(15M) 0.169ms
[23.180s][info][gc] GC(5808) Pause Young (Allocation Failure) 10M->6M(15M) 0.186ms
[23.181s][info][gc] GC(5809) Pause Young (Allocation Failure) 10M->6M(15M) 0.173ms
[23.182s][info][gc] GC(5810) Pause Young (Allocation Failure) 10M->6M(15M) 0.177ms
[23.183s][info][gc] GC(5811) Pause Young (Allocation Failure) 10M->6M(15M) 0.160ms
[23.184s][info][gc] GC(5812) Pause Young (Allocation Failure) 10M->6M(15M) 0.181ms
[23.185s][info][gc] GC(5813) Pause Young (Allocation Failure) 10M->6M(15M) 0.162ms
[23.185s][info][gc] GC(5814) Pause Young (Allocation Failure) 10M->6M(15M) 0.176ms
[23.186s][info][gc] GC(5815) Pause Young (Allocation Failure) 10M->6M(15M) 0.175ms
[23.187s][info][gc] GC(5816) Pause Young (Allocation Failure) 10M->6M(15M) 0.175ms
[23.188s][info][gc] GC(5817) Pause Young (Allocation Failure) 10M->6M(15M) 0.180ms
[23.189s][info][gc] GC(5818) Pause Young (Allocation Failure) 10M->6M(15M) 0.163ms
[23.190s][info][gc] GC(5819) Pause Young (Allocation Failure) 10M->6M(15M) 0.168ms
[23.190s][info][gc] GC(5820) Pause Young (Allocation Failure) 10M->6M(15M) 0.163ms
[23.191s][info][gc] GC(5821) Pause Young (Allocation Failure) 10M->6M(15M) 0.171ms
[23.192s][info][gc] GC(5822) Pause Young (Allocation Failure) 11M->6M(15M) 0.177ms
[23.193s][info][gc] GC(5823) Pause Young (Allocation Failure) 11M->7M(15M) 0.176ms
[23.194s][info][gc] GC(5824) Pause Young (Allocation Failure) 11M->7M(15M) 0.199ms
[23.195s][info][gc] GC(5825) Pause Young (Allocation Failure) 11M->7M(15M) 0.173ms
[23.195s][info][gc] GC(5826) Pause Young (Allocation Failure) 11M->7M(15M) 0.211ms
[23.196s][info][gc] GC(5827) Pause Young (Allocation Failure) 11M->8M(15M) 0.216ms
[23.197s][info][gc] GC(5828) Pause Young (Allocation Failure) 12M->8M(15M) 0.186ms
[23.198s][info][gc] GC(5829) Pause Young (Allocation Failure) 12M->8M(15M) 0.163ms
[23.199s][info][gc] GC(5830) Pause Young (Allocation Failure) 12M->8M(15M) 0.214ms
[23.199s][info][gc] GC(5831) Pause Young (Allocation Failure) 12M->8M(15M) 0.174ms
[23.200s][info][gc] GC(5832) Pause Young (Allocation Failure) 12M->8M(15M) 0.186ms
[23.201s][info][gc] GC(5833) Pause Young (Allocation Failure) 13M->8M(15M) 0.189ms
[23.202s][info][gc] GC(5834) Pause Young (Allocation Failure) 13M->8M(15M) 0.169ms
[23.202s][info][gc] GC(5835) Pause Young (Allocation Failure) 13M->8M(15M) 0.159ms
[23.203s][info][gc] GC(5836) Pause Young (Allocation Failure) 12M->8M(15M) 0.178ms
[23.204s][info][gc] GC(5837) Pause Young (Allocation Failure) 13M->8M(15M) 0.172ms
[23.205s][info][gc] GC(5838) Pause Young (Allocation Failure) 13M->8M(15M) 0.182ms
[23.206s][info][gc] GC(5839) Pause Young (Allocation Failure) 13M->9M(15M) 0.207ms
[23.207s][info][gc] GC(5840) Pause Young (Allocation Failure) 13M->9M(15M) 0.172ms
[23.207s][info][gc] GC(5841) Pause Young (Allocation Failure) 13M->9M(15M) 0.190ms
[23.208s][info][gc] GC(5842) Pause Young (Allocation Failure) 13M->9M(15M) 0.176ms
[23.209s][info][gc] GC(5843) Pause Young (Allocation Failure) 13M->9M(15M) 0.181ms
[23.210s][info][gc] GC(5844) Pause Young (Allocation Failure) 13M->9M(15M) 0.178ms
[23.211s][info][gc] GC(5845) Pause Young (Allocation Failure) 13M->9M(15M) 0.173ms
[23.212s][info][gc] GC(5846) Pause Young (Allocation Failure) 13M->9M(15M) 0.193ms
[23.213s][info][gc] GC(5847) Pause Young (Allocation Failure) 14M->9M(15M) 0.171ms
[23.213s][info][gc] GC(5848) Pause Young (Allocation Failure) 13M->9M(15M) 0.182ms
[23.214s][info][gc] GC(5849) Pause Young (Allocation Failure) 14M->10M(15M) 0.199ms
[23.215s][info][gc] GC(5850) Pause Young (Allocation Failure) 14M->9M(15M) 0.160ms
[23.216s][info][gc] GC(5851) Pause Young (Allocation Failure) 13M->10M(15M) 0.155ms
[23.217s][info][gc] GC(5852) Pause Young (Allocation Failure) 14M->10M(15M) 0.181ms
[23.217s][info][gc] GC(5853) Pause Young (Allocation Failure) 14M->10M(15M) 0.171ms
[23.218s][info][gc] GC(5854) Pause Young (Allocation Failure) 14M->10M(15M) 0.188ms
[23.219s][info][gc] GC(5855) Pause Young (Allocation Failure) 14M->10M(15M) 0.167ms
[23.220s][info][gc] GC(5856) Pause Young (Allocation Failure) 14M->15M(15M) 0.339ms
[23.224s][info][gc] GC(5857) Pause Full (Allocation Failure) 15M->4M(15M) 4.486ms
[23.225s][info][gc] GC(5858) Pause Young (Allocation Failure) 9M->5M(15M) 0.178ms
[23.226s][info][gc] GC(5859) Pause Young (Allocation Failure) 9M->5M(15M) 0.167ms
[23.227s][info][gc] GC(5860) Pause Young (Allocation Failure) 9M->4M(15M) 0.162ms
[23.228s][info][gc] GC(5861) Pause Young (Allocation Failure) 9M->5M(15M) 0.188ms
[23.229s][info][gc] GC(5862) Pause Young (Allocation Failure) 9M->5M(15M) 0.165ms
[23.230s][info][gc] GC(5863) Pause Young (Allocation Failure) 9M->5M(15M) 0.169ms
[23.231s][info][gc] GC(5864) Pause Young (Allocation Failure) 9M->5M(15M) 0.169ms
[23.231s][info][gc] GC(5865) Pause Young (Allocation Failure) 9M->5M(15M) 0.168ms
[23.232s][info][gc] GC(5866) Pause Young (Allocation Failure) 9M->5M(15M) 0.173ms
[23.233s][info][gc] GC(5867) Pause Young (Allocation Failure) 9M->5M(15M) 0.166ms
[23.234s][info][gc] GC(5868) Pause Young (Allocation Failure) 9M->5M(15M) 0.194ms
[23.235s][info][gc] GC(5869) Pause Young (Allocation Failure) 9M->5M(15M) 0.205ms
[23.236s][info][gc] GC(5870) Pause Young (Allocation Failure) 10M->5M(15M) 0.158ms
[23.237s][info][gc] GC(5871) Pause Young (Allocation Failure) 10M->5M(15M) 0.172ms
[23.237s][info][gc] GC(5872) Pause Young (Allocation Failure) 10M->5M(15M) 0.172ms
[23.238s][info][gc] GC(5873) Pause Young (Allocation Failure) 10M->5M(15M) 0.166ms
[23.239s][info][gc] GC(5874) Pause Young (Allocation Failure) 9M->5M(15M) 0.184ms
[23.240s][info][gc] GC(5875) Pause Young (Allocation Failure) 10M->5M(15M) 0.164ms
[23.241s][info][gc] GC(5876) Pause Young (Allocation Failure) 9M->5M(15M) 0.175ms
[23.241s][info][gc] GC(5877) Pause Young (Allocation Failure) 10M->5M(15M) 0.160ms
[23.242s][info][gc] GC(5878) Pause Young (Allocation Failure) 9M->5M(15M) 0.165ms
[23.243s][info][gc] GC(5879) Pause Young (Allocation Failure) 10M->6M(15M) 0.179ms
[23.244s][info][gc] GC(5880) Pause Young (Allocation Failure) 10M->5M(15M) 0.170ms
[23.245s][info][gc] GC(5881) Pause Young (Allocation Failure) 10M->5M(15M) 0.173ms
[23.245s][info][gc] GC(5882) Pause Young (Allocation Failure) 10M->6M(15M) 0.186ms
[23.246s][info][gc] GC(5883) Pause Young (Allocation Failure) 10M->6M(15M) 0.176ms
[23.247s][info][gc] GC(5884) Pause Young (Allocation Failure) 10M->5M(15M) 0.159ms
[23.248s][info][gc] GC(5885) Pause Young (Allocation Failure) 10M->6M(15M) 0.181ms
[23.249s][info][gc] GC(5886) Pause Young (Allocation Failure) 10M->6M(15M) 0.189ms
[23.250s][info][gc] GC(5887) Pause Young (Allocation Failure) 10M->6M(15M) 0.173ms
[23.250s][info][gc] GC(5888) Pause Young (Allocation Failure) 10M->6M(15M) 0.188ms
[23.251s][info][gc] GC(5889) Pause Young (Allocation Failure) 10M->6M(15M) 0.177ms
[23.252s][info][gc] GC(5890) Pause Young (Allocation Failure) 10M->6M(15M) 0.191ms
[23.253s][info][gc] GC(5891) Pause Young (Allocation Failure) 10M->6M(15M) 0.169ms
[23.254s][info][gc] GC(5892) Pause Young (Allocation Failure) 10M->6M(15M) 0.170ms
[23.255s][info][gc] GC(5893) Pause Young (Allocation Failure) 10M->6M(15M) 0.196ms
[23.256s][info][gc] GC(5894) Pause Young (Allocation Failure) 11M->6M(15M) 0.168ms
[23.256s][info][gc] GC(5895) Pause Young (Allocation Failure) 10M->7M(15M) 0.185ms
[23.257s][info][gc] GC(5896) Pause Young (Allocation Failure) 11M->7M(15M) 0.185ms
[23.258s][info][gc] GC(5897) Pause Young (Allocation Failure) 11M->7M(15M) 0.206ms
[23.259s][info][gc] GC(5898) Pause Young (Allocation Failure) 11M->7M(15M) 0.188ms
[23.260s][info][gc] GC(5899) Pause Young (Allocation Failure) 11M->7M(15M) 0.169ms
[23.261s][info][gc] GC(5900) Pause Young (Allocation Failure) 11M->7M(15M) 0.190ms
[23.262s][info][gc] GC(5901) Pause Young (Allocation Failure) 12M->7M(15M) 0.177ms
[23.262s][info][gc] GC(5902) Pause Young (Allocation Failure) 11M->7M(15M) 0.154ms
[23.263s][info][gc] GC(5903) Pause Young (Allocation Failure) 12M->7M(15M) 0.162ms
[23.264s][info][gc] GC(5904) Pause Young (Allocation Failure) 11M->8M(15M) 0.223ms
[23.265s][info][gc] GC(5905) Pause Young (Allocation Failure) 12M->8M(15M) 0.157ms
[23.266s][info][gc] GC(5906) Pause Young (Allocation Failure) 12M->8M(15M) 0.152ms
[23.267s][info][gc] GC(5907) Pause Young (Allocation Failure) 12M->8M(15M) 0.168ms
[23.267s][info][gc] GC(5908) Pause Young (Allocation Failure) 12M->8M(15M) 0.188ms
[23.268s][info][gc] GC(5909) Pause Young (Allocation Failure) 12M->8M(15M) 0.165ms
[23.269s][info][gc] GC(5910) Pause Young (Allocation Failure) 12M->8M(15M) 0.169ms
[23.270s][info][gc] GC(5911) Pause Young (Allocation Failure) 12M->8M(15M) 0.175ms
[23.271s][info][gc] GC(5912) Pause Young (Allocation Failure) 12M->8M(15M) 0.192ms
[23.271s][info][gc] GC(5913) Pause Young (Allocation Failure) 13M->9M(15M) 0.148ms
[23.272s][info][gc] GC(5914) Pause Young (Allocation Failure) 13M->8M(15M) 0.170ms
[23.273s][info][gc] GC(5915) Pause Young (Allocation Failure) 13M->8M(15M) 0.174ms
[23.274s][info][gc] GC(5916) Pause Young (Allocation Failure) 13M->8M(15M) 0.174ms
[23.275s][info][gc] GC(5917) Pause Young (Allocation Failure) 13M->9M(15M) 0.194ms
[23.275s][info][gc] GC(5918) Pause Young (Allocation Failure) 13M->9M(15M) 0.168ms
[23.276s][info][gc] GC(5919) Pause Young (Allocation Failure) 13M->9M(15M) 0.163ms
[23.277s][info][gc] GC(5920) Pause Young (Allocation Failure) 13M->9M(15M) 0.174ms
[23.278s][info][gc] GC(5921) Pause Young (Allocation Failure) 13M->9M(15M) 0.180ms
[23.279s][info][gc] GC(5922) Pause Young (Allocation Failure) 13M->9M(15M) 0.195ms
[23.280s][info][gc] GC(5923) Pause Young (Allocation Failure) 14M->9M(15M) 0.165ms
[23.280s][info][gc] GC(5924) Pause Young (Allocation Failure) 13M->9M(15M) 0.169ms
[23.281s][info][gc] GC(5925) Pause Young (Allocation Failure) 13M->9M(15M) 0.168ms
[23.282s][info][gc] GC(5926) Pause Young (Allocation Failure) 13M->9M(15M) 0.185ms
[23.283s][info][gc] GC(5927) Pause Young (Allocation Failure) 14M->10M(15M) 0.207ms
[23.284s][info][gc] GC(5928) Pause Young (Allocation Failure) 14M->10M(15M) 0.178ms
[23.285s][info][gc] GC(5929) Pause Young (Allocation Failure) 14M->10M(15M) 0.171ms
[23.285s][info][gc] GC(5930) Pause Young (Allocation Failure) 14M->9M(15M) 0.164ms
[23.286s][info][gc] GC(5931) Pause Young (Allocation Failure) 14M->10M(15M) 0.216ms
[23.287s][info][gc] GC(5932) Pause Young (Allocation Failure) 14M->10M(15M) 0.177ms
[23.288s][info][gc] GC(5933) Pause Young (Allocation Failure) 14M->10M(15M) 0.164ms
[23.289s][info][gc] GC(5934) Pause Young (Allocation Failure) 14M->10M(15M) 0.209ms
[23.290s][info][gc] GC(5935) Pause Young (Allocation Failure) 15M->15M(15M) 0.025ms
[23.294s][info][gc] GC(5936) Pause Full (Allocation Failure) 15M->3M(15M) 4.598ms
[23.295s][info][gc] GC(5937) Pause Young (Allocation Failure) 8M->4M(15M) 0.177ms
[23.296s][info][gc] GC(5938) Pause Young (Allocation Failure) 9M->5M(15M) 0.214ms
[23.297s][info][gc] GC(5939) Pause Young (Allocation Failure) 9M->5M(15M) 0.184ms
[23.298s][info][gc] GC(5940) Pause Young (Allocation Failure) 9M->5M(15M) 0.172ms
[23.299s][info][gc] GC(5941) Pause Young (Allocation Failure) 9M->5M(15M) 0.166ms
[23.299s][info][gc] GC(5942) Pause Young (Allocation Failure) 9M->5M(15M) 0.167ms
[23.300s][info][gc] GC(5943) Pause Young (Allocation Failure) 9M->5M(15M) 0.171ms
[23.301s][info][gc] GC(5944) Pause Young (Allocation Failure) 9M->5M(15M) 0.172ms
[23.302s][info][gc] GC(5945) Pause Young (Allocation Failure) 9M->5M(15M) 0.200ms
[23.303s][info][gc] GC(5946) Pause Young (Allocation Failure) 9M->5M(15M) 0.172ms
[23.303s][info][gc] GC(5947) Pause Young (Allocation Failure) 10M->5M(15M) 0.159ms
[23.304s][info][gc] GC(5948) Pause Young (Allocation Failure) 9M->5M(15M) 0.193ms
[23.305s][info][gc] GC(5949) Pause Young (Allocation Failure) 10M->5M(15M) 0.185ms
[23.306s][info][gc] GC(5950) Pause Young (Allocation Failure) 10M->5M(15M) 0.171ms
[23.307s][info][gc] GC(5951) Pause Young (Allocation Failure) 10M->5M(15M) 0.161ms
[23.308s][info][gc] GC(5952) Pause Young (Allocation Failure) 9M->5M(15M) 0.166ms
[23.308s][info][gc] GC(5953) Pause Young (Allocation Failure) 9M->6M(15M) 0.194ms
[23.309s][info][gc] GC(5954) Pause Young (Allocation Failure) 10M->6M(15M) 0.197ms
[23.310s][info][gc] GC(5955) Pause Young (Allocation Failure) 10M->6M(15M) 0.176ms
[23.311s][info][gc] GC(5956) Pause Young (Allocation Failure) 10M->6M(15M) 0.169ms
[23.312s][info][gc] GC(5957) Pause Young (Allocation Failure) 10M->6M(15M) 0.191ms
[23.313s][info][gc] GC(5958) Pause Young (Allocation Failure) 11M->6M(15M) 0.183ms
[23.313s][info][gc] GC(5959) Pause Young (Allocation Failure) 11M->6M(15M) 0.183ms
[23.314s][info][gc] GC(5960) Pause Young (Allocation Failure) 11M->6M(15M) 0.167ms
[23.315s][info][gc] GC(5961) Pause Young (Allocation Failure) 10M->6M(15M) 0.162ms
[23.316s][info][gc] GC(5962) Pause Young (Allocation Failure) 10M->6M(15M) 0.178ms
[23.317s][info][gc] GC(5963) Pause Young (Allocation Failure) 11M->6M(15M) 0.170ms
[23.317s][info][gc] GC(5964) Pause Young (Allocation Failure) 11M->6M(15M) 0.165ms
[23.318s][info][gc] GC(5965) Pause Young (Allocation Failure) 11M->7M(15M) 0.192ms
[23.319s][info][gc] GC(5966) Pause Young (Allocation Failure) 11M->7M(15M) 0.178ms
[23.320s][info][gc] GC(5967) Pause Young (Allocation Failure) 11M->7M(15M) 0.177ms
[23.321s][info][gc] GC(5968) Pause Young (Allocation Failure) 11M->7M(15M) 0.166ms
[23.322s][info][gc] GC(5969) Pause Young (Allocation Failure) 11M->7M(15M) 0.169ms
[23.322s][info][gc] GC(5970) Pause Young (Allocation Failure) 11M->7M(15M) 0.168ms
[23.323s][info][gc] GC(5971) Pause Young (Allocation Failure) 11M->7M(15M) 0.159ms
[23.324s][info][gc] GC(5972) Pause Young (Allocation Failure) 11M->7M(15M) 0.201ms
[23.325s][info][gc] GC(5973) Pause Young (Allocation Failure) 12M->8M(15M) 0.195ms
[23.326s][info][gc] GC(5974) Pause Young (Allocation Failure) 12M->7M(15M) 0.161ms
[23.326s][info][gc] GC(5975) Pause Young (Allocation Failure) 11M->7M(15M) 0.167ms
[23.327s][info][gc] GC(5976) Pause Young (Allocation Failure) 12M->8M(15M) 0.178ms
[23.328s][info][gc] GC(5977) Pause Young (Allocation Failure) 12M->7M(15M) 0.170ms
[23.329s][info][gc] GC(5978) Pause Young (Allocation Failure) 12M->7M(15M) 0.172ms
[23.330s][info][gc] GC(5979) Pause Young (Allocation Failure) 12M->7M(15M) 0.163ms
[23.331s][info][gc] GC(5980) Pause Young (Allocation Failure) 12M->7M(15M) 0.162ms
[23.331s][info][gc] GC(5981) Pause Young (Allocation Failure) 12M->8M(15M) 0.180ms
[23.332s][info][gc] GC(5982) Pause Young (Allocation Failure) 12M->8M(15M) 0.175ms
[23.333s][info][gc] GC(5983) Pause Young (Allocation Failure) 12M->7M(15M) 0.164ms
[23.334s][info][gc] GC(5984) Pause Young (Allocation Failure) 12M->8M(15M) 0.176ms
[23.335s][info][gc] GC(5985) Pause Young (Allocation Failure) 12M->8M(15M) 0.144ms
[23.335s][info][gc] GC(5986) Pause Young (Allocation Failure) 12M->8M(15M) 0.181ms
[23.336s][info][gc] GC(5987) Pause Young (Allocation Failure) 12M->7M(15M) 0.167ms
[23.337s][info][gc] GC(5988) Pause Young (Allocation Failure) 12M->8M(15M) 0.184ms
[23.338s][info][gc] GC(5989) Pause Young (Allocation Failure) 12M->8M(15M) 0.180ms
[23.339s][info][gc] GC(5990) Pause Young (Allocation Failure) 12M->8M(15M) 0.194ms
[23.340s][info][gc] GC(5991) Pause Young (Allocation Failure) 12M->8M(15M) 0.152ms
[23.340s][info][gc] GC(5992) Pause Young (Allocation Failure) 12M->8M(15M) 0.152ms
[23.341s][info][gc] GC(5993) Pause Young (Allocation Failure) 12M->8M(15M) 0.168ms
[23.342s][info][gc] GC(5994) Pause Young (Allocation Failure) 12M->8M(15M) 0.122ms
[23.343s][info][gc] GC(5995) Pause Young (Allocation Failure) 12M->8M(15M) 0.161ms
[23.344s][info][gc] GC(5996) Pause Young (Allocation Failure) 12M->8M(15M) 0.158ms
[23.344s][info][gc] GC(5997) Pause Young (Allocation Failure) 12M->8M(15M) 0.143ms
[23.345s][info][gc] GC(5998) Pause Young (Allocation Failure) 12M->8M(15M) 0.144ms
[23.346s][info][gc] GC(5999) Pause Young (Allocation Failure) 12M->8M(15M) 0.189ms
[23.347s][info][gc] GC(6000) Pause Young (Allocation Failure) 13M->8M(15M) 0.183ms
[23.348s][info][gc] GC(6001) Pause Young (Allocation Failure) 13M->8M(15M) 0.164ms
[23.348s][info][gc] GC(6002) Pause Young (Allocation Failure) 12M->8M(15M) 0.170ms
[23.349s][info][gc] GC(6003) Pause Young (Allocation Failure) 13M->8M(15M) 0.180ms
[23.350s][info][gc] GC(6004) Pause Young (Allocation Failure) 13M->8M(15M) 0.163ms
[23.351s][info][gc] GC(6005) Pause Young (Allocation Failure) 12M->8M(15M) 0.170ms
[23.352s][info][gc] GC(6006) Pause Young (Allocation Failure) 13M->8M(15M) 0.166ms
[23.353s][info][gc] GC(6007) Pause Young (Allocation Failure) 12M->8M(15M) 0.171ms
[23.353s][info][gc] GC(6008) Pause Young (Allocation Failure) 13M->8M(15M) 0.172ms
[23.354s][info][gc] GC(6009) Pause Young (Allocation Failure) 13M->8M(15M) 0.180ms
[23.355s][info][gc] GC(6010) Pause Young (Allocation Failure) 13M->8M(15M) 0.187ms
[23.356s][info][gc] GC(6011) Pause Young (Allocation Failure) 13M->8M(15M) 0.169ms
[23.357s][info][gc] GC(6012) Pause Young (Allocation Failure) 13M->8M(15M) 0.177ms
[23.357s][info][gc] GC(6013) Pause Young (Allocation Failure) 13M->9M(15M) 0.211ms
[23.358s][info][gc] GC(6014) Pause Young (Allocation Failure) 13M->9M(15M) 0.128ms
[23.359s][info][gc] GC(6015) Pause Young (Allocation Failure) 13M->9M(15M) 0.146ms
[23.360s][info][gc] GC(6016) Pause Young (Allocation Failure) 13M->10M(15M) 0.167ms
[23.361s][info][gc] GC(6017) Pause Young (Allocation Failure) 14M->10M(15M) 0.182ms
[23.362s][info][gc] GC(6018) Pause Young (Allocation Failure) 14M->10M(15M) 0.204ms
[23.362s][info][gc] GC(6019) Pause Young (Allocation Failure) 14M->10M(15M) 0.172ms
[23.363s][info][gc] GC(6020) Pause Young (Allocation Failure) 14M->10M(15M) 0.174ms
[23.364s][info][gc] GC(6021) Pause Young (Allocation Failure) 14M->10M(15M) 0.181ms
[23.365s][info][gc] GC(6022) Pause Young (Allocation Failure) 14M->10M(15M) 0.185ms
[23.366s][info][gc] GC(6023) Pause Young (Allocation Failure) 15M->10M(15M) 0.169ms
[23.367s][info][gc] GC(6024) Pause Young (Allocation Failure) 14M->10M(15M) 0.196ms
[23.367s][info][gc] GC(6025) Pause Young (Allocation Failure) 15M->15M(15M) 0.025ms
[23.372s][info][gc] GC(6026) Pause Full (Allocation Failure) 15M->4M(15M) 4.740ms
[23.373s][info][gc] GC(6027) Pause Young (Allocation Failure) 8M->4M(15M) 0.173ms
[23.374s][info][gc] GC(6028) Pause Young (Allocation Failure) 9M->4M(15M) 0.182ms
[23.375s][info][gc] GC(6029) Pause Young (Allocation Failure) 9M->5M(15M) 0.208ms
[23.375s][info][gc] GC(6030) Pause Young (Allocation Failure) 9M->5M(15M) 0.170ms
[23.376s][info][gc] GC(6031) Pause Young (Allocation Failure) 9M->5M(15M) 0.189ms
[23.377s][info][gc] GC(6032) Pause Young (Allocation Failure) 9M->5M(15M) 0.171ms
[23.378s][info][gc] GC(6033) Pause Young (Allocation Failure) 9M->5M(15M) 0.189ms
[23.379s][info][gc] GC(6034) Pause Young (Allocation Failure) 9M->5M(15M) 0.161ms
[23.380s][info][gc] GC(6035) Pause Young (Allocation Failure) 9M->5M(15M) 0.162ms
[23.380s][info][gc] GC(6036) Pause Young (Allocation Failure) 9M->5M(15M) 0.169ms
[23.381s][info][gc] GC(6037) Pause Young (Allocation Failure) 9M->5M(15M) 0.198ms
[23.382s][info][gc] GC(6038) Pause Young (Allocation Failure) 10M->5M(15M) 0.185ms
[23.383s][info][gc] GC(6039) Pause Young (Allocation Failure) 10M->5M(15M) 0.162ms
[23.383s][info][gc] GC(6040) Pause Young (Allocation Failure) 9M->5M(15M) 0.173ms
[23.384s][info][gc] GC(6041) Pause Young (Allocation Failure) 10M->5M(15M) 0.162ms
[23.385s][info][gc] GC(6042) Pause Young (Allocation Failure) 9M->5M(15M) 0.173ms
[23.386s][info][gc] GC(6043) Pause Young (Allocation Failure) 10M->5M(15M) 0.179ms
[23.387s][info][gc] GC(6044) Pause Young (Allocation Failure) 10M->5M(15M) 0.181ms
[23.387s][info][gc] GC(6045) Pause Young (Allocation Failure) 10M->6M(15M) 0.188ms
[23.388s][info][gc] GC(6046) Pause Young (Allocation Failure) 10M->5M(15M) 0.173ms
[23.389s][info][gc] GC(6047) Pause Young (Allocation Failure) 10M->6M(15M) 0.204ms
[23.390s][info][gc] GC(6048) Pause Young (Allocation Failure) 10M->6M(15M) 0.172ms
[23.391s][info][gc] GC(6049) Pause Young (Allocation Failure) 10M->6M(15M) 0.205ms
[23.392s][info][gc] GC(6050) Pause Young (Allocation Failure) 11M->6M(15M) 0.170ms
[23.392s][info][gc] GC(6051) Pause Young (Allocation Failure) 10M->6M(15M) 0.174ms
[23.393s][info][gc] GC(6052) Pause Young (Allocation Failure) 11M->6M(15M) 0.191ms
[23.394s][info][gc] GC(6053) Pause Young (Allocation Failure) 11M->7M(15M) 0.198ms
[23.395s][info][gc] GC(6054) Pause Young (Allocation Failure) 11M->7M(15M) 0.181ms
[23.396s][info][gc] GC(6055) Pause Young (Allocation Failure) 11M->7M(15M) 0.180ms
[23.397s][info][gc] GC(6056) Pause Young (Allocation Failure) 11M->7M(15M) 0.181ms
[23.397s][info][gc] GC(6057) Pause Young (Allocation Failure) 11M->7M(15M) 0.203ms
[23.398s][info][gc] GC(6058) Pause Young (Allocation Failure) 12M->7M(15M) 0.169ms
[23.399s][info][gc] GC(6059) Pause Young (Allocation Failure) 11M->7M(15M) 0.174ms
[23.400s][info][gc] GC(6060) Pause Young (Allocation Failure) 11M->7M(15M) 0.176ms
[23.401s][info][gc] GC(6061) Pause Young (Allocation Failure) 11M->7M(15M) 0.188ms
[23.402s][info][gc] GC(6062) Pause Young (Allocation Failure) 12M->7M(15M) 0.182ms
[23.402s][info][gc] GC(6063) Pause Young (Allocation Failure) 12M->7M(15M) 0.166ms
[23.403s][info][gc] GC(6064) Pause Young (Allocation Failure) 11M->7M(15M) 0.170ms
[23.404s][info][gc] GC(6065) Pause Young (Allocation Failure) 11M->7M(15M) 0.171ms
[23.405s][info][gc] GC(6066) Pause Young (Allocation Failure) 11M->7M(15M) 0.197ms
[23.405s][info][gc] GC(6067) Pause Young (Allocation Failure) 12M->7M(15M) 0.168ms
[23.406s][info][gc] GC(6068) Pause Young (Allocation Failure) 11M->7M(15M) 0.183ms
[23.407s][info][gc] GC(6069) Pause Young (Allocation Failure) 12M->8M(15M) 0.187ms
[23.408s][info][gc] GC(6070) Pause Young (Allocation Failure) 12M->7M(15M) 0.180ms
[23.409s][info][gc] GC(6071) Pause Young (Allocation Failure) 12M->7M(15M) 0.170ms
[23.409s][info][gc] GC(6072) Pause Young (Allocation Failure) 12M->8M(15M) 0.193ms
[23.410s][info][gc] GC(6073) Pause Young (Allocation Failure) 12M->8M(15M) 0.192ms
[23.411s][info][gc] GC(6074) Pause Young (Allocation Failure) 12M->7M(15M) 0.164ms
[23.412s][info][gc] GC(6075) Pause Young (Allocation Failure) 12M->8M(15M) 0.164ms
[23.412s][info][gc] GC(6076) Pause Young (Allocation Failure) 12M->8M(15M) 0.195ms
[23.413s][info][gc] GC(6077) Pause Young (Allocation Failure) 12M->8M(15M) 0.174ms
[23.414s][info][gc] GC(6078) Pause Young (Allocation Failure) 12M->8M(15M) 0.183ms
[23.415s][info][gc] GC(6079) Pause Young (Allocation Failure) 13M->8M(15M) 0.191ms
[23.416s][info][gc] GC(6080) Pause Young (Allocation Failure) 13M->8M(15M) 0.175ms
[23.416s][info][gc] GC(6081) Pause Young (Allocation Failure) 12M->8M(15M) 0.179ms
[23.417s][info][gc] GC(6082) Pause Young (Allocation Failure) 13M->8M(15M) 0.162ms
[23.418s][info][gc] GC(6083) Pause Young (Allocation Failure) 12M->8M(15M) 0.176ms
[23.419s][info][gc] GC(6084) Pause Young (Allocation Failure) 13M->9M(15M) 0.208ms
[23.420s][info][gc] GC(6085) Pause Young (Allocation Failure) 13M->9M(15M) 0.203ms
[23.420s][info][gc] GC(6086) Pause Young (Allocation Failure) 13M->9M(15M) 0.188ms
[23.421s][info][gc] GC(6087) Pause Young (Allocation Failure) 13M->9M(15M) 0.183ms
[23.422s][info][gc] GC(6088) Pause Young (Allocation Failure) 13M->9M(15M) 0.177ms
[23.423s][info][gc] GC(6089) Pause Young (Allocation Failure) 13M->9M(15M) 0.183ms
[23.424s][info][gc] GC(6090) Pause Young (Allocation Failure) 13M->9M(15M) 0.177ms
[23.425s][info][gc] GC(6091) Pause Young (Allocation Failure) 13M->9M(15M) 0.181ms
[23.425s][info][gc] GC(6092) Pause Young (Allocation Failure) 13M->9M(15M) 0.187ms
[23.426s][info][gc] GC(6093) Pause Young (Allocation Failure) 13M->9M(15M) 0.176ms
[23.427s][info][gc] GC(6094) Pause Young (Allocation Failure) 13M->9M(15M) 0.185ms
[23.428s][info][gc] GC(6095) Pause Young (Allocation Failure) 13M->9M(15M) 0.204ms
[23.429s][info][gc] GC(6096) Pause Young (Allocation Failure) 14M->9M(15M) 0.174ms
[23.429s][info][gc] GC(6097) Pause Young (Allocation Failure) 13M->9M(15M) 0.178ms
[23.430s][info][gc] GC(6098) Pause Young (Allocation Failure) 14M->9M(15M) 0.182ms
[23.431s][info][gc] GC(6099) Pause Young (Allocation Failure) 14M->9M(15M) 0.181ms
[23.432s][info][gc] GC(6100) Pause Young (Allocation Failure) 14M->9M(15M) 0.165ms
[23.433s][info][gc] GC(6101) Pause Young (Allocation Failure) 13M->9M(15M) 0.172ms
[23.434s][info][gc] GC(6102) Pause Young (Allocation Failure) 13M->9M(15M) 0.168ms
[23.434s][info][gc] GC(6103) Pause Young (Allocation Failure) 13M->9M(15M) 0.185ms
[23.435s][info][gc] GC(6104) Pause Young (Allocation Failure) 14M->9M(15M) 0.176ms
[23.436s][info][gc] GC(6105) Pause Young (Allocation Failure) 14M->10M(15M) 0.191ms
[23.437s][info][gc] GC(6106) Pause Young (Allocation Failure) 14M->10M(15M) 0.186ms
[23.437s][info][gc] GC(6107) Pause Young (Allocation Failure) 14M->10M(15M) 0.201ms
[23.438s][info][gc] GC(6108) Pause Young (Allocation Failure) 14M->10M(15M) 0.189ms
[23.439s][info][gc] GC(6109) Pause Young (Allocation Failure) 14M->10M(15M) 0.172ms
[23.440s][info][gc] GC(6110) Pause Young (Allocation Failure) 14M->10M(15M) 0.197ms
[23.440s][info][gc] GC(6111) Pause Young (Allocation Failure) 14M->11M(15M) 0.211ms
[23.441s][info][gc] GC(6112) Pause Young (Allocation Failure) 15M->15M(15M) 0.025ms
[23.446s][info][gc] GC(6113) Pause Full (Allocation Failure) 15M->4M(15M) 4.742ms
[23.447s][info][gc] GC(6114) Pause Young (Allocation Failure) 8M->5M(15M) 0.199ms
[23.447s][info][gc] GC(6115) Pause Young (Allocation Failure) 9M->5M(15M) 0.193ms
[23.448s][info][gc] GC(6116) Pause Young (Allocation Failure) 9M->5M(15M) 0.184ms
[23.449s][info][gc] GC(6117) Pause Young (Allocation Failure) 9M->5M(15M) 0.190ms
[23.450s][info][gc] GC(6118) Pause Young (Allocation Failure) 9M->5M(15M) 0.164ms
[23.451s][info][gc] GC(6119) Pause Young (Allocation Failure) 9M->5M(15M) 0.179ms
[23.451s][info][gc] GC(6120) Pause Young (Allocation Failure) 9M->5M(15M) 0.181ms
[23.452s][info][gc] GC(6121) Pause Young (Allocation Failure) 9M->5M(15M) 0.177ms
[23.453s][info][gc] GC(6122) Pause Young (Allocation Failure) 9M->5M(15M) 0.174ms
[23.454s][info][gc] GC(6123) Pause Young (Allocation Failure) 9M->5M(15M) 0.190ms
[23.454s][info][gc] GC(6124) Pause Young (Allocation Failure) 9M->5M(15M) 0.200ms
[23.455s][info][gc] GC(6125) Pause Young (Allocation Failure) 10M->5M(15M) 0.189ms
[23.456s][info][gc] GC(6126) Pause Young (Allocation Failure) 10M->6M(15M) 0.187ms
[23.457s][info][gc] GC(6127) Pause Young (Allocation Failure) 10M->6M(15M) 0.191ms
[23.457s][info][gc] GC(6128) Pause Young (Allocation Failure) 10M->6M(15M) 0.184ms
[23.458s][info][gc] GC(6129) Pause Young (Allocation Failure) 10M->6M(15M) 0.214ms
[23.459s][info][gc] GC(6130) Pause Young (Allocation Failure) 10M->6M(15M) 0.167ms
[23.460s][info][gc] GC(6131) Pause Young (Allocation Failure) 10M->6M(15M) 0.182ms
[23.461s][info][gc] GC(6132) Pause Young (Allocation Failure) 10M->6M(15M) 0.199ms
[23.462s][info][gc] GC(6133) Pause Young (Allocation Failure) 10M->6M(15M) 0.186ms
[23.462s][info][gc] GC(6134) Pause Young (Allocation Failure) 10M->6M(15M) 0.181ms
[23.463s][info][gc] GC(6135) Pause Young (Allocation Failure) 10M->6M(15M) 0.192ms
[23.464s][info][gc] GC(6136) Pause Young (Allocation Failure) 11M->6M(15M) 0.171ms
[23.465s][info][gc] GC(6137) Pause Young (Allocation Failure) 10M->6M(15M) 0.165ms
[23.465s][info][gc] GC(6138) Pause Young (Allocation Failure) 10M->6M(15M) 0.171ms
[23.466s][info][gc] GC(6139) Pause Young (Allocation Failure) 10M->6M(15M) 0.182ms
[23.467s][info][gc] GC(6140) Pause Young (Allocation Failure) 11M->6M(15M) 0.187ms
[23.468s][info][gc] GC(6141) Pause Young (Allocation Failure) 11M->6M(15M) 0.152ms
[23.469s][info][gc] GC(6142) Pause Young (Allocation Failure) 11M->6M(15M) 0.183ms
[23.469s][info][gc] GC(6143) Pause Young (Allocation Failure) 11M->6M(15M) 0.169ms
[23.470s][info][gc] GC(6144) Pause Young (Allocation Failure) 10M->7M(15M) 0.208ms
[23.471s][info][gc] GC(6145) Pause Young (Allocation Failure) 11M->7M(15M) 0.223ms
[23.472s][info][gc] GC(6146) Pause Young (Allocation Failure) 12M->7M(15M) 0.169ms
[23.473s][info][gc] GC(6147) Pause Young (Allocation Failure) 12M->7M(15M) 0.175ms
[23.474s][info][gc] GC(6148) Pause Young (Allocation Failure) 12M->7M(15M) 0.172ms
[23.474s][info][gc] GC(6149) Pause Young (Allocation Failure) 11M->7M(15M) 0.170ms
[23.475s][info][gc] GC(6150) Pause Young (Allocation Failure) 11M->8M(15M) 0.201ms
[23.476s][info][gc] GC(6151) Pause Young (Allocation Failure) 12M->8M(15M) 0.186ms
[23.477s][info][gc] GC(6152) Pause Young (Allocation Failure) 12M->8M(15M) 0.209ms
[23.478s][info][gc] GC(6153) Pause Young (Allocation Failure) 12M->8M(15M) 0.176ms
[23.478s][info][gc] GC(6154) Pause Young (Allocation Failure) 12M->8M(15M) 0.181ms
[23.479s][info][gc] GC(6155) Pause Young (Allocation Failure) 12M->8M(15M) 0.171ms
[23.480s][info][gc] GC(6156) Pause Young (Allocation Failure) 12M->8M(15M) 0.172ms
[23.481s][info][gc] GC(6157) Pause Young (Allocation Failure) 12M->8M(15M) 0.170ms
[23.482s][info][gc] GC(6158) Pause Young (Allocation Failure) 12M->8M(15M) 0.170ms
[23.482s][info][gc] GC(6159) Pause Young (Allocation Failure) 12M->8M(15M) 0.176ms
[23.483s][info][gc] GC(6160) Pause Young (Allocation Failure) 12M->8M(15M) 0.179ms
[23.484s][info][gc] GC(6161) Pause Young (Allocation Failure) 12M->8M(15M) 0.170ms
[23.485s][info][gc] GC(6162) Pause Young (Allocation Failure) 12M->8M(15M) 0.161ms
[23.486s][info][gc] GC(6163) Pause Young (Allocation Failure) 12M->8M(15M) 0.170ms
[23.486s][info][gc] GC(6164) Pause Young (Allocation Failure) 12M->8M(15M) 0.170ms
[23.487s][info][gc] GC(6165) Pause Young (Allocation Failure) 12M->8M(15M) 0.197ms
[23.488s][info][gc] GC(6166) Pause Young (Allocation Failure) 13M->8M(15M) 0.167ms
[23.489s][info][gc] GC(6167) Pause Young (Allocation Failure) 13M->8M(15M) 0.159ms
[23.489s][info][gc] GC(6168) Pause Young (Allocation Failure) 12M->8M(15M) 0.166ms
[23.490s][info][gc] GC(6169) Pause Young (Allocation Failure) 13M->8M(15M) 0.151ms
[23.491s][info][gc] GC(6170) Pause Young (Allocation Failure) 12M->8M(15M) 0.175ms
[23.492s][info][gc] GC(6171) Pause Young (Allocation Failure) 13M->8M(15M) 0.166ms
[23.492s][info][gc] GC(6172) Pause Young (Allocation Failure) 12M->8M(15M) 0.166ms
[23.493s][info][gc] GC(6173) Pause Young (Allocation Failure) 12M->8M(15M) 0.170ms
[23.494s][info][gc] GC(6174) Pause Young (Allocation Failure) 12M->9M(15M) 0.226ms
[23.495s][info][gc] GC(6175) Pause Young (Allocation Failure) 13M->9M(15M) 0.202ms
[23.496s][info][gc] GC(6176) Pause Young (Allocation Failure) 14M->9M(15M) 0.185ms
[23.497s][info][gc] GC(6177) Pause Young (Allocation Failure) 14M->10M(15M) 0.213ms
[23.497s][info][gc] GC(6178) Pause Young (Allocation Failure) 14M->10M(15M) 0.182ms
[23.498s][info][gc] GC(6179) Pause Young (Allocation Failure) 14M->9M(15M) 0.165ms
[23.499s][info][gc] GC(6180) Pause Young (Allocation Failure) 14M->10M(15M) 0.203ms
[23.500s][info][gc] GC(6181) Pause Young (Allocation Failure) 14M->11M(15M) 0.215ms
[23.501s][info][gc] GC(6182) Pause Young (Allocation Failure) 15M->15M(15M) 0.028ms
[23.505s][info][gc] GC(6183) Pause Full (Allocation Failure) 15M->3M(15M) 4.475ms
[23.506s][info][gc] GC(6184) Pause Young (Allocation Failure) 8M->4M(15M) 0.183ms
[23.507s][info][gc] GC(6185) Pause Young (Allocation Failure) 8M->4M(15M) 0.205ms
[23.507s][info][gc] GC(6186) Pause Young (Allocation Failure) 8M->4M(15M) 0.181ms
[23.508s][info][gc] GC(6187) Pause Young (Allocation Failure) 8M->4M(15M) 0.166ms
[23.509s][info][gc] GC(6188) Pause Young (Allocation Failure) 8M->4M(15M) 0.197ms
[23.510s][info][gc] GC(6189) Pause Young (Allocation Failure) 8M->4M(15M) 0.209ms
[23.510s][info][gc] GC(6190) Pause Young (Allocation Failure) 9M->5M(15M) 0.209ms
[23.511s][info][gc] GC(6191) Pause Young (Allocation Failure) 9M->5M(15M) 0.182ms
[23.512s][info][gc] GC(6192) Pause Young (Allocation Failure) 9M->5M(15M) 0.185ms
[23.513s][info][gc] GC(6193) Pause Young (Allocation Failure) 9M->5M(15M) 0.190ms
[23.514s][info][gc] GC(6194) Pause Young (Allocation Failure) 9M->5M(15M) 0.182ms
[23.514s][info][gc] GC(6195) Pause Young (Allocation Failure) 9M->5M(15M) 0.202ms
[23.515s][info][gc] GC(6196) Pause Young (Allocation Failure) 9M->5M(15M) 0.168ms
[23.516s][info][gc] GC(6197) Pause Young (Allocation Failure) 9M->5M(15M) 0.189ms
[23.517s][info][gc] GC(6198) Pause Young (Allocation Failure) 9M->5M(15M) 0.127ms
[23.518s][info][gc] GC(6199) Pause Young (Allocation Failure) 9M->5M(15M) 0.174ms
[23.519s][info][gc] GC(6200) Pause Young (Allocation Failure) 9M->5M(15M) 0.221ms
[23.519s][info][gc] GC(6201) Pause Young (Allocation Failure) 9M->5M(15M) 0.166ms
[23.520s][info][gc] GC(6202) Pause Young (Allocation Failure) 9M->5M(15M) 0.190ms
[23.521s][info][gc] GC(6203) Pause Young (Allocation Failure) 10M->5M(15M) 0.176ms
[23.522s][info][gc] GC(6204) Pause Young (Allocation Failure) 9M->5M(15M) 0.189ms
[23.522s][info][gc] GC(6205) Pause Young (Allocation Failure) 10M->5M(15M) 0.176ms
[23.523s][info][gc] GC(6206) Pause Young (Allocation Failure) 10M->6M(15M) 0.150ms
[23.524s][info][gc] GC(6207) Pause Young (Allocation Failure) 10M->5M(15M) 0.172ms
[23.525s][info][gc] GC(6208) Pause Young (Allocation Failure) 10M->6M(15M) 0.217ms
[23.526s][info][gc] GC(6209) Pause Young (Allocation Failure) 10M->6M(15M) 0.170ms
[23.526s][info][gc] GC(6210) Pause Young (Allocation Failure) 10M->6M(15M) 0.195ms
[23.527s][info][gc] GC(6211) Pause Young (Allocation Failure) 11M->7M(15M) 0.200ms
[23.528s][info][gc] GC(6212) Pause Young (Allocation Failure) 11M->7M(15M) 0.191ms
[23.528s][info][gc] GC(6213) Pause Young (Allocation Failure) 11M->7M(15M) 0.150ms
[23.529s][info][gc] GC(6214) Pause Young (Allocation Failure) 11M->7M(15M) 0.177ms
[23.530s][info][gc] GC(6215) Pause Young (Allocation Failure) 11M->7M(15M) 0.185ms
[23.531s][info][gc] GC(6216) Pause Young (Allocation Failure) 11M->7M(15M) 0.170ms
[23.531s][info][gc] GC(6217) Pause Young (Allocation Failure) 11M->7M(15M) 0.177ms
[23.532s][info][gc] GC(6218) Pause Young (Allocation Failure) 11M->7M(15M) 0.180ms
[23.533s][info][gc] GC(6219) Pause Young (Allocation Failure) 11M->7M(15M) 0.176ms
[23.534s][info][gc] GC(6220) Pause Young (Allocation Failure) 11M->7M(15M) 0.167ms
[23.535s][info][gc] GC(6221) Pause Young (Allocation Failure) 11M->7M(15M) 0.204ms
[23.536s][info][gc] GC(6222) Pause Young (Allocation Failure) 12M->7M(15M) 0.174ms
[23.536s][info][gc] GC(6223) Pause Young (Allocation Failure) 11M->8M(15M) 0.191ms
[23.537s][info][gc] GC(6224) Pause Young (Allocation Failure) 12M->7M(15M) 0.169ms
[23.538s][info][gc] GC(6225) Pause Young (Allocation Failure) 12M->8M(15M) 0.203ms
[23.539s][info][gc] GC(6226) Pause Young (Allocation Failure) 12M->8M(15M) 0.170ms
[23.540s][info][gc] GC(6227) Pause Young (Allocation Failure) 12M->8M(15M) 0.193ms
[23.541s][info][gc] GC(6228) Pause Young (Allocation Failure) 12M->8M(15M) 0.176ms
[23.541s][info][gc] GC(6229) Pause Young (Allocation Failure) 12M->8M(15M) 0.179ms
[23.542s][info][gc] GC(6230) Pause Young (Allocation Failure) 12M->8M(15M) 0.178ms
[23.543s][info][gc] GC(6231) Pause Young (Allocation Failure) 12M->8M(15M) 0.191ms
[23.544s][info][gc] GC(6232) Pause Young (Allocation Failure) 12M->8M(15M) 0.180ms
[23.544s][info][gc] GC(6233) Pause Young (Allocation Failure) 12M->8M(15M) 0.178ms
[23.545s][info][gc] GC(6234) Pause Young (Allocation Failure) 12M->8M(15M) 0.185ms
[23.546s][info][gc] GC(6235) Pause Young (Allocation Failure) 12M->9M(15M) 0.207ms
[23.547s][info][gc] GC(6236) Pause Young (Allocation Failure) 13M->8M(15M) 0.173ms
[23.548s][info][gc] GC(6237) Pause Young (Allocation Failure) 13M->8M(15M) 0.160ms
[23.548s][info][gc] GC(6238) Pause Young (Allocation Failure) 12M->8M(15M) 0.170ms
[23.549s][info][gc] GC(6239) Pause Young (Allocation Failure) 12M->9M(15M) 0.176ms
[23.550s][info][gc] GC(6240) Pause Young (Allocation Failure) 13M->9M(15M) 0.176ms
[23.551s][info][gc] GC(6241) Pause Young (Allocation Failure) 13M->9M(15M) 0.185ms
[23.551s][info][gc] GC(6242) Pause Young (Allocation Failure) 13M->9M(15M) 0.195ms
[23.552s][info][gc] GC(6243) Pause Young (Allocation Failure) 13M->9M(15M) 0.167ms
[23.553s][info][gc] GC(6244) Pause Young (Allocation Failure) 13M->9M(15M) 0.175ms
[23.554s][info][gc] GC(6245) Pause Young (Allocation Failure) 13M->9M(15M) 0.179ms
[23.555s][info][gc] GC(6246) Pause Young (Allocation Failure) 13M->9M(15M) 0.183ms
[23.555s][info][gc] GC(6247) Pause Young (Allocation Failure) 13M->9M(15M) 0.210ms
[23.556s][info][gc] GC(6248) Pause Young (Allocation Failure) 14M->9M(15M) 0.192ms
[23.557s][info][gc] GC(6249) Pause Young (Allocation Failure) 14M->9M(15M) 0.161ms
[23.558s][info][gc] GC(6250) Pause Young (Allocation Failure) 14M->9M(15M) 0.173ms
[23.559s][info][gc] GC(6251) Pause Young (Allocation Failure) 14M->9M(15M) 0.162ms
[23.560s][info][gc] GC(6252) Pause Young (Allocation Failure) 13M->9M(15M) 0.181ms
[23.560s][info][gc] GC(6253) Pause Young (Allocation Failure) 14M->10M(15M) 0.176ms
[23.561s][info][gc] GC(6254) Pause Young (Allocation Failure) 14M->9M(15M) 0.173ms
[23.562s][info][gc] GC(6255) Pause Young (Allocation Failure) 14M->9M(15M) 0.169ms
[23.562s][info][gc] GC(6256) Pause Young (Allocation Failure) 14M->10M(15M) 0.183ms
[23.563s][info][gc] GC(6257) Pause Young (Allocation Failure) 14M->9M(15M) 0.179ms
[23.564s][info][gc] GC(6258) Pause Young (Allocation Failure) 14M->9M(15M) 0.173ms
[23.565s][info][gc] GC(6259) Pause Young (Allocation Failure) 14M->9M(15M) 0.172ms
[23.566s][info][gc] GC(6260) Pause Young (Allocation Failure) 14M->10M(15M) 0.181ms
[23.566s][info][gc] GC(6261) Pause Young (Allocation Failure) 14M->10M(15M) 0.184ms
[23.567s][info][gc] GC(6262) Pause Young (Allocation Failure) 14M->10M(15M) 0.188ms
[23.568s][info][gc] GC(6263) Pause Young (Allocation Failure) 14M->10M(15M) 0.211ms
[23.569s][info][gc] GC(6264) Pause Young (Allocation Failure) 14M->10M(15M) 0.181ms
[23.570s][info][gc] GC(6265) Pause Young (Allocation Failure) 14M->10M(15M) 0.165ms
[23.570s][info][gc] GC(6266) Pause Young (Allocation Failure) 14M->10M(15M) 0.177ms
[23.571s][info][gc] GC(6267) Pause Young (Allocation Failure) 14M->10M(15M) 0.189ms
[23.572s][info][gc] GC(6268) Pause Young (Allocation Failure) 14M->10M(15M) 0.184ms
[23.573s][info][gc] GC(6269) Pause Young (Allocation Failure) 14M->10M(15M) 0.168ms
[23.574s][info][gc] GC(6270) Pause Young (Allocation Failure) 14M->10M(15M) 0.174ms
[23.575s][info][gc] GC(6271) Pause Young (Allocation Failure) 14M->10M(15M) 0.194ms
[23.575s][info][gc] GC(6272) Pause Young (Allocation Failure) 15M->10M(15M) 0.167ms
[23.576s][info][gc] GC(6273) Pause Young (Allocation Failure) 14M->10M(15M) 0.177ms
[23.577s][info][gc] GC(6274) Pause Young (Allocation Failure) 14M->10M(15M) 0.175ms
[23.578s][info][gc] GC(6275) Pause Young (Allocation Failure) 14M->11M(15M) 0.209ms
[23.579s][info][gc] GC(6276) Pause Young (Allocation Failure) 15M->15M(15M) 0.025ms
[23.583s][info][gc] GC(6277) Pause Full (Allocation Failure) 15M->4M(15M) 4.681ms
[23.584s][info][gc] GC(6278) Pause Young (Allocation Failure) 8M->5M(15M) 0.205ms
[23.585s][info][gc] GC(6279) Pause Young (Allocation Failure) 9M->5M(15M) 0.187ms
[23.586s][info][gc] GC(6280) Pause Young (Allocation Failure) 9M->5M(15M) 0.185ms
[23.587s][info][gc] GC(6281) Pause Young (Allocation Failure) 9M->5M(15M) 0.179ms
[23.588s][info][gc] GC(6282) Pause Young (Allocation Failure) 9M->5M(15M) 0.169ms
[23.588s][info][gc] GC(6283) Pause Young (Allocation Failure) 9M->5M(15M) 0.177ms
[23.589s][info][gc] GC(6284) Pause Young (Allocation Failure) 9M->5M(15M) 0.184ms
[23.590s][info][gc] GC(6285) Pause Young (Allocation Failure) 9M->5M(15M) 0.175ms
[23.591s][info][gc] GC(6286) Pause Young (Allocation Failure) 9M->5M(15M) 0.167ms
[23.591s][info][gc] GC(6287) Pause Young (Allocation Failure) 9M->5M(15M) 0.193ms
[23.592s][info][gc] GC(6288) Pause Young (Allocation Failure) 9M->5M(15M) 0.190ms
[23.593s][info][gc] GC(6289) Pause Young (Allocation Failure) 9M->5M(15M) 0.185ms
[23.594s][info][gc] GC(6290) Pause Young (Allocation Failure) 9M->5M(15M) 0.203ms
[23.595s][info][gc] GC(6291) Pause Young (Allocation Failure) 10M->6M(15M) 0.191ms
[23.595s][info][gc] GC(6292) Pause Young (Allocation Failure) 10M->6M(15M) 0.160ms
[23.596s][info][gc] GC(6293) Pause Young (Allocation Failure) 10M->6M(15M) 0.177ms
[23.597s][info][gc] GC(6294) Pause Young (Allocation Failure) 10M->6M(15M) 0.174ms
[23.598s][info][gc] GC(6295) Pause Young (Allocation Failure) 10M->6M(15M) 0.175ms
[23.599s][info][gc] GC(6296) Pause Young (Allocation Failure) 10M->6M(15M) 0.179ms
[23.599s][info][gc] GC(6297) Pause Young (Allocation Failure) 10M->6M(15M) 0.196ms
[23.600s][info][gc] GC(6298) Pause Young (Allocation Failure) 10M->6M(15M) 0.189ms
[23.601s][info][gc] GC(6299) Pause Young (Allocation Failure) 10M->6M(15M) 0.215ms
[23.602s][info][gc] GC(6300) Pause Young (Allocation Failure) 11M->6M(15M) 0.175ms
[23.603s][info][gc] GC(6301) Pause Young (Allocation Failure) 11M->6M(15M) 0.174ms
[23.603s][info][gc] GC(6302) Pause Young (Allocation Failure) 11M->7M(15M) 0.205ms
[23.604s][info][gc] GC(6303) Pause Young (Allocation Failure) 11M->7M(15M) 0.198ms
[23.605s][info][gc] GC(6304) Pause Young (Allocation Failure) 11M->7M(15M) 0.171ms
[23.606s][info][gc] GC(6305) Pause Young (Allocation Failure) 11M->7M(15M) 0.189ms
[23.607s][info][gc] GC(6306) Pause Young (Allocation Failure) 11M->7M(15M) 0.172ms
[23.607s][info][gc] GC(6307) Pause Young (Allocation Failure) 11M->7M(15M) 0.171ms
[23.608s][info][gc] GC(6308) Pause Young (Allocation Failure) 11M->7M(15M) 0.170ms
[23.609s][info][gc] GC(6309) Pause Young (Allocation Failure) 11M->7M(15M) 0.174ms
[23.610s][info][gc] GC(6310) Pause Young (Allocation Failure) 11M->7M(15M) 0.175ms
[23.611s][info][gc] GC(6311) Pause Young (Allocation Failure) 11M->7M(15M) 0.167ms
[23.611s][info][gc] GC(6312) Pause Young (Allocation Failure) 11M->7M(15M) 0.169ms
[23.612s][info][gc] GC(6313) Pause Young (Allocation Failure) 11M->7M(15M) 0.201ms
[23.613s][info][gc] GC(6314) Pause Young (Allocation Failure) 12M->7M(15M) 0.172ms
[23.614s][info][gc] GC(6315) Pause Young (Allocation Failure) 11M->7M(15M) 0.188ms
[23.615s][info][gc] GC(6316) Pause Young (Allocation Failure) 12M->8M(15M) 0.187ms
[23.615s][info][gc] GC(6317) Pause Young (Allocation Failure) 12M->7M(15M) 0.178ms
[23.616s][info][gc] GC(6318) Pause Young (Allocation Failure) 12M->7M(15M) 0.165ms
[23.617s][info][gc] GC(6319) Pause Young (Allocation Failure) 11M->8M(15M) 0.207ms
[23.618s][info][gc] GC(6320) Pause Young (Allocation Failure) 12M->8M(15M) 0.190ms
[23.618s][info][gc] GC(6321) Pause Young (Allocation Failure) 12M->8M(15M) 0.205ms
[23.619s][info][gc] GC(6322) Pause Young (Allocation Failure) 13M->9M(15M) 0.208ms
[23.620s][info][gc] GC(6323) Pause Young (Allocation Failure) 13M->9M(15M) 0.214ms
[23.621s][info][gc] GC(6324) Pause Young (Allocation Failure) 13M->9M(15M) 0.233ms
[23.622s][info][gc] GC(6325) Pause Young (Allocation Failure) 13M->9M(15M) 0.182ms
[23.623s][info][gc] GC(6326) Pause Young (Allocation Failure) 13M->9M(15M) 0.155ms
[23.623s][info][gc] GC(6327) Pause Young (Allocation Failure) 13M->9M(15M) 0.164ms
[23.624s][info][gc] GC(6328) Pause Young (Allocation Failure) 13M->9M(15M) 0.167ms
[23.625s][info][gc] GC(6329) Pause Young (Allocation Failure) 13M->9M(15M) 0.164ms
[23.626s][info][gc] GC(6330) Pause Young (Allocation Failure) 13M->9M(15M) 0.180ms
[23.626s][info][gc] GC(6331) Pause Young (Allocation Failure) 13M->10M(15M) 0.212ms
[23.627s][info][gc] GC(6332) Pause Young (Allocation Failure) 14M->10M(15M) 0.200ms
[23.628s][info][gc] GC(6333) Pause Young (Allocation Failure) 14M->10M(15M) 0.186ms
[23.629s][info][gc] GC(6334) Pause Young (Allocation Failure) 14M->10M(15M) 0.171ms
[23.630s][info][gc] GC(6335) Pause Young (Allocation Failure) 14M->10M(15M) 0.163ms
[23.630s][info][gc] GC(6336) Pause Young (Allocation Failure) 14M->10M(15M) 0.183ms
[23.631s][info][gc] GC(6337) Pause Young (Allocation Failure) 14M->10M(15M) 0.177ms
[23.632s][info][gc] GC(6338) Pause Young (Allocation Failure) 14M->10M(15M) 0.173ms
[23.633s][info][gc] GC(6339) Pause Young (Allocation Failure) 14M->10M(15M) 0.184ms
[23.634s][info][gc] GC(6340) Pause Young (Allocation Failure) 14M->10M(15M) 0.176ms
[23.635s][info][gc] GC(6341) Pause Young (Allocation Failure) 14M->10M(15M) 0.206ms
[23.635s][info][gc] GC(6342) Pause Young (Allocation Failure) 15M->15M(15M) 0.025ms
[23.640s][info][gc] GC(6343) Pause Full (Allocation Failure) 15M->4M(15M) 4.742ms
[23.641s][info][gc] GC(6344) Pause Young (Allocation Failure) 8M->4M(15M) 0.176ms
[23.642s][info][gc] GC(6345) Pause Young (Allocation Failure) 8M->4M(15M) 0.186ms
[23.643s][info][gc] GC(6346) Pause Young (Allocation Failure) 8M->4M(15M) 0.167ms
[23.643s][info][gc] GC(6347) Pause Young (Allocation Failure) 8M->4M(15M) 0.170ms
[23.644s][info][gc] GC(6348) Pause Young (Allocation Failure) 8M->4M(15M) 0.186ms
[23.645s][info][gc] GC(6349) Pause Young (Allocation Failure) 8M->4M(15M) 0.173ms
[23.646s][info][gc] GC(6350) Pause Young (Allocation Failure) 8M->4M(15M) 0.194ms
[23.647s][info][gc] GC(6351) Pause Young (Allocation Failure) 9M->4M(15M) 0.169ms
[23.647s][info][gc] GC(6352) Pause Young (Allocation Failure) 8M->4M(15M) 0.163ms
[23.648s][info][gc] GC(6353) Pause Young (Allocation Failure) 8M->4M(15M) 0.177ms
[23.649s][info][gc] GC(6354) Pause Young (Allocation Failure) 9M->4M(15M) 0.178ms
[23.650s][info][gc] GC(6355) Pause Young (Allocation Failure) 8M->4M(15M) 0.164ms
[23.651s][info][gc] GC(6356) Pause Young (Allocation Failure) 8M->5M(15M) 0.211ms
[23.651s][info][gc] GC(6357) Pause Young (Allocation Failure) 9M->5M(15M) 0.199ms
[23.652s][info][gc] GC(6358) Pause Young (Allocation Failure) 9M->5M(15M) 0.173ms
[23.653s][info][gc] GC(6359) Pause Young (Allocation Failure) 9M->5M(15M) 0.173ms
[23.654s][info][gc] GC(6360) Pause Young (Allocation Failure) 10M->5M(15M) 0.151ms
[23.655s][info][gc] GC(6361) Pause Young (Allocation Failure) 9M->5M(15M) 0.150ms
[23.655s][info][gc] GC(6362) Pause Young (Allocation Failure) 9M->5M(15M) 0.165ms
[23.656s][info][gc] GC(6363) Pause Young (Allocation Failure) 9M->6M(15M) 0.211ms
[23.657s][info][gc] GC(6364) Pause Young (Allocation Failure) 10M->6M(15M) 0.165ms
[23.658s][info][gc] GC(6365) Pause Young (Allocation Failure) 10M->6M(15M) 0.179ms
[23.658s][info][gc] GC(6366) Pause Young (Allocation Failure) 10M->6M(15M) 0.162ms
[23.659s][info][gc] GC(6367) Pause Young (Allocation Failure) 11M->6M(15M) 0.143ms
[23.660s][info][gc] GC(6368) Pause Young (Allocation Failure) 10M->6M(15M) 0.179ms
[23.661s][info][gc] GC(6369) Pause Young (Allocation Failure) 10M->6M(15M) 0.190ms
[23.661s][info][gc] GC(6370) Pause Young (Allocation Failure) 11M->7M(15M) 0.219ms
[23.662s][info][gc] GC(6371) Pause Young (Allocation Failure) 11M->7M(15M) 0.185ms
[23.663s][info][gc] GC(6372) Pause Young (Allocation Failure) 11M->7M(15M) 0.172ms
[23.663s][info][gc] GC(6373) Pause Young (Allocation Failure) 11M->7M(15M) 0.172ms
[23.664s][info][gc] GC(6374) Pause Young (Allocation Failure) 11M->7M(15M) 0.200ms
[23.665s][info][gc] GC(6375) Pause Young (Allocation Failure) 12M->7M(15M) 0.172ms
[23.666s][info][gc] GC(6376) Pause Young (Allocation Failure) 11M->7M(15M) 0.176ms
[23.667s][info][gc] GC(6377) Pause Young (Allocation Failure) 11M->7M(15M) 0.182ms
[23.668s][info][gc] GC(6378) Pause Young (Allocation Failure) 12M->8M(15M) 0.190ms
[23.668s][info][gc] GC(6379) Pause Young (Allocation Failure) 12M->7M(15M) 0.171ms
[23.669s][info][gc] GC(6380) Pause Young (Allocation Failure) 12M->7M(15M) 0.170ms
[23.670s][info][gc] GC(6381) Pause Young (Allocation Failure) 12M->7M(15M) 0.173ms
[23.671s][info][gc] GC(6382) Pause Young (Allocation Failure) 12M->7M(15M) 0.183ms
[23.672s][info][gc] GC(6383) Pause Young (Allocation Failure) 12M->8M(15M) 0.204ms
[23.673s][info][gc] GC(6384) Pause Young (Allocation Failure) 12M->8M(15M) 0.176ms
[23.673s][info][gc] GC(6385) Pause Young (Allocation Failure) 12M->8M(15M) 0.179ms
[23.674s][info][gc] GC(6386) Pause Young (Allocation Failure) 12M->7M(15M) 0.157ms
[23.675s][info][gc] GC(6387) Pause Young (Allocation Failure) 12M->8M(15M) 0.199ms
[23.676s][info][gc] GC(6388) Pause Young (Allocation Failure) 12M->8M(15M) 0.167ms
[23.677s][info][gc] GC(6389) Pause Young (Allocation Failure) 12M->8M(15M) 0.172ms
[23.677s][info][gc] GC(6390) Pause Young (Allocation Failure) 12M->8M(15M) 0.211ms
[23.678s][info][gc] GC(6391) Pause Young (Allocation Failure) 13M->9M(15M) 0.193ms
[23.679s][info][gc] GC(6392) Pause Young (Allocation Failure) 13M->8M(15M) 0.165ms
[23.680s][info][gc] GC(6393) Pause Young (Allocation Failure) 12M->9M(15M) 0.196ms
[23.680s][info][gc] GC(6394) Pause Young (Allocation Failure) 13M->9M(15M) 0.185ms
[23.681s][info][gc] GC(6395) Pause Young (Allocation Failure) 13M->9M(15M) 0.175ms
[23.682s][info][gc] GC(6396) Pause Young (Allocation Failure) 13M->9M(15M) 0.185ms
[23.683s][info][gc] GC(6397) Pause Young (Allocation Failure) 13M->9M(15M) 0.184ms
[23.683s][info][gc] GC(6398) Pause Young (Allocation Failure) 13M->9M(15M) 0.178ms
[23.684s][info][gc] GC(6399) Pause Young (Allocation Failure) 13M->8M(15M) 0.166ms
[23.685s][info][gc] GC(6400) Pause Young (Allocation Failure) 13M->9M(15M) 0.194ms
[23.686s][info][gc] GC(6401) Pause Young (Allocation Failure) 13M->9M(15M) 0.158ms
[23.687s][info][gc] GC(6402) Pause Young (Allocation Failure) 13M->9M(15M) 0.174ms
[23.687s][info][gc] GC(6403) Pause Young (Allocation Failure) 13M->9M(15M) 0.176ms
[23.688s][info][gc] GC(6404) Pause Young (Allocation Failure) 13M->9M(15M) 0.159ms
[23.689s][info][gc] GC(6405) Pause Young (Allocation Failure) 14M->9M(15M) 0.198ms
[23.690s][info][gc] GC(6406) Pause Young (Allocation Failure) 14M->10M(15M) 0.220ms
[23.691s][info][gc] GC(6407) Pause Young (Allocation Failure) 14M->10M(15M) 0.177ms
[23.691s][info][gc] GC(6408) Pause Young (Allocation Failure) 14M->10M(15M) 0.172ms
[23.692s][info][gc] GC(6409) Pause Young (Allocation Failure) 14M->10M(15M) 0.170ms
[23.693s][info][gc] GC(6410) Pause Young (Allocation Failure) 14M->10M(15M) 0.177ms
[23.694s][info][gc] GC(6411) Pause Young (Allocation Failure) 14M->10M(15M) 0.172ms
[23.694s][info][gc] GC(6412) Pause Young (Allocation Failure) 14M->10M(15M) 0.173ms
[23.695s][info][gc] GC(6413) Pause Young (Allocation Failure) 14M->10M(15M) 0.166ms
[23.696s][info][gc] GC(6414) Pause Young (Allocation Failure) 14M->10M(15M) 0.173ms
[23.697s][info][gc] GC(6415) Pause Young (Allocation Failure) 14M->11M(15M) 0.217ms
[23.698s][info][gc] GC(6416) Pause Young (Allocation Failure) 15M->15M(15M) 0.025ms
[23.702s][info][gc] GC(6417) Pause Full (Allocation Failure) 15M->4M(15M) 4.607ms
[23.703s][info][gc] GC(6418) Pause Young (Allocation Failure) 8M->5M(15M) 0.216ms
[23.704s][info][gc] GC(6419) Pause Young (Allocation Failure) 9M->4M(15M) 0.173ms
[23.705s][info][gc] GC(6420) Pause Young (Allocation Failure) 9M->5M(15M) 0.180ms
[23.706s][info][gc] GC(6421) Pause Young (Allocation Failure) 9M->5M(15M) 0.207ms
[23.706s][info][gc] GC(6422) Pause Young (Allocation Failure) 9M->5M(15M) 0.170ms
[23.707s][info][gc] GC(6423) Pause Young (Allocation Failure) 9M->5M(15M) 0.170ms
[23.708s][info][gc] GC(6424) Pause Young (Allocation Failure) 9M->5M(15M) 0.190ms
[23.709s][info][gc] GC(6425) Pause Young (Allocation Failure) 9M->5M(15M) 0.209ms
[23.710s][info][gc] GC(6426) Pause Young (Allocation Failure) 10M->5M(15M) 0.179ms
[23.710s][info][gc] GC(6427) Pause Young (Allocation Failure) 10M->5M(15M) 0.178ms
[23.711s][info][gc] GC(6428) Pause Young (Allocation Failure) 10M->5M(15M) 0.168ms
[23.712s][info][gc] GC(6429) Pause Young (Allocation Failure) 10M->6M(15M) 0.189ms
[23.713s][info][gc] GC(6430) Pause Young (Allocation Failure) 10M->5M(15M) 0.169ms
[23.714s][info][gc] GC(6431) Pause Young (Allocation Failure) 10M->5M(15M) 0.163ms
[23.715s][info][gc] GC(6432) Pause Young (Allocation Failure) 10M->6M(15M) 0.196ms
[23.715s][info][gc] GC(6433) Pause Young (Allocation Failure) 10M->5M(15M) 0.171ms
[23.716s][info][gc] GC(6434) Pause Young (Allocation Failure) 10M->5M(15M) 0.164ms
[23.717s][info][gc] GC(6435) Pause Young (Allocation Failure) 10M->6M(15M) 0.177ms
[23.718s][info][gc] GC(6436) Pause Young (Allocation Failure) 10M->6M(15M) 0.222ms
[23.719s][info][gc] GC(6437) Pause Young (Allocation Failure) 11M->6M(15M) 0.173ms
[23.719s][info][gc] GC(6438) Pause Young (Allocation Failure) 10M->6M(15M) 0.189ms
[23.720s][info][gc] GC(6439) Pause Young (Allocation Failure) 11M->6M(15M) 0.161ms
[23.721s][info][gc] GC(6440) Pause Young (Allocation Failure) 10M->6M(15M) 0.162ms
[23.722s][info][gc] GC(6441) Pause Young (Allocation Failure) 10M->6M(15M) 0.171ms
[23.723s][info][gc] GC(6442) Pause Young (Allocation Failure) 10M->7M(15M) 0.200ms
[23.723s][info][gc] GC(6443) Pause Young (Allocation Failure) 11M->6M(15M) 0.164ms
[23.724s][info][gc] GC(6444) Pause Young (Allocation Failure) 10M->7M(15M) 0.179ms
[23.725s][info][gc] GC(6445) Pause Young (Allocation Failure) 11M->7M(15M) 0.202ms
[23.726s][info][gc] GC(6446) Pause Young (Allocation Failure) 11M->7M(15M) 0.203ms
[23.727s][info][gc] GC(6447) Pause Young (Allocation Failure) 11M->7M(15M) 0.167ms
[23.728s][info][gc] GC(6448) Pause Young (Allocation Failure) 11M->7M(15M) 0.198ms
[23.728s][info][gc] GC(6449) Pause Young (Allocation Failure) 12M->8M(15M) 0.240ms
[23.729s][info][gc] GC(6450) Pause Young (Allocation Failure) 12M->8M(15M) 0.177ms
[23.730s][info][gc] GC(6451) Pause Young (Allocation Failure) 12M->8M(15M) 0.207ms
[23.731s][info][gc] GC(6452) Pause Young (Allocation Failure) 13M->8M(15M) 0.192ms
[23.732s][info][gc] GC(6453) Pause Young (Allocation Failure) 13M->8M(15M) 0.175ms
[23.732s][info][gc] GC(6454) Pause Young (Allocation Failure) 12M->8M(15M) 0.198ms
[23.733s][info][gc] GC(6455) Pause Young (Allocation Failure) 13M->8M(15M) 0.180ms
[23.734s][info][gc] GC(6456) Pause Young (Allocation Failure) 13M->8M(15M) 0.184ms
[23.735s][info][gc] GC(6457) Pause Young (Allocation Failure) 13M->9M(15M) 0.209ms
[23.736s][info][gc] GC(6458) Pause Young (Allocation Failure) 13M->9M(15M) 0.182ms
[23.736s][info][gc] GC(6459) Pause Young (Allocation Failure) 13M->9M(15M) 0.184ms
[23.737s][info][gc] GC(6460) Pause Young (Allocation Failure) 13M->8M(15M) 0.162ms
[23.738s][info][gc] GC(6461) Pause Young (Allocation Failure) 13M->9M(15M) 0.218ms
[23.739s][info][gc] GC(6462) Pause Young (Allocation Failure) 14M->10M(15M) 0.214ms
[23.740s][info][gc] GC(6463) Pause Young (Allocation Failure) 14M->10M(15M) 0.190ms
[23.740s][info][gc] GC(6464) Pause Young (Allocation Failure) 14M->10M(15M) 0.180ms
[23.741s][info][gc] GC(6465) Pause Young (Allocation Failure) 14M->10M(15M) 0.135ms
[23.742s][info][gc] GC(6466) Pause Young (Allocation Failure) 14M->10M(15M) 0.199ms
[23.743s][info][gc] GC(6467) Pause Young (Allocation Failure) 14M->10M(15M) 0.174ms
[23.744s][info][gc] GC(6468) Pause Young (Allocation Failure) 14M->10M(15M) 0.168ms
[23.744s][info][gc] GC(6469) Pause Young (Allocation Failure) 14M->10M(15M) 0.167ms
[23.745s][info][gc] GC(6470) Pause Young (Allocation Failure) 14M->10M(15M) 0.175ms
[23.746s][info][gc] GC(6471) Pause Young (Allocation Failure) 14M->10M(15M) 0.177ms
[23.747s][info][gc] GC(6472) Pause Young (Allocation Failure) 14M->10M(15M) 0.169ms
[23.748s][info][gc] GC(6473) Pause Young (Allocation Failure) 14M->10M(15M) 0.195ms
[23.748s][info][gc] GC(6474) Pause Young (Allocation Failure) 15M->10M(15M) 0.173ms
[23.749s][info][gc] GC(6475) Pause Young (Allocation Failure) 14M->10M(15M) 0.191ms
[23.750s][info][gc] GC(6476) Pause Young (Allocation Failure) 15M->15M(15M) 0.025ms
[23.755s][info][gc] GC(6477) Pause Full (Allocation Failure) 15M->4M(15M) 4.656ms
[23.755s][info][gc] GC(6478) Pause Young (Allocation Failure) 8M->5M(15M) 0.197ms
[23.756s][info][gc] GC(6479) Pause Young (Allocation Failure) 9M->4M(15M) 0.168ms
[23.757s][info][gc] GC(6480) Pause Young (Allocation Failure) 9M->5M(15M) 0.176ms
[23.758s][info][gc] GC(6481) Pause Young (Allocation Failure) 9M->5M(15M) 0.195ms
[23.759s][info][gc] GC(6482) Pause Young (Allocation Failure) 9M->5M(15M) 0.195ms
[23.759s][info][gc] GC(6483) Pause Young (Allocation Failure) 9M->5M(15M) 0.168ms
[23.760s][info][gc] GC(6484) Pause Young (Allocation Failure) 9M->5M(15M) 0.162ms
[23.761s][info][gc] GC(6485) Pause Young (Allocation Failure) 9M->5M(15M) 0.196ms
[23.762s][info][gc] GC(6486) Pause Young (Allocation Failure) 9M->5M(15M) 0.190ms
[23.763s][info][gc] GC(6487) Pause Young (Allocation Failure) 10M->5M(15M) 0.176ms
[23.763s][info][gc] GC(6488) Pause Young (Allocation Failure) 9M->6M(15M) 0.223ms
[23.764s][info][gc] GC(6489) Pause Young (Allocation Failure) 10M->6M(15M) 0.156ms
[23.765s][info][gc] GC(6490) Pause Young (Allocation Failure) 10M->6M(15M) 0.203ms
[23.766s][info][gc] GC(6491) Pause Young (Allocation Failure) 11M->6M(15M) 0.165ms
[23.766s][info][gc] GC(6492) Pause Young (Allocation Failure) 10M->7M(15M) 0.200ms
[23.767s][info][gc] GC(6493) Pause Young (Allocation Failure) 11M->7M(15M) 0.203ms
[23.768s][info][gc] GC(6494) Pause Young (Allocation Failure) 11M->7M(15M) 0.173ms
[23.769s][info][gc] GC(6495) Pause Young (Allocation Failure) 11M->7M(15M) 0.178ms
[23.770s][info][gc] GC(6496) Pause Young (Allocation Failure) 11M->7M(15M) 0.174ms
[23.770s][info][gc] GC(6497) Pause Young (Allocation Failure) 11M->7M(15M) 0.177ms
[23.771s][info][gc] GC(6498) Pause Young (Allocation Failure) 11M->7M(15M) 0.172ms
[23.772s][info][gc] GC(6499) Pause Young (Allocation Failure) 11M->7M(15M) 0.157ms
[23.773s][info][gc] GC(6500) Pause Young (Allocation Failure) 12M->7M(15M) 0.199ms
[23.773s][info][gc] GC(6501) Pause Young (Allocation Failure) 12M->7M(15M) 0.180ms
[23.774s][info][gc] GC(6502) Pause Young (Allocation Failure) 12M->7M(15M) 0.166ms
[23.775s][info][gc] GC(6503) Pause Young (Allocation Failure) 11M->7M(15M) 0.170ms
[23.776s][info][gc] GC(6504) Pause Young (Allocation Failure) 11M->8M(15M) 0.190ms
[23.777s][info][gc] GC(6505) Pause Young (Allocation Failure) 12M->7M(15M) 0.174ms
[23.777s][info][gc] GC(6506) Pause Young (Allocation Failure) 12M->7M(15M) 0.178ms
[23.778s][info][gc] GC(6507) Pause Young (Allocation Failure) 12M->8M(15M) 0.227ms
[23.779s][info][gc] GC(6508) Pause Young (Allocation Failure) 12M->8M(15M) 0.184ms
[23.780s][info][gc] GC(6509) Pause Young (Allocation Failure) 12M->8M(15M) 0.170ms
[23.781s][info][gc] GC(6510) Pause Young (Allocation Failure) 12M->9M(15M) 0.208ms
[23.781s][info][gc] GC(6511) Pause Young (Allocation Failure) 13M->8M(15M) 0.172ms
[23.782s][info][gc] GC(6512) Pause Young (Allocation Failure) 13M->8M(15M) 0.183ms
[23.783s][info][gc] GC(6513) Pause Young (Allocation Failure) 13M->9M(15M) 0.204ms
[23.784s][info][gc] GC(6514) Pause Young (Allocation Failure) 13M->9M(15M) 0.199ms
[23.785s][info][gc] GC(6515) Pause Young (Allocation Failure) 13M->9M(15M) 0.166ms
[23.785s][info][gc] GC(6516) Pause Young (Allocation Failure) 13M->9M(15M) 0.165ms
[23.786s][info][gc] GC(6517) Pause Young (Allocation Failure) 13M->9M(15M) 0.179ms
[23.787s][info][gc] GC(6518) Pause Young (Allocation Failure) 13M->9M(15M) 0.190ms
[23.788s][info][gc] GC(6519) Pause Young (Allocation Failure) 13M->9M(15M) 0.173ms
[23.789s][info][gc] GC(6520) Pause Young (Allocation Failure) 13M->9M(15M) 0.167ms
[23.789s][info][gc] GC(6521) Pause Young (Allocation Failure) 13M->9M(15M) 0.177ms
[23.790s][info][gc] GC(6522) Pause Young (Allocation Failure) 13M->9M(15M) 0.163ms
[23.791s][info][gc] GC(6523) Pause Young (Allocation Failure) 14M->9M(15M) 0.187ms
[23.792s][info][gc] GC(6524) Pause Young (Allocation Failure) 14M->9M(15M) 0.183ms
[23.792s][info][gc] GC(6525) Pause Young (Allocation Failure) 14M->9M(15M) 0.161ms
[23.793s][info][gc] GC(6526) Pause Young (Allocation Failure) 13M->9M(15M) 0.191ms
[23.794s][info][gc] GC(6527) Pause Young (Allocation Failure) 14M->10M(15M) 0.211ms
[23.795s][info][gc] GC(6528) Pause Young (Allocation Failure) 14M->9M(15M) 0.163ms
[23.796s][info][gc] GC(6529) Pause Young (Allocation Failure) 14M->10M(15M) 0.188ms
[23.796s][info][gc] GC(6530) Pause Young (Allocation Failure) 14M->11M(15M) 0.239ms
[23.797s][info][gc] GC(6531) Pause Young (Allocation Failure) 15M->15M(15M) 0.025ms
[23.802s][info][gc] GC(6532) Pause Full (Allocation Failure) 15M->3M(15M) 4.757ms
[23.803s][info][gc] GC(6533) Pause Young (Allocation Failure) 8M->4M(15M) 0.180ms
[23.803s][info][gc] GC(6534) Pause Young (Allocation Failure) 8M->4M(15M) 0.190ms
[23.804s][info][gc] GC(6535) Pause Young (Allocation Failure) 8M->4M(15M) 0.196ms
[23.805s][info][gc] GC(6536) Pause Young (Allocation Failure) 8M->4M(15M) 0.167ms
[23.806s][info][gc] GC(6537) Pause Young (Allocation Failure) 8M->4M(15M) 0.198ms
[23.807s][info][gc] GC(6538) Pause Young (Allocation Failure) 9M->4M(15M) 0.180ms
[23.807s][info][gc] GC(6539) Pause Young (Allocation Failure) 8M->5M(15M) 0.205ms
[23.808s][info][gc] GC(6540) Pause Young (Allocation Failure) 9M->5M(15M) 0.196ms
[23.809s][info][gc] GC(6541) Pause Young (Allocation Failure) 9M->5M(15M) 0.175ms
[23.810s][info][gc] GC(6542) Pause Young (Allocation Failure) 9M->5M(15M) 0.183ms
[23.811s][info][gc] GC(6543) Pause Young (Allocation Failure) 9M->5M(15M) 0.171ms
[23.811s][info][gc] GC(6544) Pause Young (Allocation Failure) 9M->4M(15M) 0.166ms
[23.812s][info][gc] GC(6545) Pause Young (Allocation Failure) 9M->5M(15M) 0.203ms
[23.813s][info][gc] GC(6546) Pause Young (Allocation Failure) 9M->5M(15M) 0.192ms
[23.814s][info][gc] GC(6547) Pause Young (Allocation Failure) 10M->5M(15M) 0.180ms
[23.815s][info][gc] GC(6548) Pause Young (Allocation Failure) 10M->5M(15M) 0.175ms
[23.815s][info][gc] GC(6549) Pause Young (Allocation Failure) 9M->5M(15M) 0.169ms
[23.816s][info][gc] GC(6550) Pause Young (Allocation Failure) 9M->5M(15M) 0.193ms
[23.817s][info][gc] GC(6551) Pause Young (Allocation Failure) 10M->6M(15M) 0.189ms
[23.818s][info][gc] GC(6552) Pause Young (Allocation Failure) 10M->6M(15M) 0.192ms
[23.819s][info][gc] GC(6553) Pause Young (Allocation Failure) 10M->6M(15M) 0.190ms
[23.820s][info][gc] GC(6554) Pause Young (Allocation Failure) 10M->6M(15M) 0.180ms
[23.820s][info][gc] GC(6555) Pause Young (Allocation Failure) 10M->6M(15M) 0.175ms
[23.821s][info][gc] GC(6556) Pause Young (Allocation Failure) 10M->6M(15M) 0.167ms
[23.822s][info][gc] GC(6557) Pause Young (Allocation Failure) 10M->6M(15M) 0.178ms
[23.823s][info][gc] GC(6558) Pause Young (Allocation Failure) 10M->6M(15M) 0.172ms
[23.823s][info][gc] GC(6559) Pause Young (Allocation Failure) 10M->6M(15M) 0.174ms
[23.824s][info][gc] GC(6560) Pause Young (Allocation Failure) 10M->6M(15M) 0.181ms
[23.825s][info][gc] GC(6561) Pause Young (Allocation Failure) 10M->6M(15M) 0.168ms
[23.826s][info][gc] GC(6562) Pause Young (Allocation Failure) 10M->7M(15M) 0.216ms
[23.827s][info][gc] GC(6563) Pause Young (Allocation Failure) 11M->6M(15M) 0.190ms
[23.827s][info][gc] GC(6564) Pause Young (Allocation Failure) 11M->6M(15M) 0.168ms
[23.828s][info][gc] GC(6565) Pause Young (Allocation Failure) 10M->6M(15M) 0.173ms
[23.829s][info][gc] GC(6566) Pause Young (Allocation Failure) 11M->6M(15M) 0.175ms
[23.830s][info][gc] GC(6567) Pause Young (Allocation Failure) 11M->7M(15M) 0.188ms
[23.831s][info][gc] GC(6568) Pause Young (Allocation Failure) 11M->6M(15M) 0.177ms
[23.831s][info][gc] GC(6569) Pause Young (Allocation Failure) 11M->6M(15M) 0.161ms
[23.832s][info][gc] GC(6570) Pause Young (Allocation Failure) 10M->7M(15M) 0.208ms
[23.833s][info][gc] GC(6571) Pause Young (Allocation Failure) 11M->7M(15M) 0.181ms
[23.834s][info][gc] GC(6572) Pause Young (Allocation Failure) 11M->7M(15M) 0.181ms
[23.834s][info][gc] GC(6573) Pause Young (Allocation Failure) 11M->7M(15M) 0.177ms
[23.835s][info][gc] GC(6574) Pause Young (Allocation Failure) 11M->7M(15M) 0.175ms
[23.836s][info][gc] GC(6575) Pause Young (Allocation Failure) 11M->7M(15M) 0.181ms
[23.837s][info][gc] GC(6576) Pause Young (Allocation Failure) 11M->7M(15M) 0.170ms
[23.838s][info][gc] GC(6577) Pause Young (Allocation Failure) 11M->7M(15M) 0.147ms
[23.838s][info][gc] GC(6578) Pause Young (Allocation Failure) 12M->8M(15M) 0.181ms
[23.839s][info][gc] GC(6579) Pause Young (Allocation Failure) 12M->8M(15M) 0.181ms
[23.840s][info][gc] GC(6580) Pause Young (Allocation Failure) 12M->8M(15M) 0.178ms
[23.841s][info][gc] GC(6581) Pause Young (Allocation Failure) 12M->8M(15M) 0.203ms
[23.842s][info][gc] GC(6582) Pause Young (Allocation Failure) 12M->8M(15M) 0.205ms
[23.843s][info][gc] GC(6583) Pause Young (Allocation Failure) 12M->8M(15M) 0.204ms
[23.843s][info][gc] GC(6584) Pause Young (Allocation Failure) 13M->8M(15M) 0.171ms
[23.844s][info][gc] GC(6585) Pause Young (Allocation Failure) 12M->8M(15M) 0.164ms
[23.845s][info][gc] GC(6586) Pause Young (Allocation Failure) 13M->8M(15M) 0.174ms
[23.846s][info][gc] GC(6587) Pause Young (Allocation Failure) 13M->9M(15M) 0.197ms
[23.847s][info][gc] GC(6588) Pause Young (Allocation Failure) 13M->9M(15M) 0.195ms
[23.847s][info][gc] GC(6589) Pause Young (Allocation Failure) 13M->9M(15M) 0.190ms
[23.848s][info][gc] GC(6590) Pause Young (Allocation Failure) 13M->9M(15M) 0.185ms
[23.849s][info][gc] GC(6591) Pause Young (Allocation Failure) 13M->9M(15M) 0.176ms
[23.850s][info][gc] GC(6592) Pause Young (Allocation Failure) 13M->9M(15M) 0.217ms
[23.851s][info][gc] GC(6593) Pause Young (Allocation Failure) 14M->10M(15M) 0.197ms
[23.851s][info][gc] GC(6594) Pause Young (Allocation Failure) 14M->10M(15M) 0.166ms
[23.852s][info][gc] GC(6595) Pause Young (Allocation Failure) 14M->10M(15M) 0.170ms
[23.853s][info][gc] GC(6596) Pause Young (Allocation Failure) 14M->10M(15M) 0.183ms
[23.854s][info][gc] GC(6597) Pause Young (Allocation Failure) 14M->10M(15M) 0.188ms
[23.855s][info][gc] GC(6598) Pause Young (Allocation Failure) 14M->10M(15M) 0.185ms
[23.855s][info][gc] GC(6599) Pause Young (Allocation Failure) 14M->10M(15M) 0.167ms
[23.856s][info][gc] GC(6600) Pause Young (Allocation Failure) 14M->10M(15M) 0.172ms
[23.857s][info][gc] GC(6601) Pause Young (Allocation Failure) 14M->10M(15M) 0.177ms
[23.858s][info][gc] GC(6602) Pause Young (Allocation Failure) 14M->10M(15M) 0.170ms
[23.858s][info][gc] GC(6603) Pause Young (Allocation Failure) 14M->10M(15M) 0.172ms
[23.859s][info][gc] GC(6604) Pause Young (Allocation Failure) 14M->10M(15M) 0.165ms
[23.860s][info][gc] GC(6605) Pause Young (Allocation Failure) 14M->10M(15M) 0.167ms
[23.861s][info][gc] GC(6606) Pause Young (Allocation Failure) 14M->10M(15M) 0.168ms
[23.862s][info][gc] GC(6607) Pause Young (Allocation Failure) 14M->10M(15M) 0.179ms
[23.862s][info][gc] GC(6608) Pause Young (Allocation Failure) 14M->10M(15M) 0.200ms
[23.863s][info][gc] GC(6609) Pause Young (Allocation Failure) 14M->10M(15M) 0.174ms
[23.864s][info][gc] GC(6610) Pause Young (Allocation Failure) 14M->10M(15M) 0.164ms
[23.865s][info][gc] GC(6611) Pause Young (Allocation Failure) 14M->10M(15M) 0.192ms
[23.866s][info][gc] GC(6612) Pause Young (Allocation Failure) 15M->10M(15M) 0.191ms
[23.866s][info][gc] GC(6613) Pause Young (Allocation Failure) 15M->15M(15M) 0.025ms
[23.871s][info][gc] GC(6614) Pause Full (Allocation Failure) 15M->4M(15M) 4.880ms
[23.872s][info][gc] GC(6615) Pause Young (Allocation Failure) 8M->4M(15M) 0.185ms
[23.873s][info][gc] GC(6616) Pause Young (Allocation Failure) 9M->4M(15M) 0.176ms
[23.874s][info][gc] GC(6617) Pause Young (Allocation Failure) 8M->5M(15M) 0.206ms
[23.875s][info][gc] GC(6618) Pause Young (Allocation Failure) 9M->4M(15M) 0.168ms
[23.876s][info][gc] GC(6619) Pause Young (Allocation Failure) 9M->4M(15M) 0.168ms
[23.876s][info][gc] GC(6620) Pause Young (Allocation Failure) 9M->4M(15M) 0.172ms
[23.877s][info][gc] GC(6621) Pause Young (Allocation Failure) 9M->4M(15M) 0.166ms
[23.878s][info][gc] GC(6622) Pause Young (Allocation Failure) 9M->5M(15M) 0.181ms
[23.879s][info][gc] GC(6623) Pause Young (Allocation Failure) 9M->5M(15M) 0.148ms
[23.879s][info][gc] GC(6624) Pause Young (Allocation Failure) 9M->5M(15M) 0.203ms
[23.880s][info][gc] GC(6625) Pause Young (Allocation Failure) 9M->5M(15M) 0.202ms
[23.881s][info][gc] GC(6626) Pause Young (Allocation Failure) 9M->5M(15M) 0.193ms
[23.882s][info][gc] GC(6627) Pause Young (Allocation Failure) 10M->5M(15M) 0.170ms
[23.883s][info][gc] GC(6628) Pause Young (Allocation Failure) 9M->5M(15M) 0.170ms
[23.883s][info][gc] GC(6629) Pause Young (Allocation Failure) 9M->5M(15M) 0.163ms
[23.884s][info][gc] GC(6630) Pause Young (Allocation Failure) 9M->5M(15M) 0.178ms
[23.885s][info][gc] GC(6631) Pause Young (Allocation Failure) 10M->5M(15M) 0.186ms
[23.886s][info][gc] GC(6632) Pause Young (Allocation Failure) 10M->6M(15M) 0.198ms
[23.886s][info][gc] GC(6633) Pause Young (Allocation Failure) 10M->5M(15M) 0.181ms
[23.887s][info][gc] GC(6634) Pause Young (Allocation Failure) 10M->6M(15M) 0.203ms
[23.888s][info][gc] GC(6635) Pause Young (Allocation Failure) 10M->6M(15M) 0.184ms
[23.889s][info][gc] GC(6636) Pause Young (Allocation Failure) 10M->6M(15M) 0.171ms
[23.889s][info][gc] GC(6637) Pause Young (Allocation Failure) 10M->6M(15M) 0.174ms
[23.890s][info][gc] GC(6638) Pause Young (Allocation Failure) 10M->6M(15M) 0.151ms
[23.891s][info][gc] GC(6639) Pause Young (Allocation Failure) 10M->6M(15M) 0.146ms
[23.892s][info][gc] GC(6640) Pause Young (Allocation Failure) 10M->6M(15M) 0.168ms
[23.892s][info][gc] GC(6641) Pause Young (Allocation Failure) 10M->6M(15M) 0.125ms
[23.893s][info][gc] GC(6642) Pause Young (Allocation Failure) 10M->6M(15M) 0.157ms
[23.894s][info][gc] GC(6643) Pause Young (Allocation Failure) 10M->6M(15M) 0.146ms
[23.895s][info][gc] GC(6644) Pause Young (Allocation Failure) 10M->6M(15M) 0.144ms
[23.895s][info][gc] GC(6645) Pause Young (Allocation Failure) 10M->6M(15M) 0.156ms
[23.896s][info][gc] GC(6646) Pause Young (Allocation Failure) 10M->6M(15M) 0.156ms
[23.897s][info][gc] GC(6647) Pause Young (Allocation Failure) 10M->6M(15M) 0.149ms
[23.898s][info][gc] GC(6648) Pause Young (Allocation Failure) 10M->6M(15M) 0.169ms
[23.899s][info][gc] GC(6649) Pause Young (Allocation Failure) 11M->6M(15M) 0.154ms
[23.900s][info][gc] GC(6650) Pause Young (Allocation Failure) 11M->6M(15M) 0.153ms
[23.900s][info][gc] GC(6651) Pause Young (Allocation Failure) 10M->7M(15M) 0.193ms
[23.901s][info][gc] GC(6652) Pause Young (Allocation Failure) 11M->6M(15M) 0.151ms
[23.902s][info][gc] GC(6653) Pause Young (Allocation Failure) 11M->7M(15M) 0.162ms
[23.903s][info][gc] GC(6654) Pause Young (Allocation Failure) 11M->7M(15M) 0.149ms
[23.903s][info][gc] GC(6655) Pause Young (Allocation Failure) 11M->7M(15M) 0.160ms
[23.904s][info][gc] GC(6656) Pause Young (Allocation Failure) 11M->7M(15M) 0.156ms
[23.905s][info][gc] GC(6657) Pause Young (Allocation Failure) 11M->7M(15M) 0.168ms
[23.906s][info][gc] GC(6658) Pause Young (Allocation Failure) 11M->7M(15M) 0.122ms
[23.907s][info][gc] GC(6659) Pause Young (Allocation Failure) 11M->7M(15M) 0.151ms
[23.908s][info][gc] GC(6660) Pause Young (Allocation Failure) 11M->7M(15M) 0.148ms
[23.908s][info][gc] GC(6661) Pause Young (Allocation Failure) 11M->7M(15M) 0.167ms
[23.909s][info][gc] GC(6662) Pause Young (Allocation Failure) 11M->7M(15M) 0.173ms
[23.910s][info][gc] GC(6663) Pause Young (Allocation Failure) 12M->7M(15M) 0.155ms
[23.911s][info][gc] GC(6664) Pause Young (Allocation Failure) 12M->7M(15M) 0.155ms
[23.911s][info][gc] GC(6665) Pause Young (Allocation Failure) 12M->7M(15M) 0.164ms
[23.912s][info][gc] GC(6666) Pause Young (Allocation Failure) 12M->7M(15M) 0.152ms
[23.913s][info][gc] GC(6667) Pause Young (Allocation Failure) 12M->7M(15M) 0.145ms
[23.914s][info][gc] GC(6668) Pause Young (Allocation Failure) 11M->7M(15M) 0.158ms
[23.914s][info][gc] GC(6669) Pause Young (Allocation Failure) 12M->7M(15M) 0.173ms
[23.915s][info][gc] GC(6670) Pause Young (Allocation Failure) 12M->7M(15M) 0.179ms
[23.916s][info][gc] GC(6671) Pause Young (Allocation Failure) 11M->7M(15M) 0.177ms
[23.917s][info][gc] GC(6672) Pause Young (Allocation Failure) 12M->8M(15M) 0.196ms
[23.918s][info][gc] GC(6673) Pause Young (Allocation Failure) 12M->8M(15M) 0.170ms
[23.919s][info][gc] GC(6674) Pause Young (Allocation Failure) 12M->7M(15M) 0.160ms
[23.920s][info][gc] GC(6675) Pause Young (Allocation Failure) 12M->7M(15M) 0.166ms
[23.921s][info][gc] GC(6676) Pause Young (Allocation Failure) 12M->7M(15M) 0.160ms
[23.921s][info][gc] GC(6677) Pause Young (Allocation Failure) 12M->8M(15M) 0.173ms
[23.922s][info][gc] GC(6678) Pause Young (Allocation Failure) 12M->8M(15M) 0.145ms
[23.923s][info][gc] GC(6679) Pause Young (Allocation Failure) 12M->8M(15M) 0.194ms
[23.924s][info][gc] GC(6680) Pause Young (Allocation Failure) 12M->8M(15M) 0.172ms
[23.925s][info][gc] GC(6681) Pause Young (Allocation Failure) 12M->8M(15M) 0.179ms
[23.926s][info][gc] GC(6682) Pause Young (Allocation Failure) 13M->8M(15M) 0.170ms
[23.926s][info][gc] GC(6683) Pause Young (Allocation Failure) 12M->8M(15M) 0.177ms
[23.927s][info][gc] GC(6684) Pause Young (Allocation Failure) 12M->8M(15M) 0.185ms
[23.928s][info][gc] GC(6685) Pause Young (Allocation Failure) 13M->9M(15M) 0.195ms
[23.929s][info][gc] GC(6686) Pause Young (Allocation Failure) 13M->8M(15M) 0.174ms
[23.929s][info][gc] GC(6687) Pause Young (Allocation Failure) 13M->9M(15M) 0.203ms
[23.930s][info][gc] GC(6688) Pause Young (Allocation Failure) 13M->9M(15M) 0.200ms
[23.931s][info][gc] GC(6689) Pause Young (Allocation Failure) 13M->9M(15M) 0.148ms
[23.932s][info][gc] GC(6690) Pause Young (Allocation Failure) 13M->9M(15M) 0.159ms
[23.933s][info][gc] GC(6691) Pause Young (Allocation Failure) 13M->9M(15M) 0.159ms
[23.934s][info][gc] GC(6692) Pause Young (Allocation Failure) 13M->9M(15M) 0.162ms
[23.935s][info][gc] GC(6693) Pause Young (Allocation Failure) 13M->9M(15M) 0.175ms
[23.935s][info][gc] GC(6694) Pause Young (Allocation Failure) 13M->9M(15M) 0.176ms
[23.936s][info][gc] GC(6695) Pause Young (Allocation Failure) 13M->9M(15M) 0.182ms
[23.937s][info][gc] GC(6696) Pause Young (Allocation Failure) 13M->9M(15M) 0.176ms
[23.938s][info][gc] GC(6697) Pause Young (Allocation Failure) 13M->9M(15M) 0.192ms
[23.939s][info][gc] GC(6698) Pause Young (Allocation Failure) 14M->9M(15M) 0.166ms
[23.940s][info][gc] GC(6699) Pause Young (Allocation Failure) 13M->9M(15M) 0.159ms
[23.940s][info][gc] GC(6700) Pause Young (Allocation Failure) 13M->9M(15M) 0.175ms
[23.941s][info][gc] GC(6701) Pause Young (Allocation Failure) 14M->9M(15M) 0.180ms
[23.942s][info][gc] GC(6702) Pause Young (Allocation Failure) 14M->9M(15M) 0.184ms
[23.943s][info][gc] GC(6703) Pause Young (Allocation Failure) 14M->9M(15M) 0.170ms
[23.944s][info][gc] GC(6704) Pause Young (Allocation Failure) 13M->9M(15M) 0.165ms
[23.945s][info][gc] GC(6705) Pause Young (Allocation Failure) 13M->9M(15M) 0.177ms
[23.946s][info][gc] GC(6706) Pause Young (Allocation Failure) 14M->9M(15M) 0.186ms
[23.946s][info][gc] GC(6707) Pause Young (Allocation Failure) 14M->9M(15M) 0.169ms
[23.947s][info][gc] GC(6708) Pause Young (Allocation Failure) 14M->9M(15M) 0.170ms
[23.948s][info][gc] GC(6709) Pause Young (Allocation Failure) 13M->9M(15M) 0.162ms
[23.949s][info][gc] GC(6710) Pause Young (Allocation Failure) 13M->10M(15M) 0.191ms
[23.950s][info][gc] GC(6711) Pause Young (Allocation Failure) 14M->10M(15M) 0.176ms
[23.951s][info][gc] GC(6712) Pause Young (Allocation Failure) 14M->10M(15M) 0.196ms
[23.951s][info][gc] GC(6713) Pause Young (Allocation Failure) 14M->10M(15M) 0.200ms
[23.952s][info][gc] GC(6714) Pause Young (Allocation Failure) 15M->10M(15M) 0.182ms
[23.953s][info][gc] GC(6715) Pause Young (Allocation Failure) 14M->10M(15M) 0.197ms
[23.954s][info][gc] GC(6716) Pause Young (Allocation Failure) 15M->15M(15M) 0.025ms
[23.959s][info][gc] GC(6717) Pause Full (Allocation Failure) 15M->4M(15M) 4.897ms
[23.959s][info][gc] GC(6718) Pause Young (Allocation Failure) 8M->4M(15M) 0.175ms
[23.960s][info][gc] GC(6719) Pause Young (Allocation Failure) 9M->5M(15M) 0.195ms
[23.961s][info][gc] GC(6720) Pause Young (Allocation Failure) 9M->5M(15M) 0.163ms
[23.962s][info][gc] GC(6721) Pause Young (Allocation Failure) 9M->5M(15M) 0.180ms
[23.963s][info][gc] GC(6722) Pause Young (Allocation Failure) 9M->5M(15M) 0.170ms
[23.963s][info][gc] GC(6723) Pause Young (Allocation Failure) 9M->5M(15M) 0.170ms
[23.964s][info][gc] GC(6724) Pause Young (Allocation Failure) 9M->5M(15M) 0.181ms
[23.965s][info][gc] GC(6725) Pause Young (Allocation Failure) 9M->5M(15M) 0.155ms
[23.966s][info][gc] GC(6726) Pause Young (Allocation Failure) 9M->5M(15M) 0.169ms
[23.967s][info][gc] GC(6727) Pause Young (Allocation Failure) 10M->5M(15M) 0.168ms
[23.968s][info][gc] GC(6728) Pause Young (Allocation Failure) 9M->6M(15M) 0.207ms
[23.969s][info][gc] GC(6729) Pause Young (Allocation Failure) 10M->6M(15M) 0.208ms
[23.969s][info][gc] GC(6730) Pause Young (Allocation Failure) 10M->6M(15M) 0.192ms
[23.970s][info][gc] GC(6731) Pause Young (Allocation Failure) 10M->6M(15M) 0.193ms
[23.971s][info][gc] GC(6732) Pause Young (Allocation Failure) 11M->6M(15M) 0.178ms
[23.972s][info][gc] GC(6733) Pause Young (Allocation Failure) 10M->6M(15M) 0.181ms
[23.973s][info][gc] GC(6734) Pause Young (Allocation Failure) 10M->6M(15M) 0.179ms
[23.974s][info][gc] GC(6735) Pause Young (Allocation Failure) 10M->6M(15M) 0.176ms
[23.975s][info][gc] GC(6736) Pause Young (Allocation Failure) 10M->6M(15M) 0.172ms
[23.975s][info][gc] GC(6737) Pause Young (Allocation Failure) 10M->6M(15M) 0.189ms
[23.976s][info][gc] GC(6738) Pause Young (Allocation Failure) 11M->6M(15M) 0.180ms
[23.977s][info][gc] GC(6739) Pause Young (Allocation Failure) 11M->6M(15M) 0.186ms
[23.978s][info][gc] GC(6740) Pause Young (Allocation Failure) 11M->7M(15M) 0.136ms
[23.979s][info][gc] GC(6741) Pause Young (Allocation Failure) 11M->6M(15M) 0.171ms
[23.979s][info][gc] GC(6742) Pause Young (Allocation Failure) 11M->6M(15M) 0.168ms
[23.980s][info][gc] GC(6743) Pause Young (Allocation Failure) 11M->7M(15M) 0.203ms
[23.981s][info][gc] GC(6744) Pause Young (Allocation Failure) 11M->7M(15M) 0.176ms
[23.982s][info][gc] GC(6745) Pause Young (Allocation Failure) 11M->7M(15M) 0.177ms
[23.983s][info][gc] GC(6746) Pause Young (Allocation Failure) 11M->7M(15M) 0.180ms
[23.984s][info][gc] GC(6747) Pause Young (Allocation Failure) 11M->7M(15M) 0.162ms
[23.984s][info][gc] GC(6748) Pause Young (Allocation Failure) 11M->7M(15M) 0.179ms
[23.985s][info][gc] GC(6749) Pause Young (Allocation Failure) 11M->7M(15M) 0.191ms
[23.986s][info][gc] GC(6750) Pause Young (Allocation Failure) 11M->7M(15M) 0.165ms
[23.987s][info][gc] GC(6751) Pause Young (Allocation Failure) 11M->7M(15M) 0.170ms
[23.988s][info][gc] GC(6752) Pause Young (Allocation Failure) 11M->7M(15M) 0.205ms
[23.988s][info][gc] GC(6753) Pause Young (Allocation Failure) 12M->7M(15M) 0.174ms
[23.989s][info][gc] GC(6754) Pause Young (Allocation Failure) 12M->7M(15M) 0.179ms
[23.990s][info][gc] GC(6755) Pause Young (Allocation Failure) 12M->8M(15M) 0.184ms
[23.991s][info][gc] GC(6756) Pause Young (Allocation Failure) 12M->7M(15M) 0.169ms
[23.992s][info][gc] GC(6757) Pause Young (Allocation Failure) 12M->8M(15M) 0.210ms
[23.992s][info][gc] GC(6758) Pause Young (Allocation Failure) 12M->8M(15M) 0.174ms
[23.993s][info][gc] GC(6759) Pause Young (Allocation Failure) 12M->8M(15M) 0.192ms
[23.994s][info][gc] GC(6760) Pause Young (Allocation Failure) 13M->8M(15M) 0.174ms
[23.995s][info][gc] GC(6761) Pause Young (Allocation Failure) 12M->8M(15M) 0.179ms
[23.996s][info][gc] GC(6762) Pause Young (Allocation Failure) 12M->8M(15M) 0.164ms
[23.996s][info][gc] GC(6763) Pause Young (Allocation Failure) 12M->8M(15M) 0.181ms
[23.997s][info][gc] GC(6764) Pause Young (Allocation Failure) 13M->8M(15M) 0.177ms
[23.998s][info][gc] GC(6765) Pause Young (Allocation Failure) 12M->8M(15M) 0.200ms
[23.999s][info][gc] GC(6766) Pause Young (Allocation Failure) 13M->9M(15M) 0.204ms
[24.000s][info][gc] GC(6767) Pause Young (Allocation Failure) 13M->9M(15M) 0.178ms
[24.001s][info][gc] GC(6768) Pause Young (Allocation Failure) 13M->9M(15M) 0.183ms
[24.001s][info][gc] GC(6769) Pause Young (Allocation Failure) 13M->10M(15M) 0.222ms
[24.002s][info][gc] GC(6770) Pause Young (Allocation Failure) 14M->10M(15M) 0.179ms
[24.003s][info][gc] GC(6771) Pause Young (Allocation Failure) 14M->10M(15M) 0.170ms
[24.004s][info][gc] GC(6772) Pause Young (Allocation Failure) 14M->10M(15M) 0.166ms
[24.005s][info][gc] GC(6773) Pause Young (Allocation Failure) 14M->10M(15M) 0.207ms
[24.006s][info][gc] GC(6774) Pause Young (Allocation Failure) 14M->14M(15M) 0.025ms
[24.010s][info][gc] GC(6775) Pause Full (Allocation Failure) 14M->4M(15M) 4.727ms
[24.011s][info][gc] GC(6776) Pause Young (Allocation Failure) 8M->4M(15M) 0.210ms
[24.012s][info][gc] GC(6777) Pause Young (Allocation Failure) 9M->5M(15M) 0.211ms
[24.013s][info][gc] GC(6778) Pause Young (Allocation Failure) 9M->4M(15M) 0.169ms
[24.014s][info][gc] GC(6779) Pause Young (Allocation Failure) 9M->5M(15M) 0.199ms
[24.014s][info][gc] GC(6780) Pause Young (Allocation Failure) 9M->5M(15M) 0.177ms
[24.015s][info][gc] GC(6781) Pause Young (Allocation Failure) 9M->5M(15M) 0.189ms
[24.016s][info][gc] GC(6782) Pause Young (Allocation Failure) 10M->5M(15M) 0.183ms
[24.017s][info][gc] GC(6783) Pause Young (Allocation Failure) 10M->5M(15M) 0.185ms
[24.018s][info][gc] GC(6784) Pause Young (Allocation Failure) 10M->6M(15M) 0.156ms
[24.019s][info][gc] GC(6785) Pause Young (Allocation Failure) 10M->5M(15M) 0.169ms
[24.019s][info][gc] GC(6786) Pause Young (Allocation Failure) 10M->6M(15M) 0.180ms
[24.020s][info][gc] GC(6787) Pause Young (Allocation Failure) 10M->6M(15M) 0.186ms
[24.021s][info][gc] GC(6788) Pause Young (Allocation Failure) 10M->5M(15M) 0.171ms
[24.022s][info][gc] GC(6789) Pause Young (Allocation Failure) 10M->6M(15M) 0.173ms
[24.023s][info][gc] GC(6790) Pause Young (Allocation Failure) 10M->5M(15M) 0.170ms
[24.024s][info][gc] GC(6791) Pause Young (Allocation Failure) 10M->6M(15M) 0.199ms
[24.025s][info][gc] GC(6792) Pause Young (Allocation Failure) 10M->6M(15M) 0.160ms
[24.025s][info][gc] GC(6793) Pause Young (Allocation Failure) 10M->6M(15M) 0.162ms
[24.026s][info][gc] GC(6794) Pause Young (Allocation Failure) 10M->6M(15M) 0.194ms
[24.027s][info][gc] GC(6795) Pause Young (Allocation Failure) 10M->6M(15M) 0.167ms
[24.028s][info][gc] GC(6796) Pause Young (Allocation Failure) 10M->6M(15M) 0.153ms
[24.029s][info][gc] GC(6797) Pause Young (Allocation Failure) 10M->6M(15M) 0.178ms
[24.030s][info][gc] GC(6798) Pause Young (Allocation Failure) 10M->6M(15M) 0.162ms
[24.030s][info][gc] GC(6799) Pause Young (Allocation Failure) 10M->6M(15M) 0.164ms
[24.031s][info][gc] GC(6800) Pause Young (Allocation Failure) 11M->6M(15M) 0.170ms
[24.032s][info][gc] GC(6801) Pause Young (Allocation Failure) 10M->6M(15M) 0.180ms
[24.033s][info][gc] GC(6802) Pause Young (Allocation Failure) 10M->6M(15M) 0.181ms
[24.034s][info][gc] GC(6803) Pause Young (Allocation Failure) 11M->6M(15M) 0.171ms
[24.035s][info][gc] GC(6804) Pause Young (Allocation Failure) 10M->7M(15M) 0.142ms
[24.036s][info][gc] GC(6805) Pause Young (Allocation Failure) 11M->6M(15M) 0.161ms
[24.037s][info][gc] GC(6806) Pause Young (Allocation Failure) 10M->7M(15M) 0.305ms
[24.037s][info][gc] GC(6807) Pause Young (Allocation Failure) 11M->7M(15M) 0.285ms
[24.038s][info][gc] GC(6808) Pause Young (Allocation Failure) 11M->7M(15M) 0.167ms
[24.039s][info][gc] GC(6809) Pause Young (Allocation Failure) 11M->7M(15M) 0.180ms
[24.040s][info][gc] GC(6810) Pause Young (Allocation Failure) 11M->7M(15M) 0.199ms
[24.041s][info][gc] GC(6811) Pause Young (Allocation Failure) 12M->7M(15M) 0.162ms
[24.042s][info][gc] GC(6812) Pause Young (Allocation Failure) 11M->7M(15M) 0.166ms
[24.042s][info][gc] GC(6813) Pause Young (Allocation Failure) 11M->7M(15M) 0.180ms
[24.043s][info][gc] GC(6814) Pause Young (Allocation Failure) 12M->7M(15M) 0.196ms
[24.044s][info][gc] GC(6815) Pause Young (Allocation Failure) 12M->7M(15M) 0.166ms
[24.045s][info][gc] GC(6816) Pause Young (Allocation Failure) 11M->8M(15M) 0.219ms
[24.046s][info][gc] GC(6817) Pause Young (Allocation Failure) 12M->8M(15M) 0.183ms
[24.046s][info][gc] GC(6818) Pause Young (Allocation Failure) 12M->8M(15M) 0.164ms
[24.047s][info][gc] GC(6819) Pause Young (Allocation Failure) 12M->8M(15M) 0.174ms
[24.048s][info][gc] GC(6820) Pause Young (Allocation Failure) 12M->8M(15M) 0.178ms
[24.049s][info][gc] GC(6821) Pause Young (Allocation Failure) 12M->9M(15M) 0.215ms
[24.050s][info][gc] GC(6822) Pause Young (Allocation Failure) 13M->9M(15M) 0.207ms
[24.050s][info][gc] GC(6823) Pause Young (Allocation Failure) 13M->10M(15M) 0.171ms
[24.051s][info][gc] GC(6824) Pause Young (Allocation Failure) 14M->10M(15M) 0.181ms
[24.052s][info][gc] GC(6825) Pause Young (Allocation Failure) 14M->10M(15M) 0.205ms
[24.053s][info][gc] GC(6826) Pause Young (Allocation Failure) 14M->14M(15M) 0.025ms
[24.058s][info][gc] GC(6827) Pause Full (Allocation Failure) 14M->4M(15M) 4.835ms
[24.059s][info][gc] GC(6828) Pause Young (Allocation Failure) 8M->5M(15M) 0.205ms
[24.059s][info][gc] GC(6829) Pause Young (Allocation Failure) 9M->4M(15M) 0.174ms
[24.060s][info][gc] GC(6830) Pause Young (Allocation Failure) 9M->5M(15M) 0.184ms
[24.061s][info][gc] GC(6831) Pause Young (Allocation Failure) 9M->4M(15M) 0.166ms
[24.062s][info][gc] GC(6832) Pause Young (Allocation Failure) 9M->4M(15M) 0.166ms
[24.063s][info][gc] GC(6833) Pause Young (Allocation Failure) 8M->5M(15M) 0.159ms
[24.064s][info][gc] GC(6834) Pause Young (Allocation Failure) 9M->5M(15M) 0.205ms
[24.064s][info][gc] GC(6835) Pause Young (Allocation Failure) 9M->5M(15M) 0.184ms
[24.065s][info][gc] GC(6836) Pause Young (Allocation Failure) 9M->5M(15M) 0.169ms
[24.066s][info][gc] GC(6837) Pause Young (Allocation Failure) 9M->5M(15M) 0.160ms
[24.067s][info][gc] GC(6838) Pause Young (Allocation Failure) 9M->5M(15M) 0.159ms
[24.068s][info][gc] GC(6839) Pause Young (Allocation Failure) 9M->5M(15M) 0.170ms
[24.068s][info][gc] GC(6840) Pause Young (Allocation Failure) 9M->5M(15M) 0.159ms
[24.069s][info][gc] GC(6841) Pause Young (Allocation Failure) 9M->5M(15M) 0.155ms
[24.070s][info][gc] GC(6842) Pause Young (Allocation Failure) 9M->5M(15M) 0.186ms
[24.071s][info][gc] GC(6843) Pause Young (Allocation Failure) 9M->5M(15M) 0.193ms
[24.072s][info][gc] GC(6844) Pause Young (Allocation Failure) 10M->5M(15M) 0.179ms
[24.073s][info][gc] GC(6845) Pause Young (Allocation Failure) 10M->6M(15M) 0.163ms
[24.073s][info][gc] GC(6846) Pause Young (Allocation Failure) 10M->5M(15M) 0.163ms
[24.074s][info][gc] GC(6847) Pause Young (Allocation Failure) 10M->5M(15M) 0.171ms
[24.075s][info][gc] GC(6848) Pause Young (Allocation Failure) 10M->6M(15M) 0.189ms
[24.076s][info][gc] GC(6849) Pause Young (Allocation Failure) 10M->5M(15M) 0.166ms
[24.077s][info][gc] GC(6850) Pause Young (Allocation Failure) 10M->5M(15M) 0.169ms
[24.078s][info][gc] GC(6851) Pause Young (Allocation Failure) 10M->5M(15M) 0.163ms
[24.078s][info][gc] GC(6852) Pause Young (Allocation Failure) 10M->6M(15M) 0.191ms
[24.079s][info][gc] GC(6853) Pause Young (Allocation Failure) 10M->6M(15M) 0.187ms
[24.080s][info][gc] GC(6854) Pause Young (Allocation Failure) 10M->5M(15M) 0.168ms
[24.081s][info][gc] GC(6855) Pause Young (Allocation Failure) 10M->6M(15M) 0.202ms
[24.082s][info][gc] GC(6856) Pause Young (Allocation Failure) 11M->6M(15M) 0.162ms
[24.082s][info][gc] GC(6857) Pause Young (Allocation Failure) 10M->6M(15M) 0.185ms
[24.083s][info][gc] GC(6858) Pause Young (Allocation Failure) 11M->7M(15M) 0.183ms
[24.084s][info][gc] GC(6859) Pause Young (Allocation Failure) 11M->7M(15M) 0.151ms
[24.085s][info][gc] GC(6860) Pause Young (Allocation Failure) 11M->6M(15M) 0.155ms
[24.086s][info][gc] GC(6861) Pause Young (Allocation Failure) 10M->7M(15M) 0.178ms
[24.086s][info][gc] GC(6862) Pause Young (Allocation Failure) 11M->7M(15M) 0.145ms
[24.087s][info][gc] GC(6863) Pause Young (Allocation Failure) 11M->7M(15M) 0.189ms
[24.088s][info][gc] GC(6864) Pause Young (Allocation Failure) 12M->7M(15M) 0.164ms
[24.089s][info][gc] GC(6865) Pause Young (Allocation Failure) 11M->7M(15M) 0.166ms
[24.090s][info][gc] GC(6866) Pause Young (Allocation Failure) 11M->7M(15M) 0.160ms
[24.090s][info][gc] GC(6867) Pause Young (Allocation Failure) 11M->7M(15M) 0.168ms
[24.091s][info][gc] GC(6868) Pause Young (Allocation Failure) 11M->7M(15M) 0.172ms
[24.092s][info][gc] GC(6869) Pause Young (Allocation Failure) 11M->7M(15M) 0.189ms
[24.093s][info][gc] GC(6870) Pause Young (Allocation Failure) 12M->7M(15M) 0.158ms
[24.094s][info][gc] GC(6871) Pause Young (Allocation Failure) 11M->7M(15M) 0.182ms
[24.095s][info][gc] GC(6872) Pause Young (Allocation Failure) 12M->7M(15M) 0.158ms
[24.096s][info][gc] GC(6873) Pause Young (Allocation Failure) 11M->7M(15M) 0.168ms
[24.096s][info][gc] GC(6874) Pause Young (Allocation Failure) 12M->7M(15M) 0.158ms
[24.097s][info][gc] GC(6875) Pause Young (Allocation Failure) 12M->7M(15M) 0.173ms
[24.098s][info][gc] GC(6876) Pause Young (Allocation Failure) 12M->8M(15M) 0.189ms
[24.099s][info][gc] GC(6877) Pause Young (Allocation Failure) 12M->7M(15M) 0.162ms
[24.099s][info][gc] GC(6878) Pause Young (Allocation Failure) 12M->8M(15M) 0.181ms
[24.100s][info][gc] GC(6879) Pause Young (Allocation Failure) 12M->8M(15M) 0.192ms
[24.101s][info][gc] GC(6880) Pause Young (Allocation Failure) 12M->8M(15M) 0.185ms
[24.102s][info][gc] GC(6881) Pause Young (Allocation Failure) 12M->8M(15M) 0.197ms
[24.103s][info][gc] GC(6882) Pause Young (Allocation Failure) 13M->8M(15M) 0.191ms
[24.104s][info][gc] GC(6883) Pause Young (Allocation Failure) 13M->8M(15M) 0.170ms
[24.104s][info][gc] GC(6884) Pause Young (Allocation Failure) 13M->8M(15M) 0.159ms
[24.105s][info][gc] GC(6885) Pause Young (Allocation Failure) 12M->8M(15M) 0.167ms
[24.106s][info][gc] GC(6886) Pause Young (Allocation Failure) 13M->9M(15M) 0.207ms
[24.107s][info][gc] GC(6887) Pause Young (Allocation Failure) 13M->9M(15M) 0.177ms
[24.108s][info][gc] GC(6888) Pause Young (Allocation Failure) 13M->9M(15M) 0.182ms
[24.109s][info][gc] GC(6889) Pause Young (Allocation Failure) 13M->9M(15M) 0.172ms
[24.109s][info][gc] GC(6890) Pause Young (Allocation Failure) 13M->9M(15M) 0.163ms
[24.110s][info][gc] GC(6891) Pause Young (Allocation Failure) 13M->9M(15M) 0.166ms
[24.111s][info][gc] GC(6892) Pause Young (Allocation Failure) 13M->9M(15M) 0.201ms
[24.112s][info][gc] GC(6893) Pause Young (Allocation Failure) 14M->9M(15M) 0.183ms
[24.113s][info][gc] GC(6894) Pause Young (Allocation Failure) 14M->9M(15M) 0.188ms
[24.114s][info][gc] GC(6895) Pause Young (Allocation Failure) 14M->10M(15M) 0.180ms
[24.114s][info][gc] GC(6896) Pause Young (Allocation Failure) 14M->10M(15M) 0.199ms
[24.115s][info][gc] GC(6897) Pause Young (Allocation Failure) 14M->10M(15M) 0.171ms
[24.116s][info][gc] GC(6898) Pause Young (Allocation Failure) 14M->10M(15M) 0.190ms
[24.117s][info][gc] GC(6899) Pause Young (Allocation Failure) 14M->10M(15M) 0.168ms
[24.118s][info][gc] GC(6900) Pause Young (Allocation Failure) 14M->10M(15M) 0.179ms
[24.119s][info][gc] GC(6901) Pause Young (Allocation Failure) 14M->10M(15M) 0.181ms
[24.120s][info][gc] GC(6902) Pause Young (Allocation Failure) 14M->10M(15M) 0.183ms
[24.120s][info][gc] GC(6903) Pause Young (Allocation Failure) 15M->10M(15M) 0.173ms
[24.121s][info][gc] GC(6904) Pause Young (Allocation Failure) 14M->10M(15M) 0.174ms
[24.122s][info][gc] GC(6905) Pause Young (Allocation Failure) 14M->10M(15M) 0.147ms
[24.123s][info][gc] GC(6906) Pause Young (Allocation Failure) 15M->11M(15M) 0.182ms
[24.124s][info][gc] GC(6907) Pause Young (Allocation Failure) 15M->15M(15M) 0.025ms
[24.129s][info][gc] GC(6908) Pause Full (Allocation Failure) 15M->4M(15M) 4.834ms
[24.129s][info][gc] GC(6909) Pause Young (Allocation Failure) 8M->5M(15M) 0.230ms
[24.130s][info][gc] GC(6910) Pause Young (Allocation Failure) 10M->5M(15M) 0.186ms
[24.131s][info][gc] GC(6911) Pause Young (Allocation Failure) 9M->5M(15M) 0.170ms
[24.132s][info][gc] GC(6912) Pause Young (Allocation Failure) 9M->5M(15M) 0.172ms
[24.133s][info][gc] GC(6913) Pause Young (Allocation Failure) 9M->5M(15M) 0.173ms
[24.134s][info][gc] GC(6914) Pause Young (Allocation Failure) 9M->6M(15M) 0.220ms
[24.134s][info][gc] GC(6915) Pause Young (Allocation Failure) 10M->6M(15M) 0.167ms
[24.135s][info][gc] GC(6916) Pause Young (Allocation Failure) 10M->6M(15M) 0.185ms
[24.136s][info][gc] GC(6917) Pause Young (Allocation Failure) 10M->6M(15M) 0.160ms
[24.137s][info][gc] GC(6918) Pause Young (Allocation Failure) 10M->6M(15M) 0.191ms
[24.138s][info][gc] GC(6919) Pause Young (Allocation Failure) 10M->6M(15M) 0.193ms
[24.138s][info][gc] GC(6920) Pause Young (Allocation Failure) 11M->6M(15M) 0.163ms
[24.139s][info][gc] GC(6921) Pause Young (Allocation Failure) 10M->6M(15M) 0.166ms
[24.140s][info][gc] GC(6922) Pause Young (Allocation Failure) 10M->7M(15M) 0.185ms
[24.141s][info][gc] GC(6923) Pause Young (Allocation Failure) 11M->7M(15M) 0.228ms
[24.142s][info][gc] GC(6924) Pause Young (Allocation Failure) 11M->7M(15M) 0.167ms
[24.143s][info][gc] GC(6925) Pause Young (Allocation Failure) 11M->7M(15M) 0.169ms
[24.143s][info][gc] GC(6926) Pause Young (Allocation Failure) 11M->7M(15M) 0.202ms
[24.144s][info][gc] GC(6927) Pause Young (Allocation Failure) 12M->7M(15M) 0.180ms
[24.145s][info][gc] GC(6928) Pause Young (Allocation Failure) 12M->7M(15M) 0.171ms
[24.146s][info][gc] GC(6929) Pause Young (Allocation Failure) 12M->7M(15M) 0.173ms
[24.147s][info][gc] GC(6930) Pause Young (Allocation Failure) 12M->8M(15M) 0.181ms
[24.147s][info][gc] GC(6931) Pause Young (Allocation Failure) 12M->8M(15M) 0.171ms
[24.148s][info][gc] GC(6932) Pause Young (Allocation Failure) 12M->7M(15M) 0.166ms
[24.149s][info][gc] GC(6933) Pause Young (Allocation Failure) 12M->8M(15M) 0.169ms
[24.150s][info][gc] GC(6934) Pause Young (Allocation Failure) 12M->8M(15M) 0.198ms
[24.151s][info][gc] GC(6935) Pause Young (Allocation Failure) 12M->8M(15M) 0.170ms
[24.152s][info][gc] GC(6936) Pause Young (Allocation Failure) 12M->8M(15M) 0.180ms
[24.152s][info][gc] GC(6937) Pause Young (Allocation Failure) 12M->8M(15M) 0.163ms
[24.153s][info][gc] GC(6938) Pause Young (Allocation Failure) 12M->8M(15M) 0.185ms
[24.154s][info][gc] GC(6939) Pause Young (Allocation Failure) 13M->8M(15M) 0.172ms
[24.155s][info][gc] GC(6940) Pause Young (Allocation Failure) 13M->8M(15M) 0.179ms
[24.155s][info][gc] GC(6941) Pause Young (Allocation Failure) 13M->8M(15M) 0.173ms
[24.156s][info][gc] GC(6942) Pause Young (Allocation Failure) 13M->8M(15M) 0.178ms
[24.157s][info][gc] GC(6943) Pause Young (Allocation Failure) 13M->8M(15M) 0.176ms
[24.158s][info][gc] GC(6944) Pause Young (Allocation Failure) 13M->8M(15M) 0.167ms
[24.158s][info][gc] GC(6945) Pause Young (Allocation Failure) 13M->8M(15M) 0.171ms
[24.159s][info][gc] GC(6946) Pause Young (Allocation Failure) 13M->8M(15M) 0.168ms
[24.160s][info][gc] GC(6947) Pause Young (Allocation Failure) 13M->9M(15M) 0.215ms
[24.161s][info][gc] GC(6948) Pause Young (Allocation Failure) 13M->9M(15M) 0.200ms
[24.162s][info][gc] GC(6949) Pause Young (Allocation Failure) 14M->9M(15M) 0.183ms
[24.163s][info][gc] GC(6950) Pause Young (Allocation Failure) 14M->9M(15M) 0.176ms
[24.164s][info][gc] GC(6951) Pause Young (Allocation Failure) 14M->9M(15M) 0.163ms
[24.164s][info][gc] GC(6952) Pause Young (Allocation Failure) 13M->9M(15M) 0.178ms
[24.165s][info][gc] GC(6953) Pause Young (Allocation Failure) 14M->9M(15M) 0.163ms
[24.166s][info][gc] GC(6954) Pause Young (Allocation Failure) 13M->9M(15M) 0.182ms
[24.167s][info][gc] GC(6955) Pause Young (Allocation Failure) 14M->10M(15M) 0.188ms
[24.168s][info][gc] GC(6956) Pause Young (Allocation Failure) 14M->9M(15M) 0.173ms
[24.169s][info][gc] GC(6957) Pause Young (Allocation Failure) 14M->9M(15M) 0.167ms
[24.169s][info][gc] GC(6958) Pause Young (Allocation Failure) 14M->10M(15M) 0.185ms
[24.170s][info][gc] GC(6959) Pause Young (Allocation Failure) 14M->10M(15M) 0.182ms
[24.171s][info][gc] GC(6960) Pause Young (Allocation Failure) 14M->10M(15M) 0.221ms
[24.172s][info][gc] GC(6961) Pause Young (Allocation Failure) 14M->10M(15M) 0.167ms
[24.172s][info][gc] GC(6962) Pause Young (Allocation Failure) 14M->10M(15M) 0.166ms
[24.173s][info][gc] GC(6963) Pause Young (Allocation Failure) 14M->10M(15M) 0.180ms
[24.174s][info][gc] GC(6964) Pause Young (Allocation Failure) 14M->10M(15M) 0.198ms
[24.175s][info][gc] GC(6965) Pause Young (Allocation Failure) 14M->10M(15M) 0.193ms
[24.176s][info][gc] GC(6966) Pause Young (Allocation Failure) 15M->10M(15M) 0.168ms
[24.176s][info][gc] GC(6967) Pause Young (Allocation Failure) 14M->10M(15M) 0.183ms
[24.177s][info][gc] GC(6968) Pause Young (Allocation Failure) 15M->10M(15M) 0.183ms
[24.178s][info][gc] GC(6969) Pause Young (Allocation Failure) 15M->10M(15M) 0.172ms
[24.179s][info][gc] GC(6970) Pause Young (Allocation Failure) 14M->10M(15M) 0.168ms
[24.179s][info][gc] GC(6971) Pause Young (Allocation Failure) 14M->10M(15M) 0.168ms
[24.180s][info][gc] GC(6972) Pause Young (Allocation Failure) 14M->10M(15M) 0.164ms
[24.181s][info][gc] GC(6973) Pause Young (Allocation Failure) 14M->15M(15M) 0.304ms
[24.186s][info][gc] GC(6974) Pause Full (Allocation Failure) 15M->5M(15M) 4.899ms
[24.187s][info][gc] GC(6975) Pause Young (Allocation Failure) 9M->5M(15M) 0.209ms
[24.188s][info][gc] GC(6976) Pause Young (Allocation Failure) 10M->5M(15M) 0.176ms
[24.189s][info][gc] GC(6977) Pause Young (Allocation Failure) 9M->5M(15M) 0.176ms
[24.189s][info][gc] GC(6978) Pause Young (Allocation Failure) 9M->5M(15M) 0.182ms
[24.190s][info][gc] GC(6979) Pause Young (Allocation Failure) 10M->5M(15M) 0.162ms
[24.191s][info][gc] GC(6980) Pause Young (Allocation Failure) 9M->5M(15M) 0.181ms
[24.192s][info][gc] GC(6981) Pause Young (Allocation Failure) 10M->5M(15M) 0.153ms
[24.193s][info][gc] GC(6982) Pause Young (Allocation Failure) 10M->6M(15M) 0.187ms
[24.194s][info][gc] GC(6983) Pause Young (Allocation Failure) 10M->6M(15M) 0.205ms
[24.195s][info][gc] GC(6984) Pause Young (Allocation Failure) 10M->5M(15M) 0.163ms
[24.195s][info][gc] GC(6985) Pause Young (Allocation Failure) 10M->7M(15M) 0.229ms
[24.196s][info][gc] GC(6986) Pause Young (Allocation Failure) 11M->7M(15M) 0.206ms
[24.197s][info][gc] GC(6987) Pause Young (Allocation Failure) 11M->7M(15M) 0.194ms
[24.198s][info][gc] GC(6988) Pause Young (Allocation Failure) 11M->7M(15M) 0.154ms
[24.198s][info][gc] GC(6989) Pause Young (Allocation Failure) 11M->7M(15M) 0.174ms
[24.199s][info][gc] GC(6990) Pause Young (Allocation Failure) 11M->7M(15M) 0.183ms
[24.200s][info][gc] GC(6991) Pause Young (Allocation Failure) 11M->7M(15M) 0.171ms
[24.201s][info][gc] GC(6992) Pause Young (Allocation Failure) 11M->7M(15M) 0.191ms
[24.202s][info][gc] GC(6993) Pause Young (Allocation Failure) 12M->7M(15M) 0.184ms
[24.202s][info][gc] GC(6994) Pause Young (Allocation Failure) 12M->7M(15M) 0.167ms
[24.203s][info][gc] GC(6995) Pause Young (Allocation Failure) 11M->7M(15M) 0.181ms
[24.204s][info][gc] GC(6996) Pause Young (Allocation Failure) 12M->7M(15M) 0.181ms
[24.205s][info][gc] GC(6997) Pause Young (Allocation Failure) 11M->7M(15M) 0.187ms
[24.206s][info][gc] GC(6998) Pause Young (Allocation Failure) 12M->7M(15M) 0.199ms
[24.207s][info][gc] GC(6999) Pause Young (Allocation Failure) 12M->7M(15M) 0.186ms
[24.207s][info][gc] GC(7000) Pause Young (Allocation Failure) 12M->8M(15M) 0.208ms
[24.208s][info][gc] GC(7001) Pause Young (Allocation Failure) 12M->8M(15M) 0.177ms
[24.209s][info][gc] GC(7002) Pause Young (Allocation Failure) 12M->8M(15M) 0.177ms
[24.210s][info][gc] GC(7003) Pause Young (Allocation Failure) 12M->8M(15M) 0.180ms
[24.211s][info][gc] GC(7004) Pause Young (Allocation Failure) 12M->8M(15M) 0.184ms
[24.212s][info][gc] GC(7005) Pause Young (Allocation Failure) 12M->8M(15M) 0.195ms
[24.213s][info][gc] GC(7006) Pause Young (Allocation Failure) 12M->8M(15M) 0.161ms
[24.213s][info][gc] GC(7007) Pause Young (Allocation Failure) 12M->8M(15M) 0.181ms
[24.214s][info][gc] GC(7008) Pause Young (Allocation Failure) 12M->8M(15M) 0.179ms
[24.215s][info][gc] GC(7009) Pause Young (Allocation Failure) 12M->8M(15M) 0.184ms
[24.216s][info][gc] GC(7010) Pause Young (Allocation Failure) 12M->8M(15M) 0.187ms
[24.216s][info][gc] GC(7011) Pause Young (Allocation Failure) 12M->8M(15M) 0.176ms
[24.217s][info][gc] GC(7012) Pause Young (Allocation Failure) 12M->8M(15M) 0.176ms
[24.218s][info][gc] GC(7013) Pause Young (Allocation Failure) 12M->8M(15M) 0.174ms
[24.219s][info][gc] GC(7014) Pause Young (Allocation Failure) 12M->8M(15M) 0.179ms
[24.219s][info][gc] GC(7015) Pause Young (Allocation Failure) 12M->8M(15M) 0.167ms
[24.220s][info][gc] GC(7016) Pause Young (Allocation Failure) 12M->8M(15M) 0.158ms
[24.221s][info][gc] GC(7017) Pause Young (Allocation Failure) 12M->8M(15M) 0.321ms
[24.222s][info][gc] GC(7018) Pause Young (Allocation Failure) 13M->8M(15M) 0.178ms
[24.223s][info][gc] GC(7019) Pause Young (Allocation Failure) 13M->8M(15M) 0.180ms
[24.224s][info][gc] GC(7020) Pause Young (Allocation Failure) 13M->8M(15M) 0.184ms
[24.224s][info][gc] GC(7021) Pause Young (Allocation Failure) 13M->8M(15M) 0.171ms
[24.225s][info][gc] GC(7022) Pause Young (Allocation Failure) 12M->8M(15M) 0.178ms
[24.226s][info][gc] GC(7023) Pause Young (Allocation Failure) 13M->9M(15M) 0.183ms
[24.227s][info][gc] GC(7024) Pause Young (Allocation Failure) 13M->9M(15M) 0.172ms
[24.227s][info][gc] GC(7025) Pause Young (Allocation Failure) 13M->9M(15M) 0.190ms
[24.228s][info][gc] GC(7026) Pause Young (Allocation Failure) 13M->10M(15M) 0.176ms
[24.229s][info][gc] GC(7027) Pause Young (Allocation Failure) 14M->9M(15M) 0.168ms
[24.230s][info][gc] GC(7028) Pause Young (Allocation Failure) 14M->9M(15M) 0.176ms
[24.230s][info][gc] GC(7029) Pause Young (Allocation Failure) 14M->9M(15M) 0.166ms
[24.231s][info][gc] GC(7030) Pause Young (Allocation Failure) 14M->9M(15M) 0.172ms
[24.232s][info][gc] GC(7031) Pause Young (Allocation Failure) 14M->9M(15M) 0.162ms
[24.233s][info][gc] GC(7032) Pause Young (Allocation Failure) 13M->10M(15M) 0.181ms
[24.234s][info][gc] GC(7033) Pause Young (Allocation Failure) 14M->10M(15M) 0.178ms
[24.235s][info][gc] GC(7034) Pause Young (Allocation Failure) 14M->9M(15M) 0.272ms
[24.236s][info][gc] GC(7035) Pause Young (Allocation Failure) 14M->9M(15M) 0.219ms
[24.236s][info][gc] GC(7036) Pause Young (Allocation Failure) 14M->10M(15M) 0.194ms
[24.237s][info][gc] GC(7037) Pause Young (Allocation Failure) 14M->10M(15M) 0.221ms
[24.238s][info][gc] GC(7038) Pause Young (Allocation Failure) 15M->15M(15M) 0.025ms
[24.243s][info][gc] GC(7039) Pause Full (Allocation Failure) 15M->4M(15M) 5.068ms
[24.244s][info][gc] GC(7040) Pause Young (Allocation Failure) 8M->4M(15M) 0.170ms
[24.245s][info][gc] GC(7041) Pause Young (Allocation Failure) 8M->4M(15M) 0.192ms
[24.245s][info][gc] GC(7042) Pause Young (Allocation Failure) 8M->4M(15M) 0.188ms
[24.246s][info][gc] GC(7043) Pause Young (Allocation Failure) 8M->4M(15M) 0.195ms
[24.247s][info][gc] GC(7044) Pause Young (Allocation Failure) 9M->4M(15M) 0.176ms
[24.248s][info][gc] GC(7045) Pause Young (Allocation Failure) 9M->4M(15M) 0.194ms
[24.249s][info][gc] GC(7046) Pause Young (Allocation Failure) 8M->4M(15M) 0.160ms
[24.250s][info][gc] GC(7047) Pause Young (Allocation Failure) 8M->4M(15M) 0.175ms
[24.251s][info][gc] GC(7048) Pause Young (Allocation Failure) 9M->4M(15M) 0.162ms
[24.251s][info][gc] GC(7049) Pause Young (Allocation Failure) 8M->4M(15M) 0.158ms
[24.252s][info][gc] GC(7050) Pause Young (Allocation Failure) 8M->4M(15M) 0.180ms
[24.253s][info][gc] GC(7051) Pause Young (Allocation Failure) 9M->4M(15M) 0.173ms
[24.254s][info][gc] GC(7052) Pause Young (Allocation Failure) 9M->4M(15M) 0.188ms
[24.254s][info][gc] GC(7053) Pause Young (Allocation Failure) 9M->4M(15M) 0.172ms
[24.255s][info][gc] GC(7054) Pause Young (Allocation Failure) 9M->4M(15M) 0.174ms
[24.256s][info][gc] GC(7055) Pause Young (Allocation Failure) 9M->4M(15M) 0.165ms
[24.257s][info][gc] GC(7056) Pause Young (Allocation Failure) 8M->5M(15M) 0.207ms
[24.258s][info][gc] GC(7057) Pause Young (Allocation Failure) 9M->5M(15M) 0.164ms
[24.258s][info][gc] GC(7058) Pause Young (Allocation Failure) 9M->5M(15M) 0.164ms
[24.259s][info][gc] GC(7059) Pause Young (Allocation Failure) 9M->5M(15M) 0.189ms
[24.260s][info][gc] GC(7060) Pause Young (Allocation Failure) 9M->6M(15M) 0.181ms
[24.260s][info][gc] GC(7061) Pause Young (Allocation Failure) 10M->5M(15M) 0.172ms
[24.261s][info][gc] GC(7062) Pause Young (Allocation Failure) 10M->5M(15M) 0.270ms
[24.262s][info][gc] GC(7063) Pause Young (Allocation Failure) 10M->5M(15M) 0.176ms
[24.263s][info][gc] GC(7064) Pause Young (Allocation Failure) 10M->6M(15M) 0.188ms
[24.264s][info][gc] GC(7065) Pause Young (Allocation Failure) 10M->6M(15M) 0.183ms
[24.264s][info][gc] GC(7066) Pause Young (Allocation Failure) 10M->6M(15M) 0.183ms
[24.265s][info][gc] GC(7067) Pause Young (Allocation Failure) 10M->5M(15M) 0.162ms
[24.266s][info][gc] GC(7068) Pause Young (Allocation Failure) 10M->6M(15M) 0.174ms
[24.267s][info][gc] GC(7069) Pause Young (Allocation Failure) 10M->6M(15M) 0.182ms
[24.267s][info][gc] GC(7070) Pause Young (Allocation Failure) 10M->6M(15M) 0.184ms
[24.268s][info][gc] GC(7071) Pause Young (Allocation Failure) 10M->6M(15M) 0.170ms
[24.269s][info][gc] GC(7072) Pause Young (Allocation Failure) 10M->6M(15M) 0.187ms
[24.270s][info][gc] GC(7073) Pause Young (Allocation Failure) 10M->6M(15M) 0.157ms
[24.271s][info][gc] GC(7074) Pause Young (Allocation Failure) 10M->6M(15M) 0.167ms
[24.271s][info][gc] GC(7075) Pause Young (Allocation Failure) 10M->6M(15M) 0.176ms
[24.272s][info][gc] GC(7076) Pause Young (Allocation Failure) 10M->6M(15M) 0.173ms
[24.273s][info][gc] GC(7077) Pause Young (Allocation Failure) 10M->6M(15M) 0.178ms
[24.274s][info][gc] GC(7078) Pause Young (Allocation Failure) 10M->6M(15M) 0.170ms
[24.275s][info][gc] GC(7079) Pause Young (Allocation Failure) 10M->6M(15M) 0.214ms
[24.275s][info][gc] GC(7080) Pause Young (Allocation Failure) 10M->6M(15M) 0.158ms
[24.276s][info][gc] GC(7081) Pause Young (Allocation Failure) 10M->6M(15M) 0.168ms
[24.277s][info][gc] GC(7082) Pause Young (Allocation Failure) 10M->6M(15M) 0.171ms
[24.278s][info][gc] GC(7083) Pause Young (Allocation Failure) 10M->6M(15M) 0.171ms
[24.278s][info][gc] GC(7084) Pause Young (Allocation Failure) 10M->6M(15M) 0.181ms
[24.279s][info][gc] GC(7085) Pause Young (Allocation Failure) 10M->6M(15M) 0.183ms
[24.280s][info][gc] GC(7086) Pause Young (Allocation Failure) 10M->6M(15M) 0.185ms
[24.281s][info][gc] GC(7087) Pause Young (Allocation Failure) 11M->6M(15M) 0.176ms
[24.281s][info][gc] GC(7088) Pause Young (Allocation Failure) 11M->6M(15M) 0.147ms
[24.282s][info][gc] GC(7089) Pause Young (Allocation Failure) 11M->6M(15M) 0.178ms
[24.283s][info][gc] GC(7090) Pause Young (Allocation Failure) 11M->7M(15M) 0.193ms
[24.284s][info][gc] GC(7091) Pause Young (Allocation Failure) 11M->7M(15M) 0.172ms
[24.285s][info][gc] GC(7092) Pause Young (Allocation Failure) 11M->6M(15M) 0.209ms
[24.286s][info][gc] GC(7093) Pause Young (Allocation Failure) 11M->6M(15M) 0.169ms
[24.286s][info][gc] GC(7094) Pause Young (Allocation Failure) 11M->6M(15M) 0.162ms
[24.287s][info][gc] GC(7095) Pause Young (Allocation Failure) 11M->6M(15M) 0.162ms
[24.288s][info][gc] GC(7096) Pause Young (Allocation Failure) 11M->6M(15M) 0.163ms
[24.289s][info][gc] GC(7097) Pause Young (Allocation Failure) 11M->6M(15M) 0.167ms
[24.290s][info][gc] GC(7098) Pause Young (Allocation Failure) 11M->6M(15M) 0.179ms
[24.290s][info][gc] GC(7099) Pause Young (Allocation Failure) 11M->6M(15M) 0.171ms
[24.291s][info][gc] GC(7100) Pause Young (Allocation Failure) 11M->7M(15M) 0.197ms
[24.292s][info][gc] GC(7101) Pause Young (Allocation Failure) 11M->7M(15M) 0.185ms
[24.293s][info][gc] GC(7102) Pause Young (Allocation Failure) 11M->7M(15M) 0.188ms
[24.294s][info][gc] GC(7103) Pause Young (Allocation Failure) 11M->8M(15M) 0.215ms
[24.294s][info][gc] GC(7104) Pause Young (Allocation Failure) 12M->7M(15M) 0.162ms
[24.295s][info][gc] GC(7105) Pause Young (Allocation Failure) 12M->7M(15M) 0.172ms
[24.296s][info][gc] GC(7106) Pause Young (Allocation Failure) 12M->8M(15M) 0.179ms
[24.297s][info][gc] GC(7107) Pause Young (Allocation Failure) 12M->7M(15M) 0.160ms
[24.298s][info][gc] GC(7108) Pause Young (Allocation Failure) 12M->8M(15M) 0.166ms
[24.298s][info][gc] GC(7109) Pause Young (Allocation Failure) 12M->8M(15M) 0.180ms
[24.299s][info][gc] GC(7110) Pause Young (Allocation Failure) 12M->8M(15M) 0.174ms
[24.300s][info][gc] GC(7111) Pause Young (Allocation Failure) 12M->8M(15M) 0.160ms
[24.301s][info][gc] GC(7112) Pause Young (Allocation Failure) 12M->8M(15M) 0.196ms
[24.302s][info][gc] GC(7113) Pause Young (Allocation Failure) 12M->8M(15M) 0.189ms
[24.302s][info][gc] GC(7114) Pause Young (Allocation Failure) 12M->9M(15M) 0.221ms
[24.303s][info][gc] GC(7115) Pause Young (Allocation Failure) 13M->9M(15M) 0.180ms
[24.304s][info][gc] GC(7116) Pause Young (Allocation Failure) 13M->8M(15M) 0.157ms
[24.305s][info][gc] GC(7117) Pause Young (Allocation Failure) 13M->9M(15M) 0.190ms
[24.306s][info][gc] GC(7118) Pause Young (Allocation Failure) 13M->9M(15M) 0.184ms
[24.307s][info][gc] GC(7119) Pause Young (Allocation Failure) 13M->9M(15M) 0.169ms
[24.307s][info][gc] GC(7120) Pause Young (Allocation Failure) 13M->9M(15M) 0.181ms
[24.308s][info][gc] GC(7121) Pause Young (Allocation Failure) 13M->9M(15M) 0.172ms
[24.309s][info][gc] GC(7122) Pause Young (Allocation Failure) 13M->9M(15M) 0.160ms
[24.310s][info][gc] GC(7123) Pause Young (Allocation Failure) 13M->9M(15M) 0.189ms
[24.310s][info][gc] GC(7124) Pause Young (Allocation Failure) 13M->9M(15M) 0.184ms
[24.311s][info][gc] GC(7125) Pause Young (Allocation Failure) 14M->9M(15M) 0.174ms
[24.312s][info][gc] GC(7126) Pause Young (Allocation Failure) 13M->9M(15M) 0.177ms
[24.313s][info][gc] GC(7127) Pause Young (Allocation Failure) 14M->10M(15M) 0.190ms
[24.314s][info][gc] GC(7128) Pause Young (Allocation Failure) 14M->9M(15M) 0.167ms
[24.314s][info][gc] GC(7129) Pause Young (Allocation Failure) 14M->9M(15M) 0.262ms
[24.315s][info][gc] GC(7130) Pause Young (Allocation Failure) 14M->9M(15M) 0.167ms
[24.316s][info][gc] GC(7131) Pause Young (Allocation Failure) 14M->10M(15M) 0.199ms
[24.317s][info][gc] GC(7132) Pause Young (Allocation Failure) 14M->10M(15M) 0.170ms
[24.318s][info][gc] GC(7133) Pause Young (Allocation Failure) 14M->10M(15M) 0.173ms
[24.319s][info][gc] GC(7134) Pause Young (Allocation Failure) 14M->10M(15M) 0.186ms
[24.319s][info][gc] GC(7135) Pause Young (Allocation Failure) 14M->10M(15M) 0.170ms
[24.320s][info][gc] GC(7136) Pause Young (Allocation Failure) 14M->10M(15M) 0.179ms
[24.321s][info][gc] GC(7137) Pause Young (Allocation Failure) 14M->10M(15M) 0.124ms
[24.322s][info][gc] GC(7138) Pause Young (Allocation Failure) 14M->10M(15M) 0.187ms
[24.323s][info][gc] GC(7139) Pause Young (Allocation Failure) 14M->10M(15M) 0.173ms
[24.323s][info][gc] GC(7140) Pause Young (Allocation Failure) 14M->10M(15M) 0.165ms
[24.324s][info][gc] GC(7141) Pause Young (Allocation Failure) 14M->10M(15M) 0.189ms
[24.325s][info][gc] GC(7142) Pause Young (Allocation Failure) 15M->10M(15M) 0.173ms
[24.326s][info][gc] GC(7143) Pause Young (Allocation Failure) 14M->10M(15M) 0.178ms
[24.326s][info][gc] GC(7144) Pause Young (Allocation Failure) 14M->10M(15M) 0.188ms
[24.327s][info][gc] GC(7145) Pause Young (Allocation Failure) 15M->10M(15M) 0.170ms
[24.328s][info][gc] GC(7146) Pause Young (Allocation Failure) 14M->11M(15M) 0.202ms
[24.329s][info][gc] GC(7147) Pause Young (Allocation Failure) 15M->15M(15M) 0.025ms
[24.334s][info][gc] GC(7148) Pause Full (Allocation Failure) 15M->4M(15M) 5.084ms
[24.335s][info][gc] GC(7149) Pause Young (Allocation Failure) 9M->5M(15M) 0.207ms
[24.335s][info][gc] GC(7150) Pause Young (Allocation Failure) 9M->5M(15M) 0.211ms
[24.336s][info][gc] GC(7151) Pause Young (Allocation Failure) 9M->5M(15M) 0.185ms
[24.337s][info][gc] GC(7152) Pause Young (Allocation Failure) 9M->5M(15M) 0.197ms
[24.338s][info][gc] GC(7153) Pause Young (Allocation Failure) 10M->5M(15M) 0.173ms
[24.338s][info][gc] GC(7154) Pause Young (Allocation Failure) 9M->5M(15M) 0.185ms
[24.339s][info][gc] GC(7155) Pause Young (Allocation Failure) 10M->5M(15M) 0.179ms
[24.340s][info][gc] GC(7156) Pause Young (Allocation Failure) 10M->5M(15M) 0.173ms
[24.341s][info][gc] GC(7157) Pause Young (Allocation Failure) 9M->5M(15M) 0.178ms
[24.342s][info][gc] GC(7158) Pause Young (Allocation Failure) 9M->6M(15M) 0.195ms
[24.342s][info][gc] GC(7159) Pause Young (Allocation Failure) 10M->6M(15M) 0.182ms
[24.343s][info][gc] GC(7160) Pause Young (Allocation Failure) 10M->5M(15M) 0.165ms
[24.344s][info][gc] GC(7161) Pause Young (Allocation Failure) 10M->6M(15M) 0.179ms
[24.345s][info][gc] GC(7162) Pause Young (Allocation Failure) 10M->6M(15M) 0.177ms
[24.346s][info][gc] GC(7163) Pause Young (Allocation Failure) 10M->6M(15M) 0.183ms
[24.346s][info][gc] GC(7164) Pause Young (Allocation Failure) 10M->6M(15M) 0.188ms
[24.347s][info][gc] GC(7165) Pause Young (Allocation Failure) 10M->6M(15M) 0.190ms
[24.348s][info][gc] GC(7166) Pause Young (Allocation Failure) 10M->6M(15M) 0.182ms
[24.349s][info][gc] GC(7167) Pause Young (Allocation Failure) 10M->6M(15M) 0.189ms
[24.350s][info][gc] GC(7168) Pause Young (Allocation Failure) 10M->6M(15M) 0.192ms
[24.351s][info][gc] GC(7169) Pause Young (Allocation Failure) 10M->6M(15M) 0.184ms
[24.351s][info][gc] GC(7170) Pause Young (Allocation Failure) 10M->6M(15M) 0.164ms
[24.352s][info][gc] GC(7171) Pause Young (Allocation Failure) 10M->6M(15M) 0.167ms
[24.353s][info][gc] GC(7172) Pause Young (Allocation Failure) 10M->6M(15M) 0.183ms
[24.354s][info][gc] GC(7173) Pause Young (Allocation Failure) 10M->6M(15M) 0.195ms
[24.355s][info][gc] GC(7174) Pause Young (Allocation Failure) 11M->6M(15M) 0.163ms
[24.356s][info][gc] GC(7175) Pause Young (Allocation Failure) 10M->6M(15M) 0.181ms
[24.356s][info][gc] GC(7176) Pause Young (Allocation Failure) 11M->6M(15M) 0.193ms
[24.357s][info][gc] GC(7177) Pause Young (Allocation Failure) 11M->6M(15M) 0.183ms
[24.358s][info][gc] GC(7178) Pause Young (Allocation Failure) 11M->6M(15M) 0.178ms
[24.359s][info][gc] GC(7179) Pause Young (Allocation Failure) 11M->6M(15M) 0.182ms
[24.359s][info][gc] GC(7180) Pause Young (Allocation Failure) 11M->7M(15M) 0.174ms
[24.360s][info][gc] GC(7181) Pause Young (Allocation Failure) 11M->7M(15M) 0.192ms
[24.361s][info][gc] GC(7182) Pause Young (Allocation Failure) 11M->6M(15M) 0.171ms
[24.362s][info][gc] GC(7183) Pause Young (Allocation Failure) 11M->7M(15M) 0.192ms
[24.363s][info][gc] GC(7184) Pause Young (Allocation Failure) 11M->7M(15M) 0.187ms
[24.364s][info][gc] GC(7185) Pause Young (Allocation Failure) 11M->7M(15M) 0.204ms
[24.364s][info][gc] GC(7186) Pause Young (Allocation Failure) 12M->7M(15M) 0.166ms
[24.365s][info][gc] GC(7187) Pause Young (Allocation Failure) 11M->7M(15M) 0.181ms
[24.366s][info][gc] GC(7188) Pause Young (Allocation Failure) 12M->7M(15M) 0.173ms
[24.367s][info][gc] GC(7189) Pause Young (Allocation Failure) 11M->7M(15M) 0.180ms
[24.368s][info][gc] GC(7190) Pause Young (Allocation Failure) 12M->8M(15M) 0.200ms
[24.368s][info][gc] GC(7191) Pause Young (Allocation Failure) 12M->8M(15M) 0.189ms
[24.369s][info][gc] GC(7192) Pause Young (Allocation Failure) 12M->8M(15M) 0.191ms
[24.370s][info][gc] GC(7193) Pause Young (Allocation Failure) 12M->7M(15M) 0.167ms
[24.371s][info][gc] GC(7194) Pause Young (Allocation Failure) 12M->8M(15M) 0.182ms
[24.372s][info][gc] GC(7195) Pause Young (Allocation Failure) 12M->7M(15M) 0.166ms
[24.372s][info][gc] GC(7196) Pause Young (Allocation Failure) 12M->8M(15M) 0.204ms
[24.373s][info][gc] GC(7197) Pause Young (Allocation Failure) 12M->8M(15M) 0.187ms
[24.374s][info][gc] GC(7198) Pause Young (Allocation Failure) 12M->8M(15M) 0.202ms
[24.375s][info][gc] GC(7199) Pause Young (Allocation Failure) 13M->9M(15M) 0.204ms
[24.376s][info][gc] GC(7200) Pause Young (Allocation Failure) 13M->9M(15M) 0.180ms
[24.376s][info][gc] GC(7201) Pause Young (Allocation Failure) 13M->9M(15M) 0.206ms
[24.377s][info][gc] GC(7202) Pause Young (Allocation Failure) 13M->9M(15M) 0.201ms
[24.378s][info][gc] GC(7203) Pause Young (Allocation Failure) 14M->10M(15M) 0.184ms
[24.379s][info][gc] GC(7204) Pause Young (Allocation Failure) 14M->10M(15M) 0.164ms
[24.380s][info][gc] GC(7205) Pause Young (Allocation Failure) 14M->10M(15M) 0.175ms
[24.380s][info][gc] GC(7206) Pause Young (Allocation Failure) 14M->10M(15M) 0.198ms
[24.381s][info][gc] GC(7207) Pause Young (Allocation Failure) 14M->10M(15M) 0.189ms
[24.382s][info][gc] GC(7208) Pause Young (Allocation Failure) 14M->10M(15M) 0.171ms
[24.383s][info][gc] GC(7209) Pause Young (Allocation Failure) 14M->10M(15M) 0.198ms
[24.383s][info][gc] GC(7210) Pause Young (Allocation Failure) 15M->15M(15M) 0.025ms
[24.388s][info][gc] GC(7211) Pause Full (Allocation Failure) 15M->5M(15M) 5.034ms
[24.389s][info][gc] GC(7212) Pause Young (Allocation Failure) 9M->5M(15M) 0.187ms
[24.390s][info][gc] GC(7213) Pause Young (Allocation Failure) 10M->5M(15M) 0.167ms
[24.391s][info][gc] GC(7214) Pause Young (Allocation Failure) 9M->6M(15M) 0.234ms
[24.392s][info][gc] GC(7215) Pause Young (Allocation Failure) 10M->6M(15M) 0.170ms
[24.392s][info][gc] GC(7216) Pause Young (Allocation Failure) 10M->6M(15M) 0.172ms
[24.393s][info][gc] GC(7217) Pause Young (Allocation Failure) 10M->7M(15M) 0.216ms
[24.394s][info][gc] GC(7218) Pause Young (Allocation Failure) 11M->6M(15M) 0.178ms
[24.395s][info][gc] GC(7219) Pause Young (Allocation Failure) 11M->7M(15M) 0.191ms
[24.396s][info][gc] GC(7220) Pause Young (Allocation Failure) 11M->7M(15M) 0.200ms
[24.397s][info][gc] GC(7221) Pause Young (Allocation Failure) 11M->6M(15M) 0.164ms
[24.397s][info][gc] GC(7222) Pause Young (Allocation Failure) 11M->7M(15M) 0.180ms
[24.398s][info][gc] GC(7223) Pause Young (Allocation Failure) 11M->6M(15M) 0.166ms
[24.399s][info][gc] GC(7224) Pause Young (Allocation Failure) 11M->6M(15M) 0.167ms
[24.400s][info][gc] GC(7225) Pause Young (Allocation Failure) 11M->7M(15M) 0.212ms
[24.401s][info][gc] GC(7226) Pause Young (Allocation Failure) 11M->7M(15M) 0.181ms
[24.401s][info][gc] GC(7227) Pause Young (Allocation Failure) 11M->7M(15M) 0.173ms
[24.402s][info][gc] GC(7228) Pause Young (Allocation Failure) 11M->7M(15M) 0.194ms
[24.403s][info][gc] GC(7229) Pause Young (Allocation Failure) 12M->7M(15M) 0.173ms
[24.404s][info][gc] GC(7230) Pause Young (Allocation Failure) 11M->7M(15M) 0.189ms
[24.404s][info][gc] GC(7231) Pause Young (Allocation Failure) 12M->8M(15M) 0.203ms
[24.405s][info][gc] GC(7232) Pause Young (Allocation Failure) 12M->8M(15M) 0.172ms
[24.406s][info][gc] GC(7233) Pause Young (Allocation Failure) 12M->8M(15M) 0.215ms
[24.407s][info][gc] GC(7234) Pause Young (Allocation Failure) 12M->8M(15M) 0.172ms
[24.407s][info][gc] GC(7235) Pause Young (Allocation Failure) 12M->8M(15M) 0.193ms
[24.408s][info][gc] GC(7236) Pause Young (Allocation Failure) 13M->8M(15M) 0.184ms
[24.409s][info][gc] GC(7237) Pause Young (Allocation Failure) 12M->9M(15M) 0.218ms
[24.410s][info][gc] GC(7238) Pause Young (Allocation Failure) 13M->8M(15M) 0.173ms
[24.411s][info][gc] GC(7239) Pause Young (Allocation Failure) 13M->8M(15M) 0.178ms
[24.412s][info][gc] GC(7240) Pause Young (Allocation Failure) 13M->9M(15M) 0.211ms
[24.412s][info][gc] GC(7241) Pause Young (Allocation Failure) 13M->9M(15M) 0.183ms
[24.413s][info][gc] GC(7242) Pause Young (Allocation Failure) 13M->9M(15M) 0.197ms
[24.414s][info][gc] GC(7243) Pause Young (Allocation Failure) 14M->9M(15M) 0.185ms
[24.415s][info][gc] GC(7244) Pause Young (Allocation Failure) 14M->9M(15M) 0.186ms
[24.416s][info][gc] GC(7245) Pause Young (Allocation Failure) 14M->9M(15M) 0.193ms
[24.417s][info][gc] GC(7246) Pause Young (Allocation Failure) 14M->9M(15M) 0.175ms
[24.417s][info][gc] GC(7247) Pause Young (Allocation Failure) 14M->9M(15M) 0.175ms
[24.418s][info][gc] GC(7248) Pause Young (Allocation Failure) 14M->10M(15M) 0.188ms
[24.419s][info][gc] GC(7249) Pause Young (Allocation Failure) 14M->10M(15M) 0.199ms
[24.420s][info][gc] GC(7250) Pause Young (Allocation Failure) 14M->10M(15M) 0.177ms
[24.420s][info][gc] GC(7251) Pause Young (Allocation Failure) 14M->10M(15M) 0.178ms
[24.421s][info][gc] GC(7252) Pause Young (Allocation Failure) 14M->10M(15M) 0.246ms
[24.422s][info][gc] GC(7253) Pause Young (Allocation Failure) 14M->10M(15M) 0.168ms
[24.423s][info][gc] GC(7254) Pause Young (Allocation Failure) 14M->10M(15M) 0.158ms
[24.424s][info][gc] GC(7255) Pause Young (Allocation Failure) 14M->10M(15M) 0.176ms
[24.424s][info][gc] GC(7256) Pause Young (Allocation Failure) 14M->10M(15M) 0.147ms
[24.425s][info][gc] GC(7257) Pause Young (Allocation Failure) 14M->10M(15M) 0.136ms
[24.426s][info][gc] GC(7258) Pause Young (Allocation Failure) 14M->10M(15M) 0.139ms
[24.427s][info][gc] GC(7259) Pause Young (Allocation Failure) 14M->11M(15M) 0.185ms
[24.427s][info][gc] GC(7260) Pause Young (Allocation Failure) 15M->15M(15M) 0.019ms
[24.432s][info][gc] GC(7261) Pause Full (Allocation Failure) 15M->4M(15M) 4.671ms
[24.433s][info][gc] GC(7262) Pause Young (Allocation Failure) 9M->5M(15M) 0.151ms
[24.434s][info][gc] GC(7263) Pause Young (Allocation Failure) 9M->5M(15M) 0.154ms
[24.435s][info][gc] GC(7264) Pause Young (Allocation Failure) 9M->4M(15M) 0.230ms
[24.435s][info][gc] GC(7265) Pause Young (Allocation Failure) 9M->5M(15M) 0.200ms
[24.436s][info][gc] GC(7266) Pause Young (Allocation Failure) 9M->5M(15M) 0.179ms
[24.437s][info][gc] GC(7267) Pause Young (Allocation Failure) 9M->5M(15M) 0.177ms
[24.438s][info][gc] GC(7268) Pause Young (Allocation Failure) 9M->5M(15M) 0.165ms
[24.438s][info][gc] GC(7269) Pause Young (Allocation Failure) 9M->5M(15M) 0.197ms
[24.439s][info][gc] GC(7270) Pause Young (Allocation Failure) 10M->5M(15M) 0.167ms
[24.440s][info][gc] GC(7271) Pause Young (Allocation Failure) 9M->5M(15M) 0.172ms
[24.441s][info][gc] GC(7272) Pause Young (Allocation Failure) 10M->5M(15M) 0.165ms
[24.441s][info][gc] GC(7273) Pause Young (Allocation Failure) 9M->5M(15M) 0.173ms
[24.442s][info][gc] GC(7274) Pause Young (Allocation Failure) 10M->5M(15M) 0.165ms
[24.443s][info][gc] GC(7275) Pause Young (Allocation Failure) 10M->5M(15M) 0.168ms
[24.444s][info][gc] GC(7276) Pause Young (Allocation Failure) 10M->5M(15M) 0.175ms
[24.445s][info][gc] GC(7277) Pause Young (Allocation Failure) 10M->5M(15M) 0.172ms
[24.445s][info][gc] GC(7278) Pause Young (Allocation Failure) 10M->5M(15M) 0.173ms
[24.446s][info][gc] GC(7279) Pause Young (Allocation Failure) 10M->5M(15M) 0.181ms
[24.447s][info][gc] GC(7280) Pause Young (Allocation Failure) 10M->6M(15M) 0.185ms
[24.448s][info][gc] GC(7281) Pause Young (Allocation Failure) 10M->6M(15M) 0.259ms
[24.449s][info][gc] GC(7282) Pause Young (Allocation Failure) 10M->5M(15M) 0.168ms
[24.449s][info][gc] GC(7283) Pause Young (Allocation Failure) 10M->6M(15M) 0.172ms
[24.450s][info][gc] GC(7284) Pause Young (Allocation Failure) 10M->5M(15M) 0.160ms
[24.451s][info][gc] GC(7285) Pause Young (Allocation Failure) 10M->6M(15M) 0.189ms
[24.452s][info][gc] GC(7286) Pause Young (Allocation Failure) 10M->6M(15M) 0.173ms
[24.452s][info][gc] GC(7287) Pause Young (Allocation Failure) 10M->7M(15M) 0.221ms
[24.453s][info][gc] GC(7288) Pause Young (Allocation Failure) 11M->7M(15M) 0.171ms
[24.454s][info][gc] GC(7289) Pause Young (Allocation Failure) 11M->6M(15M) 0.160ms
[24.455s][info][gc] GC(7290) Pause Young (Allocation Failure) 11M->6M(15M) 0.158ms
[24.455s][info][gc] GC(7291) Pause Young (Allocation Failure) 11M->7M(15M) 0.186ms
[24.456s][info][gc] GC(7292) Pause Young (Allocation Failure) 11M->7M(15M) 0.178ms
[24.457s][info][gc] GC(7293) Pause Young (Allocation Failure) 11M->6M(15M) 0.165ms
[24.458s][info][gc] GC(7294) Pause Young (Allocation Failure) 11M->6M(15M) 0.163ms
[24.458s][info][gc] GC(7295) Pause Young (Allocation Failure) 11M->6M(15M) 0.165ms
[24.459s][info][gc] GC(7296) Pause Young (Allocation Failure) 11M->7M(15M) 0.174ms
[24.460s][info][gc] GC(7297) Pause Young (Allocation Failure) 11M->7M(15M) 0.178ms
[24.461s][info][gc] GC(7298) Pause Young (Allocation Failure) 11M->7M(15M) 0.192ms
[24.461s][info][gc] GC(7299) Pause Young (Allocation Failure) 11M->7M(15M) 0.180ms
[24.462s][info][gc] GC(7300) Pause Young (Allocation Failure) 12M->7M(15M) 0.177ms
[24.463s][info][gc] GC(7301) Pause Young (Allocation Failure) 12M->7M(15M) 0.177ms
[24.464s][info][gc] GC(7302) Pause Young (Allocation Failure) 12M->7M(15M) 0.164ms
[24.464s][info][gc] GC(7303) Pause Young (Allocation Failure) 11M->7M(15M) 0.171ms
[24.465s][info][gc] GC(7304) Pause Young (Allocation Failure) 12M->8M(15M) 0.153ms
[24.466s][info][gc] GC(7305) Pause Young (Allocation Failure) 12M->7M(15M) 0.169ms
[24.467s][info][gc] GC(7306) Pause Young (Allocation Failure) 12M->8M(15M) 0.188ms
[24.468s][info][gc] GC(7307) Pause Young (Allocation Failure) 12M->8M(15M) 0.178ms
[24.468s][info][gc] GC(7308) Pause Young (Allocation Failure) 12M->7M(15M) 0.162ms
[24.469s][info][gc] GC(7309) Pause Young (Allocation Failure) 12M->8M(15M) 0.179ms
[24.470s][info][gc] GC(7310) Pause Young (Allocation Failure) 12M->8M(15M) 0.191ms
[24.471s][info][gc] GC(7311) Pause Young (Allocation Failure) 12M->8M(15M) 0.174ms
[24.472s][info][gc] GC(7312) Pause Young (Allocation Failure) 12M->8M(15M) 0.167ms
[24.472s][info][gc] GC(7313) Pause Young (Allocation Failure) 12M->8M(15M) 0.194ms
[24.473s][info][gc] GC(7314) Pause Young (Allocation Failure) 12M->8M(15M) 0.187ms
[24.474s][info][gc] GC(7315) Pause Young (Allocation Failure) 13M->8M(15M) 0.172ms
[24.475s][info][gc] GC(7316) Pause Young (Allocation Failure) 12M->8M(15M) 0.165ms
[24.476s][info][gc] GC(7317) Pause Young (Allocation Failure) 12M->8M(15M) 0.220ms
[24.476s][info][gc] GC(7318) Pause Young (Allocation Failure) 12M->8M(15M) 0.184ms
[24.477s][info][gc] GC(7319) Pause Young (Allocation Failure) 12M->8M(15M) 0.188ms
[24.478s][info][gc] GC(7320) Pause Young (Allocation Failure) 13M->9M(15M) 0.198ms
[24.479s][info][gc] GC(7321) Pause Young (Allocation Failure) 13M->9M(15M) 0.216ms
[24.479s][info][gc] GC(7322) Pause Young (Allocation Failure) 13M->9M(15M) 0.187ms
[24.480s][info][gc] GC(7323) Pause Young (Allocation Failure) 14M->10M(15M) 0.196ms
[24.481s][info][gc] GC(7324) Pause Young (Allocation Failure) 14M->9M(15M) 0.162ms
[24.482s][info][gc] GC(7325) Pause Young (Allocation Failure) 13M->10M(15M) 0.188ms
[24.482s][info][gc] GC(7326) Pause Young (Allocation Failure) 14M->9M(15M) 0.167ms
[24.483s][info][gc] GC(7327) Pause Young (Allocation Failure) 14M->10M(15M) 0.175ms
[24.484s][info][gc] GC(7328) Pause Young (Allocation Failure) 14M->9M(15M) 0.168ms
[24.485s][info][gc] GC(7329) Pause Young (Allocation Failure) 14M->10M(15M) 0.179ms
[24.486s][info][gc] GC(7330) Pause Young (Allocation Failure) 14M->10M(15M) 0.169ms
[24.486s][info][gc] GC(7331) Pause Young (Allocation Failure) 14M->10M(15M) 0.179ms
[24.487s][info][gc] GC(7332) Pause Young (Allocation Failure) 14M->10M(15M) 0.210ms
[24.488s][info][gc] GC(7333) Pause Young (Allocation Failure) 14M->10M(15M) 0.331ms
[24.489s][info][gc] GC(7334) Pause Young (Allocation Failure) 15M->15M(15M) 0.025ms
[24.494s][info][gc] GC(7335) Pause Full (Allocation Failure) 15M->4M(15M) 5.038ms
[24.495s][info][gc] GC(7336) Pause Young (Allocation Failure) 8M->4M(15M) 0.166ms
[24.495s][info][gc] GC(7337) Pause Young (Allocation Failure) 8M->5M(15M) 0.147ms
[24.496s][info][gc] GC(7338) Pause Young (Allocation Failure) 9M->5M(15M) 0.214ms
[24.497s][info][gc] GC(7339) Pause Young (Allocation Failure) 9M->5M(15M) 0.161ms
[24.498s][info][gc] GC(7340) Pause Young (Allocation Failure) 9M->5M(15M) 0.200ms
[24.498s][info][gc] GC(7341) Pause Young (Allocation Failure) 10M->6M(15M) 0.191ms
[24.499s][info][gc] GC(7342) Pause Young (Allocation Failure) 10M->5M(15M) 0.161ms
[24.500s][info][gc] GC(7343) Pause Young (Allocation Failure) 10M->6M(15M) 0.198ms
[24.501s][info][gc] GC(7344) Pause Young (Allocation Failure) 10M->6M(15M) 0.201ms
[24.502s][info][gc] GC(7345) Pause Young (Allocation Failure) 11M->6M(15M) 0.181ms
[24.502s][info][gc] GC(7346) Pause Young (Allocation Failure) 10M->7M(15M) 0.210ms
[24.503s][info][gc] GC(7347) Pause Young (Allocation Failure) 11M->7M(15M) 0.212ms
[24.504s][info][gc] GC(7348) Pause Young (Allocation Failure) 11M->7M(15M) 0.186ms
[24.505s][info][gc] GC(7349) Pause Young (Allocation Failure) 12M->7M(15M) 0.191ms
[24.506s][info][gc] GC(7350) Pause Young (Allocation Failure) 12M->8M(15M) 0.201ms
[24.506s][info][gc] GC(7351) Pause Young (Allocation Failure) 12M->8M(15M) 0.190ms
[24.507s][info][gc] GC(7352) Pause Young (Allocation Failure) 12M->8M(15M) 0.235ms
[24.508s][info][gc] GC(7353) Pause Young (Allocation Failure) 12M->8M(15M) 0.167ms
[24.509s][info][gc] GC(7354) Pause Young (Allocation Failure) 13M->8M(15M) 0.171ms
[24.509s][info][gc] GC(7355) Pause Young (Allocation Failure) 12M->9M(15M) 0.181ms
[24.510s][info][gc] GC(7356) Pause Young (Allocation Failure) 13M->9M(15M) 0.203ms
[24.511s][info][gc] GC(7357) Pause Young (Allocation Failure) 13M->9M(15M) 0.195ms
[24.512s][info][gc] GC(7358) Pause Young (Allocation Failure) 14M->10M(15M) 0.207ms
[24.512s][info][gc] GC(7359) Pause Young (Allocation Failure) 14M->10M(15M) 0.176ms
[24.513s][info][gc] GC(7360) Pause Young (Allocation Failure) 14M->9M(15M) 0.166ms
[24.514s][info][gc] GC(7361) Pause Young (Allocation Failure) 14M->10M(15M) 0.178ms
[24.515s][info][gc] GC(7362) Pause Young (Allocation Failure) 14M->10M(15M) 0.214ms
[24.516s][info][gc] GC(7363) Pause Young (Allocation Failure) 14M->10M(15M) 0.169ms
[24.517s][info][gc] GC(7364) Pause Young (Allocation Failure) 14M->10M(15M) 0.189ms
[24.517s][info][gc] GC(7365) Pause Young (Allocation Failure) 15M->15M(15M) 0.025ms
[24.522s][info][gc] GC(7366) Pause Full (Allocation Failure) 15M->5M(15M) 4.979ms
[24.523s][info][gc] GC(7367) Pause Young (Allocation Failure) 9M->5M(15M) 0.227ms
[24.524s][info][gc] GC(7368) Pause Young (Allocation Failure) 9M->5M(15M) 0.203ms
[24.525s][info][gc] GC(7369) Pause Young (Allocation Failure) 10M->5M(15M) 0.175ms
[24.525s][info][gc] GC(7370) Pause Young (Allocation Failure) 9M->5M(15M) 0.166ms
[24.526s][info][gc] GC(7371) Pause Young (Allocation Failure) 9M->5M(15M) 0.154ms
[24.527s][info][gc] GC(7372) Pause Young (Allocation Failure) 10M->5M(15M) 0.164ms
[24.528s][info][gc] GC(7373) Pause Young (Allocation Failure) 9M->6M(15M) 0.206ms
[24.529s][info][gc] GC(7374) Pause Young (Allocation Failure) 10M->5M(15M) 0.169ms
[24.529s][info][gc] GC(7375) Pause Young (Allocation Failure) 10M->5M(15M) 0.178ms
[24.530s][info][gc] GC(7376) Pause Young (Allocation Failure) 10M->6M(15M) 0.169ms
[24.531s][info][gc] GC(7377) Pause Young (Allocation Failure) 10M->6M(15M) 0.186ms
[24.532s][info][gc] GC(7378) Pause Young (Allocation Failure) 10M->6M(15M) 0.192ms
[24.533s][info][gc] GC(7379) Pause Young (Allocation Failure) 10M->6M(15M) 0.189ms
[24.533s][info][gc] GC(7380) Pause Young (Allocation Failure) 10M->6M(15M) 0.189ms
[24.534s][info][gc] GC(7381) Pause Young (Allocation Failure) 11M->6M(15M) 0.173ms
[24.535s][info][gc] GC(7382) Pause Young (Allocation Failure) 10M->7M(15M) 0.206ms
[24.536s][info][gc] GC(7383) Pause Young (Allocation Failure) 11M->6M(15M) 0.177ms
[24.537s][info][gc] GC(7384) Pause Young (Allocation Failure) 11M->6M(15M) 0.163ms
[24.537s][info][gc] GC(7385) Pause Young (Allocation Failure) 10M->6M(15M) 0.170ms
[24.538s][info][gc] GC(7386) Pause Young (Allocation Failure) 11M->7M(15M) 0.185ms
[24.539s][info][gc] GC(7387) Pause Young (Allocation Failure) 11M->7M(15M) 0.202ms
[24.540s][info][gc] GC(7388) Pause Young (Allocation Failure) 11M->8M(15M) 0.218ms
[24.541s][info][gc] GC(7389) Pause Young (Allocation Failure) 12M->8M(15M) 0.189ms
[24.541s][info][gc] GC(7390) Pause Young (Allocation Failure) 12M->8M(15M) 0.197ms
[24.542s][info][gc] GC(7391) Pause Young (Allocation Failure) 12M->8M(15M) 0.186ms
[24.543s][info][gc] GC(7392) Pause Young (Allocation Failure) 12M->8M(15M) 0.170ms
[24.544s][info][gc] GC(7393) Pause Young (Allocation Failure) 12M->8M(15M) 0.182ms
[24.545s][info][gc] GC(7394) Pause Young (Allocation Failure) 12M->8M(15M) 0.175ms
[24.545s][info][gc] GC(7395) Pause Young (Allocation Failure) 12M->8M(15M) 0.184ms
[24.546s][info][gc] GC(7396) Pause Young (Allocation Failure) 12M->8M(15M) 0.190ms
[24.547s][info][gc] GC(7397) Pause Young (Allocation Failure) 13M->8M(15M) 0.185ms
[24.548s][info][gc] GC(7398) Pause Young (Allocation Failure) 13M->8M(15M) 0.185ms
[24.548s][info][gc] GC(7399) Pause Young (Allocation Failure) 13M->8M(15M) 0.181ms
[24.549s][info][gc] GC(7400) Pause Young (Allocation Failure) 13M->8M(15M) 0.181ms
[24.550s][info][gc] GC(7401) Pause Young (Allocation Failure) 13M->8M(15M) 0.170ms
[24.551s][info][gc] GC(7402) Pause Young (Allocation Failure) 12M->8M(15M) 0.173ms
[24.551s][info][gc] GC(7403) Pause Young (Allocation Failure) 12M->9M(15M) 0.207ms
[24.552s][info][gc] GC(7404) Pause Young (Allocation Failure) 13M->9M(15M) 0.185ms
[24.553s][info][gc] GC(7405) Pause Young (Allocation Failure) 13M->9M(15M) 0.186ms
[24.554s][info][gc] GC(7406) Pause Young (Allocation Failure) 13M->9M(15M) 0.184ms
[24.555s][info][gc] GC(7407) Pause Young (Allocation Failure) 13M->9M(15M) 0.192ms
[24.555s][info][gc] GC(7408) Pause Young (Allocation Failure) 13M->10M(15M) 0.221ms
[24.556s][info][gc] GC(7409) Pause Young (Allocation Failure) 14M->9M(15M) 0.184ms
[24.557s][info][gc] GC(7410) Pause Young (Allocation Failure) 14M->10M(15M) 0.196ms
[24.558s][info][gc] GC(7411) Pause Young (Allocation Failure) 14M->10M(15M) 0.185ms
[24.559s][info][gc] GC(7412) Pause Young (Allocation Failure) 14M->10M(15M) 0.199ms
[24.559s][info][gc] GC(7413) Pause Young (Allocation Failure) 14M->10M(15M) 0.188ms
[24.560s][info][gc] GC(7414) Pause Young (Allocation Failure) 14M->10M(15M) 0.203ms
[24.561s][info][gc] GC(7415) Pause Young (Allocation Failure) 15M->15M(15M) 0.025ms
[24.566s][info][gc] GC(7416) Pause Full (Allocation Failure) 15M->4M(15M) 5.046ms
[24.567s][info][gc] GC(7417) Pause Young (Allocation Failure) 9M->5M(15M) 0.200ms
[24.568s][info][gc] GC(7418) Pause Young (Allocation Failure) 9M->5M(15M) 0.171ms
[24.568s][info][gc] GC(7419) Pause Young (Allocation Failure) 9M->5M(15M) 0.217ms
[24.569s][info][gc] GC(7420) Pause Young (Allocation Failure) 10M->5M(15M) 0.186ms
[24.570s][info][gc] GC(7421) Pause Young (Allocation Failure) 10M->6M(15M) 0.192ms
[24.571s][info][gc] GC(7422) Pause Young (Allocation Failure) 10M->6M(15M) 0.195ms
[24.572s][info][gc] GC(7423) Pause Young (Allocation Failure) 10M->6M(15M) 0.196ms
[24.572s][info][gc] GC(7424) Pause Young (Allocation Failure) 10M->6M(15M) 0.198ms
[24.573s][info][gc] GC(7425) Pause Young (Allocation Failure) 10M->6M(15M) 0.174ms
[24.574s][info][gc] GC(7426) Pause Young (Allocation Failure) 10M->6M(15M) 0.187ms
[24.575s][info][gc] GC(7427) Pause Young (Allocation Failure) 11M->6M(15M) 0.201ms
[24.576s][info][gc] GC(7428) Pause Young (Allocation Failure) 11M->6M(15M) 0.172ms
[24.576s][info][gc] GC(7429) Pause Young (Allocation Failure) 11M->6M(15M) 0.194ms
[24.577s][info][gc] GC(7430) Pause Young (Allocation Failure) 11M->6M(15M) 0.167ms
[24.578s][info][gc] GC(7431) Pause Young (Allocation Failure) 10M->6M(15M) 0.175ms
[24.579s][info][gc] GC(7432) Pause Young (Allocation Failure) 10M->6M(15M) 0.183ms
[24.579s][info][gc] GC(7433) Pause Young (Allocation Failure) 11M->7M(15M) 0.213ms
[24.580s][info][gc] GC(7434) Pause Young (Allocation Failure) 11M->7M(15M) 0.192ms
[24.581s][info][gc] GC(7435) Pause Young (Allocation Failure) 11M->7M(15M) 0.183ms
[24.582s][info][gc] GC(7436) Pause Young (Allocation Failure) 11M->7M(15M) 0.188ms
[24.583s][info][gc] GC(7437) Pause Young (Allocation Failure) 11M->7M(15M) 0.176ms
[24.583s][info][gc] GC(7438) Pause Young (Allocation Failure) 11M->7M(15M) 0.176ms
[24.584s][info][gc] GC(7439) Pause Young (Allocation Failure) 11M->8M(15M) 0.212ms
[24.585s][info][gc] GC(7440) Pause Young (Allocation Failure) 12M->7M(15M) 0.123ms
[24.586s][info][gc] GC(7441) Pause Young (Allocation Failure) 12M->8M(15M) 0.192ms
[24.587s][info][gc] GC(7442) Pause Young (Allocation Failure) 12M->8M(15M) 0.182ms
[24.587s][info][gc] GC(7443) Pause Young (Allocation Failure) 12M->7M(15M) 0.171ms
[24.588s][info][gc] GC(7444) Pause Young (Allocation Failure) 12M->8M(15M) 0.185ms
[24.589s][info][gc] GC(7445) Pause Young (Allocation Failure) 12M->8M(15M) 0.190ms
[24.590s][info][gc] GC(7446) Pause Young (Allocation Failure) 12M->8M(15M) 0.197ms
[24.591s][info][gc] GC(7447) Pause Young (Allocation Failure) 12M->8M(15M) 0.180ms
[24.591s][info][gc] GC(7448) Pause Young (Allocation Failure) 12M->7M(15M) 0.166ms
[24.592s][info][gc] GC(7449) Pause Young (Allocation Failure) 12M->7M(15M) 0.167ms
[24.593s][info][gc] GC(7450) Pause Young (Allocation Failure) 12M->8M(15M) 0.171ms
[24.594s][info][gc] GC(7451) Pause Young (Allocation Failure) 12M->8M(15M) 0.176ms
[24.595s][info][gc] GC(7452) Pause Young (Allocation Failure) 12M->8M(15M) 0.193ms
[24.596s][info][gc] GC(7453) Pause Young (Allocation Failure) 12M->8M(15M) 0.169ms
[24.596s][info][gc] GC(7454) Pause Young (Allocation Failure) 13M->8M(15M) 0.172ms
[24.597s][info][gc] GC(7455) Pause Young (Allocation Failure) 12M->8M(15M) 0.178ms
[24.598s][info][gc] GC(7456) Pause Young (Allocation Failure) 12M->8M(15M) 0.164ms
[24.599s][info][gc] GC(7457) Pause Young (Allocation Failure) 12M->8M(15M) 0.180ms
[24.599s][info][gc] GC(7458) Pause Young (Allocation Failure) 13M->9M(15M) 0.207ms
[24.600s][info][gc] GC(7459) Pause Young (Allocation Failure) 13M->8M(15M) 0.173ms
[24.601s][info][gc] GC(7460) Pause Young (Allocation Failure) 13M->8M(15M) 0.173ms
[24.602s][info][gc] GC(7461) Pause Young (Allocation Failure) 13M->9M(15M) 0.174ms
[24.603s][info][gc] GC(7462) Pause Young (Allocation Failure) 13M->9M(15M) 0.175ms
[24.603s][info][gc] GC(7463) Pause Young (Allocation Failure) 13M->8M(15M) 0.175ms
[24.604s][info][gc] GC(7464) Pause Young (Allocation Failure) 13M->9M(15M) 0.175ms
[24.605s][info][gc] GC(7465) Pause Young (Allocation Failure) 13M->8M(15M) 0.166ms
[24.606s][info][gc] GC(7466) Pause Young (Allocation Failure) 13M->9M(15M) 0.180ms
[24.607s][info][gc] GC(7467) Pause Young (Allocation Failure) 13M->9M(15M) 0.173ms
[24.607s][info][gc] GC(7468) Pause Young (Allocation Failure) 13M->9M(15M) 0.166ms
[24.608s][info][gc] GC(7469) Pause Young (Allocation Failure) 13M->10M(15M) 0.217ms
[24.609s][info][gc] GC(7470) Pause Young (Allocation Failure) 14M->9M(15M) 0.173ms
[24.610s][info][gc] GC(7471) Pause Young (Allocation Failure) 14M->9M(15M) 0.176ms
[24.610s][info][gc] GC(7472) Pause Young (Allocation Failure) 14M->10M(15M) 0.149ms
[24.611s][info][gc] GC(7473) Pause Young (Allocation Failure) 14M->10M(15M) 0.197ms
[24.612s][info][gc] GC(7474) Pause Young (Allocation Failure) 14M->10M(15M) 0.164ms
[24.613s][info][gc] GC(7475) Pause Young (Allocation Failure) 14M->10M(15M) 0.192ms
[24.614s][info][gc] GC(7476) Pause Young (Allocation Failure) 14M->10M(15M) 0.173ms
[24.614s][info][gc] GC(7477) Pause Young (Allocation Failure) 14M->10M(15M) 0.175ms
[24.615s][info][gc] GC(7478) Pause Young (Allocation Failure) 14M->10M(15M) 0.181ms
[24.616s][info][gc] GC(7479) Pause Young (Allocation Failure) 14M->10M(15M) 0.170ms
[24.617s][info][gc] GC(7480) Pause Young (Allocation Failure) 14M->10M(15M) 0.163ms
[24.618s][info][gc] GC(7481) Pause Young (Allocation Failure) 15M->15M(15M) 0.025ms
[24.623s][info][gc] GC(7482) Pause Full (Allocation Failure) 15M->4M(15M) 5.010ms
[24.623s][info][gc] GC(7483) Pause Young (Allocation Failure) 9M->5M(15M) 0.161ms
[24.624s][info][gc] GC(7484) Pause Young (Allocation Failure) 9M->5M(15M) 0.150ms
[24.625s][info][gc] GC(7485) Pause Young (Allocation Failure) 9M->5M(15M) 0.179ms
[24.626s][info][gc] GC(7486) Pause Young (Allocation Failure) 9M->5M(15M) 0.171ms
[24.627s][info][gc] GC(7487) Pause Young (Allocation Failure) 9M->5M(15M) 0.200ms
[24.627s][info][gc] GC(7488) Pause Young (Allocation Failure) 9M->5M(15M) 0.177ms
[24.628s][info][gc] GC(7489) Pause Young (Allocation Failure) 9M->5M(15M) 0.183ms
[24.629s][info][gc] GC(7490) Pause Young (Allocation Failure) 9M->6M(15M) 0.221ms
[24.630s][info][gc] GC(7491) Pause Young (Allocation Failure) 10M->6M(15M) 0.183ms
[24.630s][info][gc] GC(7492) Pause Young (Allocation Failure) 10M->5M(15M) 0.165ms
[24.631s][info][gc] GC(7493) Pause Young (Allocation Failure) 10M->5M(15M) 0.173ms
[24.632s][info][gc] GC(7494) Pause Young (Allocation Failure) 10M->5M(15M) 0.168ms
[24.633s][info][gc] GC(7495) Pause Young (Allocation Failure) 10M->6M(15M) 0.186ms
[24.634s][info][gc] GC(7496) Pause Young (Allocation Failure) 10M->5M(15M) 0.193ms
[24.634s][info][gc] GC(7497) Pause Young (Allocation Failure) 10M->6M(15M) 0.181ms
[24.635s][info][gc] GC(7498) Pause Young (Allocation Failure) 10M->6M(15M) 0.195ms
[24.636s][info][gc] GC(7499) Pause Young (Allocation Failure) 10M->6M(15M) 0.201ms
[24.637s][info][gc] GC(7500) Pause Young (Allocation Failure) 10M->6M(15M) 0.181ms
[24.638s][info][gc] GC(7501) Pause Young (Allocation Failure) 10M->6M(15M) 0.186ms
[24.638s][info][gc] GC(7502) Pause Young (Allocation Failure) 10M->6M(15M) 0.170ms
[24.639s][info][gc] GC(7503) Pause Young (Allocation Failure) 10M->6M(15M) 0.138ms
[24.640s][info][gc] GC(7504) Pause Young (Allocation Failure) 10M->6M(15M) 0.172ms
[24.641s][info][gc] GC(7505) Pause Young (Allocation Failure) 10M->6M(15M) 0.179ms
[24.642s][info][gc] GC(7506) Pause Young (Allocation Failure) 10M->6M(15M) 0.171ms
[24.642s][info][gc] GC(7507) Pause Young (Allocation Failure) 10M->6M(15M) 0.193ms
[24.643s][info][gc] GC(7508) Pause Young (Allocation Failure) 10M->7M(15M) 0.210ms
[24.644s][info][gc] GC(7509) Pause Young (Allocation Failure) 11M->6M(15M) 0.176ms
[24.645s][info][gc] GC(7510) Pause Young (Allocation Failure) 11M->6M(15M) 0.164ms
[24.646s][info][gc] GC(7511) Pause Young (Allocation Failure) 10M->6M(15M) 0.172ms
[24.646s][info][gc] GC(7512) Pause Young (Allocation Failure) 11M->6M(15M) 0.179ms
[24.647s][info][gc] GC(7513) Pause Young (Allocation Failure) 11M->6M(15M) 0.173ms
[24.648s][info][gc] GC(7514) Pause Young (Allocation Failure) 11M->7M(15M) 0.186ms
[24.649s][info][gc] GC(7515) Pause Young (Allocation Failure) 11M->7M(15M) 0.182ms
[24.649s][info][gc] GC(7516) Pause Young (Allocation Failure) 11M->7M(15M) 0.215ms
[24.650s][info][gc] GC(7517) Pause Young (Allocation Failure) 11M->7M(15M) 0.192ms
[24.651s][info][gc] GC(7518) Pause Young (Allocation Failure) 11M->7M(15M) 0.175ms
[24.652s][info][gc] GC(7519) Pause Young (Allocation Failure) 11M->7M(15M) 0.175ms
[24.653s][info][gc] GC(7520) Pause Young (Allocation Failure) 11M->7M(15M) 0.168ms
[24.654s][info][gc] GC(7521) Pause Young (Allocation Failure) 11M->7M(15M) 0.191ms
[24.654s][info][gc] GC(7522) Pause Young (Allocation Failure) 12M->7M(15M) 0.178ms
[24.655s][info][gc] GC(7523) Pause Young (Allocation Failure) 11M->7M(15M) 0.140ms
[24.656s][info][gc] GC(7524) Pause Young (Allocation Failure) 12M->7M(15M) 0.171ms
[24.657s][info][gc] GC(7525) Pause Young (Allocation Failure) 12M->7M(15M) 0.169ms
[24.658s][info][gc] GC(7526) Pause Young (Allocation Failure) 12M->7M(15M) 0.177ms
[24.659s][info][gc] GC(7527) Pause Young (Allocation Failure) 12M->8M(15M) 0.200ms
[24.659s][info][gc] GC(7528) Pause Young (Allocation Failure) 12M->8M(15M) 0.228ms
[24.660s][info][gc] GC(7529) Pause Young (Allocation Failure) 13M->8M(15M) 0.174ms
[24.661s][info][gc] GC(7530) Pause Young (Allocation Failure) 12M->8M(15M) 0.189ms
[24.662s][info][gc] GC(7531) Pause Young (Allocation Failure) 13M->8M(15M) 0.174ms
[24.663s][info][gc] GC(7532) Pause Young (Allocation Failure) 13M->8M(15M) 0.167ms
[24.663s][info][gc] GC(7533) Pause Young (Allocation Failure) 12M->8M(15M) 0.169ms
[24.664s][info][gc] GC(7534) Pause Young (Allocation Failure) 12M->9M(15M) 0.190ms
[24.665s][info][gc] GC(7535) Pause Young (Allocation Failure) 13M->8M(15M) 0.165ms
[24.666s][info][gc] GC(7536) Pause Young (Allocation Failure) 12M->8M(15M) 0.174ms
[24.666s][info][gc] GC(7537) Pause Young (Allocation Failure) 13M->8M(15M) 0.171ms
[24.667s][info][gc] GC(7538) Pause Young (Allocation Failure) 12M->9M(15M) 0.194ms
[24.668s][info][gc] GC(7539) Pause Young (Allocation Failure) 13M->9M(15M) 0.198ms
[24.669s][info][gc] GC(7540) Pause Young (Allocation Failure) 13M->9M(15M) 0.165ms
[24.670s][info][gc] GC(7541) Pause Young (Allocation Failure) 13M->9M(15M) 0.169ms
[24.670s][info][gc] GC(7542) Pause Young (Allocation Failure) 13M->9M(15M) 0.185ms
[24.671s][info][gc] GC(7543) Pause Young (Allocation Failure) 13M->9M(15M) 0.186ms
[24.672s][info][gc] GC(7544) Pause Young (Allocation Failure) 13M->9M(15M) 0.191ms
[24.673s][info][gc] GC(7545) Pause Young (Allocation Failure) 13M->9M(15M) 0.183ms
[24.674s][info][gc] GC(7546) Pause Young (Allocation Failure) 14M->9M(15M) 0.195ms
[24.675s][info][gc] GC(7547) Pause Young (Allocation Failure) 14M->10M(15M) 0.199ms
[24.675s][info][gc] GC(7548) Pause Young (Allocation Failure) 14M->10M(15M) 0.184ms
[24.676s][info][gc] GC(7549) Pause Young (Allocation Failure) 14M->9M(15M) 0.161ms
[24.677s][info][gc] GC(7550) Pause Young (Allocation Failure) 14M->10M(15M) 0.191ms
[24.678s][info][gc] GC(7551) Pause Young (Allocation Failure) 14M->10M(15M) 0.197ms
[24.678s][info][gc] GC(7552) Pause Young (Allocation Failure) 14M->11M(15M) 0.211ms
[24.679s][info][gc] GC(7553) Pause Young (Allocation Failure) 15M->15M(15M) 0.025ms
[24.684s][info][gc] GC(7554) Pause Full (Allocation Failure) 15M->4M(15M) 5.208ms
[24.685s][info][gc] GC(7555) Pause Young (Allocation Failure) 8M->5M(15M) 0.218ms
[24.686s][info][gc] GC(7556) Pause Young (Allocation Failure) 9M->5M(15M) 0.179ms
[24.687s][info][gc] GC(7557) Pause Young (Allocation Failure) 9M->5M(15M) 0.179ms
[24.688s][info][gc] GC(7558) Pause Young (Allocation Failure) 9M->5M(15M) 0.146ms
[24.688s][info][gc] GC(7559) Pause Young (Allocation Failure) 9M->5M(15M) 0.184ms
[24.689s][info][gc] GC(7560) Pause Young (Allocation Failure) 9M->5M(15M) 0.171ms
[24.690s][info][gc] GC(7561) Pause Young (Allocation Failure) 9M->5M(15M) 0.177ms
[24.691s][info][gc] GC(7562) Pause Young (Allocation Failure) 9M->5M(15M) 0.172ms
[24.692s][info][gc] GC(7563) Pause Young (Allocation Failure) 9M->5M(15M) 0.167ms
[24.692s][info][gc] GC(7564) Pause Young (Allocation Failure) 9M->5M(15M) 0.182ms
[24.693s][info][gc] GC(7565) Pause Young (Allocation Failure) 9M->5M(15M) 0.175ms
[24.694s][info][gc] GC(7566) Pause Young (Allocation Failure) 9M->5M(15M) 0.217ms
[24.695s][info][gc] GC(7567) Pause Young (Allocation Failure) 10M->5M(15M) 0.179ms
[24.696s][info][gc] GC(7568) Pause Young (Allocation Failure) 10M->6M(15M) 0.186ms
[24.697s][info][gc] GC(7569) Pause Young (Allocation Failure) 10M->5M(15M) 0.173ms
[24.697s][info][gc] GC(7570) Pause Young (Allocation Failure) 10M->5M(15M) 0.172ms
[24.698s][info][gc] GC(7571) Pause Young (Allocation Failure) 9M->5M(15M) 0.163ms
[24.699s][info][gc] GC(7572) Pause Young (Allocation Failure) 9M->5M(15M) 0.181ms
[24.700s][info][gc] GC(7573) Pause Young (Allocation Failure) 10M->6M(15M) 0.205ms
[24.701s][info][gc] GC(7574) Pause Young (Allocation Failure) 10M->5M(15M) 0.163ms
[24.701s][info][gc] GC(7575) Pause Young (Allocation Failure) 10M->6M(15M) 0.192ms
[24.702s][info][gc] GC(7576) Pause Young (Allocation Failure) 10M->6M(15M) 0.208ms
[24.703s][info][gc] GC(7577) Pause Young (Allocation Failure) 11M->6M(15M) 0.169ms
[24.704s][info][gc] GC(7578) Pause Young (Allocation Failure) 11M->6M(15M) 0.151ms
[24.705s][info][gc] GC(7579) Pause Young (Allocation Failure) 10M->6M(15M) 0.164ms
[24.706s][info][gc] GC(7580) Pause Young (Allocation Failure) 11M->6M(15M) 0.168ms
[24.706s][info][gc] GC(7581) Pause Young (Allocation Failure) 11M->7M(15M) 0.188ms
[24.707s][info][gc] GC(7582) Pause Young (Allocation Failure) 11M->7M(15M) 0.167ms
[24.708s][info][gc] GC(7583) Pause Young (Allocation Failure) 11M->6M(15M) 0.151ms
[24.708s][info][gc] GC(7584) Pause Young (Allocation Failure) 11M->7M(15M) 0.178ms
[24.709s][info][gc] GC(7585) Pause Young (Allocation Failure) 11M->7M(15M) 0.209ms
[24.710s][info][gc] GC(7586) Pause Young (Allocation Failure) 11M->7M(15M) 0.180ms
[24.711s][info][gc] GC(7587) Pause Young (Allocation Failure) 11M->7M(15M) 0.177ms
[24.712s][info][gc] GC(7588) Pause Young (Allocation Failure) 11M->7M(15M) 0.175ms
[24.712s][info][gc] GC(7589) Pause Young (Allocation Failure) 11M->7M(15M) 0.183ms
[24.713s][info][gc] GC(7590) Pause Young (Allocation Failure) 11M->7M(15M) 0.181ms
[24.714s][info][gc] GC(7591) Pause Young (Allocation Failure) 11M->7M(15M) 0.167ms
[24.715s][info][gc] GC(7592) Pause Young (Allocation Failure) 11M->7M(15M) 0.180ms
[24.716s][info][gc] GC(7593) Pause Young (Allocation Failure) 11M->7M(15M) 0.158ms
[24.716s][info][gc] GC(7594) Pause Young (Allocation Failure) 12M->8M(15M) 0.192ms
[24.717s][info][gc] GC(7595) Pause Young (Allocation Failure) 12M->8M(15M) 0.203ms
[24.718s][info][gc] GC(7596) Pause Young (Allocation Failure) 12M->8M(15M) 0.189ms
[24.719s][info][gc] GC(7597) Pause Young (Allocation Failure) 12M->8M(15M) 0.173ms
[24.720s][info][gc] GC(7598) Pause Young (Allocation Failure) 12M->8M(15M) 0.184ms
[24.721s][info][gc] GC(7599) Pause Young (Allocation Failure) 12M->8M(15M) 0.171ms
[24.721s][info][gc] GC(7600) Pause Young (Allocation Failure) 12M->8M(15M) 0.183ms
[24.722s][info][gc] GC(7601) Pause Young (Allocation Failure) 12M->8M(15M) 0.209ms
[24.723s][info][gc] GC(7602) Pause Young (Allocation Failure) 13M->8M(15M) 0.184ms
[24.724s][info][gc] GC(7603) Pause Young (Allocation Failure) 13M->8M(15M) 0.191ms
[24.725s][info][gc] GC(7604) Pause Young (Allocation Failure) 13M->9M(15M) 0.188ms
[24.726s][info][gc] GC(7605) Pause Young (Allocation Failure) 13M->9M(15M) 0.192ms
[24.726s][info][gc] GC(7606) Pause Young (Allocation Failure) 13M->9M(15M) 0.202ms
[24.727s][info][gc] GC(7607) Pause Young (Allocation Failure) 13M->9M(15M) 0.202ms
[24.728s][info][gc] GC(7608) Pause Young (Allocation Failure) 13M->9M(15M) 0.164ms
[24.729s][info][gc] GC(7609) Pause Young (Allocation Failure) 13M->9M(15M) 0.182ms
[24.729s][info][gc] GC(7610) Pause Young (Allocation Failure) 13M->9M(15M) 0.196ms
[24.730s][info][gc] GC(7611) Pause Young (Allocation Failure) 14M->10M(15M) 0.197ms
[24.731s][info][gc] GC(7612) Pause Young (Allocation Failure) 14M->10M(15M) 0.181ms
[24.732s][info][gc] GC(7613) Pause Young (Allocation Failure) 14M->10M(15M) 0.200ms
[24.733s][info][gc] GC(7614) Pause Young (Allocation Failure) 14M->10M(15M) 0.190ms
[24.734s][info][gc] GC(7615) Pause Young (Allocation Failure) 14M->10M(15M) 0.170ms
[24.734s][info][gc] GC(7616) Pause Young (Allocation Failure) 14M->10M(15M) 0.165ms
[24.735s][info][gc] GC(7617) Pause Young (Allocation Failure) 14M->10M(15M) 0.166ms
[24.736s][info][gc] GC(7618) Pause Young (Allocation Failure) 14M->10M(15M) 0.203ms
[24.737s][info][gc] GC(7619) Pause Young (Allocation Failure) 15M->15M(15M) 0.025ms
[24.742s][info][gc] GC(7620) Pause Full (Allocation Failure) 15M->4M(15M) 5.019ms
[24.743s][info][gc] GC(7621) Pause Young (Allocation Failure) 9M->5M(15M) 0.190ms
[24.743s][info][gc] GC(7622) Pause Young (Allocation Failure) 9M->5M(15M) 0.176ms
[24.744s][info][gc] GC(7623) Pause Young (Allocation Failure) 9M->5M(15M) 0.185ms
[24.745s][info][gc] GC(7624) Pause Young (Allocation Failure) 9M->5M(15M) 0.195ms
[24.746s][info][gc] GC(7625) Pause Young (Allocation Failure) 9M->5M(15M) 0.181ms
[24.747s][info][gc] GC(7626) Pause Young (Allocation Failure) 9M->5M(15M) 0.171ms
[24.747s][info][gc] GC(7627) Pause Young (Allocation Failure) 9M->5M(15M) 0.174ms
[24.748s][info][gc] GC(7628) Pause Young (Allocation Failure) 9M->5M(15M) 0.168ms
[24.749s][info][gc] GC(7629) Pause Young (Allocation Failure) 9M->5M(15M) 0.170ms
[24.750s][info][gc] GC(7630) Pause Young (Allocation Failure) 9M->5M(15M) 0.164ms
[24.751s][info][gc] GC(7631) Pause Young (Allocation Failure) 9M->5M(15M) 0.173ms
[24.751s][info][gc] GC(7632) Pause Young (Allocation Failure) 9M->5M(15M) 0.192ms
[24.752s][info][gc] GC(7633) Pause Young (Allocation Failure) 9M->5M(15M) 0.202ms
[24.753s][info][gc] GC(7634) Pause Young (Allocation Failure) 10M->5M(15M) 0.169ms
[24.754s][info][gc] GC(7635) Pause Young (Allocation Failure) 9M->6M(15M) 0.197ms
[24.755s][info][gc] GC(7636) Pause Young (Allocation Failure) 10M->5M(15M) 0.177ms
[24.755s][info][gc] GC(7637) Pause Young (Allocation Failure) 10M->6M(15M) 0.199ms
[24.756s][info][gc] GC(7638) Pause Young (Allocation Failure) 10M->5M(15M) 0.164ms
[24.757s][info][gc] GC(7639) Pause Young (Allocation Failure) 10M->6M(15M) 0.173ms
[24.758s][info][gc] GC(7640) Pause Young (Allocation Failure) 10M->6M(15M) 0.178ms
[24.759s][info][gc] GC(7641) Pause Young (Allocation Failure) 10M->6M(15M) 0.175ms
[24.759s][info][gc] GC(7642) Pause Young (Allocation Failure) 10M->6M(15M) 0.184ms
[24.760s][info][gc] GC(7643) Pause Young (Allocation Failure) 10M->6M(15M) 0.175ms
[24.761s][info][gc] GC(7644) Pause Young (Allocation Failure) 10M->6M(15M) 0.135ms
[24.762s][info][gc] GC(7645) Pause Young (Allocation Failure) 10M->6M(15M) 0.188ms
[24.762s][info][gc] GC(7646) Pause Young (Allocation Failure) 10M->6M(15M) 0.174ms
[24.763s][info][gc] GC(7647) Pause Young (Allocation Failure) 10M->6M(15M) 0.168ms
[24.764s][info][gc] GC(7648) Pause Young (Allocation Failure) 10M->6M(15M) 0.162ms
[24.765s][info][gc] GC(7649) Pause Young (Allocation Failure) 10M->6M(15M) 0.199ms
[24.765s][info][gc] GC(7650) Pause Young (Allocation Failure) 11M->6M(15M) 0.167ms
[24.766s][info][gc] GC(7651) Pause Young (Allocation Failure) 10M->6M(15M) 0.162ms
[24.767s][info][gc] GC(7652) Pause Young (Allocation Failure) 10M->6M(15M) 0.164ms
[24.768s][info][gc] GC(7653) Pause Young (Allocation Failure) 10M->6M(15M) 0.172ms
[24.769s][info][gc] GC(7654) Pause Young (Allocation Failure) 10M->6M(15M) 0.181ms
[24.770s][info][gc] GC(7655) Pause Young (Allocation Failure) 10M->7M(15M) 0.169ms
[24.770s][info][gc] GC(7656) Pause Young (Allocation Failure) 11M->6M(15M) 0.177ms
[24.771s][info][gc] GC(7657) Pause Young (Allocation Failure) 11M->7M(15M) 0.175ms
[24.772s][info][gc] GC(7658) Pause Young (Allocation Failure) 11M->7M(15M) 0.149ms
[24.773s][info][gc] GC(7659) Pause Young (Allocation Failure) 12M->7M(15M) 0.163ms
[24.774s][info][gc] GC(7660) Pause Young (Allocation Failure) 11M->7M(15M) 0.179ms
[24.774s][info][gc] GC(7661) Pause Young (Allocation Failure) 12M->7M(15M) 0.185ms
[24.775s][info][gc] GC(7662) Pause Young (Allocation Failure) 12M->7M(15M) 0.171ms
[24.776s][info][gc] GC(7663) Pause Young (Allocation Failure) 11M->7M(15M) 0.168ms
[24.777s][info][gc] GC(7664) Pause Young (Allocation Failure) 11M->8M(15M) 0.231ms
[24.777s][info][gc] GC(7665) Pause Young (Allocation Failure) 12M->8M(15M) 0.185ms
[24.778s][info][gc] GC(7666) Pause Young (Allocation Failure) 12M->8M(15M) 0.201ms
[24.779s][info][gc] GC(7667) Pause Young (Allocation Failure) 12M->8M(15M) 0.180ms
[24.780s][info][gc] GC(7668) Pause Young (Allocation Failure) 12M->8M(15M) 0.174ms
[24.781s][info][gc] GC(7669) Pause Young (Allocation Failure) 12M->8M(15M) 0.199ms
[24.781s][info][gc] GC(7670) Pause Young (Allocation Failure) 13M->8M(15M) 0.195ms
[24.782s][info][gc] GC(7671) Pause Young (Allocation Failure) 13M->8M(15M) 0.187ms
[24.783s][info][gc] GC(7672) Pause Young (Allocation Failure) 13M->8M(15M) 0.177ms
[24.784s][info][gc] GC(7673) Pause Young (Allocation Failure) 13M->8M(15M) 0.167ms
[24.785s][info][gc] GC(7674) Pause Young (Allocation Failure) 13M->9M(15M) 0.176ms
[24.785s][info][gc] GC(7675) Pause Young (Allocation Failure) 13M->9M(15M) 0.200ms
[24.786s][info][gc] GC(7676) Pause Young (Allocation Failure) 13M->9M(15M) 0.161ms
[24.787s][info][gc] GC(7677) Pause Young (Allocation Failure) 13M->9M(15M) 0.127ms
[24.788s][info][gc] GC(7678) Pause Young (Allocation Failure) 13M->9M(15M) 0.154ms
[24.788s][info][gc] GC(7679) Pause Young (Allocation Failure) 13M->10M(15M) 0.197ms
[24.789s][info][gc] GC(7680) Pause Young (Allocation Failure) 14M->9M(15M) 0.175ms
[24.790s][info][gc] GC(7681) Pause Young (Allocation Failure) 14M->10M(15M) 0.184ms
[24.791s][info][gc] GC(7682) Pause Young (Allocation Failure) 14M->9M(15M) 0.173ms
[24.791s][info][gc] GC(7683) Pause Young (Allocation Failure) 14M->9M(15M) 0.174ms
[24.792s][info][gc] GC(7684) Pause Young (Allocation Failure) 14M->10M(15M) 0.164ms
[24.793s][info][gc] GC(7685) Pause Young (Allocation Failure) 14M->10M(15M) 0.164ms
[24.794s][info][gc] GC(7686) Pause Young (Allocation Failure) 14M->10M(15M) 0.187ms
[24.795s][info][gc] GC(7687) Pause Young (Allocation Failure) 14M->10M(15M) 0.167ms
[24.795s][info][gc] GC(7688) Pause Young (Allocation Failure) 14M->10M(15M) 0.193ms
[24.796s][info][gc] GC(7689) Pause Young (Allocation Failure) 15M->15M(15M) 0.020ms
[24.801s][info][gc] GC(7690) Pause Full (Allocation Failure) 15M->5M(15M) 5.158ms
[24.802s][info][gc] GC(7691) Pause Young (Allocation Failure) 9M->5M(15M) 0.193ms
[24.803s][info][gc] GC(7692) Pause Young (Allocation Failure) 9M->5M(15M) 0.175ms
[24.804s][info][gc] GC(7693) Pause Young (Allocation Failure) 9M->5M(15M) 0.164ms
[24.805s][info][gc] GC(7694) Pause Young (Allocation Failure) 9M->5M(15M) 0.198ms
[24.805s][info][gc] GC(7695) Pause Young (Allocation Failure) 10M->5M(15M) 0.180ms
[24.806s][info][gc] GC(7696) Pause Young (Allocation Failure) 9M->5M(15M) 0.165ms
[24.807s][info][gc] GC(7697) Pause Young (Allocation Failure) 9M->5M(15M) 0.167ms
[24.808s][info][gc] GC(7698) Pause Young (Allocation Failure) 9M->5M(15M) 0.179ms
[24.809s][info][gc] GC(7699) Pause Young (Allocation Failure) 9M->5M(15M) 0.188ms
[24.809s][info][gc] GC(7700) Pause Young (Allocation Failure) 10M->5M(15M) 0.131ms
[24.810s][info][gc] GC(7701) Pause Young (Allocation Failure) 9M->5M(15M) 0.195ms
[24.811s][info][gc] GC(7702) Pause Young (Allocation Failure) 10M->5M(15M) 0.186ms
[24.812s][info][gc] GC(7703) Pause Young (Allocation Failure) 10M->6M(15M) 0.214ms
[24.813s][info][gc] GC(7704) Pause Young (Allocation Failure) 10M->6M(15M) 0.181ms
[24.813s][info][gc] GC(7705) Pause Young (Allocation Failure) 10M->6M(15M) 0.198ms
[24.814s][info][gc] GC(7706) Pause Young (Allocation Failure) 10M->6M(15M) 0.208ms
[24.815s][info][gc] GC(7707) Pause Young (Allocation Failure) 11M->6M(15M) 0.184ms
[24.816s][info][gc] GC(7708) Pause Young (Allocation Failure) 10M->7M(15M) 0.199ms
[24.817s][info][gc] GC(7709) Pause Young (Allocation Failure) 11M->7M(15M) 0.195ms
[24.817s][info][gc] GC(7710) Pause Young (Allocation Failure) 11M->7M(15M) 0.193ms
[24.818s][info][gc] GC(7711) Pause Young (Allocation Failure) 11M->8M(15M) 0.215ms
[24.819s][info][gc] GC(7712) Pause Young (Allocation Failure) 12M->7M(15M) 0.171ms
[24.820s][info][gc] GC(7713) Pause Young (Allocation Failure) 12M->8M(15M) 0.194ms
[24.820s][info][gc] GC(7714) Pause Young (Allocation Failure) 12M->8M(15M) 0.179ms
[24.821s][info][gc] GC(7715) Pause Young (Allocation Failure) 12M->8M(15M) 0.183ms
[24.822s][info][gc] GC(7716) Pause Young (Allocation Failure) 12M->8M(15M) 0.170ms
[24.823s][info][gc] GC(7717) Pause Young (Allocation Failure) 12M->8M(15M) 0.185ms
[24.824s][info][gc] GC(7718) Pause Young (Allocation Failure) 12M->8M(15M) 0.220ms
[24.825s][info][gc] GC(7719) Pause Young (Allocation Failure) 13M->9M(15M) 0.201ms
[24.825s][info][gc] GC(7720) Pause Young (Allocation Failure) 13M->8M(15M) 0.165ms
[24.826s][info][gc] GC(7721) Pause Young (Allocation Failure) 13M->9M(15M) 0.183ms
[24.827s][info][gc] GC(7722) Pause Young (Allocation Failure) 13M->8M(15M) 0.166ms
[24.828s][info][gc] GC(7723) Pause Young (Allocation Failure) 13M->9M(15M) 0.186ms
[24.829s][info][gc] GC(7724) Pause Young (Allocation Failure) 13M->9M(15M) 0.123ms
[24.830s][info][gc] GC(7725) Pause Young (Allocation Failure) 13M->9M(15M) 0.175ms
[24.830s][info][gc] GC(7726) Pause Young (Allocation Failure) 13M->8M(15M) 0.167ms
[24.831s][info][gc] GC(7727) Pause Young (Allocation Failure) 13M->9M(15M) 0.181ms
[24.832s][info][gc] GC(7728) Pause Young (Allocation Failure) 13M->9M(15M) 0.209ms
[24.833s][info][gc] GC(7729) Pause Young (Allocation Failure) 13M->9M(15M) 0.176ms
[24.834s][info][gc] GC(7730) Pause Young (Allocation Failure) 13M->9M(15M) 0.132ms
[24.834s][info][gc] GC(7731) Pause Young (Allocation Failure) 13M->9M(15M) 0.178ms
[24.835s][info][gc] GC(7732) Pause Young (Allocation Failure) 14M->9M(15M) 0.189ms
[24.836s][info][gc] GC(7733) Pause Young (Allocation Failure) 14M->9M(15M) 0.168ms
[24.837s][info][gc] GC(7734) Pause Young (Allocation Failure) 14M->9M(15M) 0.166ms
[24.838s][info][gc] GC(7735) Pause Young (Allocation Failure) 14M->9M(15M) 0.177ms
[24.838s][info][gc] GC(7736) Pause Young (Allocation Failure) 14M->9M(15M) 0.175ms
[24.839s][info][gc] GC(7737) Pause Young (Allocation Failure) 14M->10M(15M) 0.190ms
[24.840s][info][gc] GC(7738) Pause Young (Allocation Failure) 14M->10M(15M) 0.199ms
[24.841s][info][gc] GC(7739) Pause Young (Allocation Failure) 14M->10M(15M) 0.196ms
[24.842s][info][gc] GC(7740) Pause Young (Allocation Failure) 14M->10M(15M) 0.213ms
[24.842s][info][gc] GC(7741) Pause Young (Allocation Failure) 14M->10M(15M) 0.217ms
[24.843s][info][gc] GC(7742) Pause Young (Allocation Failure) 15M->15M(15M) 0.025ms
[24.848s][info][gc] GC(7743) Pause Full (Allocation Failure) 15M->4M(15M) 5.012ms
[24.849s][info][gc] GC(7744) Pause Young (Allocation Failure) 9M->5M(15M) 0.196ms
[24.850s][info][gc] GC(7745) Pause Young (Allocation Failure) 9M->5M(15M) 0.174ms
[24.850s][info][gc] GC(7746) Pause Young (Allocation Failure) 9M->5M(15M) 0.169ms
[24.851s][info][gc] GC(7747) Pause Young (Allocation Failure) 10M->5M(15M) 0.185ms
[24.852s][info][gc] GC(7748) Pause Young (Allocation Failure) 10M->5M(15M) 0.167ms
[24.853s][info][gc] GC(7749) Pause Young (Allocation Failure) 9M->5M(15M) 0.170ms
[24.854s][info][gc] GC(7750) Pause Young (Allocation Failure) 9M->5M(15M) 0.185ms
[24.854s][info][gc] GC(7751) Pause Young (Allocation Failure) 10M->6M(15M) 0.211ms
[24.855s][info][gc] GC(7752) Pause Young (Allocation Failure) 10M->6M(15M) 0.172ms
[24.856s][info][gc] GC(7753) Pause Young (Allocation Failure) 10M->5M(15M) 0.167ms
[24.857s][info][gc] GC(7754) Pause Young (Allocation Failure) 10M->6M(15M) 0.176ms
[24.857s][info][gc] GC(7755) Pause Young (Allocation Failure) 10M->6M(15M) 0.189ms
[24.858s][info][gc] GC(7756) Pause Young (Allocation Failure) 10M->6M(15M) 0.186ms
[24.859s][info][gc] GC(7757) Pause Young (Allocation Failure) 10M->6M(15M) 0.195ms
[24.860s][info][gc] GC(7758) Pause Young (Allocation Failure) 10M->6M(15M) 0.196ms
[24.861s][info][gc] GC(7759) Pause Young (Allocation Failure) 10M->7M(15M) 0.217ms
[24.862s][info][gc] GC(7760) Pause Young (Allocation Failure) 11M->7M(15M) 0.205ms
[24.862s][info][gc] GC(7761) Pause Young (Allocation Failure) 11M->8M(15M) 0.236ms
[24.863s][info][gc] GC(7762) Pause Young (Allocation Failure) 12M->8M(15M) 0.190ms
[24.864s][info][gc] GC(7763) Pause Young (Allocation Failure) 12M->8M(15M) 0.197ms
[24.865s][info][gc] GC(7764) Pause Young (Allocation Failure) 12M->8M(15M) 0.189ms
[24.866s][info][gc] GC(7765) Pause Young (Allocation Failure) 12M->8M(15M) 0.176ms
[24.867s][info][gc] GC(7766) Pause Young (Allocation Failure) 12M->8M(15M) 0.191ms
[24.867s][info][gc] GC(7767) Pause Young (Allocation Failure) 12M->8M(15M) 0.204ms
[24.868s][info][gc] GC(7768) Pause Young (Allocation Failure) 13M->8M(15M) 0.183ms
[24.869s][info][gc] GC(7769) Pause Young (Allocation Failure) 13M->8M(15M) 0.176ms
[24.870s][info][gc] GC(7770) Pause Young (Allocation Failure) 12M->8M(15M) 0.186ms
[24.871s][info][gc] GC(7771) Pause Young (Allocation Failure) 13M->8M(15M) 0.179ms
[24.871s][info][gc] GC(7772) Pause Young (Allocation Failure) 13M->9M(15M) 0.229ms
[24.872s][info][gc] GC(7773) Pause Young (Allocation Failure) 13M->9M(15M) 0.172ms
[24.873s][info][gc] GC(7774) Pause Young (Allocation Failure) 13M->9M(15M) 0.180ms
[24.874s][info][gc] GC(7775) Pause Young (Allocation Failure) 13M->9M(15M) 0.187ms
[24.874s][info][gc] GC(7776) Pause Young (Allocation Failure) 14M->9M(15M) 0.177ms
[24.875s][info][gc] GC(7777) Pause Young (Allocation Failure) 13M->9M(15M) 0.169ms
[24.876s][info][gc] GC(7778) Pause Young (Allocation Failure) 13M->9M(15M) 0.189ms
[24.877s][info][gc] GC(7779) Pause Young (Allocation Failure) 14M->9M(15M) 0.172ms
[24.878s][info][gc] GC(7780) Pause Young (Allocation Failure) 13M->9M(15M) 0.181ms
[24.878s][info][gc] GC(7781) Pause Young (Allocation Failure) 14M->9M(15M) 0.166ms
[24.879s][info][gc] GC(7782) Pause Young (Allocation Failure) 14M->9M(15M) 0.168ms
[24.880s][info][gc] GC(7783) Pause Young (Allocation Failure) 13M->9M(15M) 0.190ms
[24.881s][info][gc] GC(7784) Pause Young (Allocation Failure) 14M->9M(15M) 0.176ms
[24.881s][info][gc] GC(7785) Pause Young (Allocation Failure) 14M->10M(15M) 0.217ms
[24.882s][info][gc] GC(7786) Pause Young (Allocation Failure) 14M->10M(15M) 0.200ms
[24.883s][info][gc] GC(7787) Pause Young (Allocation Failure) 15M->15M(15M) 0.025ms
[24.888s][info][gc] GC(7788) Pause Full (Allocation Failure) 15M->4M(15M) 5.053ms
[24.889s][info][gc] GC(7789) Pause Young (Allocation Failure) 8M->4M(15M) 0.136ms
[24.889s][info][gc] GC(7790) Pause Young (Allocation Failure) 9M->4M(15M) 0.184ms
[24.890s][info][gc] GC(7791) Pause Young (Allocation Failure) 9M->5M(15M) 0.218ms
[24.891s][info][gc] GC(7792) Pause Young (Allocation Failure) 9M->5M(15M) 0.181ms
[24.892s][info][gc] GC(7793) Pause Young (Allocation Failure) 9M->5M(15M) 0.169ms
[24.893s][info][gc] GC(7794) Pause Young (Allocation Failure) 9M->5M(15M) 0.162ms
[24.893s][info][gc] GC(7795) Pause Young (Allocation Failure) 9M->5M(15M) 0.166ms
[24.894s][info][gc] GC(7796) Pause Young (Allocation Failure) 9M->5M(15M) 0.166ms
[24.895s][info][gc] GC(7797) Pause Young (Allocation Failure) 9M->5M(15M) 0.177ms
[24.896s][info][gc] GC(7798) Pause Young (Allocation Failure) 9M->5M(15M) 0.164ms
[24.896s][info][gc] GC(7799) Pause Young (Allocation Failure) 9M->5M(15M) 0.155ms
[24.897s][info][gc] GC(7800) Pause Young (Allocation Failure) 9M->5M(15M) 0.169ms
[24.898s][info][gc] GC(7801) Pause Young (Allocation Failure) 9M->5M(15M) 0.192ms
[24.899s][info][gc] GC(7802) Pause Young (Allocation Failure) 9M->5M(15M) 0.176ms
[24.899s][info][gc] GC(7803) Pause Young (Allocation Failure) 9M->5M(15M) 0.171ms
[24.900s][info][gc] GC(7804) Pause Young (Allocation Failure) 9M->5M(15M) 0.172ms
[24.901s][info][gc] GC(7805) Pause Young (Allocation Failure) 9M->5M(15M) 0.165ms
[24.902s][info][gc] GC(7806) Pause Young (Allocation Failure) 9M->5M(15M) 0.195ms
[24.902s][info][gc] GC(7807) Pause Young (Allocation Failure) 10M->6M(15M) 0.200ms
[24.903s][info][gc] GC(7808) Pause Young (Allocation Failure) 10M->6M(15M) 0.188ms
[24.904s][info][gc] GC(7809) Pause Young (Allocation Failure) 10M->6M(15M) 0.180ms
[24.905s][info][gc] GC(7810) Pause Young (Allocation Failure) 10M->6M(15M) 0.187ms
[24.905s][info][gc] GC(7811) Pause Young (Allocation Failure) 10M->6M(15M) 0.168ms
[24.906s][info][gc] GC(7812) Pause Young (Allocation Failure) 10M->6M(15M) 0.150ms
[24.907s][info][gc] GC(7813) Pause Young (Allocation Failure) 10M->6M(15M) 0.165ms
[24.908s][info][gc] GC(7814) Pause Young (Allocation Failure) 10M->6M(15M) 0.170ms
[24.909s][info][gc] GC(7815) Pause Young (Allocation Failure) 10M->6M(15M) 0.179ms
[24.909s][info][gc] GC(7816) Pause Young (Allocation Failure) 10M->6M(15M) 0.188ms
[24.910s][info][gc] GC(7817) Pause Young (Allocation Failure) 11M->6M(15M) 0.178ms
[24.911s][info][gc] GC(7818) Pause Young (Allocation Failure) 10M->6M(15M) 0.179ms
[24.912s][info][gc] GC(7819) Pause Young (Allocation Failure) 11M->6M(15M) 0.190ms
[24.913s][info][gc] GC(7820) Pause Young (Allocation Failure) 11M->6M(15M) 0.183ms
[24.913s][info][gc] GC(7821) Pause Young (Allocation Failure) 11M->6M(15M) 0.171ms
[24.914s][info][gc] GC(7822) Pause Young (Allocation Failure) 10M->6M(15M) 0.177ms
[24.915s][info][gc] GC(7823) Pause Young (Allocation Failure) 11M->7M(15M) 0.207ms
[24.916s][info][gc] GC(7824) Pause Young (Allocation Failure) 11M->7M(15M) 0.186ms
[24.916s][info][gc] GC(7825) Pause Young (Allocation Failure) 11M->7M(15M) 0.203ms
[24.917s][info][gc] GC(7826) Pause Young (Allocation Failure) 11M->7M(15M) 0.193ms
[24.918s][info][gc] GC(7827) Pause Young (Allocation Failure) 12M->7M(15M) 0.173ms
[24.919s][info][gc] GC(7828) Pause Young (Allocation Failure) 11M->7M(15M) 0.187ms
[24.920s][info][gc] GC(7829) Pause Young (Allocation Failure) 12M->8M(15M) 0.224ms
[24.920s][info][gc] GC(7830) Pause Young (Allocation Failure) 12M->8M(15M) 0.178ms
[24.921s][info][gc] GC(7831) Pause Young (Allocation Failure) 12M->8M(15M) 0.182ms
[24.922s][info][gc] GC(7832) Pause Young (Allocation Failure) 12M->8M(15M) 0.191ms
[24.923s][info][gc] GC(7833) Pause Young (Allocation Failure) 12M->8M(15M) 0.205ms
[24.924s][info][gc] GC(7834) Pause Young (Allocation Failure) 13M->8M(15M) 0.173ms
[24.924s][info][gc] GC(7835) Pause Young (Allocation Failure) 12M->9M(15M) 0.195ms
[24.925s][info][gc] GC(7836) Pause Young (Allocation Failure) 13M->9M(15M) 0.183ms
[24.926s][info][gc] GC(7837) Pause Young (Allocation Failure) 13M->9M(15M) 0.214ms
[24.927s][info][gc] GC(7838) Pause Young (Allocation Failure) 13M->9M(15M) 0.201ms
[24.928s][info][gc] GC(7839) Pause Young (Allocation Failure) 14M->9M(15M) 0.181ms
[24.928s][info][gc] GC(7840) Pause Young (Allocation Failure) 14M->9M(15M) 0.167ms
[24.929s][info][gc] GC(7841) Pause Young (Allocation Failure) 13M->9M(15M) 0.173ms
[24.930s][info][gc] GC(7842) Pause Young (Allocation Failure) 13M->9M(15M) 0.174ms
[24.931s][info][gc] GC(7843) Pause Young (Allocation Failure) 13M->9M(15M) 0.180ms
[24.932s][info][gc] GC(7844) Pause Young (Allocation Failure) 13M->9M(15M) 0.193ms
[24.932s][info][gc] GC(7845) Pause Young (Allocation Failure) 14M->10M(15M) 0.180ms
[24.933s][info][gc] GC(7846) Pause Young (Allocation Failure) 14M->9M(15M) 0.163ms
[24.934s][info][gc] GC(7847) Pause Young (Allocation Failure) 13M->10M(15M) 0.195ms
[24.935s][info][gc] GC(7848) Pause Young (Allocation Failure) 14M->10M(15M) 0.191ms
[24.936s][info][gc] GC(7849) Pause Young (Allocation Failure) 14M->9M(15M) 0.171ms
[24.937s][info][gc] GC(7850) Pause Young (Allocation Failure) 14M->10M(15M) 0.168ms
[24.937s][info][gc] GC(7851) Pause Young (Allocation Failure) 14M->10M(15M) 0.208ms
[24.938s][info][gc] GC(7852) Pause Young (Allocation Failure) 15M->10M(15M) 0.183ms
[24.939s][info][gc] GC(7853) Pause Young (Allocation Failure) 14M->15M(15M) 0.322ms
[24.944s][info][gc] GC(7854) Pause Full (Allocation Failure) 15M->5M(15M) 5.257ms
[24.945s][info][gc] GC(7855) Pause Young (Allocation Failure) 9M->6M(15M) 0.208ms
[24.946s][info][gc] GC(7856) Pause Young (Allocation Failure) 10M->5M(15M) 0.176ms
[24.947s][info][gc] GC(7857) Pause Young (Allocation Failure) 10M->6M(15M) 0.208ms
[24.948s][info][gc] GC(7858) Pause Young (Allocation Failure) 10M->6M(15M) 0.169ms
[24.949s][info][gc] GC(7859) Pause Young (Allocation Failure) 10M->6M(15M) 0.184ms
[24.949s][info][gc] GC(7860) Pause Young (Allocation Failure) 10M->6M(15M) 0.205ms
[24.950s][info][gc] GC(7861) Pause Young (Allocation Failure) 11M->6M(15M) 0.168ms
[24.951s][info][gc] GC(7862) Pause Young (Allocation Failure) 10M->7M(15M) 0.185ms
[24.952s][info][gc] GC(7863) Pause Young (Allocation Failure) 11M->6M(15M) 0.169ms
[24.953s][info][gc] GC(7864) Pause Young (Allocation Failure) 10M->6M(15M) 0.161ms
[24.953s][info][gc] GC(7865) Pause Young (Allocation Failure) 10M->7M(15M) 0.192ms
[24.954s][info][gc] GC(7866) Pause Young (Allocation Failure) 11M->6M(15M) 0.170ms
[24.955s][info][gc] GC(7867) Pause Young (Allocation Failure) 11M->7M(15M) 0.182ms
[24.956s][info][gc] GC(7868) Pause Young (Allocation Failure) 11M->6M(15M) 0.182ms
[24.957s][info][gc] GC(7869) Pause Young (Allocation Failure) 11M->6M(15M) 0.166ms
[24.957s][info][gc] GC(7870) Pause Young (Allocation Failure) 11M->6M(15M) 0.168ms
[24.958s][info][gc] GC(7871) Pause Young (Allocation Failure) 11M->7M(15M) 0.178ms
[24.959s][info][gc] GC(7872) Pause Young (Allocation Failure) 11M->7M(15M) 0.213ms
[24.960s][info][gc] GC(7873) Pause Young (Allocation Failure) 11M->7M(15M) 0.173ms
[24.961s][info][gc] GC(7874) Pause Young (Allocation Failure) 11M->7M(15M) 0.187ms
[24.962s][info][gc] GC(7875) Pause Young (Allocation Failure) 11M->7M(15M) 0.171ms
[24.962s][info][gc] GC(7876) Pause Young (Allocation Failure) 11M->7M(15M) 0.187ms
[24.963s][info][gc] GC(7877) Pause Young (Allocation Failure) 11M->7M(15M) 0.194ms
[24.964s][info][gc] GC(7878) Pause Young (Allocation Failure) 12M->7M(15M) 0.178ms
[24.965s][info][gc] GC(7879) Pause Young (Allocation Failure) 12M->7M(15M) 0.176ms
[24.966s][info][gc] GC(7880) Pause Young (Allocation Failure) 12M->7M(15M) 0.183ms
[24.966s][info][gc] GC(7881) Pause Young (Allocation Failure) 12M->7M(15M) 0.173ms
[24.967s][info][gc] GC(7882) Pause Young (Allocation Failure) 12M->8M(15M) 0.160ms
[24.968s][info][gc] GC(7883) Pause Young (Allocation Failure) 12M->8M(15M) 0.176ms
[24.969s][info][gc] GC(7884) Pause Young (Allocation Failure) 12M->8M(15M) 0.207ms
[24.969s][info][gc] GC(7885) Pause Young (Allocation Failure) 12M->8M(15M) 0.167ms
[24.970s][info][gc] GC(7886) Pause Young (Allocation Failure) 12M->8M(15M) 0.169ms
[24.971s][info][gc] GC(7887) Pause Young (Allocation Failure) 12M->8M(15M) 0.179ms
[24.972s][info][gc] GC(7888) Pause Young (Allocation Failure) 12M->8M(15M) 0.172ms
[24.973s][info][gc] GC(7889) Pause Young (Allocation Failure) 12M->8M(15M) 0.204ms
[24.973s][info][gc] GC(7890) Pause Young (Allocation Failure) 13M->8M(15M) 0.181ms
[24.974s][info][gc] GC(7891) Pause Young (Allocation Failure) 12M->8M(15M) 0.176ms
[24.975s][info][gc] GC(7892) Pause Young (Allocation Failure) 12M->8M(15M) 0.184ms
[24.976s][info][gc] GC(7893) Pause Young (Allocation Failure) 13M->9M(15M) 0.219ms
[24.977s][info][gc] GC(7894) Pause Young (Allocation Failure) 13M->9M(15M) 0.183ms
[24.977s][info][gc] GC(7895) Pause Young (Allocation Failure) 13M->9M(15M) 0.185ms
[24.978s][info][gc] GC(7896) Pause Young (Allocation Failure) 13M->9M(15M) 0.179ms
[24.979s][info][gc] GC(7897) Pause Young (Allocation Failure) 14M->9M(15M) 0.180ms
[24.979s][info][gc] GC(7898) Pause Young (Allocation Failure) 14M->9M(15M) 0.188ms
[24.980s][info][gc] GC(7899) Pause Young (Allocation Failure) 14M->10M(15M) 0.200ms
[24.981s][info][gc] GC(7900) Pause Young (Allocation Failure) 14M->9M(15M) 0.171ms
[24.982s][info][gc] GC(7901) Pause Young (Allocation Failure) 14M->10M(15M) 0.180ms
[24.983s][info][gc] GC(7902) Pause Young (Allocation Failure) 14M->10M(15M) 0.186ms
[24.983s][info][gc] GC(7903) Pause Young (Allocation Failure) 14M->10M(15M) 0.177ms
[24.984s][info][gc] GC(7904) Pause Young (Allocation Failure) 14M->10M(15M) 0.188ms
[24.985s][info][gc] GC(7905) Pause Young (Allocation Failure) 14M->9M(15M) 0.164ms
[24.986s][info][gc] GC(7906) Pause Young (Allocation Failure) 14M->10M(15M) 0.178ms
[24.987s][info][gc] GC(7907) Pause Young (Allocation Failure) 14M->10M(15M) 0.187ms
[24.988s][info][gc] GC(7908) Pause Young (Allocation Failure) 14M->9M(15M) 0.170ms
[24.988s][info][gc] GC(7909) Pause Young (Allocation Failure) 14M->10M(15M) 0.173ms
[24.989s][info][gc] GC(7910) Pause Young (Allocation Failure) 14M->10M(15M) 0.172ms
[24.990s][info][gc] GC(7911) Pause Young (Allocation Failure) 14M->10M(15M) 0.179ms
[24.991s][info][gc] GC(7912) Pause Young (Allocation Failure) 14M->10M(15M) 0.197ms
[24.992s][info][gc] GC(7913) Pause Young (Allocation Failure) 14M->10M(15M) 0.173ms
[24.993s][info][gc] GC(7914) Pause Young (Allocation Failure) 14M->10M(15M) 0.171ms
[24.993s][info][gc] GC(7915) Pause Young (Allocation Failure) 14M->10M(15M) 0.170ms
[24.994s][info][gc] GC(7916) Pause Young (Allocation Failure) 14M->10M(15M) 0.167ms
[24.995s][info][gc] GC(7917) Pause Young (Allocation Failure) 14M->10M(15M) 0.181ms
[24.996s][info][gc] GC(7918) Pause Young (Allocation Failure) 14M->15M(15M) 0.369ms
[25.001s][info][gc] GC(7919) Pause Full (Allocation Failure) 15M->5M(15M) 5.248ms
[25.002s][info][gc] GC(7920) Pause Young (Allocation Failure) 10M->6M(15M) 0.195ms
[25.003s][info][gc] GC(7921) Pause Young (Allocation Failure) 10M->6M(15M) 0.169ms
[25.004s][info][gc] GC(7922) Pause Young (Allocation Failure) 10M->6M(15M) 0.180ms
[25.005s][info][gc] GC(7923) Pause Young (Allocation Failure) 10M->6M(15M) 0.191ms
[25.005s][info][gc] GC(7924) Pause Young (Allocation Failure) 10M->6M(15M) 0.171ms
[25.006s][info][gc] GC(7925) Pause Young (Allocation Failure) 10M->6M(15M) 0.184ms
[25.007s][info][gc] GC(7926) Pause Young (Allocation Failure) 10M->6M(15M) 0.190ms
[25.008s][info][gc] GC(7927) Pause Young (Allocation Failure) 11M->6M(15M) 0.173ms
[25.009s][info][gc] GC(7928) Pause Young (Allocation Failure) 10M->6M(15M) 0.171ms
[25.009s][info][gc] GC(7929) Pause Young (Allocation Failure) 10M->6M(15M) 0.189ms
[25.010s][info][gc] GC(7930) Pause Young (Allocation Failure) 11M->6M(15M) 0.184ms
[25.011s][info][gc] GC(7931) Pause Young (Allocation Failure) 11M->6M(15M) 0.171ms
[25.012s][info][gc] GC(7932) Pause Young (Allocation Failure) 10M->6M(15M) 0.169ms
[25.012s][info][gc] GC(7933) Pause Young (Allocation Failure) 10M->7M(15M) 0.210ms
[25.013s][info][gc] GC(7934) Pause Young (Allocation Failure) 11M->6M(15M) 0.172ms
[25.014s][info][gc] GC(7935) Pause Young (Allocation Failure) 11M->7M(15M) 0.162ms
[25.015s][info][gc] GC(7936) Pause Young (Allocation Failure) 11M->7M(15M) 0.183ms
[25.016s][info][gc] GC(7937) Pause Young (Allocation Failure) 11M->7M(15M) 0.192ms
[25.016s][info][gc] GC(7938) Pause Young (Allocation Failure) 11M->7M(15M) 0.185ms
[25.017s][info][gc] GC(7939) Pause Young (Allocation Failure) 11M->7M(15M) 0.216ms
[25.018s][info][gc] GC(7940) Pause Young (Allocation Failure) 12M->8M(15M) 0.224ms
[25.019s][info][gc] GC(7941) Pause Young (Allocation Failure) 12M->8M(15M) 0.171ms
[25.020s][info][gc] GC(7942) Pause Young (Allocation Failure) 13M->8M(15M) 0.177ms
[25.020s][info][gc] GC(7943) Pause Young (Allocation Failure) 12M->8M(15M) 0.192ms
[25.021s][info][gc] GC(7944) Pause Young (Allocation Failure) 13M->8M(15M) 0.181ms
[25.022s][info][gc] GC(7945) Pause Young (Allocation Failure) 13M->9M(15M) 0.201ms
[25.023s][info][gc] GC(7946) Pause Young (Allocation Failure) 13M->8M(15M) 0.175ms
[25.024s][info][gc] GC(7947) Pause Young (Allocation Failure) 13M->9M(15M) 0.181ms
[25.025s][info][gc] GC(7948) Pause Young (Allocation Failure) 13M->9M(15M) 0.181ms
[25.025s][info][gc] GC(7949) Pause Young (Allocation Failure) 13M->9M(15M) 0.202ms
[25.026s][info][gc] GC(7950) Pause Young (Allocation Failure) 13M->9M(15M) 0.173ms
[25.027s][info][gc] GC(7951) Pause Young (Allocation Failure) 13M->9M(15M) 0.211ms
[25.028s][info][gc] GC(7952) Pause Young (Allocation Failure) 14M->9M(15M) 0.188ms
[25.029s][info][gc] GC(7953) Pause Young (Allocation Failure) 14M->9M(15M) 0.188ms
[25.029s][info][gc] GC(7954) Pause Young (Allocation Failure) 14M->10M(15M) 0.229ms
[25.030s][info][gc] GC(7955) Pause Young (Allocation Failure) 14M->14M(15M) 0.025ms
[25.035s][info][gc] GC(7956) Pause Full (Allocation Failure) 14M->4M(15M) 4.999ms
[25.036s][info][gc] GC(7957) Pause Young (Allocation Failure) 9M->5M(15M) 0.191ms
[25.037s][info][gc] GC(7958) Pause Young (Allocation Failure) 9M->5M(15M) 0.161ms
[25.037s][info][gc] GC(7959) Pause Young (Allocation Failure) 9M->5M(15M) 0.162ms
[25.038s][info][gc] GC(7960) Pause Young (Allocation Failure) 9M->5M(15M) 0.175ms
[25.039s][info][gc] GC(7961) Pause Young (Allocation Failure) 9M->5M(15M) 0.181ms
[25.040s][info][gc] GC(7962) Pause Young (Allocation Failure) 9M->5M(15M) 0.168ms
[25.041s][info][gc] GC(7963) Pause Young (Allocation Failure) 9M->5M(15M) 0.174ms
[25.042s][info][gc] GC(7964) Pause Young (Allocation Failure) 9M->5M(15M) 0.182ms
[25.042s][info][gc] GC(7965) Pause Young (Allocation Failure) 9M->5M(15M) 0.201ms
[25.043s][info][gc] GC(7966) Pause Young (Allocation Failure) 10M->6M(15M) 0.198ms
[25.044s][info][gc] GC(7967) Pause Young (Allocation Failure) 10M->6M(15M) 0.197ms
[25.045s][info][gc] GC(7968) Pause Young (Allocation Failure) 10M->6M(15M) 0.185ms
[25.046s][info][gc] GC(7969) Pause Young (Allocation Failure) 10M->6M(15M) 0.178ms
[25.046s][info][gc] GC(7970) Pause Young (Allocation Failure) 10M->7M(15M) 0.216ms
[25.047s][info][gc] GC(7971) Pause Young (Allocation Failure) 11M->6M(15M) 0.162ms
[25.048s][info][gc] GC(7972) Pause Young (Allocation Failure) 10M->6M(15M) 0.172ms
[25.049s][info][gc] GC(7973) Pause Young (Allocation Failure) 11M->6M(15M) 0.178ms
[25.050s][info][gc] GC(7974) Pause Young (Allocation Failure) 11M->6M(15M) 0.170ms
[25.050s][info][gc] GC(7975) Pause Young (Allocation Failure) 11M->6M(15M) 0.168ms
[25.051s][info][gc] GC(7976) Pause Young (Allocation Failure) 11M->7M(15M) 0.194ms
[25.052s][info][gc] GC(7977) Pause Young (Allocation Failure) 11M->7M(15M) 0.198ms
[25.053s][info][gc] GC(7978) Pause Young (Allocation Failure) 11M->7M(15M) 0.175ms
[25.054s][info][gc] GC(7979) Pause Young (Allocation Failure) 11M->7M(15M) 0.182ms
[25.054s][info][gc] GC(7980) Pause Young (Allocation Failure) 12M->8M(15M) 0.239ms
[25.055s][info][gc] GC(7981) Pause Young (Allocation Failure) 12M->8M(15M) 0.170ms
[25.056s][info][gc] GC(7982) Pause Young (Allocation Failure) 12M->8M(15M) 0.185ms
[25.057s][info][gc] GC(7983) Pause Young (Allocation Failure) 12M->8M(15M) 0.167ms
[25.058s][info][gc] GC(7984) Pause Young (Allocation Failure) 12M->8M(15M) 0.179ms
[25.058s][info][gc] GC(7985) Pause Young (Allocation Failure) 12M->8M(15M) 0.173ms
[25.059s][info][gc] GC(7986) Pause Young (Allocation Failure) 12M->8M(15M) 0.163ms
[25.060s][info][gc] GC(7987) Pause Young (Allocation Failure) 12M->8M(15M) 0.175ms
[25.061s][info][gc] GC(7988) Pause Young (Allocation Failure) 12M->8M(15M) 0.174ms
[25.061s][info][gc] GC(7989) Pause Young (Allocation Failure) 12M->8M(15M) 0.172ms
[25.062s][info][gc] GC(7990) Pause Young (Allocation Failure) 12M->8M(15M) 0.164ms
[25.063s][info][gc] GC(7991) Pause Young (Allocation Failure) 12M->8M(15M) 0.171ms
[25.064s][info][gc] GC(7992) Pause Young (Allocation Failure) 12M->8M(15M) 0.183ms
[25.065s][info][gc] GC(7993) Pause Young (Allocation Failure) 12M->8M(15M) 0.180ms
[25.066s][info][gc] GC(7994) Pause Young (Allocation Failure) 12M->8M(15M) 0.175ms
[25.066s][info][gc] GC(7995) Pause Young (Allocation Failure) 12M->8M(15M) 0.176ms
[25.067s][info][gc] GC(7996) Pause Young (Allocation Failure) 12M->8M(15M) 0.194ms
[25.068s][info][gc] GC(7997) Pause Young (Allocation Failure) 13M->8M(15M) 0.187ms
[25.069s][info][gc] GC(7998) Pause Young (Allocation Failure) 13M->8M(15M) 0.168ms
[25.069s][info][gc] GC(7999) Pause Young (Allocation Failure) 12M->8M(15M) 0.190ms
[25.070s][info][gc] GC(8000) Pause Young (Allocation Failure) 13M->8M(15M) 0.184ms
[25.071s][info][gc] GC(8001) Pause Young (Allocation Failure) 13M->8M(15M) 0.167ms
[25.072s][info][gc] GC(8002) Pause Young (Allocation Failure) 12M->8M(15M) 0.179ms
[25.073s][info][gc] GC(8003) Pause Young (Allocation Failure) 13M->9M(15M) 0.201ms
[25.074s][info][gc] GC(8004) Pause Young (Allocation Failure) 13M->8M(15M) 0.168ms
[25.074s][info][gc] GC(8005) Pause Young (Allocation Failure) 13M->9M(15M) 0.216ms
[25.075s][info][gc] GC(8006) Pause Young (Allocation Failure) 13M->9M(15M) 0.182ms
[25.076s][info][gc] GC(8007) Pause Young (Allocation Failure) 13M->9M(15M) 0.179ms
[25.077s][info][gc] GC(8008) Pause Young (Allocation Failure) 13M->9M(15M) 0.185ms
[25.078s][info][gc] GC(8009) Pause Young (Allocation Failure) 13M->9M(15M) 0.177ms
[25.078s][info][gc] GC(8010) Pause Young (Allocation Failure) 13M->9M(15M) 0.185ms
[25.079s][info][gc] GC(8011) Pause Young (Allocation Failure) 14M->10M(15M) 0.185ms
[25.080s][info][gc] GC(8012) Pause Young (Allocation Failure) 14M->10M(15M) 0.201ms
[25.081s][info][gc] GC(8013) Pause Young (Allocation Failure) 15M->15M(15M) 0.019ms
[25.086s][info][gc] GC(8014) Pause Full (Allocation Failure) 15M->4M(15M) 5.030ms
[25.087s][info][gc] GC(8015) Pause Young (Allocation Failure) 9M->5M(15M) 0.190ms
[25.087s][info][gc] GC(8016) Pause Young (Allocation Failure) 9M->5M(15M) 0.159ms
[25.088s][info][gc] GC(8017) Pause Young (Allocation Failure) 9M->5M(15M) 0.151ms
[25.089s][info][gc] GC(8018) Pause Young (Allocation Failure) 9M->5M(15M) 0.159ms
[25.090s][info][gc] GC(8019) Pause Young (Allocation Failure) 9M->5M(15M) 0.154ms
[25.091s][info][gc] GC(8020) Pause Young (Allocation Failure) 9M->5M(15M) 0.143ms
[25.091s][info][gc] GC(8021) Pause Young (Allocation Failure) 9M->5M(15M) 0.160ms
[25.092s][info][gc] GC(8022) Pause Young (Allocation Failure) 9M->5M(15M) 0.176ms
[25.093s][info][gc] GC(8023) Pause Young (Allocation Failure) 10M->5M(15M) 0.169ms
[25.094s][info][gc] GC(8024) Pause Young (Allocation Failure) 10M->5M(15M) 0.150ms
[25.094s][info][gc] GC(8025) Pause Young (Allocation Failure) 9M->5M(15M) 0.155ms
[25.095s][info][gc] GC(8026) Pause Young (Allocation Failure) 10M->5M(15M) 0.153ms
[25.096s][info][gc] GC(8027) Pause Young (Allocation Failure) 10M->6M(15M) 0.166ms
[25.097s][info][gc] GC(8028) Pause Young (Allocation Failure) 10M->6M(15M) 0.175ms
[25.097s][info][gc] GC(8029) Pause Young (Allocation Failure) 10M->6M(15M) 0.158ms
[25.098s][info][gc] GC(8030) Pause Young (Allocation Failure) 10M->5M(15M) 0.145ms
[25.099s][info][gc] GC(8031) Pause Young (Allocation Failure) 10M->6M(15M) 0.168ms
[25.100s][info][gc] GC(8032) Pause Young (Allocation Failure) 10M->6M(15M) 0.149ms
[25.101s][info][gc] GC(8033) Pause Young (Allocation Failure) 10M->6M(15M) 0.155ms
[25.101s][info][gc] GC(8034) Pause Young (Allocation Failure) 10M->6M(15M) 0.177ms
[25.102s][info][gc] GC(8035) Pause Young (Allocation Failure) 11M->6M(15M) 0.153ms
[25.103s][info][gc] GC(8036) Pause Young (Allocation Failure) 10M->6M(15M) 0.166ms
[25.104s][info][gc] GC(8037) Pause Young (Allocation Failure) 11M->6M(15M) 0.139ms
[25.105s][info][gc] GC(8038) Pause Young (Allocation Failure) 10M->6M(15M) 0.138ms
[25.105s][info][gc] GC(8039) Pause Young (Allocation Failure) 10M->7M(15M) 0.138ms
[25.106s][info][gc] GC(8040) Pause Young (Allocation Failure) 11M->7M(15M) 0.195ms
[25.107s][info][gc] GC(8041) Pause Young (Allocation Failure) 11M->7M(15M) 0.176ms
[25.108s][info][gc] GC(8042) Pause Young (Allocation Failure) 12M->8M(15M) 0.175ms
[25.108s][info][gc] GC(8043) Pause Young (Allocation Failure) 12M->7M(15M) 0.140ms
[25.109s][info][gc] GC(8044) Pause Young (Allocation Failure) 11M->8M(15M) 0.161ms
[25.110s][info][gc] GC(8045) Pause Young (Allocation Failure) 12M->7M(15M) 0.171ms
[25.111s][info][gc] GC(8046) Pause Young (Allocation Failure) 11M->8M(15M) 0.191ms
[25.112s][info][gc] GC(8047) Pause Young (Allocation Failure) 12M->7M(15M) 0.172ms
[25.113s][info][gc] GC(8048) Pause Young (Allocation Failure) 12M->7M(15M) 0.167ms
[25.113s][info][gc] GC(8049) Pause Young (Allocation Failure) 12M->8M(15M) 0.177ms
[25.114s][info][gc] GC(8050) Pause Young (Allocation Failure) 12M->7M(15M) 0.165ms
[25.115s][info][gc] GC(8051) Pause Young (Allocation Failure) 12M->7M(15M) 0.165ms
[25.115s][info][gc] GC(8052) Pause Young (Allocation Failure) 12M->8M(15M) 0.225ms
[25.116s][info][gc] GC(8053) Pause Young (Allocation Failure) 12M->8M(15M) 0.170ms
[25.117s][info][gc] GC(8054) Pause Young (Allocation Failure) 12M->8M(15M) 0.171ms
[25.118s][info][gc] GC(8055) Pause Young (Allocation Failure) 12M->8M(15M) 0.150ms
[25.118s][info][gc] GC(8056) Pause Young (Allocation Failure) 13M->8M(15M) 0.167ms
[25.119s][info][gc] GC(8057) Pause Young (Allocation Failure) 13M->8M(15M) 0.157ms
[25.120s][info][gc] GC(8058) Pause Young (Allocation Failure) 12M->9M(15M) 0.178ms
[25.121s][info][gc] GC(8059) Pause Young (Allocation Failure) 13M->8M(15M) 0.144ms
[25.121s][info][gc] GC(8060) Pause Young (Allocation Failure) 12M->8M(15M) 0.177ms
[25.122s][info][gc] GC(8061) Pause Young (Allocation Failure) 13M->8M(15M) 0.176ms
[25.123s][info][gc] GC(8062) Pause Young (Allocation Failure) 13M->8M(15M) 0.171ms
[25.124s][info][gc] GC(8063) Pause Young (Allocation Failure) 13M->8M(15M) 0.170ms
[25.125s][info][gc] GC(8064) Pause Young (Allocation Failure) 13M->8M(15M) 0.176ms
[25.125s][info][gc] GC(8065) Pause Young (Allocation Failure) 13M->8M(15M) 0.170ms
[25.126s][info][gc] GC(8066) Pause Young (Allocation Failure) 13M->9M(15M) 0.187ms
[25.127s][info][gc] GC(8067) Pause Young (Allocation Failure) 13M->9M(15M) 0.176ms
[25.128s][info][gc] GC(8068) Pause Young (Allocation Failure) 13M->9M(15M) 0.191ms
[25.129s][info][gc] GC(8069) Pause Young (Allocation Failure) 13M->9M(15M) 0.176ms
[25.129s][info][gc] GC(8070) Pause Young (Allocation Failure) 13M->9M(15M) 0.198ms
[25.130s][info][gc] GC(8071) Pause Young (Allocation Failure) 13M->9M(15M) 0.214ms
[25.131s][info][gc] GC(8072) Pause Young (Allocation Failure) 14M->9M(15M) 0.187ms
[25.132s][info][gc] GC(8073) Pause Young (Allocation Failure) 14M->9M(15M) 0.175ms
[25.133s][info][gc] GC(8074) Pause Young (Allocation Failure) 14M->9M(15M) 0.166ms
[25.134s][info][gc] GC(8075) Pause Young (Allocation Failure) 13M->9M(15M) 0.173ms
[25.134s][info][gc] GC(8076) Pause Young (Allocation Failure) 14M->10M(15M) 0.190ms
[25.135s][info][gc] GC(8077) Pause Young (Allocation Failure) 14M->9M(15M) 0.168ms
[25.136s][info][gc] GC(8078) Pause Young (Allocation Failure) 14M->10M(15M) 0.175ms
[25.137s][info][gc] GC(8079) Pause Young (Allocation Failure) 14M->10M(15M) 0.199ms
[25.138s][info][gc] GC(8080) Pause Young (Allocation Failure) 14M->10M(15M) 0.176ms
[25.139s][info][gc] GC(8081) Pause Young (Allocation Failure) 14M->10M(15M) 0.165ms
[25.140s][info][gc] GC(8082) Pause Young (Allocation Failure) 14M->10M(15M) 0.195ms
[25.140s][info][gc] GC(8083) Pause Young (Allocation Failure) 14M->10M(15M) 0.167ms
[25.141s][info][gc] GC(8084) Pause Young (Allocation Failure) 14M->10M(15M) 0.176ms
[25.142s][info][gc] GC(8085) Pause Young (Allocation Failure) 14M->10M(15M) 0.189ms
[25.143s][info][gc] GC(8086) Pause Young (Allocation Failure) 14M->10M(15M) 0.162ms
[25.144s][info][gc] GC(8087) Pause Young (Allocation Failure) 14M->10M(15M) 0.183ms
[25.145s][info][gc] GC(8088) Pause Young (Allocation Failure) 15M->10M(15M) 0.190ms
[25.145s][info][gc] GC(8089) Pause Young (Allocation Failure) 15M->15M(15M) 0.025ms
[25.151s][info][gc] GC(8090) Pause Full (Allocation Failure) 15M->5M(15M) 5.360ms
[25.152s][info][gc] GC(8091) Pause Young (Allocation Failure) 9M->5M(15M) 0.202ms
[25.153s][info][gc] GC(8092) Pause Young (Allocation Failure) 10M->5M(15M) 0.186ms
[25.153s][info][gc] GC(8093) Pause Young (Allocation Failure) 10M->5M(15M) 0.170ms
[25.154s][info][gc] GC(8094) Pause Young (Allocation Failure) 9M->5M(15M) 0.176ms
[25.155s][info][gc] GC(8095) Pause Young (Allocation Failure) 9M->5M(15M) 0.166ms
[25.156s][info][gc] GC(8096) Pause Young (Allocation Failure) 9M->5M(15M) 0.182ms
[25.157s][info][gc] GC(8097) Pause Young (Allocation Failure) 10M->5M(15M) 0.170ms
[25.158s][info][gc] GC(8098) Pause Young (Allocation Failure) 9M->5M(15M) 0.187ms
[25.159s][info][gc] GC(8099) Pause Young (Allocation Failure) 10M->6M(15M) 0.190ms
[25.160s][info][gc] GC(8100) Pause Young (Allocation Failure) 10M->6M(15M) 0.186ms
[25.160s][info][gc] GC(8101) Pause Young (Allocation Failure) 10M->6M(15M) 0.200ms
[25.161s][info][gc] GC(8102) Pause Young (Allocation Failure) 10M->6M(15M) 0.185ms
[25.162s][info][gc] GC(8103) Pause Young (Allocation Failure) 10M->6M(15M) 0.170ms
[25.163s][info][gc] GC(8104) Pause Young (Allocation Failure) 10M->6M(15M) 0.225ms
[25.164s][info][gc] GC(8105) Pause Young (Allocation Failure) 11M->6M(15M) 0.159ms
[25.164s][info][gc] GC(8106) Pause Young (Allocation Failure) 10M->6M(15M) 0.167ms
[25.165s][info][gc] GC(8107) Pause Young (Allocation Failure) 11M->7M(15M) 0.210ms
[25.166s][info][gc] GC(8108) Pause Young (Allocation Failure) 11M->7M(15M) 0.185ms
[25.167s][info][gc] GC(8109) Pause Young (Allocation Failure) 11M->7M(15M) 0.162ms
[25.168s][info][gc] GC(8110) Pause Young (Allocation Failure) 11M->7M(15M) 0.174ms
[25.168s][info][gc] GC(8111) Pause Young (Allocation Failure) 11M->7M(15M) 0.152ms
[25.169s][info][gc] GC(8112) Pause Young (Allocation Failure) 11M->7M(15M) 0.162ms
[25.170s][info][gc] GC(8113) Pause Young (Allocation Failure) 11M->7M(15M) 0.169ms
[25.171s][info][gc] GC(8114) Pause Young (Allocation Failure) 11M->7M(15M) 0.187ms
[25.172s][info][gc] GC(8115) Pause Young (Allocation Failure) 12M->7M(15M) 0.172ms
[25.172s][info][gc] GC(8116) Pause Young (Allocation Failure) 11M->7M(15M) 0.163ms
[25.173s][info][gc] GC(8117) Pause Young (Allocation Failure) 11M->7M(15M) 0.162ms
[25.174s][info][gc] GC(8118) Pause Young (Allocation Failure) 11M->7M(15M) 0.183ms
[25.175s][info][gc] GC(8119) Pause Young (Allocation Failure) 12M->7M(15M) 0.179ms
[25.176s][info][gc] GC(8120) Pause Young (Allocation Failure) 11M->7M(15M) 0.163ms
[25.177s][info][gc] GC(8121) Pause Young (Allocation Failure) 11M->8M(15M) 0.199ms
[25.177s][info][gc] GC(8122) Pause Young (Allocation Failure) 12M->7M(15M) 0.180ms
[25.178s][info][gc] GC(8123) Pause Young (Allocation Failure) 12M->8M(15M) 0.195ms
[25.179s][info][gc] GC(8124) Pause Young (Allocation Failure) 12M->8M(15M) 0.199ms
[25.180s][info][gc] GC(8125) Pause Young (Allocation Failure) 12M->8M(15M) 0.169ms
[25.181s][info][gc] GC(8126) Pause Young (Allocation Failure) 12M->8M(15M) 0.180ms
[25.181s][info][gc] GC(8127) Pause Young (Allocation Failure) 12M->8M(15M) 0.161ms
[25.182s][info][gc] GC(8128) Pause Young (Allocation Failure) 12M->8M(15M) 0.170ms
[25.183s][info][gc] GC(8129) Pause Young (Allocation Failure) 12M->8M(15M) 0.169ms
[25.184s][info][gc] GC(8130) Pause Young (Allocation Failure) 12M->8M(15M) 0.202ms
[25.185s][info][gc] GC(8131) Pause Young (Allocation Failure) 13M->8M(15M) 0.192ms
[25.185s][info][gc] GC(8132) Pause Young (Allocation Failure) 13M->8M(15M) 0.196ms
[25.186s][info][gc] GC(8133) Pause Young (Allocation Failure) 13M->8M(15M) 0.171ms
[25.187s][info][gc] GC(8134) Pause Young (Allocation Failure) 13M->9M(15M) 0.192ms
[25.187s][info][gc] GC(8135) Pause Young (Allocation Failure) 13M->9M(15M) 0.186ms
[25.188s][info][gc] GC(8136) Pause Young (Allocation Failure) 13M->9M(15M) 0.174ms
[25.189s][info][gc] GC(8137) Pause Young (Allocation Failure) 13M->9M(15M) 0.181ms
[25.190s][info][gc] GC(8138) Pause Young (Allocation Failure) 13M->9M(15M) 0.190ms
[25.191s][info][gc] GC(8139) Pause Young (Allocation Failure) 13M->9M(15M) 0.184ms
[25.191s][info][gc] GC(8140) Pause Young (Allocation Failure) 13M->9M(15M) 0.184ms
[25.192s][info][gc] GC(8141) Pause Young (Allocation Failure) 13M->9M(15M) 0.211ms
[25.193s][info][gc] GC(8142) Pause Young (Allocation Failure) 13M->9M(15M) 0.157ms
[25.194s][info][gc] GC(8143) Pause Young (Allocation Failure) 14M->9M(15M) 0.177ms
[25.195s][info][gc] GC(8144) Pause Young (Allocation Failure) 13M->9M(15M) 0.177ms
[25.195s][info][gc] GC(8145) Pause Young (Allocation Failure) 13M->9M(15M) 0.184ms
[25.196s][info][gc] GC(8146) Pause Young (Allocation Failure) 14M->10M(15M) 0.206ms
[25.197s][info][gc] GC(8147) Pause Young (Allocation Failure) 14M->10M(15M) 0.187ms
[25.197s][info][gc] GC(8148) Pause Young (Allocation Failure) 14M->10M(15M) 0.180ms
[25.198s][info][gc] GC(8149) Pause Young (Allocation Failure) 14M->10M(15M) 0.140ms
[25.199s][info][gc] GC(8150) Pause Young (Allocation Failure) 14M->10M(15M) 0.198ms
[25.200s][info][gc] GC(8151) Pause Young (Allocation Failure) 14M->10M(15M) 0.183ms
[25.201s][info][gc] GC(8152) Pause Young (Allocation Failure) 14M->10M(15M) 0.169ms
[25.201s][info][gc] GC(8153) Pause Young (Allocation Failure) 14M->10M(15M) 0.188ms
[25.202s][info][gc] GC(8154) Pause Young (Allocation Failure) 14M->10M(15M) 0.181ms
[25.203s][info][gc] GC(8155) Pause Young (Allocation Failure) 14M->10M(15M) 0.172ms
[25.204s][info][gc] GC(8156) Pause Young (Allocation Failure) 14M->10M(15M) 0.163ms
[25.205s][info][gc] GC(8157) Pause Young (Allocation Failure) 14M->10M(15M) 0.184ms
[25.205s][info][gc] GC(8158) Pause Young (Allocation Failure) 14M->10M(15M) 0.165ms
[25.206s][info][gc] GC(8159) Pause Young (Allocation Failure) 14M->10M(15M) 0.174ms
[25.207s][info][gc] GC(8160) Pause Young (Allocation Failure) 14M->10M(15M) 0.188ms
[25.208s][info][gc] GC(8161) Pause Young (Allocation Failure) 14M->10M(15M) 0.196ms
[25.209s][info][gc] GC(8162) Pause Young (Allocation Failure) 15M->10M(15M) 0.177ms
[25.210s][info][gc] GC(8163) Pause Young (Allocation Failure) 14M->10M(15M) 0.180ms
[25.210s][info][gc] GC(8164) Pause Young (Allocation Failure) 14M->10M(15M) 0.194ms
[25.211s][info][gc] GC(8165) Pause Young (Allocation Failure) 15M->10M(15M) 0.173ms
[25.212s][info][gc] GC(8166) Pause Young (Allocation Failure) 14M->11M(15M) 0.199ms
[25.213s][info][gc] GC(8167) Pause Young (Allocation Failure) 15M->15M(15M) 0.025ms
[25.218s][info][gc] GC(8168) Pause Full (Allocation Failure) 15M->4M(15M) 5.348ms
[25.219s][info][gc] GC(8169) Pause Young (Allocation Failure) 8M->4M(15M) 0.181ms
[25.220s][info][gc] GC(8170) Pause Young (Allocation Failure) 9M->5M(15M) 0.200ms
[25.220s][info][gc] GC(8171) Pause Young (Allocation Failure) 9M->5M(15M) 0.175ms
[25.221s][info][gc] GC(8172) Pause Young (Allocation Failure) 9M->5M(15M) 0.172ms
[25.222s][info][gc] GC(8173) Pause Young (Allocation Failure) 9M->5M(15M) 0.192ms
[25.223s][info][gc] GC(8174) Pause Young (Allocation Failure) 9M->4M(15M) 0.166ms
[25.224s][info][gc] GC(8175) Pause Young (Allocation Failure) 9M->5M(15M) 0.181ms
[25.225s][info][gc] GC(8176) Pause Young (Allocation Failure) 9M->5M(15M) 0.168ms
[25.225s][info][gc] GC(8177) Pause Young (Allocation Failure) 9M->5M(15M) 0.168ms
[25.226s][info][gc] GC(8178) Pause Young (Allocation Failure) 9M->5M(15M) 0.178ms
[25.227s][info][gc] GC(8179) Pause Young (Allocation Failure) 9M->5M(15M) 0.177ms
[25.228s][info][gc] GC(8180) Pause Young (Allocation Failure) 9M->5M(15M) 0.178ms
[25.228s][info][gc] GC(8181) Pause Young (Allocation Failure) 9M->5M(15M) 0.185ms
[25.229s][info][gc] GC(8182) Pause Young (Allocation Failure) 9M->5M(15M) 0.188ms
[25.230s][info][gc] GC(8183) Pause Young (Allocation Failure) 9M->5M(15M) 0.202ms
[25.231s][info][gc] GC(8184) Pause Young (Allocation Failure) 10M->6M(15M) 0.215ms
[25.232s][info][gc] GC(8185) Pause Young (Allocation Failure) 10M->6M(15M) 0.196ms
[25.232s][info][gc] GC(8186) Pause Young (Allocation Failure) 10M->6M(15M) 0.176ms
[25.233s][info][gc] GC(8187) Pause Young (Allocation Failure) 10M->6M(15M) 0.156ms
[25.234s][info][gc] GC(8188) Pause Young (Allocation Failure) 10M->6M(15M) 0.209ms
[25.235s][info][gc] GC(8189) Pause Young (Allocation Failure) 11M->6M(15M) 0.182ms
[25.236s][info][gc] GC(8190) Pause Young (Allocation Failure) 11M->6M(15M) 0.184ms
[25.236s][info][gc] GC(8191) Pause Young (Allocation Failure) 11M->7M(15M) 0.185ms
[25.237s][info][gc] GC(8192) Pause Young (Allocation Failure) 11M->6M(15M) 0.176ms
[25.238s][info][gc] GC(8193) Pause Young (Allocation Failure) 11M->6M(15M) 0.170ms
[25.239s][info][gc] GC(8194) Pause Young (Allocation Failure) 10M->6M(15M) 0.166ms
[25.240s][info][gc] GC(8195) Pause Young (Allocation Failure) 10M->7M(15M) 0.189ms
[25.240s][info][gc] GC(8196) Pause Young (Allocation Failure) 11M->6M(15M) 0.172ms
[25.241s][info][gc] GC(8197) Pause Young (Allocation Failure) 11M->6M(15M) 0.177ms
[25.242s][info][gc] GC(8198) Pause Young (Allocation Failure) 11M->7M(15M) 0.200ms
[25.243s][info][gc] GC(8199) Pause Young (Allocation Failure) 11M->7M(15M) 0.172ms
[25.243s][info][gc] GC(8200) Pause Young (Allocation Failure) 11M->7M(15M) 0.191ms
[25.244s][info][gc] GC(8201) Pause Young (Allocation Failure) 11M->7M(15M) 0.134ms
[25.245s][info][gc] GC(8202) Pause Young (Allocation Failure) 11M->7M(15M) 0.196ms
[25.246s][info][gc] GC(8203) Pause Young (Allocation Failure) 12M->7M(15M) 0.191ms
[25.247s][info][gc] GC(8204) Pause Young (Allocation Failure) 12M->7M(15M) 0.165ms
[25.247s][info][gc] GC(8205) Pause Young (Allocation Failure) 11M->8M(15M) 0.211ms
[25.248s][info][gc] GC(8206) Pause Young (Allocation Failure) 12M->9M(15M) 0.232ms
[25.249s][info][gc] GC(8207) Pause Young (Allocation Failure) 13M->8M(15M) 0.181ms
[25.250s][info][gc] GC(8208) Pause Young (Allocation Failure) 13M->8M(15M) 0.177ms
[25.251s][info][gc] GC(8209) Pause Young (Allocation Failure) 13M->9M(15M) 0.180ms
[25.251s][info][gc] GC(8210) Pause Young (Allocation Failure) 13M->9M(15M) 0.198ms
[25.252s][info][gc] GC(8211) Pause Young (Allocation Failure) 13M->8M(15M) 0.164ms
[25.253s][info][gc] GC(8212) Pause Young (Allocation Failure) 13M->9M(15M) 0.199ms
[25.254s][info][gc] GC(8213) Pause Young (Allocation Failure) 13M->9M(15M) 0.188ms
[25.255s][info][gc] GC(8214) Pause Young (Allocation Failure) 13M->9M(15M) 0.175ms
[25.255s][info][gc] GC(8215) Pause Young (Allocation Failure) 13M->9M(15M) 0.198ms
[25.256s][info][gc] GC(8216) Pause Young (Allocation Failure) 14M->9M(15M) 0.161ms
[25.257s][info][gc] GC(8217) Pause Young (Allocation Failure) 13M->9M(15M) 0.169ms
[25.258s][info][gc] GC(8218) Pause Young (Allocation Failure) 13M->9M(15M) 0.192ms
[25.259s][info][gc] GC(8219) Pause Young (Allocation Failure) 14M->10M(15M) 0.184ms
[25.259s][info][gc] GC(8220) Pause Young (Allocation Failure) 14M->10M(15M) 0.204ms
[25.260s][info][gc] GC(8221) Pause Young (Allocation Failure) 14M->9M(15M) 0.163ms
[25.261s][info][gc] GC(8222) Pause Young (Allocation Failure) 14M->9M(15M) 0.162ms
[25.262s][info][gc] GC(8223) Pause Young (Allocation Failure) 14M->10M(15M) 0.182ms
[25.263s][info][gc] GC(8224) Pause Young (Allocation Failure) 14M->10M(15M) 0.172ms
[25.264s][info][gc] GC(8225) Pause Young (Allocation Failure) 14M->10M(15M) 0.169ms
[25.264s][info][gc] GC(8226) Pause Young (Allocation Failure) 14M->10M(15M) 0.149ms
[25.265s][info][gc] GC(8227) Pause Young (Allocation Failure) 14M->10M(15M) 0.192ms
[25.266s][info][gc] GC(8228) Pause Young (Allocation Failure) 15M->10M(15M) 0.170ms
[25.267s][info][gc] GC(8229) Pause Young (Allocation Failure) 14M->10M(15M) 0.188ms
[25.267s][info][gc] GC(8230) Pause Young (Allocation Failure) 15M->10M(15M) 0.173ms
[25.268s][info][gc] GC(8231) Pause Young (Allocation Failure) 14M->10M(15M) 0.177ms
[25.269s][info][gc] GC(8232) Pause Young (Allocation Failure) 14M->10M(15M) 0.191ms
[25.270s][info][gc] GC(8233) Pause Young (Allocation Failure) 15M->10M(15M) 0.182ms
[25.271s][info][gc] GC(8234) Pause Young (Allocation Failure) 15M->10M(15M) 0.184ms
[25.271s][info][gc] GC(8235) Pause Young (Allocation Failure) 15M->10M(15M) 0.169ms
[25.272s][info][gc] GC(8236) Pause Young (Allocation Failure) 14M->10M(15M) 0.173ms
[25.273s][info][gc] GC(8237) Pause Young (Allocation Failure) 14M->11M(15M) 0.204ms
[25.274s][info][gc] GC(8238) Pause Young (Allocation Failure) 15M->15M(15M) 0.025ms
[25.279s][info][gc] GC(8239) Pause Full (Allocation Failure) 15M->4M(15M) 5.116ms
[25.280s][info][gc] GC(8240) Pause Young (Allocation Failure) 9M->5M(15M) 0.186ms
[25.281s][info][gc] GC(8241) Pause Young (Allocation Failure) 9M->4M(15M) 0.170ms
[25.281s][info][gc] GC(8242) Pause Young (Allocation Failure) 9M->5M(15M) 0.190ms
[25.282s][info][gc] GC(8243) Pause Young (Allocation Failure) 9M->5M(15M) 0.176ms
[25.283s][info][gc] GC(8244) Pause Young (Allocation Failure) 9M->5M(15M) 0.210ms
[25.284s][info][gc] GC(8245) Pause Young (Allocation Failure) 10M->5M(15M) 0.173ms
[25.284s][info][gc] GC(8246) Pause Young (Allocation Failure) 9M->5M(15M) 0.192ms
[25.285s][info][gc] GC(8247) Pause Young (Allocation Failure) 10M->5M(15M) 0.171ms
[25.286s][info][gc] GC(8248) Pause Young (Allocation Failure) 9M->5M(15M) 0.186ms
[25.287s][info][gc] GC(8249) Pause Young (Allocation Failure) 10M->5M(15M) 0.179ms
[25.287s][info][gc] GC(8250) Pause Young (Allocation Failure) 10M->5M(15M) 0.166ms
[25.288s][info][gc] GC(8251) Pause Young (Allocation Failure) 9M->5M(15M) 0.167ms
[25.289s][info][gc] GC(8252) Pause Young (Allocation Failure) 9M->6M(15M) 0.219ms
[25.290s][info][gc] GC(8253) Pause Young (Allocation Failure) 10M->5M(15M) 0.176ms
[25.291s][info][gc] GC(8254) Pause Young (Allocation Failure) 10M->6M(15M) 0.177ms
[25.291s][info][gc] GC(8255) Pause Young (Allocation Failure) 10M->6M(15M) 0.223ms
[25.292s][info][gc] GC(8256) Pause Young (Allocation Failure) 11M->6M(15M) 0.177ms
[25.293s][info][gc] GC(8257) Pause Young (Allocation Failure) 10M->7M(15M) 0.153ms
[25.294s][info][gc] GC(8258) Pause Young (Allocation Failure) 11M->6M(15M) 0.166ms
[25.295s][info][gc] GC(8259) Pause Young (Allocation Failure) 11M->7M(15M) 0.161ms
[25.295s][info][gc] GC(8260) Pause Young (Allocation Failure) 11M->7M(15M) 0.212ms
[25.296s][info][gc] GC(8261) Pause Young (Allocation Failure) 11M->7M(15M) 0.180ms
[25.297s][info][gc] GC(8262) Pause Young (Allocation Failure) 11M->7M(15M) 0.202ms
[25.298s][info][gc] GC(8263) Pause Young (Allocation Failure) 12M->7M(15M) 0.187ms
[25.299s][info][gc] GC(8264) Pause Young (Allocation Failure) 12M->8M(15M) 0.195ms
[25.300s][info][gc] GC(8265) Pause Young (Allocation Failure) 12M->8M(15M) 0.187ms
[25.300s][info][gc] GC(8266) Pause Young (Allocation Failure) 12M->8M(15M) 0.189ms
[25.301s][info][gc] GC(8267) Pause Young (Allocation Failure) 12M->8M(15M) 0.190ms
[25.302s][info][gc] GC(8268) Pause Young (Allocation Failure) 12M->8M(15M) 0.206ms
[25.303s][info][gc] GC(8269) Pause Young (Allocation Failure) 13M->9M(15M) 0.205ms
[25.303s][info][gc] GC(8270) Pause Young (Allocation Failure) 13M->9M(15M) 0.159ms
[25.304s][info][gc] GC(8271) Pause Young (Allocation Failure) 13M->9M(15M) 0.171ms
[25.305s][info][gc] GC(8272) Pause Young (Allocation Failure) 13M->9M(15M) 0.178ms
[25.306s][info][gc] GC(8273) Pause Young (Allocation Failure) 13M->9M(15M) 0.172ms
[25.306s][info][gc] GC(8274) Pause Young (Allocation Failure) 13M->9M(15M) 0.174ms
[25.307s][info][gc] GC(8275) Pause Young (Allocation Failure) 13M->9M(15M) 0.190ms
[25.308s][info][gc] GC(8276) Pause Young (Allocation Failure) 13M->9M(15M) 0.169ms
[25.309s][info][gc] GC(8277) Pause Young (Allocation Failure) 13M->9M(15M) 0.190ms
[25.310s][info][gc] GC(8278) Pause Young (Allocation Failure) 13M->9M(15M) 0.178ms
[25.310s][info][gc] GC(8279) Pause Young (Allocation Failure) 13M->9M(15M) 0.204ms
[25.311s][info][gc] GC(8280) Pause Young (Allocation Failure) 14M->9M(15M) 0.192ms
[25.312s][info][gc] GC(8281) Pause Young (Allocation Failure) 14M->9M(15M) 0.177ms
[25.313s][info][gc] GC(8282) Pause Young (Allocation Failure) 14M->9M(15M) 0.171ms
[25.314s][info][gc] GC(8283) Pause Young (Allocation Failure) 13M->9M(15M) 0.173ms
[25.314s][info][gc] GC(8284) Pause Young (Allocation Failure) 14M->9M(15M) 0.164ms
[25.315s][info][gc] GC(8285) Pause Young (Allocation Failure) 13M->9M(15M) 0.186ms
[25.316s][info][gc] GC(8286) Pause Young (Allocation Failure) 14M->9M(15M) 0.173ms
[25.317s][info][gc] GC(8287) Pause Young (Allocation Failure) 13M->10M(15M) 0.192ms
[25.317s][info][gc] GC(8288) Pause Young (Allocation Failure) 14M->9M(15M) 0.174ms
[25.318s][info][gc] GC(8289) Pause Young (Allocation Failure) 14M->10M(15M) 0.185ms
[25.319s][info][gc] GC(8290) Pause Young (Allocation Failure) 14M->10M(15M) 0.177ms
[25.320s][info][gc] GC(8291) Pause Young (Allocation Failure) 14M->10M(15M) 0.184ms
[25.321s][info][gc] GC(8292) Pause Young (Allocation Failure) 14M->10M(15M) 0.181ms
[25.322s][info][gc] GC(8293) Pause Young (Allocation Failure) 14M->10M(15M) 0.179ms
[25.322s][info][gc] GC(8294) Pause Young (Allocation Failure) 14M->10M(15M) 0.179ms
[25.323s][info][gc] GC(8295) Pause Young (Allocation Failure) 14M->10M(15M) 0.176ms
[25.324s][info][gc] GC(8296) Pause Young (Allocation Failure) 14M->9M(15M) 0.167ms
[25.325s][info][gc] GC(8297) Pause Young (Allocation Failure) 14M->9M(15M) 0.188ms
[25.325s][info][gc] GC(8298) Pause Young (Allocation Failure) 14M->10M(15M) 0.219ms
[25.326s][info][gc] GC(8299) Pause Young (Allocation Failure) 15M->10M(15M) 0.174ms
[25.327s][info][gc] GC(8300) Pause Young (Allocation Failure) 14M->10M(15M) 0.173ms
[25.328s][info][gc] GC(8301) Pause Young (Allocation Failure) 14M->11M(15M) 0.213ms
[25.328s][info][gc] GC(8302) Pause Young (Allocation Failure) 15M->15M(15M) 0.025ms
[25.334s][info][gc] GC(8303) Pause Full (Allocation Failure) 15M->4M(15M) 5.377ms
[25.335s][info][gc] GC(8304) Pause Young (Allocation Failure) 9M->5M(15M) 0.200ms
[25.336s][info][gc] GC(8305) Pause Young (Allocation Failure) 9M->5M(15M) 0.168ms
[25.336s][info][gc] GC(8306) Pause Young (Allocation Failure) 9M->5M(15M) 0.167ms
[25.337s][info][gc] GC(8307) Pause Young (Allocation Failure) 9M->5M(15M) 0.169ms
[25.338s][info][gc] GC(8308) Pause Young (Allocation Failure) 9M->5M(15M) 0.201ms
[25.339s][info][gc] GC(8309) Pause Young (Allocation Failure) 9M->5M(15M) 0.185ms
[25.340s][info][gc] GC(8310) Pause Young (Allocation Failure) 9M->5M(15M) 0.171ms
[25.340s][info][gc] GC(8311) Pause Young (Allocation Failure) 9M->5M(15M) 0.175ms
[25.341s][info][gc] GC(8312) Pause Young (Allocation Failure) 9M->5M(15M) 0.181ms
[25.342s][info][gc] GC(8313) Pause Young (Allocation Failure) 9M->5M(15M) 0.176ms
[25.343s][info][gc] GC(8314) Pause Young (Allocation Failure) 9M->5M(15M) 0.188ms
[25.344s][info][gc] GC(8315) Pause Young (Allocation Failure) 10M->5M(15M) 0.163ms
[25.344s][info][gc] GC(8316) Pause Young (Allocation Failure) 9M->6M(15M) 0.218ms
[25.345s][info][gc] GC(8317) Pause Young (Allocation Failure) 10M->6M(15M) 0.177ms
[25.346s][info][gc] GC(8318) Pause Young (Allocation Failure) 10M->6M(15M) 0.182ms
[25.347s][info][gc] GC(8319) Pause Young (Allocation Failure) 10M->5M(15M) 0.171ms
[25.347s][info][gc] GC(8320) Pause Young (Allocation Failure) 10M->5M(15M) 0.167ms
[25.348s][info][gc] GC(8321) Pause Young (Allocation Failure) 10M->6M(15M) 0.213ms
[25.349s][info][gc] GC(8322) Pause Young (Allocation Failure) 11M->6M(15M) 0.170ms
[25.350s][info][gc] GC(8323) Pause Young (Allocation Failure) 10M->6M(15M) 0.182ms
[25.351s][info][gc] GC(8324) Pause Young (Allocation Failure) 10M->7M(15M) 0.228ms
[25.352s][info][gc] GC(8325) Pause Young (Allocation Failure) 11M->7M(15M) 0.200ms
[25.352s][info][gc] GC(8326) Pause Young (Allocation Failure) 11M->7M(15M) 0.183ms
[25.353s][info][gc] GC(8327) Pause Young (Allocation Failure) 11M->7M(15M) 0.177ms
[25.354s][info][gc] GC(8328) Pause Young (Allocation Failure) 11M->7M(15M) 0.167ms
[25.355s][info][gc] GC(8329) Pause Young (Allocation Failure) 11M->7M(15M) 0.173ms
[25.356s][info][gc] GC(8330) Pause Young (Allocation Failure) 11M->7M(15M) 0.160ms
[25.356s][info][gc] GC(8331) Pause Young (Allocation Failure) 11M->7M(15M) 0.161ms
[25.357s][info][gc] GC(8332) Pause Young (Allocation Failure) 11M->7M(15M) 0.147ms
[25.358s][info][gc] GC(8333) Pause Young (Allocation Failure) 11M->7M(15M) 0.160ms
[25.359s][info][gc] GC(8334) Pause Young (Allocation Failure) 11M->7M(15M) 0.140ms
[25.359s][info][gc] GC(8335) Pause Young (Allocation Failure) 11M->7M(15M) 0.164ms
[25.360s][info][gc] GC(8336) Pause Young (Allocation Failure) 12M->7M(15M) 0.165ms
[25.361s][info][gc] GC(8337) Pause Young (Allocation Failure) 12M->7M(15M) 0.140ms
[25.362s][info][gc] GC(8338) Pause Young (Allocation Failure) 11M->7M(15M) 0.147ms
[25.362s][info][gc] GC(8339) Pause Young (Allocation Failure) 11M->8M(15M) 0.176ms
[25.363s][info][gc] GC(8340) Pause Young (Allocation Failure) 12M->7M(15M) 0.151ms
[25.364s][info][gc] GC(8341) Pause Young (Allocation Failure) 12M->7M(15M) 0.142ms
[25.365s][info][gc] GC(8342) Pause Young (Allocation Failure) 12M->8M(15M) 0.192ms
[25.365s][info][gc] GC(8343) Pause Young (Allocation Failure) 12M->8M(15M) 0.181ms
[25.366s][info][gc] GC(8344) Pause Young (Allocation Failure) 13M->8M(15M) 0.147ms
[25.367s][info][gc] GC(8345) Pause Young (Allocation Failure) 12M->9M(15M) 0.197ms
[25.368s][info][gc] GC(8346) Pause Young (Allocation Failure) 13M->9M(15M) 0.149ms
[25.369s][info][gc] GC(8347) Pause Young (Allocation Failure) 13M->9M(15M) 0.163ms
[25.370s][info][gc] GC(8348) Pause Young (Allocation Failure) 13M->9M(15M) 0.178ms
[25.370s][info][gc] GC(8349) Pause Young (Allocation Failure) 13M->9M(15M) 0.190ms
[25.371s][info][gc] GC(8350) Pause Young (Allocation Failure) 14M->9M(15M) 0.142ms
[25.372s][info][gc] GC(8351) Pause Young (Allocation Failure) 13M->9M(15M) 0.148ms
[25.373s][info][gc] GC(8352) Pause Young (Allocation Failure) 13M->9M(15M) 0.140ms
[25.374s][info][gc] GC(8353) Pause Young (Allocation Failure) 13M->9M(15M) 0.148ms
[25.374s][info][gc] GC(8354) Pause Young (Allocation Failure) 13M->9M(15M) 0.152ms
[25.375s][info][gc] GC(8355) Pause Young (Allocation Failure) 13M->10M(15M) 0.170ms
[25.376s][info][gc] GC(8356) Pause Young (Allocation Failure) 14M->9M(15M) 0.149ms
[25.377s][info][gc] GC(8357) Pause Young (Allocation Failure) 14M->9M(15M) 0.159ms
[25.377s][info][gc] GC(8358) Pause Young (Allocation Failure) 14M->9M(15M) 0.145ms
[25.378s][info][gc] GC(8359) Pause Young (Allocation Failure) 14M->10M(15M) 0.165ms
[25.379s][info][gc] GC(8360) Pause Young (Allocation Failure) 14M->9M(15M) 0.148ms
[25.380s][info][gc] GC(8361) Pause Young (Allocation Failure) 14M->10M(15M) 0.155ms
[25.381s][info][gc] GC(8362) Pause Young (Allocation Failure) 14M->10M(15M) 0.176ms
[25.381s][info][gc] GC(8363) Pause Young (Allocation Failure) 14M->10M(15M) 0.178ms
[25.382s][info][gc] GC(8364) Pause Young (Allocation Failure) 14M->10M(15M) 0.161ms
[25.383s][info][gc] GC(8365) Pause Young (Allocation Failure) 14M->10M(15M) 0.151ms
[25.384s][info][gc] GC(8366) Pause Young (Allocation Failure) 15M->15M(15M) 0.025ms
[25.389s][info][gc] GC(8367) Pause Full (Allocation Failure) 15M->4M(15M) 5.338ms
[25.390s][info][gc] GC(8368) Pause Young (Allocation Failure) 8M->5M(15M) 0.197ms
[25.391s][info][gc] GC(8369) Pause Young (Allocation Failure) 9M->5M(15M) 0.197ms
[25.391s][info][gc] GC(8370) Pause Young (Allocation Failure) 9M->5M(15M) 0.166ms
[25.392s][info][gc] GC(8371) Pause Young (Allocation Failure) 9M->5M(15M) 0.169ms
[25.393s][info][gc] GC(8372) Pause Young (Allocation Failure) 10M->5M(15M) 0.170ms
[25.394s][info][gc] GC(8373) Pause Young (Allocation Failure) 9M->5M(15M) 0.138ms
[25.395s][info][gc] GC(8374) Pause Young (Allocation Failure) 10M->5M(15M) 0.182ms
[25.396s][info][gc] GC(8375) Pause Young (Allocation Failure) 10M->5M(15M) 0.171ms
[25.396s][info][gc] GC(8376) Pause Young (Allocation Failure) 10M->6M(15M) 0.186ms
[25.397s][info][gc] GC(8377) Pause Young (Allocation Failure) 10M->6M(15M) 0.148ms
[25.398s][info][gc] GC(8378) Pause Young (Allocation Failure) 10M->5M(15M) 0.160ms
[25.399s][info][gc] GC(8379) Pause Young (Allocation Failure) 9M->6M(15M) 0.194ms
[25.400s][info][gc] GC(8380) Pause Young (Allocation Failure) 10M->6M(15M) 0.187ms
[25.401s][info][gc] GC(8381) Pause Young (Allocation Failure) 10M->6M(15M) 0.127ms
[25.401s][info][gc] GC(8382) Pause Young (Allocation Failure) 10M->6M(15M) 0.163ms
[25.402s][info][gc] GC(8383) Pause Young (Allocation Failure) 10M->6M(15M) 0.162ms
[25.403s][info][gc] GC(8384) Pause Young (Allocation Failure) 10M->6M(15M) 0.175ms
[25.404s][info][gc] GC(8385) Pause Young (Allocation Failure) 10M->6M(15M) 0.181ms
[25.405s][info][gc] GC(8386) Pause Young (Allocation Failure) 10M->6M(15M) 0.164ms
[25.405s][info][gc] GC(8387) Pause Young (Allocation Failure) 10M->6M(15M) 0.189ms
[25.406s][info][gc] GC(8388) Pause Young (Allocation Failure) 10M->6M(15M) 0.178ms
[25.407s][info][gc] GC(8389) Pause Young (Allocation Failure) 10M->6M(15M) 0.182ms
[25.408s][info][gc] GC(8390) Pause Young (Allocation Failure) 11M->6M(15M) 0.183ms
[25.409s][info][gc] GC(8391) Pause Young (Allocation Failure) 11M->6M(15M) 0.178ms
[25.410s][info][gc] GC(8392) Pause Young (Allocation Failure) 10M->6M(15M) 0.171ms
[25.410s][info][gc] GC(8393) Pause Young (Allocation Failure) 10M->6M(15M) 0.182ms
[25.411s][info][gc] GC(8394) Pause Young (Allocation Failure) 11M->6M(15M) 0.168ms
[25.412s][info][gc] GC(8395) Pause Young (Allocation Failure) 10M->6M(15M) 0.166ms
[25.413s][info][gc] GC(8396) Pause Young (Allocation Failure) 10M->6M(15M) 0.163ms
[25.414s][info][gc] GC(8397) Pause Young (Allocation Failure) 10M->6M(15M) 0.173ms
[25.415s][info][gc] GC(8398) Pause Young (Allocation Failure) 11M->6M(15M) 0.193ms
[25.416s][info][gc] GC(8399) Pause Young (Allocation Failure) 11M->6M(15M) 0.175ms
[25.416s][info][gc] GC(8400) Pause Young (Allocation Failure) 10M->6M(15M) 0.168ms
[25.417s][info][gc] GC(8401) Pause Young (Allocation Failure) 10M->7M(15M) 0.180ms
[25.418s][info][gc] GC(8402) Pause Young (Allocation Failure) 11M->6M(15M) 0.174ms
[25.419s][info][gc] GC(8403) Pause Young (Allocation Failure) 11M->6M(15M) 0.187ms
[25.419s][info][gc] GC(8404) Pause Young (Allocation Failure) 11M->6M(15M) 0.164ms
[25.420s][info][gc] GC(8405) Pause Young (Allocation Failure) 11M->7M(15M) 0.185ms
[25.421s][info][gc] GC(8406) Pause Young (Allocation Failure) 11M->7M(15M) 0.198ms
[25.422s][info][gc] GC(8407) Pause Young (Allocation Failure) 11M->7M(15M) 0.160ms
[25.423s][info][gc] GC(8408) Pause Young (Allocation Failure) 11M->7M(15M) 0.159ms
[25.423s][info][gc] GC(8409) Pause Young (Allocation Failure) 11M->8M(15M) 0.205ms
[25.424s][info][gc] GC(8410) Pause Young (Allocation Failure) 12M->7M(15M) 0.155ms
[25.425s][info][gc] GC(8411) Pause Young (Allocation Failure) 11M->7M(15M) 0.167ms
[25.426s][info][gc] GC(8412) Pause Young (Allocation Failure) 12M->7M(15M) 0.170ms
[25.427s][info][gc] GC(8413) Pause Young (Allocation Failure) 12M->8M(15M) 0.211ms
[25.428s][info][gc] GC(8414) Pause Young (Allocation Failure) 12M->8M(15M) 0.191ms
[25.428s][info][gc] GC(8415) Pause Young (Allocation Failure) 13M->8M(15M) 0.166ms
[25.429s][info][gc] GC(8416) Pause Young (Allocation Failure) 12M->9M(15M) 0.188ms
[25.430s][info][gc] GC(8417) Pause Young (Allocation Failure) 13M->8M(15M) 0.158ms
[25.431s][info][gc] GC(8418) Pause Young (Allocation Failure) 12M->8M(15M) 0.179ms
[25.432s][info][gc] GC(8419) Pause Young (Allocation Failure) 13M->9M(15M) 0.163ms
[25.433s][info][gc] GC(8420) Pause Young (Allocation Failure) 13M->9M(15M) 0.174ms
[25.433s][info][gc] GC(8421) Pause Young (Allocation Failure) 13M->8M(15M) 0.158ms
[25.434s][info][gc] GC(8422) Pause Young (Allocation Failure) 13M->9M(15M) 0.172ms
[25.435s][info][gc] GC(8423) Pause Young (Allocation Failure) 13M->8M(15M) 0.188ms
[25.436s][info][gc] GC(8424) Pause Young (Allocation Failure) 13M->8M(15M) 0.163ms
[25.436s][info][gc] GC(8425) Pause Young (Allocation Failure) 13M->9M(15M) 0.174ms
[25.437s][info][gc] GC(8426) Pause Young (Allocation Failure) 13M->9M(15M) 0.141ms
[25.438s][info][gc] GC(8427) Pause Young (Allocation Failure) 13M->9M(15M) 0.167ms
[25.439s][info][gc] GC(8428) Pause Young (Allocation Failure) 13M->9M(15M) 0.161ms
[25.440s][info][gc] GC(8429) Pause Young (Allocation Failure) 13M->9M(15M) 0.171ms
[25.440s][info][gc] GC(8430) Pause Young (Allocation Failure) 13M->9M(15M) 0.169ms
[25.441s][info][gc] GC(8431) Pause Young (Allocation Failure) 13M->9M(15M) 0.166ms
[25.442s][info][gc] GC(8432) Pause Young (Allocation Failure) 13M->9M(15M) 0.168ms
[25.443s][info][gc] GC(8433) Pause Young (Allocation Failure) 14M->9M(15M) 0.164ms
[25.444s][info][gc] GC(8434) Pause Young (Allocation Failure) 13M->9M(15M) 0.177ms
[25.444s][info][gc] GC(8435) Pause Young (Allocation Failure) 14M->10M(15M) 0.190ms
[25.445s][info][gc] GC(8436) Pause Young (Allocation Failure) 14M->9M(15M) 0.163ms
[25.446s][info][gc] GC(8437) Pause Young (Allocation Failure) 14M->9M(15M) 0.163ms
[25.447s][info][gc] GC(8438) Pause Young (Allocation Failure) 14M->10M(15M) 0.175ms
[25.448s][info][gc] GC(8439) Pause Young (Allocation Failure) 14M->10M(15M) 0.172ms
[25.449s][info][gc] GC(8440) Pause Young (Allocation Failure) 14M->10M(15M) 0.170ms
[25.449s][info][gc] GC(8441) Pause Young (Allocation Failure) 14M->10M(15M) 0.163ms
[25.450s][info][gc] GC(8442) Pause Young (Allocation Failure) 14M->9M(15M) 0.154ms
[25.451s][info][gc] GC(8443) Pause Young (Allocation Failure) 14M->10M(15M) 0.199ms
[25.452s][info][gc] GC(8444) Pause Young (Allocation Failure) 14M->10M(15M) 0.168ms
[25.452s][info][gc] GC(8445) Pause Young (Allocation Failure) 14M->10M(15M) 0.175ms
[25.453s][info][gc] GC(8446) Pause Young (Allocation Failure) 14M->10M(15M) 0.172ms
[25.454s][info][gc] GC(8447) Pause Young (Allocation Failure) 14M->10M(15M) 0.180ms
[25.455s][info][gc] GC(8448) Pause Young (Allocation Failure) 15M->10M(15M) 0.155ms
[25.456s][info][gc] GC(8449) Pause Young (Allocation Failure) 14M->10M(15M) 0.159ms
[25.457s][info][gc] GC(8450) Pause Young (Allocation Failure) 14M->10M(15M) 0.206ms
[25.457s][info][gc] GC(8451) Pause Young (Allocation Failure) 14M->10M(15M) 0.171ms
[25.458s][info][gc] GC(8452) Pause Young (Allocation Failure) 14M->10M(15M) 0.191ms
[25.459s][info][gc] GC(8453) Pause Young (Allocation Failure) 15M->15M(15M) 0.024ms
[25.465s][info][gc] GC(8454) Pause Full (Allocation Failure) 15M->5M(15M) 5.663ms
[25.465s][info][gc] GC(8455) Pause Young (Allocation Failure) 9M->5M(15M) 0.200ms
[25.466s][info][gc] GC(8456) Pause Young (Allocation Failure) 9M->5M(15M) 0.190ms
[25.467s][info][gc] GC(8457) Pause Young (Allocation Failure) 9M->5M(15M) 0.175ms
[25.468s][info][gc] GC(8458) Pause Young (Allocation Failure) 9M->6M(15M) 0.202ms
[25.469s][info][gc] GC(8459) Pause Young (Allocation Failure) 10M->5M(15M) 0.169ms
[25.469s][info][gc] GC(8460) Pause Young (Allocation Failure) 10M->6M(15M) 0.176ms
[25.470s][info][gc] GC(8461) Pause Young (Allocation Failure) 10M->5M(15M) 0.159ms
[25.471s][info][gc] GC(8462) Pause Young (Allocation Failure) 10M->6M(15M) 0.202ms
[25.472s][info][gc] GC(8463) Pause Young (Allocation Failure) 10M->7M(15M) 0.211ms
[25.473s][info][gc] GC(8464) Pause Young (Allocation Failure) 11M->6M(15M) 0.155ms
[25.474s][info][gc] GC(8465) Pause Young (Allocation Failure) 10M->6M(15M) 0.176ms
[25.474s][info][gc] GC(8466) Pause Young (Allocation Failure) 11M->7M(15M) 0.192ms
[25.475s][info][gc] GC(8467) Pause Young (Allocation Failure) 11M->7M(15M) 0.187ms
[25.476s][info][gc] GC(8468) Pause Young (Allocation Failure) 11M->7M(15M) 0.195ms
[25.477s][info][gc] GC(8469) Pause Young (Allocation Failure) 12M->8M(15M) 0.169ms
[25.478s][info][gc] GC(8470) Pause Young (Allocation Failure) 12M->8M(15M) 0.189ms
[25.478s][info][gc] GC(8471) Pause Young (Allocation Failure) 12M->8M(15M) 0.148ms
[25.479s][info][gc] GC(8472) Pause Young (Allocation Failure) 12M->8M(15M) 0.154ms
[25.480s][info][gc] GC(8473) Pause Young (Allocation Failure) 12M->8M(15M) 0.145ms
[25.481s][info][gc] GC(8474) Pause Young (Allocation Failure) 12M->8M(15M) 0.184ms
[25.482s][info][gc] GC(8475) Pause Young (Allocation Failure) 12M->8M(15M) 0.159ms
[25.482s][info][gc] GC(8476) Pause Young (Allocation Failure) 12M->8M(15M) 0.168ms
[25.483s][info][gc] GC(8477) Pause Young (Allocation Failure) 12M->8M(15M) 0.182ms
[25.484s][info][gc] GC(8478) Pause Young (Allocation Failure) 13M->8M(15M) 0.185ms
[25.485s][info][gc] GC(8479) Pause Young (Allocation Failure) 13M->8M(15M) 0.170ms
[25.485s][info][gc] GC(8480) Pause Young (Allocation Failure) 12M->8M(15M) 0.175ms
[25.486s][info][gc] GC(8481) Pause Young (Allocation Failure) 13M->9M(15M) 0.197ms
[25.487s][info][gc] GC(8482) Pause Young (Allocation Failure) 13M->9M(15M) 0.173ms
[25.488s][info][gc] GC(8483) Pause Young (Allocation Failure) 13M->9M(15M) 0.159ms
[25.489s][info][gc] GC(8484) Pause Young (Allocation Failure) 13M->9M(15M) 0.184ms
[25.490s][info][gc] GC(8485) Pause Young (Allocation Failure) 13M->9M(15M) 0.220ms
[25.490s][info][gc] GC(8486) Pause Young (Allocation Failure) 14M->9M(15M) 0.182ms
[25.491s][info][gc] GC(8487) Pause Young (Allocation Failure) 13M->9M(15M) 0.174ms
[25.492s][info][gc] GC(8488) Pause Young (Allocation Failure) 13M->9M(15M) 0.190ms
[25.493s][info][gc] GC(8489) Pause Young (Allocation Failure) 14M->10M(15M) 0.187ms
[25.493s][info][gc] GC(8490) Pause Young (Allocation Failure) 14M->10M(15M) 0.175ms
[25.494s][info][gc] GC(8491) Pause Young (Allocation Failure) 14M->10M(15M) 0.193ms
[25.495s][info][gc] GC(8492) Pause Young (Allocation Failure) 14M->10M(15M) 0.171ms
[25.496s][info][gc] GC(8493) Pause Young (Allocation Failure) 14M->10M(15M) 0.190ms
[25.496s][info][gc] GC(8494) Pause Young (Allocation Failure) 14M->11M(15M) 0.215ms
[25.497s][info][gc] GC(8495) Pause Young (Allocation Failure) 15M->15M(15M) 0.024ms
[25.502s][info][gc] GC(8496) Pause Full (Allocation Failure) 15M->5M(15M) 5.232ms
[25.503s][info][gc] GC(8497) Pause Young (Allocation Failure) 9M->5M(15M) 0.210ms
[25.504s][info][gc] GC(8498) Pause Young (Allocation Failure) 10M->5M(15M) 0.185ms
[25.505s][info][gc] GC(8499) Pause Young (Allocation Failure) 10M->5M(15M) 0.142ms
[25.506s][info][gc] GC(8500) Pause Young (Allocation Failure) 10M->5M(15M) 0.184ms
[25.507s][info][gc] GC(8501) Pause Young (Allocation Failure) 10M->5M(15M) 0.160ms
[25.507s][info][gc] GC(8502) Pause Young (Allocation Failure) 9M->5M(15M) 0.169ms
[25.508s][info][gc] GC(8503) Pause Young (Allocation Failure) 10M->5M(15M) 0.167ms
[25.509s][info][gc] GC(8504) Pause Young (Allocation Failure) 10M->5M(15M) 0.166ms
[25.510s][info][gc] GC(8505) Pause Young (Allocation Failure) 10M->6M(15M) 0.197ms
[25.510s][info][gc] GC(8506) Pause Young (Allocation Failure) 10M->6M(15M) 0.159ms
[25.511s][info][gc] GC(8507) Pause Young (Allocation Failure) 10M->7M(15M) 0.215ms
[25.512s][info][gc] GC(8508) Pause Young (Allocation Failure) 11M->6M(15M) 0.163ms
[25.513s][info][gc] GC(8509) Pause Young (Allocation Failure) 11M->6M(15M) 0.170ms
[25.514s][info][gc] GC(8510) Pause Young (Allocation Failure) 11M->7M(15M) 0.180ms
[25.514s][info][gc] GC(8511) Pause Young (Allocation Failure) 11M->6M(15M) 0.165ms
[25.516s][info][gc] GC(8512) Pause Young (Allocation Failure) 11M->7M(15M) 0.181ms
[25.516s][info][gc] GC(8513) Pause Young (Allocation Failure) 11M->6M(15M) 0.169ms
[25.517s][info][gc] GC(8514) Pause Young (Allocation Failure) 11M->6M(15M) 0.169ms
[25.518s][info][gc] GC(8515) Pause Young (Allocation Failure) 11M->7M(15M) 0.185ms
[25.519s][info][gc] GC(8516) Pause Young (Allocation Failure) 11M->7M(15M) 0.169ms
[25.520s][info][gc] GC(8517) Pause Young (Allocation Failure) 11M->7M(15M) 0.180ms
[25.520s][info][gc] GC(8518) Pause Young (Allocation Failure) 11M->7M(15M) 0.192ms
[25.521s][info][gc] GC(8519) Pause Young (Allocation Failure) 11M->7M(15M) 0.164ms
[25.522s][info][gc] GC(8520) Pause Young (Allocation Failure) 11M->7M(15M) 0.164ms
[25.523s][info][gc] GC(8521) Pause Young (Allocation Failure) 11M->7M(15M) 0.194ms
[25.524s][info][gc] GC(8522) Pause Young (Allocation Failure) 12M->7M(15M) 0.170ms
[25.524s][info][gc] GC(8523) Pause Young (Allocation Failure) 11M->7M(15M) 0.169ms
[25.525s][info][gc] GC(8524) Pause Young (Allocation Failure) 11M->7M(15M) 0.177ms
[25.526s][info][gc] GC(8525) Pause Young (Allocation Failure) 12M->7M(15M) 0.171ms
[25.527s][info][gc] GC(8526) Pause Young (Allocation Failure) 11M->7M(15M) 0.138ms
[25.527s][info][gc] GC(8527) Pause Young (Allocation Failure) 12M->7M(15M) 0.166ms
[25.528s][info][gc] GC(8528) Pause Young (Allocation Failure) 11M->7M(15M) 0.172ms
[25.529s][info][gc] GC(8529) Pause Young (Allocation Failure) 11M->7M(15M) 0.188ms
[25.530s][info][gc] GC(8530) Pause Young (Allocation Failure) 12M->7M(15M) 0.171ms
[25.531s][info][gc] GC(8531) Pause Young (Allocation Failure) 11M->7M(15M) 0.173ms
[25.531s][info][gc] GC(8532) Pause Young (Allocation Failure) 11M->7M(15M) 0.169ms
[25.532s][info][gc] GC(8533) Pause Young (Allocation Failure) 11M->7M(15M) 0.162ms
[25.533s][info][gc] GC(8534) Pause Young (Allocation Failure) 11M->7M(15M) 0.175ms
[25.534s][info][gc] GC(8535) Pause Young (Allocation Failure) 12M->8M(15M) 0.238ms
[25.535s][info][gc] GC(8536) Pause Young (Allocation Failure) 13M->8M(15M) 0.166ms
[25.535s][info][gc] GC(8537) Pause Young (Allocation Failure) 12M->8M(15M) 0.190ms
[25.536s][info][gc] GC(8538) Pause Young (Allocation Failure) 13M->8M(15M) 0.177ms
[25.537s][info][gc] GC(8539) Pause Young (Allocation Failure) 13M->8M(15M) 0.183ms
[25.538s][info][gc] GC(8540) Pause Young (Allocation Failure) 13M->8M(15M) 0.183ms
[25.539s][info][gc] GC(8541) Pause Young (Allocation Failure) 13M->8M(15M) 0.174ms
[25.539s][info][gc] GC(8542) Pause Young (Allocation Failure) 12M->9M(15M) 0.209ms
[25.540s][info][gc] GC(8543) Pause Young (Allocation Failure) 13M->8M(15M) 0.167ms
[25.541s][info][gc] GC(8544) Pause Young (Allocation Failure) 13M->9M(15M) 0.180ms
[25.542s][info][gc] GC(8545) Pause Young (Allocation Failure) 13M->9M(15M) 0.182ms
[25.543s][info][gc] GC(8546) Pause Young (Allocation Failure) 13M->9M(15M) 0.181ms
[25.543s][info][gc] GC(8547) Pause Young (Allocation Failure) 13M->9M(15M) 0.190ms
[25.544s][info][gc] GC(8548) Pause Young (Allocation Failure) 13M->10M(15M) 0.232ms
[25.545s][info][gc] GC(8549) Pause Young (Allocation Failure) 14M->10M(15M) 0.167ms
[25.546s][info][gc] GC(8550) Pause Young (Allocation Failure) 14M->10M(15M) 0.178ms
[25.546s][info][gc] GC(8551) Pause Young (Allocation Failure) 14M->10M(15M) 0.191ms
[25.547s][info][gc] GC(8552) Pause Young (Allocation Failure) 14M->10M(15M) 0.167ms
[25.548s][info][gc] GC(8553) Pause Young (Allocation Failure) 14M->10M(15M) 0.175ms
[25.549s][info][gc] GC(8554) Pause Young (Allocation Failure) 14M->10M(15M) 0.180ms
[25.550s][info][gc] GC(8555) Pause Young (Allocation Failure) 14M->10M(15M) 0.182ms
[25.551s][info][gc] GC(8556) Pause Young (Allocation Failure) 14M->10M(15M) 0.169ms
[25.551s][info][gc] GC(8557) Pause Young (Allocation Failure) 14M->10M(15M) 0.182ms
[25.552s][info][gc] GC(8558) Pause Young (Allocation Failure) 14M->10M(15M) 0.175ms
[25.553s][info][gc] GC(8559) Pause Young (Allocation Failure) 14M->10M(15M) 0.172ms
[25.554s][info][gc] GC(8560) Pause Young (Allocation Failure) 14M->10M(15M) 0.164ms
[25.554s][info][gc] GC(8561) Pause Young (Allocation Failure) 14M->10M(15M) 0.209ms
[25.555s][info][gc] GC(8562) Pause Young (Allocation Failure) 15M->15M(15M) 0.025ms
[25.560s][info][gc] GC(8563) Pause Full (Allocation Failure) 15M->5M(15M) 5.370ms
[25.561s][info][gc] GC(8564) Pause Young (Allocation Failure) 9M->5M(15M) 0.185ms
[25.562s][info][gc] GC(8565) Pause Young (Allocation Failure) 9M->5M(15M) 0.166ms
[25.563s][info][gc] GC(8566) Pause Young (Allocation Failure) 9M->5M(15M) 0.179ms
[25.564s][info][gc] GC(8567) Pause Young (Allocation Failure) 9M->5M(15M) 0.174ms
[25.564s][info][gc] GC(8568) Pause Young (Allocation Failure) 9M->5M(15M) 0.190ms
[25.565s][info][gc] GC(8569) Pause Young (Allocation Failure) 9M->6M(15M) 0.204ms
[25.566s][info][gc] GC(8570) Pause Young (Allocation Failure) 10M->6M(15M) 0.205ms
[25.567s][info][gc] GC(8571) Pause Young (Allocation Failure) 10M->6M(15M) 0.177ms
[25.567s][info][gc] GC(8572) Pause Young (Allocation Failure) 10M->7M(15M) 0.224ms
[25.568s][info][gc] GC(8573) Pause Young (Allocation Failure) 11M->7M(15M) 0.204ms
[25.569s][info][gc] GC(8574) Pause Young (Allocation Failure) 11M->6M(15M) 0.170ms
[25.570s][info][gc] GC(8575) Pause Young (Allocation Failure) 11M->7M(15M) 0.191ms
[25.571s][info][gc] GC(8576) Pause Young (Allocation Failure) 11M->6M(15M) 0.172ms
[25.572s][info][gc] GC(8577) Pause Young (Allocation Failure) 11M->6M(15M) 0.173ms
[25.572s][info][gc] GC(8578) Pause Young (Allocation Failure) 11M->7M(15M) 0.202ms
[25.573s][info][gc] GC(8579) Pause Young (Allocation Failure) 12M->7M(15M) 0.166ms
[25.574s][info][gc] GC(8580) Pause Young (Allocation Failure) 11M->7M(15M) 0.164ms
[25.575s][info][gc] GC(8581) Pause Young (Allocation Failure) 11M->8M(15M) 0.197ms
[25.576s][info][gc] GC(8582) Pause Young (Allocation Failure) 12M->7M(15M) 0.167ms
[25.576s][info][gc] GC(8583) Pause Young (Allocation Failure) 12M->8M(15M) 0.194ms
[25.577s][info][gc] GC(8584) Pause Young (Allocation Failure) 12M->8M(15M) 0.183ms
[25.578s][info][gc] GC(8585) Pause Young (Allocation Failure) 12M->7M(15M) 0.171ms
[25.579s][info][gc] GC(8586) Pause Young (Allocation Failure) 12M->8M(15M) 0.212ms
[25.580s][info][gc] GC(8587) Pause Young (Allocation Failure) 13M->8M(15M) 0.192ms
[25.580s][info][gc] GC(8588) Pause Young (Allocation Failure) 13M->9M(15M) 0.196ms
[25.581s][info][gc] GC(8589) Pause Young (Allocation Failure) 13M->8M(15M) 0.170ms
[25.582s][info][gc] GC(8590) Pause Young (Allocation Failure) 12M->9M(15M) 0.183ms
[25.583s][info][gc] GC(8591) Pause Young (Allocation Failure) 13M->8M(15M) 0.170ms
[25.584s][info][gc] GC(8592) Pause Young (Allocation Failure) 13M->9M(15M) 0.184ms
[25.585s][info][gc] GC(8593) Pause Young (Allocation Failure) 13M->9M(15M) 0.189ms
[25.585s][info][gc] GC(8594) Pause Young (Allocation Failure) 13M->9M(15M) 0.196ms
[25.586s][info][gc] GC(8595) Pause Young (Allocation Failure) 13M->9M(15M) 0.201ms
[25.587s][info][gc] GC(8596) Pause Young (Allocation Failure) 13M->9M(15M) 0.169ms
[25.588s][info][gc] GC(8597) Pause Young (Allocation Failure) 13M->9M(15M) 0.170ms
[25.589s][info][gc] GC(8598) Pause Young (Allocation Failure) 13M->9M(15M) 0.167ms
[25.590s][info][gc] GC(8599) Pause Young (Allocation Failure) 13M->9M(15M) 0.177ms
[25.590s][info][gc] GC(8600) Pause Young (Allocation Failure) 13M->9M(15M) 0.189ms
[25.591s][info][gc] GC(8601) Pause Young (Allocation Failure) 13M->9M(15M) 0.180ms
[25.592s][info][gc] GC(8602) Pause Young (Allocation Failure) 13M->10M(15M) 0.225ms
[25.593s][info][gc] GC(8603) Pause Young (Allocation Failure) 14M->10M(15M) 0.153ms
[25.594s][info][gc] GC(8604) Pause Young (Allocation Failure) 14M->10M(15M) 0.203ms
[25.595s][info][gc] GC(8605) Pause Young (Allocation Failure) 14M->10M(15M) 0.164ms
[25.595s][info][gc] GC(8606) Pause Young (Allocation Failure) 14M->10M(15M) 0.185ms
[25.596s][info][gc] GC(8607) Pause Young (Allocation Failure) 14M->10M(15M) 0.191ms
[25.597s][info][gc] GC(8608) Pause Young (Allocation Failure) 15M->15M(15M) 0.025ms
[25.602s][info][gc] GC(8609) Pause Full (Allocation Failure) 15M->4M(15M) 5.431ms
[25.603s][info][gc] GC(8610) Pause Young (Allocation Failure) 8M->5M(15M) 0.181ms
[25.604s][info][gc] GC(8611) Pause Young (Allocation Failure) 9M->5M(15M) 0.194ms
[25.605s][info][gc] GC(8612) Pause Young (Allocation Failure) 9M->5M(15M) 0.196ms
[25.605s][info][gc] GC(8613) Pause Young (Allocation Failure) 9M->5M(15M) 0.189ms
[25.606s][info][gc] GC(8614) Pause Young (Allocation Failure) 10M->5M(15M) 0.194ms
[25.607s][info][gc] GC(8615) Pause Young (Allocation Failure) 10M->5M(15M) 0.177ms
[25.608s][info][gc] GC(8616) Pause Young (Allocation Failure) 10M->5M(15M) 0.175ms
[25.608s][info][gc] GC(8617) Pause Young (Allocation Failure) 10M->6M(15M) 0.190ms
[25.609s][info][gc] GC(8618) Pause Young (Allocation Failure) 10M->6M(15M) 0.210ms
[25.610s][info][gc] GC(8619) Pause Young (Allocation Failure) 10M->6M(15M) 0.196ms
[25.611s][info][gc] GC(8620) Pause Young (Allocation Failure) 10M->6M(15M) 0.174ms
[25.612s][info][gc] GC(8621) Pause Young (Allocation Failure) 10M->6M(15M) 0.171ms
[25.612s][info][gc] GC(8622) Pause Young (Allocation Failure) 10M->6M(15M) 0.168ms
[25.613s][info][gc] GC(8623) Pause Young (Allocation Failure) 10M->6M(15M) 0.169ms
[25.614s][info][gc] GC(8624) Pause Young (Allocation Failure) 10M->6M(15M) 0.165ms
[25.615s][info][gc] GC(8625) Pause Young (Allocation Failure) 10M->6M(15M) 0.187ms
[25.615s][info][gc] GC(8626) Pause Young (Allocation Failure) 11M->6M(15M) 0.191ms
[25.616s][info][gc] GC(8627) Pause Young (Allocation Failure) 11M->6M(15M) 0.184ms
[25.617s][info][gc] GC(8628) Pause Young (Allocation Failure) 11M->7M(15M) 0.197ms
[25.618s][info][gc] GC(8629) Pause Young (Allocation Failure) 11M->7M(15M) 0.186ms
[25.619s][info][gc] GC(8630) Pause Young (Allocation Failure) 11M->7M(15M) 0.198ms
[25.620s][info][gc] GC(8631) Pause Young (Allocation Failure) 11M->7M(15M) 0.171ms
[25.620s][info][gc] GC(8632) Pause Young (Allocation Failure) 11M->7M(15M) 0.166ms
[25.621s][info][gc] GC(8633) Pause Young (Allocation Failure) 11M->7M(15M) 0.187ms
[25.622s][info][gc] GC(8634) Pause Young (Allocation Failure) 11M->7M(15M) 0.178ms
[25.623s][info][gc] GC(8635) Pause Young (Allocation Failure) 11M->8M(15M) 0.204ms
[25.624s][info][gc] GC(8636) Pause Young (Allocation Failure) 12M->8M(15M) 0.218ms
[25.624s][info][gc] GC(8637) Pause Young (Allocation Failure) 13M->8M(15M) 0.185ms
[25.625s][info][gc] GC(8638) Pause Young (Allocation Failure) 13M->8M(15M) 0.187ms
[25.626s][info][gc] GC(8639) Pause Young (Allocation Failure) 13M->8M(15M) 0.178ms
[25.627s][info][gc] GC(8640) Pause Young (Allocation Failure) 13M->8M(15M) 0.186ms
[25.627s][info][gc] GC(8641) Pause Young (Allocation Failure) 13M->9M(15M) 0.207ms
[25.628s][info][gc] GC(8642) Pause Young (Allocation Failure) 13M->9M(15M) 0.201ms
[25.629s][info][gc] GC(8643) Pause Young (Allocation Failure) 13M->9M(15M) 0.173ms
[25.630s][info][gc] GC(8644) Pause Young (Allocation Failure) 13M->9M(15M) 0.197ms
[25.631s][info][gc] GC(8645) Pause Young (Allocation Failure) 14M->10M(15M) 0.200ms
[25.632s][info][gc] GC(8646) Pause Young (Allocation Failure) 14M->10M(15M) 0.183ms
[25.632s][info][gc] GC(8647) Pause Young (Allocation Failure) 14M->10M(15M) 0.188ms
[25.633s][info][gc] GC(8648) Pause Young (Allocation Failure) 14M->10M(15M) 0.172ms
[25.634s][info][gc] GC(8649) Pause Young (Allocation Failure) 14M->9M(15M) 0.175ms
[25.635s][info][gc] GC(8650) Pause Young (Allocation Failure) 14M->9M(15M) 0.175ms
[25.636s][info][gc] GC(8651) Pause Young (Allocation Failure) 14M->10M(15M) 0.214ms
[25.637s][info][gc] GC(8652) Pause Young (Allocation Failure) 14M->10M(15M) 0.182ms
[25.638s][info][gc] GC(8653) Pause Young (Allocation Failure) 14M->9M(15M) 0.172ms
[25.638s][info][gc] GC(8654) Pause Young (Allocation Failure) 14M->10M(15M) 0.181ms
[25.639s][info][gc] GC(8655) Pause Young (Allocation Failure) 14M->10M(15M) 0.192ms
[25.640s][info][gc] GC(8656) Pause Young (Allocation Failure) 14M->10M(15M) 0.175ms
[25.641s][info][gc] GC(8657) Pause Young (Allocation Failure) 14M->10M(15M) 0.153ms
[25.642s][info][gc] GC(8658) Pause Young (Allocation Failure) 14M->10M(15M) 0.198ms
[25.642s][info][gc] GC(8659) Pause Young (Allocation Failure) 15M->15M(15M) 0.025ms
[25.647s][info][gc] GC(8660) Pause Full (Allocation Failure) 15M->5M(15M) 5.270ms
[25.648s][info][gc] GC(8661) Pause Young (Allocation Failure) 9M->5M(15M) 0.177ms
[25.649s][info][gc] GC(8662) Pause Young (Allocation Failure) 9M->5M(15M) 0.172ms
[25.650s][info][gc] GC(8663) Pause Young (Allocation Failure) 9M->5M(15M) 0.183ms
[25.651s][info][gc] GC(8664) Pause Young (Allocation Failure) 9M->5M(15M) 0.181ms
[25.652s][info][gc] GC(8665) Pause Young (Allocation Failure) 9M->5M(15M) 0.180ms
[25.652s][info][gc] GC(8666) Pause Young (Allocation Failure) 9M->5M(15M) 0.177ms
[25.653s][info][gc] GC(8667) Pause Young (Allocation Failure) 9M->5M(15M) 0.167ms
[25.654s][info][gc] GC(8668) Pause Young (Allocation Failure) 9M->5M(15M) 0.170ms
[25.655s][info][gc] GC(8669) Pause Young (Allocation Failure) 9M->5M(15M) 0.141ms
[25.655s][info][gc] GC(8670) Pause Young (Allocation Failure) 9M->5M(15M) 0.197ms
[25.656s][info][gc] GC(8671) Pause Young (Allocation Failure) 10M->5M(15M) 0.182ms
[25.657s][info][gc] GC(8672) Pause Young (Allocation Failure) 10M->6M(15M) 0.158ms
[25.658s][info][gc] GC(8673) Pause Young (Allocation Failure) 10M->6M(15M) 0.197ms
[25.659s][info][gc] GC(8674) Pause Young (Allocation Failure) 10M->6M(15M) 0.168ms
[25.659s][info][gc] GC(8675) Pause Young (Allocation Failure) 10M->6M(15M) 0.185ms
[25.660s][info][gc] GC(8676) Pause Young (Allocation Failure) 10M->6M(15M) 0.191ms
[25.661s][info][gc] GC(8677) Pause Young (Allocation Failure) 11M->6M(15M) 0.165ms
[25.662s][info][gc] GC(8678) Pause Young (Allocation Failure) 10M->6M(15M) 0.176ms
[25.663s][info][gc] GC(8679) Pause Young (Allocation Failure) 10M->7M(15M) 0.202ms
[25.663s][info][gc] GC(8680) Pause Young (Allocation Failure) 11M->7M(15M) 0.190ms
[25.664s][info][gc] GC(8681) Pause Young (Allocation Failure) 11M->7M(15M) 0.141ms
[25.665s][info][gc] GC(8682) Pause Young (Allocation Failure) 11M->7M(15M) 0.177ms
[25.666s][info][gc] GC(8683) Pause Young (Allocation Failure) 11M->7M(15M) 0.168ms
[25.667s][info][gc] GC(8684) Pause Young (Allocation Failure) 11M->7M(15M) 0.181ms
[25.668s][info][gc] GC(8685) Pause Young (Allocation Failure) 12M->7M(15M) 0.148ms
[25.668s][info][gc] GC(8686) Pause Young (Allocation Failure) 11M->8M(15M) 0.181ms
[25.669s][info][gc] GC(8687) Pause Young (Allocation Failure) 12M->8M(15M) 0.162ms
[25.670s][info][gc] GC(8688) Pause Young (Allocation Failure) 12M->8M(15M) 0.188ms
[25.671s][info][gc] GC(8689) Pause Young (Allocation Failure) 12M->8M(15M) 0.157ms
[25.672s][info][gc] GC(8690) Pause Young (Allocation Failure) 12M->8M(15M) 0.168ms
[25.672s][info][gc] GC(8691) Pause Young (Allocation Failure) 12M->8M(15M) 0.138ms
[25.673s][info][gc] GC(8692) Pause Young (Allocation Failure) 12M->8M(15M) 0.160ms
[25.674s][info][gc] GC(8693) Pause Young (Allocation Failure) 12M->8M(15M) 0.147ms
[25.675s][info][gc] GC(8694) Pause Young (Allocation Failure) 12M->8M(15M) 0.147ms
[25.676s][info][gc] GC(8695) Pause Young (Allocation Failure) 12M->8M(15M) 0.104ms
[25.676s][info][gc] GC(8696) Pause Young (Allocation Failure) 12M->8M(15M) 0.152ms
[25.677s][info][gc] GC(8697) Pause Young (Allocation Failure) 12M->8M(15M) 0.157ms
[25.678s][info][gc] GC(8698) Pause Young (Allocation Failure) 12M->8M(15M) 0.159ms
[25.679s][info][gc] GC(8699) Pause Young (Allocation Failure) 12M->8M(15M) 0.151ms
[25.680s][info][gc] GC(8700) Pause Young (Allocation Failure) 12M->8M(15M) 0.139ms
[25.680s][info][gc] GC(8701) Pause Young (Allocation Failure) 12M->8M(15M) 0.163ms
[25.681s][info][gc] GC(8702) Pause Young (Allocation Failure) 12M->8M(15M) 0.141ms
[25.682s][info][gc] GC(8703) Pause Young (Allocation Failure) 12M->9M(15M) 0.214ms
[25.683s][info][gc] GC(8704) Pause Young (Allocation Failure) 13M->9M(15M) 0.150ms
[25.683s][info][gc] GC(8705) Pause Young (Allocation Failure) 13M->9M(15M) 0.160ms
[25.684s][info][gc] GC(8706) Pause Young (Allocation Failure) 13M->9M(15M) 0.157ms
[25.685s][info][gc] GC(8707) Pause Young (Allocation Failure) 13M->9M(15M) 0.180ms
[25.686s][info][gc] GC(8708) Pause Young (Allocation Failure) 13M->9M(15M) 0.172ms
[25.687s][info][gc] GC(8709) Pause Young (Allocation Failure) 14M->9M(15M) 0.146ms
[25.688s][info][gc] GC(8710) Pause Young (Allocation Failure) 13M->9M(15M) 0.159ms
[25.689s][info][gc] GC(8711) Pause Young (Allocation Failure) 14M->9M(15M) 0.169ms
[25.689s][info][gc] GC(8712) Pause Young (Allocation Failure) 13M->10M(15M) 0.199ms
[25.690s][info][gc] GC(8713) Pause Young (Allocation Failure) 14M->10M(15M) 0.189ms
[25.691s][info][gc] GC(8714) Pause Young (Allocation Failure) 14M->9M(15M) 0.167ms
[25.692s][info][gc] GC(8715) Pause Young (Allocation Failure) 14M->9M(15M) 0.159ms
[25.693s][info][gc] GC(8716) Pause Young (Allocation Failure) 14M->10M(15M) 0.201ms
[25.693s][info][gc] GC(8717) Pause Young (Allocation Failure) 14M->10M(15M) 0.168ms
[25.694s][info][gc] GC(8718) Pause Young (Allocation Failure) 14M->10M(15M) 0.179ms
[25.695s][info][gc] GC(8719) Pause Young (Allocation Failure) 14M->10M(15M) 0.180ms
[25.696s][info][gc] GC(8720) Pause Young (Allocation Failure) 14M->10M(15M) 0.166ms
[25.696s][info][gc] GC(8721) Pause Young (Allocation Failure) 14M->10M(15M) 0.169ms
[25.697s][info][gc] GC(8722) Pause Young (Allocation Failure) 14M->10M(15M) 0.168ms
[25.698s][info][gc] GC(8723) Pause Young (Allocation Failure) 14M->10M(15M) 0.181ms
[25.699s][info][gc] GC(8724) Pause Young (Allocation Failure) 14M->10M(15M) 0.169ms
[25.700s][info][gc] GC(8725) Pause Young (Allocation Failure) 14M->10M(15M) 0.207ms
[25.701s][info][gc] GC(8726) Pause Young (Allocation Failure) 15M->15M(15M) 0.025ms
[25.706s][info][gc] GC(8727) Pause Full (Allocation Failure) 15M->5M(15M) 5.578ms
[25.707s][info][gc] GC(8728) Pause Young (Allocation Failure) 9M->6M(15M) 0.191ms
[25.708s][info][gc] GC(8729) Pause Young (Allocation Failure) 10M->6M(15M) 0.200ms
[25.709s][info][gc] GC(8730) Pause Young (Allocation Failure) 10M->6M(15M) 0.187ms
[25.709s][info][gc] GC(8731) Pause Young (Allocation Failure) 10M->6M(15M) 0.182ms
[25.710s][info][gc] GC(8732) Pause Young (Allocation Failure) 10M->6M(15M) 0.157ms
[25.711s][info][gc] GC(8733) Pause Young (Allocation Failure) 10M->6M(15M) 0.182ms
[25.712s][info][gc] GC(8734) Pause Young (Allocation Failure) 10M->6M(15M) 0.170ms
[25.713s][info][gc] GC(8735) Pause Young (Allocation Failure) 10M->6M(15M) 0.176ms
[25.714s][info][gc] GC(8736) Pause Young (Allocation Failure) 10M->6M(15M) 0.170ms
[25.714s][info][gc] GC(8737) Pause Young (Allocation Failure) 10M->6M(15M) 0.174ms
[25.715s][info][gc] GC(8738) Pause Young (Allocation Failure) 10M->6M(15M) 0.183ms
[25.716s][info][gc] GC(8739) Pause Young (Allocation Failure) 10M->6M(15M) 0.165ms
[25.717s][info][gc] GC(8740) Pause Young (Allocation Failure) 10M->6M(15M) 0.166ms
[25.718s][info][gc] GC(8741) Pause Young (Allocation Failure) 10M->6M(15M) 0.163ms
[25.719s][info][gc] GC(8742) Pause Young (Allocation Failure) 10M->6M(15M) 0.185ms
[25.719s][info][gc] GC(8743) Pause Young (Allocation Failure) 11M->6M(15M) 0.176ms
[25.720s][info][gc] GC(8744) Pause Young (Allocation Failure) 11M->7M(15M) 0.195ms
[25.721s][info][gc] GC(8745) Pause Young (Allocation Failure) 11M->6M(15M) 0.167ms
[25.722s][info][gc] GC(8746) Pause Young (Allocation Failure) 11M->6M(15M) 0.167ms
[25.723s][info][gc] GC(8747) Pause Young (Allocation Failure) 11M->7M(15M) 0.182ms
[25.724s][info][gc] GC(8748) Pause Young (Allocation Failure) 11M->7M(15M) 0.205ms
[25.725s][info][gc] GC(8749) Pause Young (Allocation Failure) 11M->7M(15M) 0.176ms
[25.725s][info][gc] GC(8750) Pause Young (Allocation Failure) 11M->7M(15M) 0.163ms
[25.726s][info][gc] GC(8751) Pause Young (Allocation Failure) 11M->7M(15M) 0.176ms
[25.727s][info][gc] GC(8752) Pause Young (Allocation Failure) 11M->7M(15M) 0.171ms
[25.728s][info][gc] GC(8753) Pause Young (Allocation Failure) 11M->7M(15M) 0.135ms
[25.729s][info][gc] GC(8754) Pause Young (Allocation Failure) 11M->7M(15M) 0.177ms
[25.729s][info][gc] GC(8755) Pause Young (Allocation Failure) 11M->7M(15M) 0.188ms
[25.730s][info][gc] GC(8756) Pause Young (Allocation Failure) 12M->7M(15M) 0.169ms
[25.731s][info][gc] GC(8757) Pause Young (Allocation Failure) 12M->7M(15M) 0.144ms
[25.732s][info][gc] GC(8758) Pause Young (Allocation Failure) 11M->8M(15M) 0.204ms
[25.732s][info][gc] GC(8759) Pause Young (Allocation Failure) 12M->7M(15M) 0.160ms
[25.733s][info][gc] GC(8760) Pause Young (Allocation Failure) 12M->7M(15M) 0.167ms
[25.734s][info][gc] GC(8761) Pause Young (Allocation Failure) 12M->7M(15M) 0.171ms
[25.735s][info][gc] GC(8762) Pause Young (Allocation Failure) 12M->7M(15M) 0.167ms
[25.736s][info][gc] GC(8763) Pause Young (Allocation Failure) 12M->7M(15M) 0.161ms
[25.737s][info][gc] GC(8764) Pause Young (Allocation Failure) 12M->7M(15M) 0.161ms
[25.737s][info][gc] GC(8765) Pause Young (Allocation Failure) 12M->8M(15M) 0.171ms
[25.738s][info][gc] GC(8766) Pause Young (Allocation Failure) 12M->7M(15M) 0.169ms
[25.739s][info][gc] GC(8767) Pause Young (Allocation Failure) 12M->8M(15M) 0.181ms
[25.740s][info][gc] GC(8768) Pause Young (Allocation Failure) 12M->7M(15M) 0.163ms
[25.741s][info][gc] GC(8769) Pause Young (Allocation Failure) 12M->8M(15M) 0.189ms
[25.741s][info][gc] GC(8770) Pause Young (Allocation Failure) 12M->8M(15M) 0.171ms
[25.742s][info][gc] GC(8771) Pause Young (Allocation Failure) 12M->8M(15M) 0.170ms
[25.743s][info][gc] GC(8772) Pause Young (Allocation Failure) 12M->8M(15M) 0.143ms
[25.744s][info][gc] GC(8773) Pause Young (Allocation Failure) 12M->8M(15M) 0.205ms
[25.745s][info][gc] GC(8774) Pause Young (Allocation Failure) 13M->8M(15M) 0.201ms
[25.746s][info][gc] GC(8775) Pause Young (Allocation Failure) 13M->8M(15M) 0.176ms
[25.747s][info][gc] GC(8776) Pause Young (Allocation Failure) 13M->9M(15M) 0.195ms
[25.747s][info][gc] GC(8777) Pause Young (Allocation Failure) 13M->9M(15M) 0.178ms
[25.748s][info][gc] GC(8778) Pause Young (Allocation Failure) 13M->9M(15M) 0.177ms
[25.749s][info][gc] GC(8779) Pause Young (Allocation Failure) 13M->8M(15M) 0.168ms
[25.750s][info][gc] GC(8780) Pause Young (Allocation Failure) 13M->8M(15M) 0.164ms
[25.751s][info][gc] GC(8781) Pause Young (Allocation Failure) 13M->9M(15M) 0.206ms
[25.752s][info][gc] GC(8782) Pause Young (Allocation Failure) 13M->9M(15M) 0.188ms
[25.753s][info][gc] GC(8783) Pause Young (Allocation Failure) 13M->9M(15M) 0.176ms
[25.754s][info][gc] GC(8784) Pause Young (Allocation Failure) 13M->9M(15M) 0.177ms
[25.754s][info][gc] GC(8785) Pause Young (Allocation Failure) 13M->9M(15M) 0.179ms
[25.755s][info][gc] GC(8786) Pause Young (Allocation Failure) 13M->9M(15M) 0.186ms
[25.756s][info][gc] GC(8787) Pause Young (Allocation Failure) 14M->9M(15M) 0.172ms
[25.757s][info][gc] GC(8788) Pause Young (Allocation Failure) 13M->9M(15M) 0.163ms
[25.758s][info][gc] GC(8789) Pause Young (Allocation Failure) 13M->9M(15M) 0.180ms
[25.758s][info][gc] GC(8790) Pause Young (Allocation Failure) 14M->9M(15M) 0.185ms
[25.759s][info][gc] GC(8791) Pause Young (Allocation Failure) 14M->9M(15M) 0.181ms
[25.760s][info][gc] GC(8792) Pause Young (Allocation Failure) 14M->9M(15M) 0.161ms
[25.761s][info][gc] GC(8793) Pause Young (Allocation Failure) 13M->10M(15M) 0.201ms
[25.762s][info][gc] GC(8794) Pause Young (Allocation Failure) 14M->10M(15M) 0.173ms
[25.763s][info][gc] GC(8795) Pause Young (Allocation Failure) 14M->10M(15M) 0.175ms
[25.763s][info][gc] GC(8796) Pause Young (Allocation Failure) 14M->10M(15M) 0.174ms
[25.764s][info][gc] GC(8797) Pause Young (Allocation Failure) 14M->10M(15M) 0.167ms
[25.765s][info][gc] GC(8798) Pause Young (Allocation Failure) 14M->10M(15M) 0.176ms
[25.766s][info][gc] GC(8799) Pause Young (Allocation Failure) 14M->10M(15M) 0.170ms
[25.767s][info][gc] GC(8800) Pause Young (Allocation Failure) 14M->10M(15M) 0.173ms
[25.767s][info][gc] GC(8801) Pause Young (Allocation Failure) 14M->10M(15M) 0.203ms
[25.768s][info][gc] GC(8802) Pause Young (Allocation Failure) 15M->15M(15M) 0.025ms
[25.774s][info][gc] GC(8803) Pause Full (Allocation Failure) 15M->4M(15M) 5.513ms
[25.775s][info][gc] GC(8804) Pause Young (Allocation Failure) 9M->5M(15M) 0.195ms
[25.776s][info][gc] GC(8805) Pause Young (Allocation Failure) 9M->5M(15M) 0.185ms
[25.776s][info][gc] GC(8806) Pause Young (Allocation Failure) 9M->5M(15M) 0.174ms
[25.777s][info][gc] GC(8807) Pause Young (Allocation Failure) 9M->5M(15M) 0.169ms
[25.778s][info][gc] GC(8808) Pause Young (Allocation Failure) 9M->4M(15M) 0.159ms
[25.779s][info][gc] GC(8809) Pause Young (Allocation Failure) 9M->5M(15M) 0.206ms
[25.780s][info][gc] GC(8810) Pause Young (Allocation Failure) 10M->6M(15M) 0.209ms
[25.781s][info][gc] GC(8811) Pause Young (Allocation Failure) 10M->6M(15M) 0.172ms
[25.781s][info][gc] GC(8812) Pause Young (Allocation Failure) 10M->6M(15M) 0.203ms
[25.782s][info][gc] GC(8813) Pause Young (Allocation Failure) 10M->6M(15M) 0.177ms
[25.783s][info][gc] GC(8814) Pause Young (Allocation Failure) 10M->6M(15M) 0.175ms
[25.784s][info][gc] GC(8815) Pause Young (Allocation Failure) 10M->6M(15M) 0.167ms
[25.785s][info][gc] GC(8816) Pause Young (Allocation Failure) 10M->6M(15M) 0.172ms
[25.786s][info][gc] GC(8817) Pause Young (Allocation Failure) 10M->6M(15M) 0.166ms
[25.786s][info][gc] GC(8818) Pause Young (Allocation Failure) 10M->6M(15M) 0.179ms
[25.787s][info][gc] GC(8819) Pause Young (Allocation Failure) 10M->6M(15M) 0.176ms
[25.788s][info][gc] GC(8820) Pause Young (Allocation Failure) 10M->6M(15M) 0.174ms
[25.789s][info][gc] GC(8821) Pause Young (Allocation Failure) 10M->6M(15M) 0.178ms
[25.790s][info][gc] GC(8822) Pause Young (Allocation Failure) 10M->6M(15M) 0.160ms
[25.791s][info][gc] GC(8823) Pause Young (Allocation Failure) 10M->6M(15M) 0.181ms
[25.791s][info][gc] GC(8824) Pause Young (Allocation Failure) 10M->6M(15M) 0.175ms
[25.792s][info][gc] GC(8825) Pause Young (Allocation Failure) 10M->6M(15M) 0.159ms
[25.793s][info][gc] GC(8826) Pause Young (Allocation Failure) 10M->6M(15M) 0.161ms
[25.794s][info][gc] GC(8827) Pause Young (Allocation Failure) 10M->6M(15M) 0.183ms
[25.795s][info][gc] GC(8828) Pause Young (Allocation Failure) 10M->6M(15M) 0.171ms
[25.796s][info][gc] GC(8829) Pause Young (Allocation Failure) 10M->6M(15M) 0.169ms
[25.796s][info][gc] GC(8830) Pause Young (Allocation Failure) 10M->6M(15M) 0.181ms
[25.797s][info][gc] GC(8831) Pause Young (Allocation Failure) 10M->6M(15M) 0.173ms
[25.798s][info][gc] GC(8832) Pause Young (Allocation Failure) 10M->6M(15M) 0.183ms
[25.799s][info][gc] GC(8833) Pause Young (Allocation Failure) 11M->6M(15M) 0.192ms
[25.800s][info][gc] GC(8834) Pause Young (Allocation Failure) 11M->6M(15M) 0.177ms
[25.801s][info][gc] GC(8835) Pause Young (Allocation Failure) 11M->7M(15M) 0.208ms
[25.801s][info][gc] GC(8836) Pause Young (Allocation Failure) 11M->7M(15M) 0.168ms
[25.802s][info][gc] GC(8837) Pause Young (Allocation Failure) 11M->7M(15M) 0.169ms
[25.803s][info][gc] GC(8838) Pause Young (Allocation Failure) 11M->7M(15M) 0.198ms
[25.804s][info][gc] GC(8839) Pause Young (Allocation Failure) 12M->7M(15M) 0.171ms
[25.805s][info][gc] GC(8840) Pause Young (Allocation Failure) 11M->7M(15M) 0.179ms
[25.806s][info][gc] GC(8841) Pause Young (Allocation Failure) 11M->7M(15M) 0.168ms
[25.806s][info][gc] GC(8842) Pause Young (Allocation Failure) 11M->7M(15M) 0.168ms
[25.807s][info][gc] GC(8843) Pause Young (Allocation Failure) 11M->8M(15M) 0.198ms
[25.808s][info][gc] GC(8844) Pause Young (Allocation Failure) 12M->8M(15M) 0.172ms
[25.809s][info][gc] GC(8845) Pause Young (Allocation Failure) 12M->8M(15M) 0.179ms
[25.810s][info][gc] GC(8846) Pause Young (Allocation Failure) 12M->8M(15M) 0.208ms
[25.811s][info][gc] GC(8847) Pause Young (Allocation Failure) 13M->8M(15M) 0.171ms
[25.812s][info][gc] GC(8848) Pause Young (Allocation Failure) 12M->8M(15M) 0.160ms
[25.812s][info][gc] GC(8849) Pause Young (Allocation Failure) 12M->8M(15M) 0.167ms
[25.813s][info][gc] GC(8850) Pause Young (Allocation Failure) 12M->8M(15M) 0.178ms
[25.814s][info][gc] GC(8851) Pause Young (Allocation Failure) 13M->8M(15M) 0.178ms
[25.815s][info][gc] GC(8852) Pause Young (Allocation Failure) 13M->8M(15M) 0.169ms
[25.816s][info][gc] GC(8853) Pause Young (Allocation Failure) 12M->8M(15M) 0.178ms
[25.817s][info][gc] GC(8854) Pause Young (Allocation Failure) 13M->9M(15M) 0.185ms
[25.818s][info][gc] GC(8855) Pause Young (Allocation Failure) 13M->9M(15M) 0.181ms
[25.819s][info][gc] GC(8856) Pause Young (Allocation Failure) 13M->8M(15M) 0.169ms
[25.819s][info][gc] GC(8857) Pause Young (Allocation Failure) 13M->8M(15M) 0.173ms
[25.820s][info][gc] GC(8858) Pause Young (Allocation Failure) 13M->8M(15M) 0.166ms
[25.821s][info][gc] GC(8859) Pause Young (Allocation Failure) 13M->8M(15M) 0.160ms
[25.822s][info][gc] GC(8860) Pause Young (Allocation Failure) 12M->8M(15M) 0.201ms
[25.823s][info][gc] GC(8861) Pause Young (Allocation Failure) 13M->8M(15M) 0.171ms
[25.823s][info][gc] GC(8862) Pause Young (Allocation Failure) 13M->9M(15M) 0.193ms
[25.824s][info][gc] GC(8863) Pause Young (Allocation Failure) 13M->9M(15M) 0.204ms
[25.825s][info][gc] GC(8864) Pause Young (Allocation Failure) 13M->9M(15M) 0.166ms
[25.826s][info][gc] GC(8865) Pause Young (Allocation Failure) 13M->9M(15M) 0.197ms
[25.827s][info][gc] GC(8866) Pause Young (Allocation Failure) 14M->9M(15M) 0.168ms
[25.828s][info][gc] GC(8867) Pause Young (Allocation Failure) 13M->10M(15M) 0.207ms
[25.829s][info][gc] GC(8868) Pause Young (Allocation Failure) 14M->9M(15M) 0.167ms
[25.829s][info][gc] GC(8869) Pause Young (Allocation Failure) 14M->10M(15M) 0.170ms
[25.830s][info][gc] GC(8870) Pause Young (Allocation Failure) 14M->9M(15M) 0.169ms
[25.831s][info][gc] GC(8871) Pause Young (Allocation Failure) 14M->9M(15M) 0.170ms
[25.832s][info][gc] GC(8872) Pause Young (Allocation Failure) 14M->10M(15M) 0.199ms
[25.833s][info][gc] GC(8873) Pause Young (Allocation Failure) 14M->10M(15M) 0.201ms
[25.833s][info][gc] GC(8874) Pause Young (Allocation Failure) 15M->15M(15M) 0.025ms
[25.839s][info][gc] GC(8875) Pause Full (Allocation Failure) 15M->5M(15M) 5.358ms
[25.840s][info][gc] GC(8876) Pause Young (Allocation Failure) 9M->5M(15M) 0.199ms
[25.841s][info][gc] GC(8877) Pause Young (Allocation Failure) 9M->5M(15M) 0.169ms
[25.841s][info][gc] GC(8878) Pause Young (Allocation Failure) 9M->5M(15M) 0.187ms
[25.842s][info][gc] GC(8879) Pause Young (Allocation Failure) 9M->5M(15M) 0.169ms
[25.843s][info][gc] GC(8880) Pause Young (Allocation Failure) 10M->5M(15M) 0.153ms
[25.844s][info][gc] GC(8881) Pause Young (Allocation Failure) 10M->5M(15M) 0.182ms
[25.845s][info][gc] GC(8882) Pause Young (Allocation Failure) 10M->5M(15M) 0.163ms
[25.845s][info][gc] GC(8883) Pause Young (Allocation Failure) 9M->5M(15M) 0.169ms
[25.846s][info][gc] GC(8884) Pause Young (Allocation Failure) 9M->5M(15M) 0.175ms
[25.847s][info][gc] GC(8885) Pause Young (Allocation Failure) 10M->5M(15M) 0.170ms
[25.848s][info][gc] GC(8886) Pause Young (Allocation Failure) 10M->5M(15M) 0.162ms
[25.849s][info][gc] GC(8887) Pause Young (Allocation Failure) 9M->5M(15M) 0.164ms
[25.849s][info][gc] GC(8888) Pause Young (Allocation Failure) 9M->6M(15M) 0.169ms
[25.850s][info][gc] GC(8889) Pause Young (Allocation Failure) 10M->5M(15M) 0.161ms
[25.851s][info][gc] GC(8890) Pause Young (Allocation Failure) 10M->6M(15M) 0.195ms
[25.852s][info][gc] GC(8891) Pause Young (Allocation Failure) 10M->6M(15M) 0.188ms
[25.853s][info][gc] GC(8892) Pause Young (Allocation Failure) 10M->6M(15M) 0.172ms
[25.853s][info][gc] GC(8893) Pause Young (Allocation Failure) 10M->6M(15M) 0.187ms
[25.854s][info][gc] GC(8894) Pause Young (Allocation Failure) 10M->6M(15M) 0.212ms
[25.855s][info][gc] GC(8895) Pause Young (Allocation Failure) 11M->6M(15M) 0.171ms
[25.856s][info][gc] GC(8896) Pause Young (Allocation Failure) 11M->6M(15M) 0.165ms
[25.856s][info][gc] GC(8897) Pause Young (Allocation Failure) 10M->6M(15M) 0.180ms
[25.857s][info][gc] GC(8898) Pause Young (Allocation Failure) 11M->6M(15M) 0.170ms
[25.858s][info][gc] GC(8899) Pause Young (Allocation Failure) 10M->6M(15M) 0.170ms
[25.859s][info][gc] GC(8900) Pause Young (Allocation Failure) 10M->6M(15M) 0.178ms
[25.860s][info][gc] GC(8901) Pause Young (Allocation Failure) 11M->6M(15M) 0.165ms
[25.860s][info][gc] GC(8902) Pause Young (Allocation Failure) 10M->6M(15M) 0.170ms
[25.861s][info][gc] GC(8903) Pause Young (Allocation Failure) 11M->6M(15M) 0.181ms
[25.862s][info][gc] GC(8904) Pause Young (Allocation Failure) 11M->6M(15M) 0.170ms
[25.863s][info][gc] GC(8905) Pause Young (Allocation Failure) 10M->6M(15M) 0.177ms
[25.864s][info][gc] GC(8906) Pause Young (Allocation Failure) 11M->7M(15M) 0.185ms
[25.864s][info][gc] GC(8907) Pause Young (Allocation Failure) 11M->7M(15M) 0.198ms
[25.865s][info][gc] GC(8908) Pause Young (Allocation Failure) 11M->6M(15M) 0.169ms
[25.866s][info][gc] GC(8909) Pause Young (Allocation Failure) 11M->7M(15M) 0.207ms
[25.867s][info][gc] GC(8910) Pause Young (Allocation Failure) 11M->7M(15M) 0.176ms
[25.867s][info][gc] GC(8911) Pause Young (Allocation Failure) 11M->7M(15M) 0.199ms
[25.868s][info][gc] GC(8912) Pause Young (Allocation Failure) 12M->8M(15M) 0.192ms
[25.869s][info][gc] GC(8913) Pause Young (Allocation Failure) 12M->8M(15M) 0.199ms
[25.870s][info][gc] GC(8914) Pause Young (Allocation Failure) 12M->8M(15M) 0.183ms
[25.871s][info][gc] GC(8915) Pause Young (Allocation Failure) 12M->8M(15M) 0.193ms
[25.872s][info][gc] GC(8916) Pause Young (Allocation Failure) 12M->8M(15M) 0.183ms
[25.873s][info][gc] GC(8917) Pause Young (Allocation Failure) 12M->7M(15M) 0.166ms
[25.873s][info][gc] GC(8918) Pause Young (Allocation Failure) 12M->8M(15M) 0.152ms
[25.874s][info][gc] GC(8919) Pause Young (Allocation Failure) 12M->8M(15M) 0.175ms
[25.875s][info][gc] GC(8920) Pause Young (Allocation Failure) 12M->8M(15M) 0.179ms
[25.876s][info][gc] GC(8921) Pause Young (Allocation Failure) 12M->8M(15M) 0.199ms
[25.876s][info][gc] GC(8922) Pause Young (Allocation Failure) 13M->8M(15M) 0.185ms
[25.877s][info][gc] GC(8923) Pause Young (Allocation Failure) 13M->8M(15M) 0.179ms
[25.878s][info][gc] GC(8924) Pause Young (Allocation Failure) 12M->8M(15M) 0.199ms
[25.879s][info][gc] GC(8925) Pause Young (Allocation Failure) 13M->8M(15M) 0.175ms
[25.879s][info][gc] GC(8926) Pause Young (Allocation Failure) 13M->8M(15M) 0.166ms
[25.880s][info][gc] GC(8927) Pause Young (Allocation Failure) 12M->8M(15M) 0.175ms
[25.881s][info][gc] GC(8928) Pause Young (Allocation Failure) 13M->9M(15M) 0.206ms
[25.882s][info][gc] GC(8929) Pause Young (Allocation Failure) 13M->9M(15M) 0.179ms
[25.882s][info][gc] GC(8930) Pause Young (Allocation Failure) 13M->9M(15M) 0.171ms
[25.883s][info][gc] GC(8931) Pause Young (Allocation Failure) 13M->8M(15M) 0.169ms
[25.884s][info][gc] GC(8932) Pause Young (Allocation Failure) 13M->9M(15M) 0.193ms
[25.885s][info][gc] GC(8933) Pause Young (Allocation Failure) 13M->9M(15M) 0.183ms
[25.886s][info][gc] GC(8934) Pause Young (Allocation Failure) 13M->9M(15M) 0.171ms
[25.886s][info][gc] GC(8935) Pause Young (Allocation Failure) 13M->9M(15M) 0.172ms
[25.887s][info][gc] GC(8936) Pause Young (Allocation Failure) 13M->9M(15M) 0.165ms
[25.888s][info][gc] GC(8937) Pause Young (Allocation Failure) 13M->9M(15M) 0.174ms
[25.889s][info][gc] GC(8938) Pause Young (Allocation Failure) 13M->9M(15M) 0.166ms
[25.889s][info][gc] GC(8939) Pause Young (Allocation Failure) 13M->9M(15M) 0.171ms
[25.890s][info][gc] GC(8940) Pause Young (Allocation Failure) 13M->9M(15M) 0.162ms
[25.891s][info][gc] GC(8941) Pause Young (Allocation Failure) 13M->9M(15M) 0.170ms
[25.892s][info][gc] GC(8942) Pause Young (Allocation Failure) 13M->9M(15M) 0.224ms
[25.893s][info][gc] GC(8943) Pause Young (Allocation Failure) 14M->10M(15M) 0.188ms
[25.893s][info][gc] GC(8944) Pause Young (Allocation Failure) 14M->10M(15M) 0.218ms
[25.894s][info][gc] GC(8945) Pause Young (Allocation Failure) 14M->10M(15M) 0.178ms
[25.895s][info][gc] GC(8946) Pause Young (Allocation Failure) 14M->10M(15M) 0.183ms
[25.896s][info][gc] GC(8947) Pause Young (Allocation Failure) 14M->10M(15M) 0.194ms
[25.896s][info][gc] GC(8948) Pause Young (Allocation Failure) 15M->15M(15M) 0.025ms
[25.902s][info][gc] GC(8949) Pause Full (Allocation Failure) 15M->5M(15M) 5.387ms
[25.903s][info][gc] GC(8950) Pause Young (Allocation Failure) 10M->6M(15M) 0.185ms
[25.903s][info][gc] GC(8951) Pause Young (Allocation Failure) 10M->6M(15M) 0.212ms
[25.904s][info][gc] GC(8952) Pause Young (Allocation Failure) 11M->6M(15M) 0.178ms
[25.905s][info][gc] GC(8953) Pause Young (Allocation Failure) 10M->6M(15M) 0.197ms
[25.906s][info][gc] GC(8954) Pause Young (Allocation Failure) 11M->6M(15M) 0.163ms
[25.907s][info][gc] GC(8955) Pause Young (Allocation Failure) 10M->6M(15M) 0.184ms
[25.907s][info][gc] GC(8956) Pause Young (Allocation Failure) 11M->6M(15M) 0.177ms
[25.908s][info][gc] GC(8957) Pause Young (Allocation Failure) 11M->7M(15M) 0.203ms
[25.909s][info][gc] GC(8958) Pause Young (Allocation Failure) 11M->7M(15M) 0.132ms
[25.910s][info][gc] GC(8959) Pause Young (Allocation Failure) 11M->7M(15M) 0.205ms
[25.910s][info][gc] GC(8960) Pause Young (Allocation Failure) 11M->7M(15M) 0.201ms
[25.911s][info][gc] GC(8961) Pause Young (Allocation Failure) 11M->7M(15M) 0.207ms
[25.912s][info][gc] GC(8962) Pause Young (Allocation Failure) 12M->7M(15M) 0.181ms
[25.913s][info][gc] GC(8963) Pause Young (Allocation Failure) 12M->7M(15M) 0.166ms
[25.914s][info][gc] GC(8964) Pause Young (Allocation Failure) 11M->7M(15M) 0.180ms
[25.914s][info][gc] GC(8965) Pause Young (Allocation Failure) 12M->8M(15M) 0.190ms
[25.915s][info][gc] GC(8966) Pause Young (Allocation Failure) 12M->8M(15M) 0.207ms
[25.916s][info][gc] GC(8967) Pause Young (Allocation Failure) 12M->8M(15M) 0.194ms
[25.917s][info][gc] GC(8968) Pause Young (Allocation Failure) 12M->8M(15M) 0.203ms
[25.917s][info][gc] GC(8969) Pause Young (Allocation Failure) 13M->8M(15M) 0.188ms
[25.918s][info][gc] GC(8970) Pause Young (Allocation Failure) 13M->8M(15M) 0.161ms
[25.919s][info][gc] GC(8971) Pause Young (Allocation Failure) 12M->8M(15M) 0.172ms
[25.920s][info][gc] GC(8972) Pause Young (Allocation Failure) 12M->8M(15M) 0.180ms
[25.921s][info][gc] GC(8973) Pause Young (Allocation Failure) 13M->9M(15M) 0.192ms
[25.922s][info][gc] GC(8974) Pause Young (Allocation Failure) 13M->9M(15M) 0.187ms
[25.923s][info][gc] GC(8975) Pause Young (Allocation Failure) 13M->9M(15M) 0.187ms
[25.923s][info][gc] GC(8976) Pause Young (Allocation Failure) 13M->8M(15M) 0.165ms
[25.924s][info][gc] GC(8977) Pause Young (Allocation Failure) 13M->8M(15M) 0.174ms
[25.925s][info][gc] GC(8978) Pause Young (Allocation Failure) 13M->8M(15M) 0.174ms
[25.926s][info][gc] GC(8979) Pause Young (Allocation Failure) 13M->9M(15M) 0.198ms
[25.927s][info][gc] GC(8980) Pause Young (Allocation Failure) 13M->10M(15M) 0.221ms
[25.928s][info][gc] GC(8981) Pause Young (Allocation Failure) 14M->10M(15M) 0.197ms
[25.928s][info][gc] GC(8982) Pause Young (Allocation Failure) 14M->10M(15M) 0.198ms
[25.929s][info][gc] GC(8983) Pause Young (Allocation Failure) 14M->14M(15M) 0.025ms
[25.934s][info][gc] GC(8984) Pause Full (Allocation Failure) 14M->6M(15M) 5.518ms
[25.935s][info][gc] GC(8985) Pause Young (Allocation Failure) 10M->6M(15M) 0.184ms
[25.936s][info][gc] GC(8986) Pause Young (Allocation Failure) 10M->6M(15M) 0.144ms
[25.937s][info][gc] GC(8987) Pause Young (Allocation Failure) 10M->6M(15M) 0.175ms
[25.938s][info][gc] GC(8988) Pause Young (Allocation Failure) 10M->7M(15M) 0.221ms
[25.939s][info][gc] GC(8989) Pause Young (Allocation Failure) 11M->6M(15M) 0.168ms
[25.940s][info][gc] GC(8990) Pause Young (Allocation Failure) 11M->7M(15M) 0.195ms
[25.940s][info][gc] GC(8991) Pause Young (Allocation Failure) 11M->7M(15M) 0.189ms
[25.941s][info][gc] GC(8992) Pause Young (Allocation Failure) 11M->7M(15M) 0.181ms
[25.942s][info][gc] GC(8993) Pause Young (Allocation Failure) 11M->7M(15M) 0.155ms
[25.943s][info][gc] GC(8994) Pause Young (Allocation Failure) 11M->7M(15M) 0.181ms
[25.944s][info][gc] GC(8995) Pause Young (Allocation Failure) 11M->7M(15M) 0.178ms
[25.944s][info][gc] GC(8996) Pause Young (Allocation Failure) 11M->7M(15M) 0.167ms
[25.945s][info][gc] GC(8997) Pause Young (Allocation Failure) 11M->7M(15M) 0.182ms
[25.946s][info][gc] GC(8998) Pause Young (Allocation Failure) 11M->7M(15M) 0.162ms
[25.947s][info][gc] GC(8999) Pause Young (Allocation Failure) 11M->7M(15M) 0.214ms
[25.948s][info][gc] GC(9000) Pause Young (Allocation Failure) 12M->7M(15M) 0.185ms
[25.948s][info][gc] GC(9001) Pause Young (Allocation Failure) 11M->8M(15M) 0.161ms
[25.949s][info][gc] GC(9002) Pause Young (Allocation Failure) 12M->8M(15M) 0.238ms
[25.950s][info][gc] GC(9003) Pause Young (Allocation Failure) 13M->8M(15M) 0.165ms
[25.951s][info][gc] GC(9004) Pause Young (Allocation Failure) 12M->8M(15M) 0.176ms
[25.952s][info][gc] GC(9005) Pause Young (Allocation Failure) 12M->8M(15M) 0.175ms
[25.952s][info][gc] GC(9006) Pause Young (Allocation Failure) 12M->8M(15M) 0.164ms
[25.953s][info][gc] GC(9007) Pause Young (Allocation Failure) 12M->8M(15M) 0.190ms
[25.954s][info][gc] GC(9008) Pause Young (Allocation Failure) 13M->8M(15M) 0.181ms
[25.955s][info][gc] GC(9009) Pause Young (Allocation Failure) 13M->8M(15M) 0.193ms
[25.956s][info][gc] GC(9010) Pause Young (Allocation Failure) 13M->9M(15M) 0.193ms
[25.956s][info][gc] GC(9011) Pause Young (Allocation Failure) 13M->9M(15M) 0.163ms
[25.957s][info][gc] GC(9012) Pause Young (Allocation Failure) 13M->9M(15M) 0.184ms
[25.958s][info][gc] GC(9013) Pause Young (Allocation Failure) 13M->8M(15M) 0.173ms
[25.959s][info][gc] GC(9014) Pause Young (Allocation Failure) 13M->9M(15M) 0.183ms
[25.960s][info][gc] GC(9015) Pause Young (Allocation Failure) 13M->9M(15M) 0.196ms
[25.960s][info][gc] GC(9016) Pause Young (Allocation Failure) 14M->9M(15M) 0.176ms
[25.961s][info][gc] GC(9017) Pause Young (Allocation Failure) 13M->9M(15M) 0.183ms
[25.962s][info][gc] GC(9018) Pause Young (Allocation Failure) 14M->9M(15M) 0.193ms
[25.963s][info][gc] GC(9019) Pause Young (Allocation Failure) 14M->10M(15M) 0.194ms
[25.964s][info][gc] GC(9020) Pause Young (Allocation Failure) 14M->10M(15M) 0.182ms
[25.965s][info][gc] GC(9021) Pause Young (Allocation Failure) 14M->9M(15M) 0.165ms
[25.965s][info][gc] GC(9022) Pause Young (Allocation Failure) 14M->9M(15M) 0.166ms
[25.966s][info][gc] GC(9023) Pause Young (Allocation Failure) 14M->9M(15M) 0.176ms
[25.967s][info][gc] GC(9024) Pause Young (Allocation Failure) 14M->9M(15M) 0.167ms
[25.967s][info][gc] GC(9025) Pause Young (Allocation Failure) 14M->10M(15M) 0.180ms
[25.968s][info][gc] GC(9026) Pause Young (Allocation Failure) 14M->10M(15M) 0.205ms
[25.969s][info][gc] GC(9027) Pause Young (Allocation Failure) 14M->10M(15M) 0.192ms
[25.970s][info][gc] GC(9028) Pause Young (Allocation Failure) 14M->10M(15M) 0.196ms
[25.971s][info][gc] GC(9029) Pause Young (Allocation Failure) 15M->10M(15M) 0.176ms
[25.971s][info][gc] GC(9030) Pause Young (Allocation Failure) 14M->10M(15M) 0.170ms
[25.972s][info][gc] GC(9031) Pause Young (Allocation Failure) 14M->10M(15M) 0.177ms
[25.973s][info][gc] GC(9032) Pause Young (Allocation Failure) 14M->10M(15M) 0.166ms
[25.974s][info][gc] GC(9033) Pause Young (Allocation Failure) 14M->10M(15M) 0.182ms
[25.975s][info][gc] GC(9034) Pause Young (Allocation Failure) 15M->11M(15M) 0.201ms
[25.975s][info][gc] GC(9035) Pause Young (Allocation Failure) 15M->15M(15M) 0.025ms
[25.981s][info][gc] GC(9036) Pause Full (Allocation Failure) 15M->4M(15M) 5.352ms
[25.981s][info][gc] GC(9037) Pause Young (Allocation Failure) 9M->5M(15M) 0.150ms
[25.982s][info][gc] GC(9038) Pause Young (Allocation Failure) 9M->5M(15M) 0.201ms
[25.983s][info][gc] GC(9039) Pause Young (Allocation Failure) 9M->5M(15M) 0.175ms
[25.984s][info][gc] GC(9040) Pause Young (Allocation Failure) 9M->5M(15M) 0.179ms
[25.985s][info][gc] GC(9041) Pause Young (Allocation Failure) 9M->5M(15M) 0.193ms
[25.985s][info][gc] GC(9042) Pause Young (Allocation Failure) 9M->5M(15M) 0.197ms
[25.986s][info][gc] GC(9043) Pause Young (Allocation Failure) 10M->5M(15M) 0.188ms
[25.987s][info][gc] GC(9044) Pause Young (Allocation Failure) 10M->6M(15M) 0.201ms
[25.988s][info][gc] GC(9045) Pause Young (Allocation Failure) 10M->6M(15M) 0.190ms
[25.989s][info][gc] GC(9046) Pause Young (Allocation Failure) 10M->6M(15M) 0.206ms
[25.990s][info][gc] GC(9047) Pause Young (Allocation Failure) 10M->6M(15M) 0.180ms
[25.990s][info][gc] GC(9048) Pause Young (Allocation Failure) 10M->6M(15M) 0.192ms
[25.991s][info][gc] GC(9049) Pause Young (Allocation Failure) 11M->6M(15M) 0.177ms
[25.992s][info][gc] GC(9050) Pause Young (Allocation Failure) 10M->6M(15M) 0.190ms
[25.993s][info][gc] GC(9051) Pause Young (Allocation Failure) 11M->7M(15M) 0.200ms
[25.994s][info][gc] GC(9052) Pause Young (Allocation Failure) 11M->7M(15M) 0.213ms
[25.994s][info][gc] GC(9053) Pause Young (Allocation Failure) 11M->7M(15M) 0.198ms
[25.995s][info][gc] GC(9054) Pause Young (Allocation Failure) 12M->8M(15M) 0.199ms
[25.996s][info][gc] GC(9055) Pause Young (Allocation Failure) 12M->8M(15M) 0.191ms
[25.997s][info][gc] GC(9056) Pause Young (Allocation Failure) 12M->8M(15M) 0.184ms
[25.998s][info][gc] GC(9057) Pause Young (Allocation Failure) 12M->7M(15M) 0.177ms
[25.998s][info][gc] GC(9058) Pause Young (Allocation Failure) 12M->8M(15M) 0.188ms
[25.999s][info][gc] GC(9059) Pause Young (Allocation Failure) 12M->7M(15M) 0.162ms
[26.000s][info][gc] GC(9060) Pause Young (Allocation Failure) 12M->8M(15M) 0.178ms
[26.001s][info][gc] GC(9061) Pause Young (Allocation Failure) 12M->7M(15M) 0.163ms
[26.001s][info][gc] GC(9062) Pause Young (Allocation Failure) 12M->8M(15M) 0.175ms
[26.002s][info][gc] GC(9063) Pause Young (Allocation Failure) 12M->8M(15M) 0.178ms
[26.003s][info][gc] GC(9064) Pause Young (Allocation Failure) 12M->7M(15M) 0.166ms
[26.004s][info][gc] GC(9065) Pause Young (Allocation Failure) 12M->7M(15M) 0.165ms
[26.004s][info][gc] GC(9066) Pause Young (Allocation Failure) 12M->8M(15M) 0.196ms
[26.005s][info][gc] GC(9067) Pause Young (Allocation Failure) 12M->8M(15M) 0.177ms
[26.006s][info][gc] GC(9068) Pause Young (Allocation Failure) 12M->8M(15M) 0.180ms
[26.007s][info][gc] GC(9069) Pause Young (Allocation Failure) 12M->8M(15M) 0.177ms
[26.008s][info][gc] GC(9070) Pause Young (Allocation Failure) 12M->8M(15M) 0.220ms
[26.008s][info][gc] GC(9071) Pause Young (Allocation Failure) 13M->8M(15M) 0.183ms
[26.009s][info][gc] GC(9072) Pause Young (Allocation Failure) 13M->8M(15M) 0.174ms
[26.010s][info][gc] GC(9073) Pause Young (Allocation Failure) 13M->9M(15M) 0.186ms
[26.011s][info][gc] GC(9074) Pause Young (Allocation Failure) 13M->9M(15M) 0.191ms
[26.012s][info][gc] GC(9075) Pause Young (Allocation Failure) 13M->8M(15M) 0.173ms
[26.012s][info][gc] GC(9076) Pause Young (Allocation Failure) 13M->9M(15M) 0.190ms
[26.013s][info][gc] GC(9077) Pause Young (Allocation Failure) 13M->9M(15M) 0.195ms
[26.014s][info][gc] GC(9078) Pause Young (Allocation Failure) 13M->9M(15M) 0.167ms
[26.015s][info][gc] GC(9079) Pause Young (Allocation Failure) 13M->9M(15M) 0.172ms
[26.015s][info][gc] GC(9080) Pause Young (Allocation Failure) 13M->9M(15M) 0.185ms
[26.016s][info][gc] GC(9081) Pause Young (Allocation Failure) 13M->9M(15M) 0.170ms
[26.017s][info][gc] GC(9082) Pause Young (Allocation Failure) 13M->9M(15M) 0.147ms
[26.018s][info][gc] GC(9083) Pause Young (Allocation Failure) 13M->9M(15M) 0.183ms
[26.018s][info][gc] GC(9084) Pause Young (Allocation Failure) 13M->9M(15M) 0.167ms
[26.019s][info][gc] GC(9085) Pause Young (Allocation Failure) 13M->9M(15M) 0.167ms
[26.020s][info][gc] GC(9086) Pause Young (Allocation Failure) 13M->9M(15M) 0.187ms
[26.021s][info][gc] GC(9087) Pause Young (Allocation Failure) 13M->9M(15M) 0.176ms
[26.022s][info][gc] GC(9088) Pause Young (Allocation Failure) 13M->9M(15M) 0.184ms
[26.022s][info][gc] GC(9089) Pause Young (Allocation Failure) 13M->9M(15M) 0.194ms
[26.023s][info][gc] GC(9090) Pause Young (Allocation Failure) 13M->9M(15M) 0.213ms
[26.024s][info][gc] GC(9091) Pause Young (Allocation Failure) 14M->10M(15M) 0.190ms
[26.025s][info][gc] GC(9092) Pause Young (Allocation Failure) 14M->10M(15M) 0.197ms
[26.026s][info][gc] GC(9093) Pause Young (Allocation Failure) 14M->9M(15M) 0.167ms
[26.026s][info][gc] GC(9094) Pause Young (Allocation Failure) 14M->10M(15M) 0.163ms
[26.027s][info][gc] GC(9095) Pause Young (Allocation Failure) 14M->10M(15M) 0.179ms
[26.028s][info][gc] GC(9096) Pause Young (Allocation Failure) 14M->10M(15M) 0.174ms
[26.029s][info][gc] GC(9097) Pause Young (Allocation Failure) 14M->10M(15M) 0.203ms
[26.029s][info][gc] GC(9098) Pause Young (Allocation Failure) 14M->11M(15M) 0.169ms
[26.030s][info][gc] GC(9099) Pause Young (Allocation Failure) 15M->15M(15M) 0.025ms
[26.036s][info][gc] GC(9100) Pause Full (Allocation Failure) 15M->5M(15M) 5.428ms
[26.036s][info][gc] GC(9101) Pause Young (Allocation Failure) 9M->5M(15M) 0.182ms
[26.037s][info][gc] GC(9102) Pause Young (Allocation Failure) 10M->6M(15M) 0.193ms
[26.038s][info][gc] GC(9103) Pause Young (Allocation Failure) 10M->6M(15M) 0.181ms
[26.039s][info][gc] GC(9104) Pause Young (Allocation Failure) 10M->5M(15M) 0.175ms
[26.040s][info][gc] GC(9105) Pause Young (Allocation Failure) 10M->5M(15M) 0.173ms
[26.041s][info][gc] GC(9106) Pause Young (Allocation Failure) 10M->5M(15M) 0.174ms
[26.041s][info][gc] GC(9107) Pause Young (Allocation Failure) 10M->6M(15M) 0.198ms
[26.042s][info][gc] GC(9108) Pause Young (Allocation Failure) 10M->5M(15M) 0.172ms
[26.043s][info][gc] GC(9109) Pause Young (Allocation Failure) 10M->6M(15M) 0.183ms
[26.044s][info][gc] GC(9110) Pause Young (Allocation Failure) 10M->5M(15M) 0.168ms
[26.044s][info][gc] GC(9111) Pause Young (Allocation Failure) 10M->6M(15M) 0.179ms
[26.045s][info][gc] GC(9112) Pause Young (Allocation Failure) 10M->6M(15M) 0.195ms
[26.046s][info][gc] GC(9113) Pause Young (Allocation Failure) 10M->5M(15M) 0.172ms
[26.047s][info][gc] GC(9114) Pause Young (Allocation Failure) 10M->5M(15M) 0.170ms
[26.048s][info][gc] GC(9115) Pause Young (Allocation Failure) 10M->5M(15M) 0.168ms
[26.049s][info][gc] GC(9116) Pause Young (Allocation Failure) 10M->6M(15M) 0.152ms
[26.049s][info][gc] GC(9117) Pause Young (Allocation Failure) 10M->6M(15M) 0.186ms
[26.050s][info][gc] GC(9118) Pause Young (Allocation Failure) 10M->6M(15M) 0.174ms
[26.051s][info][gc] GC(9119) Pause Young (Allocation Failure) 10M->6M(15M) 0.186ms
[26.052s][info][gc] GC(9120) Pause Young (Allocation Failure) 10M->5M(15M) 0.167ms
[26.053s][info][gc] GC(9121) Pause Young (Allocation Failure) 10M->6M(15M) 0.217ms
[26.053s][info][gc] GC(9122) Pause Young (Allocation Failure) 11M->6M(15M) 0.182ms
[26.054s][info][gc] GC(9123) Pause Young (Allocation Failure) 11M->7M(15M) 0.204ms
[26.055s][info][gc] GC(9124) Pause Young (Allocation Failure) 11M->7M(15M) 0.151ms
[26.056s][info][gc] GC(9125) Pause Young (Allocation Failure) 11M->7M(15M) 0.191ms
[26.056s][info][gc] GC(9126) Pause Young (Allocation Failure) 11M->7M(15M) 0.198ms
[26.057s][info][gc] GC(9127) Pause Young (Allocation Failure) 12M->7M(15M) 0.187ms
[26.058s][info][gc] GC(9128) Pause Young (Allocation Failure) 12M->7M(15M) 0.168ms
[26.059s][info][gc] GC(9129) Pause Young (Allocation Failure) 11M->7M(15M) 0.162ms
[26.060s][info][gc] GC(9130) Pause Young (Allocation Failure) 11M->7M(15M) 0.184ms
[26.060s][info][gc] GC(9131) Pause Young (Allocation Failure) 12M->8M(15M) 0.208ms
[26.061s][info][gc] GC(9132) Pause Young (Allocation Failure) 12M->8M(15M) 0.195ms
[26.062s][info][gc] GC(9133) Pause Young (Allocation Failure) 12M->8M(15M) 0.196ms
[26.063s][info][gc] GC(9134) Pause Young (Allocation Failure) 12M->8M(15M) 0.171ms
[26.064s][info][gc] GC(9135) Pause Young (Allocation Failure) 12M->8M(15M) 0.174ms
[26.064s][info][gc] GC(9136) Pause Young (Allocation Failure) 12M->8M(15M) 0.170ms
[26.065s][info][gc] GC(9137) Pause Young (Allocation Failure) 12M->8M(15M) 0.165ms
[26.066s][info][gc] GC(9138) Pause Young (Allocation Failure) 12M->8M(15M) 0.177ms
[26.067s][info][gc] GC(9139) Pause Young (Allocation Failure) 12M->8M(15M) 0.190ms
[26.068s][info][gc] GC(9140) Pause Young (Allocation Failure) 13M->9M(15M) 0.186ms
[26.068s][info][gc] GC(9141) Pause Young (Allocation Failure) 13M->9M(15M) 0.191ms
[26.069s][info][gc] GC(9142) Pause Young (Allocation Failure) 13M->9M(15M) 0.185ms
[26.070s][info][gc] GC(9143) Pause Young (Allocation Failure) 13M->9M(15M) 0.172ms
[26.071s][info][gc] GC(9144) Pause Young (Allocation Failure) 13M->9M(15M) 0.178ms
[26.072s][info][gc] GC(9145) Pause Young (Allocation Failure) 13M->9M(15M) 0.184ms
[26.072s][info][gc] GC(9146) Pause Young (Allocation Failure) 13M->9M(15M) 0.168ms
[26.073s][info][gc] GC(9147) Pause Young (Allocation Failure) 13M->9M(15M) 0.168ms
[26.074s][info][gc] GC(9148) Pause Young (Allocation Failure) 13M->9M(15M) 0.174ms
[26.075s][info][gc] GC(9149) Pause Young (Allocation Failure) 13M->9M(15M) 0.196ms
[26.075s][info][gc] GC(9150) Pause Young (Allocation Failure) 13M->9M(15M) 0.210ms
[26.076s][info][gc] GC(9151) Pause Young (Allocation Failure) 14M->9M(15M) 0.177ms
[26.077s][info][gc] GC(9152) Pause Young (Allocation Failure) 13M->9M(15M) 0.168ms
[26.078s][info][gc] GC(9153) Pause Young (Allocation Failure) 14M->9M(15M) 0.153ms
[26.078s][info][gc] GC(9154) Pause Young (Allocation Failure) 13M->10M(15M) 0.171ms
[26.079s][info][gc] GC(9155) Pause Young (Allocation Failure) 14M->10M(15M) 0.187ms
[26.080s][info][gc] GC(9156) Pause Young (Allocation Failure) 14M->10M(15M) 0.161ms
[26.081s][info][gc] GC(9157) Pause Young (Allocation Failure) 14M->10M(15M) 0.167ms
[26.081s][info][gc] GC(9158) Pause Young (Allocation Failure) 14M->10M(15M) 0.165ms
[26.082s][info][gc] GC(9159) Pause Young (Allocation Failure) 14M->10M(15M) 0.171ms
[26.083s][info][gc] GC(9160) Pause Young (Allocation Failure) 14M->10M(15M) 0.183ms
[26.084s][info][gc] GC(9161) Pause Young (Allocation Failure) 15M->15M(15M) 0.019ms
[26.089s][info][gc] GC(9162) Pause Full (Allocation Failure) 15M->5M(15M) 5.378ms
[26.090s][info][gc] GC(9163) Pause Young (Allocation Failure) 9M->6M(15M) 0.221ms
[26.091s][info][gc] GC(9164) Pause Young (Allocation Failure) 10M->5M(15M) 0.170ms
[26.092s][info][gc] GC(9165) Pause Young (Allocation Failure) 10M->6M(15M) 0.176ms
[26.092s][info][gc] GC(9166) Pause Young (Allocation Failure) 10M->6M(15M) 0.202ms
[26.093s][info][gc] GC(9167) Pause Young (Allocation Failure) 10M->6M(15M) 0.177ms
[26.094s][info][gc] GC(9168) Pause Young (Allocation Failure) 10M->6M(15M) 0.170ms
[26.095s][info][gc] GC(9169) Pause Young (Allocation Failure) 10M->6M(15M) 0.170ms
[26.096s][info][gc] GC(9170) Pause Young (Allocation Failure) 10M->6M(15M) 0.173ms
[26.097s][info][gc] GC(9171) Pause Young (Allocation Failure) 10M->6M(15M) 0.182ms
[26.097s][info][gc] GC(9172) Pause Young (Allocation Failure) 10M->6M(15M) 0.168ms
[26.098s][info][gc] GC(9173) Pause Young (Allocation Failure) 10M->6M(15M) 0.205ms
[26.099s][info][gc] GC(9174) Pause Young (Allocation Failure) 11M->6M(15M) 0.177ms
[26.100s][info][gc] GC(9175) Pause Young (Allocation Failure) 10M->6M(15M) 0.182ms
[26.100s][info][gc] GC(9176) Pause Young (Allocation Failure) 11M->7M(15M) 0.195ms
[26.101s][info][gc] GC(9177) Pause Young (Allocation Failure) 11M->7M(15M) 0.132ms
[26.102s][info][gc] GC(9178) Pause Young (Allocation Failure) 11M->6M(15M) 0.163ms
[26.103s][info][gc] GC(9179) Pause Young (Allocation Failure) 11M->7M(15M) 0.178ms
[26.104s][info][gc] GC(9180) Pause Young (Allocation Failure) 11M->7M(15M) 0.177ms
[26.104s][info][gc] GC(9181) Pause Young (Allocation Failure) 11M->8M(15M) 0.247ms
[26.105s][info][gc] GC(9182) Pause Young (Allocation Failure) 12M->8M(15M) 0.199ms
[26.106s][info][gc] GC(9183) Pause Young (Allocation Failure) 12M->8M(15M) 0.185ms
[26.107s][info][gc] GC(9184) Pause Young (Allocation Failure) 12M->8M(15M) 0.198ms
[26.107s][info][gc] GC(9185) Pause Young (Allocation Failure) 12M->8M(15M) 0.170ms
[26.108s][info][gc] GC(9186) Pause Young (Allocation Failure) 12M->8M(15M) 0.162ms
[26.109s][info][gc] GC(9187) Pause Young (Allocation Failure) 12M->8M(15M) 0.176ms
[26.110s][info][gc] GC(9188) Pause Young (Allocation Failure) 12M->8M(15M) 0.176ms
[26.111s][info][gc] GC(9189) Pause Young (Allocation Failure) 12M->8M(15M) 0.179ms
[26.111s][info][gc] GC(9190) Pause Young (Allocation Failure) 12M->8M(15M) 0.168ms
[26.112s][info][gc] GC(9191) Pause Young (Allocation Failure) 12M->8M(15M) 0.182ms
[26.113s][info][gc] GC(9192) Pause Young (Allocation Failure) 12M->8M(15M) 0.167ms
[26.114s][info][gc] GC(9193) Pause Young (Allocation Failure) 12M->8M(15M) 0.183ms
[26.114s][info][gc] GC(9194) Pause Young (Allocation Failure) 12M->8M(15M) 0.179ms
[26.115s][info][gc] GC(9195) Pause Young (Allocation Failure) 12M->8M(15M) 0.185ms
[26.116s][info][gc] GC(9196) Pause Young (Allocation Failure) 12M->8M(15M) 0.184ms
[26.117s][info][gc] GC(9197) Pause Young (Allocation Failure) 12M->8M(15M) 0.192ms
[26.118s][info][gc] GC(9198) Pause Young (Allocation Failure) 13M->8M(15M) 0.170ms
[26.118s][info][gc] GC(9199) Pause Young (Allocation Failure) 12M->8M(15M) 0.181ms
[26.119s][info][gc] GC(9200) Pause Young (Allocation Failure) 13M->9M(15M) 0.204ms
[26.120s][info][gc] GC(9201) Pause Young (Allocation Failure) 13M->8M(15M) 0.190ms
[26.121s][info][gc] GC(9202) Pause Young (Allocation Failure) 13M->8M(15M) 0.167ms
[26.122s][info][gc] GC(9203) Pause Young (Allocation Failure) 13M->8M(15M) 0.177ms
[26.123s][info][gc] GC(9204) Pause Young (Allocation Failure) 13M->8M(15M) 0.168ms
[26.123s][info][gc] GC(9205) Pause Young (Allocation Failure) 13M->8M(15M) 0.178ms
[26.124s][info][gc] GC(9206) Pause Young (Allocation Failure) 13M->8M(15M) 0.183ms
[26.125s][info][gc] GC(9207) Pause Young (Allocation Failure) 13M->9M(15M) 0.193ms
[26.126s][info][gc] GC(9208) Pause Young (Allocation Failure) 13M->9M(15M) 0.218ms
[26.127s][info][gc] GC(9209) Pause Young (Allocation Failure) 14M->9M(15M) 0.190ms
[26.127s][info][gc] GC(9210) Pause Young (Allocation Failure) 14M->9M(15M) 0.178ms
[26.128s][info][gc] GC(9211) Pause Young (Allocation Failure) 14M->9M(15M) 0.170ms
[26.129s][info][gc] GC(9212) Pause Young (Allocation Failure) 13M->9M(15M) 0.173ms
[26.130s][info][gc] GC(9213) Pause Young (Allocation Failure) 13M->9M(15M) 0.190ms
[26.131s][info][gc] GC(9214) Pause Young (Allocation Failure) 14M->9M(15M) 0.182ms
[26.131s][info][gc] GC(9215) Pause Young (Allocation Failure) 14M->9M(15M) 0.169ms
[26.132s][info][gc] GC(9216) Pause Young (Allocation Failure) 13M->10M(15M) 0.190ms
[26.133s][info][gc] GC(9217) Pause Young (Allocation Failure) 14M->9M(15M) 0.172ms
[26.134s][info][gc] GC(9218) Pause Young (Allocation Failure) 14M->9M(15M) 0.169ms
[26.134s][info][gc] GC(9219) Pause Young (Allocation Failure) 14M->10M(15M) 0.135ms
[26.135s][info][gc] GC(9220) Pause Young (Allocation Failure) 14M->10M(15M) 0.183ms
[26.136s][info][gc] GC(9221) Pause Young (Allocation Failure) 14M->10M(15M) 0.192ms
[26.137s][info][gc] GC(9222) Pause Young (Allocation Failure) 14M->10M(15M) 0.174ms
[26.138s][info][gc] GC(9223) Pause Young (Allocation Failure) 14M->10M(15M) 0.200ms
[26.138s][info][gc] GC(9224) Pause Young (Allocation Failure) 14M->10M(15M) 0.207ms
[26.139s][info][gc] GC(9225) Pause Young (Allocation Failure) 14M->10M(15M) 0.163ms
[26.140s][info][gc] GC(9226) Pause Young (Allocation Failure) 14M->10M(15M) 0.183ms
[26.141s][info][gc] GC(9227) Pause Young (Allocation Failure) 14M->10M(15M) 0.182ms
[26.141s][info][gc] GC(9228) Pause Young (Allocation Failure) 14M->10M(15M) 0.179ms
[26.142s][info][gc] GC(9229) Pause Young (Allocation Failure) 14M->10M(15M) 0.198ms
[26.143s][info][gc] GC(9230) Pause Young (Allocation Failure) 15M->10M(15M) 0.195ms
[26.144s][info][gc] GC(9231) Pause Young (Allocation Failure) 15M->15M(15M) 0.025ms
[26.149s][info][gc] GC(9232) Pause Full (Allocation Failure) 15M->5M(15M) 5.620ms
[26.150s][info][gc] GC(9233) Pause Young (Allocation Failure) 9M->5M(15M) 0.187ms
[26.151s][info][gc] GC(9234) Pause Young (Allocation Failure) 9M->6M(15M) 0.210ms
[26.152s][info][gc] GC(9235) Pause Young (Allocation Failure) 10M->6M(15M) 0.198ms
[26.153s][info][gc] GC(9236) Pause Young (Allocation Failure) 10M->6M(15M) 0.175ms
[26.153s][info][gc] GC(9237) Pause Young (Allocation Failure) 10M->6M(15M) 0.181ms
[26.154s][info][gc] GC(9238) Pause Young (Allocation Failure) 10M->6M(15M) 0.181ms
[26.155s][info][gc] GC(9239) Pause Young (Allocation Failure) 10M->6M(15M) 0.177ms
[26.156s][info][gc] GC(9240) Pause Young (Allocation Failure) 10M->5M(15M) 0.161ms
[26.156s][info][gc] GC(9241) Pause Young (Allocation Failure) 10M->6M(15M) 0.170ms
[26.157s][info][gc] GC(9242) Pause Young (Allocation Failure) 10M->6M(15M) 0.181ms
[26.158s][info][gc] GC(9243) Pause Young (Allocation Failure) 10M->6M(15M) 0.180ms
[26.159s][info][gc] GC(9244) Pause Young (Allocation Failure) 10M->6M(15M) 0.197ms
[26.160s][info][gc] GC(9245) Pause Young (Allocation Failure) 10M->6M(15M) 0.164ms
[26.161s][info][gc] GC(9246) Pause Young (Allocation Failure) 10M->6M(15M) 0.196ms
[26.161s][info][gc] GC(9247) Pause Young (Allocation Failure) 11M->7M(15M) 0.209ms
[26.162s][info][gc] GC(9248) Pause Young (Allocation Failure) 11M->7M(15M) 0.153ms
[26.163s][info][gc] GC(9249) Pause Young (Allocation Failure) 11M->7M(15M) 0.176ms
[26.164s][info][gc] GC(9250) Pause Young (Allocation Failure) 11M->7M(15M) 0.170ms
[26.165s][info][gc] GC(9251) Pause Young (Allocation Failure) 11M->7M(15M) 0.202ms
[26.165s][info][gc] GC(9252) Pause Young (Allocation Failure) 12M->7M(15M) 0.176ms
[26.166s][info][gc] GC(9253) Pause Young (Allocation Failure) 11M->8M(15M) 0.177ms
[26.167s][info][gc] GC(9254) Pause Young (Allocation Failure) 12M->8M(15M) 0.191ms
[26.167s][info][gc] GC(9255) Pause Young (Allocation Failure) 12M->8M(15M) 0.180ms
[26.168s][info][gc] GC(9256) Pause Young (Allocation Failure) 12M->8M(15M) 0.201ms
[26.169s][info][gc] GC(9257) Pause Young (Allocation Failure) 12M->8M(15M) 0.208ms
[26.170s][info][gc] GC(9258) Pause Young (Allocation Failure) 12M->8M(15M) 0.194ms
[26.171s][info][gc] GC(9259) Pause Young (Allocation Failure) 13M->9M(15M) 0.215ms
[26.172s][info][gc] GC(9260) Pause Young (Allocation Failure) 13M->9M(15M) 0.170ms
[26.173s][info][gc] GC(9261) Pause Young (Allocation Failure) 13M->9M(15M) 0.166ms
[26.173s][info][gc] GC(9262) Pause Young (Allocation Failure) 13M->9M(15M) 0.179ms
[26.174s][info][gc] GC(9263) Pause Young (Allocation Failure) 13M->9M(15M) 0.176ms
[26.175s][info][gc] GC(9264) Pause Young (Allocation Failure) 13M->9M(15M) 0.175ms
[26.176s][info][gc] GC(9265) Pause Young (Allocation Failure) 13M->9M(15M) 0.199ms
[26.176s][info][gc] GC(9266) Pause Young (Allocation Failure) 14M->9M(15M) 0.175ms
[26.177s][info][gc] GC(9267) Pause Young (Allocation Failure) 13M->9M(15M) 0.187ms
[26.178s][info][gc] GC(9268) Pause Young (Allocation Failure) 14M->10M(15M) 0.185ms
[26.179s][info][gc] GC(9269) Pause Young (Allocation Failure) 14M->9M(15M) 0.168ms
[26.180s][info][gc] GC(9270) Pause Young (Allocation Failure) 14M->10M(15M) 0.186ms
[26.180s][info][gc] GC(9271) Pause Young (Allocation Failure) 14M->10M(15M) 0.177ms
[26.181s][info][gc] GC(9272) Pause Young (Allocation Failure) 15M->15M(15M) 0.025ms
[26.187s][info][gc] GC(9273) Pause Full (Allocation Failure) 15M->4M(15M) 5.409ms
[26.187s][info][gc] GC(9274) Pause Young (Allocation Failure) 8M->5M(15M) 0.210ms
[26.188s][info][gc] GC(9275) Pause Young (Allocation Failure) 9M->5M(15M) 0.182ms
[26.189s][info][gc] GC(9276) Pause Young (Allocation Failure) 9M->5M(15M) 0.176ms
[26.190s][info][gc] GC(9277) Pause Young (Allocation Failure) 9M->6M(15M) 0.221ms
[26.191s][info][gc] GC(9278) Pause Young (Allocation Failure) 10M->5M(15M) 0.182ms
[26.192s][info][gc] GC(9279) Pause Young (Allocation Failure) 10M->5M(15M) 0.168ms
[26.192s][info][gc] GC(9280) Pause Young (Allocation Failure) 10M->6M(15M) 0.187ms
[26.193s][info][gc] GC(9281) Pause Young (Allocation Failure) 10M->5M(15M) 0.166ms
[26.194s][info][gc] GC(9282) Pause Young (Allocation Failure) 10M->5M(15M) 0.162ms
[26.195s][info][gc] GC(9283) Pause Young (Allocation Failure) 10M->5M(15M) 0.180ms
[26.196s][info][gc] GC(9284) Pause Young (Allocation Failure) 10M->6M(15M) 0.208ms
[26.196s][info][gc] GC(9285) Pause Young (Allocation Failure) 10M->6M(15M) 0.186ms
[26.197s][info][gc] GC(9286) Pause Young (Allocation Failure) 10M->6M(15M) 0.176ms
[26.198s][info][gc] GC(9287) Pause Young (Allocation Failure) 10M->6M(15M) 0.158ms
[26.199s][info][gc] GC(9288) Pause Young (Allocation Failure) 10M->6M(15M) 0.183ms
[26.200s][info][gc] GC(9289) Pause Young (Allocation Failure) 10M->6M(15M) 0.163ms
[26.200s][info][gc] GC(9290) Pause Young (Allocation Failure) 10M->6M(15M) 0.175ms
[26.201s][info][gc] GC(9291) Pause Young (Allocation Failure) 10M->6M(15M) 0.168ms
[26.202s][info][gc] GC(9292) Pause Young (Allocation Failure) 10M->6M(15M) 0.191ms
[26.203s][info][gc] GC(9293) Pause Young (Allocation Failure) 11M->6M(15M) 0.185ms
[26.204s][info][gc] GC(9294) Pause Young (Allocation Failure) 11M->6M(15M) 0.196ms
[26.204s][info][gc] GC(9295) Pause Young (Allocation Failure) 11M->7M(15M) 0.185ms
[26.205s][info][gc] GC(9296) Pause Young (Allocation Failure) 11M->7M(15M) 0.195ms
[26.206s][info][gc] GC(9297) Pause Young (Allocation Failure) 12M->7M(15M) 0.182ms
[26.207s][info][gc] GC(9298) Pause Young (Allocation Failure) 12M->8M(15M) 0.199ms
[26.207s][info][gc] GC(9299) Pause Young (Allocation Failure) 12M->8M(15M) 0.184ms
[26.208s][info][gc] GC(9300) Pause Young (Allocation Failure) 12M->7M(15M) 0.177ms
[26.209s][info][gc] GC(9301) Pause Young (Allocation Failure) 12M->7M(15M) 0.173ms
[26.210s][info][gc] GC(9302) Pause Young (Allocation Failure) 12M->8M(15M) 0.191ms
[26.211s][info][gc] GC(9303) Pause Young (Allocation Failure) 12M->8M(15M) 0.192ms
[26.211s][info][gc] GC(9304) Pause Young (Allocation Failure) 12M->8M(15M) 0.211ms
[26.212s][info][gc] GC(9305) Pause Young (Allocation Failure) 13M->8M(15M) 0.170ms
[26.213s][info][gc] GC(9306) Pause Young (Allocation Failure) 12M->8M(15M) 0.172ms
[26.214s][info][gc] GC(9307) Pause Young (Allocation Failure) 12M->8M(15M) 0.182ms
[26.215s][info][gc] GC(9308) Pause Young (Allocation Failure) 12M->9M(15M) 0.197ms
[26.215s][info][gc] GC(9309) Pause Young (Allocation Failure) 13M->8M(15M) 0.173ms
[26.216s][info][gc] GC(9310) Pause Young (Allocation Failure) 13M->9M(15M) 0.210ms
[26.217s][info][gc] GC(9311) Pause Young (Allocation Failure) 13M->9M(15M) 0.201ms
[26.218s][info][gc] GC(9312) Pause Young (Allocation Failure) 13M->9M(15M) 0.190ms
[26.219s][info][gc] GC(9313) Pause Young (Allocation Failure) 14M->9M(15M) 0.185ms
[26.219s][info][gc] GC(9314) Pause Young (Allocation Failure) 14M->10M(15M) 0.210ms
[26.220s][info][gc] GC(9315) Pause Young (Allocation Failure) 14M->9M(15M) 0.163ms
[26.221s][info][gc] GC(9316) Pause Young (Allocation Failure) 14M->10M(15M) 0.174ms
[26.222s][info][gc] GC(9317) Pause Young (Allocation Failure) 14M->10M(15M) 0.188ms
[26.222s][info][gc] GC(9318) Pause Young (Allocation Failure) 14M->10M(15M) 0.172ms
[26.223s][info][gc] GC(9319) Pause Young (Allocation Failure) 14M->10M(15M) 0.194ms
[26.224s][info][gc] GC(9320) Pause Young (Allocation Failure) 14M->10M(15M) 0.178ms
[26.225s][info][gc] GC(9321) Pause Young (Allocation Failure) 14M->10M(15M) 0.205ms
[26.225s][info][gc] GC(9322) Pause Young (Allocation Failure) 15M->15M(15M) 0.025ms
[26.231s][info][gc] GC(9323) Pause Full (Allocation Failure) 15M->5M(15M) 5.583ms
[26.232s][info][gc] GC(9324) Pause Young (Allocation Failure) 9M->5M(15M) 0.182ms
[26.233s][info][gc] GC(9325) Pause Young (Allocation Failure) 10M->5M(15M) 0.183ms
[26.234s][info][gc] GC(9326) Pause Young (Allocation Failure) 10M->5M(15M) 0.178ms
[26.234s][info][gc] GC(9327) Pause Young (Allocation Failure) 10M->5M(15M) 0.173ms
[26.235s][info][gc] GC(9328) Pause Young (Allocation Failure) 10M->6M(15M) 0.201ms
[26.236s][info][gc] GC(9329) Pause Young (Allocation Failure) 10M->6M(15M) 0.185ms
[26.237s][info][gc] GC(9330) Pause Young (Allocation Failure) 10M->6M(15M) 0.187ms
[26.238s][info][gc] GC(9331) Pause Young (Allocation Failure) 10M->6M(15M) 0.197ms
[26.238s][info][gc] GC(9332) Pause Young (Allocation Failure) 10M->7M(15M) 0.207ms
[26.239s][info][gc] GC(9333) Pause Young (Allocation Failure) 11M->7M(15M) 0.211ms
[26.240s][info][gc] GC(9334) Pause Young (Allocation Failure) 11M->7M(15M) 0.174ms
[26.241s][info][gc] GC(9335) Pause Young (Allocation Failure) 11M->7M(15M) 0.182ms
[26.242s][info][gc] GC(9336) Pause Young (Allocation Failure) 11M->7M(15M) 0.171ms
[26.242s][info][gc] GC(9337) Pause Young (Allocation Failure) 11M->7M(15M) 0.166ms
[26.243s][info][gc] GC(9338) Pause Young (Allocation Failure) 11M->7M(15M) 0.193ms
[26.244s][info][gc] GC(9339) Pause Young (Allocation Failure) 11M->7M(15M) 0.184ms
[26.245s][info][gc] GC(9340) Pause Young (Allocation Failure) 11M->7M(15M) 0.197ms
[26.246s][info][gc] GC(9341) Pause Young (Allocation Failure) 12M->7M(15M) 0.171ms
[26.246s][info][gc] GC(9342) Pause Young (Allocation Failure) 11M->7M(15M) 0.163ms
[26.247s][info][gc] GC(9343) Pause Young (Allocation Failure) 11M->7M(15M) 0.178ms
[26.248s][info][gc] GC(9344) Pause Young (Allocation Failure) 11M->7M(15M) 0.194ms
[26.249s][info][gc] GC(9345) Pause Young (Allocation Failure) 12M->7M(15M) 0.191ms
[26.250s][info][gc] GC(9346) Pause Young (Allocation Failure) 12M->8M(15M) 0.187ms
[26.251s][info][gc] GC(9347) Pause Young (Allocation Failure) 12M->8M(15M) 0.173ms
[26.251s][info][gc] GC(9348) Pause Young (Allocation Failure) 12M->7M(15M) 0.148ms
[26.252s][info][gc] GC(9349) Pause Young (Allocation Failure) 12M->7M(15M) 0.175ms
[26.253s][info][gc] GC(9350) Pause Young (Allocation Failure) 12M->8M(15M) 0.194ms
[26.254s][info][gc] GC(9351) Pause Young (Allocation Failure) 12M->8M(15M) 0.184ms
[26.254s][info][gc] GC(9352) Pause Young (Allocation Failure) 12M->8M(15M) 0.191ms
[26.255s][info][gc] GC(9353) Pause Young (Allocation Failure) 12M->8M(15M) 0.140ms
[26.256s][info][gc] GC(9354) Pause Young (Allocation Failure) 12M->8M(15M) 0.189ms
[26.257s][info][gc] GC(9355) Pause Young (Allocation Failure) 12M->8M(15M) 0.174ms
[26.258s][info][gc] GC(9356) Pause Young (Allocation Failure) 12M->8M(15M) 0.181ms
[26.258s][info][gc] GC(9357) Pause Young (Allocation Failure) 12M->8M(15M) 0.134ms
[26.259s][info][gc] GC(9358) Pause Young (Allocation Failure) 13M->8M(15M) 0.172ms
[26.260s][info][gc] GC(9359) Pause Young (Allocation Failure) 12M->8M(15M) 0.162ms
[26.261s][info][gc] GC(9360) Pause Young (Allocation Failure) 12M->8M(15M) 0.154ms
[26.262s][info][gc] GC(9361) Pause Young (Allocation Failure) 13M->8M(15M) 0.173ms
[26.262s][info][gc] GC(9362) Pause Young (Allocation Failure) 13M->9M(15M) 0.201ms
[26.263s][info][gc] GC(9363) Pause Young (Allocation Failure) 13M->9M(15M) 0.202ms
[26.264s][info][gc] GC(9364) Pause Young (Allocation Failure) 13M->9M(15M) 0.145ms
[26.265s][info][gc] GC(9365) Pause Young (Allocation Failure) 13M->9M(15M) 0.167ms
[26.265s][info][gc] GC(9366) Pause Young (Allocation Failure) 13M->9M(15M) 0.163ms
[26.266s][info][gc] GC(9367) Pause Young (Allocation Failure) 13M->9M(15M) 0.141ms
[26.267s][info][gc] GC(9368) Pause Young (Allocation Failure) 13M->9M(15M) 0.155ms
[26.268s][info][gc] GC(9369) Pause Young (Allocation Failure) 13M->9M(15M) 0.166ms
[26.269s][info][gc] GC(9370) Pause Young (Allocation Failure) 14M->9M(15M) 0.176ms
[26.269s][info][gc] GC(9371) Pause Young (Allocation Failure) 14M->9M(15M) 0.142ms
[26.270s][info][gc] GC(9372) Pause Young (Allocation Failure) 13M->10M(15M) 0.161ms
[26.271s][info][gc] GC(9373) Pause Young (Allocation Failure) 14M->10M(15M) 0.151ms
[26.272s][info][gc] GC(9374) Pause Young (Allocation Failure) 14M->10M(15M) 0.156ms
[26.272s][info][gc] GC(9375) Pause Young (Allocation Failure) 14M->9M(15M) 0.144ms
[26.273s][info][gc] GC(9376) Pause Young (Allocation Failure) 14M->10M(15M) 0.128ms
[26.274s][info][gc] GC(9377) Pause Young (Allocation Failure) 14M->10M(15M) 0.158ms
[26.275s][info][gc] GC(9378) Pause Young (Allocation Failure) 14M->10M(15M) 0.148ms
[26.275s][info][gc] GC(9379) Pause Young (Allocation Failure) 14M->10M(15M) 0.185ms
[26.276s][info][gc] GC(9380) Pause Young (Allocation Failure) 14M->10M(15M) 0.154ms
[26.277s][info][gc] GC(9381) Pause Young (Allocation Failure) 14M->10M(15M) 0.163ms
[26.278s][info][gc] GC(9382) Pause Young (Allocation Failure) 15M->11M(15M) 0.174ms
[26.278s][info][gc] GC(9383) Pause Young (Allocation Failure) 15M->15M(15M) 0.019ms
[26.284s][info][gc] GC(9384) Pause Full (Allocation Failure) 15M->5M(15M) 5.429ms
[26.285s][info][gc] GC(9385) Pause Young (Allocation Failure) 9M->5M(15M) 0.173ms
[26.286s][info][gc] GC(9386) Pause Young (Allocation Failure) 10M->6M(15M) 0.186ms
[26.287s][info][gc] GC(9387) Pause Young (Allocation Failure) 10M->6M(15M) 0.166ms
[26.287s][info][gc] GC(9388) Pause Young (Allocation Failure) 10M->6M(15M) 0.160ms
[26.288s][info][gc] GC(9389) Pause Young (Allocation Failure) 10M->5M(15M) 0.143ms
[26.289s][info][gc] GC(9390) Pause Young (Allocation Failure) 10M->6M(15M) 0.158ms
[26.290s][info][gc] GC(9391) Pause Young (Allocation Failure) 10M->6M(15M) 0.168ms
[26.290s][info][gc] GC(9392) Pause Young (Allocation Failure) 11M->6M(15M) 0.158ms
[26.291s][info][gc] GC(9393) Pause Young (Allocation Failure) 10M->6M(15M) 0.139ms
[26.292s][info][gc] GC(9394) Pause Young (Allocation Failure) 10M->6M(15M) 0.156ms
[26.293s][info][gc] GC(9395) Pause Young (Allocation Failure) 11M->6M(15M) 0.145ms
[26.294s][info][gc] GC(9396) Pause Young (Allocation Failure) 11M->6M(15M) 0.166ms
[26.294s][info][gc] GC(9397) Pause Young (Allocation Failure) 11M->6M(15M) 0.152ms
[26.295s][info][gc] GC(9398) Pause Young (Allocation Failure) 11M->6M(15M) 0.143ms
[26.296s][info][gc] GC(9399) Pause Young (Allocation Failure) 10M->6M(15M) 0.172ms
[26.297s][info][gc] GC(9400) Pause Young (Allocation Failure) 10M->6M(15M) 0.163ms
[26.297s][info][gc] GC(9401) Pause Young (Allocation Failure) 10M->7M(15M) 0.209ms
[26.298s][info][gc] GC(9402) Pause Young (Allocation Failure) 11M->7M(15M) 0.189ms
[26.299s][info][gc] GC(9403) Pause Young (Allocation Failure) 11M->7M(15M) 0.181ms
[26.300s][info][gc] GC(9404) Pause Young (Allocation Failure) 11M->7M(15M) 0.164ms
[26.301s][info][gc] GC(9405) Pause Young (Allocation Failure) 11M->7M(15M) 0.150ms
[26.301s][info][gc] GC(9406) Pause Young (Allocation Failure) 11M->7M(15M) 0.171ms
[26.302s][info][gc] GC(9407) Pause Young (Allocation Failure) 11M->7M(15M) 0.161ms
[26.303s][info][gc] GC(9408) Pause Young (Allocation Failure) 11M->7M(15M) 0.171ms
[26.304s][info][gc] GC(9409) Pause Young (Allocation Failure) 11M->7M(15M) 0.160ms
[26.305s][info][gc] GC(9410) Pause Young (Allocation Failure) 11M->7M(15M) 0.165ms
[26.306s][info][gc] GC(9411) Pause Young (Allocation Failure) 11M->8M(15M) 0.211ms
[26.306s][info][gc] GC(9412) Pause Young (Allocation Failure) 12M->8M(15M) 0.178ms
[26.307s][info][gc] GC(9413) Pause Young (Allocation Failure) 12M->7M(15M) 0.162ms
[26.308s][info][gc] GC(9414) Pause Young (Allocation Failure) 12M->8M(15M) 0.196ms
[26.309s][info][gc] GC(9415) Pause Young (Allocation Failure) 12M->8M(15M) 0.175ms
[26.310s][info][gc] GC(9416) Pause Young (Allocation Failure) 12M->8M(15M) 0.179ms
[26.311s][info][gc] GC(9417) Pause Young (Allocation Failure) 12M->8M(15M) 0.175ms
[26.312s][info][gc] GC(9418) Pause Young (Allocation Failure) 12M->8M(15M) 0.181ms
[26.312s][info][gc] GC(9419) Pause Young (Allocation Failure) 12M->8M(15M) 0.137ms
[26.313s][info][gc] GC(9420) Pause Young (Allocation Failure) 13M->9M(15M) 0.142ms
[26.314s][info][gc] GC(9421) Pause Young (Allocation Failure) 13M->9M(15M) 0.204ms
[26.315s][info][gc] GC(9422) Pause Young (Allocation Failure) 13M->9M(15M) 0.182ms
[26.316s][info][gc] GC(9423) Pause Young (Allocation Failure) 13M->9M(15M) 0.176ms
[26.316s][info][gc] GC(9424) Pause Young (Allocation Failure) 13M->9M(15M) 0.174ms
[26.317s][info][gc] GC(9425) Pause Young (Allocation Failure) 13M->9M(15M) 0.182ms
[26.318s][info][gc] GC(9426) Pause Young (Allocation Failure) 13M->9M(15M) 0.183ms
[26.319s][info][gc] GC(9427) Pause Young (Allocation Failure) 13M->9M(15M) 0.193ms
[26.320s][info][gc] GC(9428) Pause Young (Allocation Failure) 14M->9M(15M) 0.180ms
[26.321s][info][gc] GC(9429) Pause Young (Allocation Failure) 14M->10M(15M) 0.188ms
[26.322s][info][gc] GC(9430) Pause Young (Allocation Failure) 14M->9M(15M) 0.164ms
[26.322s][info][gc] GC(9431) Pause Young (Allocation Failure) 13M->10M(15M) 0.206ms
[26.323s][info][gc] GC(9432) Pause Young (Allocation Failure) 14M->10M(15M) 0.171ms
[26.324s][info][gc] GC(9433) Pause Young (Allocation Failure) 14M->10M(15M) 0.174ms
[26.325s][info][gc] GC(9434) Pause Young (Allocation Failure) 14M->10M(15M) 0.195ms
[26.326s][info][gc] GC(9435) Pause Young (Allocation Failure) 15M->15M(15M) 0.025ms
[26.331s][info][gc] GC(9436) Pause Full (Allocation Failure) 15M->5M(15M) 5.633ms
[26.332s][info][gc] GC(9437) Pause Young (Allocation Failure) 9M->5M(15M) 0.201ms
[26.333s][info][gc] GC(9438) Pause Young (Allocation Failure) 10M->5M(15M) 0.141ms
[26.334s][info][gc] GC(9439) Pause Young (Allocation Failure) 10M->5M(15M) 0.180ms
[26.335s][info][gc] GC(9440) Pause Young (Allocation Failure) 10M->6M(15M) 0.198ms
[26.335s][info][gc] GC(9441) Pause Young (Allocation Failure) 10M->5M(15M) 0.166ms
[26.336s][info][gc] GC(9442) Pause Young (Allocation Failure) 10M->5M(15M) 0.167ms
[26.337s][info][gc] GC(9443) Pause Young (Allocation Failure) 10M->6M(15M) 0.177ms
[26.338s][info][gc] GC(9444) Pause Young (Allocation Failure) 10M->5M(15M) 0.170ms
[26.339s][info][gc] GC(9445) Pause Young (Allocation Failure) 10M->5M(15M) 0.170ms
[26.340s][info][gc] GC(9446) Pause Young (Allocation Failure) 10M->6M(15M) 0.182ms
[26.341s][info][gc] GC(9447) Pause Young (Allocation Failure) 10M->6M(15M) 0.173ms
[26.341s][info][gc] GC(9448) Pause Young (Allocation Failure) 10M->5M(15M) 0.163ms
[26.342s][info][gc] GC(9449) Pause Young (Allocation Failure) 10M->6M(15M) 0.209ms
[26.343s][info][gc] GC(9450) Pause Young (Allocation Failure) 10M->6M(15M) 0.212ms
[26.344s][info][gc] GC(9451) Pause Young (Allocation Failure) 11M->6M(15M) 0.190ms
[26.345s][info][gc] GC(9452) Pause Young (Allocation Failure) 11M->6M(15M) 0.179ms
[26.346s][info][gc] GC(9453) Pause Young (Allocation Failure) 11M->6M(15M) 0.184ms
[26.347s][info][gc] GC(9454) Pause Young (Allocation Failure) 11M->6M(15M) 0.178ms
[26.348s][info][gc] GC(9455) Pause Young (Allocation Failure) 11M->6M(15M) 0.181ms
[26.348s][info][gc] GC(9456) Pause Young (Allocation Failure) 11M->6M(15M) 0.175ms
[26.349s][info][gc] GC(9457) Pause Young (Allocation Failure) 11M->6M(15M) 0.160ms
[26.350s][info][gc] GC(9458) Pause Young (Allocation Failure) 10M->6M(15M) 0.168ms
[26.351s][info][gc] GC(9459) Pause Young (Allocation Failure) 10M->6M(15M) 0.169ms
[26.352s][info][gc] GC(9460) Pause Young (Allocation Failure) 10M->7M(15M) 0.178ms
[26.352s][info][gc] GC(9461) Pause Young (Allocation Failure) 11M->7M(15M) 0.186ms
[26.353s][info][gc] GC(9462) Pause Young (Allocation Failure) 11M->6M(15M) 0.163ms
[26.354s][info][gc] GC(9463) Pause Young (Allocation Failure) 11M->7M(15M) 0.166ms
[26.355s][info][gc] GC(9464) Pause Young (Allocation Failure) 11M->7M(15M) 0.184ms
[26.356s][info][gc] GC(9465) Pause Young (Allocation Failure) 11M->7M(15M) 0.171ms
[26.357s][info][gc] GC(9466) Pause Young (Allocation Failure) 11M->7M(15M) 0.163ms
[26.357s][info][gc] GC(9467) Pause Young (Allocation Failure) 11M->7M(15M) 0.136ms
[26.358s][info][gc] GC(9468) Pause Young (Allocation Failure) 11M->7M(15M) 0.183ms
[26.359s][info][gc] GC(9469) Pause Young (Allocation Failure) 11M->7M(15M) 0.162ms
[26.360s][info][gc] GC(9470) Pause Young (Allocation Failure) 11M->7M(15M) 0.180ms
[26.361s][info][gc] GC(9471) Pause Young (Allocation Failure) 11M->7M(15M) 0.180ms
[26.362s][info][gc] GC(9472) Pause Young (Allocation Failure) 11M->7M(15M) 0.162ms
[26.362s][info][gc] GC(9473) Pause Young (Allocation Failure) 11M->7M(15M) 0.162ms
[26.363s][info][gc] GC(9474) Pause Young (Allocation Failure) 11M->7M(15M) 0.156ms
[26.364s][info][gc] GC(9475) Pause Young (Allocation Failure) 11M->7M(15M) 0.167ms
[26.365s][info][gc] GC(9476) Pause Young (Allocation Failure) 11M->7M(15M) 0.180ms
[26.366s][info][gc] GC(9477) Pause Young (Allocation Failure) 11M->7M(15M) 0.185ms
[26.366s][info][gc] GC(9478) Pause Young (Allocation Failure) 11M->7M(15M) 0.175ms
[26.367s][info][gc] GC(9479) Pause Young (Allocation Failure) 11M->8M(15M) 0.218ms
[26.368s][info][gc] GC(9480) Pause Young (Allocation Failure) 12M->8M(15M) 0.167ms
[26.369s][info][gc] GC(9481) Pause Young (Allocation Failure) 12M->8M(15M) 0.192ms
[26.370s][info][gc] GC(9482) Pause Young (Allocation Failure) 12M->8M(15M) 0.174ms
[26.371s][info][gc] GC(9483) Pause Young (Allocation Failure) 12M->8M(15M) 0.163ms
[26.371s][info][gc] GC(9484) Pause Young (Allocation Failure) 12M->8M(15M) 0.162ms
[26.372s][info][gc] GC(9485) Pause Young (Allocation Failure) 12M->8M(15M) 0.163ms
[26.373s][info][gc] GC(9486) Pause Young (Allocation Failure) 12M->8M(15M) 0.158ms
[26.374s][info][gc] GC(9487) Pause Young (Allocation Failure) 12M->8M(15M) 0.182ms
[26.374s][info][gc] GC(9488) Pause Young (Allocation Failure) 12M->8M(15M) 0.182ms
[26.375s][info][gc] GC(9489) Pause Young (Allocation Failure) 12M->8M(15M) 0.168ms
[26.376s][info][gc] GC(9490) Pause Young (Allocation Failure) 12M->8M(15M) 0.164ms
[26.377s][info][gc] GC(9491) Pause Young (Allocation Failure) 12M->8M(15M) 0.154ms
[26.378s][info][gc] GC(9492) Pause Young (Allocation Failure) 13M->8M(15M) 0.160ms
[26.379s][info][gc] GC(9493) Pause Young (Allocation Failure) 12M->8M(15M) 0.159ms
[26.379s][info][gc] GC(9494) Pause Young (Allocation Failure) 12M->8M(15M) 0.186ms
[26.380s][info][gc] GC(9495) Pause Young (Allocation Failure) 13M->8M(15M) 0.160ms
[26.381s][info][gc] GC(9496) Pause Young (Allocation Failure) 12M->8M(15M) 0.174ms
[26.382s][info][gc] GC(9497) Pause Young (Allocation Failure) 13M->8M(15M) 0.164ms
[26.383s][info][gc] GC(9498) Pause Young (Allocation Failure) 12M->8M(15M) 0.168ms
[26.383s][info][gc] GC(9499) Pause Young (Allocation Failure) 12M->9M(15M) 0.215ms
[26.384s][info][gc] GC(9500) Pause Young (Allocation Failure) 13M->9M(15M) 0.181ms
[26.385s][info][gc] GC(9501) Pause Young (Allocation Failure) 13M->9M(15M) 0.165ms
[26.386s][info][gc] GC(9502) Pause Young (Allocation Failure) 13M->9M(15M) 0.171ms
[26.387s][info][gc] GC(9503) Pause Young (Allocation Failure) 13M->9M(15M) 0.167ms
[26.387s][info][gc] GC(9504) Pause Young (Allocation Failure) 13M->9M(15M) 0.182ms
[26.388s][info][gc] GC(9505) Pause Young (Allocation Failure) 13M->9M(15M) 0.172ms
[26.389s][info][gc] GC(9506) Pause Young (Allocation Failure) 13M->9M(15M) 0.160ms
[26.390s][info][gc] GC(9507) Pause Young (Allocation Failure) 13M->9M(15M) 0.157ms
[26.391s][info][gc] GC(9508) Pause Young (Allocation Failure) 14M->9M(15M) 0.173ms
[26.391s][info][gc] GC(9509) Pause Young (Allocation Failure) 13M->9M(15M) 0.176ms
[26.392s][info][gc] GC(9510) Pause Young (Allocation Failure) 13M->9M(15M) 0.194ms
[26.393s][info][gc] GC(9511) Pause Young (Allocation Failure) 14M->9M(15M) 0.171ms
[26.394s][info][gc] GC(9512) Pause Young (Allocation Failure) 13M->9M(15M) 0.182ms
[26.395s][info][gc] GC(9513) Pause Young (Allocation Failure) 14M->9M(15M) 0.179ms
[26.395s][info][gc] GC(9514) Pause Young (Allocation Failure) 14M->10M(15M) 0.186ms
[26.396s][info][gc] GC(9515) Pause Young (Allocation Failure) 14M->10M(15M) 0.189ms
[26.397s][info][gc] GC(9516) Pause Young (Allocation Failure) 14M->10M(15M) 0.172ms
[26.398s][info][gc] GC(9517) Pause Young (Allocation Failure) 14M->9M(15M) 0.172ms
[26.399s][info][gc] GC(9518) Pause Young (Allocation Failure) 14M->10M(15M) 0.190ms
[26.400s][info][gc] GC(9519) Pause Young (Allocation Failure) 14M->10M(15M) 0.196ms
[26.400s][info][gc] GC(9520) Pause Young (Allocation Failure) 14M->10M(15M) 0.185ms
[26.401s][info][gc] GC(9521) Pause Young (Allocation Failure) 14M->10M(15M) 0.200ms
[26.402s][info][gc] GC(9522) Pause Young (Allocation Failure) 15M->15M(15M) 0.025ms
[26.408s][info][gc] GC(9523) Pause Full (Allocation Failure) 15M->4M(15M) 5.548ms
[26.408s][info][gc] GC(9524) Pause Young (Allocation Failure) 9M->5M(15M) 0.205ms
[26.409s][info][gc] GC(9525) Pause Young (Allocation Failure) 9M->5M(15M) 0.190ms
[26.410s][info][gc] GC(9526) Pause Young (Allocation Failure) 9M->5M(15M) 0.181ms
[26.411s][info][gc] GC(9527) Pause Young (Allocation Failure) 9M->5M(15M) 0.170ms
[26.412s][info][gc] GC(9528) Pause Young (Allocation Failure) 9M->5M(15M) 0.177ms
[26.413s][info][gc] GC(9529) Pause Young (Allocation Failure) 9M->5M(15M) 0.172ms
[26.413s][info][gc] GC(9530) Pause Young (Allocation Failure) 9M->5M(15M) 0.204ms
[26.414s][info][gc] GC(9531) Pause Young (Allocation Failure) 10M->5M(15M) 0.175ms
[26.415s][info][gc] GC(9532) Pause Young (Allocation Failure) 9M->5M(15M) 0.175ms
[26.416s][info][gc] GC(9533) Pause Young (Allocation Failure) 9M->5M(15M) 0.189ms
[26.417s][info][gc] GC(9534) Pause Young (Allocation Failure) 10M->6M(15M) 0.189ms
[26.418s][info][gc] GC(9535) Pause Young (Allocation Failure) 10M->6M(15M) 0.186ms
[26.419s][info][gc] GC(9536) Pause Young (Allocation Failure) 10M->6M(15M) 0.171ms
[26.419s][info][gc] GC(9537) Pause Young (Allocation Failure) 10M->5M(15M) 0.169ms
[26.420s][info][gc] GC(9538) Pause Young (Allocation Failure) 10M->5M(15M) 0.159ms
[26.421s][info][gc] GC(9539) Pause Young (Allocation Failure) 10M->6M(15M) 0.181ms
[26.422s][info][gc] GC(9540) Pause Young (Allocation Failure) 10M->6M(15M) 0.170ms
[26.423s][info][gc] GC(9541) Pause Young (Allocation Failure) 10M->5M(15M) 0.161ms
[26.424s][info][gc] GC(9542) Pause Young (Allocation Failure) 10M->6M(15M) 0.181ms
[26.425s][info][gc] GC(9543) Pause Young (Allocation Failure) 10M->6M(15M) 0.180ms
[26.425s][info][gc] GC(9544) Pause Young (Allocation Failure) 10M->6M(15M) 0.176ms
[26.426s][info][gc] GC(9545) Pause Young (Allocation Failure) 10M->6M(15M) 0.179ms
[26.427s][info][gc] GC(9546) Pause Young (Allocation Failure) 10M->5M(15M) 0.162ms
[26.428s][info][gc] GC(9547) Pause Young (Allocation Failure) 10M->6M(15M) 0.198ms
[26.429s][info][gc] GC(9548) Pause Young (Allocation Failure) 10M->6M(15M) 0.191ms
[26.429s][info][gc] GC(9549) Pause Young (Allocation Failure) 11M->6M(15M) 0.182ms
[26.430s][info][gc] GC(9550) Pause Young (Allocation Failure) 11M->6M(15M) 0.175ms
[26.431s][info][gc] GC(9551) Pause Young (Allocation Failure) 11M->6M(15M) 0.166ms
[26.432s][info][gc] GC(9552) Pause Young (Allocation Failure) 10M->6M(15M) 0.179ms
[26.433s][info][gc] GC(9553) Pause Young (Allocation Failure) 11M->6M(15M) 0.164ms
[26.434s][info][gc] GC(9554) Pause Young (Allocation Failure) 10M->7M(15M) 0.187ms
[26.434s][info][gc] GC(9555) Pause Young (Allocation Failure) 11M->6M(15M) 0.166ms
[26.435s][info][gc] GC(9556) Pause Young (Allocation Failure) 11M->6M(15M) 0.166ms
[26.436s][info][gc] GC(9557) Pause Young (Allocation Failure) 11M->6M(15M) 0.164ms
[26.437s][info][gc] GC(9558) Pause Young (Allocation Failure) 11M->6M(15M) 0.172ms
[26.438s][info][gc] GC(9559) Pause Young (Allocation Failure) 11M->7M(15M) 0.159ms
[26.438s][info][gc] GC(9560) Pause Young (Allocation Failure) 11M->6M(15M) 0.175ms
[26.439s][info][gc] GC(9561) Pause Young (Allocation Failure) 11M->6M(15M) 0.168ms
[26.440s][info][gc] GC(9562) Pause Young (Allocation Failure) 11M->7M(15M) 0.221ms
[26.441s][info][gc] GC(9563) Pause Young (Allocation Failure) 12M->7M(15M) 0.167ms
[26.442s][info][gc] GC(9564) Pause Young (Allocation Failure) 11M->7M(15M) 0.169ms
[26.443s][info][gc] GC(9565) Pause Young (Allocation Failure) 11M->7M(15M) 0.162ms
[26.443s][info][gc] GC(9566) Pause Young (Allocation Failure) 11M->7M(15M) 0.182ms
[26.444s][info][gc] GC(9567) Pause Young (Allocation Failure) 12M->8M(15M) 0.201ms
[26.445s][info][gc] GC(9568) Pause Young (Allocation Failure) 12M->8M(15M) 0.185ms
[26.446s][info][gc] GC(9569) Pause Young (Allocation Failure) 12M->8M(15M) 0.176ms
[26.447s][info][gc] GC(9570) Pause Young (Allocation Failure) 12M->8M(15M) 0.169ms
[26.448s][info][gc] GC(9571) Pause Young (Allocation Failure) 12M->8M(15M) 0.145ms
[26.448s][info][gc] GC(9572) Pause Young (Allocation Failure) 12M->8M(15M) 0.184ms
[26.449s][info][gc] GC(9573) Pause Young (Allocation Failure) 12M->8M(15M) 0.174ms
[26.450s][info][gc] GC(9574) Pause Young (Allocation Failure) 12M->8M(15M) 0.167ms
[26.451s][info][gc] GC(9575) Pause Young (Allocation Failure) 12M->8M(15M) 0.197ms
[26.451s][info][gc] GC(9576) Pause Young (Allocation Failure) 12M->8M(15M) 0.180ms
[26.452s][info][gc] GC(9577) Pause Young (Allocation Failure) 12M->8M(15M) 0.177ms
[26.453s][info][gc] GC(9578) Pause Young (Allocation Failure) 12M->8M(15M) 0.163ms
[26.454s][info][gc] GC(9579) Pause Young (Allocation Failure) 12M->8M(15M) 0.207ms
[26.455s][info][gc] GC(9580) Pause Young (Allocation Failure) 13M->8M(15M) 0.167ms
[26.455s][info][gc] GC(9581) Pause Young (Allocation Failure) 12M->9M(15M) 0.197ms
[26.456s][info][gc] GC(9582) Pause Young (Allocation Failure) 13M->8M(15M) 0.171ms
[26.457s][info][gc] GC(9583) Pause Young (Allocation Failure) 13M->8M(15M) 0.163ms
[26.458s][info][gc] GC(9584) Pause Young (Allocation Failure) 12M->8M(15M) 0.178ms
[26.458s][info][gc] GC(9585) Pause Young (Allocation Failure) 13M->9M(15M) 0.219ms
[26.459s][info][gc] GC(9586) Pause Young (Allocation Failure) 13M->10M(15M) 0.170ms
[26.460s][info][gc] GC(9587) Pause Young (Allocation Failure) 14M->10M(15M) 0.200ms
[26.461s][info][gc] GC(9588) Pause Young (Allocation Failure) 14M->10M(15M) 0.165ms
[26.462s][info][gc] GC(9589) Pause Young (Allocation Failure) 14M->10M(15M) 0.177ms
[26.463s][info][gc] GC(9590) Pause Young (Allocation Failure) 14M->10M(15M) 0.164ms
[26.464s][info][gc] GC(9591) Pause Young (Allocation Failure) 14M->10M(15M) 0.193ms
[26.464s][info][gc] GC(9592) Pause Young (Allocation Failure) 14M->10M(15M) 0.170ms
[26.465s][info][gc] GC(9593) Pause Young (Allocation Failure) 14M->10M(15M) 0.178ms
[26.466s][info][gc] GC(9594) Pause Young (Allocation Failure) 14M->10M(15M) 0.179ms
[26.467s][info][gc] GC(9595) Pause Young (Allocation Failure) 14M->10M(15M) 0.206ms
[26.467s][info][gc] GC(9596) Pause Young (Allocation Failure) 15M->15M(15M) 0.025ms
[26.473s][info][gc] GC(9597) Pause Full (Allocation Failure) 15M->5M(15M) 5.617ms
[26.474s][info][gc] GC(9598) Pause Young (Allocation Failure) 9M->6M(15M) 0.194ms
[26.475s][info][gc] GC(9599) Pause Young (Allocation Failure) 10M->5M(15M) 0.175ms
[26.476s][info][gc] GC(9600) Pause Young (Allocation Failure) 10M->5M(15M) 0.166ms
[26.476s][info][gc] GC(9601) Pause Young (Allocation Failure) 10M->6M(15M) 0.189ms
[26.477s][info][gc] GC(9602) Pause Young (Allocation Failure) 10M->5M(15M) 0.172ms
[26.478s][info][gc] GC(9603) Pause Young (Allocation Failure) 10M->6M(15M) 0.206ms
[26.479s][info][gc] GC(9604) Pause Young (Allocation Failure) 10M->6M(15M) 0.196ms
[26.479s][info][gc] GC(9605) Pause Young (Allocation Failure) 10M->6M(15M) 0.189ms
[26.480s][info][gc] GC(9606) Pause Young (Allocation Failure) 11M->6M(15M) 0.183ms
[26.481s][info][gc] GC(9607) Pause Young (Allocation Failure) 11M->6M(15M) 0.182ms
[26.482s][info][gc] GC(9608) Pause Young (Allocation Failure) 11M->6M(15M) 0.173ms
[26.483s][info][gc] GC(9609) Pause Young (Allocation Failure) 11M->7M(15M) 0.195ms
[26.483s][info][gc] GC(9610) Pause Young (Allocation Failure) 11M->7M(15M) 0.190ms
[26.484s][info][gc] GC(9611) Pause Young (Allocation Failure) 11M->7M(15M) 0.221ms
[26.485s][info][gc] GC(9612) Pause Young (Allocation Failure) 12M->7M(15M) 0.182ms
[26.486s][info][gc] GC(9613) Pause Young (Allocation Failure) 12M->8M(15M) 0.219ms
[26.487s][info][gc] GC(9614) Pause Young (Allocation Failure) 12M->8M(15M) 0.172ms
[26.487s][info][gc] GC(9615) Pause Young (Allocation Failure) 12M->8M(15M) 0.190ms
[26.488s][info][gc] GC(9616) Pause Young (Allocation Failure) 12M->8M(15M) 0.215ms
[26.489s][info][gc] GC(9617) Pause Young (Allocation Failure) 13M->8M(15M) 0.171ms
[26.490s][info][gc] GC(9618) Pause Young (Allocation Failure) 12M->8M(15M) 0.178ms
[26.490s][info][gc] GC(9619) Pause Young (Allocation Failure) 13M->8M(15M) 0.176ms
[26.491s][info][gc] GC(9620) Pause Young (Allocation Failure) 12M->8M(15M) 0.170ms
[26.492s][info][gc] GC(9621) Pause Young (Allocation Failure) 12M->8M(15M) 0.175ms
[26.493s][info][gc] GC(9622) Pause Young (Allocation Failure) 12M->8M(15M) 0.170ms
[26.493s][info][gc] GC(9623) Pause Young (Allocation Failure) 12M->9M(15M) 0.187ms
[26.494s][info][gc] GC(9624) Pause Young (Allocation Failure) 13M->9M(15M) 0.167ms
[26.495s][info][gc] GC(9625) Pause Young (Allocation Failure) 13M->9M(15M) 0.197ms
[26.496s][info][gc] GC(9626) Pause Young (Allocation Failure) 13M->9M(15M) 0.179ms
[26.497s][info][gc] GC(9627) Pause Young (Allocation Failure) 13M->9M(15M) 0.169ms
[26.497s][info][gc] GC(9628) Pause Young (Allocation Failure) 13M->9M(15M) 0.166ms
[26.498s][info][gc] GC(9629) Pause Young (Allocation Failure) 13M->9M(15M) 0.176ms
[26.499s][info][gc] GC(9630) Pause Young (Allocation Failure) 13M->9M(15M) 0.182ms
[26.500s][info][gc] GC(9631) Pause Young (Allocation Failure) 13M->9M(15M) 0.179ms
[26.501s][info][gc] GC(9632) Pause Young (Allocation Failure) 13M->9M(15M) 0.179ms
[26.501s][info][gc] GC(9633) Pause Young (Allocation Failure) 13M->9M(15M) 0.197ms
[26.502s][info][gc] GC(9634) Pause Young (Allocation Failure) 13M->9M(15M) 0.222ms
[26.503s][info][gc] GC(9635) Pause Young (Allocation Failure) 14M->9M(15M) 0.210ms
[26.504s][info][gc] GC(9636) Pause Young (Allocation Failure) 14M->9M(15M) 0.172ms
[26.504s][info][gc] GC(9637) Pause Young (Allocation Failure) 13M->9M(15M) 0.181ms
[26.505s][info][gc] GC(9638) Pause Young (Allocation Failure) 14M->9M(15M) 0.182ms
[26.506s][info][gc] GC(9639) Pause Young (Allocation Failure) 14M->10M(15M) 0.190ms
[26.507s][info][gc] GC(9640) Pause Young (Allocation Failure) 14M->9M(15M) 0.170ms
[26.508s][info][gc] GC(9641) Pause Young (Allocation Failure) 14M->9M(15M) 0.177ms
[26.508s][info][gc] GC(9642) Pause Young (Allocation Failure) 14M->10M(15M) 0.190ms
[26.509s][info][gc] GC(9643) Pause Young (Allocation Failure) 14M->10M(15M) 0.180ms
[26.510s][info][gc] GC(9644) Pause Young (Allocation Failure) 14M->10M(15M) 0.177ms
[26.511s][info][gc] GC(9645) Pause Young (Allocation Failure) 14M->10M(15M) 0.201ms
[26.511s][info][gc] GC(9646) Pause Young (Allocation Failure) 14M->10M(15M) 0.181ms
[26.512s][info][gc] GC(9647) Pause Young (Allocation Failure) 14M->10M(15M) 0.195ms
[26.513s][info][gc] GC(9648) Pause Young (Allocation Failure) 14M->10M(15M) 0.186ms
[26.514s][info][gc] GC(9649) Pause Young (Allocation Failure) 14M->10M(15M) 0.173ms
[26.514s][info][gc] GC(9650) Pause Young (Allocation Failure) 15M->15M(15M) 0.025ms
[26.520s][info][gc] GC(9651) Pause Full (Allocation Failure) 15M->5M(15M) 5.719ms
[26.521s][info][gc] GC(9652) Pause Young (Allocation Failure) 9M->5M(15M) 0.184ms
[26.522s][info][gc] GC(9653) Pause Young (Allocation Failure) 10M->6M(15M) 0.206ms
[26.523s][info][gc] GC(9654) Pause Young (Allocation Failure) 10M->6M(15M) 0.193ms
[26.524s][info][gc] GC(9655) Pause Young (Allocation Failure) 10M->6M(15M) 0.199ms
[26.525s][info][gc] GC(9656) Pause Young (Allocation Failure) 11M->6M(15M) 0.175ms
[26.525s][info][gc] GC(9657) Pause Young (Allocation Failure) 10M->6M(15M) 0.167ms
[26.526s][info][gc] GC(9658) Pause Young (Allocation Failure) 10M->6M(15M) 0.177ms
[26.527s][info][gc] GC(9659) Pause Young (Allocation Failure) 11M->6M(15M) 0.176ms
[26.528s][info][gc] GC(9660) Pause Young (Allocation Failure) 10M->6M(15M) 0.186ms
[26.529s][info][gc] GC(9661) Pause Young (Allocation Failure) 11M->6M(15M) 0.183ms
[26.529s][info][gc] GC(9662) Pause Young (Allocation Failure) 11M->7M(15M) 0.207ms
[26.530s][info][gc] GC(9663) Pause Young (Allocation Failure) 11M->6M(15M) 0.175ms
[26.531s][info][gc] GC(9664) Pause Young (Allocation Failure) 11M->6M(15M) 0.175ms
[26.532s][info][gc] GC(9665) Pause Young (Allocation Failure) 11M->7M(15M) 0.201ms
[26.533s][info][gc] GC(9666) Pause Young (Allocation Failure) 11M->7M(15M) 0.188ms
[26.534s][info][gc] GC(9667) Pause Young (Allocation Failure) 11M->7M(15M) 0.192ms
[26.534s][info][gc] GC(9668) Pause Young (Allocation Failure) 11M->7M(15M) 0.170ms
[26.535s][info][gc] GC(9669) Pause Young (Allocation Failure) 11M->7M(15M) 0.169ms
[26.536s][info][gc] GC(9670) Pause Young (Allocation Failure) 12M->7M(15M) 0.182ms
[26.537s][info][gc] GC(9671) Pause Young (Allocation Failure) 11M->7M(15M) 0.186ms
[26.538s][info][gc] GC(9672) Pause Young (Allocation Failure) 12M->7M(15M) 0.166ms
[26.538s][info][gc] GC(9673) Pause Young (Allocation Failure) 11M->8M(15M) 0.207ms
[26.539s][info][gc] GC(9674) Pause Young (Allocation Failure) 12M->8M(15M) 0.206ms
[26.540s][info][gc] GC(9675) Pause Young (Allocation Failure) 12M->9M(15M) 0.238ms
[26.541s][info][gc] GC(9676) Pause Young (Allocation Failure) 13M->9M(15M) 0.179ms
[26.542s][info][gc] GC(9677) Pause Young (Allocation Failure) 13M->9M(15M) 0.185ms
[26.543s][info][gc] GC(9678) Pause Young (Allocation Failure) 13M->9M(15M) 0.207ms
[26.543s][info][gc] GC(9679) Pause Young (Allocation Failure) 13M->9M(15M) 0.177ms
[26.544s][info][gc] GC(9680) Pause Young (Allocation Failure) 13M->9M(15M) 0.171ms
[26.545s][info][gc] GC(9681) Pause Young (Allocation Failure) 13M->9M(15M) 0.190ms
[26.546s][info][gc] GC(9682) Pause Young (Allocation Failure) 13M->9M(15M) 0.180ms
[26.546s][info][gc] GC(9683) Pause Young (Allocation Failure) 13M->10M(15M) 0.210ms
[26.547s][info][gc] GC(9684) Pause Young (Allocation Failure) 14M->9M(15M) 0.181ms
[26.548s][info][gc] GC(9685) Pause Young (Allocation Failure) 14M->9M(15M) 0.179ms
[26.549s][info][gc] GC(9686) Pause Young (Allocation Failure) 14M->9M(15M) 0.176ms
[26.550s][info][gc] GC(9687) Pause Young (Allocation Failure) 14M->10M(15M) 0.196ms
[26.550s][info][gc] GC(9688) Pause Young (Allocation Failure) 14M->10M(15M) 0.204ms
[26.551s][info][gc] GC(9689) Pause Young (Allocation Failure) 14M->10M(15M) 0.174ms
[26.552s][info][gc] GC(9690) Pause Young (Allocation Failure) 14M->10M(15M) 0.173ms
[26.553s][info][gc] GC(9691) Pause Young (Allocation Failure) 14M->10M(15M) 0.190ms
[26.554s][info][gc] GC(9692) Pause Young (Allocation Failure) 14M->10M(15M) 0.192ms
[26.554s][info][gc] GC(9693) Pause Young (Allocation Failure) 15M->15M(15M) 0.025ms
[26.560s][info][gc] GC(9694) Pause Full (Allocation Failure) 15M->5M(15M) 5.477ms
[26.561s][info][gc] GC(9695) Pause Young (Allocation Failure) 9M->5M(15M) 0.198ms
[26.562s][info][gc] GC(9696) Pause Young (Allocation Failure) 9M->5M(15M) 0.189ms
[26.562s][info][gc] GC(9697) Pause Young (Allocation Failure) 9M->5M(15M) 0.202ms
[26.563s][info][gc] GC(9698) Pause Young (Allocation Failure) 10M->5M(15M) 0.183ms
[26.564s][info][gc] GC(9699) Pause Young (Allocation Failure) 10M->5M(15M) 0.158ms
[26.565s][info][gc] GC(9700) Pause Young (Allocation Failure) 10M->6M(15M) 0.194ms
[26.566s][info][gc] GC(9701) Pause Young (Allocation Failure) 10M->6M(15M) 0.198ms
[26.567s][info][gc] GC(9702) Pause Young (Allocation Failure) 10M->6M(15M) 0.184ms
[26.567s][info][gc] GC(9703) Pause Young (Allocation Failure) 10M->6M(15M) 0.182ms
[26.568s][info][gc] GC(9704) Pause Young (Allocation Failure) 10M->6M(15M) 0.204ms
[26.569s][info][gc] GC(9705) Pause Young (Allocation Failure) 10M->6M(15M) 0.193ms
[26.570s][info][gc] GC(9706) Pause Young (Allocation Failure) 11M->6M(15M) 0.173ms
[26.571s][info][gc] GC(9707) Pause Young (Allocation Failure) 10M->6M(15M) 0.178ms
[26.571s][info][gc] GC(9708) Pause Young (Allocation Failure) 10M->7M(15M) 0.221ms
[26.572s][info][gc] GC(9709) Pause Young (Allocation Failure) 11M->7M(15M) 0.207ms
[26.573s][info][gc] GC(9710) Pause Young (Allocation Failure) 12M->7M(15M) 0.187ms
[26.574s][info][gc] GC(9711) Pause Young (Allocation Failure) 12M->7M(15M) 0.193ms
[26.575s][info][gc] GC(9712) Pause Young (Allocation Failure) 12M->7M(15M) 0.169ms
[26.575s][info][gc] GC(9713) Pause Young (Allocation Failure) 11M->8M(15M) 0.163ms
[26.576s][info][gc] GC(9714) Pause Young (Allocation Failure) 12M->8M(15M) 0.187ms
[26.577s][info][gc] GC(9715) Pause Young (Allocation Failure) 12M->8M(15M) 0.182ms
[26.578s][info][gc] GC(9716) Pause Young (Allocation Failure) 12M->7M(15M) 0.176ms
[26.579s][info][gc] GC(9717) Pause Young (Allocation Failure) 12M->7M(15M) 0.170ms
[26.579s][info][gc] GC(9718) Pause Young (Allocation Failure) 12M->8M(15M) 0.181ms
[26.580s][info][gc] GC(9719) Pause Young (Allocation Failure) 12M->8M(15M) 0.223ms
[26.581s][info][gc] GC(9720) Pause Young (Allocation Failure) 12M->8M(15M) 0.191ms
[26.582s][info][gc] GC(9721) Pause Young (Allocation Failure) 13M->8M(15M) 0.173ms
[26.583s][info][gc] GC(9722) Pause Young (Allocation Failure) 12M->8M(15M) 0.175ms
[26.583s][info][gc] GC(9723) Pause Young (Allocation Failure) 12M->8M(15M) 0.169ms
[26.584s][info][gc] GC(9724) Pause Young (Allocation Failure) 12M->8M(15M) 0.186ms
[26.585s][info][gc] GC(9725) Pause Young (Allocation Failure) 13M->8M(15M) 0.190ms
[26.586s][info][gc] GC(9726) Pause Young (Allocation Failure) 12M->8M(15M) 0.186ms
[26.587s][info][gc] GC(9727) Pause Young (Allocation Failure) 13M->8M(15M) 0.168ms
[26.588s][info][gc] GC(9728) Pause Young (Allocation Failure) 12M->8M(15M) 0.171ms
[26.588s][info][gc] GC(9729) Pause Young (Allocation Failure) 12M->8M(15M) 0.192ms
[26.589s][info][gc] GC(9730) Pause Young (Allocation Failure) 13M->8M(15M) 0.171ms
[26.590s][info][gc] GC(9731) Pause Young (Allocation Failure) 12M->8M(15M) 0.168ms
[26.591s][info][gc] GC(9732) Pause Young (Allocation Failure) 12M->8M(15M) 0.173ms
[26.592s][info][gc] GC(9733) Pause Young (Allocation Failure) 13M->8M(15M) 0.162ms
[26.592s][info][gc] GC(9734) Pause Young (Allocation Failure) 12M->8M(15M) 0.167ms
[26.593s][info][gc] GC(9735) Pause Young (Allocation Failure) 12M->8M(15M) 0.175ms
[26.594s][info][gc] GC(9736) Pause Young (Allocation Failure) 12M->9M(15M) 0.211ms
[26.595s][info][gc] GC(9737) Pause Young (Allocation Failure) 13M->9M(15M) 0.196ms
[26.595s][info][gc] GC(9738) Pause Young (Allocation Failure) 13M->9M(15M) 0.194ms
[26.596s][info][gc] GC(9739) Pause Young (Allocation Failure) 14M->10M(15M) 0.202ms
[26.597s][info][gc] GC(9740) Pause Young (Allocation Failure) 14M->10M(15M) 0.192ms
[26.598s][info][gc] GC(9741) Pause Young (Allocation Failure) 14M->10M(15M) 0.180ms
[26.598s][info][gc] GC(9742) Pause Young (Allocation Failure) 14M->10M(15M) 0.192ms
[26.599s][info][gc] GC(9743) Pause Young (Allocation Failure) 14M->10M(15M) 0.217ms
[26.600s][info][gc] GC(9744) Pause Young (Allocation Failure) 15M->15M(15M) 0.039ms
[26.606s][info][gc] GC(9745) Pause Full (Allocation Failure) 15M->4M(15M) 5.697ms
[26.607s][info][gc] GC(9746) Pause Young (Allocation Failure) 9M->5M(15M) 0.173ms
[26.607s][info][gc] GC(9747) Pause Young (Allocation Failure) 9M->5M(15M) 0.196ms
[26.608s][info][gc] GC(9748) Pause Young (Allocation Failure) 9M->5M(15M) 0.181ms
[26.609s][info][gc] GC(9749) Pause Young (Allocation Failure) 9M->5M(15M) 0.188ms
[26.610s][info][gc] GC(9750) Pause Young (Allocation Failure) 9M->5M(15M) 0.168ms
[26.610s][info][gc] GC(9751) Pause Young (Allocation Failure) 9M->5M(15M) 0.127ms
[26.611s][info][gc] GC(9752) Pause Young (Allocation Failure) 9M->5M(15M) 0.173ms
[26.612s][info][gc] GC(9753) Pause Young (Allocation Failure) 9M->5M(15M) 0.169ms
[26.613s][info][gc] GC(9754) Pause Young (Allocation Failure) 9M->5M(15M) 0.161ms
[26.613s][info][gc] GC(9755) Pause Young (Allocation Failure) 9M->5M(15M) 0.202ms
[26.614s][info][gc] GC(9756) Pause Young (Allocation Failure) 10M->6M(15M) 0.221ms
[26.615s][info][gc] GC(9757) Pause Young (Allocation Failure) 10M->6M(15M) 0.199ms
[26.616s][info][gc] GC(9758) Pause Young (Allocation Failure) 10M->6M(15M) 0.178ms
[26.616s][info][gc] GC(9759) Pause Young (Allocation Failure) 10M->6M(15M) 0.206ms
[26.617s][info][gc] GC(9760) Pause Young (Allocation Failure) 11M->7M(15M) 0.211ms
[26.618s][info][gc] GC(9761) Pause Young (Allocation Failure) 11M->6M(15M) 0.167ms
[26.619s][info][gc] GC(9762) Pause Young (Allocation Failure) 11M->6M(15M) 0.180ms
[26.620s][info][gc] GC(9763) Pause Young (Allocation Failure) 11M->6M(15M) 0.173ms
[26.620s][info][gc] GC(9764) Pause Young (Allocation Failure) 11M->7M(15M) 0.156ms
[26.621s][info][gc] GC(9765) Pause Young (Allocation Failure) 11M->7M(15M) 0.187ms
[26.622s][info][gc] GC(9766) Pause Young (Allocation Failure) 11M->7M(15M) 0.183ms
[26.623s][info][gc] GC(9767) Pause Young (Allocation Failure) 11M->7M(15M) 0.153ms
[26.624s][info][gc] GC(9768) Pause Young (Allocation Failure) 11M->7M(15M) 0.143ms
[26.624s][info][gc] GC(9769) Pause Young (Allocation Failure) 11M->7M(15M) 0.177ms
[26.625s][info][gc] GC(9770) Pause Young (Allocation Failure) 11M->7M(15M) 0.165ms
[26.626s][info][gc] GC(9771) Pause Young (Allocation Failure) 11M->7M(15M) 0.182ms
[26.627s][info][gc] GC(9772) Pause Young (Allocation Failure) 11M->7M(15M) 0.199ms
[26.627s][info][gc] GC(9773) Pause Young (Allocation Failure) 12M->7M(15M) 0.173ms
[26.628s][info][gc] GC(9774) Pause Young (Allocation Failure) 11M->7M(15M) 0.172ms
[26.629s][info][gc] GC(9775) Pause Young (Allocation Failure) 11M->7M(15M) 0.162ms
[26.630s][info][gc] GC(9776) Pause Young (Allocation Failure) 11M->7M(15M) 0.175ms
[26.631s][info][gc] GC(9777) Pause Young (Allocation Failure) 11M->7M(15M) 0.176ms
[26.631s][info][gc] GC(9778) Pause Young (Allocation Failure) 11M->7M(15M) 0.171ms
[26.632s][info][gc] GC(9779) Pause Young (Allocation Failure) 11M->8M(15M) 0.200ms
[26.633s][info][gc] GC(9780) Pause Young (Allocation Failure) 12M->8M(15M) 0.212ms
[26.634s][info][gc] GC(9781) Pause Young (Allocation Failure) 12M->8M(15M) 0.172ms
[26.634s][info][gc] GC(9782) Pause Young (Allocation Failure) 12M->8M(15M) 0.184ms
[26.635s][info][gc] GC(9783) Pause Young (Allocation Failure) 12M->8M(15M) 0.174ms
[26.636s][info][gc] GC(9784) Pause Young (Allocation Failure) 12M->8M(15M) 0.174ms
[26.637s][info][gc] GC(9785) Pause Young (Allocation Failure) 12M->8M(15M) 0.183ms
[26.638s][info][gc] GC(9786) Pause Young (Allocation Failure) 12M->8M(15M) 0.178ms
[26.638s][info][gc] GC(9787) Pause Young (Allocation Failure) 12M->9M(15M) 0.220ms
[26.639s][info][gc] GC(9788) Pause Young (Allocation Failure) 13M->8M(15M) 0.179ms
[26.640s][info][gc] GC(9789) Pause Young (Allocation Failure) 13M->8M(15M) 0.170ms
[26.641s][info][gc] GC(9790) Pause Young (Allocation Failure) 13M->9M(15M) 0.156ms
[26.642s][info][gc] GC(9791) Pause Young (Allocation Failure) 13M->9M(15M) 0.192ms
[26.643s][info][gc] GC(9792) Pause Young (Allocation Failure) 13M->9M(15M) 0.165ms
[26.643s][info][gc] GC(9793) Pause Young (Allocation Failure) 13M->9M(15M) 0.174ms
[26.644s][info][gc] GC(9794) Pause Young (Allocation Failure) 13M->9M(15M) 0.161ms
[26.645s][info][gc] GC(9795) Pause Young (Allocation Failure) 13M->9M(15M) 0.196ms
[26.646s][info][gc] GC(9796) Pause Young (Allocation Failure) 13M->9M(15M) 0.202ms
[26.647s][info][gc] GC(9797) Pause Young (Allocation Failure) 14M->9M(15M) 0.193ms
[26.647s][info][gc] GC(9798) Pause Young (Allocation Failure) 14M->10M(15M) 0.193ms
[26.648s][info][gc] GC(9799) Pause Young (Allocation Failure) 14M->9M(15M) 0.178ms
[26.649s][info][gc] GC(9800) Pause Young (Allocation Failure) 14M->10M(15M) 0.219ms
[26.650s][info][gc] GC(9801) Pause Young (Allocation Failure) 14M->10M(15M) 0.193ms
[26.651s][info][gc] GC(9802) Pause Young (Allocation Failure) 14M->10M(15M) 0.182ms
[26.651s][info][gc] GC(9803) Pause Young (Allocation Failure) 15M->15M(15M) 0.025ms
[26.657s][info][gc] GC(9804) Pause Full (Allocation Failure) 15M->5M(15M) 5.771ms
[26.658s][info][gc] GC(9805) Pause Young (Allocation Failure) 9M->5M(15M) 0.186ms
[26.659s][info][gc] GC(9806) Pause Young (Allocation Failure) 10M->5M(15M) 0.164ms
[26.660s][info][gc] GC(9807) Pause Young (Allocation Failure) 9M->6M(15M) 0.190ms
[26.660s][info][gc] GC(9808) Pause Young (Allocation Failure) 10M->6M(15M) 0.186ms
[26.661s][info][gc] GC(9809) Pause Young (Allocation Failure) 10M->6M(15M) 0.178ms
[26.662s][info][gc] GC(9810) Pause Young (Allocation Failure) 10M->5M(15M) 0.170ms
[26.663s][info][gc] GC(9811) Pause Young (Allocation Failure) 10M->5M(15M) 0.177ms
[26.663s][info][gc] GC(9812) Pause Young (Allocation Failure) 10M->6M(15M) 0.182ms
[26.664s][info][gc] GC(9813) Pause Young (Allocation Failure) 10M->6M(15M) 0.184ms
[26.665s][info][gc] GC(9814) Pause Young (Allocation Failure) 10M->5M(15M) 0.177ms
[26.666s][info][gc] GC(9815) Pause Young (Allocation Failure) 10M->5M(15M) 0.161ms
[26.666s][info][gc] GC(9816) Pause Young (Allocation Failure) 10M->6M(15M) 0.208ms
[26.667s][info][gc] GC(9817) Pause Young (Allocation Failure) 10M->6M(15M) 0.185ms
[26.668s][info][gc] GC(9818) Pause Young (Allocation Failure) 10M->6M(15M) 0.189ms
[26.669s][info][gc] GC(9819) Pause Young (Allocation Failure) 11M->6M(15M) 0.178ms
[26.670s][info][gc] GC(9820) Pause Young (Allocation Failure) 10M->6M(15M) 0.160ms
[26.670s][info][gc] GC(9821) Pause Young (Allocation Failure) 10M->6M(15M) 0.142ms
[26.671s][info][gc] GC(9822) Pause Young (Allocation Failure) 11M->6M(15M) 0.173ms
[26.672s][info][gc] GC(9823) Pause Young (Allocation Failure) 10M->7M(15M) 0.204ms
[26.673s][info][gc] GC(9824) Pause Young (Allocation Failure) 11M->7M(15M) 0.186ms
[26.673s][info][gc] GC(9825) Pause Young (Allocation Failure) 11M->7M(15M) 0.182ms
[26.674s][info][gc] GC(9826) Pause Young (Allocation Failure) 11M->7M(15M) 0.175ms
[26.675s][info][gc] GC(9827) Pause Young (Allocation Failure) 11M->6M(15M) 0.165ms
[26.676s][info][gc] GC(9828) Pause Young (Allocation Failure) 11M->7M(15M) 0.193ms
[26.677s][info][gc] GC(9829) Pause Young (Allocation Failure) 11M->7M(15M) 0.167ms
[26.678s][info][gc] GC(9830) Pause Young (Allocation Failure) 11M->7M(15M) 0.180ms
[26.678s][info][gc] GC(9831) Pause Young (Allocation Failure) 11M->7M(15M) 0.203ms
[26.679s][info][gc] GC(9832) Pause Young (Allocation Failure) 11M->7M(15M) 0.165ms
[26.680s][info][gc] GC(9833) Pause Young (Allocation Failure) 11M->7M(15M) 0.164ms
[26.681s][info][gc] GC(9834) Pause Young (Allocation Failure) 11M->7M(15M) 0.169ms
[26.682s][info][gc] GC(9835) Pause Young (Allocation Failure) 11M->7M(15M) 0.171ms
[26.682s][info][gc] GC(9836) Pause Young (Allocation Failure) 11M->7M(15M) 0.169ms
[26.683s][info][gc] GC(9837) Pause Young (Allocation Failure) 11M->7M(15M) 0.195ms
[26.684s][info][gc] GC(9838) Pause Young (Allocation Failure) 12M->7M(15M) 0.191ms
[26.685s][info][gc] GC(9839) Pause Young (Allocation Failure) 12M->7M(15M) 0.182ms
[26.686s][info][gc] GC(9840) Pause Young (Allocation Failure) 12M->7M(15M) 0.182ms
[26.687s][info][gc] GC(9841) Pause Young (Allocation Failure) 12M->7M(15M) 0.163ms
[26.687s][info][gc] GC(9842) Pause Young (Allocation Failure) 11M->8M(15M) 0.195ms
[26.688s][info][gc] GC(9843) Pause Young (Allocation Failure) 12M->8M(15M) 0.182ms
[26.689s][info][gc] GC(9844) Pause Young (Allocation Failure) 12M->7M(15M) 0.170ms
[26.690s][info][gc] GC(9845) Pause Young (Allocation Failure) 12M->7M(15M) 0.176ms
[26.691s][info][gc] GC(9846) Pause Young (Allocation Failure) 12M->8M(15M) 0.200ms
[26.691s][info][gc] GC(9847) Pause Young (Allocation Failure) 12M->8M(15M) 0.188ms
[26.692s][info][gc] GC(9848) Pause Young (Allocation Failure) 12M->8M(15M) 0.166ms
[26.693s][info][gc] GC(9849) Pause Young (Allocation Failure) 12M->8M(15M) 0.185ms
[26.694s][info][gc] GC(9850) Pause Young (Allocation Failure) 12M->8M(15M) 0.174ms
[26.695s][info][gc] GC(9851) Pause Young (Allocation Failure) 12M->8M(15M) 0.202ms
[26.695s][info][gc] GC(9852) Pause Young (Allocation Failure) 13M->9M(15M) 0.211ms
[26.696s][info][gc] GC(9853) Pause Young (Allocation Failure) 13M->8M(15M) 0.167ms
[26.697s][info][gc] GC(9854) Pause Young (Allocation Failure) 13M->8M(15M) 0.166ms
[26.698s][info][gc] GC(9855) Pause Young (Allocation Failure) 13M->9M(15M) 0.191ms
[26.698s][info][gc] GC(9856) Pause Young (Allocation Failure) 13M->9M(15M) 0.209ms
[26.699s][info][gc] GC(9857) Pause Young (Allocation Failure) 14M->10M(15M) 0.181ms
[26.700s][info][gc] GC(9858) Pause Young (Allocation Failure) 14M->10M(15M) 0.185ms
[26.701s][info][gc] GC(9859) Pause Young (Allocation Failure) 14M->10M(15M) 0.196ms
[26.702s][info][gc] GC(9860) Pause Young (Allocation Failure) 14M->10M(15M) 0.171ms
[26.702s][info][gc] GC(9861) Pause Young (Allocation Failure) 14M->10M(15M) 0.196ms
[26.703s][info][gc] GC(9862) Pause Young (Allocation Failure) 14M->10M(15M) 0.172ms
[26.704s][info][gc] GC(9863) Pause Young (Allocation Failure) 14M->10M(15M) 0.178ms
[26.705s][info][gc] GC(9864) Pause Young (Allocation Failure) 14M->10M(15M) 0.197ms
[26.705s][info][gc] GC(9865) Pause Young (Allocation Failure) 14M->10M(15M) 0.198ms
[26.706s][info][gc] GC(9866) Pause Young (Allocation Failure) 15M->15M(15M) 0.025ms
[26.712s][info][gc] GC(9867) Pause Full (Allocation Failure) 15M->5M(15M) 5.822ms
[26.713s][info][gc] GC(9868) Pause Young (Allocation Failure) 9M->5M(15M) 0.182ms
[26.714s][info][gc] GC(9869) Pause Young (Allocation Failure) 10M->5M(15M) 0.179ms
[26.714s][info][gc] GC(9870) Pause Young (Allocation Failure) 10M->5M(15M) 0.174ms
[26.715s][info][gc] GC(9871) Pause Young (Allocation Failure) 10M->5M(15M) 0.166ms
[26.716s][info][gc] GC(9872) Pause Young (Allocation Failure) 10M->5M(15M) 0.163ms
[26.717s][info][gc] GC(9873) Pause Young (Allocation Failure) 10M->6M(15M) 0.195ms
[26.718s][info][gc] GC(9874) Pause Young (Allocation Failure) 10M->5M(15M) 0.174ms
[26.719s][info][gc] GC(9875) Pause Young (Allocation Failure) 10M->5M(15M) 0.165ms
[26.719s][info][gc] GC(9876) Pause Young (Allocation Failure) 10M->6M(15M) 0.202ms
[26.720s][info][gc] GC(9877) Pause Young (Allocation Failure) 10M->6M(15M) 0.182ms
[26.721s][info][gc] GC(9878) Pause Young (Allocation Failure) 10M->6M(15M) 0.188ms
[26.722s][info][gc] GC(9879) Pause Young (Allocation Failure) 11M->6M(15M) 0.168ms
[26.722s][info][gc] GC(9880) Pause Young (Allocation Failure) 10M->6M(15M) 0.183ms
[26.723s][info][gc] GC(9881) Pause Young (Allocation Failure) 11M->6M(15M) 0.166ms
[26.724s][info][gc] GC(9882) Pause Young (Allocation Failure) 10M->6M(15M) 0.186ms
[26.725s][info][gc] GC(9883) Pause Young (Allocation Failure) 11M->6M(15M) 0.177ms
[26.726s][info][gc] GC(9884) Pause Young (Allocation Failure) 11M->7M(15M) 0.193ms
[26.726s][info][gc] GC(9885) Pause Young (Allocation Failure) 11M->6M(15M) 0.162ms
[26.727s][info][gc] GC(9886) Pause Young (Allocation Failure) 11M->6M(15M) 0.165ms
[26.728s][info][gc] GC(9887) Pause Young (Allocation Failure) 11M->6M(15M) 0.175ms
[26.729s][info][gc] GC(9888) Pause Young (Allocation Failure) 11M->6M(15M) 0.169ms
[26.729s][info][gc] GC(9889) Pause Young (Allocation Failure) 11M->7M(15M) 0.164ms
[26.730s][info][gc] GC(9890) Pause Young (Allocation Failure) 11M->6M(15M) 0.147ms
[26.731s][info][gc] GC(9891) Pause Young (Allocation Failure) 11M->6M(15M) 0.148ms
[26.732s][info][gc] GC(9892) Pause Young (Allocation Failure) 11M->7M(15M) 0.158ms
[26.733s][info][gc] GC(9893) Pause Young (Allocation Failure) 11M->7M(15M) 0.174ms
[26.733s][info][gc] GC(9894) Pause Young (Allocation Failure) 11M->6M(15M) 0.141ms
[26.734s][info][gc] GC(9895) Pause Young (Allocation Failure) 11M->7M(15M) 0.148ms
[26.735s][info][gc] GC(9896) Pause Young (Allocation Failure) 11M->7M(15M) 0.133ms
[26.736s][info][gc] GC(9897) Pause Young (Allocation Failure) 11M->7M(15M) 0.147ms
[26.736s][info][gc] GC(9898) Pause Young (Allocation Failure) 11M->7M(15M) 0.179ms
[26.737s][info][gc] GC(9899) Pause Young (Allocation Failure) 12M->7M(15M) 0.155ms
[26.738s][info][gc] GC(9900) Pause Young (Allocation Failure) 12M->8M(15M) 0.169ms
[26.739s][info][gc] GC(9901) Pause Young (Allocation Failure) 12M->7M(15M) 0.149ms
[26.740s][info][gc] GC(9902) Pause Young (Allocation Failure) 12M->7M(15M) 0.147ms
[26.740s][info][gc] GC(9903) Pause Young (Allocation Failure) 12M->7M(15M) 0.179ms
[26.741s][info][gc] GC(9904) Pause Young (Allocation Failure) 12M->8M(15M) 0.197ms
[26.742s][info][gc] GC(9905) Pause Young (Allocation Failure) 12M->8M(15M) 0.176ms
[26.743s][info][gc] GC(9906) Pause Young (Allocation Failure) 12M->8M(15M) 0.124ms
[26.744s][info][gc] GC(9907) Pause Young (Allocation Failure) 12M->8M(15M) 0.185ms
[26.744s][info][gc] GC(9908) Pause Young (Allocation Failure) 12M->7M(15M) 0.161ms
[26.745s][info][gc] GC(9909) Pause Young (Allocation Failure) 12M->8M(15M) 0.151ms
[26.746s][info][gc] GC(9910) Pause Young (Allocation Failure) 12M->8M(15M) 0.164ms
[26.747s][info][gc] GC(9911) Pause Young (Allocation Failure) 12M->8M(15M) 0.202ms
[26.747s][info][gc] GC(9912) Pause Young (Allocation Failure) 13M->8M(15M) 0.164ms
[26.748s][info][gc] GC(9913) Pause Young (Allocation Failure) 12M->8M(15M) 0.168ms
[26.749s][info][gc] GC(9914) Pause Young (Allocation Failure) 12M->8M(15M) 0.185ms
[26.750s][info][gc] GC(9915) Pause Young (Allocation Failure) 13M->8M(15M) 0.205ms
[26.750s][info][gc] GC(9916) Pause Young (Allocation Failure) 13M->8M(15M) 0.180ms
[26.751s][info][gc] GC(9917) Pause Young (Allocation Failure) 13M->8M(15M) 0.188ms
[26.752s][info][gc] GC(9918) Pause Young (Allocation Failure) 13M->9M(15M) 0.179ms
[26.753s][info][gc] GC(9919) Pause Young (Allocation Failure) 13M->9M(15M) 0.195ms
[26.754s][info][gc] GC(9920) Pause Young (Allocation Failure) 13M->9M(15M) 0.177ms
[26.754s][info][gc] GC(9921) Pause Young (Allocation Failure) 13M->9M(15M) 0.163ms
[26.755s][info][gc] GC(9922) Pause Young (Allocation Failure) 13M->9M(15M) 0.192ms
[26.756s][info][gc] GC(9923) Pause Young (Allocation Failure) 14M->9M(15M) 0.171ms
[26.757s][info][gc] GC(9924) Pause Young (Allocation Failure) 13M->9M(15M) 0.174ms
[26.758s][info][gc] GC(9925) Pause Young (Allocation Failure) 13M->9M(15M) 0.201ms
[26.758s][info][gc] GC(9926) Pause Young (Allocation Failure) 14M->10M(15M) 0.159ms
[26.759s][info][gc] GC(9927) Pause Young (Allocation Failure) 14M->10M(15M) 0.192ms
[26.760s][info][gc] GC(9928) Pause Young (Allocation Failure) 14M->9M(15M) 0.168ms
[26.761s][info][gc] GC(9929) Pause Young (Allocation Failure) 14M->10M(15M) 0.189ms
[26.762s][info][gc] GC(9930) Pause Young (Allocation Failure) 14M->10M(15M) 0.175ms
[26.762s][info][gc] GC(9931) Pause Young (Allocation Failure) 14M->10M(15M) 0.167ms
[26.763s][info][gc] GC(9932) Pause Young (Allocation Failure) 15M->10M(15M) 0.166ms
[26.764s][info][gc] GC(9933) Pause Young (Allocation Failure) 14M->10M(15M) 0.170ms
[26.765s][info][gc] GC(9934) Pause Young (Allocation Failure) 14M->15M(15M) 0.365ms
[26.771s][info][gc] GC(9935) Pause Full (Allocation Failure) 15M->6M(15M) 5.802ms
[26.772s][info][gc] GC(9936) Pause Young (Allocation Failure) 10M->6M(15M) 0.180ms
[26.773s][info][gc] GC(9937) Pause Young (Allocation Failure) 10M->6M(15M) 0.190ms
[26.773s][info][gc] GC(9938) Pause Young (Allocation Failure) 10M->6M(15M) 0.185ms
[26.774s][info][gc] GC(9939) Pause Young (Allocation Failure) 10M->6M(15M) 0.163ms
[26.775s][info][gc] GC(9940) Pause Young (Allocation Failure) 10M->6M(15M) 0.164ms
[26.776s][info][gc] GC(9941) Pause Young (Allocation Failure) 10M->6M(15M) 0.170ms
[26.777s][info][gc] GC(9942) Pause Young (Allocation Failure) 10M->6M(15M) 0.164ms
[26.777s][info][gc] GC(9943) Pause Young (Allocation Failure) 10M->6M(15M) 0.161ms
[26.778s][info][gc] GC(9944) Pause Young (Allocation Failure) 10M->6M(15M) 0.168ms
[26.779s][info][gc] GC(9945) Pause Young (Allocation Failure) 10M->6M(15M) 0.192ms
[26.780s][info][gc] GC(9946) Pause Young (Allocation Failure) 11M->6M(15M) 0.157ms
[26.781s][info][gc] GC(9947) Pause Young (Allocation Failure) 11M->6M(15M) 0.175ms
[26.782s][info][gc] GC(9948) Pause Young (Allocation Failure) 10M->6M(15M) 0.164ms
[26.782s][info][gc] GC(9949) Pause Young (Allocation Failure) 10M->7M(15M) 0.192ms
[26.783s][info][gc] GC(9950) Pause Young (Allocation Failure) 11M->6M(15M) 0.180ms
[26.784s][info][gc] GC(9951) Pause Young (Allocation Failure) 11M->6M(15M) 0.181ms
[26.785s][info][gc] GC(9952) Pause Young (Allocation Failure) 11M->6M(15M) 0.177ms
[26.785s][info][gc] GC(9953) Pause Young (Allocation Failure) 11M->7M(15M) 0.183ms
[26.786s][info][gc] GC(9954) Pause Young (Allocation Failure) 11M->6M(15M) 0.179ms
[26.787s][info][gc] GC(9955) Pause Young (Allocation Failure) 11M->6M(15M) 0.163ms
[26.788s][info][gc] GC(9956) Pause Young (Allocation Failure) 10M->6M(15M) 0.161ms
[26.789s][info][gc] GC(9957) Pause Young (Allocation Failure) 10M->6M(15M) 0.164ms
[26.789s][info][gc] GC(9958) Pause Young (Allocation Failure) 10M->7M(15M) 0.175ms
[26.790s][info][gc] GC(9959) Pause Young (Allocation Failure) 11M->7M(15M) 0.200ms
[26.791s][info][gc] GC(9960) Pause Young (Allocation Failure) 11M->7M(15M) 0.171ms
[26.792s][info][gc] GC(9961) Pause Young (Allocation Failure) 11M->7M(15M) 0.162ms
[26.793s][info][gc] GC(9962) Pause Young (Allocation Failure) 11M->7M(15M) 0.173ms
[26.793s][info][gc] GC(9963) Pause Young (Allocation Failure) 11M->7M(15M) 0.178ms
[26.794s][info][gc] GC(9964) Pause Young (Allocation Failure) 11M->7M(15M) 0.170ms
[26.795s][info][gc] GC(9965) Pause Young (Allocation Failure) 11M->7M(15M) 0.193ms
[26.796s][info][gc] GC(9966) Pause Young (Allocation Failure) 12M->7M(15M) 0.173ms
[26.797s][info][gc] GC(9967) Pause Young (Allocation Failure) 11M->7M(15M) 0.179ms
[26.797s][info][gc] GC(9968) Pause Young (Allocation Failure) 11M->7M(15M) 0.174ms
[26.798s][info][gc] GC(9969) Pause Young (Allocation Failure) 11M->7M(15M) 0.164ms
[26.799s][info][gc] GC(9970) Pause Young (Allocation Failure) 11M->7M(15M) 0.173ms
[26.800s][info][gc] GC(9971) Pause Young (Allocation Failure) 11M->7M(15M) 0.189ms
[26.801s][info][gc] GC(9972) Pause Young (Allocation Failure) 12M->8M(15M) 0.197ms
[26.801s][info][gc] GC(9973) Pause Young (Allocation Failure) 12M->7M(15M) 0.178ms
[26.802s][info][gc] GC(9974) Pause Young (Allocation Failure) 12M->8M(15M) 0.201ms
[26.803s][info][gc] GC(9975) Pause Young (Allocation Failure) 12M->8M(15M) 0.197ms
[26.804s][info][gc] GC(9976) Pause Young (Allocation Failure) 12M->8M(15M) 0.184ms
[26.805s][info][gc] GC(9977) Pause Young (Allocation Failure) 12M->8M(15M) 0.191ms
[26.805s][info][gc] GC(9978) Pause Young (Allocation Failure) 12M->8M(15M) 0.168ms
[26.806s][info][gc] GC(9979) Pause Young (Allocation Failure) 12M->8M(15M) 0.143ms
[26.807s][info][gc] GC(9980) Pause Young (Allocation Failure) 13M->8M(15M) 0.172ms
[26.808s][info][gc] GC(9981) Pause Young (Allocation Failure) 12M->8M(15M) 0.184ms
[26.808s][info][gc] GC(9982) Pause Young (Allocation Failure) 13M->8M(15M) 0.181ms
[26.809s][info][gc] GC(9983) Pause Young (Allocation Failure) 12M->9M(15M) 0.203ms
[26.810s][info][gc] GC(9984) Pause Young (Allocation Failure) 13M->9M(15M) 0.197ms
[26.811s][info][gc] GC(9985) Pause Young (Allocation Failure) 13M->9M(15M) 0.188ms
[26.812s][info][gc] GC(9986) Pause Young (Allocation Failure) 13M->9M(15M) 0.175ms
[26.813s][info][gc] GC(9987) Pause Young (Allocation Failure) 13M->9M(15M) 0.192ms
[26.813s][info][gc] GC(9988) Pause Young (Allocation Failure) 14M->9M(15M) 0.183ms
[26.814s][info][gc] GC(9989) Pause Young (Allocation Failure) 14M->9M(15M) 0.166ms
[26.815s][info][gc] GC(9990) Pause Young (Allocation Failure) 13M->9M(15M) 0.183ms
[26.816s][info][gc] GC(9991) Pause Young (Allocation Failure) 14M->9M(15M) 0.163ms
[26.816s][info][gc] GC(9992) Pause Young (Allocation Failure) 13M->9M(15M) 0.168ms
[26.817s][info][gc] GC(9993) Pause Young (Allocation Failure) 13M->9M(15M) 0.178ms
[26.818s][info][gc] GC(9994) Pause Young (Allocation Failure) 13M->9M(15M) 0.182ms
[26.819s][info][gc] GC(9995) Pause Young (Allocation Failure) 14M->9M(15M) 0.164ms
[26.819s][info][gc] GC(9996) Pause Young (Allocation Failure) 13M->9M(15M) 0.229ms
[26.820s][info][gc] GC(9997) Pause Young (Allocation Failure) 14M->9M(15M) 0.179ms
[26.821s][info][gc] GC(9998) Pause Young (Allocation Failure) 14M->10M(15M) 0.185ms
[26.822s][info][gc] GC(9999) Pause Young (Allocation Failure) 14M->10M(15M) 0.255ms
[26.823s][info][gc] GC(10000) Pause Young (Allocation Failure) 14M->9M(15M) 0.171ms
[26.823s][info][gc] GC(10001) Pause Young (Allocation Failure) 14M->10M(15M) 0.189ms
[26.824s][info][gc] GC(10002) Pause Young (Allocation Failure) 14M->10M(15M) 0.150ms
[26.825s][info][gc] GC(10003) Pause Young (Allocation Failure) 14M->10M(15M) 0.167ms
[26.826s][info][gc] GC(10004) Pause Young (Allocation Failure) 14M->10M(15M) 0.163ms
[26.826s][info][gc] GC(10005) Pause Young (Allocation Failure) 14M->10M(15M) 0.198ms
[26.827s][info][gc] GC(10006) Pause Young (Allocation Failure) 15M->10M(15M) 0.170ms
[26.828s][info][gc] GC(10007) Pause Young (Allocation Failure) 15M->15M(15M) 0.025ms
[26.833s][info][gc] GC(10008) Pause Full (Allocation Failure) 15M->4M(15M) 5.580ms
[26.834s][info][gc] GC(10009) Pause Young (Allocation Failure) 9M->5M(15M) 0.193ms
[26.835s][info][gc] GC(10010) Pause Young (Allocation Failure) 9M->5M(15M) 0.176ms
[26.836s][info][gc] GC(10011) Pause Young (Allocation Failure) 9M->5M(15M) 0.171ms
[26.837s][info][gc] GC(10012) Pause Young (Allocation Failure) 9M->5M(15M) 0.172ms
[26.838s][info][gc] GC(10013) Pause Young (Allocation Failure) 9M->5M(15M) 0.180ms
[26.838s][info][gc] GC(10014) Pause Young (Allocation Failure) 9M->5M(15M) 0.198ms
[26.839s][info][gc] GC(10015) Pause Young (Allocation Failure) 9M->5M(15M) 0.165ms
[26.840s][info][gc] GC(10016) Pause Young (Allocation Failure) 9M->5M(15M) 0.168ms
[26.841s][info][gc] GC(10017) Pause Young (Allocation Failure) 9M->5M(15M) 0.166ms
[26.841s][info][gc] GC(10018) Pause Young (Allocation Failure) 9M->5M(15M) 0.168ms
[26.842s][info][gc] GC(10019) Pause Young (Allocation Failure) 9M->6M(15M) 0.204ms
[26.843s][info][gc] GC(10020) Pause Young (Allocation Failure) 10M->5M(15M) 0.174ms
[26.844s][info][gc] GC(10021) Pause Young (Allocation Failure) 10M->6M(15M) 0.206ms
[26.845s][info][gc] GC(10022) Pause Young (Allocation Failure) 10M->6M(15M) 0.192ms
[26.845s][info][gc] GC(10023) Pause Young (Allocation Failure) 10M->6M(15M) 0.135ms
[26.846s][info][gc] GC(10024) Pause Young (Allocation Failure) 10M->6M(15M) 0.185ms
[26.847s][info][gc] GC(10025) Pause Young (Allocation Failure) 11M->6M(15M) 0.177ms
[26.848s][info][gc] GC(10026) Pause Young (Allocation Failure) 10M->6M(15M) 0.169ms
[26.849s][info][gc] GC(10027) Pause Young (Allocation Failure) 10M->6M(15M) 0.254ms
[26.850s][info][gc] GC(10028) Pause Young (Allocation Failure) 10M->6M(15M) 0.170ms
[26.850s][info][gc] GC(10029) Pause Young (Allocation Failure) 10M->6M(15M) 0.204ms
[26.851s][info][gc] GC(10030) Pause Young (Allocation Failure) 10M->6M(15M) 0.136ms
[26.852s][info][gc] GC(10031) Pause Young (Allocation Failure) 11M->6M(15M) 0.173ms
[26.853s][info][gc] GC(10032) Pause Young (Allocation Failure) 10M->6M(15M) 0.185ms
[26.854s][info][gc] GC(10033) Pause Young (Allocation Failure) 11M->6M(15M) 0.176ms
[26.854s][info][gc] GC(10034) Pause Young (Allocation Failure) 11M->6M(15M) 0.184ms
[26.855s][info][gc] GC(10035) Pause Young (Allocation Failure) 11M->7M(15M) 0.192ms
[26.856s][info][gc] GC(10036) Pause Young (Allocation Failure) 11M->7M(15M) 0.191ms
[26.857s][info][gc] GC(10037) Pause Young (Allocation Failure) 11M->7M(15M) 0.192ms
[26.857s][info][gc] GC(10038) Pause Young (Allocation Failure) 11M->7M(15M) 0.205ms
[26.858s][info][gc] GC(10039) Pause Young (Allocation Failure) 12M->8M(15M) 0.195ms
[26.859s][info][gc] GC(10040) Pause Young (Allocation Failure) 12M->7M(15M) 0.167ms
[26.860s][info][gc] GC(10041) Pause Young (Allocation Failure) 12M->7M(15M) 0.162ms
[26.861s][info][gc] GC(10042) Pause Young (Allocation Failure) 12M->7M(15M) 0.164ms
[26.861s][info][gc] GC(10043) Pause Young (Allocation Failure) 12M->8M(15M) 0.184ms
[26.862s][info][gc] GC(10044) Pause Young (Allocation Failure) 12M->8M(15M) 0.265ms
[26.863s][info][gc] GC(10045) Pause Young (Allocation Failure) 12M->8M(15M) 0.211ms
[26.864s][info][gc] GC(10046) Pause Young (Allocation Failure) 12M->8M(15M) 0.172ms
[26.865s][info][gc] GC(10047) Pause Young (Allocation Failure) 12M->8M(15M) 0.180ms
[26.865s][info][gc] GC(10048) Pause Young (Allocation Failure) 12M->8M(15M) 0.159ms
[26.866s][info][gc] GC(10049) Pause Young (Allocation Failure) 12M->8M(15M) 0.142ms
[26.867s][info][gc] GC(10050) Pause Young (Allocation Failure) 12M->8M(15M) 0.163ms
[26.868s][info][gc] GC(10051) Pause Young (Allocation Failure) 12M->9M(15M) 0.144ms
[26.868s][info][gc] GC(10052) Pause Young (Allocation Failure) 13M->8M(15M) 0.157ms
[26.869s][info][gc] GC(10053) Pause Young (Allocation Failure) 13M->9M(15M) 0.165ms
[26.870s][info][gc] GC(10054) Pause Young (Allocation Failure) 13M->9M(15M) 0.182ms
[26.871s][info][gc] GC(10055) Pause Young (Allocation Failure) 13M->9M(15M) 0.183ms
[26.872s][info][gc] GC(10056) Pause Young (Allocation Failure) 13M->9M(15M) 0.169ms
[26.872s][info][gc] GC(10057) Pause Young (Allocation Failure) 13M->9M(15M) 0.178ms
[26.873s][info][gc] GC(10058) Pause Young (Allocation Failure) 13M->9M(15M) 0.193ms
[26.874s][info][gc] GC(10059) Pause Young (Allocation Failure) 14M->9M(15M) 0.173ms
[26.875s][info][gc] GC(10060) Pause Young (Allocation Failure) 13M->9M(15M) 0.171ms
[26.875s][info][gc] GC(10061) Pause Young (Allocation Failure) 13M->9M(15M) 0.228ms
[26.876s][info][gc] GC(10062) Pause Young (Allocation Failure) 14M->9M(15M) 0.185ms
[26.877s][info][gc] GC(10063) Pause Young (Allocation Failure) 14M->9M(15M) 0.188ms
[26.878s][info][gc] GC(10064) Pause Young (Allocation Failure) 14M->9M(15M) 0.166ms
[26.879s][info][gc] GC(10065) Pause Young (Allocation Failure) 13M->9M(15M) 0.172ms
[26.879s][info][gc] GC(10066) Pause Young (Allocation Failure) 14M->10M(15M) 0.218ms
[26.880s][info][gc] GC(10067) Pause Young (Allocation Failure) 14M->10M(15M) 0.195ms
[26.881s][info][gc] GC(10068) Pause Young (Allocation Failure) 14M->10M(15M) 0.177ms
[26.882s][info][gc] GC(10069) Pause Young (Allocation Failure) 14M->10M(15M) 0.194ms
[26.882s][info][gc] GC(10070) Pause Young (Allocation Failure) 15M->15M(15M) 0.024ms
[26.888s][info][gc] GC(10071) Pause Full (Allocation Failure) 15M->5M(15M) 5.627ms
[26.889s][info][gc] GC(10072) Pause Young (Allocation Failure) 9M->6M(15M) 0.306ms
[26.890s][info][gc] GC(10073) Pause Young (Allocation Failure) 10M->6M(15M) 0.166ms
[26.891s][info][gc] GC(10074) Pause Young (Allocation Failure) 10M->6M(15M) 0.168ms
[26.891s][info][gc] GC(10075) Pause Young (Allocation Failure) 10M->6M(15M) 0.170ms
[26.892s][info][gc] GC(10076) Pause Young (Allocation Failure) 10M->6M(15M) 0.199ms
[26.893s][info][gc] GC(10077) Pause Young (Allocation Failure) 10M->6M(15M) 0.177ms
[26.894s][info][gc] GC(10078) Pause Young (Allocation Failure) 10M->6M(15M) 0.173ms
[26.894s][info][gc] GC(10079) Pause Young (Allocation Failure) 10M->7M(15M) 0.176ms
[26.895s][info][gc] GC(10080) Pause Young (Allocation Failure) 11M->7M(15M) 0.192ms
[26.896s][info][gc] GC(10081) Pause Young (Allocation Failure) 11M->7M(15M) 0.186ms
[26.897s][info][gc] GC(10082) Pause Young (Allocation Failure) 11M->7M(15M) 0.172ms
[26.898s][info][gc] GC(10083) Pause Young (Allocation Failure) 11M->7M(15M) 0.171ms
[26.898s][info][gc] GC(10084) Pause Young (Allocation Failure) 12M->8M(15M) 0.292ms
[26.899s][info][gc] GC(10085) Pause Young (Allocation Failure) 12M->7M(15M) 0.164ms
[26.900s][info][gc] GC(10086) Pause Young (Allocation Failure) 12M->8M(15M) 0.197ms
[26.901s][info][gc] GC(10087) Pause Young (Allocation Failure) 12M->8M(15M) 0.172ms
[26.902s][info][gc] GC(10088) Pause Young (Allocation Failure) 12M->8M(15M) 0.172ms
[26.903s][info][gc] GC(10089) Pause Young (Allocation Failure) 13M->9M(15M) 0.225ms
[26.903s][info][gc] GC(10090) Pause Young (Allocation Failure) 13M->8M(15M) 0.162ms
[26.904s][info][gc] GC(10091) Pause Young (Allocation Failure) 13M->9M(15M) 0.206ms
[26.905s][info][gc] GC(10092) Pause Young (Allocation Failure) 14M->9M(15M) 0.126ms
[26.906s][info][gc] GC(10093) Pause Young (Allocation Failure) 13M->9M(15M) 0.172ms
[26.906s][info][gc] GC(10094) Pause Young (Allocation Failure) 13M->9M(15M) 0.176ms
[26.907s][info][gc] GC(10095) Pause Young (Allocation Failure) 13M->9M(15M) 0.173ms
[26.908s][info][gc] GC(10096) Pause Young (Allocation Failure) 13M->9M(15M) 0.170ms
[26.909s][info][gc] GC(10097) Pause Young (Allocation Failure) 13M->9M(15M) 0.184ms
[26.910s][info][gc] GC(10098) Pause Young (Allocation Failure) 14M->9M(15M) 0.164ms
[26.911s][info][gc] GC(10099) Pause Young (Allocation Failure) 13M->9M(15M) 0.171ms
[26.912s][info][gc] GC(10100) Pause Young (Allocation Failure) 13M->9M(15M) 0.176ms
[26.912s][info][gc] GC(10101) Pause Young (Allocation Failure) 14M->9M(15M) 0.170ms
[26.913s][info][gc] GC(10102) Pause Young (Allocation Failure) 13M->9M(15M) 0.162ms
[26.914s][info][gc] GC(10103) Pause Young (Allocation Failure) 13M->9M(15M) 0.165ms
[26.915s][info][gc] GC(10104) Pause Young (Allocation Failure) 13M->10M(15M) 0.195ms
[26.916s][info][gc] GC(10105) Pause Young (Allocation Failure) 14M->9M(15M) 0.200ms
[26.916s][info][gc] GC(10106) Pause Young (Allocation Failure) 14M->10M(15M) 0.180ms
[26.917s][info][gc] GC(10107) Pause Young (Allocation Failure) 14M->9M(15M) 0.159ms
[26.918s][info][gc] GC(10108) Pause Young (Allocation Failure) 14M->10M(15M) 0.208ms
[26.918s][info][gc] GC(10109) Pause Young (Allocation Failure) 14M->10M(15M) 0.158ms
[26.919s][info][gc] GC(10110) Pause Young (Allocation Failure) 14M->10M(15M) 0.204ms
[26.920s][info][gc] GC(10111) Pause Young (Allocation Failure) 15M->15M(15M) 0.025ms
[26.926s][info][gc] GC(10112) Pause Full (Allocation Failure) 15M->5M(15M) 5.730ms
[26.926s][info][gc] GC(10113) Pause Young (Allocation Failure) 9M->5M(15M) 0.176ms
[26.927s][info][gc] GC(10114) Pause Young (Allocation Failure) 10M->6M(15M) 0.169ms
[26.928s][info][gc] GC(10115) Pause Young (Allocation Failure) 10M->5M(15M) 0.178ms
[26.929s][info][gc] GC(10116) Pause Young (Allocation Failure) 10M->6M(15M) 0.192ms
[26.930s][info][gc] GC(10117) Pause Young (Allocation Failure) 10M->6M(15M) 0.184ms
[26.930s][info][gc] GC(10118) Pause Young (Allocation Failure) 10M->6M(15M) 0.214ms
[26.931s][info][gc] GC(10119) Pause Young (Allocation Failure) 10M->6M(15M) 0.208ms
[26.932s][info][gc] GC(10120) Pause Young (Allocation Failure) 11M->6M(15M) 0.183ms
[26.933s][info][gc] GC(10121) Pause Young (Allocation Failure) 11M->7M(15M) 0.199ms
[26.934s][info][gc] GC(10122) Pause Young (Allocation Failure) 11M->6M(15M) 0.169ms
[26.934s][info][gc] GC(10123) Pause Young (Allocation Failure) 11M->7M(15M) 0.180ms
[26.935s][info][gc] GC(10124) Pause Young (Allocation Failure) 11M->6M(15M) 0.170ms
[26.936s][info][gc] GC(10125) Pause Young (Allocation Failure) 11M->7M(15M) 0.208ms
[26.937s][info][gc] GC(10126) Pause Young (Allocation Failure) 11M->7M(15M) 0.178ms
[26.938s][info][gc] GC(10127) Pause Young (Allocation Failure) 11M->7M(15M) 0.187ms
[26.938s][info][gc] GC(10128) Pause Young (Allocation Failure) 11M->7M(15M) 0.190ms
[26.939s][info][gc] GC(10129) Pause Young (Allocation Failure) 12M->7M(15M) 0.184ms
[26.940s][info][gc] GC(10130) Pause Young (Allocation Failure) 12M->7M(15M) 0.195ms
[26.941s][info][gc] GC(10131) Pause Young (Allocation Failure) 12M->7M(15M) 0.177ms
[26.941s][info][gc] GC(10132) Pause Young (Allocation Failure) 12M->7M(15M) 0.172ms
[26.942s][info][gc] GC(10133) Pause Young (Allocation Failure) 12M->7M(15M) 0.171ms
[26.943s][info][gc] GC(10134) Pause Young (Allocation Failure) 12M->8M(15M) 0.202ms
[26.944s][info][gc] GC(10135) Pause Young (Allocation Failure) 12M->7M(15M) 0.166ms
[26.945s][info][gc] GC(10136) Pause Young (Allocation Failure) 12M->8M(15M) 0.180ms
[26.945s][info][gc] GC(10137) Pause Young (Allocation Failure) 12M->8M(15M) 0.225ms
[26.946s][info][gc] GC(10138) Pause Young (Allocation Failure) 13M->8M(15M) 0.149ms
[26.947s][info][gc] GC(10139) Pause Young (Allocation Failure) 13M->8M(15M) 0.175ms
[26.948s][info][gc] GC(10140) Pause Young (Allocation Failure) 12M->8M(15M) 0.175ms
[26.948s][info][gc] GC(10141) Pause Young (Allocation Failure) 12M->9M(15M) 0.164ms
[26.949s][info][gc] GC(10142) Pause Young (Allocation Failure) 13M->9M(15M) 0.202ms
[26.950s][info][gc] GC(10143) Pause Young (Allocation Failure) 13M->9M(15M) 0.169ms
[26.951s][info][gc] GC(10144) Pause Young (Allocation Failure) 13M->9M(15M) 0.179ms
[26.952s][info][gc] GC(10145) Pause Young (Allocation Failure) 13M->9M(15M) 0.178ms
[26.953s][info][gc] GC(10146) Pause Young (Allocation Failure) 13M->9M(15M) 0.183ms
[26.953s][info][gc] GC(10147) Pause Young (Allocation Failure) 13M->9M(15M) 0.168ms
[26.954s][info][gc] GC(10148) Pause Young (Allocation Failure) 13M->9M(15M) 0.177ms
[26.955s][info][gc] GC(10149) Pause Young (Allocation Failure) 13M->9M(15M) 0.182ms
[26.956s][info][gc] GC(10150) Pause Young (Allocation Failure) 13M->9M(15M) 0.180ms
[26.956s][info][gc] GC(10151) Pause Young (Allocation Failure) 13M->9M(15M) 0.189ms
[26.957s][info][gc] GC(10152) Pause Young (Allocation Failure) 13M->9M(15M) 0.210ms
[26.958s][info][gc] GC(10153) Pause Young (Allocation Failure) 14M->9M(15M) 0.179ms
[26.959s][info][gc] GC(10154) Pause Young (Allocation Failure) 13M->9M(15M) 0.166ms
[26.960s][info][gc] GC(10155) Pause Young (Allocation Failure) 13M->9M(15M) 0.190ms
[26.960s][info][gc] GC(10156) Pause Young (Allocation Failure) 14M->10M(15M) 0.213ms
[26.961s][info][gc] GC(10157) Pause Young (Allocation Failure) 14M->10M(15M) 0.176ms
[26.962s][info][gc] GC(10158) Pause Young (Allocation Failure) 14M->9M(15M) 0.174ms
[26.963s][info][gc] GC(10159) Pause Young (Allocation Failure) 14M->10M(15M) 0.186ms
[26.964s][info][gc] GC(10160) Pause Young (Allocation Failure) 14M->10M(15M) 0.170ms
[26.964s][info][gc] GC(10161) Pause Young (Allocation Failure) 14M->10M(15M) 0.188ms
[26.965s][info][gc] GC(10162) Pause Young (Allocation Failure) 14M->10M(15M) 0.174ms
[26.966s][info][gc] GC(10163) Pause Young (Allocation Failure) 14M->10M(15M) 0.196ms
[26.967s][info][gc] GC(10164) Pause Young (Allocation Failure) 15M->10M(15M) 0.179ms
[26.968s][info][gc] GC(10165) Pause Young (Allocation Failure) 14M->10M(15M) 0.165ms
[26.968s][info][gc] GC(10166) Pause Young (Allocation Failure) 15M->10M(15M) 0.179ms
[26.969s][info][gc] GC(10167) Pause Young (Allocation Failure) 14M->10M(15M) 0.185ms
[26.970s][info][gc] GC(10168) Pause Young (Allocation Failure) 15M->10M(15M) 0.169ms
[26.971s][info][gc] GC(10169) Pause Young (Allocation Failure) 14M->10M(15M) 0.167ms
[26.972s][info][gc] GC(10170) Pause Young (Allocation Failure) 14M->10M(15M) 0.166ms
[26.972s][info][gc] GC(10171) Pause Young (Allocation Failure) 14M->10M(15M) 0.177ms
[26.973s][info][gc] GC(10172) Pause Young (Allocation Failure) 15M->10M(15M) 0.180ms
[26.974s][info][gc] GC(10173) Pause Young (Allocation Failure) 14M->10M(15M) 0.181ms
[26.975s][info][gc] GC(10174) Pause Young (Allocation Failure) 15M->10M(15M) 0.147ms
[26.975s][info][gc] GC(10175) Pause Young (Allocation Failure) 15M->15M(15M) 0.025ms
[26.981s][info][gc] GC(10176) Pause Full (Allocation Failure) 15M->5M(15M) 5.646ms
[26.982s][info][gc] GC(10177) Pause Young (Allocation Failure) 9M->5M(15M) 0.188ms
[26.983s][info][gc] GC(10178) Pause Young (Allocation Failure) 10M->6M(15M) 0.186ms
[26.984s][info][gc] GC(10179) Pause Young (Allocation Failure) 10M->5M(15M) 0.170ms
[26.984s][info][gc] GC(10180) Pause Young (Allocation Failure) 10M->5M(15M) 0.162ms
[26.985s][info][gc] GC(10181) Pause Young (Allocation Failure) 10M->6M(15M) 0.233ms
[26.986s][info][gc] GC(10182) Pause Young (Allocation Failure) 11M->6M(15M) 0.170ms
[26.987s][info][gc] GC(10183) Pause Young (Allocation Failure) 10M->7M(15M) 0.200ms
[26.987s][info][gc] GC(10184) Pause Young (Allocation Failure) 11M->7M(15M) 0.189ms
[26.988s][info][gc] GC(10185) Pause Young (Allocation Failure) 11M->6M(15M) 0.173ms
[26.989s][info][gc] GC(10186) Pause Young (Allocation Failure) 11M->7M(15M) 0.168ms
[26.990s][info][gc] GC(10187) Pause Young (Allocation Failure) 11M->7M(15M) 0.184ms
[26.990s][info][gc] GC(10188) Pause Young (Allocation Failure) 11M->7M(15M) 0.200ms
[26.991s][info][gc] GC(10189) Pause Young (Allocation Failure) 11M->7M(15M) 0.170ms
[26.992s][info][gc] GC(10190) Pause Young (Allocation Failure) 11M->7M(15M) 0.192ms
[26.993s][info][gc] GC(10191) Pause Young (Allocation Failure) 12M->7M(15M) 0.181ms
[26.994s][info][gc] GC(10192) Pause Young (Allocation Failure) 12M->7M(15M) 0.195ms
[26.995s][info][gc] GC(10193) Pause Young (Allocation Failure) 12M->8M(15M) 0.201ms
[26.996s][info][gc] GC(10194) Pause Young (Allocation Failure) 12M->8M(15M) 0.210ms
[26.996s][info][gc] GC(10195) Pause Young (Allocation Failure) 12M->8M(15M) 0.174ms
[26.997s][info][gc] GC(10196) Pause Young (Allocation Failure) 12M->8M(15M) 0.196ms
[26.998s][info][gc] GC(10197) Pause Young (Allocation Failure) 13M->9M(15M) 0.168ms
[26.999s][info][gc] GC(10198) Pause Young (Allocation Failure) 13M->9M(15M) 0.161ms
[26.999s][info][gc] GC(10199) Pause Young (Allocation Failure) 13M->10M(15M) 0.211ms
[27.000s][info][gc] GC(10200) Pause Young (Allocation Failure) 14M->9M(15M) 0.165ms
[27.001s][info][gc] GC(10201) Pause Young (Allocation Failure) 13M->10M(15M) 0.185ms
[27.002s][info][gc] GC(10202) Pause Young (Allocation Failure) 14M->10M(15M) 0.161ms
[27.003s][info][gc] GC(10203) Pause Young (Allocation Failure) 14M->9M(15M) 0.166ms
[27.004s][info][gc] GC(10204) Pause Young (Allocation Failure) 14M->10M(15M) 0.194ms
[27.005s][info][gc] GC(10205) Pause Young (Allocation Failure) 14M->10M(15M) 0.174ms
[27.005s][info][gc] GC(10206) Pause Young (Allocation Failure) 14M->10M(15M) 0.174ms
[27.006s][info][gc] GC(10207) Pause Young (Allocation Failure) 14M->10M(15M) 0.183ms
[27.007s][info][gc] GC(10208) Pause Young (Allocation Failure) 14M->10M(15M) 0.176ms
[27.008s][info][gc] GC(10209) Pause Young (Allocation Failure) 14M->10M(15M) 0.187ms
[27.008s][info][gc] GC(10210) Pause Young (Allocation Failure) 14M->10M(15M) 0.196ms
[27.009s][info][gc] GC(10211) Pause Young (Allocation Failure) 14M->10M(15M) 0.182ms
[27.010s][info][gc] GC(10212) Pause Young (Allocation Failure) 14M->10M(15M) 0.255ms
[27.011s][info][gc] GC(10213) Pause Young (Allocation Failure) 15M->15M(15M) 0.028ms
[27.017s][info][gc] GC(10214) Pause Full (Allocation Failure) 15M->4M(15M) 5.846ms
[27.017s][info][gc] GC(10215) Pause Young (Allocation Failure) 9M->5M(15M) 0.173ms
[27.018s][info][gc] GC(10216) Pause Young (Allocation Failure) 9M->5M(15M) 0.187ms
[27.019s][info][gc] GC(10217) Pause Young (Allocation Failure) 9M->5M(15M) 0.178ms
[27.020s][info][gc] GC(10218) Pause Young (Allocation Failure) 9M->5M(15M) 0.168ms
[27.020s][info][gc] GC(10219) Pause Young (Allocation Failure) 9M->5M(15M) 0.172ms
[27.021s][info][gc] GC(10220) Pause Young (Allocation Failure) 9M->5M(15M) 0.152ms
[27.022s][info][gc] GC(10221) Pause Young (Allocation Failure) 9M->5M(15M) 0.180ms
[27.023s][info][gc] GC(10222) Pause Young (Allocation Failure) 9M->5M(15M) 0.209ms
[27.023s][info][gc] GC(10223) Pause Young (Allocation Failure) 10M->6M(15M) 0.201ms
[27.024s][info][gc] GC(10224) Pause Young (Allocation Failure) 10M->6M(15M) 0.190ms
[27.025s][info][gc] GC(10225) Pause Young (Allocation Failure) 10M->6M(15M) 0.208ms
[27.026s][info][gc] GC(10226) Pause Young (Allocation Failure) 10M->6M(15M) 0.192ms
[27.026s][info][gc] GC(10227) Pause Young (Allocation Failure) 10M->6M(15M) 0.144ms
[27.027s][info][gc] GC(10228) Pause Young (Allocation Failure) 10M->6M(15M) 0.184ms
[27.028s][info][gc] GC(10229) Pause Young (Allocation Failure) 10M->6M(15M) 0.187ms
[27.029s][info][gc] GC(10230) Pause Young (Allocation Failure) 10M->6M(15M) 0.172ms
[27.030s][info][gc] GC(10231) Pause Young (Allocation Failure) 10M->6M(15M) 0.169ms
[27.030s][info][gc] GC(10232) Pause Young (Allocation Failure) 10M->6M(15M) 0.203ms
[27.031s][info][gc] GC(10233) Pause Young (Allocation Failure) 11M->6M(15M) 0.177ms
[27.032s][info][gc] GC(10234) Pause Young (Allocation Failure) 11M->7M(15M) 0.214ms
[27.033s][info][gc] GC(10235) Pause Young (Allocation Failure) 11M->7M(15M) 0.203ms
[27.034s][info][gc] GC(10236) Pause Young (Allocation Failure) 11M->7M(15M) 0.180ms
[27.034s][info][gc] GC(10237) Pause Young (Allocation Failure) 11M->7M(15M) 0.181ms
[27.035s][info][gc] GC(10238) Pause Young (Allocation Failure) 11M->7M(15M) 0.179ms
[27.036s][info][gc] GC(10239) Pause Young (Allocation Failure) 11M->7M(15M) 0.204ms
[27.037s][info][gc] GC(10240) Pause Young (Allocation Failure) 11M->7M(15M) 0.178ms
[27.038s][info][gc] GC(10241) Pause Young (Allocation Failure) 11M->7M(15M) 0.197ms
[27.039s][info][gc] GC(10242) Pause Young (Allocation Failure) 12M->7M(15M) 0.150ms
[27.039s][info][gc] GC(10243) Pause Young (Allocation Failure) 12M->7M(15M) 0.182ms
[27.040s][info][gc] GC(10244) Pause Young (Allocation Failure) 12M->7M(15M) 0.170ms
[27.041s][info][gc] GC(10245) Pause Young (Allocation Failure) 11M->7M(15M) 0.173ms
[27.042s][info][gc] GC(10246) Pause Young (Allocation Failure) 11M->8M(15M) 0.215ms
[27.043s][info][gc] GC(10247) Pause Young (Allocation Failure) 12M->7M(15M) 0.170ms
[27.044s][info][gc] GC(10248) Pause Young (Allocation Failure) 12M->8M(15M) 0.176ms
[27.044s][info][gc] GC(10249) Pause Young (Allocation Failure) 12M->8M(15M) 0.193ms
[27.045s][info][gc] GC(10250) Pause Young (Allocation Failure) 12M->8M(15M) 0.173ms
[27.046s][info][gc] GC(10251) Pause Young (Allocation Failure) 12M->8M(15M) 0.144ms
[27.047s][info][gc] GC(10252) Pause Young (Allocation Failure) 12M->8M(15M) 0.165ms
[27.048s][info][gc] GC(10253) Pause Young (Allocation Failure) 12M->8M(15M) 0.176ms
[27.048s][info][gc] GC(10254) Pause Young (Allocation Failure) 12M->8M(15M) 0.187ms
[27.049s][info][gc] GC(10255) Pause Young (Allocation Failure) 12M->8M(15M) 0.194ms
[27.050s][info][gc] GC(10256) Pause Young (Allocation Failure) 13M->8M(15M) 0.204ms
[27.051s][info][gc] GC(10257) Pause Young (Allocation Failure) 13M->8M(15M) 0.183ms
[27.051s][info][gc] GC(10258) Pause Young (Allocation Failure) 13M->8M(15M) 0.166ms
[27.052s][info][gc] GC(10259) Pause Young (Allocation Failure) 12M->9M(15M) 0.216ms
[27.053s][info][gc] GC(10260) Pause Young (Allocation Failure) 13M->9M(15M) 0.183ms
[27.054s][info][gc] GC(10261) Pause Young (Allocation Failure) 13M->9M(15M) 0.169ms
[27.055s][info][gc] GC(10262) Pause Young (Allocation Failure) 13M->9M(15M) 0.166ms
[27.055s][info][gc] GC(10263) Pause Young (Allocation Failure) 13M->9M(15M) 0.169ms
[27.056s][info][gc] GC(10264) Pause Young (Allocation Failure) 13M->9M(15M) 0.178ms
[27.057s][info][gc] GC(10265) Pause Young (Allocation Failure) 13M->9M(15M) 0.181ms
[27.058s][info][gc] GC(10266) Pause Young (Allocation Failure) 13M->9M(15M) 0.207ms
[27.059s][info][gc] GC(10267) Pause Young (Allocation Failure) 13M->9M(15M) 0.178ms
[27.059s][info][gc] GC(10268) Pause Young (Allocation Failure) 13M->10M(15M) 0.220ms
[27.060s][info][gc] GC(10269) Pause Young (Allocation Failure) 14M->9M(15M) 0.162ms
[27.061s][info][gc] GC(10270) Pause Young (Allocation Failure) 14M->10M(15M) 0.194ms
[27.062s][info][gc] GC(10271) Pause Young (Allocation Failure) 14M->10M(15M) 0.180ms
[27.063s][info][gc] GC(10272) Pause Young (Allocation Failure) 14M->10M(15M) 0.198ms
[27.063s][info][gc] GC(10273) Pause Young (Allocation Failure) 14M->10M(15M) 0.196ms
[27.064s][info][gc] GC(10274) Pause Young (Allocation Failure) 15M->15M(15M) 0.025ms
[27.070s][info][gc] GC(10275) Pause Full (Allocation Failure) 15M->6M(15M) 5.788ms
[27.071s][info][gc] GC(10276) Pause Young (Allocation Failure) 10M->6M(15M) 0.210ms
[27.072s][info][gc] GC(10277) Pause Young (Allocation Failure) 11M->6M(15M) 0.192ms
[27.072s][info][gc] GC(10278) Pause Young (Allocation Failure) 11M->6M(15M) 0.159ms
[27.073s][info][gc] GC(10279) Pause Young (Allocation Failure) 11M->6M(15M) 0.162ms
[27.074s][info][gc] GC(10280) Pause Young (Allocation Failure) 10M->7M(15M) 0.208ms
[27.075s][info][gc] GC(10281) Pause Young (Allocation Failure) 11M->7M(15M) 0.182ms
[27.076s][info][gc] GC(10282) Pause Young (Allocation Failure) 11M->7M(15M) 0.175ms
[27.077s][info][gc] GC(10283) Pause Young (Allocation Failure) 11M->7M(15M) 0.171ms
[27.077s][info][gc] GC(10284) Pause Young (Allocation Failure) 11M->7M(15M) 0.173ms
[27.078s][info][gc] GC(10285) Pause Young (Allocation Failure) 11M->7M(15M) 0.165ms
[27.079s][info][gc] GC(10286) Pause Young (Allocation Failure) 11M->7M(15M) 0.173ms
[27.080s][info][gc] GC(10287) Pause Young (Allocation Failure) 11M->7M(15M) 0.179ms
[27.081s][info][gc] GC(10288) Pause Young (Allocation Failure) 11M->7M(15M) 0.173ms
[27.082s][info][gc] GC(10289) Pause Young (Allocation Failure) 11M->7M(15M) 0.177ms
[27.082s][info][gc] GC(10290) Pause Young (Allocation Failure) 11M->7M(15M) 0.190ms
[27.083s][info][gc] GC(10291) Pause Young (Allocation Failure) 11M->7M(15M) 0.164ms
[27.084s][info][gc] GC(10292) Pause Young (Allocation Failure) 11M->8M(15M) 0.235ms
[27.085s][info][gc] GC(10293) Pause Young (Allocation Failure) 12M->8M(15M) 0.169ms
[27.085s][info][gc] GC(10294) Pause Young (Allocation Failure) 12M->8M(15M) 0.194ms
[27.086s][info][gc] GC(10295) Pause Young (Allocation Failure) 12M->8M(15M) 0.175ms
[27.087s][info][gc] GC(10296) Pause Young (Allocation Failure) 12M->8M(15M) 0.187ms
[27.088s][info][gc] GC(10297) Pause Young (Allocation Failure) 12M->8M(15M) 0.181ms
[27.089s][info][gc] GC(10298) Pause Young (Allocation Failure) 12M->8M(15M) 0.177ms
[27.089s][info][gc] GC(10299) Pause Young (Allocation Failure) 12M->8M(15M) 0.196ms
[27.090s][info][gc] GC(10300) Pause Young (Allocation Failure) 13M->8M(15M) 0.163ms
[27.091s][info][gc] GC(10301) Pause Young (Allocation Failure) 12M->8M(15M) 0.181ms
[27.092s][info][gc] GC(10302) Pause Young (Allocation Failure) 13M->8M(15M) 0.180ms
[27.093s][info][gc] GC(10303) Pause Young (Allocation Failure) 13M->8M(15M) 0.174ms
[27.093s][info][gc] GC(10304) Pause Young (Allocation Failure) 12M->8M(15M) 0.179ms
[27.094s][info][gc] GC(10305) Pause Young (Allocation Failure) 13M->8M(15M) 0.197ms
[27.095s][info][gc] GC(10306) Pause Young (Allocation Failure) 13M->8M(15M) 0.179ms
[27.096s][info][gc] GC(10307) Pause Young (Allocation Failure) 13M->8M(15M) 0.180ms
[27.097s][info][gc] GC(10308) Pause Young (Allocation Failure) 13M->8M(15M) 0.172ms
[27.097s][info][gc] GC(10309) Pause Young (Allocation Failure) 12M->9M(15M) 0.200ms
[27.098s][info][gc] GC(10310) Pause Young (Allocation Failure) 13M->8M(15M) 0.163ms
[27.099s][info][gc] GC(10311) Pause Young (Allocation Failure) 13M->9M(15M) 0.185ms
[27.100s][info][gc] GC(10312) Pause Young (Allocation Failure) 13M->9M(15M) 0.181ms
[27.100s][info][gc] GC(10313) Pause Young (Allocation Failure) 13M->8M(15M) 0.168ms
[27.101s][info][gc] GC(10314) Pause Young (Allocation Failure) 13M->9M(15M) 0.189ms
[27.102s][info][gc] GC(10315) Pause Young (Allocation Failure) 13M->9M(15M) 0.185ms
[27.103s][info][gc] GC(10316) Pause Young (Allocation Failure) 13M->9M(15M) 0.187ms
[27.104s][info][gc] GC(10317) Pause Young (Allocation Failure) 13M->9M(15M) 0.176ms
[27.105s][info][gc] GC(10318) Pause Young (Allocation Failure) 13M->9M(15M) 0.188ms
[27.105s][info][gc] GC(10319) Pause Young (Allocation Failure) 13M->9M(15M) 0.190ms
[27.106s][info][gc] GC(10320) Pause Young (Allocation Failure) 13M->9M(15M) 0.181ms
[27.107s][info][gc] GC(10321) Pause Young (Allocation Failure) 13M->9M(15M) 0.170ms
[27.108s][info][gc] GC(10322) Pause Young (Allocation Failure) 13M->9M(15M) 0.196ms
[27.109s][info][gc] GC(10323) Pause Young (Allocation Failure) 14M->9M(15M) 0.168ms
[27.109s][info][gc] GC(10324) Pause Young (Allocation Failure) 13M->9M(15M) 0.179ms
[27.110s][info][gc] GC(10325) Pause Young (Allocation Failure) 14M->9M(15M) 0.185ms
[27.111s][info][gc] GC(10326) Pause Young (Allocation Failure) 14M->9M(15M) 0.175ms
[27.112s][info][gc] GC(10327) Pause Young (Allocation Failure) 14M->10M(15M) 0.205ms
[27.112s][info][gc] GC(10328) Pause Young (Allocation Failure) 14M->10M(15M) 0.226ms
[27.113s][info][gc] GC(10329) Pause Young (Allocation Failure) 15M->15M(15M) 0.025ms
[27.119s][info][gc] GC(10330) Pause Full (Allocation Failure) 15M->5M(15M) 5.722ms
[27.120s][info][gc] GC(10331) Pause Young (Allocation Failure) 9M->5M(15M) 0.183ms
[27.120s][info][gc] GC(10332) Pause Young (Allocation Failure) 9M->5M(15M) 0.171ms
[27.121s][info][gc] GC(10333) Pause Young (Allocation Failure) 9M->5M(15M) 0.182ms
[27.122s][info][gc] GC(10334) Pause Young (Allocation Failure) 10M->5M(15M) 0.175ms
[27.123s][info][gc] GC(10335) Pause Young (Allocation Failure) 9M->5M(15M) 0.188ms
[27.124s][info][gc] GC(10336) Pause Young (Allocation Failure) 10M->5M(15M) 0.187ms
[27.124s][info][gc] GC(10337) Pause Young (Allocation Failure) 10M->5M(15M) 0.168ms
[27.125s][info][gc] GC(10338) Pause Young (Allocation Failure) 9M->5M(15M) 0.173ms
[27.126s][info][gc] GC(10339) Pause Young (Allocation Failure) 9M->5M(15M) 0.172ms
[27.127s][info][gc] GC(10340) Pause Young (Allocation Failure) 9M->5M(15M) 0.171ms
[27.128s][info][gc] GC(10341) Pause Young (Allocation Failure) 9M->5M(15M) 0.176ms
[27.128s][info][gc] GC(10342) Pause Young (Allocation Failure) 9M->5M(15M) 0.167ms
[27.129s][info][gc] GC(10343) Pause Young (Allocation Failure) 9M->5M(15M) 0.163ms
[27.130s][info][gc] GC(10344) Pause Young (Allocation Failure) 9M->5M(15M) 0.194ms
[27.131s][info][gc] GC(10345) Pause Young (Allocation Failure) 10M->5M(15M) 0.186ms
[27.131s][info][gc] GC(10346) Pause Young (Allocation Failure) 10M->5M(15M) 0.165ms
[27.132s][info][gc] GC(10347) Pause Young (Allocation Failure) 9M->5M(15M) 0.174ms
[27.133s][info][gc] GC(10348) Pause Young (Allocation Failure) 10M->5M(15M) 0.165ms
[27.134s][info][gc] GC(10349) Pause Young (Allocation Failure) 9M->5M(15M) 0.169ms
[27.135s][info][gc] GC(10350) Pause Young (Allocation Failure) 10M->6M(15M) 0.199ms
[27.135s][info][gc] GC(10351) Pause Young (Allocation Failure) 10M->5M(15M) 0.172ms
[27.136s][info][gc] GC(10352) Pause Young (Allocation Failure) 10M->6M(15M) 0.181ms
[27.137s][info][gc] GC(10353) Pause Young (Allocation Failure) 10M->6M(15M) 0.185ms
[27.138s][info][gc] GC(10354) Pause Young (Allocation Failure) 10M->6M(15M) 0.185ms
[27.139s][info][gc] GC(10355) Pause Young (Allocation Failure) 10M->6M(15M) 0.174ms
[27.139s][info][gc] GC(10356) Pause Young (Allocation Failure) 10M->6M(15M) 0.220ms
[27.140s][info][gc] GC(10357) Pause Young (Allocation Failure) 11M->7M(15M) 0.213ms
[27.141s][info][gc] GC(10358) Pause Young (Allocation Failure) 11M->7M(15M) 0.194ms
[27.142s][info][gc] GC(10359) Pause Young (Allocation Failure) 11M->7M(15M) 0.193ms
[27.143s][info][gc] GC(10360) Pause Young (Allocation Failure) 11M->7M(15M) 0.185ms
[27.143s][info][gc] GC(10361) Pause Young (Allocation Failure) 11M->7M(15M) 0.200ms
[27.144s][info][gc] GC(10362) Pause Young (Allocation Failure) 12M->8M(15M) 0.190ms
[27.145s][info][gc] GC(10363) Pause Young (Allocation Failure) 12M->7M(15M) 0.179ms
[27.146s][info][gc] GC(10364) Pause Young (Allocation Failure) 12M->7M(15M) 0.173ms
[27.146s][info][gc] GC(10365) Pause Young (Allocation Failure) 12M->7M(15M) 0.177ms
[27.147s][info][gc] GC(10366) Pause Young (Allocation Failure) 12M->7M(15M) 0.176ms
[27.148s][info][gc] GC(10367) Pause Young (Allocation Failure) 12M->8M(15M) 0.217ms
[27.149s][info][gc] GC(10368) Pause Young (Allocation Failure) 12M->8M(15M) 0.179ms
[27.150s][info][gc] GC(10369) Pause Young (Allocation Failure) 12M->8M(15M) 0.183ms
[27.151s][info][gc] GC(10370) Pause Young (Allocation Failure) 12M->8M(15M) 0.172ms
[27.152s][info][gc] GC(10371) Pause Young (Allocation Failure) 12M->8M(15M) 0.179ms
[27.152s][info][gc] GC(10372) Pause Young (Allocation Failure) 12M->8M(15M) 0.179ms
[27.153s][info][gc] GC(10373) Pause Young (Allocation Failure) 12M->8M(15M) 0.165ms
[27.154s][info][gc] GC(10374) Pause Young (Allocation Failure) 12M->8M(15M) 0.163ms
[27.154s][info][gc] GC(10375) Pause Young (Allocation Failure) 12M->8M(15M) 0.185ms
[27.155s][info][gc] GC(10376) Pause Young (Allocation Failure) 12M->8M(15M) 0.170ms
[27.156s][info][gc] GC(10377) Pause Young (Allocation Failure) 12M->8M(15M) 0.173ms
[27.157s][info][gc] GC(10378) Pause Young (Allocation Failure) 12M->8M(15M) 0.183ms
[27.158s][info][gc] GC(10379) Pause Young (Allocation Failure) 12M->8M(15M) 0.205ms
[27.158s][info][gc] GC(10380) Pause Young (Allocation Failure) 13M->9M(15M) 0.167ms
[27.159s][info][gc] GC(10381) Pause Young (Allocation Failure) 13M->8M(15M) 0.173ms
[27.160s][info][gc] GC(10382) Pause Young (Allocation Failure) 13M->9M(15M) 0.183ms
[27.161s][info][gc] GC(10383) Pause Young (Allocation Failure) 13M->8M(15M) 0.171ms
[27.162s][info][gc] GC(10384) Pause Young (Allocation Failure) 13M->8M(15M) 0.170ms
[27.162s][info][gc] GC(10385) Pause Young (Allocation Failure) 13M->9M(15M) 0.138ms
[27.163s][info][gc] GC(10386) Pause Young (Allocation Failure) 13M->8M(15M) 0.164ms
[27.164s][info][gc] GC(10387) Pause Young (Allocation Failure) 13M->8M(15M) 0.162ms
[27.165s][info][gc] GC(10388) Pause Young (Allocation Failure) 13M->9M(15M) 0.170ms
[27.165s][info][gc] GC(10389) Pause Young (Allocation Failure) 13M->9M(15M) 0.187ms
[27.166s][info][gc] GC(10390) Pause Young (Allocation Failure) 13M->9M(15M) 0.173ms
[27.167s][info][gc] GC(10391) Pause Young (Allocation Failure) 13M->9M(15M) 0.164ms
[27.168s][info][gc] GC(10392) Pause Young (Allocation Failure) 13M->9M(15M) 0.177ms
[27.168s][info][gc] GC(10393) Pause Young (Allocation Failure) 13M->9M(15M) 0.171ms
[27.169s][info][gc] GC(10394) Pause Young (Allocation Failure) 13M->9M(15M) 0.167ms
[27.170s][info][gc] GC(10395) Pause Young (Allocation Failure) 13M->9M(15M) 0.185ms
[27.171s][info][gc] GC(10396) Pause Young (Allocation Failure) 13M->8M(15M) 0.149ms
[27.172s][info][gc] GC(10397) Pause Young (Allocation Failure) 13M->9M(15M) 0.188ms
[27.172s][info][gc] GC(10398) Pause Young (Allocation Failure) 14M->9M(15M) 0.175ms
[27.173s][info][gc] GC(10399) Pause Young (Allocation Failure) 13M->9M(15M) 0.174ms
[27.174s][info][gc] GC(10400) Pause Young (Allocation Failure) 13M->9M(15M) 0.166ms
[27.175s][info][gc] GC(10401) Pause Young (Allocation Failure) 13M->9M(15M) 0.178ms
[27.175s][info][gc] GC(10402) Pause Young (Allocation Failure) 13M->9M(15M) 0.179ms
[27.176s][info][gc] GC(10403) Pause Young (Allocation Failure) 13M->9M(15M) 0.178ms
[27.177s][info][gc] GC(10404) Pause Young (Allocation Failure) 13M->9M(15M) 0.193ms
[27.178s][info][gc] GC(10405) Pause Young (Allocation Failure) 14M->10M(15M) 0.190ms
[27.178s][info][gc] GC(10406) Pause Young (Allocation Failure) 14M->9M(15M) 0.181ms
[27.179s][info][gc] GC(10407) Pause Young (Allocation Failure) 14M->10M(15M) 0.193ms
[27.180s][info][gc] GC(10408) Pause Young (Allocation Failure) 14M->10M(15M) 0.200ms
[27.181s][info][gc] GC(10409) Pause Young (Allocation Failure) 14M->10M(15M) 0.168ms
[27.182s][info][gc] GC(10410) Pause Young (Allocation Failure) 14M->9M(15M) 0.167ms
[27.183s][info][gc] GC(10411) Pause Young (Allocation Failure) 14M->10M(15M) 0.171ms
[27.184s][info][gc] GC(10412) Pause Young (Allocation Failure) 14M->10M(15M) 0.212ms
[27.184s][info][gc] GC(10413) Pause Young (Allocation Failure) 15M->10M(15M) 0.179ms
[27.185s][info][gc] GC(10414) Pause Young (Allocation Failure) 14M->10M(15M) 0.169ms
[27.186s][info][gc] GC(10415) Pause Young (Allocation Failure) 14M->10M(15M) 0.176ms
[27.187s][info][gc] GC(10416) Pause Young (Allocation Failure) 14M->10M(15M) 0.181ms
[27.187s][info][gc] GC(10417) Pause Young (Allocation Failure) 14M->10M(15M) 0.201ms
[27.188s][info][gc] GC(10418) Pause Young (Allocation Failure) 15M->15M(15M) 0.025ms
[27.194s][info][gc] GC(10419) Pause Full (Allocation Failure) 15M->5M(15M) 5.793ms
[27.195s][info][gc] GC(10420) Pause Young (Allocation Failure) 9M->5M(15M) 0.180ms
[27.196s][info][gc] GC(10421) Pause Young (Allocation Failure) 10M->5M(15M) 0.166ms
[27.196s][info][gc] GC(10422) Pause Young (Allocation Failure) 9M->6M(15M) 0.208ms
[27.197s][info][gc] GC(10423) Pause Young (Allocation Failure) 10M->6M(15M) 0.203ms
[27.198s][info][gc] GC(10424) Pause Young (Allocation Failure) 10M->6M(15M) 0.186ms
[27.199s][info][gc] GC(10425) Pause Young (Allocation Failure) 11M->7M(15M) 0.215ms
[27.200s][info][gc] GC(10426) Pause Young (Allocation Failure) 11M->7M(15M) 0.185ms
[27.201s][info][gc] GC(10427) Pause Young (Allocation Failure) 11M->7M(15M) 0.183ms
[27.201s][info][gc] GC(10428) Pause Young (Allocation Failure) 11M->6M(15M) 0.167ms
[27.202s][info][gc] GC(10429) Pause Young (Allocation Failure) 11M->7M(15M) 0.185ms
[27.203s][info][gc] GC(10430) Pause Young (Allocation Failure) 11M->6M(15M) 0.170ms
[27.204s][info][gc] GC(10431) Pause Young (Allocation Failure) 11M->7M(15M) 0.200ms
[27.205s][info][gc] GC(10432) Pause Young (Allocation Failure) 11M->7M(15M) 0.179ms
[27.205s][info][gc] GC(10433) Pause Young (Allocation Failure) 11M->7M(15M) 0.197ms
[27.206s][info][gc] GC(10434) Pause Young (Allocation Failure) 11M->8M(15M) 0.228ms
[27.207s][info][gc] GC(10435) Pause Young (Allocation Failure) 12M->8M(15M) 0.188ms
[27.208s][info][gc] GC(10436) Pause Young (Allocation Failure) 12M->8M(15M) 0.181ms
[27.209s][info][gc] GC(10437) Pause Young (Allocation Failure) 12M->8M(15M) 0.171ms
[27.209s][info][gc] GC(10438) Pause Young (Allocation Failure) 12M->9M(15M) 0.238ms
[27.210s][info][gc] GC(10439) Pause Young (Allocation Failure) 13M->9M(15M) 0.221ms
[27.211s][info][gc] GC(10440) Pause Young (Allocation Failure) 13M->9M(15M) 0.193ms
[27.212s][info][gc] GC(10441) Pause Young (Allocation Failure) 13M->9M(15M) 0.175ms
[27.213s][info][gc] GC(10442) Pause Young (Allocation Failure) 13M->9M(15M) 0.195ms
[27.213s][info][gc] GC(10443) Pause Young (Allocation Failure) 14M->9M(15M) 0.144ms
[27.214s][info][gc] GC(10444) Pause Young (Allocation Failure) 14M->9M(15M) 0.184ms
[27.215s][info][gc] GC(10445) Pause Young (Allocation Failure) 14M->9M(15M) 0.185ms
[27.216s][info][gc] GC(10446) Pause Young (Allocation Failure) 14M->9M(15M) 0.190ms
[27.216s][info][gc] GC(10447) Pause Young (Allocation Failure) 14M->9M(15M) 0.179ms
[27.217s][info][gc] GC(10448) Pause Young (Allocation Failure) 14M->9M(15M) 0.172ms
[27.218s][info][gc] GC(10449) Pause Young (Allocation Failure) 13M->10M(15M) 0.199ms
[27.219s][info][gc] GC(10450) Pause Young (Allocation Failure) 14M->10M(15M) 0.182ms
[27.219s][info][gc] GC(10451) Pause Young (Allocation Failure) 14M->9M(15M) 0.163ms
[27.220s][info][gc] GC(10452) Pause Young (Allocation Failure) 14M->10M(15M) 0.199ms
[27.221s][info][gc] GC(10453) Pause Young (Allocation Failure) 14M->10M(15M) 0.168ms
[27.222s][info][gc] GC(10454) Pause Young (Allocation Failure) 14M->10M(15M) 0.181ms
[27.223s][info][gc] GC(10455) Pause Young (Allocation Failure) 14M->10M(15M) 0.181ms
[27.223s][info][gc] GC(10456) Pause Young (Allocation Failure) 14M->10M(15M) 0.192ms
[27.224s][info][gc] GC(10457) Pause Young (Allocation Failure) 14M->10M(15M) 0.176ms
[27.225s][info][gc] GC(10458) Pause Young (Allocation Failure) 14M->10M(15M) 0.181ms
[27.226s][info][gc] GC(10459) Pause Young (Allocation Failure) 14M->10M(15M) 0.178ms
[27.226s][info][gc] GC(10460) Pause Young (Allocation Failure) 15M->15M(15M) 0.027ms
[27.232s][info][gc] GC(10461) Pause Full (Allocation Failure) 15M->5M(15M) 5.870ms
[27.233s][info][gc] GC(10462) Pause Young (Allocation Failure) 9M->6M(15M) 0.192ms
[27.234s][info][gc] GC(10463) Pause Young (Allocation Failure) 10M->5M(15M) 0.171ms
[27.235s][info][gc] GC(10464) Pause Young (Allocation Failure) 10M->5M(15M) 0.177ms
[27.236s][info][gc] GC(10465) Pause Young (Allocation Failure) 10M->5M(15M) 0.166ms
[27.236s][info][gc] GC(10466) Pause Young (Allocation Failure) 9M->5M(15M) 0.177ms
[27.237s][info][gc] GC(10467) Pause Young (Allocation Failure) 10M->5M(15M) 0.180ms
[27.238s][info][gc] GC(10468) Pause Young (Allocation Failure) 10M->5M(15M) 0.166ms
[27.239s][info][gc] GC(10469) Pause Young (Allocation Failure) 10M->6M(15M) 0.204ms
[27.240s][info][gc] GC(10470) Pause Young (Allocation Failure) 10M->6M(15M) 0.183ms
[27.241s][info][gc] GC(10471) Pause Young (Allocation Failure) 10M->6M(15M) 0.182ms
[27.241s][info][gc] GC(10472) Pause Young (Allocation Failure) 10M->6M(15M) 0.190ms
[27.242s][info][gc] GC(10473) Pause Young (Allocation Failure) 10M->6M(15M) 0.177ms
[27.243s][info][gc] GC(10474) Pause Young (Allocation Failure) 10M->6M(15M) 0.178ms
[27.244s][info][gc] GC(10475) Pause Young (Allocation Failure) 10M->6M(15M) 0.163ms
[27.245s][info][gc] GC(10476) Pause Young (Allocation Failure) 10M->6M(15M) 0.182ms
[27.245s][info][gc] GC(10477) Pause Young (Allocation Failure) 10M->6M(15M) 0.175ms
[27.246s][info][gc] GC(10478) Pause Young (Allocation Failure) 10M->6M(15M) 0.183ms
[27.247s][info][gc] GC(10479) Pause Young (Allocation Failure) 10M->6M(15M) 0.179ms
[27.248s][info][gc] GC(10480) Pause Young (Allocation Failure) 10M->6M(15M) 0.180ms
[27.248s][info][gc] GC(10481) Pause Young (Allocation Failure) 10M->6M(15M) 0.177ms
[27.249s][info][gc] GC(10482) Pause Young (Allocation Failure) 10M->6M(15M) 0.177ms
[27.250s][info][gc] GC(10483) Pause Young (Allocation Failure) 10M->6M(15M) 0.183ms
[27.251s][info][gc] GC(10484) Pause Young (Allocation Failure) 10M->6M(15M) 0.173ms
[27.252s][info][gc] GC(10485) Pause Young (Allocation Failure) 10M->6M(15M) 0.183ms
[27.252s][info][gc] GC(10486) Pause Young (Allocation Failure) 10M->6M(15M) 0.171ms
[27.253s][info][gc] GC(10487) Pause Young (Allocation Failure) 10M->6M(15M) 0.179ms
[27.254s][info][gc] GC(10488) Pause Young (Allocation Failure) 10M->6M(15M) 0.183ms
[27.255s][info][gc] GC(10489) Pause Young (Allocation Failure) 10M->6M(15M) 0.163ms
[27.256s][info][gc] GC(10490) Pause Young (Allocation Failure) 10M->6M(15M) 0.162ms
[27.256s][info][gc] GC(10491) Pause Young (Allocation Failure) 10M->6M(15M) 0.191ms
[27.257s][info][gc] GC(10492) Pause Young (Allocation Failure) 11M->6M(15M) 0.176ms
[27.258s][info][gc] GC(10493) Pause Young (Allocation Failure) 10M->6M(15M) 0.187ms
[27.259s][info][gc] GC(10494) Pause Young (Allocation Failure) 11M->6M(15M) 0.171ms
[27.259s][info][gc] GC(10495) Pause Young (Allocation Failure) 10M->6M(15M) 0.180ms
[27.260s][info][gc] GC(10496) Pause Young (Allocation Failure) 11M->6M(15M) 0.195ms
[27.261s][info][gc] GC(10497) Pause Young (Allocation Failure) 11M->7M(15M) 0.193ms
[27.262s][info][gc] GC(10498) Pause Young (Allocation Failure) 11M->6M(15M) 0.175ms
[27.263s][info][gc] GC(10499) Pause Young (Allocation Failure) 11M->7M(15M) 0.183ms
[27.264s][info][gc] GC(10500) Pause Young (Allocation Failure) 11M->6M(15M) 0.164ms
[27.264s][info][gc] GC(10501) Pause Young (Allocation Failure) 10M->6M(15M) 0.175ms
[27.265s][info][gc] GC(10502) Pause Young (Allocation Failure) 11M->6M(15M) 0.171ms
[27.266s][info][gc] GC(10503) Pause Young (Allocation Failure) 11M->7M(15M) 0.189ms
[27.267s][info][gc] GC(10504) Pause Young (Allocation Failure) 11M->7M(15M) 0.179ms
[27.267s][info][gc] GC(10505) Pause Young (Allocation Failure) 11M->7M(15M) 0.195ms
[27.268s][info][gc] GC(10506) Pause Young (Allocation Failure) 11M->6M(15M) 0.170ms
[27.269s][info][gc] GC(10507) Pause Young (Allocation Failure) 11M->6M(15M) 0.163ms
[27.270s][info][gc] GC(10508) Pause Young (Allocation Failure) 11M->7M(15M) 0.184ms
[27.271s][info][gc] GC(10509) Pause Young (Allocation Failure) 11M->7M(15M) 0.190ms
[27.271s][info][gc] GC(10510) Pause Young (Allocation Failure) 11M->7M(15M) 0.171ms
[27.272s][info][gc] GC(10511) Pause Young (Allocation Failure) 12M->7M(15M) 0.182ms
[27.273s][info][gc] GC(10512) Pause Young (Allocation Failure) 11M->8M(15M) 0.214ms
[27.274s][info][gc] GC(10513) Pause Young (Allocation Failure) 12M->8M(15M) 0.178ms
[27.275s][info][gc] GC(10514) Pause Young (Allocation Failure) 12M->8M(15M) 0.141ms
[27.275s][info][gc] GC(10515) Pause Young (Allocation Failure) 12M->8M(15M) 0.175ms
[27.276s][info][gc] GC(10516) Pause Young (Allocation Failure) 12M->8M(15M) 0.178ms
[27.277s][info][gc] GC(10517) Pause Young (Allocation Failure) 13M->8M(15M) 0.180ms
[27.278s][info][gc] GC(10518) Pause Young (Allocation Failure) 13M->8M(15M) 0.170ms
[27.278s][info][gc] GC(10519) Pause Young (Allocation Failure) 12M->8M(15M) 0.169ms
[27.279s][info][gc] GC(10520) Pause Young (Allocation Failure) 12M->8M(15M) 0.184ms
[27.280s][info][gc] GC(10521) Pause Young (Allocation Failure) 13M->9M(15M) 0.195ms
[27.281s][info][gc] GC(10522) Pause Young (Allocation Failure) 13M->9M(15M) 0.200ms
[27.282s][info][gc] GC(10523) Pause Young (Allocation Failure) 13M->9M(15M) 0.181ms
[27.282s][info][gc] GC(10524) Pause Young (Allocation Failure) 13M->9M(15M) 0.206ms
[27.283s][info][gc] GC(10525) Pause Young (Allocation Failure) 13M->9M(15M) 0.187ms
[27.284s][info][gc] GC(10526) Pause Young (Allocation Failure) 13M->9M(15M) 0.181ms
[27.285s][info][gc] GC(10527) Pause Young (Allocation Failure) 13M->9M(15M) 0.186ms
[27.285s][info][gc] GC(10528) Pause Young (Allocation Failure) 14M->10M(15M) 0.170ms
[27.286s][info][gc] GC(10529) Pause Young (Allocation Failure) 14M->10M(15M) 0.182ms
[27.287s][info][gc] GC(10530) Pause Young (Allocation Failure) 14M->9M(15M) 0.167ms
[27.288s][info][gc] GC(10531) Pause Young (Allocation Failure) 14M->10M(15M) 0.204ms
[27.289s][info][gc] GC(10532) Pause Young (Allocation Failure) 14M->10M(15M) 0.179ms
[27.289s][info][gc] GC(10533) Pause Young (Allocation Failure) 14M->11M(15M) 0.226ms
[27.290s][info][gc] GC(10534) Pause Young (Allocation Failure) 15M->15M(15M) 0.025ms
[27.296s][info][gc] GC(10535) Pause Full (Allocation Failure) 15M->4M(15M) 5.952ms
[27.297s][info][gc] GC(10536) Pause Young (Allocation Failure) 9M->5M(15M) 0.211ms
[27.298s][info][gc] GC(10537) Pause Young (Allocation Failure) 9M->5M(15M) 0.191ms
[27.299s][info][gc] GC(10538) Pause Young (Allocation Failure) 9M->5M(15M) 0.187ms
[27.299s][info][gc] GC(10539) Pause Young (Allocation Failure) 10M->6M(15M) 0.172ms
[27.300s][info][gc] GC(10540) Pause Young (Allocation Failure) 10M->5M(15M) 0.173ms
[27.301s][info][gc] GC(10541) Pause Young (Allocation Failure) 10M->5M(15M) 0.175ms
[27.302s][info][gc] GC(10542) Pause Young (Allocation Failure) 10M->5M(15M) 0.180ms
[27.303s][info][gc] GC(10543) Pause Young (Allocation Failure) 10M->6M(15M) 0.163ms
[27.304s][info][gc] GC(10544) Pause Young (Allocation Failure) 10M->6M(15M) 0.129ms
[27.304s][info][gc] GC(10545) Pause Young (Allocation Failure) 10M->6M(15M) 0.169ms
[27.305s][info][gc] GC(10546) Pause Young (Allocation Failure) 10M->6M(15M) 0.229ms
[27.306s][info][gc] GC(10547) Pause Young (Allocation Failure) 11M->6M(15M) 0.170ms
[27.307s][info][gc] GC(10548) Pause Young (Allocation Failure) 10M->7M(15M) 0.142ms
[27.308s][info][gc] GC(10549) Pause Young (Allocation Failure) 11M->6M(15M) 0.168ms
[27.309s][info][gc] GC(10550) Pause Young (Allocation Failure) 11M->6M(15M) 0.171ms
[27.309s][info][gc] GC(10551) Pause Young (Allocation Failure) 11M->7M(15M) 0.205ms
[27.310s][info][gc] GC(10552) Pause Young (Allocation Failure) 11M->7M(15M) 0.185ms
[27.311s][info][gc] GC(10553) Pause Young (Allocation Failure) 11M->7M(15M) 0.183ms
[27.312s][info][gc] GC(10554) Pause Young (Allocation Failure) 11M->7M(15M) 0.179ms
[27.312s][info][gc] GC(10555) Pause Young (Allocation Failure) 11M->7M(15M) 0.185ms
[27.313s][info][gc] GC(10556) Pause Young (Allocation Failure) 11M->7M(15M) 0.176ms
[27.314s][info][gc] GC(10557) Pause Young (Allocation Failure) 11M->7M(15M) 0.168ms
[27.315s][info][gc] GC(10558) Pause Young (Allocation Failure) 11M->8M(15M) 0.225ms
[27.315s][info][gc] GC(10559) Pause Young (Allocation Failure) 12M->8M(15M) 0.184ms
[27.316s][info][gc] GC(10560) Pause Young (Allocation Failure) 12M->8M(15M) 0.171ms
[27.317s][info][gc] GC(10561) Pause Young (Allocation Failure) 12M->8M(15M) 0.177ms
[27.318s][info][gc] GC(10562) Pause Young (Allocation Failure) 12M->7M(15M) 0.161ms
[27.319s][info][gc] GC(10563) Pause Young (Allocation Failure) 12M->7M(15M) 0.167ms
[27.319s][info][gc] GC(10564) Pause Young (Allocation Failure) 12M->7M(15M) 0.165ms
[27.320s][info][gc] GC(10565) Pause Young (Allocation Failure) 12M->7M(15M) 0.163ms
[27.321s][info][gc] GC(10566) Pause Young (Allocation Failure) 12M->8M(15M) 0.202ms
[27.322s][info][gc] GC(10567) Pause Young (Allocation Failure) 12M->8M(15M) 0.184ms
[27.323s][info][gc] GC(10568) Pause Young (Allocation Failure) 12M->9M(15M) 0.221ms
[27.323s][info][gc] GC(10569) Pause Young (Allocation Failure) 13M->8M(15M) 0.163ms
[27.324s][info][gc] GC(10570) Pause Young (Allocation Failure) 13M->8M(15M) 0.168ms
[27.325s][info][gc] GC(10571) Pause Young (Allocation Failure) 13M->9M(15M) 0.174ms
[27.326s][info][gc] GC(10572) Pause Young (Allocation Failure) 13M->9M(15M) 0.183ms
[27.326s][info][gc] GC(10573) Pause Young (Allocation Failure) 13M->9M(15M) 0.151ms
[27.327s][info][gc] GC(10574) Pause Young (Allocation Failure) 13M->9M(15M) 0.176ms
[27.328s][info][gc] GC(10575) Pause Young (Allocation Failure) 13M->9M(15M) 0.207ms
[27.329s][info][gc] GC(10576) Pause Young (Allocation Failure) 14M->9M(15M) 0.167ms
[27.330s][info][gc] GC(10577) Pause Young (Allocation Failure) 13M->10M(15M) 0.200ms
[27.330s][info][gc] GC(10578) Pause Young (Allocation Failure) 14M->10M(15M) 0.199ms
[27.331s][info][gc] GC(10579) Pause Young (Allocation Failure) 14M->9M(15M) 0.170ms
[27.332s][info][gc] GC(10580) Pause Young (Allocation Failure) 14M->10M(15M) 0.185ms
[27.333s][info][gc] GC(10581) Pause Young (Allocation Failure) 14M->10M(15M) 0.175ms
[27.334s][info][gc] GC(10582) Pause Young (Allocation Failure) 14M->10M(15M) 0.177ms
[27.335s][info][gc] GC(10583) Pause Young (Allocation Failure) 14M->9M(15M) 0.166ms
[27.335s][info][gc] GC(10584) Pause Young (Allocation Failure) 14M->10M(15M) 0.194ms
[27.336s][info][gc] GC(10585) Pause Young (Allocation Failure) 14M->10M(15M) 0.183ms
[27.337s][info][gc] GC(10586) Pause Young (Allocation Failure) 14M->10M(15M) 0.183ms
[27.338s][info][gc] GC(10587) Pause Young (Allocation Failure) 14M->10M(15M) 0.168ms
[27.339s][info][gc] GC(10588) Pause Young (Allocation Failure) 14M->10M(15M) 0.209ms
[27.339s][info][gc] GC(10589) Pause Young (Allocation Failure) 15M->15M(15M) 0.025ms
[27.345s][info][gc] GC(10590) Pause Full (Allocation Failure) 15M->5M(15M) 6.020ms
[27.346s][info][gc] GC(10591) Pause Young (Allocation Failure) 9M->5M(15M) 0.189ms
[27.347s][info][gc] GC(10592) Pause Young (Allocation Failure) 10M->6M(15M) 0.194ms
[27.348s][info][gc] GC(10593) Pause Young (Allocation Failure) 10M->6M(15M) 0.209ms
[27.349s][info][gc] GC(10594) Pause Young (Allocation Failure) 10M->6M(15M) 0.175ms
[27.350s][info][gc] GC(10595) Pause Young (Allocation Failure) 10M->6M(15M) 0.184ms
[27.351s][info][gc] GC(10596) Pause Young (Allocation Failure) 10M->6M(15M) 0.179ms
[27.351s][info][gc] GC(10597) Pause Young (Allocation Failure) 10M->6M(15M) 0.180ms
[27.352s][info][gc] GC(10598) Pause Young (Allocation Failure) 10M->6M(15M) 0.137ms
[27.353s][info][gc] GC(10599) Pause Young (Allocation Failure) 10M->6M(15M) 0.173ms
[27.354s][info][gc] GC(10600) Pause Young (Allocation Failure) 10M->6M(15M) 0.186ms
[27.355s][info][gc] GC(10601) Pause Young (Allocation Failure) 10M->6M(15M) 0.195ms
[27.355s][info][gc] GC(10602) Pause Young (Allocation Failure) 11M->6M(15M) 0.167ms
[27.356s][info][gc] GC(10603) Pause Young (Allocation Failure) 10M->7M(15M) 0.185ms
[27.357s][info][gc] GC(10604) Pause Young (Allocation Failure) 11M->7M(15M) 0.144ms
[27.358s][info][gc] GC(10605) Pause Young (Allocation Failure) 11M->7M(15M) 0.169ms
[27.359s][info][gc] GC(10606) Pause Young (Allocation Failure) 11M->7M(15M) 0.180ms
[27.359s][info][gc] GC(10607) Pause Young (Allocation Failure) 11M->7M(15M) 0.176ms
[27.360s][info][gc] GC(10608) Pause Young (Allocation Failure) 11M->7M(15M) 0.170ms
[27.361s][info][gc] GC(10609) Pause Young (Allocation Failure) 11M->7M(15M) 0.176ms
[27.362s][info][gc] GC(10610) Pause Young (Allocation Failure) 11M->7M(15M) 0.176ms
[27.362s][info][gc] GC(10611) Pause Young (Allocation Failure) 11M->7M(15M) 0.183ms
[27.363s][info][gc] GC(10612) Pause Young (Allocation Failure) 11M->7M(15M) 0.152ms
[27.364s][info][gc] GC(10613) Pause Young (Allocation Failure) 11M->7M(15M) 0.177ms
[27.365s][info][gc] GC(10614) Pause Young (Allocation Failure) 11M->7M(15M) 0.186ms
[27.366s][info][gc] GC(10615) Pause Young (Allocation Failure) 11M->7M(15M) 0.173ms
[27.366s][info][gc] GC(10616) Pause Young (Allocation Failure) 11M->7M(15M) 0.164ms
[27.367s][info][gc] GC(10617) Pause Young (Allocation Failure) 11M->7M(15M) 0.192ms
[27.368s][info][gc] GC(10618) Pause Young (Allocation Failure) 12M->8M(15M) 0.207ms
[27.369s][info][gc] GC(10619) Pause Young (Allocation Failure) 12M->8M(15M) 0.194ms
[27.370s][info][gc] GC(10620) Pause Young (Allocation Failure) 12M->8M(15M) 0.205ms
[27.370s][info][gc] GC(10621) Pause Young (Allocation Failure) 12M->8M(15M) 0.171ms
[27.371s][info][gc] GC(10622) Pause Young (Allocation Failure) 12M->8M(15M) 0.178ms
[27.372s][info][gc] GC(10623) Pause Young (Allocation Failure) 12M->8M(15M) 0.179ms
[27.373s][info][gc] GC(10624) Pause Young (Allocation Failure) 12M->8M(15M) 0.192ms
[27.374s][info][gc] GC(10625) Pause Young (Allocation Failure) 12M->8M(15M) 0.187ms
[27.375s][info][gc] GC(10626) Pause Young (Allocation Failure) 12M->8M(15M) 0.185ms
[27.375s][info][gc] GC(10627) Pause Young (Allocation Failure) 12M->8M(15M) 0.185ms
[27.376s][info][gc] GC(10628) Pause Young (Allocation Failure) 13M->8M(15M) 0.180ms
[27.377s][info][gc] GC(10629) Pause Young (Allocation Failure) 12M->8M(15M) 0.188ms
[27.378s][info][gc] GC(10630) Pause Young (Allocation Failure) 13M->8M(15M) 0.186ms
[27.379s][info][gc] GC(10631) Pause Young (Allocation Failure) 12M->8M(15M) 0.180ms
[27.380s][info][gc] GC(10632) Pause Young (Allocation Failure) 13M->8M(15M) 0.182ms
[27.380s][info][gc] GC(10633) Pause Young (Allocation Failure) 13M->8M(15M) 0.168ms
[27.381s][info][gc] GC(10634) Pause Young (Allocation Failure) 12M->8M(15M) 0.177ms
[27.382s][info][gc] GC(10635) Pause Young (Allocation Failure) 12M->8M(15M) 0.176ms
[27.383s][info][gc] GC(10636) Pause Young (Allocation Failure) 12M->8M(15M) 0.186ms
[27.384s][info][gc] GC(10637) Pause Young (Allocation Failure) 12M->8M(15M) 0.181ms
[27.384s][info][gc] GC(10638) Pause Young (Allocation Failure) 13M->8M(15M) 0.193ms
[27.385s][info][gc] GC(10639) Pause Young (Allocation Failure) 13M->9M(15M) 0.205ms
[27.386s][info][gc] GC(10640) Pause Young (Allocation Failure) 13M->9M(15M) 0.194ms
[27.387s][info][gc] GC(10641) Pause Young (Allocation Failure) 13M->9M(15M) 0.202ms
[27.388s][info][gc] GC(10642) Pause Young (Allocation Failure) 13M->9M(15M) 0.181ms
[27.388s][info][gc] GC(10643) Pause Young (Allocation Failure) 13M->9M(15M) 0.146ms
[27.389s][info][gc] GC(10644) Pause Young (Allocation Failure) 13M->9M(15M) 0.163ms
[27.390s][info][gc] GC(10645) Pause Young (Allocation Failure) 13M->9M(15M) 0.201ms
[27.391s][info][gc] GC(10646) Pause Young (Allocation Failure) 14M->9M(15M) 0.175ms
[27.392s][info][gc] GC(10647) Pause Young (Allocation Failure) 13M->9M(15M) 0.168ms
[27.392s][info][gc] GC(10648) Pause Young (Allocation Failure) 13M->9M(15M) 0.178ms
[27.393s][info][gc] GC(10649) Pause Young (Allocation Failure) 14M->10M(15M) 0.193ms
[27.394s][info][gc] GC(10650) Pause Young (Allocation Failure) 14M->10M(15M) 0.213ms
[27.395s][info][gc] GC(10651) Pause Young (Allocation Failure) 14M->10M(15M) 0.216ms
[27.396s][info][gc] GC(10652) Pause Young (Allocation Failure) 14M->10M(15M) 0.190ms
[27.397s][info][gc] GC(10653) Pause Young (Allocation Failure) 14M->10M(15M) 0.191ms
[27.397s][info][gc] GC(10654) Pause Young (Allocation Failure) 15M->10M(15M) 0.201ms
[27.398s][info][gc] GC(10655) Pause Young (Allocation Failure) 15M->15M(15M) 0.025ms
[27.404s][info][gc] GC(10656) Pause Full (Allocation Failure) 15M->5M(15M) 6.038ms
[27.405s][info][gc] GC(10657) Pause Young (Allocation Failure) 9M->5M(15M) 0.184ms
[27.406s][info][gc] GC(10658) Pause Young (Allocation Failure) 10M->5M(15M) 0.186ms
[27.407s][info][gc] GC(10659) Pause Young (Allocation Failure) 10M->5M(15M) 0.167ms
[27.407s][info][gc] GC(10660) Pause Young (Allocation Failure) 9M->6M(15M) 0.197ms
[27.408s][info][gc] GC(10661) Pause Young (Allocation Failure) 10M->5M(15M) 0.162ms
[27.409s][info][gc] GC(10662) Pause Young (Allocation Failure) 10M->5M(15M) 0.169ms
[27.410s][info][gc] GC(10663) Pause Young (Allocation Failure) 10M->5M(15M) 0.177ms
[27.410s][info][gc] GC(10664) Pause Young (Allocation Failure) 10M->6M(15M) 0.189ms
[27.411s][info][gc] GC(10665) Pause Young (Allocation Failure) 10M->6M(15M) 0.175ms
[27.412s][info][gc] GC(10666) Pause Young (Allocation Failure) 10M->5M(15M) 0.174ms
[27.413s][info][gc] GC(10667) Pause Young (Allocation Failure) 10M->6M(15M) 0.205ms
[27.414s][info][gc] GC(10668) Pause Young (Allocation Failure) 10M->6M(15M) 0.167ms
[27.415s][info][gc] GC(10669) Pause Young (Allocation Failure) 10M->6M(15M) 0.189ms
[27.415s][info][gc] GC(10670) Pause Young (Allocation Failure) 10M->6M(15M) 0.200ms
[27.416s][info][gc] GC(10671) Pause Young (Allocation Failure) 11M->7M(15M) 0.211ms
[27.417s][info][gc] GC(10672) Pause Young (Allocation Failure) 11M->6M(15M) 0.175ms
[27.418s][info][gc] GC(10673) Pause Young (Allocation Failure) 11M->6M(15M) 0.165ms
[27.418s][info][gc] GC(10674) Pause Young (Allocation Failure) 11M->7M(15M) 0.182ms
[27.419s][info][gc] GC(10675) Pause Young (Allocation Failure) 11M->7M(15M) 0.177ms
[27.420s][info][gc] GC(10676) Pause Young (Allocation Failure) 11M->7M(15M) 0.178ms
[27.421s][info][gc] GC(10677) Pause Young (Allocation Failure) 11M->7M(15M) 0.198ms
[27.421s][info][gc] GC(10678) Pause Young (Allocation Failure) 11M->7M(15M) 0.181ms
[27.422s][info][gc] GC(10679) Pause Young (Allocation Failure) 11M->7M(15M) 0.177ms
[27.423s][info][gc] GC(10680) Pause Young (Allocation Failure) 11M->7M(15M) 0.176ms
[27.424s][info][gc] GC(10681) Pause Young (Allocation Failure) 11M->7M(15M) 0.177ms
[27.425s][info][gc] GC(10682) Pause Young (Allocation Failure) 11M->7M(15M) 0.183ms
[27.426s][info][gc] GC(10683) Pause Young (Allocation Failure) 11M->7M(15M) 0.175ms
[27.426s][info][gc] GC(10684) Pause Young (Allocation Failure) 11M->7M(15M) 0.184ms
[27.427s][info][gc] GC(10685) Pause Young (Allocation Failure) 11M->7M(15M) 0.171ms
[27.428s][info][gc] GC(10686) Pause Young (Allocation Failure) 11M->7M(15M) 0.171ms
[27.429s][info][gc] GC(10687) Pause Young (Allocation Failure) 11M->7M(15M) 0.185ms
[27.430s][info][gc] GC(10688) Pause Young (Allocation Failure) 11M->8M(15M) 0.227ms
[27.430s][info][gc] GC(10689) Pause Young (Allocation Failure) 12M->8M(15M) 0.202ms
[27.431s][info][gc] GC(10690) Pause Young (Allocation Failure) 12M->8M(15M) 0.172ms
[27.432s][info][gc] GC(10691) Pause Young (Allocation Failure) 12M->8M(15M) 0.165ms
[27.433s][info][gc] GC(10692) Pause Young (Allocation Failure) 12M->8M(15M) 0.196ms
[27.434s][info][gc] GC(10693) Pause Young (Allocation Failure) 12M->8M(15M) 0.194ms
[27.434s][info][gc] GC(10694) Pause Young (Allocation Failure) 13M->8M(15M) 0.197ms
[27.435s][info][gc] GC(10695) Pause Young (Allocation Failure) 13M->9M(15M) 0.187ms
[27.436s][info][gc] GC(10696) Pause Young (Allocation Failure) 13M->9M(15M) 0.181ms
[27.437s][info][gc] GC(10697) Pause Young (Allocation Failure) 13M->9M(15M) 0.202ms
[27.437s][info][gc] GC(10698) Pause Young (Allocation Failure) 13M->9M(15M) 0.183ms
[27.438s][info][gc] GC(10699) Pause Young (Allocation Failure) 13M->9M(15M) 0.176ms
[27.439s][info][gc] GC(10700) Pause Young (Allocation Failure) 13M->9M(15M) 0.172ms
[27.440s][info][gc] GC(10701) Pause Young (Allocation Failure) 13M->9M(15M) 0.185ms
[27.441s][info][gc] GC(10702) Pause Young (Allocation Failure) 13M->9M(15M) 0.177ms
[27.441s][info][gc] GC(10703) Pause Young (Allocation Failure) 13M->9M(15M) 0.168ms
[27.442s][info][gc] GC(10704) Pause Young (Allocation Failure) 13M->9M(15M) 0.192ms
[27.443s][info][gc] GC(10705) Pause Young (Allocation Failure) 13M->9M(15M) 0.165ms
[27.444s][info][gc] GC(10706) Pause Young (Allocation Failure) 13M->9M(15M) 0.174ms
[27.444s][info][gc] GC(10707) Pause Young (Allocation Failure) 13M->9M(15M) 0.177ms
[27.445s][info][gc] GC(10708) Pause Young (Allocation Failure) 13M->9M(15M) 0.189ms
[27.446s][info][gc] GC(10709) Pause Young (Allocation Failure) 13M->9M(15M) 0.182ms
[27.447s][info][gc] GC(10710) Pause Young (Allocation Failure) 13M->9M(15M) 0.206ms
[27.448s][info][gc] GC(10711) Pause Young (Allocation Failure) 14M->9M(15M) 0.184ms
[27.448s][info][gc] GC(10712) Pause Young (Allocation Failure) 14M->10M(15M) 0.233ms
[27.449s][info][gc] GC(10713) Pause Young (Allocation Failure) 15M->15M(15M) 0.025ms
[27.455s][info][gc] GC(10714) Pause Full (Allocation Failure) 15M->5M(15M) 6.089ms
[27.456s][info][gc] GC(10715) Pause Young (Allocation Failure) 9M->6M(15M) 0.210ms
[27.457s][info][gc] GC(10716) Pause Young (Allocation Failure) 10M->5M(15M) 0.186ms
[27.458s][info][gc] GC(10717) Pause Young (Allocation Failure) 10M->6M(15M) 0.184ms
[27.458s][info][gc] GC(10718) Pause Young (Allocation Failure) 10M->5M(15M) 0.167ms
[27.459s][info][gc] GC(10719) Pause Young (Allocation Failure) 10M->5M(15M) 0.171ms
[27.460s][info][gc] GC(10720) Pause Young (Allocation Failure) 10M->6M(15M) 0.190ms
[27.461s][info][gc] GC(10721) Pause Young (Allocation Failure) 10M->5M(15M) 0.163ms
[27.462s][info][gc] GC(10722) Pause Young (Allocation Failure) 10M->6M(15M) 0.132ms
[27.463s][info][gc] GC(10723) Pause Young (Allocation Failure) 10M->6M(15M) 0.182ms
[27.463s][info][gc] GC(10724) Pause Young (Allocation Failure) 10M->6M(15M) 0.209ms
[27.464s][info][gc] GC(10725) Pause Young (Allocation Failure) 10M->6M(15M) 0.171ms
[27.465s][info][gc] GC(10726) Pause Young (Allocation Failure) 10M->6M(15M) 0.165ms
[27.466s][info][gc] GC(10727) Pause Young (Allocation Failure) 10M->6M(15M) 0.199ms
[27.467s][info][gc] GC(10728) Pause Young (Allocation Failure) 11M->7M(15M) 0.231ms
[27.468s][info][gc] GC(10729) Pause Young (Allocation Failure) 11M->7M(15M) 0.165ms
[27.468s][info][gc] GC(10730) Pause Young (Allocation Failure) 11M->8M(15M) 0.220ms
[27.469s][info][gc] GC(10731) Pause Young (Allocation Failure) 12M->8M(15M) 0.181ms
[27.470s][info][gc] GC(10732) Pause Young (Allocation Failure) 12M->8M(15M) 0.183ms
[27.471s][info][gc] GC(10733) Pause Young (Allocation Failure) 12M->8M(15M) 0.169ms
[27.472s][info][gc] GC(10734) Pause Young (Allocation Failure) 12M->7M(15M) 0.169ms
[27.472s][info][gc] GC(10735) Pause Young (Allocation Failure) 12M->8M(15M) 0.190ms
[27.473s][info][gc] GC(10736) Pause Young (Allocation Failure) 12M->8M(15M) 0.196ms
[27.474s][info][gc] GC(10737) Pause Young (Allocation Failure) 12M->8M(15M) 0.168ms
[27.475s][info][gc] GC(10738) Pause Young (Allocation Failure) 12M->9M(15M) 0.212ms
[27.476s][info][gc] GC(10739) Pause Young (Allocation Failure) 13M->8M(15M) 0.166ms
[27.477s][info][gc] GC(10740) Pause Young (Allocation Failure) 13M->9M(15M) 0.184ms
[27.477s][info][gc] GC(10741) Pause Young (Allocation Failure) 13M->8M(15M) 0.166ms
[27.478s][info][gc] GC(10742) Pause Young (Allocation Failure) 13M->9M(15M) 0.205ms
[27.479s][info][gc] GC(10743) Pause Young (Allocation Failure) 13M->9M(15M) 0.204ms
[27.480s][info][gc] GC(10744) Pause Young (Allocation Failure) 14M->9M(15M) 0.196ms
[27.481s][info][gc] GC(10745) Pause Young (Allocation Failure) 14M->10M(15M) 0.205ms
[27.481s][info][gc] GC(10746) Pause Young (Allocation Failure) 14M->10M(15M) 0.155ms
[27.482s][info][gc] GC(10747) Pause Young (Allocation Failure) 14M->10M(15M) 0.183ms
[27.483s][info][gc] GC(10748) Pause Young (Allocation Failure) 14M->9M(15M) 0.168ms
[27.484s][info][gc] GC(10749) Pause Young (Allocation Failure) 14M->10M(15M) 0.179ms
[27.485s][info][gc] GC(10750) Pause Young (Allocation Failure) 14M->10M(15M) 0.192ms
[27.485s][info][gc] GC(10751) Pause Young (Allocation Failure) 14M->9M(15M) 0.166ms
[27.486s][info][gc] GC(10752) Pause Young (Allocation Failure) 14M->9M(15M) 0.169ms
[27.487s][info][gc] GC(10753) Pause Young (Allocation Failure) 14M->10M(15M) 0.178ms
[27.488s][info][gc] GC(10754) Pause Young (Allocation Failure) 14M->10M(15M) 0.187ms
[27.488s][info][gc] GC(10755) Pause Young (Allocation Failure) 14M->10M(15M) 0.207ms
[27.489s][info][gc] GC(10756) Pause Young (Allocation Failure) 14M->10M(15M) 0.156ms
[27.490s][info][gc] GC(10757) Pause Young (Allocation Failure) 15M->15M(15M) 0.025ms
[27.496s][info][gc] GC(10758) Pause Full (Allocation Failure) 15M->5M(15M) 6.035ms
[27.497s][info][gc] GC(10759) Pause Young (Allocation Failure) 9M->5M(15M) 0.183ms
[27.498s][info][gc] GC(10760) Pause Young (Allocation Failure) 9M->5M(15M) 0.146ms
[27.499s][info][gc] GC(10761) Pause Young (Allocation Failure) 10M->5M(15M) 0.163ms
[27.499s][info][gc] GC(10762) Pause Young (Allocation Failure) 9M->5M(15M) 0.161ms
[27.500s][info][gc] GC(10763) Pause Young (Allocation Failure) 9M->6M(15M) 0.198ms
[27.501s][info][gc] GC(10764) Pause Young (Allocation Failure) 10M->6M(15M) 0.201ms
[27.502s][info][gc] GC(10765) Pause Young (Allocation Failure) 10M->6M(15M) 0.185ms
[27.502s][info][gc] GC(10766) Pause Young (Allocation Failure) 10M->6M(15M) 0.188ms
[27.503s][info][gc] GC(10767) Pause Young (Allocation Failure) 10M->6M(15M) 0.194ms
[27.504s][info][gc] GC(10768) Pause Young (Allocation Failure) 10M->6M(15M) 0.194ms
[27.505s][info][gc] GC(10769) Pause Young (Allocation Failure) 10M->6M(15M) 0.174ms
[27.506s][info][gc] GC(10770) Pause Young (Allocation Failure) 10M->6M(15M) 0.169ms
[27.507s][info][gc] GC(10771) Pause Young (Allocation Failure) 10M->6M(15M) 0.166ms
[27.507s][info][gc] GC(10772) Pause Young (Allocation Failure) 10M->7M(15M) 0.209ms
[27.508s][info][gc] GC(10773) Pause Young (Allocation Failure) 11M->6M(15M) 0.169ms
[27.509s][info][gc] GC(10774) Pause Young (Allocation Failure) 11M->6M(15M) 0.166ms
[27.510s][info][gc] GC(10775) Pause Young (Allocation Failure) 10M->7M(15M) 0.187ms
[27.511s][info][gc] GC(10776) Pause Young (Allocation Failure) 11M->6M(15M) 0.179ms
[27.511s][info][gc] GC(10777) Pause Young (Allocation Failure) 11M->7M(15M) 0.184ms
[27.512s][info][gc] GC(10778) Pause Young (Allocation Failure) 11M->6M(15M) 0.173ms
[27.513s][info][gc] GC(10779) Pause Young (Allocation Failure) 11M->6M(15M) 0.163ms
[27.514s][info][gc] GC(10780) Pause Young (Allocation Failure) 11M->6M(15M) 0.168ms
[27.515s][info][gc] GC(10781) Pause Young (Allocation Failure) 11M->6M(15M) 0.186ms
[27.515s][info][gc] GC(10782) Pause Young (Allocation Failure) 11M->6M(15M) 0.170ms
[27.516s][info][gc] GC(10783) Pause Young (Allocation Failure) 11M->7M(15M) 0.198ms
[27.517s][info][gc] GC(10784) Pause Young (Allocation Failure) 11M->7M(15M) 0.172ms
[27.518s][info][gc] GC(10785) Pause Young (Allocation Failure) 11M->7M(15M) 0.179ms
[27.519s][info][gc] GC(10786) Pause Young (Allocation Failure) 11M->7M(15M) 0.205ms
[27.520s][info][gc] GC(10787) Pause Young (Allocation Failure) 11M->7M(15M) 0.195ms
[27.520s][info][gc] GC(10788) Pause Young (Allocation Failure) 11M->7M(15M) 0.191ms
[27.521s][info][gc] GC(10789) Pause Young (Allocation Failure) 11M->7M(15M) 0.185ms
[27.522s][info][gc] GC(10790) Pause Young (Allocation Failure) 11M->7M(15M) 0.181ms
[27.523s][info][gc] GC(10791) Pause Young (Allocation Failure) 11M->7M(15M) 0.178ms
[27.524s][info][gc] GC(10792) Pause Young (Allocation Failure) 11M->7M(15M) 0.167ms
[27.525s][info][gc] GC(10793) Pause Young (Allocation Failure) 11M->7M(15M) 0.175ms
[27.525s][info][gc] GC(10794) Pause Young (Allocation Failure) 11M->7M(15M) 0.200ms
[27.526s][info][gc] GC(10795) Pause Young (Allocation Failure) 12M->7M(15M) 0.164ms
[27.527s][info][gc] GC(10796) Pause Young (Allocation Failure) 11M->7M(15M) 0.180ms
[27.528s][info][gc] GC(10797) Pause Young (Allocation Failure) 12M->7M(15M) 0.171ms
[27.529s][info][gc] GC(10798) Pause Young (Allocation Failure) 11M->7M(15M) 0.192ms
[27.530s][info][gc] GC(10799) Pause Young (Allocation Failure) 12M->7M(15M) 0.199ms
[27.530s][info][gc] GC(10800) Pause Young (Allocation Failure) 12M->7M(15M) 0.169ms
[27.531s][info][gc] GC(10801) Pause Young (Allocation Failure) 11M->8M(15M) 0.225ms
[27.532s][info][gc] GC(10802) Pause Young (Allocation Failure) 12M->8M(15M) 0.221ms
[27.533s][info][gc] GC(10803) Pause Young (Allocation Failure) 13M->8M(15M) 0.174ms
[27.534s][info][gc] GC(10804) Pause Young (Allocation Failure) 13M->9M(15M) 0.209ms
[27.534s][info][gc] GC(10805) Pause Young (Allocation Failure) 13M->9M(15M) 0.174ms
[27.535s][info][gc] GC(10806) Pause Young (Allocation Failure) 13M->9M(15M) 0.210ms
[27.536s][info][gc] GC(10807) Pause Young (Allocation Failure) 13M->10M(15M) 0.203ms
[27.537s][info][gc] GC(10808) Pause Young (Allocation Failure) 14M->9M(15M) 0.181ms
[27.538s][info][gc] GC(10809) Pause Young (Allocation Failure) 14M->10M(15M) 0.178ms
[27.539s][info][gc] GC(10810) Pause Young (Allocation Failure) 14M->9M(15M) 0.166ms
[27.539s][info][gc] GC(10811) Pause Young (Allocation Failure) 14M->10M(15M) 0.183ms
[27.540s][info][gc] GC(10812) Pause Young (Allocation Failure) 14M->10M(15M) 0.210ms
[27.541s][info][gc] GC(10813) Pause Young (Allocation Failure) 15M->15M(15M) 0.025ms
[27.547s][info][gc] GC(10814) Pause Full (Allocation Failure) 15M->6M(15M) 6.065ms
[27.548s][info][gc] GC(10815) Pause Young (Allocation Failure) 10M->7M(15M) 0.187ms
[27.549s][info][gc] GC(10816) Pause Young (Allocation Failure) 11M->6M(15M) 0.182ms
[27.549s][info][gc] GC(10817) Pause Young (Allocation Failure) 11M->6M(15M) 0.167ms
[27.550s][info][gc] GC(10818) Pause Young (Allocation Failure) 11M->6M(15M) 0.166ms
[27.551s][info][gc] GC(10819) Pause Young (Allocation Failure) 11M->7M(15M) 0.182ms
[27.552s][info][gc] GC(10820) Pause Young (Allocation Failure) 11M->7M(15M) 0.165ms
[27.552s][info][gc] GC(10821) Pause Young (Allocation Failure) 11M->8M(15M) 0.246ms
[27.553s][info][gc] GC(10822) Pause Young (Allocation Failure) 12M->8M(15M) 0.189ms
[27.554s][info][gc] GC(10823) Pause Young (Allocation Failure) 12M->8M(15M) 0.190ms
[27.555s][info][gc] GC(10824) Pause Young (Allocation Failure) 12M->8M(15M) 0.185ms
[27.556s][info][gc] GC(10825) Pause Young (Allocation Failure) 13M->8M(15M) 0.179ms
[27.556s][info][gc] GC(10826) Pause Young (Allocation Failure) 13M->9M(15M) 0.213ms
[27.557s][info][gc] GC(10827) Pause Young (Allocation Failure) 13M->8M(15M) 0.169ms
[27.558s][info][gc] GC(10828) Pause Young (Allocation Failure) 13M->8M(15M) 0.163ms
[27.559s][info][gc] GC(10829) Pause Young (Allocation Failure) 13M->8M(15M) 0.171ms
[27.560s][info][gc] GC(10830) Pause Young (Allocation Failure) 13M->9M(15M) 0.174ms
[27.561s][info][gc] GC(10831) Pause Young (Allocation Failure) 13M->8M(15M) 0.166ms
[27.561s][info][gc] GC(10832) Pause Young (Allocation Failure) 13M->8M(15M) 0.166ms
[27.562s][info][gc] GC(10833) Pause Young (Allocation Failure) 13M->9M(15M) 0.186ms
[27.563s][info][gc] GC(10834) Pause Young (Allocation Failure) 13M->9M(15M) 0.170ms
[27.564s][info][gc] GC(10835) Pause Young (Allocation Failure) 13M->9M(15M) 0.184ms
[27.564s][info][gc] GC(10836) Pause Young (Allocation Failure) 13M->9M(15M) 0.205ms
[27.565s][info][gc] GC(10837) Pause Young (Allocation Failure) 13M->9M(15M) 0.192ms
[27.566s][info][gc] GC(10838) Pause Young (Allocation Failure) 13M->9M(15M) 0.133ms
[27.567s][info][gc] GC(10839) Pause Young (Allocation Failure) 13M->9M(15M) 0.183ms
[27.568s][info][gc] GC(10840) Pause Young (Allocation Failure) 13M->9M(15M) 0.164ms
[27.569s][info][gc] GC(10841) Pause Young (Allocation Failure) 13M->9M(15M) 0.162ms
[27.569s][info][gc] GC(10842) Pause Young (Allocation Failure) 13M->9M(15M) 0.177ms
[27.570s][info][gc] GC(10843) Pause Young (Allocation Failure) 13M->9M(15M) 0.171ms
[27.571s][info][gc] GC(10844) Pause Young (Allocation Failure) 13M->9M(15M) 0.177ms
[27.572s][info][gc] GC(10845) Pause Young (Allocation Failure) 13M->9M(15M) 0.184ms
[27.573s][info][gc] GC(10846) Pause Young (Allocation Failure) 14M->9M(15M) 0.173ms
[27.573s][info][gc] GC(10847) Pause Young (Allocation Failure) 13M->9M(15M) 0.193ms
[27.574s][info][gc] GC(10848) Pause Young (Allocation Failure) 14M->10M(15M) 0.199ms
[27.575s][info][gc] GC(10849) Pause Young (Allocation Failure) 14M->10M(15M) 0.197ms
[27.576s][info][gc] GC(10850) Pause Young (Allocation Failure) 14M->10M(15M) 0.184ms
[27.577s][info][gc] GC(10851) Pause Young (Allocation Failure) 14M->10M(15M) 0.178ms
[27.577s][info][gc] GC(10852) Pause Young (Allocation Failure) 14M->10M(15M) 0.161ms
[27.578s][info][gc] GC(10853) Pause Young (Allocation Failure) 14M->10M(15M) 0.204ms
[27.579s][info][gc] GC(10854) Pause Young (Allocation Failure) 15M->15M(15M) 0.025ms
[27.585s][info][gc] GC(10855) Pause Full (Allocation Failure) 15M->5M(15M) 6.009ms
[27.586s][info][gc] GC(10856) Pause Young (Allocation Failure) 9M->6M(15M) 0.191ms
[27.586s][info][gc] GC(10857) Pause Young (Allocation Failure) 10M->6M(15M) 0.197ms
[27.587s][info][gc] GC(10858) Pause Young (Allocation Failure) 10M->6M(15M) 0.199ms
[27.588s][info][gc] GC(10859) Pause Young (Allocation Failure) 10M->6M(15M) 0.165ms
[27.588s][info][gc] GC(10860) Pause Young (Allocation Failure) 10M->6M(15M) 0.184ms
[27.589s][info][gc] GC(10861) Pause Young (Allocation Failure) 10M->6M(15M) 0.172ms
[27.590s][info][gc] GC(10862) Pause Young (Allocation Failure) 10M->6M(15M) 0.184ms
[27.591s][info][gc] GC(10863) Pause Young (Allocation Failure) 10M->6M(15M) 0.174ms
[27.592s][info][gc] GC(10864) Pause Young (Allocation Failure) 10M->6M(15M) 0.195ms
[27.593s][info][gc] GC(10865) Pause Young (Allocation Failure) 11M->6M(15M) 0.165ms
[27.594s][info][gc] GC(10866) Pause Young (Allocation Failure) 10M->6M(15M) 0.166ms
[27.594s][info][gc] GC(10867) Pause Young (Allocation Failure) 10M->7M(15M) 0.171ms
[27.595s][info][gc] GC(10868) Pause Young (Allocation Failure) 11M->6M(15M) 0.176ms
[27.596s][info][gc] GC(10869) Pause Young (Allocation Failure) 11M->7M(15M) 0.179ms
[27.597s][info][gc] GC(10870) Pause Young (Allocation Failure) 11M->6M(15M) 0.170ms
[27.597s][info][gc] GC(10871) Pause Young (Allocation Failure) 11M->7M(15M) 0.187ms
[27.598s][info][gc] GC(10872) Pause Young (Allocation Failure) 11M->7M(15M) 0.223ms
[27.599s][info][gc] GC(10873) Pause Young (Allocation Failure) 12M->7M(15M) 0.165ms
[27.600s][info][gc] GC(10874) Pause Young (Allocation Failure) 11M->7M(15M) 0.176ms
[27.601s][info][gc] GC(10875) Pause Young (Allocation Failure) 11M->7M(15M) 0.178ms
[27.602s][info][gc] GC(10876) Pause Young (Allocation Failure) 12M->7M(15M) 0.164ms
[27.602s][info][gc] GC(10877) Pause Young (Allocation Failure) 11M->7M(15M) 0.178ms
[27.603s][info][gc] GC(10878) Pause Young (Allocation Failure) 11M->7M(15M) 0.190ms
[27.604s][info][gc] GC(10879) Pause Young (Allocation Failure) 12M->8M(15M) 0.171ms
[27.605s][info][gc] GC(10880) Pause Young (Allocation Failure) 12M->7M(15M) 0.170ms
[27.606s][info][gc] GC(10881) Pause Young (Allocation Failure) 12M->8M(15M) 0.180ms
[27.606s][info][gc] GC(10882) Pause Young (Allocation Failure) 12M->8M(15M) 0.208ms
[27.607s][info][gc] GC(10883) Pause Young (Allocation Failure) 12M->8M(15M) 0.180ms
[27.608s][info][gc] GC(10884) Pause Young (Allocation Failure) 12M->8M(15M) 0.169ms
[27.609s][info][gc] GC(10885) Pause Young (Allocation Failure) 12M->8M(15M) 0.200ms
[27.610s][info][gc] GC(10886) Pause Young (Allocation Failure) 12M->8M(15M) 0.180ms
[27.610s][info][gc] GC(10887) Pause Young (Allocation Failure) 12M->9M(15M) 0.224ms
[27.611s][info][gc] GC(10888) Pause Young (Allocation Failure) 13M->9M(15M) 0.186ms
[27.612s][info][gc] GC(10889) Pause Young (Allocation Failure) 13M->9M(15M) 0.179ms
[27.613s][info][gc] GC(10890) Pause Young (Allocation Failure) 13M->8M(15M) 0.176ms
[27.614s][info][gc] GC(10891) Pause Young (Allocation Failure) 13M->9M(15M) 0.219ms
[27.614s][info][gc] GC(10892) Pause Young (Allocation Failure) 13M->9M(15M) 0.173ms
[27.615s][info][gc] GC(10893) Pause Young (Allocation Failure) 13M->9M(15M) 0.198ms
[27.616s][info][gc] GC(10894) Pause Young (Allocation Failure) 14M->9M(15M) 0.182ms
[27.617s][info][gc] GC(10895) Pause Young (Allocation Failure) 14M->10M(15M) 0.193ms
[27.618s][info][gc] GC(10896) Pause Young (Allocation Failure) 14M->10M(15M) 0.185ms
[27.618s][info][gc] GC(10897) Pause Young (Allocation Failure) 14M->9M(15M) 0.175ms
[27.619s][info][gc] GC(10898) Pause Young (Allocation Failure) 14M->10M(15M) 0.221ms
[27.620s][info][gc] GC(10899) Pause Young (Allocation Failure) 14M->14M(15M) 0.025ms
[27.626s][info][gc] GC(10900) Pause Full (Allocation Failure) 14M->5M(15M) 5.916ms
[27.627s][info][gc] GC(10901) Pause Young (Allocation Failure) 9M->5M(15M) 0.170ms
[27.628s][info][gc] GC(10902) Pause Young (Allocation Failure) 9M->5M(15M) 0.186ms
[27.628s][info][gc] GC(10903) Pause Young (Allocation Failure) 10M->5M(15M) 0.187ms
[27.629s][info][gc] GC(10904) Pause Young (Allocation Failure) 10M->5M(15M) 0.183ms
[27.630s][info][gc] GC(10905) Pause Young (Allocation Failure) 10M->5M(15M) 0.175ms
[27.631s][info][gc] GC(10906) Pause Young (Allocation Failure) 10M->5M(15M) 0.164ms
[27.631s][info][gc] GC(10907) Pause Young (Allocation Failure) 9M->6M(15M) 0.202ms
[27.632s][info][gc] GC(10908) Pause Young (Allocation Failure) 10M->6M(15M) 0.189ms
[27.633s][info][gc] GC(10909) Pause Young (Allocation Failure) 10M->6M(15M) 0.181ms
[27.634s][info][gc] GC(10910) Pause Young (Allocation Failure) 10M->5M(15M) 0.169ms
[27.635s][info][gc] GC(10911) Pause Young (Allocation Failure) 10M->6M(15M) 0.191ms
[27.636s][info][gc] GC(10912) Pause Young (Allocation Failure) 10M->6M(15M) 0.176ms
[27.637s][info][gc] GC(10913) Pause Young (Allocation Failure) 10M->6M(15M) 0.189ms
[27.637s][info][gc] GC(10914) Pause Young (Allocation Failure) 10M->6M(15M) 0.172ms
[27.638s][info][gc] GC(10915) Pause Young (Allocation Failure) 10M->6M(15M) 0.183ms
[27.639s][info][gc] GC(10916) Pause Young (Allocation Failure) 10M->7M(15M) 0.217ms
[27.640s][info][gc] GC(10917) Pause Young (Allocation Failure) 11M->7M(15M) 0.179ms
[27.641s][info][gc] GC(10918) Pause Young (Allocation Failure) 11M->6M(15M) 0.165ms
[27.641s][info][gc] GC(10919) Pause Young (Allocation Failure) 11M->7M(15M) 0.202ms
[27.642s][info][gc] GC(10920) Pause Young (Allocation Failure) 11M->7M(15M) 0.170ms
[27.643s][info][gc] GC(10921) Pause Young (Allocation Failure) 11M->7M(15M) 0.199ms
[27.644s][info][gc] GC(10922) Pause Young (Allocation Failure) 11M->7M(15M) 0.183ms
[27.644s][info][gc] GC(10923) Pause Young (Allocation Failure) 11M->7M(15M) 0.185ms
[27.645s][info][gc] GC(10924) Pause Young (Allocation Failure) 11M->7M(15M) 0.194ms
[27.646s][info][gc] GC(10925) Pause Young (Allocation Failure) 12M->7M(15M) 0.169ms
[27.647s][info][gc] GC(10926) Pause Young (Allocation Failure) 11M->8M(15M) 0.204ms
[27.648s][info][gc] GC(10927) Pause Young (Allocation Failure) 12M->8M(15M) 0.182ms
[27.649s][info][gc] GC(10928) Pause Young (Allocation Failure) 12M->7M(15M) 0.177ms
[27.649s][info][gc] GC(10929) Pause Young (Allocation Failure) 12M->7M(15M) 0.166ms
[27.650s][info][gc] GC(10930) Pause Young (Allocation Failure) 12M->7M(15M) 0.190ms
[27.651s][info][gc] GC(10931) Pause Young (Allocation Failure) 12M->8M(15M) 0.232ms
[27.652s][info][gc] GC(10932) Pause Young (Allocation Failure) 13M->8M(15M) 0.164ms
[27.653s][info][gc] GC(10933) Pause Young (Allocation Failure) 12M->8M(15M) 0.179ms
[27.654s][info][gc] GC(10934) Pause Young (Allocation Failure) 13M->8M(15M) 0.182ms
[27.654s][info][gc] GC(10935) Pause Young (Allocation Failure) 13M->8M(15M) 0.187ms
[27.655s][info][gc] GC(10936) Pause Young (Allocation Failure) 13M->9M(15M) 0.213ms
[27.656s][info][gc] GC(10937) Pause Young (Allocation Failure) 13M->9M(15M) 0.186ms
[27.657s][info][gc] GC(10938) Pause Young (Allocation Failure) 13M->9M(15M) 0.175ms
[27.657s][info][gc] GC(10939) Pause Young (Allocation Failure) 13M->9M(15M) 0.167ms
[27.658s][info][gc] GC(10940) Pause Young (Allocation Failure) 13M->9M(15M) 0.181ms
[27.659s][info][gc] GC(10941) Pause Young (Allocation Failure) 13M->9M(15M) 0.186ms
[27.660s][info][gc] GC(10942) Pause Young (Allocation Failure) 13M->9M(15M) 0.203ms
[27.661s][info][gc] GC(10943) Pause Young (Allocation Failure) 14M->9M(15M) 0.176ms
[27.661s][info][gc] GC(10944) Pause Young (Allocation Failure) 13M->9M(15M) 0.194ms
[27.662s][info][gc] GC(10945) Pause Young (Allocation Failure) 14M->9M(15M) 0.190ms
[27.663s][info][gc] GC(10946) Pause Young (Allocation Failure) 14M->9M(15M) 0.170ms
[27.664s][info][gc] GC(10947) Pause Young (Allocation Failure) 14M->9M(15M) 0.158ms
[27.665s][info][gc] GC(10948) Pause Young (Allocation Failure) 13M->10M(15M) 0.197ms
[27.665s][info][gc] GC(10949) Pause Young (Allocation Failure) 14M->10M(15M) 0.188ms
[27.666s][info][gc] GC(10950) Pause Young (Allocation Failure) 14M->10M(15M) 0.175ms
[27.667s][info][gc] GC(10951) Pause Young (Allocation Failure) 14M->10M(15M) 0.184ms
[27.668s][info][gc] GC(10952) Pause Young (Allocation Failure) 14M->10M(15M) 0.181ms
[27.669s][info][gc] GC(10953) Pause Young (Allocation Failure) 14M->10M(15M) 0.170ms
[27.669s][info][gc] GC(10954) Pause Young (Allocation Failure) 14M->9M(15M) 0.169ms
[27.670s][info][gc] GC(10955) Pause Young (Allocation Failure) 14M->10M(15M) 0.195ms
[27.671s][info][gc] GC(10956) Pause Young (Allocation Failure) 14M->10M(15M) 0.182ms
[27.672s][info][gc] GC(10957) Pause Young (Allocation Failure) 14M->10M(15M) 0.166ms
[27.672s][info][gc] GC(10958) Pause Young (Allocation Failure) 14M->10M(15M) 0.177ms
[27.673s][info][gc] GC(10959) Pause Young (Allocation Failure) 14M->10M(15M) 0.171ms
[27.674s][info][gc] GC(10960) Pause Young (Allocation Failure) 14M->10M(15M) 0.215ms
[27.675s][info][gc] GC(10961) Pause Young (Allocation Failure) 15M->15M(15M) 0.025ms
[27.681s][info][gc] GC(10962) Pause Full (Allocation Failure) 15M->5M(15M) 5.891ms
[27.681s][info][gc] GC(10963) Pause Young (Allocation Failure) 9M->6M(15M) 0.215ms
[27.682s][info][gc] GC(10964) Pause Young (Allocation Failure) 10M->6M(15M) 0.195ms
[27.683s][info][gc] GC(10965) Pause Young (Allocation Failure) 10M->6M(15M) 0.176ms
[27.684s][info][gc] GC(10966) Pause Young (Allocation Failure) 10M->6M(15M) 0.167ms
[27.685s][info][gc] GC(10967) Pause Young (Allocation Failure) 10M->6M(15M) 0.181ms
[27.686s][info][gc] GC(10968) Pause Young (Allocation Failure) 11M->6M(15M) 0.183ms
[27.686s][info][gc] GC(10969) Pause Young (Allocation Failure) 11M->7M(15M) 0.161ms
[27.687s][info][gc] GC(10970) Pause Young (Allocation Failure) 11M->7M(15M) 0.197ms
[27.688s][info][gc] GC(10971) Pause Young (Allocation Failure) 11M->7M(15M) 0.176ms
[27.689s][info][gc] GC(10972) Pause Young (Allocation Failure) 11M->7M(15M) 0.189ms
[27.690s][info][gc] GC(10973) Pause Young (Allocation Failure) 11M->7M(15M) 0.177ms
[27.690s][info][gc] GC(10974) Pause Young (Allocation Failure) 11M->7M(15M) 0.181ms
[27.691s][info][gc] GC(10975) Pause Young (Allocation Failure) 11M->7M(15M) 0.178ms
[27.692s][info][gc] GC(10976) Pause Young (Allocation Failure) 11M->7M(15M) 0.198ms
[27.693s][info][gc] GC(10977) Pause Young (Allocation Failure) 11M->7M(15M) 0.183ms
[27.694s][info][gc] GC(10978) Pause Young (Allocation Failure) 11M->8M(15M) 0.216ms
[27.694s][info][gc] GC(10979) Pause Young (Allocation Failure) 12M->8M(15M) 0.189ms
[27.695s][info][gc] GC(10980) Pause Young (Allocation Failure) 12M->8M(15M) 0.174ms
[27.696s][info][gc] GC(10981) Pause Young (Allocation Failure) 12M->8M(15M) 0.176ms
[27.697s][info][gc] GC(10982) Pause Young (Allocation Failure) 12M->8M(15M) 0.174ms
[27.697s][info][gc] GC(10983) Pause Young (Allocation Failure) 12M->8M(15M) 0.193ms
[27.698s][info][gc] GC(10984) Pause Young (Allocation Failure) 12M->7M(15M) 0.162ms
[27.699s][info][gc] GC(10985) Pause Young (Allocation Failure) 12M->8M(15M) 0.189ms
[27.700s][info][gc] GC(10986) Pause Young (Allocation Failure) 12M->8M(15M) 0.174ms
[27.700s][info][gc] GC(10987) Pause Young (Allocation Failure) 12M->8M(15M) 0.214ms
[27.701s][info][gc] GC(10988) Pause Young (Allocation Failure) 13M->8M(15M) 0.173ms
[27.702s][info][gc] GC(10989) Pause Young (Allocation Failure) 13M->8M(15M) 0.130ms
[27.703s][info][gc] GC(10990) Pause Young (Allocation Failure) 13M->8M(15M) 0.176ms
[27.704s][info][gc] GC(10991) Pause Young (Allocation Failure) 12M->8M(15M) 0.168ms
[27.705s][info][gc] GC(10992) Pause Young (Allocation Failure) 12M->8M(15M) 0.180ms
[27.705s][info][gc] GC(10993) Pause Young (Allocation Failure) 13M->8M(15M) 0.173ms
[27.706s][info][gc] GC(10994) Pause Young (Allocation Failure) 13M->9M(15M) 0.177ms
[27.707s][info][gc] GC(10995) Pause Young (Allocation Failure) 13M->9M(15M) 0.183ms
[27.708s][info][gc] GC(10996) Pause Young (Allocation Failure) 13M->8M(15M) 0.177ms
[27.709s][info][gc] GC(10997) Pause Young (Allocation Failure) 13M->9M(15M) 0.191ms
[27.710s][info][gc] GC(10998) Pause Young (Allocation Failure) 13M->8M(15M) 0.170ms
[27.710s][info][gc] GC(10999) Pause Young (Allocation Failure) 13M->8M(15M) 0.160ms
[27.711s][info][gc] GC(11000) Pause Young (Allocation Failure) 13M->9M(15M) 0.185ms
[27.712s][info][gc] GC(11001) Pause Young (Allocation Failure) 13M->8M(15M) 0.170ms
[27.713s][info][gc] GC(11002) Pause Young (Allocation Failure) 13M->9M(15M) 0.185ms
[27.713s][info][gc] GC(11003) Pause Young (Allocation Failure) 13M->9M(15M) 0.205ms
[27.714s][info][gc] GC(11004) Pause Young (Allocation Failure) 13M->9M(15M) 0.196ms
[27.715s][info][gc] GC(11005) Pause Young (Allocation Failure) 14M->10M(15M) 0.183ms
[27.716s][info][gc] GC(11006) Pause Young (Allocation Failure) 14M->9M(15M) 0.176ms
[27.716s][info][gc] GC(11007) Pause Young (Allocation Failure) 14M->9M(15M) 0.174ms
[27.717s][info][gc] GC(11008) Pause Young (Allocation Failure) 14M->9M(15M) 0.169ms
[27.718s][info][gc] GC(11009) Pause Young (Allocation Failure) 14M->10M(15M) 0.184ms
[27.719s][info][gc] GC(11010) Pause Young (Allocation Failure) 14M->10M(15M) 0.199ms
[27.720s][info][gc] GC(11011) Pause Young (Allocation Failure) 14M->10M(15M) 0.170ms
[27.720s][info][gc] GC(11012) Pause Young (Allocation Failure) 14M->9M(15M) 0.167ms
[27.721s][info][gc] GC(11013) Pause Young (Allocation Failure) 14M->10M(15M) 0.201ms
[27.722s][info][gc] GC(11014) Pause Young (Allocation Failure) 14M->10M(15M) 0.164ms
[27.722s][info][gc] GC(11015) Pause Young (Allocation Failure) 14M->10M(15M) 0.182ms
[27.723s][info][gc] GC(11016) Pause Young (Allocation Failure) 14M->11M(15M) 0.202ms
[27.724s][info][gc] GC(11017) Pause Young (Allocation Failure) 15M->15M(15M) 0.029ms
[27.730s][info][gc] GC(11018) Pause Full (Allocation Failure) 15M->5M(15M) 6.111ms
[27.731s][info][gc] GC(11019) Pause Young (Allocation Failure) 9M->6M(15M) 0.207ms
[27.732s][info][gc] GC(11020) Pause Young (Allocation Failure) 10M->5M(15M) 0.177ms
[27.733s][info][gc] GC(11021) Pause Young (Allocation Failure) 10M->5M(15M) 0.159ms
[27.733s][info][gc] GC(11022) Pause Young (Allocation Failure) 10M->6M(15M) 0.190ms
[27.734s][info][gc] GC(11023) Pause Young (Allocation Failure) 10M->6M(15M) 0.183ms
[27.735s][info][gc] GC(11024) Pause Young (Allocation Failure) 10M->6M(15M) 0.213ms
[27.736s][info][gc] GC(11025) Pause Young (Allocation Failure) 10M->6M(15M) 0.187ms
[27.737s][info][gc] GC(11026) Pause Young (Allocation Failure) 10M->6M(15M) 0.177ms
[27.737s][info][gc] GC(11027) Pause Young (Allocation Failure) 10M->6M(15M) 0.176ms
[27.738s][info][gc] GC(11028) Pause Young (Allocation Failure) 10M->6M(15M) 0.181ms
[27.739s][info][gc] GC(11029) Pause Young (Allocation Failure) 10M->6M(15M) 0.176ms
[27.740s][info][gc] GC(11030) Pause Young (Allocation Failure) 10M->6M(15M) 0.189ms
[27.740s][info][gc] GC(11031) Pause Young (Allocation Failure) 10M->6M(15M) 0.189ms
[27.741s][info][gc] GC(11032) Pause Young (Allocation Failure) 11M->6M(15M) 0.151ms
[27.742s][info][gc] GC(11033) Pause Young (Allocation Failure) 11M->7M(15M) 0.189ms
[27.743s][info][gc] GC(11034) Pause Young (Allocation Failure) 11M->7M(15M) 0.186ms
[27.744s][info][gc] GC(11035) Pause Young (Allocation Failure) 11M->7M(15M) 0.164ms
[27.744s][info][gc] GC(11036) Pause Young (Allocation Failure) 11M->7M(15M) 0.197ms
[27.745s][info][gc] GC(11037) Pause Young (Allocation Failure) 11M->7M(15M) 0.179ms
[27.746s][info][gc] GC(11038) Pause Young (Allocation Failure) 11M->7M(15M) 0.188ms
[27.747s][info][gc] GC(11039) Pause Young (Allocation Failure) 11M->7M(15M) 0.164ms
[27.748s][info][gc] GC(11040) Pause Young (Allocation Failure) 11M->7M(15M) 0.163ms
[27.749s][info][gc] GC(11041) Pause Young (Allocation Failure) 11M->7M(15M) 0.179ms
[27.749s][info][gc] GC(11042) Pause Young (Allocation Failure) 11M->7M(15M) 0.200ms
[27.750s][info][gc] GC(11043) Pause Young (Allocation Failure) 12M->7M(15M) 0.186ms
[27.751s][info][gc] GC(11044) Pause Young (Allocation Failure) 12M->7M(15M) 0.169ms
[27.752s][info][gc] GC(11045) Pause Young (Allocation Failure) 11M->7M(15M) 0.178ms
[27.753s][info][gc] GC(11046) Pause Young (Allocation Failure) 11M->8M(15M) 0.211ms
[27.754s][info][gc] GC(11047) Pause Young (Allocation Failure) 12M->8M(15M) 0.179ms
[27.754s][info][gc] GC(11048) Pause Young (Allocation Failure) 12M->8M(15M) 0.179ms
[27.755s][info][gc] GC(11049) Pause Young (Allocation Failure) 12M->8M(15M) 0.188ms
[27.756s][info][gc] GC(11050) Pause Young (Allocation Failure) 12M->8M(15M) 0.182ms
[27.757s][info][gc] GC(11051) Pause Young (Allocation Failure) 12M->8M(15M) 0.184ms
[27.758s][info][gc] GC(11052) Pause Young (Allocation Failure) 12M->8M(15M) 0.166ms
[27.758s][info][gc] GC(11053) Pause Young (Allocation Failure) 12M->8M(15M) 0.195ms
[27.759s][info][gc] GC(11054) Pause Young (Allocation Failure) 13M->8M(15M) 0.173ms
[27.760s][info][gc] GC(11055) Pause Young (Allocation Failure) 12M->8M(15M) 0.166ms
[27.761s][info][gc] GC(11056) Pause Young (Allocation Failure) 12M->8M(15M) 0.171ms
[27.761s][info][gc] GC(11057) Pause Young (Allocation Failure) 12M->8M(15M) 0.174ms
[27.762s][info][gc] GC(11058) Pause Young (Allocation Failure) 12M->9M(15M) 0.229ms
[27.763s][info][gc] GC(11059) Pause Young (Allocation Failure) 13M->9M(15M) 0.175ms
[27.764s][info][gc] GC(11060) Pause Young (Allocation Failure) 13M->9M(15M) 0.178ms
[27.764s][info][gc] GC(11061) Pause Young (Allocation Failure) 13M->9M(15M) 0.161ms
[27.765s][info][gc] GC(11062) Pause Young (Allocation Failure) 13M->9M(15M) 0.199ms
[27.766s][info][gc] GC(11063) Pause Young (Allocation Failure) 14M->10M(15M) 0.214ms
[27.767s][info][gc] GC(11064) Pause Young (Allocation Failure) 14M->10M(15M) 0.178ms
[27.768s][info][gc] GC(11065) Pause Young (Allocation Failure) 14M->10M(15M) 0.185ms
[27.768s][info][gc] GC(11066) Pause Young (Allocation Failure) 14M->10M(15M) 0.206ms
[27.769s][info][gc] GC(11067) Pause Young (Allocation Failure) 14M->10M(15M) 0.167ms
[27.770s][info][gc] GC(11068) Pause Young (Allocation Failure) 14M->10M(15M) 0.185ms
[27.771s][info][gc] GC(11069) Pause Young (Allocation Failure) 14M->10M(15M) 0.152ms
[27.772s][info][gc] GC(11070) Pause Young (Allocation Failure) 14M->10M(15M) 0.168ms
[27.772s][info][gc] GC(11071) Pause Young (Allocation Failure) 14M->10M(15M) 0.158ms
[27.773s][info][gc] GC(11072) Pause Young (Allocation Failure) 15M->15M(15M) 0.025ms
[27.779s][info][gc] GC(11073) Pause Full (Allocation Failure) 15M->5M(15M) 6.011ms
[27.780s][info][gc] GC(11074) Pause Young (Allocation Failure) 9M->6M(15M) 0.198ms
[27.781s][info][gc] GC(11075) Pause Young (Allocation Failure) 10M->6M(15M) 0.191ms
[27.782s][info][gc] GC(11076) Pause Young (Allocation Failure) 10M->6M(15M) 0.184ms
[27.782s][info][gc] GC(11077) Pause Young (Allocation Failure) 10M->6M(15M) 0.180ms
[27.783s][info][gc] GC(11078) Pause Young (Allocation Failure) 10M->5M(15M) 0.172ms
[27.784s][info][gc] GC(11079) Pause Young (Allocation Failure) 10M->6M(15M) 0.183ms
[27.785s][info][gc] GC(11080) Pause Young (Allocation Failure) 10M->6M(15M) 0.187ms
[27.786s][info][gc] GC(11081) Pause Young (Allocation Failure) 10M->6M(15M) 0.183ms
[27.786s][info][gc] GC(11082) Pause Young (Allocation Failure) 10M->6M(15M) 0.186ms
[27.787s][info][gc] GC(11083) Pause Young (Allocation Failure) 10M->6M(15M) 0.225ms
[27.788s][info][gc] GC(11084) Pause Young (Allocation Failure) 11M->6M(15M) 0.177ms
[27.789s][info][gc] GC(11085) Pause Young (Allocation Failure) 11M->6M(15M) 0.182ms
[27.789s][info][gc] GC(11086) Pause Young (Allocation Failure) 11M->6M(15M) 0.174ms
[27.790s][info][gc] GC(11087) Pause Young (Allocation Failure) 11M->6M(15M) 0.176ms
[27.791s][info][gc] GC(11088) Pause Young (Allocation Failure) 10M->7M(15M) 0.209ms
[27.792s][info][gc] GC(11089) Pause Young (Allocation Failure) 11M->7M(15M) 0.179ms
[27.793s][info][gc] GC(11090) Pause Young (Allocation Failure) 11M->7M(15M) 0.204ms
[27.793s][info][gc] GC(11091) Pause Young (Allocation Failure) 12M->7M(15M) 0.167ms
[27.794s][info][gc] GC(11092) Pause Young (Allocation Failure) 11M->8M(15M) 0.160ms
[27.795s][info][gc] GC(11093) Pause Young (Allocation Failure) 12M->8M(15M) 0.197ms
[27.796s][info][gc] GC(11094) Pause Young (Allocation Failure) 12M->8M(15M) 0.199ms
[27.796s][info][gc] GC(11095) Pause Young (Allocation Failure) 12M->8M(15M) 0.171ms
[27.797s][info][gc] GC(11096) Pause Young (Allocation Failure) 12M->8M(15M) 0.197ms
[27.798s][info][gc] GC(11097) Pause Young (Allocation Failure) 13M->8M(15M) 0.202ms
[27.799s][info][gc] GC(11098) Pause Young (Allocation Failure) 13M->8M(15M) 0.167ms
[27.800s][info][gc] GC(11099) Pause Young (Allocation Failure) 12M->8M(15M) 0.161ms
[27.800s][info][gc] GC(11100) Pause Young (Allocation Failure) 12M->9M(15M) 0.160ms
[27.801s][info][gc] GC(11101) Pause Young (Allocation Failure) 13M->9M(15M) 0.214ms
[27.802s][info][gc] GC(11102) Pause Young (Allocation Failure) 14M->10M(15M) 0.190ms
[27.803s][info][gc] GC(11103) Pause Young (Allocation Failure) 14M->10M(15M) 0.188ms
[27.804s][info][gc] GC(11104) Pause Young (Allocation Failure) 14M->10M(15M) 0.198ms
[27.804s][info][gc] GC(11105) Pause Young (Allocation Failure) 14M->10M(15M) 0.177ms
[27.805s][info][gc] GC(11106) Pause Young (Allocation Failure) 14M->9M(15M) 0.170ms
[27.806s][info][gc] GC(11107) Pause Young (Allocation Failure) 14M->9M(15M) 0.167ms
[27.807s][info][gc] GC(11108) Pause Young (Allocation Failure) 14M->10M(15M) 0.178ms
[27.808s][info][gc] GC(11109) Pause Young (Allocation Failure) 14M->10M(15M) 0.175ms
[27.808s][info][gc] GC(11110) Pause Young (Allocation Failure) 14M->10M(15M) 0.206ms
[27.809s][info][gc] GC(11111) Pause Young (Allocation Failure) 14M->10M(15M) 0.189ms
[27.810s][info][gc] GC(11112) Pause Young (Allocation Failure) 15M->10M(15M) 0.183ms
[27.811s][info][gc] GC(11113) Pause Young (Allocation Failure) 14M->10M(15M) 0.190ms
[27.812s][info][gc] GC(11114) Pause Young (Allocation Failure) 15M->15M(15M) 0.025ms
[27.818s][info][gc] GC(11115) Pause Full (Allocation Failure) 15M->5M(15M) 6.165ms
[27.819s][info][gc] GC(11116) Pause Young (Allocation Failure) 9M->5M(15M) 0.176ms
[27.819s][info][gc] GC(11117) Pause Young (Allocation Failure) 9M->5M(15M) 0.190ms
[27.820s][info][gc] GC(11118) Pause Young (Allocation Failure) 10M->5M(15M) 0.184ms
[27.821s][info][gc] GC(11119) Pause Young (Allocation Failure) 10M->5M(15M) 0.182ms
[27.822s][info][gc] GC(11120) Pause Young (Allocation Failure) 10M->5M(15M) 0.168ms
[27.823s][info][gc] GC(11121) Pause Young (Allocation Failure) 9M->5M(15M) 0.174ms
[27.824s][info][gc] GC(11122) Pause Young (Allocation Failure) 9M->5M(15M) 0.185ms
[27.824s][info][gc] GC(11123) Pause Young (Allocation Failure) 10M->6M(15M) 0.210ms
[27.825s][info][gc] GC(11124) Pause Young (Allocation Failure) 10M->6M(15M) 0.181ms
[27.826s][info][gc] GC(11125) Pause Young (Allocation Failure) 10M->6M(15M) 0.177ms
[27.827s][info][gc] GC(11126) Pause Young (Allocation Failure) 10M->6M(15M) 0.199ms
[27.827s][info][gc] GC(11127) Pause Young (Allocation Failure) 10M->6M(15M) 0.192ms
[27.828s][info][gc] GC(11128) Pause Young (Allocation Failure) 10M->7M(15M) 0.204ms
[27.829s][info][gc] GC(11129) Pause Young (Allocation Failure) 11M->6M(15M) 0.168ms
[27.830s][info][gc] GC(11130) Pause Young (Allocation Failure) 10M->6M(15M) 0.193ms
[27.831s][info][gc] GC(11131) Pause Young (Allocation Failure) 11M->7M(15M) 0.183ms
[27.831s][info][gc] GC(11132) Pause Young (Allocation Failure) 11M->7M(15M) 0.198ms
[27.832s][info][gc] GC(11133) Pause Young (Allocation Failure) 11M->7M(15M) 0.184ms
[27.833s][info][gc] GC(11134) Pause Young (Allocation Failure) 11M->8M(15M) 0.237ms
[27.834s][info][gc] GC(11135) Pause Young (Allocation Failure) 12M->8M(15M) 0.192ms
[27.834s][info][gc] GC(11136) Pause Young (Allocation Failure) 12M->7M(15M) 0.171ms
[27.835s][info][gc] GC(11137) Pause Young (Allocation Failure) 12M->7M(15M) 0.165ms
[27.836s][info][gc] GC(11138) Pause Young (Allocation Failure) 12M->7M(15M) 0.172ms
[27.837s][info][gc] GC(11139) Pause Young (Allocation Failure) 12M->7M(15M) 0.176ms
[27.838s][info][gc] GC(11140) Pause Young (Allocation Failure) 12M->8M(15M) 0.186ms
[27.838s][info][gc] GC(11141) Pause Young (Allocation Failure) 12M->8M(15M) 0.151ms
[27.839s][info][gc] GC(11142) Pause Young (Allocation Failure) 12M->8M(15M) 0.220ms
[27.840s][info][gc] GC(11143) Pause Young (Allocation Failure) 13M->8M(15M) 0.129ms
[27.841s][info][gc] GC(11144) Pause Young (Allocation Failure) 13M->8M(15M) 0.174ms
[27.842s][info][gc] GC(11145) Pause Young (Allocation Failure) 12M->8M(15M) 0.183ms
[27.842s][info][gc] GC(11146) Pause Young (Allocation Failure) 13M->8M(15M) 0.175ms
[27.843s][info][gc] GC(11147) Pause Young (Allocation Failure) 12M->8M(15M) 0.181ms
[27.844s][info][gc] GC(11148) Pause Young (Allocation Failure) 13M->8M(15M) 0.179ms
[27.845s][info][gc] GC(11149) Pause Young (Allocation Failure) 12M->9M(15M) 0.236ms
[27.846s][info][gc] GC(11150) Pause Young (Allocation Failure) 13M->9M(15M) 0.187ms
[27.846s][info][gc] GC(11151) Pause Young (Allocation Failure) 13M->9M(15M) 0.206ms
[27.847s][info][gc] GC(11152) Pause Young (Allocation Failure) 13M->9M(15M) 0.167ms
[27.848s][info][gc] GC(11153) Pause Young (Allocation Failure) 13M->9M(15M) 0.194ms
[27.849s][info][gc] GC(11154) Pause Young (Allocation Failure) 14M->10M(15M) 0.217ms
[27.849s][info][gc] GC(11155) Pause Young (Allocation Failure) 14M->10M(15M) 0.191ms
[27.850s][info][gc] GC(11156) Pause Young (Allocation Failure) 14M->10M(15M) 0.181ms
[27.851s][info][gc] GC(11157) Pause Young (Allocation Failure) 14M->10M(15M) 0.180ms
[27.852s][info][gc] GC(11158) Pause Young (Allocation Failure) 14M->10M(15M) 0.196ms
[27.852s][info][gc] GC(11159) Pause Young (Allocation Failure) 15M->15M(15M) 0.025ms
[27.858s][info][gc] GC(11160) Pause Full (Allocation Failure) 15M->6M(15M) 6.111ms
[27.859s][info][gc] GC(11161) Pause Young (Allocation Failure) 10M->7M(15M) 0.233ms
[27.860s][info][gc] GC(11162) Pause Young (Allocation Failure) 11M->6M(15M) 0.166ms
[27.861s][info][gc] GC(11163) Pause Young (Allocation Failure) 11M->6M(15M) 0.168ms
[27.862s][info][gc] GC(11164) Pause Young (Allocation Failure) 11M->6M(15M) 0.170ms
[27.863s][info][gc] GC(11165) Pause Young (Allocation Failure) 11M->7M(15M) 0.218ms
[27.864s][info][gc] GC(11166) Pause Young (Allocation Failure) 12M->7M(15M) 0.172ms
[27.864s][info][gc] GC(11167) Pause Young (Allocation Failure) 11M->7M(15M) 0.167ms
[27.865s][info][gc] GC(11168) Pause Young (Allocation Failure) 11M->7M(15M) 0.150ms
[27.866s][info][gc] GC(11169) Pause Young (Allocation Failure) 12M->8M(15M) 0.210ms
[27.867s][info][gc] GC(11170) Pause Young (Allocation Failure) 12M->8M(15M) 0.177ms
[27.868s][info][gc] GC(11171) Pause Young (Allocation Failure) 12M->7M(15M) 0.172ms
[27.869s][info][gc] GC(11172) Pause Young (Allocation Failure) 12M->7M(15M) 0.169ms
[27.869s][info][gc] GC(11173) Pause Young (Allocation Failure) 12M->7M(15M) 0.164ms
[27.870s][info][gc] GC(11174) Pause Young (Allocation Failure) 12M->8M(15M) 0.186ms
[27.871s][info][gc] GC(11175) Pause Young (Allocation Failure) 12M->7M(15M) 0.163ms
[27.872s][info][gc] GC(11176) Pause Young (Allocation Failure) 12M->7M(15M) 0.173ms
[27.872s][info][gc] GC(11177) Pause Young (Allocation Failure) 12M->8M(15M) 0.209ms
[27.873s][info][gc] GC(11178) Pause Young (Allocation Failure) 12M->8M(15M) 0.184ms
[27.874s][info][gc] GC(11179) Pause Young (Allocation Failure) 12M->8M(15M) 0.185ms
[27.875s][info][gc] GC(11180) Pause Young (Allocation Failure) 12M->8M(15M) 0.179ms
[27.876s][info][gc] GC(11181) Pause Young (Allocation Failure) 12M->8M(15M) 0.199ms
[27.876s][info][gc] GC(11182) Pause Young (Allocation Failure) 13M->8M(15M) 0.177ms
[27.877s][info][gc] GC(11183) Pause Young (Allocation Failure) 13M->9M(15M) 0.197ms
[27.878s][info][gc] GC(11184) Pause Young (Allocation Failure) 13M->9M(15M) 0.182ms
[27.879s][info][gc] GC(11185) Pause Young (Allocation Failure) 13M->8M(15M) 0.164ms
[27.880s][info][gc] GC(11186) Pause Young (Allocation Failure) 12M->9M(15M) 0.211ms
[27.881s][info][gc] GC(11187) Pause Young (Allocation Failure) 13M->9M(15M) 0.184ms
[27.881s][info][gc] GC(11188) Pause Young (Allocation Failure) 13M->9M(15M) 0.165ms
[27.882s][info][gc] GC(11189) Pause Young (Allocation Failure) 13M->9M(15M) 0.219ms
[27.883s][info][gc] GC(11190) Pause Young (Allocation Failure) 14M->9M(15M) 0.185ms
[27.884s][info][gc] GC(11191) Pause Young (Allocation Failure) 14M->9M(15M) 0.185ms
[27.885s][info][gc] GC(11192) Pause Young (Allocation Failure) 14M->9M(15M) 0.198ms
[27.885s][info][gc] GC(11193) Pause Young (Allocation Failure) 14M->9M(15M) 0.173ms
[27.886s][info][gc] GC(11194) Pause Young (Allocation Failure) 14M->9M(15M) 0.174ms
[27.887s][info][gc] GC(11195) Pause Young (Allocation Failure) 14M->10M(15M) 0.190ms
[27.888s][info][gc] GC(11196) Pause Young (Allocation Failure) 14M->9M(15M) 0.168ms
[27.889s][info][gc] GC(11197) Pause Young (Allocation Failure) 14M->10M(15M) 0.186ms
[27.889s][info][gc] GC(11198) Pause Young (Allocation Failure) 14M->10M(15M) 0.189ms
[27.890s][info][gc] GC(11199) Pause Young (Allocation Failure) 14M->9M(15M) 0.167ms
[27.891s][info][gc] GC(11200) Pause Young (Allocation Failure) 14M->10M(15M) 0.186ms
[27.892s][info][gc] GC(11201) Pause Young (Allocation Failure) 14M->10M(15M) 0.208ms
[27.893s][info][gc] GC(11202) Pause Young (Allocation Failure) 14M->10M(15M) 0.163ms
[27.893s][info][gc] GC(11203) Pause Young (Allocation Failure) 14M->10M(15M) 0.185ms
[27.894s][info][gc] GC(11204) Pause Young (Allocation Failure) 15M->10M(15M) 0.198ms
[27.895s][info][gc] GC(11205) Pause Young (Allocation Failure) 15M->15M(15M) 0.025ms
[27.901s][info][gc] GC(11206) Pause Full (Allocation Failure) 15M->5M(15M) 6.111ms
[27.902s][info][gc] GC(11207) Pause Young (Allocation Failure) 10M->6M(15M) 0.200ms
[27.903s][info][gc] GC(11208) Pause Young (Allocation Failure) 10M->6M(15M) 0.205ms
[27.903s][info][gc] GC(11209) Pause Young (Allocation Failure) 10M->6M(15M) 0.184ms
[27.904s][info][gc] GC(11210) Pause Young (Allocation Failure) 10M->6M(15M) 0.194ms
[27.905s][info][gc] GC(11211) Pause Young (Allocation Failure) 11M->6M(15M) 0.176ms
[27.906s][info][gc] GC(11212) Pause Young (Allocation Failure) 10M->6M(15M) 0.166ms
[27.907s][info][gc] GC(11213) Pause Young (Allocation Failure) 10M->6M(15M) 0.162ms
[27.908s][info][gc] GC(11214) Pause Young (Allocation Failure) 10M->6M(15M) 0.164ms
[27.908s][info][gc] GC(11215) Pause Young (Allocation Failure) 10M->7M(15M) 0.217ms
[27.909s][info][gc] GC(11216) Pause Young (Allocation Failure) 11M->7M(15M) 0.195ms
[27.910s][info][gc] GC(11217) Pause Young (Allocation Failure) 11M->7M(15M) 0.175ms
[27.911s][info][gc] GC(11218) Pause Young (Allocation Failure) 11M->7M(15M) 0.187ms
[27.912s][info][gc] GC(11219) Pause Young (Allocation Failure) 11M->7M(15M) 0.175ms
[27.913s][info][gc] GC(11220) Pause Young (Allocation Failure) 11M->7M(15M) 0.187ms
[27.914s][info][gc] GC(11221) Pause Young (Allocation Failure) 11M->7M(15M) 0.169ms
[27.914s][info][gc] GC(11222) Pause Young (Allocation Failure) 11M->7M(15M) 0.146ms
[27.915s][info][gc] GC(11223) Pause Young (Allocation Failure) 11M->7M(15M) 0.160ms
[27.916s][info][gc] GC(11224) Pause Young (Allocation Failure) 11M->7M(15M) 0.173ms
[27.917s][info][gc] GC(11225) Pause Young (Allocation Failure) 12M->7M(15M) 0.211ms
[27.918s][info][gc] GC(11226) Pause Young (Allocation Failure) 12M->7M(15M) 0.190ms
[27.918s][info][gc] GC(11227) Pause Young (Allocation Failure) 12M->7M(15M) 0.186ms
[27.919s][info][gc] GC(11228) Pause Young (Allocation Failure) 12M->7M(15M) 0.178ms
[27.920s][info][gc] GC(11229) Pause Young (Allocation Failure) 12M->8M(15M) 0.191ms
[27.921s][info][gc] GC(11230) Pause Young (Allocation Failure) 12M->8M(15M) 0.173ms
[27.922s][info][gc] GC(11231) Pause Young (Allocation Failure) 12M->8M(15M) 0.176ms
[27.923s][info][gc] GC(11232) Pause Young (Allocation Failure) 12M->8M(15M) 0.174ms
[27.923s][info][gc] GC(11233) Pause Young (Allocation Failure) 12M->8M(15M) 0.175ms
[27.924s][info][gc] GC(11234) Pause Young (Allocation Failure) 12M->8M(15M) 0.176ms
[27.925s][info][gc] GC(11235) Pause Young (Allocation Failure) 12M->8M(15M) 0.179ms
[27.926s][info][gc] GC(11236) Pause Young (Allocation Failure) 12M->8M(15M) 0.194ms
[27.926s][info][gc] GC(11237) Pause Young (Allocation Failure) 12M->8M(15M) 0.174ms
[27.927s][info][gc] GC(11238) Pause Young (Allocation Failure) 12M->8M(15M) 0.212ms
[27.928s][info][gc] GC(11239) Pause Young (Allocation Failure) 13M->9M(15M) 0.196ms
[27.929s][info][gc] GC(11240) Pause Young (Allocation Failure) 13M->9M(15M) 0.203ms
[27.929s][info][gc] GC(11241) Pause Young (Allocation Failure) 13M->9M(15M) 0.169ms
[27.930s][info][gc] GC(11242) Pause Young (Allocation Failure) 13M->10M(15M) 0.217ms
[27.931s][info][gc] GC(11243) Pause Young (Allocation Failure) 14M->10M(15M) 0.186ms
[27.932s][info][gc] GC(11244) Pause Young (Allocation Failure) 14M->9M(15M) 0.167ms
[27.933s][info][gc] GC(11245) Pause Young (Allocation Failure) 14M->10M(15M) 0.181ms
[27.933s][info][gc] GC(11246) Pause Young (Allocation Failure) 14M->10M(15M) 0.173ms
[27.934s][info][gc] GC(11247) Pause Young (Allocation Failure) 14M->9M(15M) 0.163ms
[27.935s][info][gc] GC(11248) Pause Young (Allocation Failure) 14M->10M(15M) 0.190ms
[27.936s][info][gc] GC(11249) Pause Young (Allocation Failure) 14M->10M(15M) 0.160ms
[27.937s][info][gc] GC(11250) Pause Young (Allocation Failure) 14M->10M(15M) 0.199ms
[27.937s][info][gc] GC(11251) Pause Young (Allocation Failure) 15M->15M(15M) 0.025ms
[27.944s][info][gc] GC(11252) Pause Full (Allocation Failure) 15M->5M(15M) 6.256ms
[27.944s][info][gc] GC(11253) Pause Young (Allocation Failure) 10M->6M(15M) 0.190ms
[27.945s][info][gc] GC(11254) Pause Young (Allocation Failure) 10M->6M(15M) 0.200ms
[27.946s][info][gc] GC(11255) Pause Young (Allocation Failure) 10M->6M(15M) 0.197ms
[27.947s][info][gc] GC(11256) Pause Young (Allocation Failure) 10M->6M(15M) 0.182ms
[27.948s][info][gc] GC(11257) Pause Young (Allocation Failure) 10M->6M(15M) 0.180ms
[27.948s][info][gc] GC(11258) Pause Young (Allocation Failure) 10M->6M(15M) 0.175ms
[27.949s][info][gc] GC(11259) Pause Young (Allocation Failure) 10M->6M(15M) 0.180ms
[27.950s][info][gc] GC(11260) Pause Young (Allocation Failure) 10M->6M(15M) 0.176ms
[27.951s][info][gc] GC(11261) Pause Young (Allocation Failure) 10M->6M(15M) 0.177ms
[27.952s][info][gc] GC(11262) Pause Young (Allocation Failure) 10M->6M(15M) 0.175ms
[27.953s][info][gc] GC(11263) Pause Young (Allocation Failure) 10M->6M(15M) 0.163ms
[27.953s][info][gc] GC(11264) Pause Young (Allocation Failure) 10M->6M(15M) 0.171ms
[27.954s][info][gc] GC(11265) Pause Young (Allocation Failure) 10M->6M(15M) 0.166ms
[27.955s][info][gc] GC(11266) Pause Young (Allocation Failure) 10M->6M(15M) 0.200ms
[27.956s][info][gc] GC(11267) Pause Young (Allocation Failure) 11M->7M(15M) 0.204ms
[27.957s][info][gc] GC(11268) Pause Young (Allocation Failure) 11M->7M(15M) 0.202ms
[27.957s][info][gc] GC(11269) Pause Young (Allocation Failure) 11M->7M(15M) 0.175ms
[27.958s][info][gc] GC(11270) Pause Young (Allocation Failure) 11M->7M(15M) 0.170ms
[27.959s][info][gc] GC(11271) Pause Young (Allocation Failure) 11M->7M(15M) 0.196ms
[27.960s][info][gc] GC(11272) Pause Young (Allocation Failure) 12M->8M(15M) 0.205ms
[27.960s][info][gc] GC(11273) Pause Young (Allocation Failure) 12M->7M(15M) 0.177ms
[27.961s][info][gc] GC(11274) Pause Young (Allocation Failure) 12M->7M(15M) 0.166ms
[27.962s][info][gc] GC(11275) Pause Young (Allocation Failure) 12M->7M(15M) 0.164ms
[27.963s][info][gc] GC(11276) Pause Young (Allocation Failure) 12M->8M(15M) 0.180ms
[27.964s][info][gc] GC(11277) Pause Young (Allocation Failure) 12M->8M(15M) 0.182ms
[27.964s][info][gc] GC(11278) Pause Young (Allocation Failure) 12M->7M(15M) 0.171ms
[27.965s][info][gc] GC(11279) Pause Young (Allocation Failure) 12M->8M(15M) 0.196ms
[27.966s][info][gc] GC(11280) Pause Young (Allocation Failure) 12M->8M(15M) 0.190ms
[27.967s][info][gc] GC(11281) Pause Young (Allocation Failure) 12M->8M(15M) 0.173ms
[27.968s][info][gc] GC(11282) Pause Young (Allocation Failure) 12M->8M(15M) 0.182ms
[27.968s][info][gc] GC(11283) Pause Young (Allocation Failure) 12M->8M(15M) 0.167ms
[27.969s][info][gc] GC(11284) Pause Young (Allocation Failure) 13M->8M(15M) 0.145ms
[27.970s][info][gc] GC(11285) Pause Young (Allocation Failure) 13M->9M(15M) 0.224ms
[27.971s][info][gc] GC(11286) Pause Young (Allocation Failure) 13M->9M(15M) 0.173ms
[27.972s][info][gc] GC(11287) Pause Young (Allocation Failure) 13M->9M(15M) 0.178ms
[27.972s][info][gc] GC(11288) Pause Young (Allocation Failure) 13M->9M(15M) 0.189ms
[27.973s][info][gc] GC(11289) Pause Young (Allocation Failure) 13M->9M(15M) 0.165ms
[27.974s][info][gc] GC(11290) Pause Young (Allocation Failure) 14M->9M(15M) 0.170ms
[27.975s][info][gc] GC(11291) Pause Young (Allocation Failure) 13M->9M(15M) 0.173ms
[27.975s][info][gc] GC(11292) Pause Young (Allocation Failure) 14M->9M(15M) 0.170ms
[27.976s][info][gc] GC(11293) Pause Young (Allocation Failure) 13M->10M(15M) 0.192ms
[27.977s][info][gc] GC(11294) Pause Young (Allocation Failure) 14M->10M(15M) 0.198ms
[27.978s][info][gc] GC(11295) Pause Young (Allocation Failure) 14M->10M(15M) 0.176ms
[27.979s][info][gc] GC(11296) Pause Young (Allocation Failure) 14M->10M(15M) 0.181ms
[27.979s][info][gc] GC(11297) Pause Young (Allocation Failure) 14M->9M(15M) 0.172ms
[27.980s][info][gc] GC(11298) Pause Young (Allocation Failure) 14M->10M(15M) 0.171ms
[27.981s][info][gc] GC(11299) Pause Young (Allocation Failure) 14M->10M(15M) 0.211ms
[27.982s][info][gc] GC(11300) Pause Young (Allocation Failure) 15M->15M(15M) 0.025ms
[27.988s][info][gc] GC(11301) Pause Full (Allocation Failure) 15M->5M(15M) 5.911ms
[27.988s][info][gc] GC(11302) Pause Young (Allocation Failure) 9M->5M(15M) 0.170ms
[27.989s][info][gc] GC(11303) Pause Young (Allocation Failure) 10M->6M(15M) 0.191ms
[27.990s][info][gc] GC(11304) Pause Young (Allocation Failure) 10M->5M(15M) 0.178ms
[27.991s][info][gc] GC(11305) Pause Young (Allocation Failure) 10M->5M(15M) 0.170ms
[27.992s][info][gc] GC(11306) Pause Young (Allocation Failure) 10M->6M(15M) 0.202ms
[27.992s][info][gc] GC(11307) Pause Young (Allocation Failure) 10M->6M(15M) 0.180ms
[27.993s][info][gc] GC(11308) Pause Young (Allocation Failure) 10M->6M(15M) 0.160ms
[27.994s][info][gc] GC(11309) Pause Young (Allocation Failure) 10M->6M(15M) 0.173ms
[27.995s][info][gc] GC(11310) Pause Young (Allocation Failure) 10M->6M(15M) 0.178ms
[27.996s][info][gc] GC(11311) Pause Young (Allocation Failure) 10M->6M(15M) 0.178ms
[27.996s][info][gc] GC(11312) Pause Young (Allocation Failure) 10M->6M(15M) 0.182ms
[27.997s][info][gc] GC(11313) Pause Young (Allocation Failure) 10M->6M(15M) 0.153ms
[27.998s][info][gc] GC(11314) Pause Young (Allocation Failure) 10M->6M(15M) 0.187ms
[27.999s][info][gc] GC(11315) Pause Young (Allocation Failure) 10M->6M(15M) 0.172ms
[28.000s][info][gc] GC(11316) Pause Young (Allocation Failure) 10M->6M(15M) 0.179ms
[28.000s][info][gc] GC(11317) Pause Young (Allocation Failure) 11M->6M(15M) 0.180ms
[28.001s][info][gc] GC(11318) Pause Young (Allocation Failure) 10M->7M(15M) 0.215ms
[28.002s][info][gc] GC(11319) Pause Young (Allocation Failure) 11M->7M(15M) 0.181ms
[28.003s][info][gc] GC(11320) Pause Young (Allocation Failure) 11M->7M(15M) 0.144ms
[28.004s][info][gc] GC(11321) Pause Young (Allocation Failure) 11M->7M(15M) 0.176ms
[28.004s][info][gc] GC(11322) Pause Young (Allocation Failure) 11M->7M(15M) 0.177ms
[28.005s][info][gc] GC(11323) Pause Young (Allocation Failure) 11M->7M(15M) 0.186ms
[28.006s][info][gc] GC(11324) Pause Young (Allocation Failure) 11M->6M(15M) 0.162ms
[28.007s][info][gc] GC(11325) Pause Young (Allocation Failure) 11M->7M(15M) 0.186ms
[28.007s][info][gc] GC(11326) Pause Young (Allocation Failure) 11M->7M(15M) 0.194ms
[28.008s][info][gc] GC(11327) Pause Young (Allocation Failure) 11M->7M(15M) 0.177ms
[28.009s][info][gc] GC(11328) Pause Young (Allocation Failure) 11M->7M(15M) 0.191ms
[28.010s][info][gc] GC(11329) Pause Young (Allocation Failure) 11M->7M(15M) 0.202ms
[28.010s][info][gc] GC(11330) Pause Young (Allocation Failure) 12M->7M(15M) 0.175ms
[28.011s][info][gc] GC(11331) Pause Young (Allocation Failure) 11M->8M(15M) 0.222ms
[28.012s][info][gc] GC(11332) Pause Young (Allocation Failure) 12M->8M(15M) 0.179ms
[28.013s][info][gc] GC(11333) Pause Young (Allocation Failure) 12M->8M(15M) 0.165ms
[28.014s][info][gc] GC(11334) Pause Young (Allocation Failure) 12M->8M(15M) 0.199ms
[28.014s][info][gc] GC(11335) Pause Young (Allocation Failure) 12M->8M(15M) 0.183ms
[28.015s][info][gc] GC(11336) Pause Young (Allocation Failure) 12M->8M(15M) 0.173ms
[28.016s][info][gc] GC(11337) Pause Young (Allocation Failure) 12M->8M(15M) 0.177ms
[28.017s][info][gc] GC(11338) Pause Young (Allocation Failure) 12M->9M(15M) 0.218ms
[28.018s][info][gc] GC(11339) Pause Young (Allocation Failure) 13M->9M(15M) 0.181ms
[28.018s][info][gc] GC(11340) Pause Young (Allocation Failure) 13M->8M(15M) 0.171ms
[28.019s][info][gc] GC(11341) Pause Young (Allocation Failure) 13M->9M(15M) 0.189ms
[28.020s][info][gc] GC(11342) Pause Young (Allocation Failure) 13M->8M(15M) 0.167ms
[28.021s][info][gc] GC(11343) Pause Young (Allocation Failure) 13M->9M(15M) 0.129ms
[28.022s][info][gc] GC(11344) Pause Young (Allocation Failure) 13M->9M(15M) 0.166ms
[28.022s][info][gc] GC(11345) Pause Young (Allocation Failure) 13M->10M(15M) 0.230ms
[28.023s][info][gc] GC(11346) Pause Young (Allocation Failure) 14M->9M(15M) 0.180ms
[28.024s][info][gc] GC(11347) Pause Young (Allocation Failure) 14M->10M(15M) 0.205ms
[28.025s][info][gc] GC(11348) Pause Young (Allocation Failure) 14M->10M(15M) 0.183ms
[28.025s][info][gc] GC(11349) Pause Young (Allocation Failure) 14M->10M(15M) 0.180ms
[28.026s][info][gc] GC(11350) Pause Young (Allocation Failure) 14M->10M(15M) 0.192ms
[28.027s][info][gc] GC(11351) Pause Young (Allocation Failure) 14M->10M(15M) 0.179ms
[28.028s][info][gc] GC(11352) Pause Young (Allocation Failure) 14M->10M(15M) 0.200ms
[28.029s][info][gc] GC(11353) Pause Young (Allocation Failure) 15M->15M(15M) 0.025ms
[28.035s][info][gc] GC(11354) Pause Full (Allocation Failure) 15M->5M(15M) 5.936ms
[28.035s][info][gc] GC(11355) Pause Young (Allocation Failure) 9M->5M(15M) 0.178ms
[28.036s][info][gc] GC(11356) Pause Young (Allocation Failure) 9M->5M(15M) 0.166ms
[28.037s][info][gc] GC(11357) Pause Young (Allocation Failure) 10M->6M(15M) 0.197ms
[28.038s][info][gc] GC(11358) Pause Young (Allocation Failure) 10M->6M(15M) 0.179ms
[28.039s][info][gc] GC(11359) Pause Young (Allocation Failure) 10M->6M(15M) 0.177ms
[28.039s][info][gc] GC(11360) Pause Young (Allocation Failure) 10M->6M(15M) 0.177ms
[28.040s][info][gc] GC(11361) Pause Young (Allocation Failure) 10M->6M(15M) 0.193ms
[28.041s][info][gc] GC(11362) Pause Young (Allocation Failure) 10M->5M(15M) 0.173ms
[28.042s][info][gc] GC(11363) Pause Young (Allocation Failure) 10M->6M(15M) 0.212ms
[28.043s][info][gc] GC(11364) Pause Young (Allocation Failure) 10M->6M(15M) 0.183ms
[28.044s][info][gc] GC(11365) Pause Young (Allocation Failure) 11M->6M(15M) 0.198ms
[28.044s][info][gc] GC(11366) Pause Young (Allocation Failure) 11M->7M(15M) 0.212ms
[28.045s][info][gc] GC(11367) Pause Young (Allocation Failure) 11M->7M(15M) 0.175ms
[28.046s][info][gc] GC(11368) Pause Young (Allocation Failure) 11M->7M(15M) 0.179ms
[28.047s][info][gc] GC(11369) Pause Young (Allocation Failure) 11M->7M(15M) 0.177ms
[28.048s][info][gc] GC(11370) Pause Young (Allocation Failure) 11M->7M(15M) 0.179ms
[28.048s][info][gc] GC(11371) Pause Young (Allocation Failure) 11M->7M(15M) 0.144ms
[28.049s][info][gc] GC(11372) Pause Young (Allocation Failure) 11M->7M(15M) 0.189ms
[28.050s][info][gc] GC(11373) Pause Young (Allocation Failure) 11M->7M(15M) 0.192ms
[28.051s][info][gc] GC(11374) Pause Young (Allocation Failure) 11M->7M(15M) 0.213ms
[28.052s][info][gc] GC(11375) Pause Young (Allocation Failure) 12M->7M(15M) 0.180ms
[28.053s][info][gc] GC(11376) Pause Young (Allocation Failure) 12M->8M(15M) 0.187ms
[28.053s][info][gc] GC(11377) Pause Young (Allocation Failure) 12M->8M(15M) 0.219ms
[28.054s][info][gc] GC(11378) Pause Young (Allocation Failure) 12M->8M(15M) 0.182ms
[28.055s][info][gc] GC(11379) Pause Young (Allocation Failure) 12M->8M(15M) 0.183ms
[28.056s][info][gc] GC(11380) Pause Young (Allocation Failure) 13M->8M(15M) 0.169ms
[28.057s][info][gc] GC(11381) Pause Young (Allocation Failure) 12M->9M(15M) 0.225ms
[28.057s][info][gc] GC(11382) Pause Young (Allocation Failure) 13M->9M(15M) 0.172ms
[28.058s][info][gc] GC(11383) Pause Young (Allocation Failure) 13M->9M(15M) 0.171ms
[28.059s][info][gc] GC(11384) Pause Young (Allocation Failure) 13M->9M(15M) 0.191ms
[28.060s][info][gc] GC(11385) Pause Young (Allocation Failure) 14M->10M(15M) 0.224ms
[28.060s][info][gc] GC(11386) Pause Young (Allocation Failure) 14M->10M(15M) 0.174ms
[28.061s][info][gc] GC(11387) Pause Young (Allocation Failure) 14M->11M(15M) 0.229ms
[28.062s][info][gc] GC(11388) Pause Young (Allocation Failure) 15M->15M(15M) 0.025ms
[28.068s][info][gc] GC(11389) Pause Full (Allocation Failure) 15M->5M(15M) 5.951ms
[28.069s][info][gc] GC(11390) Pause Young (Allocation Failure) 9M->6M(15M) 0.214ms
[28.070s][info][gc] GC(11391) Pause Young (Allocation Failure) 10M->6M(15M) 0.183ms
[28.071s][info][gc] GC(11392) Pause Young (Allocation Failure) 10M->6M(15M) 0.174ms
[28.071s][info][gc] GC(11393) Pause Young (Allocation Failure) 10M->6M(15M) 0.200ms
[28.072s][info][gc] GC(11394) Pause Young (Allocation Failure) 10M->6M(15M) 0.186ms
[28.073s][info][gc] GC(11395) Pause Young (Allocation Failure) 10M->6M(15M) 0.184ms
[28.074s][info][gc] GC(11396) Pause Young (Allocation Failure) 10M->6M(15M) 0.172ms
[28.075s][info][gc] GC(11397) Pause Young (Allocation Failure) 10M->6M(15M) 0.196ms
[28.075s][info][gc] GC(11398) Pause Young (Allocation Failure) 10M->6M(15M) 0.169ms
[28.076s][info][gc] GC(11399) Pause Young (Allocation Failure) 10M->6M(15M) 0.170ms
[28.077s][info][gc] GC(11400) Pause Young (Allocation Failure) 10M->6M(15M) 0.131ms
[28.078s][info][gc] GC(11401) Pause Young (Allocation Failure) 10M->6M(15M) 0.185ms
[28.078s][info][gc] GC(11402) Pause Young (Allocation Failure) 11M->6M(15M) 0.168ms
[28.079s][info][gc] GC(11403) Pause Young (Allocation Failure) 10M->6M(15M) 0.164ms
[28.080s][info][gc] GC(11404) Pause Young (Allocation Failure) 10M->6M(15M) 0.179ms
[28.081s][info][gc] GC(11405) Pause Young (Allocation Failure) 10M->6M(15M) 0.187ms
[28.082s][info][gc] GC(11406) Pause Young (Allocation Failure) 11M->6M(15M) 0.170ms
[28.082s][info][gc] GC(11407) Pause Young (Allocation Failure) 10M->6M(15M) 0.193ms
[28.083s][info][gc] GC(11408) Pause Young (Allocation Failure) 11M->6M(15M) 0.184ms
[28.084s][info][gc] GC(11409) Pause Young (Allocation Failure) 11M->6M(15M) 0.164ms
[28.085s][info][gc] GC(11410) Pause Young (Allocation Failure) 10M->6M(15M) 0.169ms
[28.085s][info][gc] GC(11411) Pause Young (Allocation Failure) 10M->7M(15M) 0.189ms
[28.086s][info][gc] GC(11412) Pause Young (Allocation Failure) 11M->6M(15M) 0.176ms
[28.087s][info][gc] GC(11413) Pause Young (Allocation Failure) 11M->6M(15M) 0.188ms
[28.088s][info][gc] GC(11414) Pause Young (Allocation Failure) 11M->7M(15M) 0.183ms
[28.089s][info][gc] GC(11415) Pause Young (Allocation Failure) 11M->7M(15M) 0.194ms
[28.089s][info][gc] GC(11416) Pause Young (Allocation Failure) 11M->7M(15M) 0.193ms
[28.090s][info][gc] GC(11417) Pause Young (Allocation Failure) 11M->7M(15M) 0.166ms
[28.091s][info][gc] GC(11418) Pause Young (Allocation Failure) 11M->7M(15M) 0.184ms
[28.092s][info][gc] GC(11419) Pause Young (Allocation Failure) 12M->7M(15M) 0.178ms
[28.092s][info][gc] GC(11420) Pause Young (Allocation Failure) 12M->7M(15M) 0.146ms
[28.093s][info][gc] GC(11421) Pause Young (Allocation Failure) 11M->7M(15M) 0.143ms
[28.094s][info][gc] GC(11422) Pause Young (Allocation Failure) 11M->7M(15M) 0.167ms
[28.095s][info][gc] GC(11423) Pause Young (Allocation Failure) 12M->8M(15M) 0.186ms
[28.095s][info][gc] GC(11424) Pause Young (Allocation Failure) 12M->8M(15M) 0.181ms
[28.096s][info][gc] GC(11425) Pause Young (Allocation Failure) 12M->8M(15M) 0.185ms
[28.097s][info][gc] GC(11426) Pause Young (Allocation Failure) 12M->7M(15M) 0.162ms
[28.098s][info][gc] GC(11427) Pause Young (Allocation Failure) 12M->8M(15M) 0.173ms
[28.099s][info][gc] GC(11428) Pause Young (Allocation Failure) 12M->8M(15M) 0.192ms
[28.099s][info][gc] GC(11429) Pause Young (Allocation Failure) 12M->8M(15M) 0.177ms
[28.100s][info][gc] GC(11430) Pause Young (Allocation Failure) 12M->8M(15M) 0.192ms
[28.101s][info][gc] GC(11431) Pause Young (Allocation Failure) 13M->8M(15M) 0.181ms
[28.102s][info][gc] GC(11432) Pause Young (Allocation Failure) 13M->8M(15M) 0.170ms
[28.103s][info][gc] GC(11433) Pause Young (Allocation Failure) 12M->8M(15M) 0.170ms
[28.103s][info][gc] GC(11434) Pause Young (Allocation Failure) 12M->9M(15M) 0.193ms
[28.104s][info][gc] GC(11435) Pause Young (Allocation Failure) 13M->8M(15M) 0.153ms
[28.105s][info][gc] GC(11436) Pause Young (Allocation Failure) 12M->9M(15M) 0.186ms
[28.106s][info][gc] GC(11437) Pause Young (Allocation Failure) 13M->9M(15M) 0.163ms
[28.107s][info][gc] GC(11438) Pause Young (Allocation Failure) 13M->9M(15M) 0.192ms
[28.108s][info][gc] GC(11439) Pause Young (Allocation Failure) 13M->9M(15M) 0.170ms
[28.108s][info][gc] GC(11440) Pause Young (Allocation Failure) 13M->8M(15M) 0.168ms
[28.109s][info][gc] GC(11441) Pause Young (Allocation Failure) 13M->9M(15M) 0.177ms
[28.110s][info][gc] GC(11442) Pause Young (Allocation Failure) 13M->9M(15M) 0.180ms
[28.110s][info][gc] GC(11443) Pause Young (Allocation Failure) 13M->9M(15M) 0.198ms
[28.111s][info][gc] GC(11444) Pause Young (Allocation Failure) 13M->9M(15M) 0.183ms
[28.112s][info][gc] GC(11445) Pause Young (Allocation Failure) 13M->9M(15M) 0.172ms
[28.113s][info][gc] GC(11446) Pause Young (Allocation Failure) 13M->9M(15M) 0.212ms
[28.114s][info][gc] GC(11447) Pause Young (Allocation Failure) 14M->10M(15M) 0.201ms
[28.115s][info][gc] GC(11448) Pause Young (Allocation Failure) 14M->9M(15M) 0.167ms
[28.115s][info][gc] GC(11449) Pause Young (Allocation Failure) 14M->10M(15M) 0.174ms
[28.116s][info][gc] GC(11450) Pause Young (Allocation Failure) 14M->10M(15M) 0.182ms
[28.117s][info][gc] GC(11451) Pause Young (Allocation Failure) 14M->10M(15M) 0.179ms
[28.118s][info][gc] GC(11452) Pause Young (Allocation Failure) 14M->10M(15M) 0.209ms
[28.119s][info][gc] GC(11453) Pause Young (Allocation Failure) 15M->10M(15M) 0.171ms
[28.119s][info][gc] GC(11454) Pause Young (Allocation Failure) 14M->10M(15M) 0.168ms
[28.120s][info][gc] GC(11455) Pause Young (Allocation Failure) 14M->10M(15M) 0.173ms
[28.121s][info][gc] GC(11456) Pause Young (Allocation Failure) 14M->10M(15M) 0.172ms
[28.122s][info][gc] GC(11457) Pause Young (Allocation Failure) 14M->10M(15M) 0.173ms
[28.123s][info][gc] GC(11458) Pause Young (Allocation Failure) 14M->10M(15M) 0.183ms
[28.124s][info][gc] GC(11459) Pause Young (Allocation Failure) 15M->10M(15M) 0.164ms
[28.124s][info][gc] GC(11460) Pause Young (Allocation Failure) 14M->10M(15M) 0.167ms
[28.125s][info][gc] GC(11461) Pause Young (Allocation Failure) 14M->10M(15M) 0.176ms
[28.126s][info][gc] GC(11462) Pause Young (Allocation Failure) 14M->10M(15M) 0.176ms
[28.127s][info][gc] GC(11463) Pause Young (Allocation Failure) 14M->10M(15M) 0.184ms
[28.127s][info][gc] GC(11464) Pause Young (Allocation Failure) 15M->10M(15M) 0.169ms
[28.128s][info][gc] GC(11465) Pause Young (Allocation Failure) 14M->15M(15M) 0.293ms
[28.134s][info][gc] GC(11466) Pause Full (Allocation Failure) 15M->6M(15M) 6.071ms
[28.135s][info][gc] GC(11467) Pause Young (Allocation Failure) 11M->7M(15M) 0.214ms
[28.136s][info][gc] GC(11468) Pause Young (Allocation Failure) 11M->7M(15M) 0.207ms
[28.137s][info][gc] GC(11469) Pause Young (Allocation Failure) 11M->7M(15M) 0.178ms
[28.138s][info][gc] GC(11470) Pause Young (Allocation Failure) 11M->7M(15M) 0.175ms
[28.139s][info][gc] GC(11471) Pause Young (Allocation Failure) 11M->7M(15M) 0.176ms
[28.139s][info][gc] GC(11472) Pause Young (Allocation Failure) 11M->7M(15M) 0.190ms
[28.140s][info][gc] GC(11473) Pause Young (Allocation Failure) 12M->7M(15M) 0.180ms
[28.141s][info][gc] GC(11474) Pause Young (Allocation Failure) 12M->7M(15M) 0.182ms
[28.142s][info][gc] GC(11475) Pause Young (Allocation Failure) 11M->7M(15M) 0.187ms
[28.143s][info][gc] GC(11476) Pause Young (Allocation Failure) 12M->7M(15M) 0.171ms
[28.143s][info][gc] GC(11477) Pause Young (Allocation Failure) 12M->8M(15M) 0.201ms
[28.144s][info][gc] GC(11478) Pause Young (Allocation Failure) 12M->8M(15M) 0.204ms
[28.145s][info][gc] GC(11479) Pause Young (Allocation Failure) 12M->8M(15M) 0.197ms
[28.146s][info][gc] GC(11480) Pause Young (Allocation Failure) 12M->8M(15M) 0.171ms
[28.147s][info][gc] GC(11481) Pause Young (Allocation Failure) 12M->8M(15M) 0.175ms
[28.147s][info][gc] GC(11482) Pause Young (Allocation Failure) 12M->8M(15M) 0.183ms
[28.148s][info][gc] GC(11483) Pause Young (Allocation Failure) 12M->8M(15M) 0.133ms
[28.149s][info][gc] GC(11484) Pause Young (Allocation Failure) 13M->8M(15M) 0.182ms
[28.150s][info][gc] GC(11485) Pause Young (Allocation Failure) 12M->8M(15M) 0.175ms
[28.150s][info][gc] GC(11486) Pause Young (Allocation Failure) 12M->8M(15M) 0.168ms
[28.151s][info][gc] GC(11487) Pause Young (Allocation Failure) 12M->9M(15M) 0.195ms
[28.152s][info][gc] GC(11488) Pause Young (Allocation Failure) 13M->8M(15M) 0.178ms
[28.153s][info][gc] GC(11489) Pause Young (Allocation Failure) 13M->9M(15M) 0.223ms
[28.154s][info][gc] GC(11490) Pause Young (Allocation Failure) 13M->9M(15M) 0.172ms
[28.154s][info][gc] GC(11491) Pause Young (Allocation Failure) 13M->9M(15M) 0.162ms
[28.155s][info][gc] GC(11492) Pause Young (Allocation Failure) 13M->9M(15M) 0.158ms
[28.156s][info][gc] GC(11493) Pause Young (Allocation Failure) 13M->9M(15M) 0.201ms
[28.157s][info][gc] GC(11494) Pause Young (Allocation Failure) 14M->9M(15M) 0.193ms
[28.158s][info][gc] GC(11495) Pause Young (Allocation Failure) 14M->9M(15M) 0.167ms
[28.159s][info][gc] GC(11496) Pause Young (Allocation Failure) 13M->9M(15M) 0.194ms
[28.160s][info][gc] GC(11497) Pause Young (Allocation Failure) 14M->10M(15M) 0.207ms
[28.161s][info][gc] GC(11498) Pause Young (Allocation Failure) 14M->10M(15M) 0.185ms
[28.161s][info][gc] GC(11499) Pause Young (Allocation Failure) 14M->10M(15M) 0.165ms
[28.162s][info][gc] GC(11500) Pause Young (Allocation Failure) 14M->10M(15M) 0.157ms
[28.163s][info][gc] GC(11501) Pause Young (Allocation Failure) 14M->10M(15M) 0.199ms
[28.164s][info][gc] GC(11502) Pause Young (Allocation Failure) 15M->10M(15M) 0.151ms
[28.164s][info][gc] GC(11503) Pause Young (Allocation Failure) 14M->10M(15M) 0.146ms
[28.165s][info][gc] GC(11504) Pause Young (Allocation Failure) 14M->10M(15M) 0.158ms
[28.166s][info][gc] GC(11505) Pause Young (Allocation Failure) 14M->10M(15M) 0.174ms
[28.166s][info][gc] GC(11506) Pause Young (Allocation Failure) 15M->15M(15M) 0.021ms
[28.173s][info][gc] GC(11507) Pause Full (Allocation Failure) 15M->5M(15M) 6.043ms
[28.173s][info][gc] GC(11508) Pause Young (Allocation Failure) 9M->6M(15M) 0.206ms
[28.174s][info][gc] GC(11509) Pause Young (Allocation Failure) 10M->6M(15M) 0.203ms
[28.175s][info][gc] GC(11510) Pause Young (Allocation Failure) 10M->6M(15M) 0.172ms
[28.176s][info][gc] GC(11511) Pause Young (Allocation Failure) 10M->6M(15M) 0.198ms
[28.177s][info][gc] GC(11512) Pause Young (Allocation Failure) 10M->6M(15M) 0.179ms
[28.177s][info][gc] GC(11513) Pause Young (Allocation Failure) 10M->6M(15M) 0.193ms
[28.178s][info][gc] GC(11514) Pause Young (Allocation Failure) 11M->6M(15M) 0.168ms
[28.179s][info][gc] GC(11515) Pause Young (Allocation Failure) 10M->6M(15M) 0.170ms
[28.180s][info][gc] GC(11516) Pause Young (Allocation Failure) 10M->6M(15M) 0.204ms
[28.181s][info][gc] GC(11517) Pause Young (Allocation Failure) 11M->6M(15M) 0.166ms
[28.181s][info][gc] GC(11518) Pause Young (Allocation Failure) 10M->6M(15M) 0.179ms
[28.182s][info][gc] GC(11519) Pause Young (Allocation Failure) 11M->6M(15M) 0.171ms
[28.183s][info][gc] GC(11520) Pause Young (Allocation Failure) 10M->7M(15M) 0.210ms
[28.184s][info][gc] GC(11521) Pause Young (Allocation Failure) 11M->7M(15M) 0.190ms
[28.185s][info][gc] GC(11522) Pause Young (Allocation Failure) 11M->7M(15M) 0.165ms
[28.186s][info][gc] GC(11523) Pause Young (Allocation Failure) 11M->7M(15M) 0.166ms
[28.186s][info][gc] GC(11524) Pause Young (Allocation Failure) 11M->7M(15M) 0.166ms
[28.187s][info][gc] GC(11525) Pause Young (Allocation Failure) 11M->7M(15M) 0.206ms
[28.188s][info][gc] GC(11526) Pause Young (Allocation Failure) 12M->8M(15M) 0.206ms
[28.189s][info][gc] GC(11527) Pause Young (Allocation Failure) 12M->7M(15M) 0.169ms
[28.189s][info][gc] GC(11528) Pause Young (Allocation Failure) 12M->8M(15M) 0.185ms
[28.190s][info][gc] GC(11529) Pause Young (Allocation Failure) 12M->8M(15M) 0.205ms
[28.191s][info][gc] GC(11530) Pause Young (Allocation Failure) 12M->8M(15M) 0.172ms
[28.192s][info][gc] GC(11531) Pause Young (Allocation Failure) 12M->8M(15M) 0.188ms
[28.193s][info][gc] GC(11532) Pause Young (Allocation Failure) 12M->8M(15M) 0.198ms
[28.193s][info][gc] GC(11533) Pause Young (Allocation Failure) 13M->8M(15M) 0.187ms
[28.194s][info][gc] GC(11534) Pause Young (Allocation Failure) 13M->8M(15M) 0.180ms
[28.195s][info][gc] GC(11535) Pause Young (Allocation Failure) 13M->8M(15M) 0.176ms
[28.196s][info][gc] GC(11536) Pause Young (Allocation Failure) 13M->9M(15M) 0.214ms
[28.197s][info][gc] GC(11537) Pause Young (Allocation Failure) 13M->9M(15M) 0.180ms
[28.197s][info][gc] GC(11538) Pause Young (Allocation Failure) 13M->9M(15M) 0.187ms
[28.198s][info][gc] GC(11539) Pause Young (Allocation Failure) 13M->9M(15M) 0.175ms
[28.199s][info][gc] GC(11540) Pause Young (Allocation Failure) 13M->9M(15M) 0.220ms
[28.200s][info][gc] GC(11541) Pause Young (Allocation Failure) 14M->9M(15M) 0.175ms
[28.200s][info][gc] GC(11542) Pause Young (Allocation Failure) 13M->10M(15M) 0.210ms
[28.201s][info][gc] GC(11543) Pause Young (Allocation Failure) 14M->10M(15M) 0.201ms
[28.202s][info][gc] GC(11544) Pause Young (Allocation Failure) 14M->10M(15M) 0.170ms
[28.203s][info][gc] GC(11545) Pause Young (Allocation Failure) 14M->10M(15M) 0.171ms
[28.204s][info][gc] GC(11546) Pause Young (Allocation Failure) 14M->10M(15M) 0.160ms
[28.204s][info][gc] GC(11547) Pause Young (Allocation Failure) 14M->10M(15M) 0.177ms
[28.205s][info][gc] GC(11548) Pause Young (Allocation Failure) 14M->10M(15M) 0.183ms
[28.206s][info][gc] GC(11549) Pause Young (Allocation Failure) 14M->10M(15M) 0.177ms
[28.207s][info][gc] GC(11550) Pause Young (Allocation Failure) 14M->10M(15M) 0.172ms
[28.207s][info][gc] GC(11551) Pause Young (Allocation Failure) 14M->10M(15M) 0.171ms
[28.208s][info][gc] GC(11552) Pause Young (Allocation Failure) 14M->10M(15M) 0.194ms
[28.209s][info][gc] GC(11553) Pause Young (Allocation Failure) 15M->11M(15M) 0.207ms
[28.210s][info][gc] GC(11554) Pause Young (Allocation Failure) 15M->15M(15M) 0.028ms
[28.216s][info][gc] GC(11555) Pause Full (Allocation Failure) 15M->6M(15M) 6.533ms
[28.217s][info][gc] GC(11556) Pause Young (Allocation Failure) 10M->6M(15M) 0.193ms
[28.218s][info][gc] GC(11557) Pause Young (Allocation Failure) 10M->6M(15M) 0.196ms
[28.219s][info][gc] GC(11558) Pause Young (Allocation Failure) 11M->6M(15M) 0.186ms
[28.220s][info][gc] GC(11559) Pause Young (Allocation Failure) 11M->7M(15M) 0.200ms
[28.221s][info][gc] GC(11560) Pause Young (Allocation Failure) 11M->6M(15M) 0.174ms
[28.221s][info][gc] GC(11561) Pause Young (Allocation Failure) 11M->7M(15M) 0.178ms
[28.222s][info][gc] GC(11562) Pause Young (Allocation Failure) 11M->7M(15M) 0.184ms
[28.223s][info][gc] GC(11563) Pause Young (Allocation Failure) 11M->7M(15M) 0.188ms
[28.224s][info][gc] GC(11564) Pause Young (Allocation Failure) 11M->7M(15M) 0.186ms
[28.225s][info][gc] GC(11565) Pause Young (Allocation Failure) 11M->7M(15M) 0.200ms
[28.226s][info][gc] GC(11566) Pause Young (Allocation Failure) 11M->7M(15M) 0.167ms
[28.226s][info][gc] GC(11567) Pause Young (Allocation Failure) 11M->7M(15M) 0.188ms
[28.227s][info][gc] GC(11568) Pause Young (Allocation Failure) 11M->7M(15M) 0.177ms
[28.228s][info][gc] GC(11569) Pause Young (Allocation Failure) 11M->7M(15M) 0.175ms
[28.229s][info][gc] GC(11570) Pause Young (Allocation Failure) 11M->7M(15M) 0.159ms
[28.229s][info][gc] GC(11571) Pause Young (Allocation Failure) 11M->7M(15M) 0.163ms
[28.230s][info][gc] GC(11572) Pause Young (Allocation Failure) 11M->7M(15M) 0.171ms
[28.231s][info][gc] GC(11573) Pause Young (Allocation Failure) 12M->8M(15M) 0.177ms
[28.232s][info][gc] GC(11574) Pause Young (Allocation Failure) 12M->8M(15M) 0.161ms
[28.232s][info][gc] GC(11575) Pause Young (Allocation Failure) 12M->8M(15M) 0.163ms
[28.233s][info][gc] GC(11576) Pause Young (Allocation Failure) 12M->8M(15M) 0.170ms
[28.234s][info][gc] GC(11577) Pause Young (Allocation Failure) 12M->8M(15M) 0.153ms
[28.235s][info][gc] GC(11578) Pause Young (Allocation Failure) 12M->8M(15M) 0.154ms
[28.236s][info][gc] GC(11579) Pause Young (Allocation Failure) 12M->8M(15M) 0.151ms
[28.236s][info][gc] GC(11580) Pause Young (Allocation Failure) 12M->8M(15M) 0.186ms
[28.237s][info][gc] GC(11581) Pause Young (Allocation Failure) 12M->8M(15M) 0.175ms
[28.238s][info][gc] GC(11582) Pause Young (Allocation Failure) 12M->8M(15M) 0.189ms
[28.239s][info][gc] GC(11583) Pause Young (Allocation Failure) 12M->8M(15M) 0.172ms
[28.240s][info][gc] GC(11584) Pause Young (Allocation Failure) 12M->8M(15M) 0.172ms
[28.240s][info][gc] GC(11585) Pause Young (Allocation Failure) 12M->8M(15M) 0.175ms
[28.241s][info][gc] GC(11586) Pause Young (Allocation Failure) 12M->8M(15M) 0.183ms
[28.242s][info][gc] GC(11587) Pause Young (Allocation Failure) 12M->8M(15M) 0.169ms
[28.243s][info][gc] GC(11588) Pause Young (Allocation Failure) 12M->8M(15M) 0.177ms
[28.243s][info][gc] GC(11589) Pause Young (Allocation Failure) 12M->8M(15M) 0.178ms
[28.244s][info][gc] GC(11590) Pause Young (Allocation Failure) 12M->8M(15M) 0.163ms
[28.245s][info][gc] GC(11591) Pause Young (Allocation Failure) 12M->8M(15M) 0.186ms
[28.246s][info][gc] GC(11592) Pause Young (Allocation Failure) 12M->8M(15M) 0.186ms
[28.247s][info][gc] GC(11593) Pause Young (Allocation Failure) 12M->8M(15M) 0.167ms
[28.247s][info][gc] GC(11594) Pause Young (Allocation Failure) 12M->8M(15M) 0.163ms
[28.248s][info][gc] GC(11595) Pause Young (Allocation Failure) 12M->8M(15M) 0.183ms
[28.249s][info][gc] GC(11596) Pause Young (Allocation Failure) 12M->8M(15M) 0.174ms
[28.250s][info][gc] GC(11597) Pause Young (Allocation Failure) 12M->8M(15M) 0.163ms
[28.250s][info][gc] GC(11598) Pause Young (Allocation Failure) 12M->8M(15M) 0.163ms
[28.251s][info][gc] GC(11599) Pause Young (Allocation Failure) 12M->8M(15M) 0.144ms
[28.252s][info][gc] GC(11600) Pause Young (Allocation Failure) 13M->8M(15M) 0.175ms
[28.253s][info][gc] GC(11601) Pause Young (Allocation Failure) 12M->8M(15M) 0.182ms
[28.254s][info][gc] GC(11602) Pause Young (Allocation Failure) 13M->9M(15M) 0.203ms
[28.254s][info][gc] GC(11603) Pause Young (Allocation Failure) 13M->8M(15M) 0.163ms
[28.255s][info][gc] GC(11604) Pause Young (Allocation Failure) 12M->9M(15M) 0.188ms
[28.256s][info][gc] GC(11605) Pause Young (Allocation Failure) 13M->9M(15M) 0.198ms
[28.257s][info][gc] GC(11606) Pause Young (Allocation Failure) 13M->9M(15M) 0.189ms
[28.258s][info][gc] GC(11607) Pause Young (Allocation Failure) 13M->9M(15M) 0.166ms
[28.258s][info][gc] GC(11608) Pause Young (Allocation Failure) 13M->9M(15M) 0.182ms
[28.259s][info][gc] GC(11609) Pause Young (Allocation Failure) 13M->9M(15M) 0.185ms
[28.260s][info][gc] GC(11610) Pause Young (Allocation Failure) 13M->9M(15M) 0.192ms
[28.261s][info][gc] GC(11611) Pause Young (Allocation Failure) 14M->9M(15M) 0.169ms
[28.262s][info][gc] GC(11612) Pause Young (Allocation Failure) 13M->9M(15M) 0.167ms
[28.262s][info][gc] GC(11613) Pause Young (Allocation Failure) 13M->9M(15M) 0.162ms
[28.263s][info][gc] GC(11614) Pause Young (Allocation Failure) 13M->9M(15M) 0.191ms
[28.264s][info][gc] GC(11615) Pause Young (Allocation Failure) 13M->9M(15M) 0.185ms
[28.265s][info][gc] GC(11616) Pause Young (Allocation Failure) 13M->9M(15M) 0.175ms
[28.266s][info][gc] GC(11617) Pause Young (Allocation Failure) 13M->9M(15M) 0.181ms
[28.267s][info][gc] GC(11618) Pause Young (Allocation Failure) 13M->9M(15M) 0.177ms
[28.267s][info][gc] GC(11619) Pause Young (Allocation Failure) 13M->9M(15M) 0.171ms
[28.268s][info][gc] GC(11620) Pause Young (Allocation Failure) 13M->9M(15M) 0.167ms
[28.269s][info][gc] GC(11621) Pause Young (Allocation Failure) 13M->9M(15M) 0.173ms
[28.270s][info][gc] GC(11622) Pause Young (Allocation Failure) 13M->9M(15M) 0.172ms
[28.271s][info][gc] GC(11623) Pause Young (Allocation Failure) 13M->9M(15M) 0.165ms
[28.271s][info][gc] GC(11624) Pause Young (Allocation Failure) 14M->9M(15M) 0.176ms
[28.272s][info][gc] GC(11625) Pause Young (Allocation Failure) 14M->9M(15M) 0.176ms
[28.273s][info][gc] GC(11626) Pause Young (Allocation Failure) 14M->10M(15M) 0.216ms
[28.274s][info][gc] GC(11627) Pause Young (Allocation Failure) 14M->10M(15M) 0.177ms
[28.275s][info][gc] GC(11628) Pause Young (Allocation Failure) 14M->10M(15M) 0.177ms
[28.276s][info][gc] GC(11629) Pause Young (Allocation Failure) 14M->10M(15M) 0.198ms
[28.276s][info][gc] GC(11630) Pause Young (Allocation Failure) 14M->10M(15M) 0.191ms
[28.277s][info][gc] GC(11631) Pause Young (Allocation Failure) 14M->10M(15M) 0.169ms
[28.278s][info][gc] GC(11632) Pause Young (Allocation Failure) 14M->10M(15M) 0.179ms
[28.279s][info][gc] GC(11633) Pause Young (Allocation Failure) 14M->10M(15M) 0.186ms
[28.280s][info][gc] GC(11634) Pause Young (Allocation Failure) 14M->10M(15M) 0.193ms
[28.280s][info][gc] GC(11635) Pause Young (Allocation Failure) 14M->10M(15M) 0.178ms
[28.281s][info][gc] GC(11636) Pause Young (Allocation Failure) 14M->10M(15M) 0.141ms
[28.282s][info][gc] GC(11637) Pause Young (Allocation Failure) 14M->10M(15M) 0.174ms
[28.283s][info][gc] GC(11638) Pause Young (Allocation Failure) 14M->10M(15M) 0.142ms
[28.284s][info][gc] GC(11639) Pause Young (Allocation Failure) 14M->10M(15M) 0.186ms
[28.284s][info][gc] GC(11640) Pause Young (Allocation Failure) 14M->10M(15M) 0.179ms
[28.285s][info][gc] GC(11641) Pause Young (Allocation Failure) 14M->10M(15M) 0.172ms
[28.286s][info][gc] GC(11642) Pause Young (Allocation Failure) 14M->10M(15M) 0.172ms
[28.287s][info][gc] GC(11643) Pause Young (Allocation Failure) 14M->10M(15M) 0.165ms
[28.288s][info][gc] GC(11644) Pause Young (Allocation Failure) 14M->10M(15M) 0.177ms
[28.288s][info][gc] GC(11645) Pause Young (Allocation Failure) 14M->11M(15M) 0.190ms
[28.289s][info][gc] GC(11646) Pause Young (Allocation Failure) 15M->15M(15M) 0.027ms
[28.295s][info][gc] GC(11647) Pause Full (Allocation Failure) 15M->5M(15M) 6.109ms
[28.296s][info][gc] GC(11648) Pause Young (Allocation Failure) 10M->6M(15M) 0.181ms
[28.297s][info][gc] GC(11649) Pause Young (Allocation Failure) 10M->6M(15M) 0.170ms
[28.298s][info][gc] GC(11650) Pause Young (Allocation Failure) 10M->6M(15M) 0.203ms
[28.298s][info][gc] GC(11651) Pause Young (Allocation Failure) 11M->6M(15M) 0.190ms
[28.299s][info][gc] GC(11652) Pause Young (Allocation Failure) 11M->6M(15M) 0.187ms
[28.300s][info][gc] GC(11653) Pause Young (Allocation Failure) 11M->6M(15M) 0.179ms
[28.301s][info][gc] GC(11654) Pause Young (Allocation Failure) 11M->6M(15M) 0.172ms
[28.302s][info][gc] GC(11655) Pause Young (Allocation Failure) 11M->7M(15M) 0.194ms
[28.302s][info][gc] GC(11656) Pause Young (Allocation Failure) 11M->7M(15M) 0.177ms
[28.303s][info][gc] GC(11657) Pause Young (Allocation Failure) 11M->7M(15M) 0.196ms
[28.304s][info][gc] GC(11658) Pause Young (Allocation Failure) 11M->7M(15M) 0.191ms
[28.305s][info][gc] GC(11659) Pause Young (Allocation Failure) 11M->7M(15M) 0.182ms
[28.306s][info][gc] GC(11660) Pause Young (Allocation Failure) 11M->7M(15M) 0.182ms
[28.307s][info][gc] GC(11661) Pause Young (Allocation Failure) 11M->7M(15M) 0.170ms
[28.308s][info][gc] GC(11662) Pause Young (Allocation Failure) 11M->7M(15M) 0.188ms
[28.308s][info][gc] GC(11663) Pause Young (Allocation Failure) 11M->7M(15M) 0.203ms
[28.309s][info][gc] GC(11664) Pause Young (Allocation Failure) 12M->8M(15M) 0.198ms
[28.310s][info][gc] GC(11665) Pause Young (Allocation Failure) 12M->8M(15M) 0.189ms
[28.311s][info][gc] GC(11666) Pause Young (Allocation Failure) 12M->7M(15M) 0.169ms
[28.311s][info][gc] GC(11667) Pause Young (Allocation Failure) 12M->8M(15M) 0.184ms
[28.312s][info][gc] GC(11668) Pause Young (Allocation Failure) 12M->8M(15M) 0.149ms
[28.313s][info][gc] GC(11669) Pause Young (Allocation Failure) 12M->7M(15M) 0.168ms
[28.314s][info][gc] GC(11670) Pause Young (Allocation Failure) 12M->8M(15M) 0.201ms
[28.315s][info][gc] GC(11671) Pause Young (Allocation Failure) 12M->8M(15M) 0.166ms
[28.315s][info][gc] GC(11672) Pause Young (Allocation Failure) 12M->8M(15M) 0.181ms
[28.316s][info][gc] GC(11673) Pause Young (Allocation Failure) 12M->8M(15M) 0.167ms
[28.317s][info][gc] GC(11674) Pause Young (Allocation Failure) 12M->8M(15M) 0.186ms
[28.318s][info][gc] GC(11675) Pause Young (Allocation Failure) 12M->8M(15M) 0.178ms
[28.319s][info][gc] GC(11676) Pause Young (Allocation Failure) 12M->8M(15M) 0.192ms
[28.320s][info][gc] GC(11677) Pause Young (Allocation Failure) 13M->8M(15M) 0.181ms
[28.320s][info][gc] GC(11678) Pause Young (Allocation Failure) 13M->8M(15M) 0.185ms
[28.321s][info][gc] GC(11679) Pause Young (Allocation Failure) 13M->8M(15M) 0.185ms
[28.322s][info][gc] GC(11680) Pause Young (Allocation Failure) 13M->9M(15M) 0.204ms
[28.323s][info][gc] GC(11681) Pause Young (Allocation Failure) 13M->9M(15M) 0.194ms
[28.324s][info][gc] GC(11682) Pause Young (Allocation Failure) 13M->9M(15M) 0.173ms
[28.325s][info][gc] GC(11683) Pause Young (Allocation Failure) 13M->9M(15M) 0.169ms
[28.325s][info][gc] GC(11684) Pause Young (Allocation Failure) 13M->9M(15M) 0.228ms
[28.326s][info][gc] GC(11685) Pause Young (Allocation Failure) 14M->10M(15M) 0.183ms
[28.327s][info][gc] GC(11686) Pause Young (Allocation Failure) 14M->10M(15M) 0.194ms
[28.328s][info][gc] GC(11687) Pause Young (Allocation Failure) 14M->10M(15M) 0.175ms
[28.329s][info][gc] GC(11688) Pause Young (Allocation Failure) 14M->10M(15M) 0.177ms
[28.330s][info][gc] GC(11689) Pause Young (Allocation Failure) 14M->10M(15M) 0.176ms
[28.330s][info][gc] GC(11690) Pause Young (Allocation Failure) 14M->10M(15M) 0.179ms
[28.331s][info][gc] GC(11691) Pause Young (Allocation Failure) 14M->9M(15M) 0.153ms
[28.332s][info][gc] GC(11692) Pause Young (Allocation Failure) 14M->10M(15M) 0.177ms
[28.333s][info][gc] GC(11693) Pause Young (Allocation Failure) 14M->9M(15M) 0.173ms
[28.334s][info][gc] GC(11694) Pause Young (Allocation Failure) 14M->10M(15M) 0.178ms
[28.334s][info][gc] GC(11695) Pause Young (Allocation Failure) 14M->10M(15M) 0.182ms
[28.335s][info][gc] GC(11696) Pause Young (Allocation Failure) 14M->10M(15M) 0.183ms
[28.336s][info][gc] GC(11697) Pause Young (Allocation Failure) 14M->9M(15M) 0.167ms
[28.337s][info][gc] GC(11698) Pause Young (Allocation Failure) 14M->9M(15M) 0.171ms
[28.338s][info][gc] GC(11699) Pause Young (Allocation Failure) 14M->10M(15M) 0.195ms
[28.339s][info][gc] GC(11700) Pause Young (Allocation Failure) 14M->10M(15M) 0.169ms
[28.339s][info][gc] GC(11701) Pause Young (Allocation Failure) 14M->10M(15M) 0.191ms
[28.340s][info][gc] GC(11702) Pause Young (Allocation Failure) 14M->10M(15M) 0.172ms
[28.341s][info][gc] GC(11703) Pause Young (Allocation Failure) 14M->10M(15M) 0.180ms
[28.342s][info][gc] GC(11704) Pause Young (Allocation Failure) 14M->10M(15M) 0.183ms
[28.343s][info][gc] GC(11705) Pause Young (Allocation Failure) 14M->10M(15M) 0.168ms
[28.343s][info][gc] GC(11706) Pause Young (Allocation Failure) 15M->15M(15M) 0.025ms
[28.350s][info][gc] GC(11707) Pause Full (Allocation Failure) 15M->5M(15M) 6.302ms
[28.350s][info][gc] GC(11708) Pause Young (Allocation Failure) 10M->6M(15M) 0.183ms
[28.351s][info][gc] GC(11709) Pause Young (Allocation Failure) 10M->6M(15M) 0.184ms
[28.352s][info][gc] GC(11710) Pause Young (Allocation Failure) 10M->6M(15M) 0.189ms
[28.353s][info][gc] GC(11711) Pause Young (Allocation Failure) 10M->6M(15M) 0.204ms
[28.354s][info][gc] GC(11712) Pause Young (Allocation Failure) 10M->6M(15M) 0.189ms
[28.355s][info][gc] GC(11713) Pause Young (Allocation Failure) 11M->6M(15M) 0.190ms
[28.355s][info][gc] GC(11714) Pause Young (Allocation Failure) 11M->7M(15M) 0.194ms
[28.356s][info][gc] GC(11715) Pause Young (Allocation Failure) 11M->7M(15M) 0.202ms
[28.357s][info][gc] GC(11716) Pause Young (Allocation Failure) 11M->7M(15M) 0.161ms
[28.358s][info][gc] GC(11717) Pause Young (Allocation Failure) 11M->7M(15M) 0.152ms
[28.358s][info][gc] GC(11718) Pause Young (Allocation Failure) 11M->8M(15M) 0.200ms
[28.359s][info][gc] GC(11719) Pause Young (Allocation Failure) 12M->8M(15M) 0.163ms
[28.360s][info][gc] GC(11720) Pause Young (Allocation Failure) 12M->8M(15M) 0.168ms
[28.361s][info][gc] GC(11721) Pause Young (Allocation Failure) 12M->8M(15M) 0.144ms
[28.362s][info][gc] GC(11722) Pause Young (Allocation Failure) 12M->8M(15M) 0.153ms
[28.362s][info][gc] GC(11723) Pause Young (Allocation Failure) 12M->8M(15M) 0.141ms
[28.363s][info][gc] GC(11724) Pause Young (Allocation Failure) 12M->8M(15M) 0.155ms
[28.364s][info][gc] GC(11725) Pause Young (Allocation Failure) 12M->8M(15M) 0.172ms
[28.365s][info][gc] GC(11726) Pause Young (Allocation Failure) 12M->8M(15M) 0.153ms
[28.366s][info][gc] GC(11727) Pause Young (Allocation Failure) 12M->8M(15M) 0.158ms
[28.366s][info][gc] GC(11728) Pause Young (Allocation Failure) 12M->8M(15M) 0.148ms
[28.367s][info][gc] GC(11729) Pause Young (Allocation Failure) 12M->8M(15M) 0.154ms
[28.368s][info][gc] GC(11730) Pause Young (Allocation Failure) 12M->8M(15M) 0.150ms
[28.368s][info][gc] GC(11731) Pause Young (Allocation Failure) 12M->8M(15M) 0.148ms
[28.369s][info][gc] GC(11732) Pause Young (Allocation Failure) 12M->8M(15M) 0.150ms
[28.370s][info][gc] GC(11733) Pause Young (Allocation Failure) 12M->8M(15M) 0.153ms
[28.371s][info][gc] GC(11734) Pause Young (Allocation Failure) 12M->9M(15M) 0.154ms
[28.372s][info][gc] GC(11735) Pause Young (Allocation Failure) 13M->9M(15M) 0.159ms
[28.372s][info][gc] GC(11736) Pause Young (Allocation Failure) 13M->8M(15M) 0.151ms
[28.373s][info][gc] GC(11737) Pause Young (Allocation Failure) 13M->9M(15M) 0.167ms
[28.374s][info][gc] GC(11738) Pause Young (Allocation Failure) 13M->9M(15M) 0.158ms
[28.375s][info][gc] GC(11739) Pause Young (Allocation Failure) 13M->9M(15M) 0.154ms
[28.376s][info][gc] GC(11740) Pause Young (Allocation Failure) 13M->9M(15M) 0.155ms
[28.376s][info][gc] GC(11741) Pause Young (Allocation Failure) 13M->9M(15M) 0.198ms
[28.377s][info][gc] GC(11742) Pause Young (Allocation Failure) 14M->9M(15M) 0.158ms
[28.378s][info][gc] GC(11743) Pause Young (Allocation Failure) 14M->9M(15M) 0.139ms
[28.379s][info][gc] GC(11744) Pause Young (Allocation Failure) 13M->9M(15M) 0.159ms
[28.379s][info][gc] GC(11745) Pause Young (Allocation Failure) 14M->9M(15M) 0.158ms
[28.380s][info][gc] GC(11746) Pause Young (Allocation Failure) 14M->9M(15M) 0.141ms
[28.381s][info][gc] GC(11747) Pause Young (Allocation Failure) 13M->9M(15M) 0.135ms
[28.382s][info][gc] GC(11748) Pause Young (Allocation Failure) 14M->10M(15M) 0.181ms
[28.383s][info][gc] GC(11749) Pause Young (Allocation Failure) 14M->9M(15M) 0.172ms
[28.383s][info][gc] GC(11750) Pause Young (Allocation Failure) 14M->10M(15M) 0.178ms
[28.384s][info][gc] GC(11751) Pause Young (Allocation Failure) 14M->10M(15M) 0.174ms
[28.385s][info][gc] GC(11752) Pause Young (Allocation Failure) 14M->10M(15M) 0.171ms
[28.386s][info][gc] GC(11753) Pause Young (Allocation Failure) 14M->10M(15M) 0.197ms
[28.386s][info][gc] GC(11754) Pause Young (Allocation Failure) 14M->11M(15M) 0.248ms
[28.387s][info][gc] GC(11755) Pause Young (Allocation Failure) 15M->15M(15M) 0.025ms
[28.393s][info][gc] GC(11756) Pause Full (Allocation Failure) 15M->5M(15M) 6.176ms
[28.394s][info][gc] GC(11757) Pause Young (Allocation Failure) 10M->6M(15M) 0.195ms
[28.395s][info][gc] GC(11758) Pause Young (Allocation Failure) 10M->6M(15M) 0.193ms
[28.396s][info][gc] GC(11759) Pause Young (Allocation Failure) 10M->6M(15M) 0.183ms
[28.396s][info][gc] GC(11760) Pause Young (Allocation Failure) 10M->5M(15M) 0.163ms
[28.397s][info][gc] GC(11761) Pause Young (Allocation Failure) 10M->6M(15M) 0.182ms
[28.398s][info][gc] GC(11762) Pause Young (Allocation Failure) 11M->6M(15M) 0.190ms
[28.399s][info][gc] GC(11763) Pause Young (Allocation Failure) 11M->6M(15M) 0.166ms
[28.400s][info][gc] GC(11764) Pause Young (Allocation Failure) 10M->6M(15M) 0.191ms
[28.400s][info][gc] GC(11765) Pause Young (Allocation Failure) 11M->7M(15M) 0.193ms
[28.401s][info][gc] GC(11766) Pause Young (Allocation Failure) 11M->7M(15M) 0.186ms
[28.402s][info][gc] GC(11767) Pause Young (Allocation Failure) 11M->7M(15M) 0.213ms
[28.403s][info][gc] GC(11768) Pause Young (Allocation Failure) 11M->7M(15M) 0.173ms
[28.403s][info][gc] GC(11769) Pause Young (Allocation Failure) 11M->7M(15M) 0.183ms
[28.404s][info][gc] GC(11770) Pause Young (Allocation Failure) 11M->7M(15M) 0.170ms
[28.405s][info][gc] GC(11771) Pause Young (Allocation Failure) 11M->7M(15M) 0.187ms
[28.406s][info][gc] GC(11772) Pause Young (Allocation Failure) 11M->7M(15M) 0.176ms
[28.407s][info][gc] GC(11773) Pause Young (Allocation Failure) 11M->7M(15M) 0.161ms
[28.407s][info][gc] GC(11774) Pause Young (Allocation Failure) 11M->8M(15M) 0.210ms
[28.408s][info][gc] GC(11775) Pause Young (Allocation Failure) 12M->8M(15M) 0.186ms
[28.409s][info][gc] GC(11776) Pause Young (Allocation Failure) 12M->8M(15M) 0.200ms
[28.410s][info][gc] GC(11777) Pause Young (Allocation Failure) 12M->8M(15M) 0.176ms
[28.411s][info][gc] GC(11778) Pause Young (Allocation Failure) 12M->8M(15M) 0.185ms
[28.411s][info][gc] GC(11779) Pause Young (Allocation Failure) 12M->8M(15M) 0.194ms
[28.412s][info][gc] GC(11780) Pause Young (Allocation Failure) 12M->8M(15M) 0.169ms
[28.413s][info][gc] GC(11781) Pause Young (Allocation Failure) 12M->8M(15M) 0.180ms
[28.414s][info][gc] GC(11782) Pause Young (Allocation Failure) 12M->8M(15M) 0.175ms
[28.415s][info][gc] GC(11783) Pause Young (Allocation Failure) 12M->8M(15M) 0.191ms
[28.415s][info][gc] GC(11784) Pause Young (Allocation Failure) 12M->9M(15M) 0.242ms
[28.416s][info][gc] GC(11785) Pause Young (Allocation Failure) 13M->9M(15M) 0.173ms
[28.417s][info][gc] GC(11786) Pause Young (Allocation Failure) 13M->9M(15M) 0.193ms
[28.418s][info][gc] GC(11787) Pause Young (Allocation Failure) 13M->9M(15M) 0.191ms
[28.419s][info][gc] GC(11788) Pause Young (Allocation Failure) 13M->9M(15M) 0.173ms
[28.419s][info][gc] GC(11789) Pause Young (Allocation Failure) 13M->9M(15M) 0.188ms
[28.420s][info][gc] GC(11790) Pause Young (Allocation Failure) 14M->9M(15M) 0.194ms
[28.421s][info][gc] GC(11791) Pause Young (Allocation Failure) 14M->9M(15M) 0.165ms
[28.422s][info][gc] GC(11792) Pause Young (Allocation Failure) 13M->10M(15M) 0.146ms
[28.423s][info][gc] GC(11793) Pause Young (Allocation Failure) 14M->10M(15M) 0.299ms
[28.423s][info][gc] GC(11794) Pause Young (Allocation Failure) 14M->10M(15M) 0.178ms
[28.424s][info][gc] GC(11795) Pause Young (Allocation Failure) 14M->9M(15M) 0.161ms
[28.425s][info][gc] GC(11796) Pause Young (Allocation Failure) 14M->10M(15M) 0.187ms
[28.426s][info][gc] GC(11797) Pause Young (Allocation Failure) 14M->10M(15M) 0.205ms
[28.426s][info][gc] GC(11798) Pause Young (Allocation Failure) 15M->15M(15M) 0.025ms
[28.432s][info][gc] GC(11799) Pause Full (Allocation Failure) 15M->5M(15M) 6.083ms
[28.433s][info][gc] GC(11800) Pause Young (Allocation Failure) 9M->5M(15M) 0.256ms
[28.434s][info][gc] GC(11801) Pause Young (Allocation Failure) 10M->5M(15M) 0.174ms
[28.435s][info][gc] GC(11802) Pause Young (Allocation Failure) 10M->5M(15M) 0.169ms
[28.436s][info][gc] GC(11803) Pause Young (Allocation Failure) 10M->5M(15M) 0.258ms
[28.437s][info][gc] GC(11804) Pause Young (Allocation Failure) 10M->6M(15M) 0.230ms
[28.438s][info][gc] GC(11805) Pause Young (Allocation Failure) 10M->6M(15M) 0.194ms
[28.438s][info][gc] GC(11806) Pause Young (Allocation Failure) 10M->6M(15M) 0.197ms
[28.439s][info][gc] GC(11807) Pause Young (Allocation Failure) 11M->6M(15M) 0.174ms
[28.440s][info][gc] GC(11808) Pause Young (Allocation Failure) 10M->7M(15M) 0.194ms
[28.441s][info][gc] GC(11809) Pause Young (Allocation Failure) 11M->6M(15M) 0.165ms
[28.441s][info][gc] GC(11810) Pause Young (Allocation Failure) 11M->6M(15M) 0.169ms
[28.442s][info][gc] GC(11811) Pause Young (Allocation Failure) 11M->7M(15M) 0.200ms
[28.443s][info][gc] GC(11812) Pause Young (Allocation Failure) 11M->7M(15M) 0.185ms
[28.444s][info][gc] GC(11813) Pause Young (Allocation Failure) 11M->7M(15M) 0.198ms
[28.444s][info][gc] GC(11814) Pause Young (Allocation Failure) 12M->7M(15M) 0.194ms
[28.445s][info][gc] GC(11815) Pause Young (Allocation Failure) 12M->8M(15M) 0.217ms
[28.446s][info][gc] GC(11816) Pause Young (Allocation Failure) 12M->8M(15M) 0.176ms
[28.447s][info][gc] GC(11817) Pause Young (Allocation Failure) 12M->8M(15M) 0.197ms
[28.448s][info][gc] GC(11818) Pause Young (Allocation Failure) 12M->8M(15M) 0.161ms
[28.448s][info][gc] GC(11819) Pause Young (Allocation Failure) 12M->8M(15M) 0.163ms
[28.449s][info][gc] GC(11820) Pause Young (Allocation Failure) 12M->8M(15M) 0.170ms
[28.450s][info][gc] GC(11821) Pause Young (Allocation Failure) 12M->8M(15M) 0.269ms
[28.451s][info][gc] GC(11822) Pause Young (Allocation Failure) 12M->8M(15M) 0.201ms
[28.452s][info][gc] GC(11823) Pause Young (Allocation Failure) 13M->8M(15M) 0.172ms
[28.452s][info][gc] GC(11824) Pause Young (Allocation Failure) 13M->8M(15M) 0.170ms
[28.453s][info][gc] GC(11825) Pause Young (Allocation Failure) 13M->8M(15M) 0.161ms
[28.454s][info][gc] GC(11826) Pause Young (Allocation Failure) 12M->8M(15M) 0.159ms
[28.454s][info][gc] GC(11827) Pause Young (Allocation Failure) 12M->9M(15M) 0.196ms
[28.455s][info][gc] GC(11828) Pause Young (Allocation Failure) 13M->8M(15M) 0.166ms
[28.456s][info][gc] GC(11829) Pause Young (Allocation Failure) 13M->9M(15M) 0.182ms
[28.457s][info][gc] GC(11830) Pause Young (Allocation Failure) 13M->9M(15M) 0.184ms
[28.457s][info][gc] GC(11831) Pause Young (Allocation Failure) 13M->9M(15M) 0.162ms
[28.458s][info][gc] GC(11832) Pause Young (Allocation Failure) 13M->9M(15M) 0.182ms
[28.459s][info][gc] GC(11833) Pause Young (Allocation Failure) 13M->9M(15M) 0.161ms
[28.460s][info][gc] GC(11834) Pause Young (Allocation Failure) 13M->9M(15M) 0.159ms
[28.461s][info][gc] GC(11835) Pause Young (Allocation Failure) 13M->9M(15M) 0.192ms
[28.461s][info][gc] GC(11836) Pause Young (Allocation Failure) 14M->10M(15M) 0.203ms
[28.462s][info][gc] GC(11837) Pause Young (Allocation Failure) 14M->9M(15M) 0.163ms
[28.463s][info][gc] GC(11838) Pause Young (Allocation Failure) 14M->9M(15M) 0.155ms
[28.464s][info][gc] GC(11839) Pause Young (Allocation Failure) 14M->10M(15M) 0.209ms
[28.464s][info][gc] GC(11840) Pause Young (Allocation Failure) 14M->10M(15M) 0.174ms
[28.465s][info][gc] GC(11841) Pause Young (Allocation Failure) 15M->15M(15M) 0.024ms
[28.471s][info][gc] GC(11842) Pause Full (Allocation Failure) 15M->6M(15M) 6.197ms
[28.472s][info][gc] GC(11843) Pause Young (Allocation Failure) 10M->6M(15M) 0.169ms
[28.473s][info][gc] GC(11844) Pause Young (Allocation Failure) 10M->6M(15M) 0.202ms
[28.473s][info][gc] GC(11845) Pause Young (Allocation Failure) 11M->7M(15M) 0.191ms
[28.474s][info][gc] GC(11846) Pause Young (Allocation Failure) 11M->7M(15M) 0.185ms
[28.475s][info][gc] GC(11847) Pause Young (Allocation Failure) 11M->7M(15M) 0.182ms
[28.476s][info][gc] GC(11848) Pause Young (Allocation Failure) 11M->7M(15M) 0.304ms
[28.477s][info][gc] GC(11849) Pause Young (Allocation Failure) 11M->7M(15M) 0.198ms
[28.478s][info][gc] GC(11850) Pause Young (Allocation Failure) 12M->7M(15M) 0.188ms
[28.478s][info][gc] GC(11851) Pause Young (Allocation Failure) 12M->7M(15M) 0.173ms
[28.479s][info][gc] GC(11852) Pause Young (Allocation Failure) 12M->7M(15M) 0.161ms
[28.480s][info][gc] GC(11853) Pause Young (Allocation Failure) 12M->7M(15M) 0.194ms
[28.481s][info][gc] GC(11854) Pause Young (Allocation Failure) 11M->7M(15M) 0.174ms
[28.481s][info][gc] GC(11855) Pause Young (Allocation Failure) 12M->7M(15M) 0.173ms
[28.482s][info][gc] GC(11856) Pause Young (Allocation Failure) 12M->7M(15M) 0.159ms
[28.483s][info][gc] GC(11857) Pause Young (Allocation Failure) 11M->8M(15M) 0.193ms
[28.484s][info][gc] GC(11858) Pause Young (Allocation Failure) 12M->7M(15M) 0.163ms
[28.485s][info][gc] GC(11859) Pause Young (Allocation Failure) 12M->7M(15M) 0.166ms
[28.485s][info][gc] GC(11860) Pause Young (Allocation Failure) 12M->8M(15M) 0.165ms
[28.486s][info][gc] GC(11861) Pause Young (Allocation Failure) 12M->8M(15M) 0.177ms
[28.487s][info][gc] GC(11862) Pause Young (Allocation Failure) 12M->8M(15M) 0.177ms
[28.488s][info][gc] GC(11863) Pause Young (Allocation Failure) 12M->8M(15M) 0.169ms
[28.488s][info][gc] GC(11864) Pause Young (Allocation Failure) 12M->8M(15M) 0.148ms
[28.489s][info][gc] GC(11865) Pause Young (Allocation Failure) 12M->8M(15M) 0.205ms
[28.490s][info][gc] GC(11866) Pause Young (Allocation Failure) 12M->8M(15M) 0.175ms
[28.491s][info][gc] GC(11867) Pause Young (Allocation Failure) 12M->8M(15M) 0.180ms
[28.492s][info][gc] GC(11868) Pause Young (Allocation Failure) 12M->8M(15M) 0.153ms
[28.493s][info][gc] GC(11869) Pause Young (Allocation Failure) 12M->8M(15M) 0.169ms
[28.493s][info][gc] GC(11870) Pause Young (Allocation Failure) 12M->8M(15M) 0.161ms
[28.494s][info][gc] GC(11871) Pause Young (Allocation Failure) 12M->8M(15M) 0.184ms
[28.495s][info][gc] GC(11872) Pause Young (Allocation Failure) 12M->8M(15M) 0.200ms
[28.496s][info][gc] GC(11873) Pause Young (Allocation Failure) 13M->9M(15M) 0.191ms
[28.497s][info][gc] GC(11874) Pause Young (Allocation Failure) 13M->9M(15M) 0.191ms
[28.497s][info][gc] GC(11875) Pause Young (Allocation Failure) 13M->9M(15M) 0.174ms
[28.498s][info][gc] GC(11876) Pause Young (Allocation Failure) 13M->9M(15M) 0.196ms
[28.499s][info][gc] GC(11877) Pause Young (Allocation Failure) 13M->9M(15M) 0.150ms
[28.500s][info][gc] GC(11878) Pause Young (Allocation Failure) 14M->9M(15M) 0.164ms
[28.500s][info][gc] GC(11879) Pause Young (Allocation Failure) 13M->9M(15M) 0.179ms
[28.501s][info][gc] GC(11880) Pause Young (Allocation Failure) 14M->9M(15M) 0.183ms
[28.502s][info][gc] GC(11881) Pause Young (Allocation Failure) 14M->9M(15M) 0.165ms
[28.503s][info][gc] GC(11882) Pause Young (Allocation Failure) 13M->10M(15M) 0.268ms
[28.504s][info][gc] GC(11883) Pause Young (Allocation Failure) 14M->9M(15M) 0.172ms
[28.505s][info][gc] GC(11884) Pause Young (Allocation Failure) 14M->10M(15M) 0.213ms
[28.505s][info][gc] GC(11885) Pause Young (Allocation Failure) 14M->10M(15M) 0.171ms
[28.506s][info][gc] GC(11886) Pause Young (Allocation Failure) 14M->10M(15M) 0.180ms
[28.507s][info][gc] GC(11887) Pause Young (Allocation Failure) 14M->10M(15M) 0.186ms
[28.507s][info][gc] GC(11888) Pause Young (Allocation Failure) 15M->11M(15M) 0.152ms
[28.508s][info][gc] GC(11889) Pause Young (Allocation Failure) 15M->15M(15M) 0.025ms
[28.514s][info][gc] GC(11890) Pause Full (Allocation Failure) 15M->6M(15M) 6.106ms
[28.515s][info][gc] GC(11891) Pause Young (Allocation Failure) 10M->6M(15M) 0.175ms
[28.516s][info][gc] GC(11892) Pause Young (Allocation Failure) 10M->6M(15M) 0.304ms
[28.517s][info][gc] GC(11893) Pause Young (Allocation Failure) 11M->6M(15M) 0.188ms
[28.518s][info][gc] GC(11894) Pause Young (Allocation Failure) 11M->7M(15M) 0.187ms
[28.518s][info][gc] GC(11895) Pause Young (Allocation Failure) 11M->7M(15M) 0.180ms
[28.519s][info][gc] GC(11896) Pause Young (Allocation Failure) 11M->7M(15M) 0.135ms
[28.520s][info][gc] GC(11897) Pause Young (Allocation Failure) 11M->7M(15M) 0.186ms
[28.521s][info][gc] GC(11898) Pause Young (Allocation Failure) 11M->6M(15M) 0.172ms
[28.522s][info][gc] GC(11899) Pause Young (Allocation Failure) 11M->7M(15M) 0.180ms
[28.523s][info][gc] GC(11900) Pause Young (Allocation Failure) 11M->7M(15M) 0.192ms
[28.523s][info][gc] GC(11901) Pause Young (Allocation Failure) 11M->7M(15M) 0.209ms
[28.524s][info][gc] GC(11902) Pause Young (Allocation Failure) 11M->7M(15M) 0.189ms
[28.525s][info][gc] GC(11903) Pause Young (Allocation Failure) 12M->7M(15M) 0.192ms
[28.526s][info][gc] GC(11904) Pause Young (Allocation Failure) 12M->7M(15M) 0.192ms
[28.527s][info][gc] GC(11905) Pause Young (Allocation Failure) 12M->7M(15M) 0.170ms
[28.528s][info][gc] GC(11906) Pause Young (Allocation Failure) 11M->7M(15M) 0.177ms
[28.528s][info][gc] GC(11907) Pause Young (Allocation Failure) 12M->7M(15M) 0.198ms
[28.529s][info][gc] GC(11908) Pause Young (Allocation Failure) 12M->8M(15M) 0.252ms
[28.530s][info][gc] GC(11909) Pause Young (Allocation Failure) 12M->8M(15M) 0.164ms
[28.531s][info][gc] GC(11910) Pause Young (Allocation Failure) 12M->8M(15M) 0.183ms
[28.532s][info][gc] GC(11911) Pause Young (Allocation Failure) 12M->8M(15M) 0.181ms
[28.533s][info][gc] GC(11912) Pause Young (Allocation Failure) 12M->8M(15M) 0.174ms
[28.533s][info][gc] GC(11913) Pause Young (Allocation Failure) 12M->8M(15M) 0.168ms
[28.534s][info][gc] GC(11914) Pause Young (Allocation Failure) 12M->8M(15M) 0.162ms
[28.535s][info][gc] GC(11915) Pause Young (Allocation Failure) 12M->8M(15M) 0.204ms
[28.536s][info][gc] GC(11916) Pause Young (Allocation Failure) 12M->8M(15M) 0.175ms
[28.536s][info][gc] GC(11917) Pause Young (Allocation Failure) 12M->8M(15M) 0.181ms
[28.537s][info][gc] GC(11918) Pause Young (Allocation Failure) 12M->8M(15M) 0.186ms
[28.538s][info][gc] GC(11919) Pause Young (Allocation Failure) 13M->8M(15M) 0.164ms
[28.539s][info][gc] GC(11920) Pause Young (Allocation Failure) 12M->8M(15M) 0.175ms
[28.540s][info][gc] GC(11921) Pause Young (Allocation Failure) 12M->8M(15M) 0.164ms
[28.540s][info][gc] GC(11922) Pause Young (Allocation Failure) 12M->8M(15M) 0.165ms
[28.541s][info][gc] GC(11923) Pause Young (Allocation Failure) 12M->8M(15M) 0.166ms
[28.542s][info][gc] GC(11924) Pause Young (Allocation Failure) 12M->9M(15M) 0.153ms
[28.543s][info][gc] GC(11925) Pause Young (Allocation Failure) 13M->9M(15M) 0.191ms
[28.544s][info][gc] GC(11926) Pause Young (Allocation Failure) 13M->8M(15M) 0.130ms
[28.544s][info][gc] GC(11927) Pause Young (Allocation Failure) 13M->9M(15M) 0.187ms
[28.545s][info][gc] GC(11928) Pause Young (Allocation Failure) 13M->8M(15M) 0.175ms
[28.546s][info][gc] GC(11929) Pause Young (Allocation Failure) 13M->8M(15M) 0.164ms
[28.547s][info][gc] GC(11930) Pause Young (Allocation Failure) 13M->9M(15M) 0.198ms
[28.548s][info][gc] GC(11931) Pause Young (Allocation Failure) 13M->9M(15M) 0.184ms
[28.548s][info][gc] GC(11932) Pause Young (Allocation Failure) 14M->9M(15M) 0.146ms
[28.549s][info][gc] GC(11933) Pause Young (Allocation Failure) 13M->9M(15M) 0.148ms
[28.550s][info][gc] GC(11934) Pause Young (Allocation Failure) 13M->9M(15M) 0.186ms
[28.551s][info][gc] GC(11935) Pause Young (Allocation Failure) 14M->9M(15M) 0.151ms
[28.551s][info][gc] GC(11936) Pause Young (Allocation Failure) 13M->9M(15M) 0.164ms
[28.552s][info][gc] GC(11937) Pause Young (Allocation Failure) 14M->9M(15M) 0.151ms
[28.553s][info][gc] GC(11938) Pause Young (Allocation Failure) 14M->9M(15M) 0.156ms
[28.554s][info][gc] GC(11939) Pause Young (Allocation Failure) 14M->10M(15M) 0.149ms
[28.554s][info][gc] GC(11940) Pause Young (Allocation Failure) 14M->9M(15M) 0.174ms
[28.555s][info][gc] GC(11941) Pause Young (Allocation Failure) 14M->9M(15M) 0.171ms
[28.556s][info][gc] GC(11942) Pause Young (Allocation Failure) 14M->9M(15M) 0.175ms
[28.557s][info][gc] GC(11943) Pause Young (Allocation Failure) 14M->11M(15M) 0.246ms
[28.557s][info][gc] GC(11944) Pause Young (Allocation Failure) 15M->15M(15M) 0.025ms
[28.564s][info][gc] GC(11945) Pause Full (Allocation Failure) 15M->6M(15M) 6.469ms
[28.565s][info][gc] GC(11946) Pause Young (Allocation Failure) 10M->6M(15M) 0.199ms
[28.566s][info][gc] GC(11947) Pause Young (Allocation Failure) 10M->6M(15M) 0.192ms
[28.566s][info][gc] GC(11948) Pause Young (Allocation Failure) 10M->6M(15M) 0.191ms
[28.567s][info][gc] GC(11949) Pause Young (Allocation Failure) 10M->6M(15M) 0.183ms
[28.568s][info][gc] GC(11950) Pause Young (Allocation Failure) 10M->6M(15M) 0.188ms
[28.569s][info][gc] GC(11951) Pause Young (Allocation Failure) 11M->7M(15M) 0.204ms
[28.570s][info][gc] GC(11952) Pause Young (Allocation Failure) 11M->6M(15M) 0.174ms
[28.571s][info][gc] GC(11953) Pause Young (Allocation Failure) 11M->6M(15M) 0.167ms
[28.571s][info][gc] GC(11954) Pause Young (Allocation Failure) 10M->6M(15M) 0.166ms
[28.572s][info][gc] GC(11955) Pause Young (Allocation Failure) 10M->6M(15M) 0.163ms
[28.573s][info][gc] GC(11956) Pause Young (Allocation Failure) 10M->7M(15M) 0.200ms
[28.574s][info][gc] GC(11957) Pause Young (Allocation Failure) 11M->7M(15M) 0.180ms
[28.574s][info][gc] GC(11958) Pause Young (Allocation Failure) 11M->7M(15M) 0.179ms
[28.575s][info][gc] GC(11959) Pause Young (Allocation Failure) 11M->7M(15M) 0.163ms
[28.576s][info][gc] GC(11960) Pause Young (Allocation Failure) 11M->7M(15M) 0.175ms
[28.577s][info][gc] GC(11961) Pause Young (Allocation Failure) 11M->7M(15M) 0.182ms
[28.578s][info][gc] GC(11962) Pause Young (Allocation Failure) 11M->7M(15M) 0.185ms
[28.578s][info][gc] GC(11963) Pause Young (Allocation Failure) 11M->7M(15M) 0.185ms
[28.579s][info][gc] GC(11964) Pause Young (Allocation Failure) 11M->7M(15M) 0.169ms
[28.580s][info][gc] GC(11965) Pause Young (Allocation Failure) 11M->7M(15M) 0.178ms
[28.581s][info][gc] GC(11966) Pause Young (Allocation Failure) 11M->7M(15M) 0.174ms
[28.581s][info][gc] GC(11967) Pause Young (Allocation Failure) 11M->7M(15M) 0.198ms
[28.582s][info][gc] GC(11968) Pause Young (Allocation Failure) 12M->7M(15M) 0.187ms
[28.583s][info][gc] GC(11969) Pause Young (Allocation Failure) 12M->8M(15M) 0.215ms
[28.584s][info][gc] GC(11970) Pause Young (Allocation Failure) 12M->8M(15M) 0.173ms
[28.585s][info][gc] GC(11971) Pause Young (Allocation Failure) 12M->8M(15M) 0.175ms
[28.586s][info][gc] GC(11972) Pause Young (Allocation Failure) 12M->7M(15M) 0.164ms
[28.586s][info][gc] GC(11973) Pause Young (Allocation Failure) 12M->8M(15M) 0.172ms
[28.587s][info][gc] GC(11974) Pause Young (Allocation Failure) 12M->8M(15M) 0.192ms
[28.588s][info][gc] GC(11975) Pause Young (Allocation Failure) 12M->8M(15M) 0.171ms
[28.589s][info][gc] GC(11976) Pause Young (Allocation Failure) 12M->8M(15M) 0.184ms
[28.590s][info][gc] GC(11977) Pause Young (Allocation Failure) 12M->8M(15M) 0.194ms
[28.590s][info][gc] GC(11978) Pause Young (Allocation Failure) 12M->8M(15M) 0.173ms
[28.591s][info][gc] GC(11979) Pause Young (Allocation Failure) 12M->8M(15M) 0.185ms
[28.592s][info][gc] GC(11980) Pause Young (Allocation Failure) 12M->8M(15M) 0.200ms
[28.593s][info][gc] GC(11981) Pause Young (Allocation Failure) 13M->8M(15M) 0.176ms
[28.593s][info][gc] GC(11982) Pause Young (Allocation Failure) 12M->8M(15M) 0.185ms
[28.594s][info][gc] GC(11983) Pause Young (Allocation Failure) 13M->9M(15M) 0.187ms
[28.595s][info][gc] GC(11984) Pause Young (Allocation Failure) 13M->8M(15M) 0.177ms
[28.596s][info][gc] GC(11985) Pause Young (Allocation Failure) 13M->8M(15M) 0.178ms
[28.597s][info][gc] GC(11986) Pause Young (Allocation Failure) 13M->8M(15M) 0.169ms
[28.597s][info][gc] GC(11987) Pause Young (Allocation Failure) 12M->8M(15M) 0.173ms
[28.598s][info][gc] GC(11988) Pause Young (Allocation Failure) 13M->9M(15M) 0.190ms
[28.599s][info][gc] GC(11989) Pause Young (Allocation Failure) 13M->8M(15M) 0.170ms
[28.600s][info][gc] GC(11990) Pause Young (Allocation Failure) 13M->8M(15M) 0.169ms
[28.600s][info][gc] GC(11991) Pause Young (Allocation Failure) 13M->8M(15M) 0.176ms
[28.601s][info][gc] GC(11992) Pause Young (Allocation Failure) 13M->9M(15M) 0.195ms
[28.602s][info][gc] GC(11993) Pause Young (Allocation Failure) 13M->8M(15M) 0.166ms
[28.603s][info][gc] GC(11994) Pause Young (Allocation Failure) 13M->9M(15M) 0.188ms
[28.603s][info][gc] GC(11995) Pause Young (Allocation Failure) 13M->9M(15M) 0.194ms
[28.604s][info][gc] GC(11996) Pause Young (Allocation Failure) 13M->9M(15M) 0.165ms
[28.605s][info][gc] GC(11997) Pause Young (Allocation Failure) 13M->9M(15M) 0.164ms
[28.606s][info][gc] GC(11998) Pause Young (Allocation Failure) 13M->9M(15M) 0.145ms
[28.606s][info][gc] GC(11999) Pause Young (Allocation Failure) 14M->9M(15M) 0.186ms
[28.607s][info][gc] GC(12000) Pause Young (Allocation Failure) 14M->9M(15M) 0.172ms
[28.608s][info][gc] GC(12001) Pause Young (Allocation Failure) 13M->9M(15M) 0.169ms
[28.609s][info][gc] GC(12002) Pause Young (Allocation Failure) 13M->9M(15M) 0.175ms
[28.610s][info][gc] GC(12003) Pause Young (Allocation Failure) 13M->9M(15M) 0.170ms
[28.610s][info][gc] GC(12004) Pause Young (Allocation Failure) 13M->10M(15M) 0.206ms
[28.611s][info][gc] GC(12005) Pause Young (Allocation Failure) 14M->9M(15M) 0.176ms
[28.612s][info][gc] GC(12006) Pause Young (Allocation Failure) 14M->9M(15M) 0.162ms
[28.613s][info][gc] GC(12007) Pause Young (Allocation Failure) 14M->10M(15M) 0.191ms
[28.613s][info][gc] GC(12008) Pause Young (Allocation Failure) 14M->10M(15M) 0.160ms
[28.614s][info][gc] GC(12009) Pause Young (Allocation Failure) 14M->10M(15M) 0.180ms
[28.615s][info][gc] GC(12010) Pause Young (Allocation Failure) 14M->10M(15M) 0.175ms
[28.616s][info][gc] GC(12011) Pause Young (Allocation Failure) 14M->10M(15M) 0.180ms
[28.617s][info][gc] GC(12012) Pause Young (Allocation Failure) 14M->10M(15M) 0.206ms
[28.617s][info][gc] GC(12013) Pause Young (Allocation Failure) 15M->15M(15M) 0.025ms
[28.624s][info][gc] GC(12014) Pause Full (Allocation Failure) 15M->5M(15M) 6.551ms
[28.625s][info][gc] GC(12015) Pause Young (Allocation Failure) 9M->6M(15M) 0.204ms
[28.626s][info][gc] GC(12016) Pause Young (Allocation Failure) 10M->5M(15M) 0.177ms
[28.626s][info][gc] GC(12017) Pause Young (Allocation Failure) 10M->5M(15M) 0.166ms
[28.627s][info][gc] GC(12018) Pause Young (Allocation Failure) 10M->5M(15M) 0.171ms
[28.628s][info][gc] GC(12019) Pause Young (Allocation Failure) 10M->6M(15M) 0.185ms
[28.629s][info][gc] GC(12020) Pause Young (Allocation Failure) 10M->5M(15M) 0.172ms
[28.629s][info][gc] GC(12021) Pause Young (Allocation Failure) 10M->6M(15M) 0.221ms
[28.630s][info][gc] GC(12022) Pause Young (Allocation Failure) 11M->6M(15M) 0.168ms
[28.631s][info][gc] GC(12023) Pause Young (Allocation Failure) 10M->6M(15M) 0.168ms
[28.632s][info][gc] GC(12024) Pause Young (Allocation Failure) 10M->7M(15M) 0.207ms
[28.633s][info][gc] GC(12025) Pause Young (Allocation Failure) 11M->6M(15M) 0.181ms
[28.634s][info][gc] GC(12026) Pause Young (Allocation Failure) 11M->6M(15M) 0.174ms
[28.634s][info][gc] GC(12027) Pause Young (Allocation Failure) 11M->7M(15M) 0.210ms
[28.635s][info][gc] GC(12028) Pause Young (Allocation Failure) 11M->7M(15M) 0.166ms
[28.636s][info][gc] GC(12029) Pause Young (Allocation Failure) 11M->7M(15M) 0.200ms
[28.637s][info][gc] GC(12030) Pause Young (Allocation Failure) 12M->8M(15M) 0.160ms
[28.637s][info][gc] GC(12031) Pause Young (Allocation Failure) 12M->8M(15M) 0.182ms
[28.638s][info][gc] GC(12032) Pause Young (Allocation Failure) 12M->8M(15M) 0.210ms
[28.639s][info][gc] GC(12033) Pause Young (Allocation Failure) 12M->8M(15M) 0.182ms
[28.640s][info][gc] GC(12034) Pause Young (Allocation Failure) 12M->8M(15M) 0.190ms
[28.641s][info][gc] GC(12035) Pause Young (Allocation Failure) 12M->8M(15M) 0.176ms
[28.642s][info][gc] GC(12036) Pause Young (Allocation Failure) 12M->8M(15M) 0.179ms
[28.642s][info][gc] GC(12037) Pause Young (Allocation Failure) 12M->8M(15M) 0.170ms
[28.643s][info][gc] GC(12038) Pause Young (Allocation Failure) 12M->8M(15M) 0.164ms
[28.644s][info][gc] GC(12039) Pause Young (Allocation Failure) 12M->8M(15M) 0.166ms
[28.645s][info][gc] GC(12040) Pause Young (Allocation Failure) 12M->8M(15M) 0.181ms
[28.645s][info][gc] GC(12041) Pause Young (Allocation Failure) 12M->8M(15M) 0.185ms
[28.646s][info][gc] GC(12042) Pause Young (Allocation Failure) 12M->8M(15M) 0.181ms
[28.647s][info][gc] GC(12043) Pause Young (Allocation Failure) 12M->8M(15M) 0.177ms
[28.648s][info][gc] GC(12044) Pause Young (Allocation Failure) 12M->8M(15M) 0.175ms
[28.648s][info][gc] GC(12045) Pause Young (Allocation Failure) 12M->9M(15M) 0.205ms
[28.649s][info][gc] GC(12046) Pause Young (Allocation Failure) 13M->8M(15M) 0.165ms
[28.650s][info][gc] GC(12047) Pause Young (Allocation Failure) 12M->8M(15M) 0.170ms
[28.651s][info][gc] GC(12048) Pause Young (Allocation Failure) 13M->9M(15M) 0.200ms
[28.652s][info][gc] GC(12049) Pause Young (Allocation Failure) 13M->9M(15M) 0.188ms
[28.653s][info][gc] GC(12050) Pause Young (Allocation Failure) 13M->8M(15M) 0.169ms
[28.653s][info][gc] GC(12051) Pause Young (Allocation Failure) 13M->9M(15M) 0.170ms
[28.654s][info][gc] GC(12052) Pause Young (Allocation Failure) 13M->8M(15M) 0.166ms
[28.655s][info][gc] GC(12053) Pause Young (Allocation Failure) 13M->9M(15M) 0.198ms
[28.656s][info][gc] GC(12054) Pause Young (Allocation Failure) 13M->9M(15M) 0.165ms
[28.656s][info][gc] GC(12055) Pause Young (Allocation Failure) 13M->9M(15M) 0.183ms
[28.657s][info][gc] GC(12056) Pause Young (Allocation Failure) 13M->9M(15M) 0.182ms
[28.658s][info][gc] GC(12057) Pause Young (Allocation Failure) 13M->9M(15M) 0.192ms
[28.659s][info][gc] GC(12058) Pause Young (Allocation Failure) 14M->9M(15M) 0.170ms
[28.660s][info][gc] GC(12059) Pause Young (Allocation Failure) 14M->9M(15M) 0.178ms
[28.661s][info][gc] GC(12060) Pause Young (Allocation Failure) 14M->9M(15M) 0.168ms
[28.661s][info][gc] GC(12061) Pause Young (Allocation Failure) 13M->9M(15M) 0.183ms
[28.662s][info][gc] GC(12062) Pause Young (Allocation Failure) 14M->9M(15M) 0.140ms
[28.663s][info][gc] GC(12063) Pause Young (Allocation Failure) 14M->9M(15M) 0.174ms
[28.664s][info][gc] GC(12064) Pause Young (Allocation Failure) 14M->9M(15M) 0.168ms
[28.664s][info][gc] GC(12065) Pause Young (Allocation Failure) 13M->10M(15M) 0.182ms
[28.665s][info][gc] GC(12066) Pause Young (Allocation Failure) 14M->10M(15M) 0.180ms
[28.666s][info][gc] GC(12067) Pause Young (Allocation Failure) 14M->10M(15M) 0.167ms
[28.667s][info][gc] GC(12068) Pause Young (Allocation Failure) 14M->10M(15M) 0.173ms
[28.668s][info][gc] GC(12069) Pause Young (Allocation Failure) 14M->10M(15M) 0.166ms
[28.668s][info][gc] GC(12070) Pause Young (Allocation Failure) 14M->10M(15M) 0.182ms
[28.669s][info][gc] GC(12071) Pause Young (Allocation Failure) 14M->10M(15M) 0.166ms
[28.670s][info][gc] GC(12072) Pause Young (Allocation Failure) 14M->10M(15M) 0.178ms
[28.671s][info][gc] GC(12073) Pause Young (Allocation Failure) 14M->10M(15M) 0.181ms
[28.672s][info][gc] GC(12074) Pause Young (Allocation Failure) 14M->10M(15M) 0.170ms
[28.672s][info][gc] GC(12075) Pause Young (Allocation Failure) 14M->10M(15M) 0.188ms
[28.673s][info][gc] GC(12076) Pause Young (Allocation Failure) 14M->10M(15M) 0.180ms
[28.674s][info][gc] GC(12077) Pause Young (Allocation Failure) 14M->10M(15M) 0.138ms
[28.675s][info][gc] GC(12078) Pause Young (Allocation Failure) 14M->10M(15M) 0.180ms
[28.675s][info][gc] GC(12079) Pause Young (Allocation Failure) 15M->15M(15M) 0.025ms
[28.682s][info][gc] GC(12080) Pause Full (Allocation Failure) 15M->5M(15M) 6.092ms
[28.682s][info][gc] GC(12081) Pause Young (Allocation Failure) 10M->6M(15M) 0.212ms
[28.683s][info][gc] GC(12082) Pause Young (Allocation Failure) 10M->6M(15M) 0.175ms
[28.684s][info][gc] GC(12083) Pause Young (Allocation Failure) 10M->6M(15M) 0.173ms
[28.685s][info][gc] GC(12084) Pause Young (Allocation Failure) 10M->6M(15M) 0.207ms
[28.686s][info][gc] GC(12085) Pause Young (Allocation Failure) 11M->7M(15M) 0.265ms
[28.686s][info][gc] GC(12086) Pause Young (Allocation Failure) 11M->7M(15M) 0.199ms
[28.687s][info][gc] GC(12087) Pause Young (Allocation Failure) 12M->8M(15M) 0.223ms
[28.688s][info][gc] GC(12088) Pause Young (Allocation Failure) 12M->8M(15M) 0.185ms
[28.689s][info][gc] GC(12089) Pause Young (Allocation Failure) 12M->8M(15M) 0.199ms
[28.690s][info][gc] GC(12090) Pause Young (Allocation Failure) 13M->8M(15M) 0.186ms
[28.691s][info][gc] GC(12091) Pause Young (Allocation Failure) 13M->8M(15M) 0.195ms
[28.691s][info][gc] GC(12092) Pause Young (Allocation Failure) 13M->8M(15M) 0.186ms
[28.692s][info][gc] GC(12093) Pause Young (Allocation Failure) 13M->8M(15M) 0.181ms
[28.693s][info][gc] GC(12094) Pause Young (Allocation Failure) 13M->8M(15M) 0.188ms
[28.694s][info][gc] GC(12095) Pause Young (Allocation Failure) 13M->9M(15M) 0.189ms
[28.695s][info][gc] GC(12096) Pause Young (Allocation Failure) 13M->9M(15M) 0.181ms
[28.696s][info][gc] GC(12097) Pause Young (Allocation Failure) 13M->8M(15M) 0.170ms
[28.696s][info][gc] GC(12098) Pause Young (Allocation Failure) 13M->9M(15M) 0.202ms
[28.697s][info][gc] GC(12099) Pause Young (Allocation Failure) 13M->8M(15M) 0.167ms
[28.698s][info][gc] GC(12100) Pause Young (Allocation Failure) 13M->9M(15M) 0.193ms
[28.699s][info][gc] GC(12101) Pause Young (Allocation Failure) 13M->9M(15M) 0.163ms
[28.700s][info][gc] GC(12102) Pause Young (Allocation Failure) 13M->9M(15M) 0.177ms
[28.700s][info][gc] GC(12103) Pause Young (Allocation Failure) 13M->9M(15M) 0.191ms
[28.701s][info][gc] GC(12104) Pause Young (Allocation Failure) 13M->9M(15M) 0.214ms
[28.702s][info][gc] GC(12105) Pause Young (Allocation Failure) 14M->9M(15M) 0.181ms
[28.703s][info][gc] GC(12106) Pause Young (Allocation Failure) 14M->9M(15M) 0.177ms
[28.704s][info][gc] GC(12107) Pause Young (Allocation Failure) 14M->9M(15M) 0.172ms
[28.704s][info][gc] GC(12108) Pause Young (Allocation Failure) 13M->9M(15M) 0.181ms
[28.705s][info][gc] GC(12109) Pause Young (Allocation Failure) 14M->9M(15M) 0.175ms
[28.706s][info][gc] GC(12110) Pause Young (Allocation Failure) 14M->9M(15M) 0.181ms
[28.707s][info][gc] GC(12111) Pause Young (Allocation Failure) 14M->10M(15M) 0.194ms
[28.707s][info][gc] GC(12112) Pause Young (Allocation Failure) 14M->10M(15M) 0.203ms
[28.708s][info][gc] GC(12113) Pause Young (Allocation Failure) 14M->10M(15M) 0.169ms
[28.709s][info][gc] GC(12114) Pause Young (Allocation Failure) 14M->10M(15M) 0.195ms
[28.710s][info][gc] GC(12115) Pause Young (Allocation Failure) 14M->10M(15M) 0.167ms
[28.711s][info][gc] GC(12116) Pause Young (Allocation Failure) 14M->10M(15M) 0.185ms
[28.711s][info][gc] GC(12117) Pause Young (Allocation Failure) 14M->10M(15M) 0.172ms
[28.712s][info][gc] GC(12118) Pause Young (Allocation Failure) 14M->10M(15M) 0.169ms
[28.713s][info][gc] GC(12119) Pause Young (Allocation Failure) 14M->10M(15M) 0.176ms
[28.714s][info][gc] GC(12120) Pause Young (Allocation Failure) 14M->10M(15M) 0.191ms
[28.715s][info][gc] GC(12121) Pause Young (Allocation Failure) 15M->10M(15M) 0.189ms
[28.715s][info][gc] GC(12122) Pause Young (Allocation Failure) 15M->10M(15M) 0.202ms
[28.716s][info][gc] GC(12123) Pause Young (Allocation Failure) 15M->15M(15M) 0.025ms
[28.722s][info][gc] GC(12124) Pause Full (Allocation Failure) 15M->6M(15M) 6.387ms
[28.723s][info][gc] GC(12125) Pause Young (Allocation Failure) 10M->6M(15M) 0.201ms
[28.724s][info][gc] GC(12126) Pause Young (Allocation Failure) 11M->6M(15M) 0.188ms
[28.725s][info][gc] GC(12127) Pause Young (Allocation Failure) 11M->6M(15M) 0.177ms
[28.726s][info][gc] GC(12128) Pause Young (Allocation Failure) 11M->6M(15M) 0.169ms
[28.727s][info][gc] GC(12129) Pause Young (Allocation Failure) 11M->6M(15M) 0.174ms
[28.728s][info][gc] GC(12130) Pause Young (Allocation Failure) 11M->7M(15M) 0.192ms
[28.728s][info][gc] GC(12131) Pause Young (Allocation Failure) 11M->7M(15M) 0.192ms
[28.729s][info][gc] GC(12132) Pause Young (Allocation Failure) 11M->7M(15M) 0.199ms
[28.730s][info][gc] GC(12133) Pause Young (Allocation Failure) 11M->7M(15M) 0.213ms
[28.731s][info][gc] GC(12134) Pause Young (Allocation Failure) 12M->7M(15M) 0.166ms
[28.732s][info][gc] GC(12135) Pause Young (Allocation Failure) 11M->7M(15M) 0.191ms
[28.732s][info][gc] GC(12136) Pause Young (Allocation Failure) 12M->7M(15M) 0.176ms
[28.733s][info][gc] GC(12137) Pause Young (Allocation Failure) 12M->8M(15M) 0.196ms
[28.734s][info][gc] GC(12138) Pause Young (Allocation Failure) 12M->8M(15M) 0.156ms
[28.735s][info][gc] GC(12139) Pause Young (Allocation Failure) 12M->8M(15M) 0.183ms
[28.735s][info][gc] GC(12140) Pause Young (Allocation Failure) 12M->8M(15M) 0.162ms
[28.736s][info][gc] GC(12141) Pause Young (Allocation Failure) 12M->8M(15M) 0.203ms
[28.737s][info][gc] GC(12142) Pause Young (Allocation Failure) 13M->9M(15M) 0.185ms
[28.738s][info][gc] GC(12143) Pause Young (Allocation Failure) 13M->9M(15M) 0.187ms
[28.739s][info][gc] GC(12144) Pause Young (Allocation Failure) 13M->9M(15M) 0.181ms
[28.740s][info][gc] GC(12145) Pause Young (Allocation Failure) 13M->9M(15M) 0.185ms
[28.740s][info][gc] GC(12146) Pause Young (Allocation Failure) 13M->9M(15M) 0.206ms
[28.741s][info][gc] GC(12147) Pause Young (Allocation Failure) 13M->9M(15M) 0.205ms
[28.742s][info][gc] GC(12148) Pause Young (Allocation Failure) 14M->9M(15M) 0.184ms
[28.743s][info][gc] GC(12149) Pause Young (Allocation Failure) 14M->9M(15M) 0.174ms
[28.743s][info][gc] GC(12150) Pause Young (Allocation Failure) 13M->9M(15M) 0.164ms
[28.744s][info][gc] GC(12151) Pause Young (Allocation Failure) 13M->9M(15M) 0.187ms
[28.745s][info][gc] GC(12152) Pause Young (Allocation Failure) 14M->9M(15M) 0.183ms
[28.746s][info][gc] GC(12153) Pause Young (Allocation Failure) 14M->9M(15M) 0.165ms
[28.747s][info][gc] GC(12154) Pause Young (Allocation Failure) 13M->9M(15M) 0.164ms
[28.747s][info][gc] GC(12155) Pause Young (Allocation Failure) 13M->9M(15M) 0.187ms
[28.748s][info][gc] GC(12156) Pause Young (Allocation Failure) 14M->9M(15M) 0.178ms
[28.749s][info][gc] GC(12157) Pause Young (Allocation Failure) 14M->9M(15M) 0.167ms
[28.750s][info][gc] GC(12158) Pause Young (Allocation Failure) 13M->10M(15M) 0.193ms
[28.751s][info][gc] GC(12159) Pause Young (Allocation Failure) 14M->10M(15M) 0.148ms
[28.752s][info][gc] GC(12160) Pause Young (Allocation Failure) 14M->9M(15M) 0.172ms
[28.752s][info][gc] GC(12161) Pause Young (Allocation Failure) 14M->9M(15M) 0.171ms
[28.753s][info][gc] GC(12162) Pause Young (Allocation Failure) 14M->9M(15M) 0.173ms
[28.754s][info][gc] GC(12163) Pause Young (Allocation Failure) 14M->10M(15M) 0.184ms
[28.755s][info][gc] GC(12164) Pause Young (Allocation Failure) 14M->10M(15M) 0.224ms
[28.755s][info][gc] GC(12165) Pause Young (Allocation Failure) 15M->15M(15M) 0.025ms
[28.761s][info][gc] GC(12166) Pause Full (Allocation Failure) 15M->5M(15M) 6.138ms
[28.762s][info][gc] GC(12167) Pause Young (Allocation Failure) 9M->6M(15M) 0.229ms
[28.763s][info][gc] GC(12168) Pause Young (Allocation Failure) 10M->6M(15M) 0.170ms
[28.764s][info][gc] GC(12169) Pause Young (Allocation Failure) 10M->6M(15M) 0.182ms
[28.765s][info][gc] GC(12170) Pause Young (Allocation Failure) 10M->6M(15M) 0.211ms
[28.765s][info][gc] GC(12171) Pause Young (Allocation Failure) 10M->6M(15M) 0.185ms
[28.766s][info][gc] GC(12172) Pause Young (Allocation Failure) 11M->6M(15M) 0.202ms
[28.767s][info][gc] GC(12173) Pause Young (Allocation Failure) 11M->6M(15M) 0.177ms
[28.768s][info][gc] GC(12174) Pause Young (Allocation Failure) 11M->7M(15M) 0.225ms
[28.769s][info][gc] GC(12175) Pause Young (Allocation Failure) 11M->7M(15M) 0.171ms
[28.769s][info][gc] GC(12176) Pause Young (Allocation Failure) 11M->7M(15M) 0.169ms
[28.770s][info][gc] GC(12177) Pause Young (Allocation Failure) 11M->7M(15M) 0.161ms
[28.771s][info][gc] GC(12178) Pause Young (Allocation Failure) 11M->7M(15M) 0.193ms
[28.772s][info][gc] GC(12179) Pause Young (Allocation Failure) 11M->7M(15M) 0.188ms
[28.773s][info][gc] GC(12180) Pause Young (Allocation Failure) 12M->7M(15M) 0.161ms
[28.774s][info][gc] GC(12181) Pause Young (Allocation Failure) 11M->7M(15M) 0.166ms
[28.774s][info][gc] GC(12182) Pause Young (Allocation Failure) 11M->7M(15M) 0.180ms
[28.775s][info][gc] GC(12183) Pause Young (Allocation Failure) 11M->7M(15M) 0.184ms
[28.776s][info][gc] GC(12184) Pause Young (Allocation Failure) 12M->7M(15M) 0.197ms
[28.777s][info][gc] GC(12185) Pause Young (Allocation Failure) 12M->8M(15M) 0.188ms
[28.777s][info][gc] GC(12186) Pause Young (Allocation Failure) 12M->8M(15M) 0.196ms
[28.778s][info][gc] GC(12187) Pause Young (Allocation Failure) 12M->8M(15M) 0.187ms
[28.779s][info][gc] GC(12188) Pause Young (Allocation Failure) 12M->7M(15M) 0.171ms
[28.780s][info][gc] GC(12189) Pause Young (Allocation Failure) 12M->8M(15M) 0.185ms
[28.781s][info][gc] GC(12190) Pause Young (Allocation Failure) 13M->8M(15M) 0.166ms
[28.781s][info][gc] GC(12191) Pause Young (Allocation Failure) 12M->8M(15M) 0.188ms
[28.782s][info][gc] GC(12192) Pause Young (Allocation Failure) 13M->9M(15M) 0.211ms
[28.783s][info][gc] GC(12193) Pause Young (Allocation Failure) 13M->9M(15M) 0.180ms
[28.784s][info][gc] GC(12194) Pause Young (Allocation Failure) 13M->9M(15M) 0.195ms
[28.785s][info][gc] GC(12195) Pause Young (Allocation Failure) 13M->9M(15M) 0.185ms
[28.786s][info][gc] GC(12196) Pause Young (Allocation Failure) 13M->8M(15M) 0.163ms
[28.786s][info][gc] GC(12197) Pause Young (Allocation Failure) 13M->9M(15M) 0.184ms
[28.787s][info][gc] GC(12198) Pause Young (Allocation Failure) 13M->9M(15M) 0.128ms
[28.788s][info][gc] GC(12199) Pause Young (Allocation Failure) 13M->9M(15M) 0.170ms
[28.789s][info][gc] GC(12200) Pause Young (Allocation Failure) 13M->9M(15M) 0.168ms
[28.789s][info][gc] GC(12201) Pause Young (Allocation Failure) 13M->9M(15M) 0.168ms
[28.790s][info][gc] GC(12202) Pause Young (Allocation Failure) 13M->9M(15M) 0.172ms
[28.791s][info][gc] GC(12203) Pause Young (Allocation Failure) 13M->9M(15M) 0.187ms
[28.792s][info][gc] GC(12204) Pause Young (Allocation Failure) 13M->8M(15M) 0.165ms
[28.793s][info][gc] GC(12205) Pause Young (Allocation Failure) 13M->9M(15M) 0.191ms
[28.793s][info][gc] GC(12206) Pause Young (Allocation Failure) 13M->9M(15M) 0.169ms
[28.794s][info][gc] GC(12207) Pause Young (Allocation Failure) 13M->9M(15M) 0.172ms
[28.795s][info][gc] GC(12208) Pause Young (Allocation Failure) 13M->9M(15M) 0.161ms
[28.796s][info][gc] GC(12209) Pause Young (Allocation Failure) 13M->9M(15M) 0.175ms
[28.797s][info][gc] GC(12210) Pause Young (Allocation Failure) 13M->9M(15M) 0.181ms
[28.797s][info][gc] GC(12211) Pause Young (Allocation Failure) 13M->9M(15M) 0.176ms
[28.798s][info][gc] GC(12212) Pause Young (Allocation Failure) 13M->9M(15M) 0.200ms
[28.799s][info][gc] GC(12213) Pause Young (Allocation Failure) 14M->9M(15M) 0.170ms
[28.800s][info][gc] GC(12214) Pause Young (Allocation Failure) 13M->9M(15M) 0.192ms
[28.801s][info][gc] GC(12215) Pause Young (Allocation Failure) 14M->9M(15M) 0.192ms
[28.801s][info][gc] GC(12216) Pause Young (Allocation Failure) 14M->9M(15M) 0.183ms
[28.802s][info][gc] GC(12217) Pause Young (Allocation Failure) 14M->10M(15M) 0.183ms
[28.803s][info][gc] GC(12218) Pause Young (Allocation Failure) 14M->10M(15M) 0.145ms
[28.804s][info][gc] GC(12219) Pause Young (Allocation Failure) 14M->10M(15M) 0.185ms
[28.804s][info][gc] GC(12220) Pause Young (Allocation Failure) 14M->10M(15M) 0.161ms
[28.805s][info][gc] GC(12221) Pause Young (Allocation Failure) 14M->10M(15M) 0.158ms
[28.806s][info][gc] GC(12222) Pause Young (Allocation Failure) 14M->10M(15M) 0.158ms
[28.807s][info][gc] GC(12223) Pause Young (Allocation Failure) 14M->10M(15M) 0.162ms
[28.807s][info][gc] GC(12224) Pause Young (Allocation Failure) 14M->10M(15M) 0.156ms
[28.808s][info][gc] GC(12225) Pause Young (Allocation Failure) 14M->10M(15M) 0.146ms
[28.809s][info][gc] GC(12226) Pause Young (Allocation Failure) 14M->10M(15M) 0.131ms
[28.810s][info][gc] GC(12227) Pause Young (Allocation Failure) 15M->10M(15M) 0.167ms
[28.810s][info][gc] GC(12228) Pause Young (Allocation Failure) 14M->10M(15M) 0.164ms
[28.811s][info][gc] GC(12229) Pause Young (Allocation Failure) 15M->10M(15M) 0.163ms
[28.812s][info][gc] GC(12230) Pause Young (Allocation Failure) 15M->10M(15M) 0.168ms
[28.813s][info][gc] GC(12231) Pause Young (Allocation Failure) 15M->10M(15M) 0.171ms
[28.813s][info][gc] GC(12232) Pause Young (Allocation Failure) 15M->15M(15M) 0.019ms
[28.820s][info][gc] GC(12233) Pause Full (Allocation Failure) 15M->6M(15M) 6.255ms
[28.820s][info][gc] GC(12234) Pause Young (Allocation Failure) 10M->6M(15M) 0.197ms
[28.821s][info][gc] GC(12235) Pause Young (Allocation Failure) 11M->6M(15M) 0.183ms
[28.822s][info][gc] GC(12236) Pause Young (Allocation Failure) 10M->6M(15M) 0.166ms
[28.823s][info][gc] GC(12237) Pause Young (Allocation Failure) 10M->6M(15M) 0.179ms
[28.824s][info][gc] GC(12238) Pause Young (Allocation Failure) 11M->7M(15M) 0.196ms
[28.824s][info][gc] GC(12239) Pause Young (Allocation Failure) 11M->7M(15M) 0.205ms
[28.825s][info][gc] GC(12240) Pause Young (Allocation Failure) 11M->7M(15M) 0.165ms
[28.826s][info][gc] GC(12241) Pause Young (Allocation Failure) 11M->7M(15M) 0.201ms
[28.827s][info][gc] GC(12242) Pause Young (Allocation Failure) 12M->8M(15M) 0.201ms
[28.828s][info][gc] GC(12243) Pause Young (Allocation Failure) 12M->7M(15M) 0.169ms
[28.828s][info][gc] GC(12244) Pause Young (Allocation Failure) 12M->7M(15M) 0.163ms
[28.829s][info][gc] GC(12245) Pause Young (Allocation Failure) 12M->8M(15M) 0.190ms
[28.830s][info][gc] GC(12246) Pause Young (Allocation Failure) 12M->7M(15M) 0.169ms
[28.831s][info][gc] GC(12247) Pause Young (Allocation Failure) 12M->7M(15M) 0.171ms
[28.831s][info][gc] GC(12248) Pause Young (Allocation Failure) 12M->8M(15M) 0.184ms
[28.832s][info][gc] GC(12249) Pause Young (Allocation Failure) 12M->8M(15M) 0.177ms
[28.833s][info][gc] GC(12250) Pause Young (Allocation Failure) 12M->8M(15M) 0.205ms
[28.834s][info][gc] GC(12251) Pause Young (Allocation Failure) 12M->8M(15M) 0.177ms
[28.835s][info][gc] GC(12252) Pause Young (Allocation Failure) 12M->8M(15M) 0.168ms
[28.836s][info][gc] GC(12253) Pause Young (Allocation Failure) 12M->8M(15M) 0.161ms
[28.836s][info][gc] GC(12254) Pause Young (Allocation Failure) 12M->8M(15M) 0.171ms
[28.837s][info][gc] GC(12255) Pause Young (Allocation Failure) 12M->8M(15M) 0.180ms
[28.838s][info][gc] GC(12256) Pause Young (Allocation Failure) 12M->8M(15M) 0.182ms
[28.839s][info][gc] GC(12257) Pause Young (Allocation Failure) 12M->8M(15M) 0.193ms
[28.840s][info][gc] GC(12258) Pause Young (Allocation Failure) 12M->8M(15M) 0.169ms
[28.840s][info][gc] GC(12259) Pause Young (Allocation Failure) 12M->8M(15M) 0.182ms
[28.841s][info][gc] GC(12260) Pause Young (Allocation Failure) 12M->8M(15M) 0.165ms
[28.842s][info][gc] GC(12261) Pause Young (Allocation Failure) 12M->8M(15M) 0.181ms
[28.843s][info][gc] GC(12262) Pause Young (Allocation Failure) 12M->8M(15M) 0.189ms
[28.844s][info][gc] GC(12263) Pause Young (Allocation Failure) 13M->8M(15M) 0.180ms
[28.844s][info][gc] GC(12264) Pause Young (Allocation Failure) 12M->8M(15M) 0.191ms
[28.845s][info][gc] GC(12265) Pause Young (Allocation Failure) 13M->8M(15M) 0.177ms
[28.846s][info][gc] GC(12266) Pause Young (Allocation Failure) 13M->8M(15M) 0.179ms
[28.847s][info][gc] GC(12267) Pause Young (Allocation Failure) 13M->9M(15M) 0.197ms
[28.848s][info][gc] GC(12268) Pause Young (Allocation Failure) 13M->9M(15M) 0.173ms
[28.848s][info][gc] GC(12269) Pause Young (Allocation Failure) 13M->9M(15M) 0.188ms
[28.849s][info][gc] GC(12270) Pause Young (Allocation Failure) 13M->9M(15M) 0.171ms
[28.850s][info][gc] GC(12271) Pause Young (Allocation Failure) 13M->9M(15M) 0.193ms
[28.851s][info][gc] GC(12272) Pause Young (Allocation Failure) 13M->9M(15M) 0.179ms
[28.852s][info][gc] GC(12273) Pause Young (Allocation Failure) 13M->9M(15M) 0.162ms
[28.852s][info][gc] GC(12274) Pause Young (Allocation Failure) 13M->9M(15M) 0.167ms
[28.853s][info][gc] GC(12275) Pause Young (Allocation Failure) 13M->9M(15M) 0.160ms
[28.854s][info][gc] GC(12276) Pause Young (Allocation Failure) 13M->9M(15M) 0.171ms
[28.854s][info][gc] GC(12277) Pause Young (Allocation Failure) 13M->9M(15M) 0.200ms
[28.855s][info][gc] GC(12278) Pause Young (Allocation Failure) 14M->9M(15M) 0.169ms
[28.856s][info][gc] GC(12279) Pause Young (Allocation Failure) 13M->9M(15M) 0.174ms
[28.857s][info][gc] GC(12280) Pause Young (Allocation Failure) 13M->9M(15M) 0.178ms
[28.858s][info][gc] GC(12281) Pause Young (Allocation Failure) 14M->9M(15M) 0.170ms
[28.858s][info][gc] GC(12282) Pause Young (Allocation Failure) 13M->9M(15M) 0.176ms
[28.859s][info][gc] GC(12283) Pause Young (Allocation Failure) 14M->9M(15M) 0.186ms
[28.860s][info][gc] GC(12284) Pause Young (Allocation Failure) 14M->10M(15M) 0.210ms
[28.861s][info][gc] GC(12285) Pause Young (Allocation Failure) 14M->10M(15M) 0.209ms
[28.861s][info][gc] GC(12286) Pause Young (Allocation Failure) 15M->10M(15M) 0.144ms
[28.862s][info][gc] GC(12287) Pause Young (Allocation Failure) 15M->10M(15M) 0.185ms
[28.863s][info][gc] GC(12288) Pause Young (Allocation Failure) 15M->15M(15M) 0.029ms
[28.869s][info][gc] GC(12289) Pause Full (Allocation Failure) 15M->5M(15M) 6.505ms
[28.870s][info][gc] GC(12290) Pause Young (Allocation Failure) 10M->6M(15M) 0.192ms
[28.871s][info][gc] GC(12291) Pause Young (Allocation Failure) 10M->6M(15M) 0.236ms
[28.872s][info][gc] GC(12292) Pause Young (Allocation Failure) 11M->6M(15M) 0.177ms
[28.873s][info][gc] GC(12293) Pause Young (Allocation Failure) 11M->7M(15M) 0.227ms
[28.873s][info][gc] GC(12294) Pause Young (Allocation Failure) 11M->7M(15M) 0.163ms
[28.874s][info][gc] GC(12295) Pause Young (Allocation Failure) 11M->7M(15M) 0.196ms
[28.875s][info][gc] GC(12296) Pause Young (Allocation Failure) 12M->7M(15M) 0.173ms
[28.876s][info][gc] GC(12297) Pause Young (Allocation Failure) 11M->7M(15M) 0.180ms
[28.876s][info][gc] GC(12298) Pause Young (Allocation Failure) 12M->7M(15M) 0.192ms
[28.877s][info][gc] GC(12299) Pause Young (Allocation Failure) 12M->8M(15M) 0.212ms
[28.878s][info][gc] GC(12300) Pause Young (Allocation Failure) 12M->8M(15M) 0.182ms
[28.879s][info][gc] GC(12301) Pause Young (Allocation Failure) 12M->8M(15M) 0.188ms
[28.880s][info][gc] GC(12302) Pause Young (Allocation Failure) 12M->8M(15M) 0.178ms
[28.880s][info][gc] GC(12303) Pause Young (Allocation Failure) 12M->8M(15M) 0.198ms
[28.881s][info][gc] GC(12304) Pause Young (Allocation Failure) 12M->8M(15M) 0.178ms
[28.882s][info][gc] GC(12305) Pause Young (Allocation Failure) 12M->8M(15M) 0.205ms
[28.883s][info][gc] GC(12306) Pause Young (Allocation Failure) 13M->9M(15M) 0.191ms
[28.884s][info][gc] GC(12307) Pause Young (Allocation Failure) 13M->8M(15M) 0.170ms
[28.885s][info][gc] GC(12308) Pause Young (Allocation Failure) 13M->9M(15M) 0.182ms
[28.885s][info][gc] GC(12309) Pause Young (Allocation Failure) 13M->8M(15M) 0.175ms
[28.886s][info][gc] GC(12310) Pause Young (Allocation Failure) 13M->9M(15M) 0.201ms
[28.887s][info][gc] GC(12311) Pause Young (Allocation Failure) 13M->9M(15M) 0.203ms
[28.888s][info][gc] GC(12312) Pause Young (Allocation Failure) 13M->10M(15M) 0.209ms
[28.889s][info][gc] GC(12313) Pause Young (Allocation Failure) 14M->9M(15M) 0.166ms
[28.889s][info][gc] GC(12314) Pause Young (Allocation Failure) 13M->9M(15M) 0.163ms
[28.890s][info][gc] GC(12315) Pause Young (Allocation Failure) 13M->10M(15M) 0.198ms
[28.891s][info][gc] GC(12316) Pause Young (Allocation Failure) 14M->10M(15M) 0.178ms
[28.892s][info][gc] GC(12317) Pause Young (Allocation Failure) 14M->9M(15M) 0.170ms
[28.892s][info][gc] GC(12318) Pause Young (Allocation Failure) 14M->9M(15M) 0.163ms
[28.893s][info][gc] GC(12319) Pause Young (Allocation Failure) 14M->10M(15M) 0.173ms
[28.894s][info][gc] GC(12320) Pause Young (Allocation Failure) 14M->9M(15M) 0.189ms
[28.895s][info][gc] GC(12321) Pause Young (Allocation Failure) 14M->10M(15M) 0.188ms
[28.896s][info][gc] GC(12322) Pause Young (Allocation Failure) 14M->10M(15M) 0.207ms
[28.896s][info][gc] GC(12323) Pause Young (Allocation Failure) 14M->10M(15M) 0.157ms
[28.897s][info][gc] GC(12324) Pause Young (Allocation Failure) 14M->10M(15M) 0.171ms
[28.898s][info][gc] GC(12325) Pause Young (Allocation Failure) 14M->10M(15M) 0.171ms
[28.899s][info][gc] GC(12326) Pause Young (Allocation Failure) 14M->10M(15M) 0.169ms
[28.900s][info][gc] GC(12327) Pause Young (Allocation Failure) 14M->10M(15M) 0.175ms
[28.901s][info][gc] GC(12328) Pause Young (Allocation Failure) 14M->10M(15M) 0.174ms
[28.901s][info][gc] GC(12329) Pause Young (Allocation Failure) 14M->10M(15M) 0.151ms
[28.902s][info][gc] GC(12330) Pause Young (Allocation Failure) 14M->10M(15M) 0.184ms
[28.903s][info][gc] GC(12331) Pause Young (Allocation Failure) 14M->10M(15M) 0.189ms
[28.904s][info][gc] GC(12332) Pause Young (Allocation Failure) 14M->10M(15M) 0.195ms
[28.905s][info][gc] GC(12333) Pause Young (Allocation Failure) 14M->10M(15M) 0.182ms
[28.905s][info][gc] GC(12334) Pause Young (Allocation Failure) 14M->10M(15M) 0.171ms
[28.906s][info][gc] GC(12335) Pause Young (Allocation Failure) 15M->15M(15M) 0.025ms
[28.913s][info][gc] GC(12336) Pause Full (Allocation Failure) 15M->6M(15M) 6.497ms
[28.913s][info][gc] GC(12337) Pause Young (Allocation Failure) 10M->6M(15M) 0.175ms
[28.914s][info][gc] GC(12338) Pause Young (Allocation Failure) 10M->6M(15M) 0.170ms
[28.915s][info][gc] GC(12339) Pause Young (Allocation Failure) 10M->6M(15M) 0.173ms
[28.916s][info][gc] GC(12340) Pause Young (Allocation Failure) 10M->6M(15M) 0.183ms
[28.917s][info][gc] GC(12341) Pause Young (Allocation Failure) 10M->6M(15M) 0.204ms
[28.917s][info][gc] GC(12342) Pause Young (Allocation Failure) 11M->7M(15M) 0.192ms
[28.918s][info][gc] GC(12343) Pause Young (Allocation Failure) 11M->7M(15M) 0.183ms
[28.919s][info][gc] GC(12344) Pause Young (Allocation Failure) 11M->7M(15M) 0.183ms
[28.920s][info][gc] GC(12345) Pause Young (Allocation Failure) 11M->7M(15M) 0.195ms
[28.920s][info][gc] GC(12346) Pause Young (Allocation Failure) 11M->7M(15M) 0.182ms
[28.921s][info][gc] GC(12347) Pause Young (Allocation Failure) 11M->7M(15M) 0.179ms
[28.922s][info][gc] GC(12348) Pause Young (Allocation Failure) 11M->7M(15M) 0.174ms
[28.923s][info][gc] GC(12349) Pause Young (Allocation Failure) 11M->6M(15M) 0.170ms
[28.924s][info][gc] GC(12350) Pause Young (Allocation Failure) 11M->7M(15M) 0.174ms
[28.924s][info][gc] GC(12351) Pause Young (Allocation Failure) 11M->7M(15M) 0.142ms
[28.925s][info][gc] GC(12352) Pause Young (Allocation Failure) 11M->7M(15M) 0.171ms
[28.926s][info][gc] GC(12353) Pause Young (Allocation Failure) 11M->7M(15M) 0.167ms
[28.927s][info][gc] GC(12354) Pause Young (Allocation Failure) 11M->7M(15M) 0.160ms
[28.928s][info][gc] GC(12355) Pause Young (Allocation Failure) 11M->7M(15M) 0.159ms
[28.928s][info][gc] GC(12356) Pause Young (Allocation Failure) 11M->7M(15M) 0.185ms
[28.929s][info][gc] GC(12357) Pause Young (Allocation Failure) 11M->7M(15M) 0.165ms
[28.930s][info][gc] GC(12358) Pause Young (Allocation Failure) 11M->7M(15M) 0.174ms
[28.931s][info][gc] GC(12359) Pause Young (Allocation Failure) 11M->7M(15M) 0.187ms
[28.931s][info][gc] GC(12360) Pause Young (Allocation Failure) 11M->7M(15M) 0.170ms
[28.932s][info][gc] GC(12361) Pause Young (Allocation Failure) 11M->7M(15M) 0.156ms
[28.933s][info][gc] GC(12362) Pause Young (Allocation Failure) 11M->7M(15M) 0.176ms
[28.934s][info][gc] GC(12363) Pause Young (Allocation Failure) 12M->8M(15M) 0.188ms
[28.934s][info][gc] GC(12364) Pause Young (Allocation Failure) 12M->8M(15M) 0.159ms
[28.935s][info][gc] GC(12365) Pause Young (Allocation Failure) 12M->8M(15M) 0.182ms
[28.936s][info][gc] GC(12366) Pause Young (Allocation Failure) 12M->8M(15M) 0.192ms
[28.937s][info][gc] GC(12367) Pause Young (Allocation Failure) 12M->8M(15M) 0.180ms
[28.937s][info][gc] GC(12368) Pause Young (Allocation Failure) 12M->8M(15M) 0.202ms
[28.938s][info][gc] GC(12369) Pause Young (Allocation Failure) 13M->8M(15M) 0.177ms
[28.939s][info][gc] GC(12370) Pause Young (Allocation Failure) 12M->9M(15M) 0.213ms
[28.940s][info][gc] GC(12371) Pause Young (Allocation Failure) 13M->9M(15M) 0.195ms
[28.941s][info][gc] GC(12372) Pause Young (Allocation Failure) 13M->9M(15M) 0.182ms
[28.941s][info][gc] GC(12373) Pause Young (Allocation Failure) 13M->9M(15M) 0.183ms
[28.942s][info][gc] GC(12374) Pause Young (Allocation Failure) 13M->9M(15M) 0.187ms
[28.943s][info][gc] GC(12375) Pause Young (Allocation Failure) 13M->8M(15M) 0.174ms
[28.944s][info][gc] GC(12376) Pause Young (Allocation Failure) 13M->9M(15M) 0.177ms
[28.945s][info][gc] GC(12377) Pause Young (Allocation Failure) 13M->9M(15M) 0.180ms
[28.945s][info][gc] GC(12378) Pause Young (Allocation Failure) 13M->8M(15M) 0.167ms
[28.946s][info][gc] GC(12379) Pause Young (Allocation Failure) 13M->10M(15M) 0.241ms
[28.947s][info][gc] GC(12380) Pause Young (Allocation Failure) 14M->10M(15M) 0.203ms
[28.948s][info][gc] GC(12381) Pause Young (Allocation Failure) 14M->10M(15M) 0.191ms
[28.948s][info][gc] GC(12382) Pause Young (Allocation Failure) 14M->10M(15M) 0.184ms
[28.949s][info][gc] GC(12383) Pause Young (Allocation Failure) 14M->10M(15M) 0.181ms
[28.950s][info][gc] GC(12384) Pause Young (Allocation Failure) 14M->10M(15M) 0.176ms
[28.951s][info][gc] GC(12385) Pause Young (Allocation Failure) 14M->11M(15M) 0.225ms
[28.951s][info][gc] GC(12386) Pause Young (Allocation Failure) 15M->15M(15M) 0.025ms
[28.958s][info][gc] GC(12387) Pause Full (Allocation Failure) 15M->5M(15M) 6.713ms
[28.959s][info][gc] GC(12388) Pause Young (Allocation Failure) 9M->6M(15M) 0.255ms
[28.960s][info][gc] GC(12389) Pause Young (Allocation Failure) 10M->6M(15M) 0.228ms
[28.961s][info][gc] GC(12390) Pause Young (Allocation Failure) 10M->7M(15M) 0.237ms
[28.962s][info][gc] GC(12391) Pause Young (Allocation Failure) 11M->7M(15M) 0.191ms
[28.962s][info][gc] GC(12392) Pause Young (Allocation Failure) 11M->7M(15M) 0.184ms
[28.963s][info][gc] GC(12393) Pause Young (Allocation Failure) 11M->7M(15M) 0.177ms
[28.964s][info][gc] GC(12394) Pause Young (Allocation Failure) 11M->7M(15M) 0.200ms
[28.965s][info][gc] GC(12395) Pause Young (Allocation Failure) 12M->7M(15M) 0.190ms
[28.966s][info][gc] GC(12396) Pause Young (Allocation Failure) 12M->7M(15M) 0.178ms
[28.967s][info][gc] GC(12397) Pause Young (Allocation Failure) 12M->7M(15M) 0.173ms
[28.967s][info][gc] GC(12398) Pause Young (Allocation Failure) 12M->7M(15M) 0.184ms
[28.968s][info][gc] GC(12399) Pause Young (Allocation Failure) 12M->7M(15M) 0.161ms
[28.969s][info][gc] GC(12400) Pause Young (Allocation Failure) 11M->7M(15M) 0.175ms
[28.970s][info][gc] GC(12401) Pause Young (Allocation Failure) 12M->8M(15M) 0.214ms
[28.970s][info][gc] GC(12402) Pause Young (Allocation Failure) 12M->8M(15M) 0.142ms
[28.971s][info][gc] GC(12403) Pause Young (Allocation Failure) 12M->7M(15M) 0.171ms
[28.972s][info][gc] GC(12404) Pause Young (Allocation Failure) 12M->7M(15M) 0.163ms
[28.973s][info][gc] GC(12405) Pause Young (Allocation Failure) 12M->8M(15M) 0.184ms
[28.974s][info][gc] GC(12406) Pause Young (Allocation Failure) 12M->8M(15M) 0.175ms
[28.974s][info][gc] GC(12407) Pause Young (Allocation Failure) 12M->8M(15M) 0.185ms
[28.975s][info][gc] GC(12408) Pause Young (Allocation Failure) 12M->8M(15M) 0.177ms
[28.976s][info][gc] GC(12409) Pause Young (Allocation Failure) 12M->7M(15M) 0.164ms
[28.977s][info][gc] GC(12410) Pause Young (Allocation Failure) 12M->8M(15M) 0.172ms
[28.978s][info][gc] GC(12411) Pause Young (Allocation Failure) 12M->7M(15M) 0.171ms
[28.978s][info][gc] GC(12412) Pause Young (Allocation Failure) 12M->8M(15M) 0.179ms
[28.979s][info][gc] GC(12413) Pause Young (Allocation Failure) 12M->7M(15M) 0.172ms
[28.980s][info][gc] GC(12414) Pause Young (Allocation Failure) 12M->8M(15M) 0.179ms
[28.981s][info][gc] GC(12415) Pause Young (Allocation Failure) 12M->8M(15M) 0.199ms
[28.981s][info][gc] GC(12416) Pause Young (Allocation Failure) 12M->8M(15M) 0.197ms
[28.982s][info][gc] GC(12417) Pause Young (Allocation Failure) 12M->8M(15M) 0.169ms
[28.983s][info][gc] GC(12418) Pause Young (Allocation Failure) 12M->8M(15M) 0.140ms
[28.984s][info][gc] GC(12419) Pause Young (Allocation Failure) 13M->8M(15M) 0.170ms
[28.985s][info][gc] GC(12420) Pause Young (Allocation Failure) 12M->8M(15M) 0.171ms
[28.986s][info][gc] GC(12421) Pause Young (Allocation Failure) 12M->8M(15M) 0.186ms
[28.986s][info][gc] GC(12422) Pause Young (Allocation Failure) 13M->9M(15M) 0.210ms
[28.987s][info][gc] GC(12423) Pause Young (Allocation Failure) 13M->9M(15M) 0.179ms
[28.988s][info][gc] GC(12424) Pause Young (Allocation Failure) 13M->9M(15M) 0.217ms
[28.989s][info][gc] GC(12425) Pause Young (Allocation Failure) 14M->9M(15M) 0.163ms
[28.990s][info][gc] GC(12426) Pause Young (Allocation Failure) 13M->9M(15M) 0.170ms
[28.990s][info][gc] GC(12427) Pause Young (Allocation Failure) 13M->9M(15M) 0.177ms
[28.991s][info][gc] GC(12428) Pause Young (Allocation Failure) 13M->9M(15M) 0.201ms
[28.992s][info][gc] GC(12429) Pause Young (Allocation Failure) 14M->10M(15M) 0.184ms
[28.993s][info][gc] GC(12430) Pause Young (Allocation Failure) 14M->9M(15M) 0.183ms
[28.993s][info][gc] GC(12431) Pause Young (Allocation Failure) 14M->10M(15M) 0.193ms
[28.994s][info][gc] GC(12432) Pause Young (Allocation Failure) 14M->10M(15M) 0.187ms
[28.995s][info][gc] GC(12433) Pause Young (Allocation Failure) 14M->10M(15M) 0.181ms
[28.996s][info][gc] GC(12434) Pause Young (Allocation Failure) 14M->9M(15M) 0.174ms
[28.997s][info][gc] GC(12435) Pause Young (Allocation Failure) 14M->9M(15M) 0.167ms
[28.998s][info][gc] GC(12436) Pause Young (Allocation Failure) 14M->10M(15M) 0.182ms
[28.998s][info][gc] GC(12437) Pause Young (Allocation Failure) 14M->10M(15M) 0.174ms
[28.999s][info][gc] GC(12438) Pause Young (Allocation Failure) 14M->9M(15M) 0.169ms
[29.000s][info][gc] GC(12439) Pause Young (Allocation Failure) 14M->10M(15M) 0.179ms
[29.001s][info][gc] GC(12440) Pause Young (Allocation Failure) 14M->9M(15M) 0.172ms
[29.002s][info][gc] GC(12441) Pause Young (Allocation Failure) 14M->9M(15M) 0.170ms
[29.002s][info][gc] GC(12442) Pause Young (Allocation Failure) 14M->10M(15M) 0.183ms
[29.003s][info][gc] GC(12443) Pause Young (Allocation Failure) 14M->9M(15M) 0.164ms
[29.004s][info][gc] GC(12444) Pause Young (Allocation Failure) 14M->10M(15M) 0.200ms
[29.005s][info][gc] GC(12445) Pause Young (Allocation Failure) 14M->10M(15M) 0.199ms
[29.006s][info][gc] GC(12446) Pause Young (Allocation Failure) 15M->10M(15M) 0.168ms
[29.007s][info][gc] GC(12447) Pause Young (Allocation Failure) 14M->10M(15M) 0.172ms
[29.007s][info][gc] GC(12448) Pause Young (Allocation Failure) 14M->10M(15M) 0.180ms
[29.008s][info][gc] GC(12449) Pause Young (Allocation Failure) 15M->10M(15M) 0.175ms
[29.009s][info][gc] GC(12450) Pause Young (Allocation Failure) 14M->11M(15M) 0.200ms
[29.009s][info][gc] GC(12451) Pause Young (Allocation Failure) 15M->15M(15M) 0.025ms
[29.016s][info][gc] GC(12452) Pause Full (Allocation Failure) 15M->5M(15M) 6.223ms
[29.016s][info][gc] GC(12453) Pause Young (Allocation Failure) 9M->6M(15M) 0.208ms
[29.017s][info][gc] GC(12454) Pause Young (Allocation Failure) 10M->6M(15M) 0.184ms
[29.018s][info][gc] GC(12455) Pause Young (Allocation Failure) 10M->6M(15M) 0.135ms
[29.019s][info][gc] GC(12456) Pause Young (Allocation Failure) 10M->6M(15M) 0.176ms
[29.020s][info][gc] GC(12457) Pause Young (Allocation Failure) 10M->6M(15M) 0.213ms
[29.021s][info][gc] GC(12458) Pause Young (Allocation Failure) 10M->6M(15M) 0.177ms
[29.021s][info][gc] GC(12459) Pause Young (Allocation Failure) 10M->6M(15M) 0.208ms
[29.022s][info][gc] GC(12460) Pause Young (Allocation Failure) 11M->6M(15M) 0.176ms
[29.023s][info][gc] GC(12461) Pause Young (Allocation Failure) 10M->6M(15M) 0.170ms
[29.024s][info][gc] GC(12462) Pause Young (Allocation Failure) 10M->6M(15M) 0.192ms
[29.025s][info][gc] GC(12463) Pause Young (Allocation Failure) 11M->6M(15M) 0.167ms
[29.025s][info][gc] GC(12464) Pause Young (Allocation Failure) 10M->6M(15M) 0.170ms
[29.026s][info][gc] GC(12465) Pause Young (Allocation Failure) 10M->6M(15M) 0.177ms
[29.027s][info][gc] GC(12466) Pause Young (Allocation Failure) 10M->6M(15M) 0.180ms
[29.028s][info][gc] GC(12467) Pause Young (Allocation Failure) 11M->6M(15M) 0.179ms
[29.028s][info][gc] GC(12468) Pause Young (Allocation Failure) 11M->6M(15M) 0.186ms
[29.029s][info][gc] GC(12469) Pause Young (Allocation Failure) 11M->6M(15M) 0.175ms
[29.030s][info][gc] GC(12470) Pause Young (Allocation Failure) 10M->6M(15M) 0.166ms
[29.031s][info][gc] GC(12471) Pause Young (Allocation Failure) 10M->6M(15M) 0.169ms
[29.032s][info][gc] GC(12472) Pause Young (Allocation Failure) 10M->7M(15M) 0.194ms
[29.032s][info][gc] GC(12473) Pause Young (Allocation Failure) 11M->7M(15M) 0.195ms
[29.033s][info][gc] GC(12474) Pause Young (Allocation Failure) 11M->7M(15M) 0.187ms
[29.034s][info][gc] GC(12475) Pause Young (Allocation Failure) 11M->8M(15M) 0.236ms
[29.035s][info][gc] GC(12476) Pause Young (Allocation Failure) 12M->8M(15M) 0.179ms
[29.035s][info][gc] GC(12477) Pause Young (Allocation Failure) 12M->8M(15M) 0.188ms
[29.036s][info][gc] GC(12478) Pause Young (Allocation Failure) 12M->8M(15M) 0.182ms
[29.037s][info][gc] GC(12479) Pause Young (Allocation Failure) 12M->8M(15M) 0.174ms
[29.038s][info][gc] GC(12480) Pause Young (Allocation Failure) 12M->8M(15M) 0.201ms
[29.039s][info][gc] GC(12481) Pause Young (Allocation Failure) 12M->8M(15M) 0.187ms
[29.039s][info][gc] GC(12482) Pause Young (Allocation Failure) 12M->9M(15M) 0.231ms
[29.040s][info][gc] GC(12483) Pause Young (Allocation Failure) 13M->9M(15M) 0.187ms
[29.041s][info][gc] GC(12484) Pause Young (Allocation Failure) 13M->9M(15M) 0.161ms
[29.042s][info][gc] GC(12485) Pause Young (Allocation Failure) 13M->9M(15M) 0.177ms
[29.043s][info][gc] GC(12486) Pause Young (Allocation Failure) 13M->9M(15M) 0.184ms
[29.044s][info][gc] GC(12487) Pause Young (Allocation Failure) 13M->9M(15M) 0.170ms
[29.045s][info][gc] GC(12488) Pause Young (Allocation Failure) 13M->9M(15M) 0.174ms
[29.045s][info][gc] GC(12489) Pause Young (Allocation Failure) 13M->9M(15M) 0.199ms
[29.046s][info][gc] GC(12490) Pause Young (Allocation Failure) 13M->9M(15M) 0.172ms
[29.047s][info][gc] GC(12491) Pause Young (Allocation Failure) 13M->10M(15M) 0.204ms
[29.048s][info][gc] GC(12492) Pause Young (Allocation Failure) 14M->10M(15M) 0.198ms
[29.049s][info][gc] GC(12493) Pause Young (Allocation Failure) 14M->9M(15M) 0.172ms
[29.049s][info][gc] GC(12494) Pause Young (Allocation Failure) 14M->10M(15M) 0.177ms
[29.050s][info][gc] GC(12495) Pause Young (Allocation Failure) 14M->10M(15M) 0.176ms
[29.051s][info][gc] GC(12496) Pause Young (Allocation Failure) 14M->10M(15M) 0.211ms
[29.052s][info][gc] GC(12497) Pause Young (Allocation Failure) 14M->14M(15M) 0.025ms
[29.058s][info][gc] GC(12498) Pause Full (Allocation Failure) 14M->6M(15M) 6.505ms
[29.059s][info][gc] GC(12499) Pause Young (Allocation Failure) 10M->6M(15M) 0.205ms
[29.060s][info][gc] GC(12500) Pause Young (Allocation Failure) 11M->6M(15M) 0.195ms
[29.061s][info][gc] GC(12501) Pause Young (Allocation Failure) 11M->6M(15M) 0.169ms
[29.061s][info][gc] GC(12502) Pause Young (Allocation Failure) 10M->6M(15M) 0.195ms
[29.062s][info][gc] GC(12503) Pause Young (Allocation Failure) 11M->6M(15M) 0.174ms
[29.063s][info][gc] GC(12504) Pause Young (Allocation Failure) 11M->6M(15M) 0.177ms
[29.064s][info][gc] GC(12505) Pause Young (Allocation Failure) 11M->7M(15M) 0.189ms
[29.065s][info][gc] GC(12506) Pause Young (Allocation Failure) 11M->7M(15M) 0.197ms
[29.066s][info][gc] GC(12507) Pause Young (Allocation Failure) 11M->6M(15M) 0.171ms
[29.066s][info][gc] GC(12508) Pause Young (Allocation Failure) 11M->6M(15M) 0.172ms
[29.067s][info][gc] GC(12509) Pause Young (Allocation Failure) 11M->6M(15M) 0.172ms
[29.068s][info][gc] GC(12510) Pause Young (Allocation Failure) 11M->7M(15M) 0.170ms
[29.069s][info][gc] GC(12511) Pause Young (Allocation Failure) 12M->7M(15M) 0.183ms
[29.069s][info][gc] GC(12512) Pause Young (Allocation Failure) 11M->8M(15M) 0.176ms
[29.070s][info][gc] GC(12513) Pause Young (Allocation Failure) 12M->8M(15M) 0.206ms
[29.071s][info][gc] GC(12514) Pause Young (Allocation Failure) 12M->8M(15M) 0.168ms
[29.072s][info][gc] GC(12515) Pause Young (Allocation Failure) 12M->8M(15M) 0.162ms
[29.072s][info][gc] GC(12516) Pause Young (Allocation Failure) 12M->8M(15M) 0.166ms
[29.073s][info][gc] GC(12517) Pause Young (Allocation Failure) 12M->8M(15M) 0.200ms
[29.074s][info][gc] GC(12518) Pause Young (Allocation Failure) 13M->8M(15M) 0.145ms
[29.075s][info][gc] GC(12519) Pause Young (Allocation Failure) 13M->8M(15M) 0.179ms
[29.076s][info][gc] GC(12520) Pause Young (Allocation Failure) 13M->8M(15M) 0.169ms
[29.077s][info][gc] GC(12521) Pause Young (Allocation Failure) 12M->8M(15M) 0.175ms
[29.077s][info][gc] GC(12522) Pause Young (Allocation Failure) 12M->8M(15M) 0.176ms
[29.078s][info][gc] GC(12523) Pause Young (Allocation Failure) 12M->9M(15M) 0.196ms
[29.079s][info][gc] GC(12524) Pause Young (Allocation Failure) 13M->8M(15M) 0.175ms
[29.080s][info][gc] GC(12525) Pause Young (Allocation Failure) 13M->8M(15M) 0.163ms
[29.080s][info][gc] GC(12526) Pause Young (Allocation Failure) 12M->9M(15M) 0.162ms
[29.081s][info][gc] GC(12527) Pause Young (Allocation Failure) 13M->10M(15M) 0.243ms
[29.082s][info][gc] GC(12528) Pause Young (Allocation Failure) 14M->9M(15M) 0.170ms
[29.083s][info][gc] GC(12529) Pause Young (Allocation Failure) 14M->9M(15M) 0.170ms
[29.084s][info][gc] GC(12530) Pause Young (Allocation Failure) 14M->10M(15M) 0.173ms
[29.084s][info][gc] GC(12531) Pause Young (Allocation Failure) 14M->9M(15M) 0.153ms
[29.085s][info][gc] GC(12532) Pause Young (Allocation Failure) 14M->10M(15M) 0.124ms
[29.086s][info][gc] GC(12533) Pause Young (Allocation Failure) 14M->10M(15M) 0.159ms
[29.087s][info][gc] GC(12534) Pause Young (Allocation Failure) 14M->9M(15M) 0.142ms
[29.087s][info][gc] GC(12535) Pause Young (Allocation Failure) 14M->10M(15M) 0.170ms
[29.088s][info][gc] GC(12536) Pause Young (Allocation Failure) 14M->10M(15M) 0.176ms
[29.089s][info][gc] GC(12537) Pause Young (Allocation Failure) 14M->10M(15M) 0.142ms
[29.089s][info][gc] GC(12538) Pause Young (Allocation Failure) 14M->10M(15M) 0.168ms
[29.090s][info][gc] GC(12539) Pause Young (Allocation Failure) 15M->15M(15M) 0.026ms
[29.097s][info][gc] GC(12540) Pause Full (Allocation Failure) 15M->6M(15M) 6.535ms
[29.098s][info][gc] GC(12541) Pause Young (Allocation Failure) 10M->6M(15M) 0.203ms
[29.099s][info][gc] GC(12542) Pause Young (Allocation Failure) 10M->6M(15M) 0.180ms
[29.099s][info][gc] GC(12543) Pause Young (Allocation Failure) 10M->6M(15M) 0.189ms
[29.100s][info][gc] GC(12544) Pause Young (Allocation Failure) 10M->6M(15M) 0.188ms
[29.101s][info][gc] GC(12545) Pause Young (Allocation Failure) 10M->7M(15M) 0.210ms
[29.102s][info][gc] GC(12546) Pause Young (Allocation Failure) 11M->6M(15M) 0.176ms
[29.103s][info][gc] GC(12547) Pause Young (Allocation Failure) 11M->7M(15M) 0.187ms
[29.103s][info][gc] GC(12548) Pause Young (Allocation Failure) 11M->7M(15M) 0.189ms
[29.104s][info][gc] GC(12549) Pause Young (Allocation Failure) 11M->7M(15M) 0.191ms
[29.105s][info][gc] GC(12550) Pause Young (Allocation Failure) 11M->6M(15M) 0.163ms
[29.106s][info][gc] GC(12551) Pause Young (Allocation Failure) 11M->7M(15M) 0.177ms
[29.106s][info][gc] GC(12552) Pause Young (Allocation Failure) 11M->7M(15M) 0.156ms
[29.107s][info][gc] GC(12553) Pause Young (Allocation Failure) 11M->7M(15M) 0.181ms
[29.108s][info][gc] GC(12554) Pause Young (Allocation Failure) 11M->7M(15M) 0.177ms
[29.109s][info][gc] GC(12555) Pause Young (Allocation Failure) 11M->7M(15M) 0.187ms
[29.110s][info][gc] GC(12556) Pause Young (Allocation Failure) 11M->7M(15M) 0.203ms
[29.111s][info][gc] GC(12557) Pause Young (Allocation Failure) 12M->7M(15M) 0.185ms
[29.111s][info][gc] GC(12558) Pause Young (Allocation Failure) 12M->7M(15M) 0.196ms
[29.112s][info][gc] GC(12559) Pause Young (Allocation Failure) 12M->7M(15M) 0.168ms
[29.113s][info][gc] GC(12560) Pause Young (Allocation Failure) 11M->7M(15M) 0.166ms
[29.114s][info][gc] GC(12561) Pause Young (Allocation Failure) 11M->7M(15M) 0.182ms
[29.115s][info][gc] GC(12562) Pause Young (Allocation Failure) 12M->8M(15M) 0.196ms
[29.116s][info][gc] GC(12563) Pause Young (Allocation Failure) 12M->7M(15M) 0.173ms
[29.116s][info][gc] GC(12564) Pause Young (Allocation Failure) 12M->8M(15M) 0.186ms
[29.117s][info][gc] GC(12565) Pause Young (Allocation Failure) 12M->7M(15M) 0.169ms
[29.118s][info][gc] GC(12566) Pause Young (Allocation Failure) 12M->8M(15M) 0.202ms
[29.119s][info][gc] GC(12567) Pause Young (Allocation Failure) 12M->8M(15M) 0.169ms
[29.120s][info][gc] GC(12568) Pause Young (Allocation Failure) 12M->8M(15M) 0.190ms
[29.121s][info][gc] GC(12569) Pause Young (Allocation Failure) 12M->8M(15M) 0.176ms
[29.121s][info][gc] GC(12570) Pause Young (Allocation Failure) 12M->8M(15M) 0.168ms
[29.122s][info][gc] GC(12571) Pause Young (Allocation Failure) 12M->8M(15M) 0.188ms
[29.123s][info][gc] GC(12572) Pause Young (Allocation Failure) 12M->8M(15M) 0.188ms
[29.124s][info][gc] GC(12573) Pause Young (Allocation Failure) 13M->9M(15M) 0.206ms
[29.125s][info][gc] GC(12574) Pause Young (Allocation Failure) 13M->9M(15M) 0.184ms
[29.125s][info][gc] GC(12575) Pause Young (Allocation Failure) 13M->9M(15M) 0.205ms
[29.126s][info][gc] GC(12576) Pause Young (Allocation Failure) 13M->9M(15M) 0.192ms
[29.127s][info][gc] GC(12577) Pause Young (Allocation Failure) 13M->9M(15M) 0.163ms
[29.128s][info][gc] GC(12578) Pause Young (Allocation Failure) 13M->9M(15M) 0.173ms
[29.129s][info][gc] GC(12579) Pause Young (Allocation Failure) 13M->9M(15M) 0.185ms
[29.129s][info][gc] GC(12580) Pause Young (Allocation Failure) 13M->9M(15M) 0.175ms
[29.130s][info][gc] GC(12581) Pause Young (Allocation Failure) 13M->9M(15M) 0.171ms
[29.131s][info][gc] GC(12582) Pause Young (Allocation Failure) 13M->9M(15M) 0.189ms
[29.132s][info][gc] GC(12583) Pause Young (Allocation Failure) 14M->9M(15M) 0.175ms
[29.132s][info][gc] GC(12584) Pause Young (Allocation Failure) 13M->9M(15M) 0.171ms
[29.133s][info][gc] GC(12585) Pause Young (Allocation Failure) 13M->9M(15M) 0.193ms
[29.134s][info][gc] GC(12586) Pause Young (Allocation Failure) 14M->9M(15M) 0.178ms
[29.135s][info][gc] GC(12587) Pause Young (Allocation Failure) 14M->10M(15M) 0.194ms
[29.136s][info][gc] GC(12588) Pause Young (Allocation Failure) 14M->10M(15M) 0.184ms
[29.137s][info][gc] GC(12589) Pause Young (Allocation Failure) 14M->9M(15M) 0.170ms
[29.137s][info][gc] GC(12590) Pause Young (Allocation Failure) 13M->10M(15M) 0.202ms
[29.138s][info][gc] GC(12591) Pause Young (Allocation Failure) 14M->10M(15M) 0.185ms
[29.139s][info][gc] GC(12592) Pause Young (Allocation Failure) 14M->10M(15M) 0.182ms
[29.140s][info][gc] GC(12593) Pause Young (Allocation Failure) 14M->10M(15M) 0.191ms
[29.141s][info][gc] GC(12594) Pause Young (Allocation Failure) 14M->10M(15M) 0.180ms
[29.141s][info][gc] GC(12595) Pause Young (Allocation Failure) 14M->10M(15M) 0.175ms
[29.142s][info][gc] GC(12596) Pause Young (Allocation Failure) 14M->10M(15M) 0.189ms
[29.143s][info][gc] GC(12597) Pause Young (Allocation Failure) 14M->10M(15M) 0.194ms
[29.144s][info][gc] GC(12598) Pause Young (Allocation Failure) 15M->15M(15M) 0.025ms
[29.150s][info][gc] GC(12599) Pause Full (Allocation Failure) 15M->5M(15M) 6.377ms
[29.151s][info][gc] GC(12600) Pause Young (Allocation Failure) 9M->6M(15M) 0.214ms
[29.152s][info][gc] GC(12601) Pause Young (Allocation Failure) 10M->5M(15M) 0.184ms
[29.153s][info][gc] GC(12602) Pause Young (Allocation Failure) 10M->5M(15M) 0.176ms
[29.154s][info][gc] GC(12603) Pause Young (Allocation Failure) 10M->5M(15M) 0.175ms
[29.154s][info][gc] GC(12604) Pause Young (Allocation Failure) 10M->5M(15M) 0.172ms
[29.155s][info][gc] GC(12605) Pause Young (Allocation Failure) 10M->6M(15M) 0.177ms
[29.156s][info][gc] GC(12606) Pause Young (Allocation Failure) 10M->6M(15M) 0.187ms
[29.157s][info][gc] GC(12607) Pause Young (Allocation Failure) 10M->6M(15M) 0.176ms
[29.157s][info][gc] GC(12608) Pause Young (Allocation Failure) 10M->5M(15M) 0.168ms
[29.158s][info][gc] GC(12609) Pause Young (Allocation Failure) 10M->6M(15M) 0.189ms
[29.159s][info][gc] GC(12610) Pause Young (Allocation Failure) 10M->6M(15M) 0.210ms
[29.160s][info][gc] GC(12611) Pause Young (Allocation Failure) 10M->6M(15M) 0.166ms
[29.161s][info][gc] GC(12612) Pause Young (Allocation Failure) 10M->6M(15M) 0.182ms
[29.161s][info][gc] GC(12613) Pause Young (Allocation Failure) 10M->6M(15M) 0.185ms
[29.162s][info][gc] GC(12614) Pause Young (Allocation Failure) 10M->6M(15M) 0.171ms
[29.163s][info][gc] GC(12615) Pause Young (Allocation Failure) 10M->6M(15M) 0.197ms
[29.164s][info][gc] GC(12616) Pause Young (Allocation Failure) 10M->6M(15M) 0.186ms
[29.165s][info][gc] GC(12617) Pause Young (Allocation Failure) 10M->6M(15M) 0.181ms
[29.166s][info][gc] GC(12618) Pause Young (Allocation Failure) 10M->6M(15M) 0.198ms
[29.166s][info][gc] GC(12619) Pause Young (Allocation Failure) 11M->7M(15M) 0.176ms
[29.167s][info][gc] GC(12620) Pause Young (Allocation Failure) 11M->7M(15M) 0.188ms
[29.168s][info][gc] GC(12621) Pause Young (Allocation Failure) 11M->6M(15M) 0.169ms
[29.169s][info][gc] GC(12622) Pause Young (Allocation Failure) 11M->6M(15M) 0.166ms
[29.170s][info][gc] GC(12623) Pause Young (Allocation Failure) 11M->6M(15M) 0.175ms
[29.171s][info][gc] GC(12624) Pause Young (Allocation Failure) 11M->6M(15M) 0.174ms
[29.171s][info][gc] GC(12625) Pause Young (Allocation Failure) 11M->7M(15M) 0.176ms
[29.172s][info][gc] GC(12626) Pause Young (Allocation Failure) 11M->6M(15M) 0.163ms
[29.173s][info][gc] GC(12627) Pause Young (Allocation Failure) 11M->7M(15M) 0.189ms
[29.174s][info][gc] GC(12628) Pause Young (Allocation Failure) 11M->7M(15M) 0.175ms
[29.175s][info][gc] GC(12629) Pause Young (Allocation Failure) 11M->7M(15M) 0.194ms
[29.175s][info][gc] GC(12630) Pause Young (Allocation Failure) 11M->7M(15M) 0.176ms
[29.176s][info][gc] GC(12631) Pause Young (Allocation Failure) 11M->7M(15M) 0.186ms
[29.177s][info][gc] GC(12632) Pause Young (Allocation Failure) 12M->7M(15M) 0.177ms
[29.178s][info][gc] GC(12633) Pause Young (Allocation Failure) 12M->7M(15M) 0.174ms
[29.178s][info][gc] GC(12634) Pause Young (Allocation Failure) 11M->7M(15M) 0.178ms
[29.179s][info][gc] GC(12635) Pause Young (Allocation Failure) 12M->7M(15M) 0.180ms
[29.180s][info][gc] GC(12636) Pause Young (Allocation Failure) 12M->7M(15M) 0.181ms
[29.181s][info][gc] GC(12637) Pause Young (Allocation Failure) 12M->7M(15M) 0.152ms
[29.182s][info][gc] GC(12638) Pause Young (Allocation Failure) 11M->7M(15M) 0.162ms
[29.183s][info][gc] GC(12639) Pause Young (Allocation Failure) 12M->7M(15M) 0.157ms
[29.183s][info][gc] GC(12640) Pause Young (Allocation Failure) 12M->7M(15M) 0.166ms
[29.184s][info][gc] GC(12641) Pause Young (Allocation Failure) 12M->8M(15M) 0.180ms
[29.185s][info][gc] GC(12642) Pause Young (Allocation Failure) 12M->8M(15M) 0.172ms
[29.186s][info][gc] GC(12643) Pause Young (Allocation Failure) 12M->8M(15M) 0.147ms
[29.186s][info][gc] GC(12644) Pause Young (Allocation Failure) 12M->8M(15M) 0.143ms
[29.187s][info][gc] GC(12645) Pause Young (Allocation Failure) 12M->8M(15M) 0.126ms
[29.188s][info][gc] GC(12646) Pause Young (Allocation Failure) 12M->8M(15M) 0.196ms
[29.189s][info][gc] GC(12647) Pause Young (Allocation Failure) 13M->8M(15M) 0.150ms
[29.189s][info][gc] GC(12648) Pause Young (Allocation Failure) 13M->8M(15M) 0.154ms
[29.190s][info][gc] GC(12649) Pause Young (Allocation Failure) 13M->8M(15M) 0.155ms
[29.191s][info][gc] GC(12650) Pause Young (Allocation Failure) 13M->8M(15M) 0.140ms
[29.192s][info][gc] GC(12651) Pause Young (Allocation Failure) 12M->8M(15M) 0.140ms
[29.192s][info][gc] GC(12652) Pause Young (Allocation Failure) 12M->9M(15M) 0.186ms
[29.193s][info][gc] GC(12653) Pause Young (Allocation Failure) 13M->9M(15M) 0.158ms
[29.194s][info][gc] GC(12654) Pause Young (Allocation Failure) 13M->9M(15M) 0.157ms
[29.195s][info][gc] GC(12655) Pause Young (Allocation Failure) 13M->9M(15M) 0.120ms
[29.195s][info][gc] GC(12656) Pause Young (Allocation Failure) 13M->9M(15M) 0.179ms
[29.196s][info][gc] GC(12657) Pause Young (Allocation Failure) 13M->9M(15M) 0.155ms
[29.197s][info][gc] GC(12658) Pause Young (Allocation Failure) 13M->9M(15M) 0.178ms
[29.198s][info][gc] GC(12659) Pause Young (Allocation Failure) 14M->10M(15M) 0.170ms
[29.199s][info][gc] GC(12660) Pause Young (Allocation Failure) 14M->9M(15M) 0.151ms
[29.199s][info][gc] GC(12661) Pause Young (Allocation Failure) 14M->10M(15M) 0.169ms
[29.200s][info][gc] GC(12662) Pause Young (Allocation Failure) 14M->10M(15M) 0.184ms
[29.201s][info][gc] GC(12663) Pause Young (Allocation Failure) 14M->10M(15M) 0.148ms
[29.202s][info][gc] GC(12664) Pause Young (Allocation Failure) 14M->15M(15M) 0.284ms
[29.208s][info][gc] GC(12665) Pause Full (Allocation Failure) 15M->6M(15M) 6.383ms
[29.209s][info][gc] GC(12666) Pause Young (Allocation Failure) 11M->7M(15M) 0.192ms
[29.210s][info][gc] GC(12667) Pause Young (Allocation Failure) 11M->7M(15M) 0.162ms
[29.211s][info][gc] GC(12668) Pause Young (Allocation Failure) 11M->7M(15M) 0.150ms
[29.212s][info][gc] GC(12669) Pause Young (Allocation Failure) 11M->7M(15M) 0.158ms
[29.212s][info][gc] GC(12670) Pause Young (Allocation Failure) 11M->7M(15M) 0.169ms
[29.213s][info][gc] GC(12671) Pause Young (Allocation Failure) 11M->7M(15M) 0.166ms
[29.214s][info][gc] GC(12672) Pause Young (Allocation Failure) 11M->7M(15M) 0.148ms
[29.215s][info][gc] GC(12673) Pause Young (Allocation Failure) 11M->7M(15M) 0.151ms
[29.215s][info][gc] GC(12674) Pause Young (Allocation Failure) 11M->7M(15M) 0.145ms
[29.216s][info][gc] GC(12675) Pause Young (Allocation Failure) 11M->7M(15M) 0.166ms
[29.217s][info][gc] GC(12676) Pause Young (Allocation Failure) 12M->7M(15M) 0.158ms
[29.218s][info][gc] GC(12677) Pause Young (Allocation Failure) 12M->7M(15M) 0.143ms
[29.219s][info][gc] GC(12678) Pause Young (Allocation Failure) 11M->8M(15M) 0.175ms
[29.219s][info][gc] GC(12679) Pause Young (Allocation Failure) 12M->8M(15M) 0.184ms
[29.220s][info][gc] GC(12680) Pause Young (Allocation Failure) 13M->8M(15M) 0.151ms
[29.221s][info][gc] GC(12681) Pause Young (Allocation Failure) 12M->8M(15M) 0.143ms
[29.222s][info][gc] GC(12682) Pause Young (Allocation Failure) 12M->8M(15M) 0.148ms
[29.223s][info][gc] GC(12683) Pause Young (Allocation Failure) 12M->8M(15M) 0.166ms
[29.223s][info][gc] GC(12684) Pause Young (Allocation Failure) 13M->8M(15M) 0.163ms
[29.224s][info][gc] GC(12685) Pause Young (Allocation Failure) 13M->8M(15M) 0.151ms
[29.225s][info][gc] GC(12686) Pause Young (Allocation Failure) 12M->9M(15M) 0.182ms
[29.226s][info][gc] GC(12687) Pause Young (Allocation Failure) 13M->9M(15M) 0.172ms
[29.226s][info][gc] GC(12688) Pause Young (Allocation Failure) 14M->10M(15M) 0.184ms
[29.227s][info][gc] GC(12689) Pause Young (Allocation Failure) 14M->10M(15M) 0.149ms
[29.228s][info][gc] GC(12690) Pause Young (Allocation Failure) 14M->10M(15M) 0.138ms
[29.229s][info][gc] GC(12691) Pause Young (Allocation Failure) 14M->14M(15M) 0.019ms
[29.235s][info][gc] GC(12692) Pause Full (Allocation Failure) 14M->5M(15M) 6.205ms
[29.236s][info][gc] GC(12693) Pause Young (Allocation Failure) 10M->6M(15M) 0.153ms
[29.236s][info][gc] GC(12694) Pause Young (Allocation Failure) 10M->6M(15M) 0.222ms
[29.237s][info][gc] GC(12695) Pause Young (Allocation Failure) 11M->6M(15M) 0.165ms
[29.238s][info][gc] GC(12696) Pause Young (Allocation Failure) 10M->6M(15M) 0.171ms
[29.239s][info][gc] GC(12697) Pause Young (Allocation Failure) 10M->7M(15M) 0.207ms
[29.240s][info][gc] GC(12698) Pause Young (Allocation Failure) 11M->7M(15M) 0.182ms
[29.241s][info][gc] GC(12699) Pause Young (Allocation Failure) 11M->7M(15M) 0.173ms
[29.241s][info][gc] GC(12700) Pause Young (Allocation Failure) 11M->6M(15M) 0.160ms
[29.242s][info][gc] GC(12701) Pause Young (Allocation Failure) 11M->7M(15M) 0.175ms
[29.243s][info][gc] GC(12702) Pause Young (Allocation Failure) 11M->6M(15M) 0.167ms
[29.244s][info][gc] GC(12703) Pause Young (Allocation Failure) 11M->7M(15M) 0.171ms
[29.245s][info][gc] GC(12704) Pause Young (Allocation Failure) 11M->6M(15M) 0.169ms
[29.245s][info][gc] GC(12705) Pause Young (Allocation Failure) 11M->7M(15M) 0.190ms
[29.246s][info][gc] GC(12706) Pause Young (Allocation Failure) 11M->7M(15M) 0.172ms
[29.247s][info][gc] GC(12707) Pause Young (Allocation Failure) 11M->7M(15M) 0.196ms
[29.248s][info][gc] GC(12708) Pause Young (Allocation Failure) 11M->7M(15M) 0.160ms
[29.249s][info][gc] GC(12709) Pause Young (Allocation Failure) 11M->7M(15M) 0.192ms
[29.249s][info][gc] GC(12710) Pause Young (Allocation Failure) 12M->7M(15M) 0.172ms
[29.250s][info][gc] GC(12711) Pause Young (Allocation Failure) 12M->7M(15M) 0.118ms
[29.251s][info][gc] GC(12712) Pause Young (Allocation Failure) 12M->7M(15M) 0.161ms
[29.252s][info][gc] GC(12713) Pause Young (Allocation Failure) 11M->7M(15M) 0.161ms
[29.253s][info][gc] GC(12714) Pause Young (Allocation Failure) 11M->7M(15M) 0.168ms
[29.254s][info][gc] GC(12715) Pause Young (Allocation Failure) 11M->8M(15M) 0.194ms
[29.254s][info][gc] GC(12716) Pause Young (Allocation Failure) 12M->8M(15M) 0.196ms
[29.255s][info][gc] GC(12717) Pause Young (Allocation Failure) 12M->8M(15M) 0.185ms
[29.256s][info][gc] GC(12718) Pause Young (Allocation Failure) 12M->8M(15M) 0.165ms
[29.257s][info][gc] GC(12719) Pause Young (Allocation Failure) 12M->8M(15M) 0.169ms
[29.258s][info][gc] GC(12720) Pause Young (Allocation Failure) 12M->8M(15M) 0.182ms
[29.259s][info][gc] GC(12721) Pause Young (Allocation Failure) 12M->8M(15M) 0.201ms
[29.260s][info][gc] GC(12722) Pause Young (Allocation Failure) 13M->9M(15M) 0.179ms
[29.260s][info][gc] GC(12723) Pause Young (Allocation Failure) 13M->9M(15M) 0.181ms
[29.261s][info][gc] GC(12724) Pause Young (Allocation Failure) 13M->8M(15M) 0.163ms
[29.262s][info][gc] GC(12725) Pause Young (Allocation Failure) 13M->9M(15M) 0.180ms
[29.263s][info][gc] GC(12726) Pause Young (Allocation Failure) 13M->8M(15M) 0.164ms
[29.264s][info][gc] GC(12727) Pause Young (Allocation Failure) 13M->9M(15M) 0.185ms
[29.264s][info][gc] GC(12728) Pause Young (Allocation Failure) 13M->9M(15M) 0.164ms
[29.265s][info][gc] GC(12729) Pause Young (Allocation Failure) 13M->9M(15M) 0.173ms
[29.266s][info][gc] GC(12730) Pause Young (Allocation Failure) 13M->9M(15M) 0.183ms
[29.267s][info][gc] GC(12731) Pause Young (Allocation Failure) 13M->9M(15M) 0.178ms
[29.268s][info][gc] GC(12732) Pause Young (Allocation Failure) 13M->10M(15M) 0.224ms
[29.268s][info][gc] GC(12733) Pause Young (Allocation Failure) 14M->10M(15M) 0.213ms
[29.269s][info][gc] GC(12734) Pause Young (Allocation Failure) 14M->10M(15M) 0.178ms
[29.270s][info][gc] GC(12735) Pause Young (Allocation Failure) 14M->10M(15M) 0.228ms
[29.271s][info][gc] GC(12736) Pause Young (Allocation Failure) 15M->15M(15M) 0.025ms
[29.277s][info][gc] GC(12737) Pause Full (Allocation Failure) 15M->5M(15M) 6.635ms
[29.278s][info][gc] GC(12738) Pause Young (Allocation Failure) 10M->6M(15M) 0.197ms
[29.279s][info][gc] GC(12739) Pause Young (Allocation Failure) 10M->6M(15M) 0.195ms
[29.280s][info][gc] GC(12740) Pause Young (Allocation Failure) 10M->6M(15M) 0.162ms
[29.281s][info][gc] GC(12741) Pause Young (Allocation Failure) 10M->6M(15M) 0.171ms
[29.282s][info][gc] GC(12742) Pause Young (Allocation Failure) 10M->6M(15M) 0.162ms
[29.283s][info][gc] GC(12743) Pause Young (Allocation Failure) 10M->6M(15M) 0.179ms
[29.284s][info][gc] GC(12744) Pause Young (Allocation Failure) 10M->6M(15M) 0.167ms
[29.284s][info][gc] GC(12745) Pause Young (Allocation Failure) 10M->6M(15M) 0.197ms
[29.285s][info][gc] GC(12746) Pause Young (Allocation Failure) 11M->6M(15M) 0.163ms
[29.286s][info][gc] GC(12747) Pause Young (Allocation Failure) 10M->6M(15M) 0.167ms
[29.287s][info][gc] GC(12748) Pause Young (Allocation Failure) 10M->7M(15M) 0.204ms
[29.287s][info][gc] GC(12749) Pause Young (Allocation Failure) 11M->6M(15M) 0.172ms
[29.288s][info][gc] GC(12750) Pause Young (Allocation Failure) 11M->6M(15M) 0.166ms
[29.289s][info][gc] GC(12751) Pause Young (Allocation Failure) 10M->7M(15M) 0.185ms
[29.290s][info][gc] GC(12752) Pause Young (Allocation Failure) 11M->7M(15M) 0.184ms
[29.291s][info][gc] GC(12753) Pause Young (Allocation Failure) 11M->6M(15M) 0.174ms
[29.291s][info][gc] GC(12754) Pause Young (Allocation Failure) 11M->7M(15M) 0.181ms
[29.292s][info][gc] GC(12755) Pause Young (Allocation Failure) 11M->7M(15M) 0.180ms
[29.293s][info][gc] GC(12756) Pause Young (Allocation Failure) 11M->7M(15M) 0.196ms
[29.294s][info][gc] GC(12757) Pause Young (Allocation Failure) 11M->7M(15M) 0.185ms
[29.295s][info][gc] GC(12758) Pause Young (Allocation Failure) 11M->7M(15M) 0.182ms
[29.296s][info][gc] GC(12759) Pause Young (Allocation Failure) 11M->7M(15M) 0.179ms
[29.296s][info][gc] GC(12760) Pause Young (Allocation Failure) 11M->7M(15M) 0.171ms
[29.297s][info][gc] GC(12761) Pause Young (Allocation Failure) 11M->7M(15M) 0.188ms
[29.298s][info][gc] GC(12762) Pause Young (Allocation Failure) 11M->7M(15M) 0.211ms
[29.299s][info][gc] GC(12763) Pause Young (Allocation Failure) 12M->7M(15M) 0.167ms
[29.299s][info][gc] GC(12764) Pause Young (Allocation Failure) 11M->7M(15M) 0.175ms
[29.300s][info][gc] GC(12765) Pause Young (Allocation Failure) 12M->7M(15M) 0.163ms
[29.301s][info][gc] GC(12766) Pause Young (Allocation Failure) 11M->7M(15M) 0.183ms
[29.302s][info][gc] GC(12767) Pause Young (Allocation Failure) 12M->7M(15M) 0.178ms
[29.303s][info][gc] GC(12768) Pause Young (Allocation Failure) 12M->7M(15M) 0.180ms
[29.304s][info][gc] GC(12769) Pause Young (Allocation Failure) 12M->8M(15M) 0.198ms
[29.304s][info][gc] GC(12770) Pause Young (Allocation Failure) 12M->8M(15M) 0.181ms
[29.305s][info][gc] GC(12771) Pause Young (Allocation Failure) 12M->7M(15M) 0.164ms
[29.306s][info][gc] GC(12772) Pause Young (Allocation Failure) 12M->7M(15M) 0.164ms
[29.307s][info][gc] GC(12773) Pause Young (Allocation Failure) 11M->8M(15M) 0.191ms
[29.307s][info][gc] GC(12774) Pause Young (Allocation Failure) 12M->7M(15M) 0.168ms
[29.308s][info][gc] GC(12775) Pause Young (Allocation Failure) 12M->8M(15M) 0.180ms
[29.309s][info][gc] GC(12776) Pause Young (Allocation Failure) 12M->8M(15M) 0.190ms
[29.310s][info][gc] GC(12777) Pause Young (Allocation Failure) 12M->7M(15M) 0.166ms
[29.310s][info][gc] GC(12778) Pause Young (Allocation Failure) 12M->8M(15M) 0.178ms
[29.311s][info][gc] GC(12779) Pause Young (Allocation Failure) 12M->8M(15M) 0.187ms
[29.312s][info][gc] GC(12780) Pause Young (Allocation Failure) 12M->8M(15M) 0.184ms
[29.313s][info][gc] GC(12781) Pause Young (Allocation Failure) 12M->8M(15M) 0.172ms
[29.314s][info][gc] GC(12782) Pause Young (Allocation Failure) 12M->8M(15M) 0.171ms
[29.315s][info][gc] GC(12783) Pause Young (Allocation Failure) 13M->8M(15M) 0.186ms
[29.315s][info][gc] GC(12784) Pause Young (Allocation Failure) 13M->8M(15M) 0.169ms
[29.316s][info][gc] GC(12785) Pause Young (Allocation Failure) 12M->8M(15M) 0.171ms
[29.317s][info][gc] GC(12786) Pause Young (Allocation Failure) 12M->8M(15M) 0.178ms
[29.318s][info][gc] GC(12787) Pause Young (Allocation Failure) 12M->9M(15M) 0.215ms
[29.319s][info][gc] GC(12788) Pause Young (Allocation Failure) 13M->8M(15M) 0.177ms
[29.319s][info][gc] GC(12789) Pause Young (Allocation Failure) 13M->9M(15M) 0.197ms
[29.320s][info][gc] GC(12790) Pause Young (Allocation Failure) 13M->9M(15M) 0.191ms
[29.321s][info][gc] GC(12791) Pause Young (Allocation Failure) 13M->9M(15M) 0.201ms
[29.322s][info][gc] GC(12792) Pause Young (Allocation Failure) 14M->9M(15M) 0.172ms
[29.322s][info][gc] GC(12793) Pause Young (Allocation Failure) 13M->9M(15M) 0.189ms
[29.323s][info][gc] GC(12794) Pause Young (Allocation Failure) 14M->9M(15M) 0.166ms
[29.324s][info][gc] GC(12795) Pause Young (Allocation Failure) 14M->9M(15M) 0.173ms
[29.325s][info][gc] GC(12796) Pause Young (Allocation Failure) 13M->9M(15M) 0.185ms
[29.326s][info][gc] GC(12797) Pause Young (Allocation Failure) 14M->10M(15M) 0.210ms
[29.326s][info][gc] GC(12798) Pause Young (Allocation Failure) 14M->10M(15M) 0.200ms
[29.327s][info][gc] GC(12799) Pause Young (Allocation Failure) 15M->15M(15M) 0.025ms
[29.334s][info][gc] GC(12800) Pause Full (Allocation Failure) 15M->5M(15M) 6.550ms
[29.335s][info][gc] GC(12801) Pause Young (Allocation Failure) 10M->6M(15M) 0.189ms
[29.335s][info][gc] GC(12802) Pause Young (Allocation Failure) 10M->6M(15M) 0.193ms
[29.336s][info][gc] GC(12803) Pause Young (Allocation Failure) 10M->6M(15M) 0.176ms
[29.337s][info][gc] GC(12804) Pause Young (Allocation Failure) 10M->6M(15M) 0.171ms
[29.338s][info][gc] GC(12805) Pause Young (Allocation Failure) 10M->6M(15M) 0.178ms
[29.339s][info][gc] GC(12806) Pause Young (Allocation Failure) 10M->6M(15M) 0.175ms
[29.339s][info][gc] GC(12807) Pause Young (Allocation Failure) 10M->6M(15M) 0.177ms
[29.340s][info][gc] GC(12808) Pause Young (Allocation Failure) 10M->6M(15M) 0.154ms
[29.341s][info][gc] GC(12809) Pause Young (Allocation Failure) 10M->6M(15M) 0.174ms
[29.342s][info][gc] GC(12810) Pause Young (Allocation Failure) 10M->6M(15M) 0.191ms
[29.342s][info][gc] GC(12811) Pause Young (Allocation Failure) 10M->7M(15M) 0.221ms
[29.343s][info][gc] GC(12812) Pause Young (Allocation Failure) 11M->7M(15M) 0.191ms
[29.344s][info][gc] GC(12813) Pause Young (Allocation Failure) 11M->7M(15M) 0.187ms
[29.345s][info][gc] GC(12814) Pause Young (Allocation Failure) 11M->7M(15M) 0.154ms
[29.346s][info][gc] GC(12815) Pause Young (Allocation Failure) 11M->7M(15M) 0.164ms
[29.347s][info][gc] GC(12816) Pause Young (Allocation Failure) 11M->7M(15M) 0.174ms
[29.347s][info][gc] GC(12817) Pause Young (Allocation Failure) 11M->7M(15M) 0.173ms
[29.348s][info][gc] GC(12818) Pause Young (Allocation Failure) 11M->7M(15M) 0.192ms
[29.349s][info][gc] GC(12819) Pause Young (Allocation Failure) 11M->7M(15M) 0.177ms
[29.350s][info][gc] GC(12820) Pause Young (Allocation Failure) 11M->7M(15M) 0.176ms
[29.351s][info][gc] GC(12821) Pause Young (Allocation Failure) 11M->7M(15M) 0.171ms
[29.351s][info][gc] GC(12822) Pause Young (Allocation Failure) 11M->7M(15M) 0.188ms
[29.352s][info][gc] GC(12823) Pause Young (Allocation Failure) 12M->7M(15M) 0.180ms
[29.353s][info][gc] GC(12824) Pause Young (Allocation Failure) 11M->8M(15M) 0.184ms
[29.354s][info][gc] GC(12825) Pause Young (Allocation Failure) 12M->7M(15M) 0.164ms
[29.354s][info][gc] GC(12826) Pause Young (Allocation Failure) 12M->8M(15M) 0.181ms
[29.355s][info][gc] GC(12827) Pause Young (Allocation Failure) 12M->8M(15M) 0.179ms
[29.356s][info][gc] GC(12828) Pause Young (Allocation Failure) 12M->8M(15M) 0.188ms
[29.357s][info][gc] GC(12829) Pause Young (Allocation Failure) 12M->8M(15M) 0.160ms
[29.358s][info][gc] GC(12830) Pause Young (Allocation Failure) 12M->8M(15M) 0.193ms
[29.358s][info][gc] GC(12831) Pause Young (Allocation Failure) 12M->8M(15M) 0.177ms
[29.359s][info][gc] GC(12832) Pause Young (Allocation Failure) 12M->8M(15M) 0.168ms
[29.360s][info][gc] GC(12833) Pause Young (Allocation Failure) 12M->8M(15M) 0.171ms
[29.361s][info][gc] GC(12834) Pause Young (Allocation Failure) 12M->9M(15M) 0.224ms
[29.362s][info][gc] GC(12835) Pause Young (Allocation Failure) 13M->8M(15M) 0.173ms
[29.362s][info][gc] GC(12836) Pause Young (Allocation Failure) 13M->9M(15M) 0.178ms
[29.363s][info][gc] GC(12837) Pause Young (Allocation Failure) 13M->9M(15M) 0.177ms
[29.364s][info][gc] GC(12838) Pause Young (Allocation Failure) 13M->8M(15M) 0.175ms
[29.365s][info][gc] GC(12839) Pause Young (Allocation Failure) 13M->9M(15M) 0.184ms
[29.365s][info][gc] GC(12840) Pause Young (Allocation Failure) 13M->9M(15M) 0.191ms
[29.366s][info][gc] GC(12841) Pause Young (Allocation Failure) 13M->9M(15M) 0.175ms
[29.367s][info][gc] GC(12842) Pause Young (Allocation Failure) 13M->9M(15M) 0.197ms
[29.368s][info][gc] GC(12843) Pause Young (Allocation Failure) 13M->9M(15M) 0.195ms
[29.369s][info][gc] GC(12844) Pause Young (Allocation Failure) 14M->9M(15M) 0.182ms
[29.369s][info][gc] GC(12845) Pause Young (Allocation Failure) 13M->9M(15M) 0.203ms
[29.370s][info][gc] GC(12846) Pause Young (Allocation Failure) 14M->9M(15M) 0.175ms
[29.371s][info][gc] GC(12847) Pause Young (Allocation Failure) 13M->10M(15M) 0.198ms
[29.372s][info][gc] GC(12848) Pause Young (Allocation Failure) 14M->9M(15M) 0.174ms
[29.373s][info][gc] GC(12849) Pause Young (Allocation Failure) 14M->10M(15M) 0.182ms
[29.373s][info][gc] GC(12850) Pause Young (Allocation Failure) 14M->9M(15M) 0.172ms
[29.374s][info][gc] GC(12851) Pause Young (Allocation Failure) 14M->9M(15M) 0.169ms
[29.375s][info][gc] GC(12852) Pause Young (Allocation Failure) 14M->10M(15M) 0.190ms
[29.376s][info][gc] GC(12853) Pause Young (Allocation Failure) 14M->9M(15M) 0.173ms
[29.377s][info][gc] GC(12854) Pause Young (Allocation Failure) 14M->10M(15M) 0.178ms
[29.377s][info][gc] GC(12855) Pause Young (Allocation Failure) 14M->10M(15M) 0.226ms
[29.378s][info][gc] GC(12856) Pause Young (Allocation Failure) 15M->15M(15M) 0.025ms
[29.385s][info][gc] GC(12857) Pause Full (Allocation Failure) 15M->6M(15M) 6.629ms
[29.385s][info][gc] GC(12858) Pause Young (Allocation Failure) 10M->6M(15M) 0.196ms
[29.386s][info][gc] GC(12859) Pause Young (Allocation Failure) 11M->6M(15M) 0.195ms
[29.387s][info][gc] GC(12860) Pause Young (Allocation Failure) 11M->6M(15M) 0.166ms
[29.388s][info][gc] GC(12861) Pause Young (Allocation Failure) 10M->6M(15M) 0.178ms
[29.389s][info][gc] GC(12862) Pause Young (Allocation Failure) 11M->6M(15M) 0.167ms
[29.390s][info][gc] GC(12863) Pause Young (Allocation Failure) 10M->6M(15M) 0.185ms
[29.390s][info][gc] GC(12864) Pause Young (Allocation Failure) 10M->6M(15M) 0.191ms
[29.391s][info][gc] GC(12865) Pause Young (Allocation Failure) 11M->7M(15M) 0.210ms
[29.392s][info][gc] GC(12866) Pause Young (Allocation Failure) 11M->7M(15M) 0.185ms
[29.393s][info][gc] GC(12867) Pause Young (Allocation Failure) 11M->7M(15M) 0.192ms
[29.394s][info][gc] GC(12868) Pause Young (Allocation Failure) 11M->7M(15M) 0.176ms
[29.395s][info][gc] GC(12869) Pause Young (Allocation Failure) 11M->7M(15M) 0.185ms
[29.395s][info][gc] GC(12870) Pause Young (Allocation Failure) 11M->7M(15M) 0.181ms
[29.396s][info][gc] GC(12871) Pause Young (Allocation Failure) 11M->7M(15M) 0.175ms
[29.397s][info][gc] GC(12872) Pause Young (Allocation Failure) 11M->7M(15M) 0.169ms
[29.398s][info][gc] GC(12873) Pause Young (Allocation Failure) 11M->7M(15M) 0.161ms
[29.399s][info][gc] GC(12874) Pause Young (Allocation Failure) 11M->7M(15M) 0.182ms
[29.399s][info][gc] GC(12875) Pause Young (Allocation Failure) 11M->7M(15M) 0.180ms
[29.400s][info][gc] GC(12876) Pause Young (Allocation Failure) 11M->7M(15M) 0.173ms
[29.401s][info][gc] GC(12877) Pause Young (Allocation Failure) 11M->8M(15M) 0.235ms
[29.402s][info][gc] GC(12878) Pause Young (Allocation Failure) 12M->8M(15M) 0.196ms
[29.402s][info][gc] GC(12879) Pause Young (Allocation Failure) 12M->9M(15M) 0.162ms
[29.403s][info][gc] GC(12880) Pause Young (Allocation Failure) 13M->9M(15M) 0.179ms
[29.404s][info][gc] GC(12881) Pause Young (Allocation Failure) 13M->8M(15M) 0.175ms
[29.405s][info][gc] GC(12882) Pause Young (Allocation Failure) 13M->8M(15M) 0.164ms
[29.406s][info][gc] GC(12883) Pause Young (Allocation Failure) 12M->8M(15M) 0.169ms
[29.406s][info][gc] GC(12884) Pause Young (Allocation Failure) 13M->9M(15M) 0.186ms
[29.407s][info][gc] GC(12885) Pause Young (Allocation Failure) 13M->9M(15M) 0.188ms
[29.408s][info][gc] GC(12886) Pause Young (Allocation Failure) 13M->8M(15M) 0.172ms
[29.409s][info][gc] GC(12887) Pause Young (Allocation Failure) 13M->9M(15M) 0.180ms
[29.410s][info][gc] GC(12888) Pause Young (Allocation Failure) 13M->9M(15M) 0.195ms
[29.411s][info][gc] GC(12889) Pause Young (Allocation Failure) 13M->9M(15M) 0.179ms
[29.411s][info][gc] GC(12890) Pause Young (Allocation Failure) 13M->9M(15M) 0.213ms
[29.412s][info][gc] GC(12891) Pause Young (Allocation Failure) 14M->9M(15M) 0.172ms
[29.413s][info][gc] GC(12892) Pause Young (Allocation Failure) 13M->9M(15M) 0.175ms
[29.414s][info][gc] GC(12893) Pause Young (Allocation Failure) 13M->10M(15M) 0.202ms
[29.415s][info][gc] GC(12894) Pause Young (Allocation Failure) 14M->9M(15M) 0.173ms
[29.416s][info][gc] GC(12895) Pause Young (Allocation Failure) 14M->10M(15M) 0.191ms
[29.416s][info][gc] GC(12896) Pause Young (Allocation Failure) 14M->10M(15M) 0.177ms
[29.417s][info][gc] GC(12897) Pause Young (Allocation Failure) 14M->10M(15M) 0.192ms
[29.418s][info][gc] GC(12898) Pause Young (Allocation Failure) 14M->15M(15M) 0.292ms
[29.425s][info][gc] GC(12899) Pause Full (Allocation Failure) 15M->7M(15M) 6.648ms
[29.426s][info][gc] GC(12900) Pause Young (Allocation Failure) 11M->7M(15M) 0.224ms
[29.426s][info][gc] GC(12901) Pause Young (Allocation Failure) 12M->7M(15M) 0.173ms
[29.427s][info][gc] GC(12902) Pause Young (Allocation Failure) 11M->7M(15M) 0.169ms
[29.428s][info][gc] GC(12903) Pause Young (Allocation Failure) 11M->7M(15M) 0.201ms
[29.429s][info][gc] GC(12904) Pause Young (Allocation Failure) 12M->7M(15M) 0.170ms
[29.430s][info][gc] GC(12905) Pause Young (Allocation Failure) 12M->7M(15M) 0.185ms
[29.430s][info][gc] GC(12906) Pause Young (Allocation Failure) 12M->7M(15M) 0.174ms
[29.431s][info][gc] GC(12907) Pause Young (Allocation Failure) 12M->7M(15M) 0.174ms
[29.432s][info][gc] GC(12908) Pause Young (Allocation Failure) 12M->7M(15M) 0.170ms
[29.433s][info][gc] GC(12909) Pause Young (Allocation Failure) 11M->7M(15M) 0.169ms
[29.434s][info][gc] GC(12910) Pause Young (Allocation Failure) 11M->7M(15M) 0.165ms
[29.435s][info][gc] GC(12911) Pause Young (Allocation Failure) 11M->7M(15M) 0.196ms
[29.435s][info][gc] GC(12912) Pause Young (Allocation Failure) 12M->7M(15M) 0.164ms
[29.436s][info][gc] GC(12913) Pause Young (Allocation Failure) 11M->7M(15M) 0.184ms
[29.437s][info][gc] GC(12914) Pause Young (Allocation Failure) 12M->8M(15M) 0.218ms
[29.438s][info][gc] GC(12915) Pause Young (Allocation Failure) 12M->8M(15M) 0.163ms
[29.438s][info][gc] GC(12916) Pause Young (Allocation Failure) 12M->8M(15M) 0.190ms
[29.439s][info][gc] GC(12917) Pause Young (Allocation Failure) 12M->8M(15M) 0.163ms
[29.440s][info][gc] GC(12918) Pause Young (Allocation Failure) 12M->8M(15M) 0.168ms
[29.441s][info][gc] GC(12919) Pause Young (Allocation Failure) 12M->8M(15M) 0.168ms
[29.442s][info][gc] GC(12920) Pause Young (Allocation Failure) 12M->8M(15M) 0.169ms
[29.442s][info][gc] GC(12921) Pause Young (Allocation Failure) 12M->8M(15M) 0.177ms
[29.443s][info][gc] GC(12922) Pause Young (Allocation Failure) 12M->8M(15M) 0.180ms
[29.444s][info][gc] GC(12923) Pause Young (Allocation Failure) 12M->8M(15M) 0.124ms
[29.445s][info][gc] GC(12924) Pause Young (Allocation Failure) 12M->8M(15M) 0.141ms
[29.446s][info][gc] GC(12925) Pause Young (Allocation Failure) 13M->8M(15M) 0.169ms
[29.446s][info][gc] GC(12926) Pause Young (Allocation Failure) 12M->8M(15M) 0.169ms
[29.447s][info][gc] GC(12927) Pause Young (Allocation Failure) 12M->9M(15M) 0.191ms
[29.448s][info][gc] GC(12928) Pause Young (Allocation Failure) 13M->9M(15M) 0.180ms
[29.449s][info][gc] GC(12929) Pause Young (Allocation Failure) 13M->9M(15M) 0.175ms
[29.449s][info][gc] GC(12930) Pause Young (Allocation Failure) 13M->8M(15M) 0.171ms
[29.450s][info][gc] GC(12931) Pause Young (Allocation Failure) 13M->9M(15M) 0.145ms
[29.451s][info][gc] GC(12932) Pause Young (Allocation Failure) 13M->9M(15M) 0.176ms
[29.452s][info][gc] GC(12933) Pause Young (Allocation Failure) 13M->9M(15M) 0.180ms
[29.453s][info][gc] GC(12934) Pause Young (Allocation Failure) 13M->9M(15M) 0.181ms
[29.453s][info][gc] GC(12935) Pause Young (Allocation Failure) 13M->9M(15M) 0.169ms
[29.454s][info][gc] GC(12936) Pause Young (Allocation Failure) 13M->9M(15M) 0.188ms
[29.455s][info][gc] GC(12937) Pause Young (Allocation Failure) 13M->9M(15M) 0.195ms
[29.456s][info][gc] GC(12938) Pause Young (Allocation Failure) 13M->9M(15M) 0.206ms
[29.457s][info][gc] GC(12939) Pause Young (Allocation Failure) 14M->9M(15M) 0.183ms
[29.457s][info][gc] GC(12940) Pause Young (Allocation Failure) 14M->9M(15M) 0.175ms
[29.458s][info][gc] GC(12941) Pause Young (Allocation Failure) 14M->10M(15M) 0.205ms
[29.459s][info][gc] GC(12942) Pause Young (Allocation Failure) 14M->10M(15M) 0.172ms
[29.460s][info][gc] GC(12943) Pause Young (Allocation Failure) 14M->10M(15M) 0.193ms
[29.460s][info][gc] GC(12944) Pause Young (Allocation Failure) 15M->15M(15M) 0.026ms
[29.467s][info][gc] GC(12945) Pause Full (Allocation Failure) 15M->6M(15M) 6.478ms
[29.468s][info][gc] GC(12946) Pause Young (Allocation Failure) 10M->6M(15M) 0.215ms
[29.469s][info][gc] GC(12947) Pause Young (Allocation Failure) 11M->7M(15M) 0.218ms
[29.469s][info][gc] GC(12948) Pause Young (Allocation Failure) 11M->7M(15M) 0.196ms
[29.470s][info][gc] GC(12949) Pause Young (Allocation Failure) 11M->7M(15M) 0.217ms
[29.471s][info][gc] GC(12950) Pause Young (Allocation Failure) 12M->7M(15M) 0.173ms
[29.472s][info][gc] GC(12951) Pause Young (Allocation Failure) 12M->8M(15M) 0.184ms
[29.473s][info][gc] GC(12952) Pause Young (Allocation Failure) 12M->7M(15M) 0.171ms
[29.474s][info][gc] GC(12953) Pause Young (Allocation Failure) 12M->7M(15M) 0.169ms
[29.474s][info][gc] GC(12954) Pause Young (Allocation Failure) 12M->8M(15M) 0.204ms
[29.475s][info][gc] GC(12955) Pause Young (Allocation Failure) 12M->7M(15M) 0.167ms
[29.476s][info][gc] GC(12956) Pause Young (Allocation Failure) 12M->8M(15M) 0.176ms
[29.477s][info][gc] GC(12957) Pause Young (Allocation Failure) 12M->8M(15M) 0.176ms
[29.477s][info][gc] GC(12958) Pause Young (Allocation Failure) 12M->8M(15M) 0.187ms
[29.478s][info][gc] GC(12959) Pause Young (Allocation Failure) 12M->8M(15M) 0.166ms
[29.479s][info][gc] GC(12960) Pause Young (Allocation Failure) 12M->8M(15M) 0.163ms
[29.480s][info][gc] GC(12961) Pause Young (Allocation Failure) 12M->8M(15M) 0.177ms
[29.481s][info][gc] GC(12962) Pause Young (Allocation Failure) 12M->8M(15M) 0.160ms
[29.481s][info][gc] GC(12963) Pause Young (Allocation Failure) 13M->8M(15M) 0.177ms
[29.482s][info][gc] GC(12964) Pause Young (Allocation Failure) 12M->8M(15M) 0.192ms
[29.483s][info][gc] GC(12965) Pause Young (Allocation Failure) 13M->8M(15M) 0.166ms
[29.484s][info][gc] GC(12966) Pause Young (Allocation Failure) 12M->8M(15M) 0.175ms
[29.484s][info][gc] GC(12967) Pause Young (Allocation Failure) 13M->8M(15M) 0.188ms
[29.485s][info][gc] GC(12968) Pause Young (Allocation Failure) 13M->8M(15M) 0.172ms
[29.486s][info][gc] GC(12969) Pause Young (Allocation Failure) 12M->8M(15M) 0.179ms
[29.487s][info][gc] GC(12970) Pause Young (Allocation Failure) 13M->8M(15M) 0.169ms
[29.488s][info][gc] GC(12971) Pause Young (Allocation Failure) 12M->8M(15M) 0.179ms
[29.488s][info][gc] GC(12972) Pause Young (Allocation Failure) 13M->8M(15M) 0.185ms
[29.489s][info][gc] GC(12973) Pause Young (Allocation Failure) 13M->8M(15M) 0.176ms
[29.490s][info][gc] GC(12974) Pause Young (Allocation Failure) 13M->9M(15M) 0.203ms
[29.491s][info][gc] GC(12975) Pause Young (Allocation Failure) 13M->9M(15M) 0.207ms
[29.492s][info][gc] GC(12976) Pause Young (Allocation Failure) 13M->9M(15M) 0.166ms
[29.492s][info][gc] GC(12977) Pause Young (Allocation Failure) 13M->9M(15M) 0.167ms
[29.493s][info][gc] GC(12978) Pause Young (Allocation Failure) 13M->9M(15M) 0.151ms
[29.494s][info][gc] GC(12979) Pause Young (Allocation Failure) 13M->9M(15M) 0.141ms
[29.495s][info][gc] GC(12980) Pause Young (Allocation Failure) 13M->9M(15M) 0.146ms
[29.495s][info][gc] GC(12981) Pause Young (Allocation Failure) 13M->10M(15M) 0.182ms
[29.496s][info][gc] GC(12982) Pause Young (Allocation Failure) 14M->10M(15M) 0.179ms
[29.497s][info][gc] GC(12983) Pause Young (Allocation Failure) 14M->10M(15M) 0.178ms
[29.498s][info][gc] GC(12984) Pause Young (Allocation Failure) 14M->10M(15M) 0.141ms
[29.499s][info][gc] GC(12985) Pause Young (Allocation Failure) 14M->10M(15M) 0.180ms
[29.499s][info][gc] GC(12986) Pause Young (Allocation Failure) 15M->15M(15M) 0.019ms
[29.506s][info][gc] GC(12987) Pause Full (Allocation Failure) 15M->6M(15M) 6.524ms
[29.507s][info][gc] GC(12988) Pause Young (Allocation Failure) 10M->6M(15M) 0.195ms
[29.507s][info][gc] GC(12989) Pause Young (Allocation Failure) 10M->7M(15M) 0.199ms
[29.508s][info][gc] GC(12990) Pause Young (Allocation Failure) 11M->6M(15M) 0.152ms
[29.509s][info][gc] GC(12991) Pause Young (Allocation Failure) 11M->6M(15M) 0.146ms
[29.510s][info][gc] GC(12992) Pause Young (Allocation Failure) 11M->7M(15M) 0.202ms
[29.511s][info][gc] GC(12993) Pause Young (Allocation Failure) 11M->7M(15M) 0.141ms
[29.511s][info][gc] GC(12994) Pause Young (Allocation Failure) 11M->7M(15M) 0.160ms
[29.512s][info][gc] GC(12995) Pause Young (Allocation Failure) 11M->7M(15M) 0.144ms
[29.513s][info][gc] GC(12996) Pause Young (Allocation Failure) 11M->7M(15M) 0.142ms
[29.514s][info][gc] GC(12997) Pause Young (Allocation Failure) 11M->7M(15M) 0.168ms
[29.515s][info][gc] GC(12998) Pause Young (Allocation Failure) 12M->7M(15M) 0.153ms
[29.515s][info][gc] GC(12999) Pause Young (Allocation Failure) 11M->7M(15M) 0.157ms
[29.516s][info][gc] GC(13000) Pause Young (Allocation Failure) 12M->7M(15M) 0.130ms
[29.517s][info][gc] GC(13001) Pause Young (Allocation Failure) 12M->7M(15M) 0.162ms
[29.518s][info][gc] GC(13002) Pause Young (Allocation Failure) 12M->7M(15M) 0.159ms
[29.519s][info][gc] GC(13003) Pause Young (Allocation Failure) 12M->7M(15M) 0.152ms
[29.519s][info][gc] GC(13004) Pause Young (Allocation Failure) 11M->7M(15M) 0.150ms
[29.520s][info][gc] GC(13005) Pause Young (Allocation Failure) 11M->8M(15M) 0.177ms
[29.521s][info][gc] GC(13006) Pause Young (Allocation Failure) 12M->7M(15M) 0.143ms
[29.522s][info][gc] GC(13007) Pause Young (Allocation Failure) 11M->7M(15M) 0.150ms
[29.522s][info][gc] GC(13008) Pause Young (Allocation Failure) 12M->8M(15M) 0.170ms
[29.523s][info][gc] GC(13009) Pause Young (Allocation Failure) 12M->7M(15M) 0.148ms
[29.524s][info][gc] GC(13010) Pause Young (Allocation Failure) 12M->8M(15M) 0.150ms
[29.525s][info][gc] GC(13011) Pause Young (Allocation Failure) 12M->7M(15M) 0.146ms
[29.525s][info][gc] GC(13012) Pause Young (Allocation Failure) 12M->8M(15M) 0.156ms
[29.526s][info][gc] GC(13013) Pause Young (Allocation Failure) 12M->8M(15M) 0.184ms
[29.527s][info][gc] GC(13014) Pause Young (Allocation Failure) 12M->8M(15M) 0.157ms
[29.528s][info][gc] GC(13015) Pause Young (Allocation Failure) 12M->8M(15M) 0.158ms
[29.529s][info][gc] GC(13016) Pause Young (Allocation Failure) 12M->8M(15M) 0.153ms
[29.530s][info][gc] GC(13017) Pause Young (Allocation Failure) 12M->8M(15M) 0.198ms
[29.530s][info][gc] GC(13018) Pause Young (Allocation Failure) 12M->8M(15M) 0.168ms
[29.531s][info][gc] GC(13019) Pause Young (Allocation Failure) 12M->8M(15M) 0.178ms
[29.532s][info][gc] GC(13020) Pause Young (Allocation Failure) 12M->8M(15M) 0.176ms
[29.533s][info][gc] GC(13021) Pause Young (Allocation Failure) 12M->8M(15M) 0.162ms
[29.533s][info][gc] GC(13022) Pause Young (Allocation Failure) 12M->8M(15M) 0.171ms
[29.534s][info][gc] GC(13023) Pause Young (Allocation Failure) 12M->8M(15M) 0.196ms
[29.535s][info][gc] GC(13024) Pause Young (Allocation Failure) 13M->8M(15M) 0.168ms
[29.536s][info][gc] GC(13025) Pause Young (Allocation Failure) 12M->9M(15M) 0.211ms
[29.537s][info][gc] GC(13026) Pause Young (Allocation Failure) 13M->9M(15M) 0.168ms
[29.537s][info][gc] GC(13027) Pause Young (Allocation Failure) 13M->9M(15M) 0.192ms
[29.538s][info][gc] GC(13028) Pause Young (Allocation Failure) 13M->9M(15M) 0.165ms
[29.539s][info][gc] GC(13029) Pause Young (Allocation Failure) 13M->9M(15M) 0.173ms
[29.540s][info][gc] GC(13030) Pause Young (Allocation Failure) 13M->9M(15M) 0.179ms
[29.540s][info][gc] GC(13031) Pause Young (Allocation Failure) 13M->9M(15M) 0.205ms
[29.541s][info][gc] GC(13032) Pause Young (Allocation Failure) 14M->9M(15M) 0.182ms
[29.542s][info][gc] GC(13033) Pause Young (Allocation Failure) 13M->9M(15M) 0.186ms
[29.543s][info][gc] GC(13034) Pause Young (Allocation Failure) 13M->10M(15M) 0.229ms
[29.544s][info][gc] GC(13035) Pause Young (Allocation Failure) 14M->10M(15M) 0.211ms
[29.545s][info][gc] GC(13036) Pause Young (Allocation Failure) 14M->9M(15M) 0.165ms
[29.546s][info][gc] GC(13037) Pause Young (Allocation Failure) 14M->10M(15M) 0.180ms
[29.547s][info][gc] GC(13038) Pause Young (Allocation Failure) 14M->10M(15M) 0.174ms
[29.547s][info][gc] GC(13039) Pause Young (Allocation Failure) 14M->10M(15M) 0.172ms
[29.548s][info][gc] GC(13040) Pause Young (Allocation Failure) 14M->9M(15M) 0.172ms
[29.549s][info][gc] GC(13041) Pause Young (Allocation Failure) 14M->10M(15M) 0.208ms
[29.550s][info][gc] GC(13042) Pause Young (Allocation Failure) 14M->10M(15M) 0.176ms
[29.551s][info][gc] GC(13043) Pause Young (Allocation Failure) 14M->10M(15M) 0.163ms
[29.551s][info][gc] GC(13044) Pause Young (Allocation Failure) 14M->10M(15M) 0.192ms
[29.552s][info][gc] GC(13045) Pause Young (Allocation Failure) 15M->15M(15M) 0.025ms
[29.559s][info][gc] GC(13046) Pause Full (Allocation Failure) 15M->5M(15M) 6.701ms
[29.560s][info][gc] GC(13047) Pause Young (Allocation Failure) 10M->6M(15M) 0.211ms
[29.561s][info][gc] GC(13048) Pause Young (Allocation Failure) 10M->6M(15M) 0.188ms
[29.562s][info][gc] GC(13049) Pause Young (Allocation Failure) 10M->6M(15M) 0.189ms
[29.562s][info][gc] GC(13050) Pause Young (Allocation Failure) 11M->6M(15M) 0.164ms
[29.563s][info][gc] GC(13051) Pause Young (Allocation Failure) 10M->6M(15M) 0.152ms
[29.564s][info][gc] GC(13052) Pause Young (Allocation Failure) 11M->6M(15M) 0.187ms
[29.565s][info][gc] GC(13053) Pause Young (Allocation Failure) 11M->7M(15M) 0.200ms
[29.566s][info][gc] GC(13054) Pause Young (Allocation Failure) 11M->6M(15M) 0.162ms
[29.566s][info][gc] GC(13055) Pause Young (Allocation Failure) 11M->7M(15M) 0.173ms
[29.567s][info][gc] GC(13056) Pause Young (Allocation Failure) 11M->7M(15M) 0.177ms
[29.568s][info][gc] GC(13057) Pause Young (Allocation Failure) 11M->7M(15M) 0.178ms
[29.569s][info][gc] GC(13058) Pause Young (Allocation Failure) 11M->6M(15M) 0.163ms
[29.569s][info][gc] GC(13059) Pause Young (Allocation Failure) 11M->7M(15M) 0.180ms
[29.570s][info][gc] GC(13060) Pause Young (Allocation Failure) 11M->7M(15M) 0.234ms
[29.571s][info][gc] GC(13061) Pause Young (Allocation Failure) 11M->8M(15M) 0.232ms
[29.572s][info][gc] GC(13062) Pause Young (Allocation Failure) 12M->7M(15M) 0.160ms
[29.573s][info][gc] GC(13063) Pause Young (Allocation Failure) 11M->7M(15M) 0.176ms
[29.574s][info][gc] GC(13064) Pause Young (Allocation Failure) 12M->8M(15M) 0.185ms
[29.574s][info][gc] GC(13065) Pause Young (Allocation Failure) 12M->7M(15M) 0.168ms
[29.575s][info][gc] GC(13066) Pause Young (Allocation Failure) 12M->8M(15M) 0.210ms
[29.576s][info][gc] GC(13067) Pause Young (Allocation Failure) 12M->8M(15M) 0.166ms
[29.577s][info][gc] GC(13068) Pause Young (Allocation Failure) 12M->8M(15M) 0.161ms
[29.578s][info][gc] GC(13069) Pause Young (Allocation Failure) 12M->8M(15M) 0.177ms
[29.578s][info][gc] GC(13070) Pause Young (Allocation Failure) 12M->8M(15M) 0.178ms
[29.579s][info][gc] GC(13071) Pause Young (Allocation Failure) 12M->8M(15M) 0.176ms
[29.580s][info][gc] GC(13072) Pause Young (Allocation Failure) 12M->8M(15M) 0.195ms
[29.581s][info][gc] GC(13073) Pause Young (Allocation Failure) 13M->8M(15M) 0.163ms
[29.582s][info][gc] GC(13074) Pause Young (Allocation Failure) 12M->8M(15M) 0.192ms
[29.583s][info][gc] GC(13075) Pause Young (Allocation Failure) 13M->8M(15M) 0.171ms
[29.584s][info][gc] GC(13076) Pause Young (Allocation Failure) 13M->8M(15M) 0.176ms
[29.584s][info][gc] GC(13077) Pause Young (Allocation Failure) 13M->8M(15M) 0.174ms
[29.585s][info][gc] GC(13078) Pause Young (Allocation Failure) 13M->9M(15M) 0.189ms
[29.586s][info][gc] GC(13079) Pause Young (Allocation Failure) 13M->8M(15M) 0.177ms
[29.587s][info][gc] GC(13080) Pause Young (Allocation Failure) 13M->9M(15M) 0.201ms
[29.588s][info][gc] GC(13081) Pause Young (Allocation Failure) 13M->9M(15M) 0.182ms
[29.589s][info][gc] GC(13082) Pause Young (Allocation Failure) 13M->9M(15M) 0.173ms
[29.590s][info][gc] GC(13083) Pause Young (Allocation Failure) 13M->9M(15M) 0.210ms
[29.590s][info][gc] GC(13084) Pause Young (Allocation Failure) 14M->9M(15M) 0.178ms
[29.591s][info][gc] GC(13085) Pause Young (Allocation Failure) 14M->9M(15M) 0.173ms
[29.592s][info][gc] GC(13086) Pause Young (Allocation Failure) 14M->9M(15M) 0.172ms
[29.593s][info][gc] GC(13087) Pause Young (Allocation Failure) 14M->10M(15M) 0.208ms
[29.594s][info][gc] GC(13088) Pause Young (Allocation Failure) 14M->10M(15M) 0.180ms
[29.595s][info][gc] GC(13089) Pause Young (Allocation Failure) 14M->10M(15M) 0.179ms
[29.595s][info][gc] GC(13090) Pause Young (Allocation Failure) 14M->10M(15M) 0.171ms
[29.596s][info][gc] GC(13091) Pause Young (Allocation Failure) 14M->10M(15M) 0.195ms
[29.597s][info][gc] GC(13092) Pause Young (Allocation Failure) 14M->10M(15M) 0.162ms
[29.598s][info][gc] GC(13093) Pause Young (Allocation Failure) 14M->10M(15M) 0.160ms
[29.598s][info][gc] GC(13094) Pause Young (Allocation Failure) 14M->10M(15M) 0.195ms
[29.599s][info][gc] GC(13095) Pause Young (Allocation Failure) 15M->15M(15M) 0.025ms
[29.606s][info][gc] GC(13096) Pause Full (Allocation Failure) 15M->5M(15M) 6.656ms
[29.607s][info][gc] GC(13097) Pause Young (Allocation Failure) 10M->6M(15M) 0.167ms
[29.608s][info][gc] GC(13098) Pause Young (Allocation Failure) 10M->6M(15M) 0.205ms
[29.608s][info][gc] GC(13099) Pause Young (Allocation Failure) 11M->6M(15M) 0.165ms
[29.609s][info][gc] GC(13100) Pause Young (Allocation Failure) 11M->6M(15M) 0.159ms
[29.610s][info][gc] GC(13101) Pause Young (Allocation Failure) 10M->6M(15M) 0.180ms
[29.611s][info][gc] GC(13102) Pause Young (Allocation Failure) 11M->6M(15M) 0.162ms
[29.611s][info][gc] GC(13103) Pause Young (Allocation Failure) 10M->7M(15M) 0.150ms
[29.612s][info][gc] GC(13104) Pause Young (Allocation Failure) 11M->7M(15M) 0.176ms
[29.613s][info][gc] GC(13105) Pause Young (Allocation Failure) 11M->7M(15M) 0.178ms
[29.614s][info][gc] GC(13106) Pause Young (Allocation Failure) 11M->7M(15M) 0.191ms
[29.615s][info][gc] GC(13107) Pause Young (Allocation Failure) 11M->7M(15M) 0.170ms
[29.615s][info][gc] GC(13108) Pause Young (Allocation Failure) 11M->7M(15M) 0.191ms
[29.616s][info][gc] GC(13109) Pause Young (Allocation Failure) 11M->7M(15M) 0.148ms
[29.617s][info][gc] GC(13110) Pause Young (Allocation Failure) 11M->7M(15M) 0.196ms
[29.618s][info][gc] GC(13111) Pause Young (Allocation Failure) 12M->8M(15M) 0.215ms
[29.619s][info][gc] GC(13112) Pause Young (Allocation Failure) 12M->8M(15M) 0.174ms
[29.620s][info][gc] GC(13113) Pause Young (Allocation Failure) 12M->8M(15M) 0.166ms
[29.620s][info][gc] GC(13114) Pause Young (Allocation Failure) 12M->8M(15M) 0.205ms
[29.621s][info][gc] GC(13115) Pause Young (Allocation Failure) 13M->9M(15M) 0.162ms
[29.622s][info][gc] GC(13116) Pause Young (Allocation Failure) 13M->8M(15M) 0.175ms
[29.623s][info][gc] GC(13117) Pause Young (Allocation Failure) 13M->9M(15M) 0.178ms
[29.624s][info][gc] GC(13118) Pause Young (Allocation Failure) 13M->9M(15M) 0.181ms
[29.624s][info][gc] GC(13119) Pause Young (Allocation Failure) 13M->9M(15M) 0.153ms
[29.625s][info][gc] GC(13120) Pause Young (Allocation Failure) 13M->9M(15M) 0.181ms
[29.626s][info][gc] GC(13121) Pause Young (Allocation Failure) 13M->9M(15M) 0.195ms
[29.627s][info][gc] GC(13122) Pause Young (Allocation Failure) 14M->9M(15M) 0.192ms
[29.628s][info][gc] GC(13123) Pause Young (Allocation Failure) 14M->10M(15M) 0.185ms
[29.629s][info][gc] GC(13124) Pause Young (Allocation Failure) 14M->10M(15M) 0.196ms
[29.630s][info][gc] GC(13125) Pause Young (Allocation Failure) 14M->10M(15M) 0.204ms
[29.630s][info][gc] GC(13126) Pause Young (Allocation Failure) 14M->14M(15M) 0.025ms
[29.637s][info][gc] GC(13127) Pause Full (Allocation Failure) 14M->6M(15M) 6.828ms
[29.638s][info][gc] GC(13128) Pause Young (Allocation Failure) 10M->6M(15M) 0.186ms
[29.639s][info][gc] GC(13129) Pause Young (Allocation Failure) 10M->6M(15M) 0.171ms
[29.640s][info][gc] GC(13130) Pause Young (Allocation Failure) 10M->6M(15M) 0.167ms
[29.641s][info][gc] GC(13131) Pause Young (Allocation Failure) 10M->7M(15M) 0.215ms
[29.642s][info][gc] GC(13132) Pause Young (Allocation Failure) 11M->7M(15M) 0.192ms
[29.642s][info][gc] GC(13133) Pause Young (Allocation Failure) 11M->7M(15M) 0.153ms
[29.643s][info][gc] GC(13134) Pause Young (Allocation Failure) 11M->7M(15M) 0.167ms
[29.644s][info][gc] GC(13135) Pause Young (Allocation Failure) 12M->7M(15M) 0.163ms
[29.645s][info][gc] GC(13136) Pause Young (Allocation Failure) 11M->7M(15M) 0.160ms
[29.646s][info][gc] GC(13137) Pause Young (Allocation Failure) 11M->7M(15M) 0.176ms
[29.647s][info][gc] GC(13138) Pause Young (Allocation Failure) 12M->7M(15M) 0.179ms
[29.647s][info][gc] GC(13139) Pause Young (Allocation Failure) 12M->8M(15M) 0.201ms
[29.648s][info][gc] GC(13140) Pause Young (Allocation Failure) 12M->7M(15M) 0.159ms
[29.649s][info][gc] GC(13141) Pause Young (Allocation Failure) 12M->8M(15M) 0.180ms
[29.650s][info][gc] GC(13142) Pause Young (Allocation Failure) 12M->7M(15M) 0.171ms
[29.651s][info][gc] GC(13143) Pause Young (Allocation Failure) 12M->8M(15M) 0.171ms
[29.651s][info][gc] GC(13144) Pause Young (Allocation Failure) 12M->8M(15M) 0.187ms
[29.652s][info][gc] GC(13145) Pause Young (Allocation Failure) 12M->8M(15M) 0.183ms
[29.653s][info][gc] GC(13146) Pause Young (Allocation Failure) 12M->8M(15M) 0.173ms
[29.654s][info][gc] GC(13147) Pause Young (Allocation Failure) 12M->8M(15M) 0.164ms
[29.655s][info][gc] GC(13148) Pause Young (Allocation Failure) 12M->8M(15M) 0.173ms
[29.656s][info][gc] GC(13149) Pause Young (Allocation Failure) 12M->8M(15M) 0.162ms
[29.657s][info][gc] GC(13150) Pause Young (Allocation Failure) 12M->8M(15M) 0.183ms
[29.657s][info][gc] GC(13151) Pause Young (Allocation Failure) 13M->8M(15M) 0.172ms
[29.658s][info][gc] GC(13152) Pause Young (Allocation Failure) 12M->9M(15M) 0.198ms
[29.659s][info][gc] GC(13153) Pause Young (Allocation Failure) 13M->9M(15M) 0.187ms
[29.660s][info][gc] GC(13154) Pause Young (Allocation Failure) 13M->9M(15M) 0.187ms
[29.661s][info][gc] GC(13155) Pause Young (Allocation Failure) 13M->9M(15M) 0.169ms
[29.661s][info][gc] GC(13156) Pause Young (Allocation Failure) 13M->9M(15M) 0.156ms
[29.662s][info][gc] GC(13157) Pause Young (Allocation Failure) 13M->9M(15M) 0.197ms
[29.663s][info][gc] GC(13158) Pause Young (Allocation Failure) 13M->9M(15M) 0.182ms
[29.664s][info][gc] GC(13159) Pause Young (Allocation Failure) 13M->9M(15M) 0.190ms
[29.665s][info][gc] GC(13160) Pause Young (Allocation Failure) 14M->9M(15M) 0.166ms
[29.666s][info][gc] GC(13161) Pause Young (Allocation Failure) 13M->9M(15M) 0.133ms
[29.667s][info][gc] GC(13162) Pause Young (Allocation Failure) 14M->9M(15M) 0.175ms
[29.667s][info][gc] GC(13163) Pause Young (Allocation Failure) 14M->9M(15M) 0.173ms
[29.668s][info][gc] GC(13164) Pause Young (Allocation Failure) 14M->9M(15M) 0.169ms
[29.669s][info][gc] GC(13165) Pause Young (Allocation Failure) 13M->10M(15M) 0.200ms
[29.670s][info][gc] GC(13166) Pause Young (Allocation Failure) 14M->9M(15M) 0.161ms
[29.671s][info][gc] GC(13167) Pause Young (Allocation Failure) 14M->10M(15M) 0.179ms
[29.672s][info][gc] GC(13168) Pause Young (Allocation Failure) 14M->10M(15M) 0.176ms
[29.672s][info][gc] GC(13169) Pause Young (Allocation Failure) 14M->9M(15M) 0.167ms
[29.673s][info][gc] GC(13170) Pause Young (Allocation Failure) 14M->10M(15M) 0.178ms
[29.674s][info][gc] GC(13171) Pause Young (Allocation Failure) 14M->9M(15M) 0.161ms
[29.675s][info][gc] GC(13172) Pause Young (Allocation Failure) 14M->10M(15M) 0.208ms
[29.676s][info][gc] GC(13173) Pause Young (Allocation Failure) 14M->10M(15M) 0.180ms
[29.677s][info][gc] GC(13174) Pause Young (Allocation Failure) 14M->10M(15M) 0.178ms
[29.677s][info][gc] GC(13175) Pause Young (Allocation Failure) 14M->10M(15M) 0.208ms
[29.678s][info][gc] GC(13176) Pause Young (Allocation Failure) 15M->15M(15M) 0.025ms
[29.685s][info][gc] GC(13177) Pause Full (Allocation Failure) 15M->6M(15M) 6.689ms
[29.686s][info][gc] GC(13178) Pause Young (Allocation Failure) 10M->6M(15M) 0.177ms
[29.687s][info][gc] GC(13179) Pause Young (Allocation Failure) 10M->6M(15M) 0.178ms
[29.687s][info][gc] GC(13180) Pause Young (Allocation Failure) 10M->6M(15M) 0.179ms
[29.688s][info][gc] GC(13181) Pause Young (Allocation Failure) 11M->7M(15M) 0.191ms
[29.689s][info][gc] GC(13182) Pause Young (Allocation Failure) 11M->7M(15M) 0.223ms
[29.690s][info][gc] GC(13183) Pause Young (Allocation Failure) 12M->7M(15M) 0.196ms
[29.691s][info][gc] GC(13184) Pause Young (Allocation Failure) 11M->7M(15M) 0.183ms
[29.691s][info][gc] GC(13185) Pause Young (Allocation Failure) 12M->7M(15M) 0.182ms
[29.692s][info][gc] GC(13186) Pause Young (Allocation Failure) 12M->7M(15M) 0.177ms
[29.693s][info][gc] GC(13187) Pause Young (Allocation Failure) 12M->7M(15M) 0.180ms
[29.694s][info][gc] GC(13188) Pause Young (Allocation Failure) 12M->7M(15M) 0.170ms
[29.694s][info][gc] GC(13189) Pause Young (Allocation Failure) 11M->7M(15M) 0.169ms
[29.695s][info][gc] GC(13190) Pause Young (Allocation Failure) 11M->7M(15M) 0.170ms
[29.696s][info][gc] GC(13191) Pause Young (Allocation Failure) 11M->7M(15M) 0.177ms
[29.697s][info][gc] GC(13192) Pause Young (Allocation Failure) 12M->8M(15M) 0.219ms
[29.698s][info][gc] GC(13193) Pause Young (Allocation Failure) 12M->8M(15M) 0.192ms
[29.698s][info][gc] GC(13194) Pause Young (Allocation Failure) 12M->9M(15M) 0.216ms
[29.699s][info][gc] GC(13195) Pause Young (Allocation Failure) 13M->9M(15M) 0.202ms
[29.700s][info][gc] GC(13196) Pause Young (Allocation Failure) 13M->9M(15M) 0.172ms
[29.701s][info][gc] GC(13197) Pause Young (Allocation Failure) 13M->9M(15M) 0.173ms
[29.702s][info][gc] GC(13198) Pause Young (Allocation Failure) 13M->9M(15M) 0.172ms
[29.703s][info][gc] GC(13199) Pause Young (Allocation Failure) 13M->9M(15M) 0.164ms
[29.703s][info][gc] GC(13200) Pause Young (Allocation Failure) 13M->9M(15M) 0.163ms
[29.704s][info][gc] GC(13201) Pause Young (Allocation Failure) 13M->9M(15M) 0.204ms
[29.705s][info][gc] GC(13202) Pause Young (Allocation Failure) 14M->9M(15M) 0.183ms
[29.706s][info][gc] GC(13203) Pause Young (Allocation Failure) 14M->9M(15M) 0.180ms
[29.707s][info][gc] GC(13204) Pause Young (Allocation Failure) 14M->9M(15M) 0.177ms
[29.708s][info][gc] GC(13205) Pause Young (Allocation Failure) 14M->10M(15M) 0.189ms
[29.708s][info][gc] GC(13206) Pause Young (Allocation Failure) 14M->10M(15M) 0.197ms
[29.709s][info][gc] GC(13207) Pause Young (Allocation Failure) 14M->10M(15M) 0.165ms
[29.710s][info][gc] GC(13208) Pause Young (Allocation Failure) 14M->10M(15M) 0.172ms
[29.711s][info][gc] GC(13209) Pause Young (Allocation Failure) 14M->10M(15M) 0.170ms
[29.712s][info][gc] GC(13210) Pause Young (Allocation Failure) 14M->10M(15M) 0.181ms
[29.713s][info][gc] GC(13211) Pause Young (Allocation Failure) 14M->9M(15M) 0.159ms
[29.713s][info][gc] GC(13212) Pause Young (Allocation Failure) 14M->10M(15M) 0.164ms
[29.714s][info][gc] GC(13213) Pause Young (Allocation Failure) 14M->10M(15M) 0.181ms
[29.715s][info][gc] GC(13214) Pause Young (Allocation Failure) 14M->10M(15M) 0.175ms
[29.716s][info][gc] GC(13215) Pause Young (Allocation Failure) 14M->10M(15M) 0.175ms
[29.717s][info][gc] GC(13216) Pause Young (Allocation Failure) 14M->10M(15M) 0.184ms
[29.718s][info][gc] GC(13217) Pause Young (Allocation Failure) 14M->10M(15M) 0.169ms
[29.718s][info][gc] GC(13218) Pause Young (Allocation Failure) 15M->15M(15M) 0.025ms
[29.725s][info][gc] GC(13219) Pause Full (Allocation Failure) 15M->5M(15M) 6.630ms
[29.726s][info][gc] GC(13220) Pause Young (Allocation Failure) 10M->6M(15M) 0.196ms
[29.727s][info][gc] GC(13221) Pause Young (Allocation Failure) 10M->6M(15M) 0.183ms
[29.728s][info][gc] GC(13222) Pause Young (Allocation Failure) 10M->6M(15M) 0.175ms
[29.728s][info][gc] GC(13223) Pause Young (Allocation Failure) 10M->6M(15M) 0.193ms
[29.729s][info][gc] GC(13224) Pause Young (Allocation Failure) 10M->6M(15M) 0.184ms
[29.730s][info][gc] GC(13225) Pause Young (Allocation Failure) 10M->6M(15M) 0.214ms
[29.731s][info][gc] GC(13226) Pause Young (Allocation Failure) 11M->6M(15M) 0.166ms
[29.732s][info][gc] GC(13227) Pause Young (Allocation Failure) 10M->7M(15M) 0.164ms
[29.733s][info][gc] GC(13228) Pause Young (Allocation Failure) 11M->7M(15M) 0.186ms
[29.733s][info][gc] GC(13229) Pause Young (Allocation Failure) 11M->7M(15M) 0.180ms
[29.734s][info][gc] GC(13230) Pause Young (Allocation Failure) 11M->7M(15M) 0.184ms
[29.735s][info][gc] GC(13231) Pause Young (Allocation Failure) 11M->6M(15M) 0.165ms
[29.736s][info][gc] GC(13232) Pause Young (Allocation Failure) 11M->7M(15M) 0.179ms
[29.737s][info][gc] GC(13233) Pause Young (Allocation Failure) 11M->6M(15M) 0.162ms
[29.737s][info][gc] GC(13234) Pause Young (Allocation Failure) 11M->7M(15M) 0.171ms
[29.738s][info][gc] GC(13235) Pause Young (Allocation Failure) 11M->7M(15M) 0.181ms
[29.739s][info][gc] GC(13236) Pause Young (Allocation Failure) 11M->7M(15M) 0.133ms
[29.740s][info][gc] GC(13237) Pause Young (Allocation Failure) 11M->7M(15M) 0.188ms
[29.741s][info][gc] GC(13238) Pause Young (Allocation Failure) 11M->7M(15M) 0.161ms
[29.742s][info][gc] GC(13239) Pause Young (Allocation Failure) 11M->7M(15M) 0.162ms
[29.742s][info][gc] GC(13240) Pause Young (Allocation Failure) 11M->7M(15M) 0.183ms
[29.743s][info][gc] GC(13241) Pause Young (Allocation Failure) 12M->7M(15M) 0.178ms
[29.744s][info][gc] GC(13242) Pause Young (Allocation Failure) 11M->7M(15M) 0.177ms
[29.745s][info][gc] GC(13243) Pause Young (Allocation Failure) 11M->7M(15M) 0.168ms
[29.746s][info][gc] GC(13244) Pause Young (Allocation Failure) 12M->7M(15M) 0.168ms
[29.746s][info][gc] GC(13245) Pause Young (Allocation Failure) 11M->7M(15M) 0.179ms
[29.747s][info][gc] GC(13246) Pause Young (Allocation Failure) 12M->8M(15M) 0.196ms
[29.748s][info][gc] GC(13247) Pause Young (Allocation Failure) 12M->7M(15M) 0.161ms
[29.749s][info][gc] GC(13248) Pause Young (Allocation Failure) 12M->8M(15M) 0.171ms
[29.750s][info][gc] GC(13249) Pause Young (Allocation Failure) 12M->8M(15M) 0.200ms
[29.751s][info][gc] GC(13250) Pause Young (Allocation Failure) 12M->8M(15M) 0.187ms
[29.751s][info][gc] GC(13251) Pause Young (Allocation Failure) 12M->8M(15M) 0.177ms
[29.752s][info][gc] GC(13252) Pause Young (Allocation Failure) 12M->8M(15M) 0.201ms
[29.753s][info][gc] GC(13253) Pause Young (Allocation Failure) 13M->9M(15M) 0.180ms
[29.754s][info][gc] GC(13254) Pause Young (Allocation Failure) 13M->9M(15M) 0.197ms
[29.755s][info][gc] GC(13255) Pause Young (Allocation Failure) 13M->9M(15M) 0.172ms
[29.756s][info][gc] GC(13256) Pause Young (Allocation Failure) 13M->9M(15M) 0.170ms
[29.756s][info][gc] GC(13257) Pause Young (Allocation Failure) 13M->8M(15M) 0.163ms
[29.757s][info][gc] GC(13258) Pause Young (Allocation Failure) 13M->9M(15M) 0.189ms
[29.758s][info][gc] GC(13259) Pause Young (Allocation Failure) 13M->9M(15M) 0.175ms
[29.759s][info][gc] GC(13260) Pause Young (Allocation Failure) 13M->9M(15M) 0.168ms
[29.760s][info][gc] GC(13261) Pause Young (Allocation Failure) 13M->9M(15M) 0.177ms
[29.760s][info][gc] GC(13262) Pause Young (Allocation Failure) 13M->9M(15M) 0.197ms
[29.761s][info][gc] GC(13263) Pause Young (Allocation Failure) 14M->9M(15M) 0.172ms
[29.762s][info][gc] GC(13264) Pause Young (Allocation Failure) 13M->9M(15M) 0.162ms
[29.763s][info][gc] GC(13265) Pause Young (Allocation Failure) 13M->9M(15M) 0.200ms
[29.764s][info][gc] GC(13266) Pause Young (Allocation Failure) 14M->10M(15M) 0.190ms
[29.765s][info][gc] GC(13267) Pause Young (Allocation Failure) 14M->10M(15M) 0.194ms
[29.766s][info][gc] GC(13268) Pause Young (Allocation Failure) 14M->9M(15M) 0.164ms
[29.766s][info][gc] GC(13269) Pause Young (Allocation Failure) 14M->10M(15M) 0.177ms
[29.767s][info][gc] GC(13270) Pause Young (Allocation Failure) 14M->10M(15M) 0.197ms
[29.768s][info][gc] GC(13271) Pause Young (Allocation Failure) 14M->10M(15M) 0.207ms
[29.769s][info][gc] GC(13272) Pause Young (Allocation Failure) 15M->15M(15M) 0.025ms
[29.775s][info][gc] GC(13273) Pause Full (Allocation Failure) 15M->6M(15M) 6.487ms
[29.776s][info][gc] GC(13274) Pause Young (Allocation Failure) 10M->6M(15M) 0.205ms
[29.777s][info][gc] GC(13275) Pause Young (Allocation Failure) 11M->6M(15M) 0.182ms
[29.778s][info][gc] GC(13276) Pause Young (Allocation Failure) 10M->6M(15M) 0.195ms
[29.779s][info][gc] GC(13277) Pause Young (Allocation Failure) 11M->6M(15M) 0.178ms
[29.780s][info][gc] GC(13278) Pause Young (Allocation Failure) 11M->7M(15M) 0.194ms
[29.780s][info][gc] GC(13279) Pause Young (Allocation Failure) 11M->7M(15M) 0.197ms
[29.781s][info][gc] GC(13280) Pause Young (Allocation Failure) 11M->7M(15M) 0.169ms
[29.782s][info][gc] GC(13281) Pause Young (Allocation Failure) 11M->7M(15M) 0.159ms
[29.783s][info][gc] GC(13282) Pause Young (Allocation Failure) 11M->7M(15M) 0.172ms
[29.784s][info][gc] GC(13283) Pause Young (Allocation Failure) 11M->7M(15M) 0.195ms
[29.784s][info][gc] GC(13284) Pause Young (Allocation Failure) 11M->7M(15M) 0.196ms
[29.785s][info][gc] GC(13285) Pause Young (Allocation Failure) 12M->7M(15M) 0.177ms
[29.786s][info][gc] GC(13286) Pause Young (Allocation Failure) 12M->7M(15M) 0.170ms
[29.787s][info][gc] GC(13287) Pause Young (Allocation Failure) 11M->7M(15M) 0.166ms
[29.788s][info][gc] GC(13288) Pause Young (Allocation Failure) 11M->8M(15M) 0.206ms
[29.789s][info][gc] GC(13289) Pause Young (Allocation Failure) 12M->8M(15M) 0.175ms
[29.790s][info][gc] GC(13290) Pause Young (Allocation Failure) 12M->7M(15M) 0.162ms
[29.791s][info][gc] GC(13291) Pause Young (Allocation Failure) 12M->8M(15M) 0.173ms
[29.791s][info][gc] GC(13292) Pause Young (Allocation Failure) 12M->8M(15M) 0.168ms
[29.792s][info][gc] GC(13293) Pause Young (Allocation Failure) 12M->8M(15M) 0.171ms
[29.793s][info][gc] GC(13294) Pause Young (Allocation Failure) 12M->7M(15M) 0.163ms
[29.794s][info][gc] GC(13295) Pause Young (Allocation Failure) 12M->8M(15M) 0.211ms
[29.795s][info][gc] GC(13296) Pause Young (Allocation Failure) 13M->8M(15M) 0.172ms
[29.795s][info][gc] GC(13297) Pause Young (Allocation Failure) 12M->8M(15M) 0.174ms
[29.796s][info][gc] GC(13298) Pause Young (Allocation Failure) 12M->8M(15M) 0.163ms
[29.797s][info][gc] GC(13299) Pause Young (Allocation Failure) 12M->8M(15M) 0.181ms
[29.798s][info][gc] GC(13300) Pause Young (Allocation Failure) 13M->8M(15M) 0.191ms
[29.799s][info][gc] GC(13301) Pause Young (Allocation Failure) 13M->8M(15M) 0.175ms
[29.799s][info][gc] GC(13302) Pause Young (Allocation Failure) 13M->9M(15M) 0.185ms
[29.800s][info][gc] GC(13303) Pause Young (Allocation Failure) 13M->9M(15M) 0.181ms
[29.801s][info][gc] GC(13304) Pause Young (Allocation Failure) 13M->8M(15M) 0.170ms
[29.802s][info][gc] GC(13305) Pause Young (Allocation Failure) 13M->8M(15M) 0.164ms
[29.803s][info][gc] GC(13306) Pause Young (Allocation Failure) 13M->9M(15M) 0.196ms
[29.804s][info][gc] GC(13307) Pause Young (Allocation Failure) 13M->9M(15M) 0.203ms
[29.804s][info][gc] GC(13308) Pause Young (Allocation Failure) 13M->9M(15M) 0.169ms
[29.805s][info][gc] GC(13309) Pause Young (Allocation Failure) 13M->9M(15M) 0.196ms
[29.806s][info][gc] GC(13310) Pause Young (Allocation Failure) 14M->9M(15M) 0.186ms
[29.807s][info][gc] GC(13311) Pause Young (Allocation Failure) 14M->9M(15M) 0.178ms
[29.807s][info][gc] GC(13312) Pause Young (Allocation Failure) 14M->10M(15M) 0.185ms
[29.808s][info][gc] GC(13313) Pause Young (Allocation Failure) 14M->10M(15M) 0.175ms
[29.809s][info][gc] GC(13314) Pause Young (Allocation Failure) 14M->10M(15M) 0.184ms
[29.810s][info][gc] GC(13315) Pause Young (Allocation Failure) 14M->10M(15M) 0.166ms
[29.811s][info][gc] GC(13316) Pause Young (Allocation Failure) 14M->10M(15M) 0.178ms
[29.812s][info][gc] GC(13317) Pause Young (Allocation Failure) 14M->10M(15M) 0.184ms
[29.813s][info][gc] GC(13318) Pause Young (Allocation Failure) 14M->10M(15M) 0.186ms
[29.814s][info][gc] GC(13319) Pause Young (Allocation Failure) 14M->10M(15M) 0.199ms
[29.814s][info][gc] GC(13320) Pause Young (Allocation Failure) 14M->10M(15M) 0.178ms
[29.815s][info][gc] GC(13321) Pause Young (Allocation Failure) 14M->10M(15M) 0.169ms
[29.816s][info][gc] GC(13322) Pause Young (Allocation Failure) 14M->10M(15M) 0.177ms
[29.817s][info][gc] GC(13323) Pause Young (Allocation Failure) 14M->10M(15M) 0.178ms
[29.818s][info][gc] GC(13324) Pause Young (Allocation Failure) 14M->10M(15M) 0.185ms
[29.819s][info][gc] GC(13325) Pause Young (Allocation Failure) 14M->10M(15M) 0.171ms
[29.819s][info][gc] GC(13326) Pause Young (Allocation Failure) 14M->10M(15M) 0.164ms
[29.820s][info][gc] GC(13327) Pause Young (Allocation Failure) 14M->15M(15M) 0.292ms
[29.827s][info][gc] GC(13328) Pause Full (Allocation Failure) 15M->6M(15M) 6.626ms
[29.828s][info][gc] GC(13329) Pause Young (Allocation Failure) 11M->7M(15M) 0.197ms
[29.829s][info][gc] GC(13330) Pause Young (Allocation Failure) 11M->7M(15M) 0.214ms
[29.830s][info][gc] GC(13331) Pause Young (Allocation Failure) 12M->7M(15M) 0.177ms
[29.830s][info][gc] GC(13332) Pause Young (Allocation Failure) 11M->7M(15M) 0.161ms
[29.831s][info][gc] GC(13333) Pause Young (Allocation Failure) 11M->7M(15M) 0.161ms
[29.832s][info][gc] GC(13334) Pause Young (Allocation Failure) 11M->7M(15M) 0.160ms
[29.833s][info][gc] GC(13335) Pause Young (Allocation Failure) 11M->7M(15M) 0.172ms
[29.834s][info][gc] GC(13336) Pause Young (Allocation Failure) 11M->8M(15M) 0.198ms
[29.835s][info][gc] GC(13337) Pause Young (Allocation Failure) 12M->8M(15M) 0.171ms
[29.835s][info][gc] GC(13338) Pause Young (Allocation Failure) 12M->7M(15M) 0.169ms
[29.836s][info][gc] GC(13339) Pause Young (Allocation Failure) 12M->7M(15M) 0.197ms
[29.837s][info][gc] GC(13340) Pause Young (Allocation Failure) 12M->7M(15M) 0.183ms
[29.838s][info][gc] GC(13341) Pause Young (Allocation Failure) 12M->8M(15M) 0.189ms
[29.839s][info][gc] GC(13342) Pause Young (Allocation Failure) 12M->8M(15M) 0.191ms
[29.840s][info][gc] GC(13343) Pause Young (Allocation Failure) 12M->8M(15M) 0.163ms
[29.841s][info][gc] GC(13344) Pause Young (Allocation Failure) 12M->8M(15M) 0.170ms
[29.841s][info][gc] GC(13345) Pause Young (Allocation Failure) 12M->7M(15M) 0.161ms
[29.842s][info][gc] GC(13346) Pause Young (Allocation Failure) 12M->8M(15M) 0.200ms
[29.843s][info][gc] GC(13347) Pause Young (Allocation Failure) 13M->8M(15M) 0.157ms
[29.844s][info][gc] GC(13348) Pause Young (Allocation Failure) 12M->8M(15M) 0.163ms
[29.845s][info][gc] GC(13349) Pause Young (Allocation Failure) 12M->8M(15M) 0.169ms
[29.846s][info][gc] GC(13350) Pause Young (Allocation Failure) 12M->8M(15M) 0.198ms
[29.847s][info][gc] GC(13351) Pause Young (Allocation Failure) 13M->8M(15M) 0.173ms
[29.848s][info][gc] GC(13352) Pause Young (Allocation Failure) 13M->8M(15M) 0.174ms
[29.848s][info][gc] GC(13353) Pause Young (Allocation Failure) 13M->9M(15M) 0.222ms
[29.849s][info][gc] GC(13354) Pause Young (Allocation Failure) 13M->9M(15M) 0.176ms
[29.850s][info][gc] GC(13355) Pause Young (Allocation Failure) 14M->9M(15M) 0.173ms
[29.851s][info][gc] GC(13356) Pause Young (Allocation Failure) 14M->10M(15M) 0.180ms
[29.852s][info][gc] GC(13357) Pause Young (Allocation Failure) 14M->10M(15M) 0.170ms
[29.852s][info][gc] GC(13358) Pause Young (Allocation Failure) 14M->10M(15M) 0.157ms
[29.853s][info][gc] GC(13359) Pause Young (Allocation Failure) 14M->9M(15M) 0.137ms
[29.854s][info][gc] GC(13360) Pause Young (Allocation Failure) 14M->10M(15M) 0.164ms
[29.855s][info][gc] GC(13361) Pause Young (Allocation Failure) 14M->10M(15M) 0.141ms
[29.856s][info][gc] GC(13362) Pause Young (Allocation Failure) 14M->10M(15M) 0.187ms
[29.856s][info][gc] GC(13363) Pause Young (Allocation Failure) 14M->10M(15M) 0.141ms
[29.857s][info][gc] GC(13364) Pause Young (Allocation Failure) 14M->10M(15M) 0.176ms
[29.858s][info][gc] GC(13365) Pause Young (Allocation Failure) 15M->15M(15M) 0.024ms
[29.865s][info][gc] GC(13366) Pause Full (Allocation Failure) 15M->5M(15M) 6.985ms
[29.866s][info][gc] GC(13367) Pause Young (Allocation Failure) 10M->6M(15M) 0.221ms
[29.867s][info][gc] GC(13368) Pause Young (Allocation Failure) 11M->6M(15M) 0.176ms
[29.867s][info][gc] GC(13369) Pause Young (Allocation Failure) 10M->6M(15M) 0.161ms
[29.868s][info][gc] GC(13370) Pause Young (Allocation Failure) 10M->6M(15M) 0.162ms
[29.869s][info][gc] GC(13371) Pause Young (Allocation Failure) 10M->6M(15M) 0.159ms
[29.870s][info][gc] GC(13372) Pause Young (Allocation Failure) 10M->6M(15M) 0.185ms
[29.870s][info][gc] GC(13373) Pause Young (Allocation Failure) 11M->6M(15M) 0.189ms
[29.871s][info][gc] GC(13374) Pause Young (Allocation Failure) 11M->7M(15M) 0.190ms
[29.872s][info][gc] GC(13375) Pause Young (Allocation Failure) 11M->7M(15M) 0.169ms
[29.873s][info][gc] GC(13376) Pause Young (Allocation Failure) 11M->7M(15M) 0.170ms
[29.874s][info][gc] GC(13377) Pause Young (Allocation Failure) 11M->7M(15M) 0.159ms
[29.875s][info][gc] GC(13378) Pause Young (Allocation Failure) 11M->7M(15M) 0.157ms
[29.875s][info][gc] GC(13379) Pause Young (Allocation Failure) 11M->7M(15M) 0.170ms
[29.876s][info][gc] GC(13380) Pause Young (Allocation Failure) 11M->7M(15M) 0.143ms
[29.877s][info][gc] GC(13381) Pause Young (Allocation Failure) 12M->7M(15M) 0.153ms
[29.878s][info][gc] GC(13382) Pause Young (Allocation Failure) 12M->8M(15M) 0.174ms
[29.879s][info][gc] GC(13383) Pause Young (Allocation Failure) 12M->8M(15M) 0.172ms
[29.879s][info][gc] GC(13384) Pause Young (Allocation Failure) 12M->8M(15M) 0.162ms
[29.880s][info][gc] GC(13385) Pause Young (Allocation Failure) 13M->8M(15M) 0.163ms
[29.881s][info][gc] GC(13386) Pause Young (Allocation Failure) 12M->9M(15M) 0.209ms
[29.882s][info][gc] GC(13387) Pause Young (Allocation Failure) 13M->9M(15M) 0.167ms
[29.883s][info][gc] GC(13388) Pause Young (Allocation Failure) 13M->9M(15M) 0.167ms
[29.883s][info][gc] GC(13389) Pause Young (Allocation Failure) 13M->9M(15M) 0.166ms
[29.884s][info][gc] GC(13390) Pause Young (Allocation Failure) 13M->9M(15M) 0.171ms
[29.885s][info][gc] GC(13391) Pause Young (Allocation Failure) 13M->9M(15M) 0.200ms
[29.886s][info][gc] GC(13392) Pause Young (Allocation Failure) 14M->9M(15M) 0.180ms
[29.886s][info][gc] GC(13393) Pause Young (Allocation Failure) 14M->10M(15M) 0.136ms
[29.887s][info][gc] GC(13394) Pause Young (Allocation Failure) 14M->9M(15M) 0.168ms
[29.888s][info][gc] GC(13395) Pause Young (Allocation Failure) 14M->10M(15M) 0.175ms
[29.889s][info][gc] GC(13396) Pause Young (Allocation Failure) 14M->10M(15M) 0.175ms
[29.890s][info][gc] GC(13397) Pause Young (Allocation Failure) 14M->10M(15M) 0.213ms
[29.891s][info][gc] GC(13398) Pause Young (Allocation Failure) 14M->10M(15M) 0.177ms
[29.892s][info][gc] GC(13399) Pause Young (Allocation Failure) 14M->10M(15M) 0.173ms
[29.892s][info][gc] GC(13400) Pause Young (Allocation Failure) 14M->10M(15M) 0.184ms
[29.893s][info][gc] GC(13401) Pause Young (Allocation Failure) 14M->10M(15M) 0.166ms
[29.894s][info][gc] GC(13402) Pause Young (Allocation Failure) 14M->9M(15M) 0.160ms
[29.895s][info][gc] GC(13403) Pause Young (Allocation Failure) 14M->10M(15M) 0.167ms
[29.896s][info][gc] GC(13404) Pause Young (Allocation Failure) 14M->10M(15M) 0.167ms
[29.896s][info][gc] GC(13405) Pause Young (Allocation Failure) 14M->10M(15M) 0.167ms
[29.897s][info][gc] GC(13406) Pause Young (Allocation Failure) 14M->10M(15M) 0.191ms
[29.898s][info][gc] GC(13407) Pause Young (Allocation Failure) 14M->10M(15M) 0.200ms
[29.899s][info][gc] GC(13408) Pause Young (Allocation Failure) 15M->15M(15M) 0.024ms
[29.906s][info][gc] GC(13409) Pause Full (Allocation Failure) 15M->6M(15M) 6.787ms
[29.906s][info][gc] GC(13410) Pause Young (Allocation Failure) 10M->6M(15M) 0.178ms
[29.907s][info][gc] GC(13411) Pause Young (Allocation Failure) 11M->7M(15M) 0.222ms
[29.908s][info][gc] GC(13412) Pause Young (Allocation Failure) 11M->7M(15M) 0.186ms
[29.909s][info][gc] GC(13413) Pause Young (Allocation Failure) 11M->7M(15M) 0.176ms
[29.910s][info][gc] GC(13414) Pause Young (Allocation Failure) 11M->7M(15M) 0.207ms
[29.911s][info][gc] GC(13415) Pause Young (Allocation Failure) 11M->7M(15M) 0.165ms
[29.911s][info][gc] GC(13416) Pause Young (Allocation Failure) 11M->7M(15M) 0.206ms
[29.912s][info][gc] GC(13417) Pause Young (Allocation Failure) 12M->7M(15M) 0.178ms
[29.913s][info][gc] GC(13418) Pause Young (Allocation Failure) 12M->8M(15M) 0.183ms
[29.914s][info][gc] GC(13419) Pause Young (Allocation Failure) 12M->8M(15M) 0.175ms
[29.915s][info][gc] GC(13420) Pause Young (Allocation Failure) 12M->8M(15M) 0.180ms
[29.915s][info][gc] GC(13421) Pause Young (Allocation Failure) 12M->8M(15M) 0.201ms
[29.916s][info][gc] GC(13422) Pause Young (Allocation Failure) 12M->8M(15M) 0.176ms
[29.917s][info][gc] GC(13423) Pause Young (Allocation Failure) 12M->8M(15M) 0.162ms
[29.918s][info][gc] GC(13424) Pause Young (Allocation Failure) 12M->8M(15M) 0.187ms
[29.919s][info][gc] GC(13425) Pause Young (Allocation Failure) 12M->9M(15M) 0.213ms
[29.920s][info][gc] GC(13426) Pause Young (Allocation Failure) 13M->9M(15M) 0.193ms
[29.920s][info][gc] GC(13427) Pause Young (Allocation Failure) 13M->9M(15M) 0.184ms
[29.921s][info][gc] GC(13428) Pause Young (Allocation Failure) 13M->9M(15M) 0.192ms
[29.922s][info][gc] GC(13429) Pause Young (Allocation Failure) 14M->10M(15M) 0.189ms
[29.923s][info][gc] GC(13430) Pause Young (Allocation Failure) 14M->10M(15M) 0.173ms
[29.924s][info][gc] GC(13431) Pause Young (Allocation Failure) 14M->10M(15M) 0.186ms
[29.925s][info][gc] GC(13432) Pause Young (Allocation Failure) 14M->10M(15M) 0.178ms
[29.926s][info][gc] GC(13433) Pause Young (Allocation Failure) 14M->10M(15M) 0.167ms
[29.926s][info][gc] GC(13434) Pause Young (Allocation Failure) 14M->10M(15M) 0.171ms
[29.927s][info][gc] GC(13435) Pause Young (Allocation Failure) 14M->10M(15M) 0.150ms
[29.928s][info][gc] GC(13436) Pause Young (Allocation Failure) 14M->10M(15M) 0.181ms
[29.929s][info][gc] GC(13437) Pause Young (Allocation Failure) 14M->10M(15M) 0.179ms
[29.930s][info][gc] GC(13438) Pause Young (Allocation Failure) 14M->10M(15M) 0.181ms
[29.930s][info][gc] GC(13439) Pause Young (Allocation Failure) 14M->10M(15M) 0.168ms
[29.931s][info][gc] GC(13440) Pause Young (Allocation Failure) 14M->10M(15M) 0.167ms
[29.932s][info][gc] GC(13441) Pause Young (Allocation Failure) 14M->10M(15M) 0.178ms
[29.933s][info][gc] GC(13442) Pause Young (Allocation Failure) 14M->10M(15M) 0.187ms
[29.934s][info][gc] GC(13443) Pause Young (Allocation Failure) 15M->10M(15M) 0.158ms
[29.934s][info][gc] GC(13444) Pause Young (Allocation Failure) 14M->10M(15M) 0.159ms
[29.935s][info][gc] GC(13445) Pause Young (Allocation Failure) 14M->10M(15M) 0.159ms
[29.936s][info][gc] GC(13446) Pause Young (Allocation Failure) 14M->10M(15M) 0.172ms
[29.937s][info][gc] GC(13447) Pause Young (Allocation Failure) 14M->10M(15M) 0.187ms
[29.937s][info][gc] GC(13448) Pause Young (Allocation Failure) 15M->15M(15M) 0.025ms
[29.944s][info][gc] GC(13449) Pause Full (Allocation Failure) 15M->6M(15M) 6.922ms
[29.945s][info][gc] GC(13450) Pause Young (Allocation Failure) 11M->7M(15M) 0.236ms
[29.946s][info][gc] GC(13451) Pause Young (Allocation Failure) 11M->7M(15M) 0.195ms
[29.947s][info][gc] GC(13452) Pause Young (Allocation Failure) 11M->7M(15M) 0.175ms
[29.948s][info][gc] GC(13453) Pause Young (Allocation Failure) 11M->7M(15M) 0.184ms
[29.949s][info][gc] GC(13454) Pause Young (Allocation Failure) 12M->7M(15M) 0.166ms
[29.949s][info][gc] GC(13455) Pause Young (Allocation Failure) 11M->7M(15M) 0.167ms
[29.950s][info][gc] GC(13456) Pause Young (Allocation Failure) 11M->7M(15M) 0.179ms
[29.951s][info][gc] GC(13457) Pause Young (Allocation Failure) 12M->7M(15M) 0.160ms
[29.952s][info][gc] GC(13458) Pause Young (Allocation Failure) 11M->8M(15M) 0.210ms
[29.953s][info][gc] GC(13459) Pause Young (Allocation Failure) 12M->8M(15M) 0.198ms
[29.953s][info][gc] GC(13460) Pause Young (Allocation Failure) 12M->8M(15M) 0.156ms
[29.954s][info][gc] GC(13461) Pause Young (Allocation Failure) 12M->8M(15M) 0.189ms
[29.955s][info][gc] GC(13462) Pause Young (Allocation Failure) 13M->8M(15M) 0.183ms
[29.956s][info][gc] GC(13463) Pause Young (Allocation Failure) 13M->8M(15M) 0.168ms
[29.957s][info][gc] GC(13464) Pause Young (Allocation Failure) 13M->8M(15M) 0.190ms
[29.957s][info][gc] GC(13465) Pause Young (Allocation Failure) 13M->9M(15M) 0.218ms
[29.958s][info][gc] GC(13466) Pause Young (Allocation Failure) 13M->9M(15M) 0.182ms
[29.959s][info][gc] GC(13467) Pause Young (Allocation Failure) 13M->9M(15M) 0.174ms
[29.960s][info][gc] GC(13468) Pause Young (Allocation Failure) 13M->9M(15M) 0.169ms
[29.961s][info][gc] GC(13469) Pause Young (Allocation Failure) 13M->9M(15M) 0.182ms
[29.962s][info][gc] GC(13470) Pause Young (Allocation Failure) 13M->9M(15M) 0.175ms
[29.963s][info][gc] GC(13471) Pause Young (Allocation Failure) 13M->9M(15M) 0.175ms
[29.963s][info][gc] GC(13472) Pause Young (Allocation Failure) 13M->9M(15M) 0.161ms
[29.964s][info][gc] GC(13473) Pause Young (Allocation Failure) 13M->9M(15M) 0.189ms
[29.965s][info][gc] GC(13474) Pause Young (Allocation Failure) 13M->9M(15M) 0.175ms
[29.966s][info][gc] GC(13475) Pause Young (Allocation Failure) 13M->9M(15M) 0.195ms
[29.967s][info][gc] GC(13476) Pause Young (Allocation Failure) 14M->9M(15M) 0.176ms
[29.967s][info][gc] GC(13477) Pause Young (Allocation Failure) 14M->10M(15M) 0.164ms
[29.968s][info][gc] GC(13478) Pause Young (Allocation Failure) 14M->9M(15M) 0.175ms
[29.969s][info][gc] GC(13479) Pause Young (Allocation Failure) 14M->9M(15M) 0.161ms
[29.970s][info][gc] GC(13480) Pause Young (Allocation Failure) 14M->9M(15M) 0.174ms
[29.971s][info][gc] GC(13481) Pause Young (Allocation Failure) 14M->10M(15M) 0.198ms
[29.972s][info][gc] GC(13482) Pause Young (Allocation Failure) 14M->10M(15M) 0.196ms
[29.973s][info][gc] GC(13483) Pause Young (Allocation Failure) 14M->10M(15M) 0.165ms
[29.973s][info][gc] GC(13484) Pause Young (Allocation Failure) 14M->10M(15M) 0.172ms
[29.974s][info][gc] GC(13485) Pause Young (Allocation Failure) 14M->10M(15M) 0.186ms
[29.975s][info][gc] GC(13486) Pause Young (Allocation Failure) 14M->10M(15M) 0.134ms
[29.976s][info][gc] GC(13487) Pause Young (Allocation Failure) 14M->11M(15M) 0.209ms
[29.976s][info][gc] GC(13488) Pause Young (Allocation Failure) 15M->15M(15M) 0.027ms
[29.983s][info][gc] GC(13489) Pause Full (Allocation Failure) 15M->6M(15M) 6.864ms
[29.984s][info][gc] GC(13490) Pause Young (Allocation Failure) 11M->7M(15M) 0.193ms
[29.985s][info][gc] GC(13491) Pause Young (Allocation Failure) 11M->7M(15M) 0.191ms
[29.986s][info][gc] GC(13492) Pause Young (Allocation Failure) 11M->7M(15M) 0.170ms
[29.987s][info][gc] GC(13493) Pause Young (Allocation Failure) 11M->7M(15M) 0.168ms
[29.988s][info][gc] GC(13494) Pause Young (Allocation Failure) 11M->6M(15M) 0.162ms
[29.988s][info][gc] GC(13495) Pause Young (Allocation Failure) 11M->7M(15M) 0.170ms
[29.989s][info][gc] GC(13496) Pause Young (Allocation Failure) 11M->7M(15M) 0.185ms
[29.990s][info][gc] GC(13497) Pause Young (Allocation Failure) 11M->7M(15M) 0.192ms
[29.991s][info][gc] GC(13498) Pause Young (Allocation Failure) 11M->7M(15M) 0.188ms
[29.992s][info][gc] GC(13499) Pause Young (Allocation Failure) 11M->7M(15M) 0.171ms
[29.993s][info][gc] GC(13500) Pause Young (Allocation Failure) 11M->7M(15M) 0.167ms
[29.993s][info][gc] GC(13501) Pause Young (Allocation Failure) 11M->7M(15M) 0.169ms
[29.994s][info][gc] GC(13502) Pause Young (Allocation Failure) 11M->7M(15M) 0.185ms
[29.995s][info][gc] GC(13503) Pause Young (Allocation Failure) 12M->7M(15M) 0.165ms
[29.996s][info][gc] GC(13504) Pause Young (Allocation Failure) 11M->7M(15M) 0.173ms
[29.997s][info][gc] GC(13505) Pause Young (Allocation Failure) 11M->7M(15M) 0.182ms
[29.998s][info][gc] GC(13506) Pause Young (Allocation Failure) 12M->7M(15M) 0.176ms
[29.998s][info][gc] GC(13507) Pause Young (Allocation Failure) 11M->8M(15M) 0.201ms
[29.999s][info][gc] GC(13508) Pause Young (Allocation Failure) 12M->8M(15M) 0.198ms
[30.000s][info][gc] GC(13509) Pause Young (Allocation Failure) 13M->8M(15M) 0.176ms
[30.001s][info][gc] GC(13510) Pause Young (Allocation Failure) 12M->8M(15M) 0.172ms
[30.002s][info][gc] GC(13511) Pause Young (Allocation Failure) 12M->8M(15M) 0.168ms
[30.002s][info][gc] GC(13512) Pause Young (Allocation Failure) 12M->9M(15M) 0.198ms
[30.003s][info][gc] GC(13513) Pause Young (Allocation Failure) 13M->8M(15M) 0.182ms
[30.004s][info][gc] GC(13514) Pause Young (Allocation Failure) 13M->8M(15M) 0.163ms
[30.005s][info][gc] GC(13515) Pause Young (Allocation Failure) 12M->9M(15M) 0.212ms
[30.006s][info][gc] GC(13516) Pause Young (Allocation Failure) 13M->9M(15M) 0.180ms
[30.007s][info][gc] GC(13517) Pause Young (Allocation Failure) 13M->9M(15M) 0.165ms
[30.008s][info][gc] GC(13518) Pause Young (Allocation Failure) 13M->9M(15M) 0.164ms
[30.008s][info][gc] GC(13519) Pause Young (Allocation Failure) 13M->9M(15M) 0.169ms
[30.009s][info][gc] GC(13520) Pause Young (Allocation Failure) 13M->9M(15M) 0.176ms
[30.010s][info][gc] GC(13521) Pause Young (Allocation Failure) 13M->9M(15M) 0.181ms
[30.011s][info][gc] GC(13522) Pause Young (Allocation Failure) 13M->9M(15M) 0.198ms
[30.012s][info][gc] GC(13523) Pause Young (Allocation Failure) 13M->9M(15M) 0.183ms
[30.013s][info][gc] GC(13524) Pause Young (Allocation Failure) 13M->9M(15M) 0.182ms
[30.013s][info][gc] GC(13525) Pause Young (Allocation Failure) 13M->9M(15M) 0.193ms
[30.014s][info][gc] GC(13526) Pause Young (Allocation Failure) 14M->9M(15M) 0.173ms
[30.015s][info][gc] GC(13527) Pause Young (Allocation Failure) 13M->10M(15M) 0.245ms
[30.016s][info][gc] GC(13528) Pause Young (Allocation Failure) 15M->15M(15M) 0.025ms
[30.022s][info][gc] GC(13529) Pause Full (Allocation Failure) 15M->5M(15M) 6.462ms
[30.023s][info][gc] GC(13530) Pause Young (Allocation Failure) 10M->6M(15M) 0.195ms
[30.024s][info][gc] GC(13531) Pause Young (Allocation Failure) 10M->6M(15M) 0.202ms
[30.025s][info][gc] GC(13532) Pause Young (Allocation Failure) 10M->6M(15M) 0.161ms
[30.026s][info][gc] GC(13533) Pause Young (Allocation Failure) 10M->6M(15M) 0.188ms
[30.027s][info][gc] GC(13534) Pause Young (Allocation Failure) 10M->6M(15M) 0.178ms
[30.027s][info][gc] GC(13535) Pause Young (Allocation Failure) 10M->6M(15M) 0.175ms
[30.028s][info][gc] GC(13536) Pause Young (Allocation Failure) 10M->6M(15M) 0.164ms
[30.029s][info][gc] GC(13537) Pause Young (Allocation Failure) 10M->6M(15M) 0.172ms
[30.030s][info][gc] GC(13538) Pause Young (Allocation Failure) 10M->6M(15M) 0.159ms
[30.031s][info][gc] GC(13539) Pause Young (Allocation Failure) 10M->6M(15M) 0.198ms
[30.031s][info][gc] GC(13540) Pause Young (Allocation Failure) 11M->7M(15M) 0.193ms
[30.032s][info][gc] GC(13541) Pause Young (Allocation Failure) 11M->6M(15M) 0.164ms
[30.033s][info][gc] GC(13542) Pause Young (Allocation Failure) 11M->7M(15M) 0.180ms
[30.034s][info][gc] GC(13543) Pause Young (Allocation Failure) 11M->7M(15M) 0.174ms
[30.035s][info][gc] GC(13544) Pause Young (Allocation Failure) 11M->7M(15M) 0.175ms
[30.036s][info][gc] GC(13545) Pause Young (Allocation Failure) 11M->7M(15M) 0.169ms
[30.037s][info][gc] GC(13546) Pause Young (Allocation Failure) 11M->7M(15M) 0.181ms
[30.037s][info][gc] GC(13547) Pause Young (Allocation Failure) 11M->7M(15M) 0.173ms
[30.038s][info][gc] GC(13548) Pause Young (Allocation Failure) 12M->7M(15M) 0.171ms
[30.039s][info][gc] GC(13549) Pause Young (Allocation Failure) 12M->7M(15M) 0.164ms
[30.040s][info][gc] GC(13550) Pause Young (Allocation Failure) 11M->7M(15M) 0.169ms
[30.040s][info][gc] GC(13551) Pause Young (Allocation Failure) 12M->8M(15M) 0.156ms
[30.041s][info][gc] GC(13552) Pause Young (Allocation Failure) 12M->8M(15M) 0.186ms
[30.042s][info][gc] GC(13553) Pause Young (Allocation Failure) 12M->8M(15M) 0.168ms
[30.043s][info][gc] GC(13554) Pause Young (Allocation Failure) 12M->8M(15M) 0.177ms
[30.044s][info][gc] GC(13555) Pause Young (Allocation Failure) 12M->8M(15M) 0.170ms
[30.045s][info][gc] GC(13556) Pause Young (Allocation Failure) 12M->8M(15M) 0.167ms
[30.045s][info][gc] GC(13557) Pause Young (Allocation Failure) 12M->8M(15M) 0.183ms
[30.046s][info][gc] GC(13558) Pause Young (Allocation Failure) 12M->8M(15M) 0.204ms
[30.047s][info][gc] GC(13559) Pause Young (Allocation Failure) 13M->8M(15M) 0.177ms
[30.048s][info][gc] GC(13560) Pause Young (Allocation Failure) 12M->9M(15M) 0.159ms
[30.048s][info][gc] GC(13561) Pause Young (Allocation Failure) 13M->9M(15M) 0.186ms
[30.049s][info][gc] GC(13562) Pause Young (Allocation Failure) 13M->9M(15M) 0.179ms
[30.050s][info][gc] GC(13563) Pause Young (Allocation Failure) 13M->9M(15M) 0.172ms
[30.051s][info][gc] GC(13564) Pause Young (Allocation Failure) 13M->9M(15M) 0.194ms
[30.052s][info][gc] GC(13565) Pause Young (Allocation Failure) 13M->9M(15M) 0.182ms
[30.053s][info][gc] GC(13566) Pause Young (Allocation Failure) 14M->9M(15M) 0.151ms
[30.053s][info][gc] GC(13567) Pause Young (Allocation Failure) 13M->9M(15M) 0.169ms
[30.054s][info][gc] GC(13568) Pause Young (Allocation Failure) 14M->9M(15M) 0.150ms
[30.055s][info][gc] GC(13569) Pause Young (Allocation Failure) 14M->9M(15M) 0.158ms
[30.056s][info][gc] GC(13570) Pause Young (Allocation Failure) 14M->9M(15M) 0.148ms
[30.056s][info][gc] GC(13571) Pause Young (Allocation Failure) 14M->9M(15M) 0.149ms
[30.057s][info][gc] GC(13572) Pause Young (Allocation Failure) 14M->10M(15M) 0.186ms
[30.058s][info][gc] GC(13573) Pause Young (Allocation Failure) 14M->10M(15M) 0.155ms
[30.059s][info][gc] GC(13574) Pause Young (Allocation Failure) 14M->10M(15M) 0.161ms
[30.060s][info][gc] GC(13575) Pause Young (Allocation Failure) 14M->10M(15M) 0.158ms
[30.060s][info][gc] GC(13576) Pause Young (Allocation Failure) 14M->10M(15M) 0.133ms
[30.061s][info][gc] GC(13577) Pause Young (Allocation Failure) 14M->10M(15M) 0.128ms
[30.062s][info][gc] GC(13578) Pause Young (Allocation Failure) 14M->11M(15M) 0.188ms
[30.062s][info][gc] GC(13579) Pause Young (Allocation Failure) 15M->15M(15M) 0.019ms
[30.069s][info][gc] GC(13580) Pause Full (Allocation Failure) 15M->6M(15M) 6.703ms
[30.070s][info][gc] GC(13581) Pause Young (Allocation Failure) 11M->7M(15M) 0.207ms
[30.071s][info][gc] GC(13582) Pause Young (Allocation Failure) 11M->7M(15M) 0.167ms
[30.072s][info][gc] GC(13583) Pause Young (Allocation Failure) 11M->7M(15M) 0.180ms
[30.073s][info][gc] GC(13584) Pause Young (Allocation Failure) 12M->8M(15M) 0.176ms
[30.073s][info][gc] GC(13585) Pause Young (Allocation Failure) 12M->8M(15M) 0.163ms
[30.074s][info][gc] GC(13586) Pause Young (Allocation Failure) 12M->8M(15M) 0.166ms
[30.075s][info][gc] GC(13587) Pause Young (Allocation Failure) 12M->7M(15M) 0.141ms
[30.076s][info][gc] GC(13588) Pause Young (Allocation Failure) 12M->8M(15M) 0.157ms
[30.077s][info][gc] GC(13589) Pause Young (Allocation Failure) 12M->8M(15M) 0.172ms
[30.078s][info][gc] GC(13590) Pause Young (Allocation Failure) 12M->8M(15M) 0.175ms
[30.078s][info][gc] GC(13591) Pause Young (Allocation Failure) 12M->7M(15M) 0.162ms
[30.079s][info][gc] GC(13592) Pause Young (Allocation Failure) 12M->8M(15M) 0.169ms
[30.080s][info][gc] GC(13593) Pause Young (Allocation Failure) 12M->8M(15M) 0.175ms
[30.081s][info][gc] GC(13594) Pause Young (Allocation Failure) 12M->8M(15M) 0.165ms
[30.081s][info][gc] GC(13595) Pause Young (Allocation Failure) 12M->8M(15M) 0.173ms
[30.082s][info][gc] GC(13596) Pause Young (Allocation Failure) 12M->7M(15M) 0.162ms
[30.083s][info][gc] GC(13597) Pause Young (Allocation Failure) 12M->8M(15M) 0.186ms
[30.084s][info][gc] GC(13598) Pause Young (Allocation Failure) 12M->8M(15M) 0.167ms
[30.084s][info][gc] GC(13599) Pause Young (Allocation Failure) 12M->8M(15M) 0.140ms
[30.085s][info][gc] GC(13600) Pause Young (Allocation Failure) 12M->9M(15M) 0.208ms
[30.086s][info][gc] GC(13601) Pause Young (Allocation Failure) 13M->8M(15M) 0.177ms
[30.087s][info][gc] GC(13602) Pause Young (Allocation Failure) 13M->8M(15M) 0.168ms
[30.088s][info][gc] GC(13603) Pause Young (Allocation Failure) 13M->8M(15M) 0.167ms
[30.088s][info][gc] GC(13604) Pause Young (Allocation Failure) 13M->8M(15M) 0.164ms
[30.089s][info][gc] GC(13605) Pause Young (Allocation Failure) 12M->9M(15M) 0.134ms
[30.090s][info][gc] GC(13606) Pause Young (Allocation Failure) 13M->9M(15M) 0.189ms
[30.091s][info][gc] GC(13607) Pause Young (Allocation Failure) 13M->8M(15M) 0.163ms
[30.092s][info][gc] GC(13608) Pause Young (Allocation Failure) 13M->8M(15M) 0.159ms
[30.092s][info][gc] GC(13609) Pause Young (Allocation Failure) 13M->9M(15M) 0.207ms
[30.093s][info][gc] GC(13610) Pause Young (Allocation Failure) 13M->9M(15M) 0.164ms
[30.094s][info][gc] GC(13611) Pause Young (Allocation Failure) 13M->9M(15M) 0.176ms
[30.095s][info][gc] GC(13612) Pause Young (Allocation Failure) 13M->9M(15M) 0.172ms
[30.095s][info][gc] GC(13613) Pause Young (Allocation Failure) 13M->9M(15M) 0.159ms
[30.096s][info][gc] GC(13614) Pause Young (Allocation Failure) 13M->9M(15M) 0.181ms
[30.097s][info][gc] GC(13615) Pause Young (Allocation Failure) 13M->9M(15M) 0.171ms
[30.098s][info][gc] GC(13616) Pause Young (Allocation Failure) 13M->9M(15M) 0.182ms
[30.099s][info][gc] GC(13617) Pause Young (Allocation Failure) 13M->9M(15M) 0.176ms
[30.100s][info][gc] GC(13618) Pause Young (Allocation Failure) 13M->9M(15M) 0.171ms
[30.100s][info][gc] GC(13619) Pause Young (Allocation Failure) 13M->9M(15M) 0.173ms
[30.101s][info][gc] GC(13620) Pause Young (Allocation Failure) 13M->9M(15M) 0.163ms
[30.102s][info][gc] GC(13621) Pause Young (Allocation Failure) 13M->10M(15M) 0.203ms
[30.103s][info][gc] GC(13622) Pause Young (Allocation Failure) 14M->10M(15M) 0.186ms
[30.103s][info][gc] GC(13623) Pause Young (Allocation Failure) 14M->10M(15M) 0.211ms
[30.104s][info][gc] GC(13624) Pause Young (Allocation Failure) 15M->15M(15M) 0.025ms
[30.111s][info][gc] GC(13625) Pause Full (Allocation Failure) 15M->6M(15M) 6.499ms
[30.112s][info][gc] GC(13626) Pause Young (Allocation Failure) 10M->6M(15M) 0.165ms
[30.113s][info][gc] GC(13627) Pause Young (Allocation Failure) 11M->7M(15M) 0.188ms
[30.113s][info][gc] GC(13628) Pause Young (Allocation Failure) 11M->7M(15M) 0.173ms
[30.114s][info][gc] GC(13629) Pause Young (Allocation Failure) 11M->7M(15M) 0.208ms
[30.115s][info][gc] GC(13630) Pause Young (Allocation Failure) 11M->7M(15M) 0.166ms
[30.116s][info][gc] GC(13631) Pause Young (Allocation Failure) 11M->7M(15M) 0.162ms
[30.117s][info][gc] GC(13632) Pause Young (Allocation Failure) 11M->7M(15M) 0.171ms
[30.118s][info][gc] GC(13633) Pause Young (Allocation Failure) 11M->7M(15M) 0.166ms
[30.118s][info][gc] GC(13634) Pause Young (Allocation Failure) 11M->7M(15M) 0.188ms
[30.119s][info][gc] GC(13635) Pause Young (Allocation Failure) 12M->7M(15M) 0.170ms
[30.120s][info][gc] GC(13636) Pause Young (Allocation Failure) 11M->7M(15M) 0.188ms
[30.121s][info][gc] GC(13637) Pause Young (Allocation Failure) 12M->7M(15M) 0.183ms
[30.122s][info][gc] GC(13638) Pause Young (Allocation Failure) 12M->8M(15M) 0.195ms
[30.122s][info][gc] GC(13639) Pause Young (Allocation Failure) 12M->7M(15M) 0.166ms
[30.123s][info][gc] GC(13640) Pause Young (Allocation Failure) 12M->8M(15M) 0.203ms
[30.124s][info][gc] GC(13641) Pause Young (Allocation Failure) 12M->8M(15M) 0.165ms
[30.125s][info][gc] GC(13642) Pause Young (Allocation Failure) 12M->8M(15M) 0.166ms
[30.126s][info][gc] GC(13643) Pause Young (Allocation Failure) 12M->8M(15M) 0.153ms
[30.126s][info][gc] GC(13644) Pause Young (Allocation Failure) 12M->8M(15M) 0.143ms
[30.127s][info][gc] GC(13645) Pause Young (Allocation Failure) 12M->8M(15M) 0.182ms
[30.128s][info][gc] GC(13646) Pause Young (Allocation Failure) 13M->8M(15M) 0.146ms
[30.129s][info][gc] GC(13647) Pause Young (Allocation Failure) 13M->9M(15M) 0.183ms
[30.130s][info][gc] GC(13648) Pause Young (Allocation Failure) 13M->9M(15M) 0.389ms
[30.131s][info][gc] GC(13649) Pause Young (Allocation Failure) 13M->9M(15M) 0.194ms
[30.132s][info][gc] GC(13650) Pause Young (Allocation Failure) 14M->9M(15M) 0.170ms
[30.133s][info][gc] GC(13651) Pause Young (Allocation Failure) 13M->9M(15M) 0.166ms
[30.133s][info][gc] GC(13652) Pause Young (Allocation Failure) 13M->9M(15M) 0.169ms
[30.134s][info][gc] GC(13653) Pause Young (Allocation Failure) 13M->9M(15M) 0.166ms
[30.135s][info][gc] GC(13654) Pause Young (Allocation Failure) 13M->9M(15M) 0.174ms
[30.136s][info][gc] GC(13655) Pause Young (Allocation Failure) 13M->9M(15M) 0.164ms
[30.137s][info][gc] GC(13656) Pause Young (Allocation Failure) 13M->9M(15M) 0.178ms
[30.137s][info][gc] GC(13657) Pause Young (Allocation Failure) 14M->10M(15M) 0.201ms
[30.138s][info][gc] GC(13658) Pause Young (Allocation Failure) 14M->10M(15M) 0.206ms
[30.139s][info][gc] GC(13659) Pause Young (Allocation Failure) 14M->10M(15M) 0.184ms
[30.140s][info][gc] GC(13660) Pause Young (Allocation Failure) 14M->10M(15M) 0.140ms
[30.140s][info][gc] GC(13661) Pause Young (Allocation Failure) 15M->15M(15M) 0.025ms
[30.147s][info][gc] GC(13662) Pause Full (Allocation Failure) 15M->6M(15M) 6.889ms
[30.148s][info][gc] GC(13663) Pause Young (Allocation Failure) 10M->6M(15M) 0.185ms
[30.149s][info][gc] GC(13664) Pause Young (Allocation Failure) 11M->7M(15M) 0.175ms
[30.150s][info][gc] GC(13665) Pause Young (Allocation Failure) 11M->7M(15M) 0.177ms
[30.151s][info][gc] GC(13666) Pause Young (Allocation Failure) 11M->7M(15M) 0.189ms
[30.152s][info][gc] GC(13667) Pause Young (Allocation Failure) 11M->7M(15M) 0.168ms
[30.152s][info][gc] GC(13668) Pause Young (Allocation Failure) 11M->7M(15M) 0.183ms
[30.153s][info][gc] GC(13669) Pause Young (Allocation Failure) 11M->8M(15M) 0.221ms
[30.154s][info][gc] GC(13670) Pause Young (Allocation Failure) 12M->8M(15M) 0.173ms
[30.155s][info][gc] GC(13671) Pause Young (Allocation Failure) 12M->8M(15M) 0.191ms
[30.156s][info][gc] GC(13672) Pause Young (Allocation Failure) 12M->8M(15M) 0.185ms
[30.157s][info][gc] GC(13673) Pause Young (Allocation Failure) 12M->8M(15M) 0.171ms
[30.157s][info][gc] GC(13674) Pause Young (Allocation Failure) 12M->8M(15M) 0.216ms
[30.158s][info][gc] GC(13675) Pause Young (Allocation Failure) 13M->8M(15M) 0.170ms
[30.159s][info][gc] GC(13676) Pause Young (Allocation Failure) 13M->8M(15M) 0.174ms
[30.160s][info][gc] GC(13677) Pause Young (Allocation Failure) 13M->8M(15M) 0.171ms
[30.161s][info][gc] GC(13678) Pause Young (Allocation Failure) 13M->8M(15M) 0.166ms
[30.162s][info][gc] GC(13679) Pause Young (Allocation Failure) 12M->9M(15M) 0.155ms
[30.163s][info][gc] GC(13680) Pause Young (Allocation Failure) 13M->9M(15M) 0.193ms
[30.164s][info][gc] GC(13681) Pause Young (Allocation Failure) 13M->9M(15M) 0.185ms
[30.164s][info][gc] GC(13682) Pause Young (Allocation Failure) 13M->9M(15M) 0.179ms
[30.165s][info][gc] GC(13683) Pause Young (Allocation Failure) 13M->9M(15M) 0.186ms
[30.166s][info][gc] GC(13684) Pause Young (Allocation Failure) 13M->9M(15M) 0.194ms
[30.167s][info][gc] GC(13685) Pause Young (Allocation Failure) 13M->9M(15M) 0.166ms
[30.168s][info][gc] GC(13686) Pause Young (Allocation Failure) 13M->9M(15M) 0.190ms
[30.168s][info][gc] GC(13687) Pause Young (Allocation Failure) 14M->9M(15M) 0.184ms
[30.169s][info][gc] GC(13688) Pause Young (Allocation Failure) 14M->9M(15M) 0.175ms
[30.170s][info][gc] GC(13689) Pause Young (Allocation Failure) 14M->9M(15M) 0.168ms
[30.171s][info][gc] GC(13690) Pause Young (Allocation Failure) 13M->10M(15M) 0.189ms
[30.172s][info][gc] GC(13691) Pause Young (Allocation Failure) 14M->9M(15M) 0.160ms
[30.173s][info][gc] GC(13692) Pause Young (Allocation Failure) 13M->9M(15M) 0.177ms
[30.173s][info][gc] GC(13693) Pause Young (Allocation Failure) 14M->9M(15M) 0.172ms
[30.174s][info][gc] GC(13694) Pause Young (Allocation Failure) 14M->9M(15M) 0.174ms
[30.175s][info][gc] GC(13695) Pause Young (Allocation Failure) 14M->10M(15M) 0.186ms
[30.176s][info][gc] GC(13696) Pause Young (Allocation Failure) 14M->10M(15M) 0.187ms
[30.176s][info][gc] GC(13697) Pause Young (Allocation Failure) 14M->10M(15M) 0.169ms
[30.177s][info][gc] GC(13698) Pause Young (Allocation Failure) 14M->10M(15M) 0.215ms
[30.178s][info][gc] GC(13699) Pause Young (Allocation Failure) 15M->15M(15M) 0.026ms
[30.186s][info][gc] GC(13700) Pause Full (Allocation Failure) 15M->6M(15M) 7.817ms
[30.187s][info][gc] GC(13701) Pause Young (Allocation Failure) 10M->6M(15M) 0.229ms
[30.188s][info][gc] GC(13702) Pause Young (Allocation Failure) 11M->6M(15M) 0.181ms
[30.188s][info][gc] GC(13703) Pause Young (Allocation Failure) 10M->6M(15M) 0.191ms
[30.189s][info][gc] GC(13704) Pause Young (Allocation Failure) 11M->6M(15M) 0.177ms
[30.190s][info][gc] GC(13705) Pause Young (Allocation Failure) 11M->6M(15M) 0.171ms
[30.191s][info][gc] GC(13706) Pause Young (Allocation Failure) 11M->6M(15M) 0.161ms
[30.192s][info][gc] GC(13707) Pause Young (Allocation Failure) 10M->6M(15M) 0.160ms
[30.193s][info][gc] GC(13708) Pause Young (Allocation Failure) 10M->7M(15M) 0.202ms
[30.193s][info][gc] GC(13709) Pause Young (Allocation Failure) 11M->7M(15M) 0.182ms
[30.194s][info][gc] GC(13710) Pause Young (Allocation Failure) 11M->7M(15M) 0.175ms
[30.195s][info][gc] GC(13711) Pause Young (Allocation Failure) 11M->7M(15M) 0.179ms
[30.196s][info][gc] GC(13712) Pause Young (Allocation Failure) 11M->6M(15M) 0.164ms
[30.197s][info][gc] GC(13713) Pause Young (Allocation Failure) 11M->7M(15M) 0.185ms
[30.198s][info][gc] GC(13714) Pause Young (Allocation Failure) 11M->6M(15M) 0.160ms
[30.198s][info][gc] GC(13715) Pause Young (Allocation Failure) 11M->7M(15M) 0.184ms
[30.199s][info][gc] GC(13716) Pause Young (Allocation Failure) 11M->7M(15M) 0.161ms
[30.200s][info][gc] GC(13717) Pause Young (Allocation Failure) 11M->7M(15M) 0.197ms
[30.201s][info][gc] GC(13718) Pause Young (Allocation Failure) 12M->7M(15M) 0.179ms
[30.202s][info][gc] GC(13719) Pause Young (Allocation Failure) 11M->7M(15M) 0.179ms
[30.203s][info][gc] GC(13720) Pause Young (Allocation Failure) 11M->7M(15M) 0.190ms
[30.204s][info][gc] GC(13721) Pause Young (Allocation Failure) 12M->7M(15M) 0.167ms
[30.204s][info][gc] GC(13722) Pause Young (Allocation Failure) 11M->8M(15M) 0.208ms
[30.205s][info][gc] GC(13723) Pause Young (Allocation Failure) 12M->8M(15M) 0.179ms
[30.206s][info][gc] GC(13724) Pause Young (Allocation Failure) 12M->8M(15M) 0.178ms
[30.207s][info][gc] GC(13725) Pause Young (Allocation Failure) 12M->8M(15M) 0.216ms
[30.208s][info][gc] GC(13726) Pause Young (Allocation Failure) 13M->8M(15M) 0.175ms
[30.209s][info][gc] GC(13727) Pause Young (Allocation Failure) 13M->8M(15M) 0.177ms
[30.210s][info][gc] GC(13728) Pause Young (Allocation Failure) 13M->9M(15M) 0.188ms
[30.210s][info][gc] GC(13729) Pause Young (Allocation Failure) 13M->8M(15M) 0.166ms
[30.211s][info][gc] GC(13730) Pause Young (Allocation Failure) 13M->9M(15M) 0.180ms
[30.212s][info][gc] GC(13731) Pause Young (Allocation Failure) 13M->9M(15M) 0.190ms
[30.213s][info][gc] GC(13732) Pause Young (Allocation Failure) 13M->8M(15M) 0.165ms
[30.214s][info][gc] GC(13733) Pause Young (Allocation Failure) 13M->9M(15M) 0.168ms
[30.215s][info][gc] GC(13734) Pause Young (Allocation Failure) 13M->9M(15M) 0.172ms
[30.215s][info][gc] GC(13735) Pause Young (Allocation Failure) 13M->9M(15M) 0.169ms
[30.216s][info][gc] GC(13736) Pause Young (Allocation Failure) 13M->8M(15M) 0.167ms
[30.217s][info][gc] GC(13737) Pause Young (Allocation Failure) 13M->9M(15M) 0.169ms
[30.218s][info][gc] GC(13738) Pause Young (Allocation Failure) 13M->9M(15M) 0.196ms
[30.219s][info][gc] GC(13739) Pause Young (Allocation Failure) 13M->9M(15M) 0.176ms
[30.220s][info][gc] GC(13740) Pause Young (Allocation Failure) 13M->9M(15M) 0.175ms
[30.220s][info][gc] GC(13741) Pause Young (Allocation Failure) 13M->9M(15M) 0.165ms
[30.221s][info][gc] GC(13742) Pause Young (Allocation Failure) 13M->9M(15M) 0.173ms
[30.222s][info][gc] GC(13743) Pause Young (Allocation Failure) 13M->10M(15M) 0.217ms
[30.223s][info][gc] GC(13744) Pause Young (Allocation Failure) 14M->10M(15M) 0.180ms
[30.224s][info][gc] GC(13745) Pause Young (Allocation Failure) 14M->10M(15M) 0.181ms
[30.224s][info][gc] GC(13746) Pause Young (Allocation Failure) 14M->9M(15M) 0.170ms
[30.225s][info][gc] GC(13747) Pause Young (Allocation Failure) 14M->9M(15M) 0.174ms
[30.226s][info][gc] GC(13748) Pause Young (Allocation Failure) 14M->9M(15M) 0.161ms
[30.227s][info][gc] GC(13749) Pause Young (Allocation Failure) 13M->10M(15M) 0.227ms
[30.228s][info][gc] GC(13750) Pause Young (Allocation Failure) 14M->10M(15M) 0.168ms
[30.229s][info][gc] GC(13751) Pause Young (Allocation Failure) 14M->10M(15M) 0.207ms
[30.230s][info][gc] GC(13752) Pause Young (Allocation Failure) 14M->10M(15M) 0.225ms
[30.230s][info][gc] GC(13753) Pause Young (Allocation Failure) 15M->10M(15M) 0.181ms
[30.231s][info][gc] GC(13754) Pause Young (Allocation Failure) 14M->10M(15M) 0.198ms
[30.232s][info][gc] GC(13755) Pause Young (Allocation Failure) 15M->15M(15M) 0.025ms
[30.239s][info][gc] GC(13756) Pause Full (Allocation Failure) 15M->6M(15M) 7.106ms
[30.240s][info][gc] GC(13757) Pause Young (Allocation Failure) 10M->6M(15M) 0.232ms
[30.241s][info][gc] GC(13758) Pause Young (Allocation Failure) 11M->6M(15M) 0.186ms
[30.242s][info][gc] GC(13759) Pause Young (Allocation Failure) 11M->7M(15M) 0.229ms
[30.243s][info][gc] GC(13760) Pause Young (Allocation Failure) 11M->7M(15M) 0.221ms
[30.244s][info][gc] GC(13761) Pause Young (Allocation Failure) 11M->7M(15M) 0.218ms
[30.245s][info][gc] GC(13762) Pause Young (Allocation Failure) 12M->7M(15M) 0.167ms
[30.245s][info][gc] GC(13763) Pause Young (Allocation Failure) 11M->7M(15M) 0.158ms
[30.246s][info][gc] GC(13764) Pause Young (Allocation Failure) 11M->7M(15M) 0.177ms
[30.247s][info][gc] GC(13765) Pause Young (Allocation Failure) 12M->7M(15M) 0.183ms
[30.248s][info][gc] GC(13766) Pause Young (Allocation Failure) 12M->7M(15M) 0.180ms
[30.248s][info][gc] GC(13767) Pause Young (Allocation Failure) 12M->8M(15M) 0.201ms
[30.249s][info][gc] GC(13768) Pause Young (Allocation Failure) 12M->8M(15M) 0.174ms
[30.250s][info][gc] GC(13769) Pause Young (Allocation Failure) 12M->8M(15M) 0.161ms
[30.251s][info][gc] GC(13770) Pause Young (Allocation Failure) 12M->8M(15M) 0.195ms
[30.252s][info][gc] GC(13771) Pause Young (Allocation Failure) 12M->8M(15M) 0.169ms
[30.253s][info][gc] GC(13772) Pause Young (Allocation Failure) 12M->8M(15M) 0.164ms
[30.253s][info][gc] GC(13773) Pause Young (Allocation Failure) 12M->8M(15M) 0.171ms
[30.254s][info][gc] GC(13774) Pause Young (Allocation Failure) 12M->8M(15M) 0.161ms
[30.255s][info][gc] GC(13775) Pause Young (Allocation Failure) 12M->8M(15M) 0.191ms
[30.256s][info][gc] GC(13776) Pause Young (Allocation Failure) 12M->9M(15M) 0.223ms
[30.257s][info][gc] GC(13777) Pause Young (Allocation Failure) 13M->8M(15M) 0.161ms
[30.257s][info][gc] GC(13778) Pause Young (Allocation Failure) 12M->9M(15M) 0.191ms
[30.258s][info][gc] GC(13779) Pause Young (Allocation Failure) 13M->9M(15M) 0.185ms
[30.259s][info][gc] GC(13780) Pause Young (Allocation Failure) 13M->9M(15M) 0.198ms
[30.260s][info][gc] GC(13781) Pause Young (Allocation Failure) 13M->9M(15M) 0.195ms
[30.261s][info][gc] GC(13782) Pause Young (Allocation Failure) 13M->9M(15M) 0.171ms
[30.262s][info][gc] GC(13783) Pause Young (Allocation Failure) 13M->10M(15M) 0.210ms
[30.263s][info][gc] GC(13784) Pause Young (Allocation Failure) 14M->9M(15M) 0.169ms
[30.263s][info][gc] GC(13785) Pause Young (Allocation Failure) 14M->9M(15M) 0.182ms
[30.264s][info][gc] GC(13786) Pause Young (Allocation Failure) 14M->10M(15M) 0.211ms
[30.265s][info][gc] GC(13787) Pause Young (Allocation Failure) 14M->10M(15M) 0.174ms
[30.266s][info][gc] GC(13788) Pause Young (Allocation Failure) 14M->10M(15M) 0.165ms
[30.267s][info][gc] GC(13789) Pause Young (Allocation Failure) 14M->10M(15M) 0.169ms
[30.267s][info][gc] GC(13790) Pause Young (Allocation Failure) 14M->10M(15M) 0.168ms
[30.268s][info][gc] GC(13791) Pause Young (Allocation Failure) 14M->10M(15M) 0.185ms
[30.269s][info][gc] GC(13792) Pause Young (Allocation Failure) 14M->10M(15M) 0.182ms
[30.270s][info][gc] GC(13793) Pause Young (Allocation Failure) 14M->10M(15M) 0.194ms
[30.270s][info][gc] GC(13794) Pause Young (Allocation Failure) 14M->10M(15M) 0.162ms
[30.271s][info][gc] GC(13795) Pause Young (Allocation Failure) 14M->10M(15M) 0.166ms
[30.272s][info][gc] GC(13796) Pause Young (Allocation Failure) 14M->10M(15M) 0.193ms
[30.273s][info][gc] GC(13797) Pause Young (Allocation Failure) 15M->15M(15M) 0.325ms
[30.280s][info][gc] GC(13798) Pause Full (Allocation Failure) 15M->7M(15M) 7.071ms
[30.281s][info][gc] GC(13799) Pause Young (Allocation Failure) 11M->7M(15M) 0.223ms
[30.282s][info][gc] GC(13800) Pause Young (Allocation Failure) 12M->8M(15M) 0.220ms
[30.283s][info][gc] GC(13801) Pause Young (Allocation Failure) 12M->7M(15M) 0.159ms
[30.284s][info][gc] GC(13802) Pause Young (Allocation Failure) 11M->7M(15M) 0.158ms
[30.285s][info][gc] GC(13803) Pause Young (Allocation Failure) 11M->7M(15M) 0.168ms
[30.285s][info][gc] GC(13804) Pause Young (Allocation Failure) 12M->8M(15M) 0.181ms
[30.286s][info][gc] GC(13805) Pause Young (Allocation Failure) 12M->8M(15M) 0.179ms
[30.287s][info][gc] GC(13806) Pause Young (Allocation Failure) 12M->8M(15M) 0.192ms
[30.288s][info][gc] GC(13807) Pause Young (Allocation Failure) 12M->8M(15M) 0.208ms
[30.289s][info][gc] GC(13808) Pause Young (Allocation Failure) 13M->9M(15M) 0.199ms
[30.290s][info][gc] GC(13809) Pause Young (Allocation Failure) 13M->8M(15M) 0.190ms
[30.291s][info][gc] GC(13810) Pause Young (Allocation Failure) 13M->9M(15M) 0.208ms
[30.291s][info][gc] GC(13811) Pause Young (Allocation Failure) 13M->9M(15M) 0.220ms
[30.292s][info][gc] GC(13812) Pause Young (Allocation Failure) 13M->9M(15M) 0.180ms
[30.293s][info][gc] GC(13813) Pause Young (Allocation Failure) 13M->9M(15M) 0.188ms
[30.294s][info][gc] GC(13814) Pause Young (Allocation Failure) 14M->9M(15M) 0.176ms
[30.295s][info][gc] GC(13815) Pause Young (Allocation Failure) 14M->9M(15M) 0.161ms
[30.296s][info][gc] GC(13816) Pause Young (Allocation Failure) 13M->9M(15M) 0.183ms
[30.296s][info][gc] GC(13817) Pause Young (Allocation Failure) 14M->10M(15M) 0.186ms
[30.297s][info][gc] GC(13818) Pause Young (Allocation Failure) 14M->9M(15M) 0.173ms
[30.298s][info][gc] GC(13819) Pause Young (Allocation Failure) 14M->10M(15M) 0.183ms
[30.299s][info][gc] GC(13820) Pause Young (Allocation Failure) 14M->10M(15M) 0.192ms
[30.300s][info][gc] GC(13821) Pause Young (Allocation Failure) 14M->9M(15M) 0.161ms
[30.301s][info][gc] GC(13822) Pause Young (Allocation Failure) 14M->10M(15M) 0.168ms
[30.302s][info][gc] GC(13823) Pause Young (Allocation Failure) 14M->10M(15M) 0.176ms
[30.302s][info][gc] GC(13824) Pause Young (Allocation Failure) 14M->10M(15M) 0.176ms
[30.303s][info][gc] GC(13825) Pause Young (Allocation Failure) 14M->10M(15M) 0.168ms
[30.304s][info][gc] GC(13826) Pause Young (Allocation Failure) 14M->10M(15M) 0.174ms
[30.305s][info][gc] GC(13827) Pause Young (Allocation Failure) 14M->10M(15M) 0.187ms
[30.305s][info][gc] GC(13828) Pause Young (Allocation Failure) 14M->9M(15M) 0.162ms
[30.306s][info][gc] GC(13829) Pause Young (Allocation Failure) 14M->9M(15M) 0.163ms
[30.307s][info][gc] GC(13830) Pause Young (Allocation Failure) 14M->10M(15M) 0.173ms
[30.308s][info][gc] GC(13831) Pause Young (Allocation Failure) 14M->10M(15M) 0.169ms
[30.309s][info][gc] GC(13832) Pause Young (Allocation Failure) 14M->10M(15M) 0.169ms
[30.310s][info][gc] GC(13833) Pause Young (Allocation Failure) 14M->10M(15M) 0.185ms
[30.310s][info][gc] GC(13834) Pause Young (Allocation Failure) 14M->10M(15M) 0.175ms
[30.311s][info][gc] GC(13835) Pause Young (Allocation Failure) 15M->15M(15M) 0.025ms
[30.318s][info][gc] GC(13836) Pause Full (Allocation Failure) 15M->6M(15M) 7.229ms
[30.319s][info][gc] GC(13837) Pause Young (Allocation Failure) 10M->7M(15M) 0.175ms
[30.320s][info][gc] GC(13838) Pause Young (Allocation Failure) 11M->6M(15M) 0.190ms
[30.321s][info][gc] GC(13839) Pause Young (Allocation Failure) 11M->6M(15M) 0.167ms
[30.322s][info][gc] GC(13840) Pause Young (Allocation Failure) 11M->6M(15M) 0.176ms
[30.323s][info][gc] GC(13841) Pause Young (Allocation Failure) 11M->6M(15M) 0.175ms
[30.324s][info][gc] GC(13842) Pause Young (Allocation Failure) 11M->6M(15M) 0.172ms
[30.324s][info][gc] GC(13843) Pause Young (Allocation Failure) 11M->7M(15M) 0.189ms
[30.325s][info][gc] GC(13844) Pause Young (Allocation Failure) 11M->7M(15M) 0.154ms
[30.326s][info][gc] GC(13845) Pause Young (Allocation Failure) 11M->7M(15M) 0.170ms
[30.327s][info][gc] GC(13846) Pause Young (Allocation Failure) 11M->6M(15M) 0.158ms
[30.328s][info][gc] GC(13847) Pause Young (Allocation Failure) 11M->6M(15M) 0.163ms
[30.329s][info][gc] GC(13848) Pause Young (Allocation Failure) 11M->7M(15M) 0.201ms
[30.330s][info][gc] GC(13849) Pause Young (Allocation Failure) 11M->7M(15M) 0.172ms
[30.330s][info][gc] GC(13850) Pause Young (Allocation Failure) 12M->7M(15M) 0.166ms
[30.331s][info][gc] GC(13851) Pause Young (Allocation Failure) 11M->7M(15M) 0.184ms
[30.332s][info][gc] GC(13852) Pause Young (Allocation Failure) 12M->7M(15M) 0.191ms
[30.333s][info][gc] GC(13853) Pause Young (Allocation Failure) 12M->8M(15M) 0.184ms
[30.334s][info][gc] GC(13854) Pause Young (Allocation Failure) 12M->7M(15M) 0.177ms
[30.335s][info][gc] GC(13855) Pause Young (Allocation Failure) 12M->8M(15M) 0.195ms
[30.335s][info][gc] GC(13856) Pause Young (Allocation Failure) 12M->7M(15M) 0.164ms
[30.336s][info][gc] GC(13857) Pause Young (Allocation Failure) 12M->8M(15M) 0.213ms
[30.337s][info][gc] GC(13858) Pause Young (Allocation Failure) 12M->8M(15M) 0.198ms
[30.338s][info][gc] GC(13859) Pause Young (Allocation Failure) 13M->8M(15M) 0.172ms
[30.339s][info][gc] GC(13860) Pause Young (Allocation Failure) 12M->8M(15M) 0.169ms
[30.340s][info][gc] GC(13861) Pause Young (Allocation Failure) 12M->9M(15M) 0.203ms
[30.340s][info][gc] GC(13862) Pause Young (Allocation Failure) 13M->9M(15M) 0.209ms
[30.341s][info][gc] GC(13863) Pause Young (Allocation Failure) 13M->9M(15M) 0.201ms
[30.342s][info][gc] GC(13864) Pause Young (Allocation Failure) 13M->9M(15M) 0.187ms
[30.343s][info][gc] GC(13865) Pause Young (Allocation Failure) 13M->9M(15M) 0.188ms
[30.344s][info][gc] GC(13866) Pause Young (Allocation Failure) 13M->9M(15M) 0.203ms
[30.345s][info][gc] GC(13867) Pause Young (Allocation Failure) 13M->9M(15M) 0.173ms
[30.346s][info][gc] GC(13868) Pause Young (Allocation Failure) 13M->9M(15M) 0.171ms
[30.347s][info][gc] GC(13869) Pause Young (Allocation Failure) 13M->9M(15M) 0.202ms
[30.348s][info][gc] GC(13870) Pause Young (Allocation Failure) 13M->9M(15M) 0.172ms
[30.348s][info][gc] GC(13871) Pause Young (Allocation Failure) 13M->9M(15M) 0.149ms
[30.349s][info][gc] GC(13872) Pause Young (Allocation Failure) 13M->9M(15M) 0.177ms
[30.350s][info][gc] GC(13873) Pause Young (Allocation Failure) 13M->9M(15M) 0.191ms
[30.351s][info][gc] GC(13874) Pause Young (Allocation Failure) 13M->9M(15M) 0.184ms
[30.352s][info][gc] GC(13875) Pause Young (Allocation Failure) 13M->9M(15M) 0.169ms
[30.353s][info][gc] GC(13876) Pause Young (Allocation Failure) 13M->9M(15M) 0.176ms
[30.353s][info][gc] GC(13877) Pause Young (Allocation Failure) 13M->9M(15M) 0.184ms
[30.354s][info][gc] GC(13878) Pause Young (Allocation Failure) 14M->9M(15M) 0.189ms
[30.355s][info][gc] GC(13879) Pause Young (Allocation Failure) 14M->9M(15M) 0.169ms
[30.356s][info][gc] GC(13880) Pause Young (Allocation Failure) 13M->10M(15M) 0.187ms
[30.357s][info][gc] GC(13881) Pause Young (Allocation Failure) 14M->10M(15M) 0.162ms
[30.358s][info][gc] GC(13882) Pause Young (Allocation Failure) 14M->10M(15M) 0.219ms
[30.359s][info][gc] GC(13883) Pause Young (Allocation Failure) 14M->10M(15M) 0.192ms
[30.360s][info][gc] GC(13884) Pause Young (Allocation Failure) 14M->10M(15M) 0.214ms
[30.360s][info][gc] GC(13885) Pause Young (Allocation Failure) 15M->10M(15M) 0.180ms
[30.361s][info][gc] GC(13886) Pause Young (Allocation Failure) 15M->11M(15M) 0.198ms
[30.362s][info][gc] GC(13887) Pause Young (Allocation Failure) 15M->15M(15M) 0.025ms
[30.369s][info][gc] GC(13888) Pause Full (Allocation Failure) 15M->5M(15M) 7.026ms
[30.370s][info][gc] GC(13889) Pause Young (Allocation Failure) 10M->6M(15M) 0.232ms
[30.371s][info][gc] GC(13890) Pause Young (Allocation Failure) 10M->6M(15M) 0.203ms
[30.372s][info][gc] GC(13891) Pause Young (Allocation Failure) 10M->6M(15M) 0.177ms
[30.373s][info][gc] GC(13892) Pause Young (Allocation Failure) 10M->6M(15M) 0.195ms
[30.374s][info][gc] GC(13893) Pause Young (Allocation Failure) 10M->6M(15M) 0.189ms
[30.374s][info][gc] GC(13894) Pause Young (Allocation Failure) 11M->6M(15M) 0.177ms
[30.375s][info][gc] GC(13895) Pause Young (Allocation Failure) 11M->6M(15M) 0.179ms
[30.376s][info][gc] GC(13896) Pause Young (Allocation Failure) 10M->6M(15M) 0.199ms
[30.377s][info][gc] GC(13897) Pause Young (Allocation Failure) 11M->6M(15M) 0.189ms
[30.378s][info][gc] GC(13898) Pause Young (Allocation Failure) 11M->7M(15M) 0.214ms
[30.379s][info][gc] GC(13899) Pause Young (Allocation Failure) 11M->7M(15M) 0.200ms
[30.380s][info][gc] GC(13900) Pause Young (Allocation Failure) 11M->7M(15M) 0.200ms
[30.381s][info][gc] GC(13901) Pause Young (Allocation Failure) 12M->7M(15M) 0.180ms
[30.381s][info][gc] GC(13902) Pause Young (Allocation Failure) 12M->8M(15M) 0.193ms
[30.382s][info][gc] GC(13903) Pause Young (Allocation Failure) 12M->8M(15M) 0.195ms
[30.383s][info][gc] GC(13904) Pause Young (Allocation Failure) 12M->8M(15M) 0.175ms
[30.384s][info][gc] GC(13905) Pause Young (Allocation Failure) 12M->8M(15M) 0.190ms
[30.385s][info][gc] GC(13906) Pause Young (Allocation Failure) 12M->8M(15M) 0.159ms
[30.386s][info][gc] GC(13907) Pause Young (Allocation Failure) 12M->8M(15M) 0.187ms
[30.387s][info][gc] GC(13908) Pause Young (Allocation Failure) 12M->8M(15M) 0.170ms
[30.388s][info][gc] GC(13909) Pause Young (Allocation Failure) 12M->8M(15M) 0.182ms
[30.388s][info][gc] GC(13910) Pause Young (Allocation Failure) 12M->8M(15M) 0.192ms
[30.389s][info][gc] GC(13911) Pause Young (Allocation Failure) 12M->8M(15M) 0.168ms
[30.390s][info][gc] GC(13912) Pause Young (Allocation Failure) 12M->8M(15M) 0.182ms
[30.391s][info][gc] GC(13913) Pause Young (Allocation Failure) 12M->8M(15M) 0.170ms
[30.392s][info][gc] GC(13914) Pause Young (Allocation Failure) 12M->8M(15M) 0.164ms
[30.393s][info][gc] GC(13915) Pause Young (Allocation Failure) 12M->8M(15M) 0.168ms
[30.394s][info][gc] GC(13916) Pause Young (Allocation Failure) 12M->8M(15M) 0.177ms
[30.394s][info][gc] GC(13917) Pause Young (Allocation Failure) 12M->9M(15M) 0.193ms
[30.395s][info][gc] GC(13918) Pause Young (Allocation Failure) 13M->8M(15M) 0.172ms
[30.396s][info][gc] GC(13919) Pause Young (Allocation Failure) 13M->9M(15M) 0.185ms
[30.397s][info][gc] GC(13920) Pause Young (Allocation Failure) 13M->8M(15M) 0.170ms
[30.398s][info][gc] GC(13921) Pause Young (Allocation Failure) 13M->9M(15M) 0.207ms
[30.398s][info][gc] GC(13922) Pause Young (Allocation Failure) 13M->9M(15M) 0.191ms
[30.399s][info][gc] GC(13923) Pause Young (Allocation Failure) 13M->9M(15M) 0.183ms
[30.400s][info][gc] GC(13924) Pause Young (Allocation Failure) 13M->9M(15M) 0.192ms
[30.401s][info][gc] GC(13925) Pause Young (Allocation Failure) 13M->9M(15M) 0.177ms
[30.402s][info][gc] GC(13926) Pause Young (Allocation Failure) 13M->9M(15M) 0.187ms
[30.403s][info][gc] GC(13927) Pause Young (Allocation Failure) 14M->9M(15M) 0.175ms
[30.404s][info][gc] GC(13928) Pause Young (Allocation Failure) 13M->9M(15M) 0.140ms
[30.405s][info][gc] GC(13929) Pause Young (Allocation Failure) 14M->10M(15M) 0.208ms
[30.406s][info][gc] GC(13930) Pause Young (Allocation Failure) 14M->9M(15M) 0.159ms
[30.406s][info][gc] GC(13931) Pause Young (Allocation Failure) 13M->9M(15M) 0.161ms
[30.407s][info][gc] GC(13932) Pause Young (Allocation Failure) 13M->10M(15M) 0.196ms
[30.408s][info][gc] GC(13933) Pause Young (Allocation Failure) 14M->9M(15M) 0.163ms
[30.409s][info][gc] GC(13934) Pause Young (Allocation Failure) 14M->10M(15M) 0.177ms
[30.410s][info][gc] GC(13935) Pause Young (Allocation Failure) 14M->10M(15M) 0.191ms
[30.411s][info][gc] GC(13936) Pause Young (Allocation Failure) 14M->10M(15M) 0.178ms
[30.411s][info][gc] GC(13937) Pause Young (Allocation Failure) 14M->10M(15M) 0.172ms
[30.412s][info][gc] GC(13938) Pause Young (Allocation Failure) 14M->10M(15M) 0.187ms
[30.413s][info][gc] GC(13939) Pause Young (Allocation Failure) 14M->10M(15M) 0.212ms
[30.414s][info][gc] GC(13940) Pause Young (Allocation Failure) 15M->10M(15M) 0.190ms
[30.415s][info][gc] GC(13941) Pause Young (Allocation Failure) 15M->15M(15M) 0.025ms
[30.422s][info][gc] GC(13942) Pause Full (Allocation Failure) 15M->6M(15M) 7.157ms
[30.423s][info][gc] GC(13943) Pause Young (Allocation Failure) 11M->7M(15M) 0.226ms
[30.424s][info][gc] GC(13944) Pause Young (Allocation Failure) 11M->7M(15M) 0.229ms
[30.425s][info][gc] GC(13945) Pause Young (Allocation Failure) 12M->7M(15M) 0.167ms
[30.425s][info][gc] GC(13946) Pause Young (Allocation Failure) 11M->7M(15M) 0.162ms
[30.426s][info][gc] GC(13947) Pause Young (Allocation Failure) 11M->8M(15M) 0.188ms
[30.427s][info][gc] GC(13948) Pause Young (Allocation Failure) 12M->8M(15M) 0.182ms
[30.428s][info][gc] GC(13949) Pause Young (Allocation Failure) 12M->8M(15M) 0.162ms
[30.429s][info][gc] GC(13950) Pause Young (Allocation Failure) 12M->8M(15M) 0.127ms
[30.430s][info][gc] GC(13951) Pause Young (Allocation Failure) 12M->7M(15M) 0.163ms
[30.430s][info][gc] GC(13952) Pause Young (Allocation Failure) 12M->8M(15M) 0.193ms
[30.431s][info][gc] GC(13953) Pause Young (Allocation Failure) 12M->8M(15M) 0.182ms
[30.432s][info][gc] GC(13954) Pause Young (Allocation Failure) 12M->8M(15M) 0.190ms
[30.433s][info][gc] GC(13955) Pause Young (Allocation Failure) 12M->8M(15M) 0.173ms
[30.434s][info][gc] GC(13956) Pause Young (Allocation Failure) 12M->8M(15M) 0.157ms
[30.435s][info][gc] GC(13957) Pause Young (Allocation Failure) 12M->8M(15M) 0.175ms
[30.435s][info][gc] GC(13958) Pause Young (Allocation Failure) 12M->8M(15M) 0.173ms
[30.436s][info][gc] GC(13959) Pause Young (Allocation Failure) 12M->8M(15M) 0.165ms
[30.437s][info][gc] GC(13960) Pause Young (Allocation Failure) 12M->8M(15M) 0.183ms
[30.438s][info][gc] GC(13961) Pause Young (Allocation Failure) 12M->8M(15M) 0.178ms
[30.439s][info][gc] GC(13962) Pause Young (Allocation Failure) 12M->8M(15M) 0.176ms
[30.440s][info][gc] GC(13963) Pause Young (Allocation Failure) 12M->8M(15M) 0.197ms
[30.441s][info][gc] GC(13964) Pause Young (Allocation Failure) 13M->8M(15M) 0.186ms
[30.442s][info][gc] GC(13965) Pause Young (Allocation Failure) 12M->8M(15M) 0.231ms
[30.443s][info][gc] GC(13966) Pause Young (Allocation Failure) 13M->8M(15M) 0.193ms
[30.443s][info][gc] GC(13967) Pause Young (Allocation Failure) 13M->9M(15M) 0.238ms
[30.444s][info][gc] GC(13968) Pause Young (Allocation Failure) 13M->9M(15M) 0.170ms
[30.445s][info][gc] GC(13969) Pause Young (Allocation Failure) 13M->9M(15M) 0.192ms
[30.446s][info][gc] GC(13970) Pause Young (Allocation Failure) 13M->9M(15M) 0.199ms
[30.447s][info][gc] GC(13971) Pause Young (Allocation Failure) 13M->9M(15M) 0.244ms
[30.448s][info][gc] GC(13972) Pause Young (Allocation Failure) 13M->9M(15M) 0.174ms
[30.449s][info][gc] GC(13973) Pause Young (Allocation Failure) 13M->9M(15M) 0.181ms
[30.450s][info][gc] GC(13974) Pause Young (Allocation Failure) 13M->9M(15M) 0.205ms
[30.451s][info][gc] GC(13975) Pause Young (Allocation Failure) 13M->9M(15M) 0.185ms
[30.452s][info][gc] GC(13976) Pause Young (Allocation Failure) 13M->9M(15M) 0.196ms
[30.453s][info][gc] GC(13977) Pause Young (Allocation Failure) 13M->9M(15M) 0.234ms
[30.454s][info][gc] GC(13978) Pause Young (Allocation Failure) 13M->9M(15M) 0.281ms
[30.455s][info][gc] GC(13979) Pause Young (Allocation Failure) 13M->9M(15M) 0.168ms
[30.456s][info][gc] GC(13980) Pause Young (Allocation Failure) 13M->9M(15M) 0.189ms
[30.457s][info][gc] GC(13981) Pause Young (Allocation Failure) 14M->9M(15M) 0.183ms
[30.457s][info][gc] GC(13982) Pause Young (Allocation Failure) 13M->10M(15M) 0.210ms
[30.458s][info][gc] GC(13983) Pause Young (Allocation Failure) 14M->10M(15M) 0.217ms
[30.459s][info][gc] GC(13984) Pause Young (Allocation Failure) 14M->10M(15M) 0.221ms
[30.460s][info][gc] GC(13985) Pause Young (Allocation Failure) 15M->10M(15M) 0.172ms
[30.461s][info][gc] GC(13986) Pause Young (Allocation Failure) 14M->10M(15M) 0.165ms
[30.462s][info][gc] GC(13987) Pause Young (Allocation Failure) 14M->10M(15M) 0.192ms
[30.463s][info][gc] GC(13988) Pause Young (Allocation Failure) 15M->10M(15M) 0.201ms
[30.464s][info][gc] GC(13989) Pause Young (Allocation Failure) 15M->15M(15M) 0.025ms
[30.472s][info][gc] GC(13990) Pause Full (Allocation Failure) 15M->6M(15M) 8.375ms
[30.473s][info][gc] GC(13991) Pause Young (Allocation Failure) 10M->6M(15M) 0.197ms
[30.474s][info][gc] GC(13992) Pause Young (Allocation Failure) 10M->6M(15M) 0.195ms
[30.475s][info][gc] GC(13993) Pause Young (Allocation Failure) 11M->7M(15M) 0.205ms
[30.476s][info][gc] GC(13994) Pause Young (Allocation Failure) 11M->7M(15M) 0.215ms
[30.477s][info][gc] GC(13995) Pause Young (Allocation Failure) 11M->7M(15M) 0.258ms
[30.478s][info][gc] GC(13996) Pause Young (Allocation Failure) 11M->7M(15M) 0.226ms
[30.479s][info][gc] GC(13997) Pause Young (Allocation Failure) 11M->7M(15M) 0.274ms
[30.480s][info][gc] GC(13998) Pause Young (Allocation Failure) 11M->7M(15M) 0.188ms
[30.481s][info][gc] GC(13999) Pause Young (Allocation Failure) 12M->7M(15M) 0.191ms
[30.482s][info][gc] GC(14000) Pause Young (Allocation Failure) 12M->7M(15M) 0.153ms
[30.483s][info][gc] GC(14001) Pause Young (Allocation Failure) 11M->7M(15M) 0.170ms
[30.484s][info][gc] GC(14002) Pause Young (Allocation Failure) 11M->8M(15M) 0.201ms
[30.485s][info][gc] GC(14003) Pause Young (Allocation Failure) 12M->8M(15M) 0.192ms
[30.485s][info][gc] GC(14004) Pause Young (Allocation Failure) 12M->8M(15M) 0.242ms
[30.486s][info][gc] GC(14005) Pause Young (Allocation Failure) 13M->8M(15M) 0.219ms
[30.487s][info][gc] GC(14006) Pause Young (Allocation Failure) 13M->9M(15M) 0.272ms
[30.489s][info][gc] GC(14007) Pause Young (Allocation Failure) 13M->9M(15M) 0.499ms
[30.490s][info][gc] GC(14008) Pause Young (Allocation Failure) 13M->9M(15M) 0.202ms
[30.491s][info][gc] GC(14009) Pause Young (Allocation Failure) 13M->9M(15M) 0.231ms
[30.492s][info][gc] GC(14010) Pause Young (Allocation Failure) 13M->9M(15M) 0.238ms
[30.493s][info][gc] GC(14011) Pause Young (Allocation Failure) 14M->9M(15M) 0.230ms
[30.494s][info][gc] GC(14012) Pause Young (Allocation Failure) 14M->10M(15M) 0.254ms
[30.495s][info][gc] GC(14013) Pause Young (Allocation Failure) 14M->9M(15M) 0.181ms
[30.496s][info][gc] GC(14014) Pause Young (Allocation Failure) 14M->10M(15M) 0.221ms
[30.497s][info][gc] GC(14015) Pause Young (Allocation Failure) 14M->10M(15M) 0.224ms
[30.498s][info][gc] GC(14016) Pause Young (Allocation Failure) 14M->10M(15M) 0.172ms
[30.499s][info][gc] GC(14017) Pause Young (Allocation Failure) 14M->10M(15M) 0.175ms
[30.500s][info][gc] GC(14018) Pause Young (Allocation Failure) 14M->15M(15M) 0.384ms
[30.507s][info][gc] GC(14019) Pause Full (Allocation Failure) 15M->7M(15M) 7.595ms
[30.508s][info][gc] GC(14020) Pause Young (Allocation Failure) 12M->8M(15M) 0.286ms
[30.509s][info][gc] GC(14021) Pause Young (Allocation Failure) 12M->8M(15M) 0.255ms
[30.511s][info][gc] GC(14022) Pause Young (Allocation Failure) 12M->8M(15M) 0.244ms
[30.512s][info][gc] GC(14023) Pause Young (Allocation Failure) 12M->8M(15M) 0.192ms
[30.512s][info][gc] GC(14024) Pause Young (Allocation Failure) 12M->8M(15M) 0.200ms
[30.513s][info][gc] GC(14025) Pause Young (Allocation Failure) 12M->8M(15M) 0.177ms
[30.514s][info][gc] GC(14026) Pause Young (Allocation Failure) 12M->8M(15M) 0.182ms
[30.515s][info][gc] GC(14027) Pause Young (Allocation Failure) 12M->8M(15M) 0.168ms
[30.516s][info][gc] GC(14028) Pause Young (Allocation Failure) 12M->8M(15M) 0.165ms
[30.517s][info][gc] GC(14029) Pause Young (Allocation Failure) 12M->8M(15M) 0.164ms
[30.518s][info][gc] GC(14030) Pause Young (Allocation Failure) 12M->8M(15M) 0.218ms
[30.519s][info][gc] GC(14031) Pause Young (Allocation Failure) 13M->8M(15M) 0.200ms
[30.520s][info][gc] GC(14032) Pause Young (Allocation Failure) 13M->8M(15M) 0.187ms
[30.520s][info][gc] GC(14033) Pause Young (Allocation Failure) 13M->8M(15M) 0.185ms
[30.521s][info][gc] GC(14034) Pause Young (Allocation Failure) 13M->8M(15M) 0.185ms
[30.522s][info][gc] GC(14035) Pause Young (Allocation Failure) 13M->9M(15M) 0.158ms
[30.523s][info][gc] GC(14036) Pause Young (Allocation Failure) 13M->8M(15M) 0.176ms
[30.524s][info][gc] GC(14037) Pause Young (Allocation Failure) 13M->8M(15M) 0.168ms
[30.525s][info][gc] GC(14038) Pause Young (Allocation Failure) 13M->9M(15M) 0.180ms
[30.525s][info][gc] GC(14039) Pause Young (Allocation Failure) 13M->8M(15M) 0.170ms
[30.526s][info][gc] GC(14040) Pause Young (Allocation Failure) 13M->9M(15M) 0.178ms
[30.527s][info][gc] GC(14041) Pause Young (Allocation Failure) 13M->9M(15M) 0.200ms
[30.528s][info][gc] GC(14042) Pause Young (Allocation Failure) 13M->9M(15M) 0.177ms
[30.529s][info][gc] GC(14043) Pause Young (Allocation Failure) 13M->9M(15M) 0.180ms
[30.530s][info][gc] GC(14044) Pause Young (Allocation Failure) 13M->9M(15M) 0.197ms
[30.531s][info][gc] GC(14045) Pause Young (Allocation Failure) 13M->10M(15M) 0.181ms
[30.531s][info][gc] GC(14046) Pause Young (Allocation Failure) 14M->10M(15M) 0.268ms
[30.533s][info][gc] GC(14047) Pause Young (Allocation Failure) 14M->10M(15M) 0.230ms
[30.534s][info][gc] GC(14048) Pause Young (Allocation Failure) 14M->10M(15M) 0.190ms
[30.534s][info][gc] GC(14049) Pause Young (Allocation Failure) 14M->10M(15M) 0.231ms
[30.535s][info][gc] GC(14050) Pause Young (Allocation Failure) 15M->15M(15M) 0.027ms
[30.542s][info][gc] GC(14051) Pause Full (Allocation Failure) 15M->6M(15M) 7.193ms
[30.543s][info][gc] GC(14052) Pause Young (Allocation Failure) 10M->6M(15M) 0.218ms
[30.544s][info][gc] GC(14053) Pause Young (Allocation Failure) 11M->6M(15M) 0.214ms
[30.545s][info][gc] GC(14054) Pause Young (Allocation Failure) 11M->7M(15M) 0.234ms
[30.546s][info][gc] GC(14055) Pause Young (Allocation Failure) 11M->7M(15M) 0.189ms
[30.547s][info][gc] GC(14056) Pause Young (Allocation Failure) 11M->7M(15M) 0.186ms
[30.548s][info][gc] GC(14057) Pause Young (Allocation Failure) 11M->7M(15M) 0.165ms
[30.549s][info][gc] GC(14058) Pause Young (Allocation Failure) 11M->7M(15M) 0.175ms
[30.549s][info][gc] GC(14059) Pause Young (Allocation Failure) 11M->7M(15M) 0.182ms
[30.550s][info][gc] GC(14060) Pause Young (Allocation Failure) 11M->7M(15M) 0.196ms
[30.551s][info][gc] GC(14061) Pause Young (Allocation Failure) 11M->7M(15M) 0.170ms
[30.552s][info][gc] GC(14062) Pause Young (Allocation Failure) 11M->7M(15M) 0.138ms
[30.553s][info][gc] GC(14063) Pause Young (Allocation Failure) 12M->7M(15M) 0.183ms
[30.554s][info][gc] GC(14064) Pause Young (Allocation Failure) 12M->7M(15M) 0.164ms
[30.555s][info][gc] GC(14065) Pause Young (Allocation Failure) 11M->7M(15M) 0.167ms
[30.555s][info][gc] GC(14066) Pause Young (Allocation Failure) 11M->8M(15M) 0.172ms
[30.556s][info][gc] GC(14067) Pause Young (Allocation Failure) 12M->8M(15M) 0.190ms
[30.557s][info][gc] GC(14068) Pause Young (Allocation Failure) 12M->8M(15M) 0.169ms
[30.558s][info][gc] GC(14069) Pause Young (Allocation Failure) 12M->8M(15M) 0.182ms
[30.559s][info][gc] GC(14070) Pause Young (Allocation Failure) 12M->8M(15M) 0.201ms
[30.560s][info][gc] GC(14071) Pause Young (Allocation Failure) 12M->8M(15M) 0.205ms
[30.561s][info][gc] GC(14072) Pause Young (Allocation Failure) 12M->8M(15M) 0.175ms
[30.561s][info][gc] GC(14073) Pause Young (Allocation Failure) 12M->8M(15M) 0.187ms
[30.562s][info][gc] GC(14074) Pause Young (Allocation Failure) 12M->8M(15M) 0.183ms
[30.563s][info][gc] GC(14075) Pause Young (Allocation Failure) 12M->8M(15M) 0.164ms
[30.564s][info][gc] GC(14076) Pause Young (Allocation Failure) 12M->8M(15M) 0.182ms
[30.565s][info][gc] GC(14077) Pause Young (Allocation Failure) 13M->8M(15M) 0.190ms
[30.566s][info][gc] GC(14078) Pause Young (Allocation Failure) 13M->8M(15M) 0.181ms
[30.566s][info][gc] GC(14079) Pause Young (Allocation Failure) 13M->8M(15M) 0.176ms
[30.567s][info][gc] GC(14080) Pause Young (Allocation Failure) 13M->9M(15M) 0.206ms
[30.568s][info][gc] GC(14081) Pause Young (Allocation Failure) 13M->9M(15M) 0.185ms
[30.569s][info][gc] GC(14082) Pause Young (Allocation Failure) 13M->9M(15M) 0.180ms
[30.570s][info][gc] GC(14083) Pause Young (Allocation Failure) 13M->9M(15M) 0.167ms
[30.571s][info][gc] GC(14084) Pause Young (Allocation Failure) 13M->9M(15M) 0.167ms
[30.572s][info][gc] GC(14085) Pause Young (Allocation Failure) 13M->9M(15M) 0.199ms
[30.573s][info][gc] GC(14086) Pause Young (Allocation Failure) 13M->9M(15M) 0.165ms
[30.573s][info][gc] GC(14087) Pause Young (Allocation Failure) 13M->9M(15M) 0.191ms
[30.574s][info][gc] GC(14088) Pause Young (Allocation Failure) 14M->9M(15M) 0.161ms
[30.575s][info][gc] GC(14089) Pause Young (Allocation Failure) 13M->9M(15M) 0.173ms
[30.576s][info][gc] GC(14090) Pause Young (Allocation Failure) 13M->9M(15M) 0.190ms
[30.577s][info][gc] GC(14091) Pause Young (Allocation Failure) 14M->9M(15M) 0.164ms
[30.578s][info][gc] GC(14092) Pause Young (Allocation Failure) 13M->9M(15M) 0.166ms
[30.578s][info][gc] GC(14093) Pause Young (Allocation Failure) 13M->9M(15M) 0.179ms
[30.579s][info][gc] GC(14094) Pause Young (Allocation Failure) 14M->10M(15M) 0.192ms
[30.580s][info][gc] GC(14095) Pause Young (Allocation Failure) 14M->10M(15M) 0.185ms
[30.581s][info][gc] GC(14096) Pause Young (Allocation Failure) 14M->9M(15M) 0.170ms
[30.582s][info][gc] GC(14097) Pause Young (Allocation Failure) 14M->10M(15M) 0.189ms
[30.582s][info][gc] GC(14098) Pause Young (Allocation Failure) 14M->10M(15M) 0.180ms
[30.583s][info][gc] GC(14099) Pause Young (Allocation Failure) 14M->10M(15M) 0.130ms
[30.584s][info][gc] GC(14100) Pause Young (Allocation Failure) 14M->10M(15M) 0.187ms
[30.585s][info][gc] GC(14101) Pause Young (Allocation Failure) 14M->10M(15M) 0.170ms
[30.586s][info][gc] GC(14102) Pause Young (Allocation Failure) 14M->10M(15M) 0.179ms
[30.587s][info][gc] GC(14103) Pause Young (Allocation Failure) 14M->10M(15M) 0.168ms
[30.587s][info][gc] GC(14104) Pause Young (Allocation Failure) 14M->10M(15M) 0.125ms
[30.588s][info][gc] GC(14105) Pause Young (Allocation Failure) 14M->10M(15M) 0.215ms
[30.589s][info][gc] GC(14106) Pause Young (Allocation Failure) 15M->15M(15M) 0.025ms
[30.596s][info][gc] GC(14107) Pause Full (Allocation Failure) 15M->6M(15M) 7.270ms
[30.597s][info][gc] GC(14108) Pause Young (Allocation Failure) 11M->7M(15M) 0.220ms
[30.598s][info][gc] GC(14109) Pause Young (Allocation Failure) 11M->7M(15M) 0.176ms
[30.599s][info][gc] GC(14110) Pause Young (Allocation Failure) 11M->7M(15M) 0.200ms
[30.600s][info][gc] GC(14111) Pause Young (Allocation Failure) 12M->7M(15M) 0.159ms
[30.601s][info][gc] GC(14112) Pause Young (Allocation Failure) 11M->7M(15M) 0.179ms
[30.602s][info][gc] GC(14113) Pause Young (Allocation Failure) 12M->7M(15M) 0.166ms
[30.603s][info][gc] GC(14114) Pause Young (Allocation Failure) 11M->7M(15M) 0.167ms
[30.604s][info][gc] GC(14115) Pause Young (Allocation Failure) 11M->7M(15M) 0.184ms
[30.605s][info][gc] GC(14116) Pause Young (Allocation Failure) 12M->7M(15M) 0.180ms
[30.606s][info][gc] GC(14117) Pause Young (Allocation Failure) 12M->8M(15M) 0.209ms
[30.607s][info][gc] GC(14118) Pause Young (Allocation Failure) 12M->8M(15M) 0.204ms
[30.607s][info][gc] GC(14119) Pause Young (Allocation Failure) 12M->8M(15M) 0.193ms
[30.608s][info][gc] GC(14120) Pause Young (Allocation Failure) 12M->9M(15M) 0.216ms
[30.609s][info][gc] GC(14121) Pause Young (Allocation Failure) 13M->8M(15M) 0.171ms
[30.610s][info][gc] GC(14122) Pause Young (Allocation Failure) 13M->8M(15M) 0.157ms
[30.610s][info][gc] GC(14123) Pause Young (Allocation Failure) 13M->9M(15M) 0.181ms
[30.611s][info][gc] GC(14124) Pause Young (Allocation Failure) 13M->9M(15M) 0.185ms
[30.612s][info][gc] GC(14125) Pause Young (Allocation Failure) 13M->8M(15M) 0.163ms
[30.613s][info][gc] GC(14126) Pause Young (Allocation Failure) 13M->9M(15M) 0.186ms
[30.614s][info][gc] GC(14127) Pause Young (Allocation Failure) 13M->8M(15M) 0.163ms
[30.614s][info][gc] GC(14128) Pause Young (Allocation Failure) 13M->9M(15M) 0.181ms
[30.615s][info][gc] GC(14129) Pause Young (Allocation Failure) 13M->9M(15M) 0.206ms
[30.616s][info][gc] GC(14130) Pause Young (Allocation Failure) 14M->9M(15M) 0.172ms
[30.617s][info][gc] GC(14131) Pause Young (Allocation Failure) 14M->9M(15M) 0.169ms
[30.618s][info][gc] GC(14132) Pause Young (Allocation Failure) 13M->9M(15M) 0.186ms
[30.619s][info][gc] GC(14133) Pause Young (Allocation Failure) 14M->10M(15M) 0.173ms
[30.619s][info][gc] GC(14134) Pause Young (Allocation Failure) 14M->9M(15M) 0.159ms
[30.620s][info][gc] GC(14135) Pause Young (Allocation Failure) 14M->9M(15M) 0.158ms
[30.621s][info][gc] GC(14136) Pause Young (Allocation Failure) 14M->10M(15M) 0.192ms
[30.622s][info][gc] GC(14137) Pause Young (Allocation Failure) 14M->10M(15M) 0.167ms
[30.623s][info][gc] GC(14138) Pause Young (Allocation Failure) 14M->10M(15M) 0.203ms
[30.623s][info][gc] GC(14139) Pause Young (Allocation Failure) 15M->15M(15M) 0.025ms
[30.630s][info][gc] GC(14140) Pause Full (Allocation Failure) 15M->6M(15M) 6.804ms
[30.631s][info][gc] GC(14141) Pause Young (Allocation Failure) 10M->7M(15M) 0.190ms
[30.632s][info][gc] GC(14142) Pause Young (Allocation Failure) 11M->7M(15M) 0.190ms
[30.633s][info][gc] GC(14143) Pause Young (Allocation Failure) 11M->7M(15M) 0.172ms
[30.634s][info][gc] GC(14144) Pause Young (Allocation Failure) 11M->7M(15M) 0.195ms
[30.635s][info][gc] GC(14145) Pause Young (Allocation Failure) 11M->7M(15M) 0.196ms
[30.636s][info][gc] GC(14146) Pause Young (Allocation Failure) 11M->7M(15M) 0.189ms
[30.637s][info][gc] GC(14147) Pause Young (Allocation Failure) 11M->7M(15M) 0.242ms
[30.638s][info][gc] GC(14148) Pause Young (Allocation Failure) 12M->7M(15M) 0.252ms
[30.639s][info][gc] GC(14149) Pause Young (Allocation Failure) 12M->7M(15M) 0.192ms
[30.639s][info][gc] GC(14150) Pause Young (Allocation Failure) 12M->8M(15M) 0.207ms
[30.640s][info][gc] GC(14151) Pause Young (Allocation Failure) 12M->8M(15M) 0.175ms
[30.641s][info][gc] GC(14152) Pause Young (Allocation Failure) 12M->8M(15M) 0.180ms
[30.642s][info][gc] GC(14153) Pause Young (Allocation Failure) 12M->7M(15M) 0.176ms
[30.643s][info][gc] GC(14154) Pause Young (Allocation Failure) 12M->8M(15M) 0.200ms
[30.644s][info][gc] GC(14155) Pause Young (Allocation Failure) 12M->8M(15M) 0.173ms
[30.645s][info][gc] GC(14156) Pause Young (Allocation Failure) 12M->7M(15M) 0.166ms
[30.645s][info][gc] GC(14157) Pause Young (Allocation Failure) 12M->8M(15M) 0.159ms
[30.646s][info][gc] GC(14158) Pause Young (Allocation Failure) 12M->8M(15M) 0.188ms
[30.647s][info][gc] GC(14159) Pause Young (Allocation Failure) 12M->8M(15M) 0.194ms
[30.648s][info][gc] GC(14160) Pause Young (Allocation Failure) 13M->8M(15M) 0.174ms
[30.649s][info][gc] GC(14161) Pause Young (Allocation Failure) 13M->9M(15M) 0.212ms
[30.650s][info][gc] GC(14162) Pause Young (Allocation Failure) 13M->9M(15M) 0.196ms
[30.650s][info][gc] GC(14163) Pause Young (Allocation Failure) 13M->9M(15M) 0.191ms
[30.651s][info][gc] GC(14164) Pause Young (Allocation Failure) 13M->9M(15M) 0.215ms
[30.652s][info][gc] GC(14165) Pause Young (Allocation Failure) 14M->10M(15M) 0.219ms
[30.653s][info][gc] GC(14166) Pause Young (Allocation Failure) 14M->9M(15M) 0.171ms
[30.654s][info][gc] GC(14167) Pause Young (Allocation Failure) 14M->9M(15M) 0.167ms
[30.655s][info][gc] GC(14168) Pause Young (Allocation Failure) 14M->10M(15M) 0.176ms
[30.655s][info][gc] GC(14169) Pause Young (Allocation Failure) 14M->9M(15M) 0.172ms
[30.656s][info][gc] GC(14170) Pause Young (Allocation Failure) 14M->9M(15M) 0.166ms
[30.657s][info][gc] GC(14171) Pause Young (Allocation Failure) 14M->10M(15M) 0.199ms
[30.658s][info][gc] GC(14172) Pause Young (Allocation Failure) 14M->10M(15M) 0.216ms
[30.658s][info][gc] GC(14173) Pause Young (Allocation Failure) 15M->15M(15M) 0.025ms
[30.665s][info][gc] GC(14174) Pause Full (Allocation Failure) 15M->6M(15M) 7.012ms
[30.666s][info][gc] GC(14175) Pause Young (Allocation Failure) 11M->7M(15M) 0.214ms
[30.667s][info][gc] GC(14176) Pause Young (Allocation Failure) 11M->7M(15M) 0.187ms
[30.668s][info][gc] GC(14177) Pause Young (Allocation Failure) 11M->7M(15M) 0.185ms
[30.669s][info][gc] GC(14178) Pause Young (Allocation Failure) 11M->7M(15M) 0.187ms
[30.670s][info][gc] GC(14179) Pause Young (Allocation Failure) 11M->7M(15M) 0.171ms
[30.671s][info][gc] GC(14180) Pause Young (Allocation Failure) 12M->7M(15M) 0.163ms
[30.672s][info][gc] GC(14181) Pause Young (Allocation Failure) 11M->7M(15M) 0.185ms
[30.672s][info][gc] GC(14182) Pause Young (Allocation Failure) 12M->7M(15M) 0.185ms
[30.673s][info][gc] GC(14183) Pause Young (Allocation Failure) 12M->7M(15M) 0.176ms
[30.674s][info][gc] GC(14184) Pause Young (Allocation Failure) 12M->7M(15M) 0.169ms
[30.675s][info][gc] GC(14185) Pause Young (Allocation Failure) 11M->7M(15M) 0.156ms
[30.676s][info][gc] GC(14186) Pause Young (Allocation Failure) 12M->8M(15M) 0.194ms
[30.677s][info][gc] GC(14187) Pause Young (Allocation Failure) 12M->8M(15M) 0.239ms
[30.678s][info][gc] GC(14188) Pause Young (Allocation Failure) 13M->8M(15M) 0.198ms
[30.678s][info][gc] GC(14189) Pause Young (Allocation Failure) 13M->8M(15M) 0.177ms
[30.679s][info][gc] GC(14190) Pause Young (Allocation Failure) 13M->8M(15M) 0.170ms
[30.680s][info][gc] GC(14191) Pause Young (Allocation Failure) 13M->8M(15M) 0.181ms
[30.681s][info][gc] GC(14192) Pause Young (Allocation Failure) 13M->9M(15M) 0.168ms
[30.682s][info][gc] GC(14193) Pause Young (Allocation Failure) 13M->9M(15M) 0.164ms
[30.683s][info][gc] GC(14194) Pause Young (Allocation Failure) 13M->9M(15M) 0.191ms
[30.684s][info][gc] GC(14195) Pause Young (Allocation Failure) 13M->8M(15M) 0.164ms
[30.684s][info][gc] GC(14196) Pause Young (Allocation Failure) 13M->9M(15M) 0.196ms
[30.685s][info][gc] GC(14197) Pause Young (Allocation Failure) 13M->9M(15M) 0.194ms
[30.686s][info][gc] GC(14198) Pause Young (Allocation Failure) 13M->9M(15M) 0.178ms
[30.687s][info][gc] GC(14199) Pause Young (Allocation Failure) 13M->9M(15M) 0.170ms
[30.688s][info][gc] GC(14200) Pause Young (Allocation Failure) 13M->9M(15M) 0.168ms
[30.689s][info][gc] GC(14201) Pause Young (Allocation Failure) 13M->9M(15M) 0.184ms
[30.690s][info][gc] GC(14202) Pause Young (Allocation Failure) 13M->9M(15M) 0.161ms
[30.690s][info][gc] GC(14203) Pause Young (Allocation Failure) 13M->9M(15M) 0.186ms
[30.691s][info][gc] GC(14204) Pause Young (Allocation Failure) 13M->9M(15M) 0.195ms
[30.692s][info][gc] GC(14205) Pause Young (Allocation Failure) 14M->9M(15M) 0.179ms
[30.693s][info][gc] GC(14206) Pause Young (Allocation Failure) 13M->9M(15M) 0.191ms
[30.694s][info][gc] GC(14207) Pause Young (Allocation Failure) 14M->10M(15M) 0.199ms
[30.695s][info][gc] GC(14208) Pause Young (Allocation Failure) 14M->10M(15M) 0.181ms
[30.695s][info][gc] GC(14209) Pause Young (Allocation Failure) 14M->9M(15M) 0.168ms
[30.696s][info][gc] GC(14210) Pause Young (Allocation Failure) 14M->9M(15M) 0.165ms
[30.697s][info][gc] GC(14211) Pause Young (Allocation Failure) 14M->10M(15M) 0.175ms
[30.698s][info][gc] GC(14212) Pause Young (Allocation Failure) 14M->10M(15M) 0.187ms
[30.699s][info][gc] GC(14213) Pause Young (Allocation Failure) 14M->10M(15M) 0.197ms
[30.700s][info][gc] GC(14214) Pause Young (Allocation Failure) 14M->10M(15M) 0.181ms
[30.701s][info][gc] GC(14215) Pause Young (Allocation Failure) 14M->10M(15M) 0.165ms
[30.701s][info][gc] GC(14216) Pause Young (Allocation Failure) 14M->10M(15M) 0.163ms
[30.702s][info][gc] GC(14217) Pause Young (Allocation Failure) 14M->10M(15M) 0.161ms
[30.703s][info][gc] GC(14218) Pause Young (Allocation Failure) 14M->10M(15M) 0.161ms
[30.704s][info][gc] GC(14219) Pause Young (Allocation Failure) 14M->10M(15M) 0.174ms
[30.705s][info][gc] GC(14220) Pause Young (Allocation Failure) 14M->10M(15M) 0.180ms
[30.705s][info][gc] GC(14221) Pause Young (Allocation Failure) 14M->10M(15M) 0.203ms
[30.706s][info][gc] GC(14222) Pause Young (Allocation Failure) 15M->10M(15M) 0.202ms
[30.707s][info][gc] GC(14223) Pause Young (Allocation Failure) 15M->15M(15M) 0.025ms
[30.714s][info][gc] GC(14224) Pause Full (Allocation Failure) 15M->6M(15M) 7.159ms
[30.715s][info][gc] GC(14225) Pause Young (Allocation Failure) 10M->6M(15M) 0.223ms
[30.716s][info][gc] GC(14226) Pause Young (Allocation Failure) 11M->7M(15M) 0.196ms
[30.717s][info][gc] GC(14227) Pause Young (Allocation Failure) 11M->6M(15M) 0.170ms
[30.718s][info][gc] GC(14228) Pause Young (Allocation Failure) 11M->6M(15M) 0.182ms
[30.719s][info][gc] GC(14229) Pause Young (Allocation Failure) 11M->7M(15M) 0.195ms
[30.720s][info][gc] GC(14230) Pause Young (Allocation Failure) 11M->6M(15M) 0.168ms
[30.720s][info][gc] GC(14231) Pause Young (Allocation Failure) 11M->7M(15M) 0.176ms
[30.721s][info][gc] GC(14232) Pause Young (Allocation Failure) 11M->6M(15M) 0.162ms
[30.722s][info][gc] GC(14233) Pause Young (Allocation Failure) 11M->7M(15M) 0.174ms
[30.723s][info][gc] GC(14234) Pause Young (Allocation Failure) 11M->6M(15M) 0.174ms
[30.724s][info][gc] GC(14235) Pause Young (Allocation Failure) 11M->6M(15M) 0.161ms
[30.725s][info][gc] GC(14236) Pause Young (Allocation Failure) 11M->7M(15M) 0.178ms
[30.725s][info][gc] GC(14237) Pause Young (Allocation Failure) 11M->6M(15M) 0.168ms
[30.726s][info][gc] GC(14238) Pause Young (Allocation Failure) 11M->7M(15M) 0.181ms
[30.727s][info][gc] GC(14239) Pause Young (Allocation Failure) 11M->6M(15M) 0.167ms
[30.728s][info][gc] GC(14240) Pause Young (Allocation Failure) 11M->7M(15M) 0.186ms
[30.729s][info][gc] GC(14241) Pause Young (Allocation Failure) 11M->7M(15M) 0.179ms
[30.729s][info][gc] GC(14242) Pause Young (Allocation Failure) 11M->7M(15M) 0.222ms
[30.730s][info][gc] GC(14243) Pause Young (Allocation Failure) 12M->7M(15M) 0.166ms
[30.731s][info][gc] GC(14244) Pause Young (Allocation Failure) 11M->7M(15M) 0.179ms
[30.732s][info][gc] GC(14245) Pause Young (Allocation Failure) 12M->7M(15M) 0.171ms
[30.733s][info][gc] GC(14246) Pause Young (Allocation Failure) 11M->7M(15M) 0.173ms
[30.734s][info][gc] GC(14247) Pause Young (Allocation Failure) 12M->8M(15M) 0.157ms
[30.734s][info][gc] GC(14248) Pause Young (Allocation Failure) 12M->7M(15M) 0.178ms
[30.735s][info][gc] GC(14249) Pause Young (Allocation Failure) 12M->7M(15M) 0.163ms
[30.736s][info][gc] GC(14250) Pause Young (Allocation Failure) 11M->8M(15M) 0.206ms
[30.737s][info][gc] GC(14251) Pause Young (Allocation Failure) 12M->8M(15M) 0.167ms
[30.738s][info][gc] GC(14252) Pause Young (Allocation Failure) 12M->8M(15M) 0.167ms
[30.738s][info][gc] GC(14253) Pause Young (Allocation Failure) 12M->8M(15M) 0.182ms
[30.739s][info][gc] GC(14254) Pause Young (Allocation Failure) 12M->8M(15M) 0.171ms
[30.740s][info][gc] GC(14255) Pause Young (Allocation Failure) 12M->8M(15M) 0.160ms
[30.741s][info][gc] GC(14256) Pause Young (Allocation Failure) 12M->8M(15M) 0.180ms
[30.742s][info][gc] GC(14257) Pause Young (Allocation Failure) 12M->8M(15M) 0.138ms
[30.743s][info][gc] GC(14258) Pause Young (Allocation Failure) 12M->8M(15M) 0.164ms
[30.743s][info][gc] GC(14259) Pause Young (Allocation Failure) 12M->8M(15M) 0.172ms
[30.744s][info][gc] GC(14260) Pause Young (Allocation Failure) 12M->8M(15M) 0.210ms
[30.745s][info][gc] GC(14261) Pause Young (Allocation Failure) 13M->8M(15M) 0.164ms
[30.746s][info][gc] GC(14262) Pause Young (Allocation Failure) 12M->8M(15M) 0.186ms
[30.747s][info][gc] GC(14263) Pause Young (Allocation Failure) 13M->8M(15M) 0.178ms
[30.748s][info][gc] GC(14264) Pause Young (Allocation Failure) 13M->8M(15M) 0.161ms
[30.748s][info][gc] GC(14265) Pause Young (Allocation Failure) 13M->9M(15M) 0.164ms
[30.749s][info][gc] GC(14266) Pause Young (Allocation Failure) 13M->8M(15M) 0.168ms
[30.750s][info][gc] GC(14267) Pause Young (Allocation Failure) 13M->9M(15M) 0.154ms
[30.751s][info][gc] GC(14268) Pause Young (Allocation Failure) 13M->9M(15M) 0.166ms
[30.752s][info][gc] GC(14269) Pause Young (Allocation Failure) 13M->8M(15M) 0.148ms
[30.753s][info][gc] GC(14270) Pause Young (Allocation Failure) 13M->9M(15M) 0.162ms
[30.753s][info][gc] GC(14271) Pause Young (Allocation Failure) 13M->9M(15M) 0.153ms
[30.754s][info][gc] GC(14272) Pause Young (Allocation Failure) 13M->9M(15M) 0.182ms
[30.755s][info][gc] GC(14273) Pause Young (Allocation Failure) 13M->9M(15M) 0.145ms
[30.756s][info][gc] GC(14274) Pause Young (Allocation Failure) 13M->9M(15M) 0.159ms
[30.756s][info][gc] GC(14275) Pause Young (Allocation Failure) 13M->9M(15M) 0.173ms
[30.757s][info][gc] GC(14276) Pause Young (Allocation Failure) 13M->9M(15M) 0.199ms
[30.758s][info][gc] GC(14277) Pause Young (Allocation Failure) 14M->9M(15M) 0.168ms
[30.759s][info][gc] GC(14278) Pause Young (Allocation Failure) 13M->10M(15M) 0.190ms
[30.760s][info][gc] GC(14279) Pause Young (Allocation Failure) 14M->10M(15M) 0.191ms
[30.761s][info][gc] GC(14280) Pause Young (Allocation Failure) 14M->10M(15M) 0.195ms
[30.762s][info][gc] GC(14281) Pause Young (Allocation Failure) 14M->10M(15M) 0.182ms
[30.763s][info][gc] GC(14282) Pause Young (Allocation Failure) 14M->10M(15M) 0.181ms
[30.763s][info][gc] GC(14283) Pause Young (Allocation Failure) 14M->10M(15M) 0.163ms
[30.764s][info][gc] GC(14284) Pause Young (Allocation Failure) 14M->10M(15M) 0.177ms
[30.765s][info][gc] GC(14285) Pause Young (Allocation Failure) 15M->10M(15M) 0.159ms
[30.766s][info][gc] GC(14286) Pause Young (Allocation Failure) 15M->10M(15M) 0.148ms
[30.767s][info][gc] GC(14287) Pause Young (Allocation Failure) 14M->10M(15M) 0.154ms
[30.767s][info][gc] GC(14288) Pause Young (Allocation Failure) 14M->10M(15M) 0.170ms
[30.768s][info][gc] GC(14289) Pause Young (Allocation Failure) 15M->15M(15M) 0.025ms
[30.775s][info][gc] GC(14290) Pause Full (Allocation Failure) 15M->6M(15M) 7.121ms
[30.776s][info][gc] GC(14291) Pause Young (Allocation Failure) 11M->7M(15M) 0.206ms
[30.777s][info][gc] GC(14292) Pause Young (Allocation Failure) 11M->7M(15M) 0.215ms
[30.778s][info][gc] GC(14293) Pause Young (Allocation Failure) 11M->7M(15M) 0.161ms
[30.779s][info][gc] GC(14294) Pause Young (Allocation Failure) 11M->7M(15M) 0.178ms
[30.780s][info][gc] GC(14295) Pause Young (Allocation Failure) 11M->7M(15M) 0.166ms
[30.781s][info][gc] GC(14296) Pause Young (Allocation Failure) 11M->7M(15M) 0.175ms
[30.782s][info][gc] GC(14297) Pause Young (Allocation Failure) 11M->7M(15M) 0.164ms
[30.782s][info][gc] GC(14298) Pause Young (Allocation Failure) 11M->7M(15M) 0.171ms
[30.783s][info][gc] GC(14299) Pause Young (Allocation Failure) 11M->7M(15M) 0.191ms
[30.784s][info][gc] GC(14300) Pause Young (Allocation Failure) 11M->7M(15M) 0.172ms
[30.785s][info][gc] GC(14301) Pause Young (Allocation Failure) 11M->7M(15M) 0.162ms
[30.786s][info][gc] GC(14302) Pause Young (Allocation Failure) 12M->8M(15M) 0.195ms
[30.787s][info][gc] GC(14303) Pause Young (Allocation Failure) 12M->7M(15M) 0.160ms
[30.787s][info][gc] GC(14304) Pause Young (Allocation Failure) 12M->7M(15M) 0.161ms
[30.788s][info][gc] GC(14305) Pause Young (Allocation Failure) 12M->7M(15M) 0.171ms
[30.789s][info][gc] GC(14306) Pause Young (Allocation Failure) 12M->8M(15M) 0.179ms
[30.790s][info][gc] GC(14307) Pause Young (Allocation Failure) 12M->8M(15M) 0.187ms
[30.791s][info][gc] GC(14308) Pause Young (Allocation Failure) 12M->8M(15M) 0.175ms
[30.792s][info][gc] GC(14309) Pause Young (Allocation Failure) 12M->8M(15M) 0.171ms
[30.792s][info][gc] GC(14310) Pause Young (Allocation Failure) 12M->7M(15M) 0.170ms
[30.793s][info][gc] GC(14311) Pause Young (Allocation Failure) 12M->7M(15M) 0.163ms
[30.794s][info][gc] GC(14312) Pause Young (Allocation Failure) 12M->8M(15M) 0.193ms
[30.795s][info][gc] GC(14313) Pause Young (Allocation Failure) 12M->8M(15M) 0.200ms
[30.796s][info][gc] GC(14314) Pause Young (Allocation Failure) 12M->8M(15M) 0.185ms
[30.796s][info][gc] GC(14315) Pause Young (Allocation Failure) 12M->8M(15M) 0.186ms
[30.797s][info][gc] GC(14316) Pause Young (Allocation Failure) 12M->9M(15M) 0.216ms
[30.798s][info][gc] GC(14317) Pause Young (Allocation Failure) 13M->8M(15M) 0.166ms
[30.799s][info][gc] GC(14318) Pause Young (Allocation Failure) 13M->8M(15M) 0.158ms
[30.800s][info][gc] GC(14319) Pause Young (Allocation Failure) 13M->9M(15M) 0.187ms
[30.801s][info][gc] GC(14320) Pause Young (Allocation Failure) 13M->9M(15M) 0.149ms
[30.801s][info][gc] GC(14321) Pause Young (Allocation Failure) 13M->9M(15M) 0.168ms
[30.802s][info][gc] GC(14322) Pause Young (Allocation Failure) 13M->9M(15M) 0.186ms
[30.803s][info][gc] GC(14323) Pause Young (Allocation Failure) 13M->9M(15M) 0.167ms
[30.804s][info][gc] GC(14324) Pause Young (Allocation Failure) 13M->9M(15M) 0.121ms
[30.805s][info][gc] GC(14325) Pause Young (Allocation Failure) 13M->9M(15M) 0.175ms
[30.806s][info][gc] GC(14326) Pause Young (Allocation Failure) 14M->10M(15M) 0.178ms
[30.806s][info][gc] GC(14327) Pause Young (Allocation Failure) 14M->10M(15M) 0.162ms
[30.807s][info][gc] GC(14328) Pause Young (Allocation Failure) 14M->9M(15M) 0.142ms
[30.808s][info][gc] GC(14329) Pause Young (Allocation Failure) 13M->10M(15M) 0.185ms
[30.809s][info][gc] GC(14330) Pause Young (Allocation Failure) 14M->10M(15M) 0.179ms
[30.810s][info][gc] GC(14331) Pause Young (Allocation Failure) 14M->10M(15M) 0.169ms
[30.811s][info][gc] GC(14332) Pause Young (Allocation Failure) 14M->10M(15M) 0.149ms
[30.811s][info][gc] GC(14333) Pause Young (Allocation Failure) 14M->11M(15M) 0.156ms
[30.812s][info][gc] GC(14334) Pause Young (Allocation Failure) 15M->15M(15M) 0.019ms
[30.819s][info][gc] GC(14335) Pause Full (Allocation Failure) 15M->6M(15M) 6.986ms
[30.820s][info][gc] GC(14336) Pause Young (Allocation Failure) 10M->7M(15M) 0.258ms
[30.821s][info][gc] GC(14337) Pause Young (Allocation Failure) 11M->7M(15M) 0.225ms
[30.822s][info][gc] GC(14338) Pause Young (Allocation Failure) 12M->7M(15M) 0.160ms
[30.822s][info][gc] GC(14339) Pause Young (Allocation Failure) 11M->8M(15M) 0.194ms
[30.823s][info][gc] GC(14340) Pause Young (Allocation Failure) 12M->7M(15M) 0.173ms
[30.824s][info][gc] GC(14341) Pause Young (Allocation Failure) 12M->8M(15M) 0.205ms
[30.825s][info][gc] GC(14342) Pause Young (Allocation Failure) 12M->7M(15M) 0.170ms
[30.826s][info][gc] GC(14343) Pause Young (Allocation Failure) 12M->8M(15M) 0.181ms
[30.827s][info][gc] GC(14344) Pause Young (Allocation Failure) 12M->8M(15M) 0.216ms
[30.828s][info][gc] GC(14345) Pause Young (Allocation Failure) 12M->8M(15M) 0.176ms
[30.829s][info][gc] GC(14346) Pause Young (Allocation Failure) 13M->8M(15M) 0.182ms
[30.830s][info][gc] GC(14347) Pause Young (Allocation Failure) 13M->8M(15M) 0.191ms
[30.830s][info][gc] GC(14348) Pause Young (Allocation Failure) 13M->9M(15M) 0.219ms
[30.831s][info][gc] GC(14349) Pause Young (Allocation Failure) 13M->9M(15M) 0.166ms
[30.832s][info][gc] GC(14350) Pause Young (Allocation Failure) 13M->9M(15M) 0.171ms
[30.833s][info][gc] GC(14351) Pause Young (Allocation Failure) 13M->9M(15M) 0.202ms
[30.834s][info][gc] GC(14352) Pause Young (Allocation Failure) 13M->9M(15M) 0.191ms
[30.835s][info][gc] GC(14353) Pause Young (Allocation Failure) 14M->10M(15M) 0.226ms
[30.836s][info][gc] GC(14354) Pause Young (Allocation Failure) 14M->10M(15M) 0.194ms
[30.837s][info][gc] GC(14355) Pause Young (Allocation Failure) 14M->9M(15M) 0.181ms
[30.838s][info][gc] GC(14356) Pause Young (Allocation Failure) 14M->9M(15M) 0.197ms
[30.839s][info][gc] GC(14357) Pause Young (Allocation Failure) 14M->9M(15M) 0.167ms
[30.840s][info][gc] GC(14358) Pause Young (Allocation Failure) 14M->10M(15M) 0.211ms
[30.841s][info][gc] GC(14359) Pause Young (Allocation Failure) 14M->10M(15M) 0.217ms
[30.841s][info][gc] GC(14360) Pause Young (Allocation Failure) 14M->10M(15M) 0.228ms
[30.843s][info][gc] GC(14361) Pause Young (Allocation Failure) 14M->10M(15M) 0.182ms
[30.844s][info][gc] GC(14362) Pause Young (Allocation Failure) 14M->10M(15M) 0.212ms
[30.844s][info][gc] GC(14363) Pause Young (Allocation Failure) 14M->10M(15M) 0.172ms
[30.845s][info][gc] GC(14364) Pause Young (Allocation Failure) 14M->10M(15M) 0.225ms
[30.846s][info][gc] GC(14365) Pause Young (Allocation Failure) 15M->15M(15M) 0.025ms
[30.854s][info][gc] GC(14366) Pause Full (Allocation Failure) 15M->6M(15M) 8.132ms
[30.855s][info][gc] GC(14367) Pause Young (Allocation Failure) 10M->7M(15M) 0.336ms
[30.856s][info][gc] GC(14368) Pause Young (Allocation Failure) 11M->6M(15M) 0.209ms
[30.857s][info][gc] GC(14369) Pause Young (Allocation Failure) 11M->7M(15M) 0.195ms
[30.858s][info][gc] GC(14370) Pause Young (Allocation Failure) 11M->7M(15M) 0.209ms
[30.859s][info][gc] GC(14371) Pause Young (Allocation Failure) 11M->7M(15M) 0.180ms
[30.860s][info][gc] GC(14372) Pause Young (Allocation Failure) 11M->7M(15M) 0.197ms
[30.861s][info][gc] GC(14373) Pause Young (Allocation Failure) 11M->7M(15M) 0.190ms
[30.862s][info][gc] GC(14374) Pause Young (Allocation Failure) 11M->7M(15M) 0.184ms
[30.863s][info][gc] GC(14375) Pause Young (Allocation Failure) 11M->7M(15M) 0.177ms
[30.864s][info][gc] GC(14376) Pause Young (Allocation Failure) 11M->7M(15M) 0.166ms
[30.864s][info][gc] GC(14377) Pause Young (Allocation Failure) 11M->7M(15M) 0.172ms
[30.865s][info][gc] GC(14378) Pause Young (Allocation Failure) 11M->7M(15M) 0.223ms
[30.866s][info][gc] GC(14379) Pause Young (Allocation Failure) 12M->7M(15M) 0.212ms
[30.867s][info][gc] GC(14380) Pause Young (Allocation Failure) 12M->7M(15M) 0.191ms
[30.868s][info][gc] GC(14381) Pause Young (Allocation Failure) 12M->7M(15M) 0.194ms
[30.869s][info][gc] GC(14382) Pause Young (Allocation Failure) 12M->7M(15M) 0.173ms
[30.870s][info][gc] GC(14383) Pause Young (Allocation Failure) 11M->7M(15M) 0.164ms
[30.870s][info][gc] GC(14384) Pause Young (Allocation Failure) 11M->8M(15M) 0.219ms
[30.871s][info][gc] GC(14385) Pause Young (Allocation Failure) 12M->8M(15M) 0.180ms
[30.872s][info][gc] GC(14386) Pause Young (Allocation Failure) 12M->8M(15M) 0.180ms
[30.873s][info][gc] GC(14387) Pause Young (Allocation Failure) 12M->8M(15M) 0.151ms
[30.874s][info][gc] GC(14388) Pause Young (Allocation Failure) 12M->8M(15M) 0.180ms
[30.875s][info][gc] GC(14389) Pause Young (Allocation Failure) 12M->8M(15M) 0.190ms
[30.876s][info][gc] GC(14390) Pause Young (Allocation Failure) 12M->8M(15M) 0.216ms
[30.876s][info][gc] GC(14391) Pause Young (Allocation Failure) 12M->8M(15M) 0.173ms
[30.877s][info][gc] GC(14392) Pause Young (Allocation Failure) 12M->9M(15M) 0.224ms
[30.878s][info][gc] GC(14393) Pause Young (Allocation Failure) 13M->8M(15M) 0.171ms
[30.879s][info][gc] GC(14394) Pause Young (Allocation Failure) 13M->9M(15M) 0.202ms
[30.880s][info][gc] GC(14395) Pause Young (Allocation Failure) 13M->8M(15M) 0.170ms
[30.880s][info][gc] GC(14396) Pause Young (Allocation Failure) 13M->9M(15M) 0.180ms
[30.881s][info][gc] GC(14397) Pause Young (Allocation Failure) 13M->9M(15M) 0.208ms
[30.882s][info][gc] GC(14398) Pause Young (Allocation Failure) 13M->9M(15M) 0.167ms
[30.883s][info][gc] GC(14399) Pause Young (Allocation Failure) 13M->9M(15M) 0.209ms
[30.884s][info][gc] GC(14400) Pause Young (Allocation Failure) 14M->9M(15M) 0.170ms
[30.884s][info][gc] GC(14401) Pause Young (Allocation Failure) 13M->10M(15M) 0.162ms
[30.885s][info][gc] GC(14402) Pause Young (Allocation Failure) 14M->10M(15M) 0.200ms
[30.886s][info][gc] GC(14403) Pause Young (Allocation Failure) 14M->9M(15M) 0.169ms
[30.887s][info][gc] GC(14404) Pause Young (Allocation Failure) 14M->10M(15M) 0.159ms
[30.888s][info][gc] GC(14405) Pause Young (Allocation Failure) 14M->10M(15M) 0.205ms
[30.889s][info][gc] GC(14406) Pause Young (Allocation Failure) 14M->10M(15M) 0.172ms
[30.889s][info][gc] GC(14407) Pause Young (Allocation Failure) 14M->10M(15M) 0.174ms
[30.890s][info][gc] GC(14408) Pause Young (Allocation Failure) 14M->10M(15M) 0.169ms
[30.891s][info][gc] GC(14409) Pause Young (Allocation Failure) 14M->10M(15M) 0.175ms
[30.892s][info][gc] GC(14410) Pause Young (Allocation Failure) 14M->10M(15M) 0.177ms
[30.893s][info][gc] GC(14411) Pause Young (Allocation Failure) 14M->10M(15M) 0.206ms
[30.894s][info][gc] GC(14412) Pause Young (Allocation Failure) 15M->10M(15M) 0.196ms
[30.895s][info][gc] GC(14413) Pause Young (Allocation Failure) 15M->15M(15M) 0.025ms
[30.903s][info][gc] GC(14414) Pause Full (Allocation Failure) 15M->6M(15M) 7.818ms
[30.904s][info][gc] GC(14415) Pause Young (Allocation Failure) 10M->6M(15M) 0.328ms
[30.905s][info][gc] GC(14416) Pause Young (Allocation Failure) 11M->6M(15M) 0.207ms
[30.906s][info][gc] GC(14417) Pause Young (Allocation Failure) 10M->6M(15M) 0.221ms
[30.907s][info][gc] GC(14418) Pause Young (Allocation Failure) 11M->6M(15M) 0.184ms
[30.908s][info][gc] GC(14419) Pause Young (Allocation Failure) 10M->6M(15M) 0.195ms
[30.909s][info][gc] GC(14420) Pause Young (Allocation Failure) 11M->6M(15M) 0.176ms
[30.910s][info][gc] GC(14421) Pause Young (Allocation Failure) 10M->6M(15M) 0.211ms
[30.911s][info][gc] GC(14422) Pause Young (Allocation Failure) 11M->6M(15M) 0.185ms
[30.912s][info][gc] GC(14423) Pause Young (Allocation Failure) 10M->6M(15M) 0.227ms
[30.913s][info][gc] GC(14424) Pause Young (Allocation Failure) 11M->6M(15M) 0.213ms
[30.914s][info][gc] GC(14425) Pause Young (Allocation Failure) 11M->6M(15M) 0.172ms
[30.915s][info][gc] GC(14426) Pause Young (Allocation Failure) 10M->6M(15M) 0.202ms
[30.917s][info][gc] GC(14427) Pause Young (Allocation Failure) 10M->7M(15M) 0.749ms
[30.918s][info][gc] GC(14428) Pause Young (Allocation Failure) 11M->6M(15M) 0.193ms
[30.919s][info][gc] GC(14429) Pause Young (Allocation Failure) 11M->6M(15M) 0.184ms
[30.920s][info][gc] GC(14430) Pause Young (Allocation Failure) 11M->6M(15M) 0.169ms
[30.921s][info][gc] GC(14431) Pause Young (Allocation Failure) 11M->7M(15M) 0.174ms
[30.922s][info][gc] GC(14432) Pause Young (Allocation Failure) 11M->7M(15M) 0.210ms
[30.923s][info][gc] GC(14433) Pause Young (Allocation Failure) 11M->7M(15M) 0.166ms
[30.924s][info][gc] GC(14434) Pause Young (Allocation Failure) 11M->7M(15M) 0.171ms
[30.925s][info][gc] GC(14435) Pause Young (Allocation Failure) 11M->7M(15M) 0.243ms
[30.925s][info][gc] GC(14436) Pause Young (Allocation Failure) 12M->7M(15M) 0.165ms
[30.927s][info][gc] GC(14437) Pause Young (Allocation Failure) 11M->8M(15M) 0.433ms
[30.928s][info][gc] GC(14438) Pause Young (Allocation Failure) 12M->8M(15M) 0.207ms
[30.929s][info][gc] GC(14439) Pause Young (Allocation Failure) 12M->8M(15M) 0.159ms
[30.929s][info][gc] GC(14440) Pause Young (Allocation Failure) 12M->8M(15M) 0.161ms
[30.930s][info][gc] GC(14441) Pause Young (Allocation Failure) 12M->8M(15M) 0.203ms
[30.931s][info][gc] GC(14442) Pause Young (Allocation Failure) 12M->8M(15M) 0.193ms
[30.932s][info][gc] GC(14443) Pause Young (Allocation Failure) 13M->8M(15M) 0.143ms
[30.933s][info][gc] GC(14444) Pause Young (Allocation Failure) 12M->8M(15M) 0.164ms
[30.934s][info][gc] GC(14445) Pause Young (Allocation Failure) 13M->8M(15M) 0.166ms
[30.934s][info][gc] GC(14446) Pause Young (Allocation Failure) 12M->8M(15M) 0.166ms
[30.935s][info][gc] GC(14447) Pause Young (Allocation Failure) 12M->8M(15M) 0.147ms
[30.936s][info][gc] GC(14448) Pause Young (Allocation Failure) 12M->8M(15M) 0.160ms
[30.937s][info][gc] GC(14449) Pause Young (Allocation Failure) 12M->8M(15M) 0.170ms
[30.937s][info][gc] GC(14450) Pause Young (Allocation Failure) 13M->9M(15M) 0.169ms
[30.938s][info][gc] GC(14451) Pause Young (Allocation Failure) 13M->8M(15M) 0.150ms
[30.939s][info][gc] GC(14452) Pause Young (Allocation Failure) 13M->9M(15M) 0.160ms
[30.940s][info][gc] GC(14453) Pause Young (Allocation Failure) 13M->9M(15M) 0.215ms
[30.941s][info][gc] GC(14454) Pause Young (Allocation Failure) 13M->9M(15M) 0.181ms
[30.942s][info][gc] GC(14455) Pause Young (Allocation Failure) 13M->9M(15M) 0.177ms
[30.943s][info][gc] GC(14456) Pause Young (Allocation Failure) 13M->9M(15M) 0.186ms
[30.944s][info][gc] GC(14457) Pause Young (Allocation Failure) 13M->9M(15M) 0.159ms
[30.945s][info][gc] GC(14458) Pause Young (Allocation Failure) 13M->9M(15M) 0.163ms
[30.946s][info][gc] GC(14459) Pause Young (Allocation Failure) 13M->9M(15M) 0.173ms
[30.947s][info][gc] GC(14460) Pause Young (Allocation Failure) 13M->9M(15M) 0.184ms
[30.948s][info][gc] GC(14461) Pause Young (Allocation Failure) 14M->9M(15M) 0.176ms
[30.949s][info][gc] GC(14462) Pause Young (Allocation Failure) 14M->10M(15M) 0.206ms
[30.949s][info][gc] GC(14463) Pause Young (Allocation Failure) 14M->10M(15M) 0.189ms
[30.950s][info][gc] GC(14464) Pause Young (Allocation Failure) 14M->10M(15M) 0.205ms
[30.951s][info][gc] GC(14465) Pause Young (Allocation Failure) 14M->10M(15M) 0.196ms
[30.952s][info][gc] GC(14466) Pause Young (Allocation Failure) 14M->10M(15M) 0.187ms
[30.953s][info][gc] GC(14467) Pause Young (Allocation Failure) 14M->10M(15M) 0.190ms
[30.954s][info][gc] GC(14468) Pause Young (Allocation Failure) 14M->10M(15M) 0.172ms
[30.954s][info][gc] GC(14469) Pause Young (Allocation Failure) 14M->10M(15M) 0.192ms
[30.955s][info][gc] GC(14470) Pause Young (Allocation Failure) 15M->10M(15M) 0.165ms
[30.956s][info][gc] GC(14471) Pause Young (Allocation Failure) 14M->10M(15M) 0.198ms
[30.957s][info][gc] GC(14472) Pause Young (Allocation Failure) 15M->15M(15M) 0.023ms
[30.965s][info][gc] GC(14473) Pause Full (Allocation Failure) 15M->6M(15M) 7.700ms
[30.966s][info][gc] GC(14474) Pause Young (Allocation Failure) 10M->7M(15M) 0.242ms
[30.967s][info][gc] GC(14475) Pause Young (Allocation Failure) 11M->7M(15M) 0.228ms
[30.967s][info][gc] GC(14476) Pause Young (Allocation Failure) 11M->7M(15M) 0.181ms
[30.968s][info][gc] GC(14477) Pause Young (Allocation Failure) 11M->7M(15M) 0.193ms
[30.969s][info][gc] GC(14478) Pause Young (Allocation Failure) 11M->7M(15M) 0.202ms
[30.970s][info][gc] GC(14479) Pause Young (Allocation Failure) 11M->7M(15M) 0.232ms
[30.971s][info][gc] GC(14480) Pause Young (Allocation Failure) 12M->7M(15M) 0.179ms
[30.972s][info][gc] GC(14481) Pause Young (Allocation Failure) 12M->7M(15M) 0.171ms
[30.972s][info][gc] GC(14482) Pause Young (Allocation Failure) 12M->8M(15M) 0.202ms
[30.973s][info][gc] GC(14483) Pause Young (Allocation Failure) 12M->8M(15M) 0.177ms
[30.974s][info][gc] GC(14484) Pause Young (Allocation Failure) 12M->8M(15M) 0.198ms
[30.975s][info][gc] GC(14485) Pause Young (Allocation Failure) 12M->8M(15M) 0.163ms
[30.976s][info][gc] GC(14486) Pause Young (Allocation Failure) 12M->8M(15M) 0.167ms
[30.976s][info][gc] GC(14487) Pause Young (Allocation Failure) 12M->8M(15M) 0.180ms
[30.977s][info][gc] GC(14488) Pause Young (Allocation Failure) 12M->8M(15M) 0.179ms
[30.978s][info][gc] GC(14489) Pause Young (Allocation Failure) 12M->8M(15M) 0.153ms
[30.979s][info][gc] GC(14490) Pause Young (Allocation Failure) 12M->8M(15M) 0.183ms
[30.980s][info][gc] GC(14491) Pause Young (Allocation Failure) 12M->8M(15M) 0.177ms
[30.981s][info][gc] GC(14492) Pause Young (Allocation Failure) 12M->8M(15M) 0.179ms
[30.981s][info][gc] GC(14493) Pause Young (Allocation Failure) 12M->8M(15M) 0.174ms
[30.982s][info][gc] GC(14494) Pause Young (Allocation Failure) 12M->8M(15M) 0.166ms
[30.983s][info][gc] GC(14495) Pause Young (Allocation Failure) 12M->8M(15M) 0.298ms
[30.984s][info][gc] GC(14496) Pause Young (Allocation Failure) 12M->9M(15M) 0.300ms
[30.985s][info][gc] GC(14497) Pause Young (Allocation Failure) 13M->8M(15M) 0.184ms
[30.986s][info][gc] GC(14498) Pause Young (Allocation Failure) 13M->8M(15M) 0.272ms
[30.987s][info][gc] GC(14499) Pause Young (Allocation Failure) 13M->9M(15M) 0.316ms
[30.989s][info][gc] GC(14500) Pause Young (Allocation Failure) 13M->9M(15M) 0.237ms
[30.990s][info][gc] GC(14501) Pause Young (Allocation Failure) 13M->9M(15M) 0.277ms
[30.991s][info][gc] GC(14502) Pause Young (Allocation Failure) 13M->8M(15M) 0.217ms
[30.992s][info][gc] GC(14503) Pause Young (Allocation Failure) 12M->9M(15M) 0.309ms
[30.993s][info][gc] GC(14504) Pause Young (Allocation Failure) 13M->9M(15M) 0.292ms
[30.994s][info][gc] GC(14505) Pause Young (Allocation Failure) 13M->9M(15M) 0.364ms
[30.995s][info][gc] GC(14506) Pause Young (Allocation Failure) 13M->9M(15M) 0.252ms
[30.996s][info][gc] GC(14507) Pause Young (Allocation Failure) 14M->9M(15M) 0.206ms
[30.998s][info][gc] GC(14508) Pause Young (Allocation Failure) 13M->10M(15M) 0.281ms
[30.999s][info][gc] GC(14509) Pause Young (Allocation Failure) 14M->10M(15M) 0.260ms
[31.000s][info][gc] GC(14510) Pause Young (Allocation Failure) 14M->10M(15M) 0.206ms
[31.001s][info][gc] GC(14511) Pause Young (Allocation Failure) 14M->10M(15M) 0.203ms
[31.002s][info][gc] GC(14512) Pause Young (Allocation Failure) 14M->10M(15M) 0.239ms
[31.003s][info][gc] GC(14513) Pause Young (Allocation Failure) 14M->10M(15M) 0.171ms
[31.004s][info][gc] GC(14514) Pause Young (Allocation Failure) 14M->10M(15M) 0.171ms
[31.004s][info][gc] GC(14515) Pause Young (Allocation Failure) 14M->10M(15M) 0.169ms
[31.005s][info][gc] GC(14516) Pause Young (Allocation Failure) 14M->10M(15M) 0.160ms
[31.006s][info][gc] GC(14517) Pause Young (Allocation Failure) 14M->10M(15M) 0.166ms
[31.007s][info][gc] GC(14518) Pause Young (Allocation Failure) 14M->10M(15M) 0.201ms
[31.007s][info][gc] GC(14519) Pause Young (Allocation Failure) 15M->15M(15M) 0.025ms
[31.015s][info][gc] GC(14520) Pause Full (Allocation Failure) 15M->6M(15M) 7.267ms
[31.016s][info][gc] GC(14521) Pause Young (Allocation Failure) 11M->7M(15M) 0.201ms
[31.016s][info][gc] GC(14522) Pause Young (Allocation Failure) 11M->7M(15M) 0.201ms
[31.017s][info][gc] GC(14523) Pause Young (Allocation Failure) 11M->7M(15M) 0.181ms
[31.018s][info][gc] GC(14524) Pause Young (Allocation Failure) 11M->7M(15M) 0.174ms
[31.019s][info][gc] GC(14525) Pause Young (Allocation Failure) 11M->7M(15M) 0.192ms
[31.020s][info][gc] GC(14526) Pause Young (Allocation Failure) 12M->7M(15M) 0.185ms
[31.021s][info][gc] GC(14527) Pause Young (Allocation Failure) 12M->7M(15M) 0.169ms
[31.021s][info][gc] GC(14528) Pause Young (Allocation Failure) 11M->7M(15M) 0.189ms
[31.022s][info][gc] GC(14529) Pause Young (Allocation Failure) 12M->7M(15M) 0.162ms
[31.023s][info][gc] GC(14530) Pause Young (Allocation Failure) 11M->7M(15M) 0.170ms
[31.024s][info][gc] GC(14531) Pause Young (Allocation Failure) 11M->7M(15M) 0.175ms
[31.024s][info][gc] GC(14532) Pause Young (Allocation Failure) 12M->8M(15M) 0.217ms
[31.025s][info][gc] GC(14533) Pause Young (Allocation Failure) 12M->8M(15M) 0.205ms
[31.026s][info][gc] GC(14534) Pause Young (Allocation Failure) 12M->8M(15M) 0.170ms
[31.027s][info][gc] GC(14535) Pause Young (Allocation Failure) 12M->8M(15M) 0.206ms
[31.028s][info][gc] GC(14536) Pause Young (Allocation Failure) 12M->8M(15M) 0.198ms
[31.029s][info][gc] GC(14537) Pause Young (Allocation Failure) 12M->8M(15M) 0.210ms
[31.030s][info][gc] GC(14538) Pause Young (Allocation Failure) 12M->8M(15M) 0.231ms
[31.031s][info][gc] GC(14539) Pause Young (Allocation Failure) 13M->8M(15M) 0.178ms
[31.031s][info][gc] GC(14540) Pause Young (Allocation Failure) 12M->9M(15M) 0.213ms
[31.032s][info][gc] GC(14541) Pause Young (Allocation Failure) 13M->8M(15M) 0.174ms
[31.033s][info][gc] GC(14542) Pause Young (Allocation Failure) 13M->9M(15M) 0.170ms
[31.034s][info][gc] GC(14543) Pause Young (Allocation Failure) 13M->9M(15M) 0.248ms
[31.035s][info][gc] GC(14544) Pause Young (Allocation Failure) 14M->10M(15M) 0.331ms
[31.036s][info][gc] GC(14545) Pause Young (Allocation Failure) 14M->9M(15M) 0.171ms
[31.037s][info][gc] GC(14546) Pause Young (Allocation Failure) 14M->10M(15M) 0.220ms
[31.037s][info][gc] GC(14547) Pause Young (Allocation Failure) 14M->10M(15M) 0.186ms
[31.038s][info][gc] GC(14548) Pause Young (Allocation Failure) 14M->9M(15M) 0.154ms
[31.039s][info][gc] GC(14549) Pause Young (Allocation Failure) 14M->10M(15M) 0.163ms
[31.040s][info][gc] GC(14550) Pause Young (Allocation Failure) 14M->10M(15M) 0.166ms
[31.041s][info][gc] GC(14551) Pause Young (Allocation Failure) 14M->9M(15M) 0.150ms
[31.041s][info][gc] GC(14552) Pause Young (Allocation Failure) 14M->9M(15M) 0.149ms
[31.042s][info][gc] GC(14553) Pause Young (Allocation Failure) 14M->10M(15M) 0.187ms
[31.043s][info][gc] GC(14554) Pause Young (Allocation Failure) 14M->9M(15M) 0.163ms
[31.044s][info][gc] GC(14555) Pause Young (Allocation Failure) 14M->9M(15M) 0.233ms
[31.045s][info][gc] GC(14556) Pause Young (Allocation Failure) 14M->10M(15M) 0.208ms
[31.046s][info][gc] GC(14557) Pause Young (Allocation Failure) 14M->10M(15M) 0.187ms
[31.047s][info][gc] GC(14558) Pause Young (Allocation Failure) 14M->9M(15M) 0.243ms
[31.048s][info][gc] GC(14559) Pause Young (Allocation Failure) 14M->10M(15M) 0.213ms
[31.049s][info][gc] GC(14560) Pause Young (Allocation Failure) 14M->10M(15M) 0.175ms
[31.050s][info][gc] GC(14561) Pause Young (Allocation Failure) 14M->10M(15M) 0.164ms
[31.050s][info][gc] GC(14562) Pause Young (Allocation Failure) 14M->10M(15M) 0.173ms
[31.051s][info][gc] GC(14563) Pause Young (Allocation Failure) 14M->10M(15M) 0.176ms
[31.052s][info][gc] GC(14564) Pause Young (Allocation Failure) 14M->10M(15M) 0.150ms
[31.053s][info][gc] GC(14565) Pause Young (Allocation Failure) 14M->10M(15M) 0.163ms
[31.054s][info][gc] GC(14566) Pause Young (Allocation Failure) 14M->10M(15M) 0.156ms
[31.055s][info][gc] GC(14567) Pause Young (Allocation Failure) 14M->10M(15M) 0.166ms
[31.055s][info][gc] GC(14568) Pause Young (Allocation Failure) 14M->10M(15M) 0.216ms
[31.056s][info][gc] GC(14569) Pause Young (Allocation Failure) 15M->10M(15M) 0.203ms
[31.057s][info][gc] GC(14570) Pause Young (Allocation Failure) 15M->10M(15M) 0.170ms
[31.058s][info][gc] GC(14571) Pause Young (Allocation Failure) 14M->10M(15M) 0.163ms
[31.059s][info][gc] GC(14572) Pause Young (Allocation Failure) 14M->10M(15M) 0.177ms
[31.059s][info][gc] GC(14573) Pause Young (Allocation Failure) 14M->10M(15M) 0.171ms
[31.060s][info][gc] GC(14574) Pause Young (Allocation Failure) 14M->10M(15M) 0.180ms
[31.061s][info][gc] GC(14575) Pause Young (Allocation Failure) 14M->10M(15M) 0.177ms
[31.062s][info][gc] GC(14576) Pause Young (Allocation Failure) 15M->10M(15M) 0.153ms
[31.063s][info][gc] GC(14577) Pause Young (Allocation Failure) 14M->10M(15M) 0.148ms
[31.063s][info][gc] GC(14578) Pause Young (Allocation Failure) 15M->10M(15M) 0.189ms
[31.064s][info][gc] GC(14579) Pause Young (Allocation Failure) 15M->10M(15M) 0.186ms
[31.065s][info][gc] GC(14580) Pause Young (Allocation Failure) 14M->10M(15M) 0.172ms
[31.066s][info][gc] GC(14581) Pause Young (Allocation Failure) 14M->10M(15M) 0.169ms
[31.067s][info][gc] GC(14582) Pause Young (Allocation Failure) 14M->10M(15M) 0.179ms
[31.067s][info][gc] GC(14583) Pause Young (Allocation Failure) 15M->11M(15M) 0.202ms
[31.068s][info][gc] GC(14584) Pause Young (Allocation Failure) 15M->15M(15M) 0.020ms
[31.075s][info][gc] GC(14585) Pause Full (Allocation Failure) 15M->6M(15M) 7.151ms
[31.076s][info][gc] GC(14586) Pause Young (Allocation Failure) 11M->7M(15M) 0.240ms
[31.077s][info][gc] GC(14587) Pause Young (Allocation Failure) 11M->7M(15M) 0.202ms
[31.078s][info][gc] GC(14588) Pause Young (Allocation Failure) 11M->7M(15M) 0.179ms
[31.079s][info][gc] GC(14589) Pause Young (Allocation Failure) 11M->7M(15M) 0.200ms
[31.080s][info][gc] GC(14590) Pause Young (Allocation Failure) 12M->7M(15M) 0.183ms
[31.080s][info][gc] GC(14591) Pause Young (Allocation Failure) 11M->7M(15M) 0.169ms
[31.081s][info][gc] GC(14592) Pause Young (Allocation Failure) 11M->7M(15M) 0.192ms
[31.082s][info][gc] GC(14593) Pause Young (Allocation Failure) 12M->8M(15M) 0.228ms
[31.083s][info][gc] GC(14594) Pause Young (Allocation Failure) 12M->8M(15M) 0.191ms
[31.084s][info][gc] GC(14595) Pause Young (Allocation Failure) 12M->8M(15M) 0.188ms
[31.084s][info][gc] GC(14596) Pause Young (Allocation Failure) 12M->8M(15M) 0.176ms
[31.085s][info][gc] GC(14597) Pause Young (Allocation Failure) 12M->8M(15M) 0.182ms
[31.086s][info][gc] GC(14598) Pause Young (Allocation Failure) 12M->8M(15M) 0.198ms
[31.087s][info][gc] GC(14599) Pause Young (Allocation Failure) 13M->8M(15M) 0.166ms
[31.088s][info][gc] GC(14600) Pause Young (Allocation Failure) 13M->8M(15M) 0.179ms
[31.089s][info][gc] GC(14601) Pause Young (Allocation Failure) 13M->9M(15M) 0.187ms
[31.089s][info][gc] GC(14602) Pause Young (Allocation Failure) 13M->9M(15M) 0.178ms
[31.090s][info][gc] GC(14603) Pause Young (Allocation Failure) 13M->9M(15M) 0.188ms
[31.091s][info][gc] GC(14604) Pause Young (Allocation Failure) 13M->9M(15M) 0.174ms
[31.092s][info][gc] GC(14605) Pause Young (Allocation Failure) 13M->9M(15M) 0.199ms
[31.093s][info][gc] GC(14606) Pause Young (Allocation Failure) 13M->9M(15M) 0.197ms
[31.094s][info][gc] GC(14607) Pause Young (Allocation Failure) 13M->9M(15M) 0.223ms
[31.094s][info][gc] GC(14608) Pause Young (Allocation Failure) 14M->10M(15M) 0.261ms
[31.095s][info][gc] GC(14609) Pause Young (Allocation Failure) 14M->10M(15M) 0.188ms
[31.096s][info][gc] GC(14610) Pause Young (Allocation Failure) 14M->10M(15M) 0.211ms
[31.097s][info][gc] GC(14611) Pause Young (Allocation Failure) 14M->10M(15M) 0.190ms
[31.098s][info][gc] GC(14612) Pause Young (Allocation Failure) 14M->10M(15M) 0.176ms
[31.099s][info][gc] GC(14613) Pause Young (Allocation Failure) 14M->10M(15M) 0.169ms
[31.100s][info][gc] GC(14614) Pause Young (Allocation Failure) 14M->10M(15M) 0.195ms
[31.101s][info][gc] GC(14615) Pause Young (Allocation Failure) 14M->10M(15M) 0.191ms
[31.101s][info][gc] GC(14616) Pause Young (Allocation Failure) 14M->10M(15M) 0.194ms
[31.102s][info][gc] GC(14617) Pause Young (Allocation Failure) 14M->10M(15M) 0.193ms
[31.103s][info][gc] GC(14618) Pause Young (Allocation Failure) 14M->10M(15M) 0.180ms
[31.104s][info][gc] GC(14619) Pause Young (Allocation Failure) 14M->10M(15M) 0.166ms
[31.105s][info][gc] GC(14620) Pause Young (Allocation Failure) 14M->10M(15M) 0.177ms
[31.106s][info][gc] GC(14621) Pause Young (Allocation Failure) 14M->10M(15M) 0.171ms
[31.107s][info][gc] GC(14622) Pause Young (Allocation Failure) 14M->10M(15M) 0.170ms
[31.108s][info][gc] GC(14623) Pause Young (Allocation Failure) 14M->10M(15M) 0.183ms
[31.108s][info][gc] GC(14624) Pause Young (Allocation Failure) 14M->10M(15M) 0.167ms
[31.109s][info][gc] GC(14625) Pause Young (Allocation Failure) 14M->10M(15M) 0.209ms
[31.110s][info][gc] GC(14626) Pause Young (Allocation Failure) 15M->10M(15M) 0.176ms
[31.111s][info][gc] GC(14627) Pause Young (Allocation Failure) 14M->10M(15M) 0.175ms
[31.112s][info][gc] GC(14628) Pause Young (Allocation Failure) 14M->10M(15M) 0.178ms
[31.112s][info][gc] GC(14629) Pause Young (Allocation Failure) 14M->10M(15M) 0.174ms
[31.113s][info][gc] GC(14630) Pause Young (Allocation Failure) 14M->10M(15M) 0.199ms
[31.114s][info][gc] GC(14631) Pause Young (Allocation Failure) 15M->10M(15M) 0.188ms
[31.115s][info][gc] GC(14632) Pause Young (Allocation Failure) 14M->11M(15M) 0.212ms
[31.115s][info][gc] GC(14633) Pause Young (Allocation Failure) 15M->15M(15M) 0.025ms
[31.123s][info][gc] GC(14634) Pause Full (Allocation Failure) 15M->6M(15M) 7.360ms
[31.124s][info][gc] GC(14635) Pause Young (Allocation Failure) 11M->7M(15M) 0.210ms
[31.125s][info][gc] GC(14636) Pause Young (Allocation Failure) 11M->7M(15M) 0.196ms
[31.126s][info][gc] GC(14637) Pause Young (Allocation Failure) 11M->7M(15M) 0.148ms
[31.126s][info][gc] GC(14638) Pause Young (Allocation Failure) 11M->7M(15M) 0.177ms
[31.127s][info][gc] GC(14639) Pause Young (Allocation Failure) 11M->7M(15M) 0.147ms
[31.128s][info][gc] GC(14640) Pause Young (Allocation Failure) 11M->7M(15M) 0.152ms
[31.128s][info][gc] GC(14641) Pause Young (Allocation Failure) 11M->7M(15M) 0.170ms
[31.129s][info][gc] GC(14642) Pause Young (Allocation Failure) 11M->7M(15M) 0.161ms
[31.130s][info][gc] GC(14643) Pause Young (Allocation Failure) 11M->7M(15M) 0.184ms
[31.131s][info][gc] GC(14644) Pause Young (Allocation Failure) 12M->8M(15M) 0.189ms
[31.131s][info][gc] GC(14645) Pause Young (Allocation Failure) 12M->8M(15M) 0.203ms
[31.132s][info][gc] GC(14646) Pause Young (Allocation Failure) 12M->8M(15M) 0.155ms
[31.133s][info][gc] GC(14647) Pause Young (Allocation Failure) 12M->8M(15M) 0.171ms
[31.134s][info][gc] GC(14648) Pause Young (Allocation Failure) 13M->9M(15M) 0.198ms
[31.134s][info][gc] GC(14649) Pause Young (Allocation Failure) 13M->9M(15M) 0.161ms
[31.135s][info][gc] GC(14650) Pause Young (Allocation Failure) 13M->9M(15M) 0.156ms
[31.136s][info][gc] GC(14651) Pause Young (Allocation Failure) 13M->9M(15M) 0.135ms
[31.137s][info][gc] GC(14652) Pause Young (Allocation Failure) 13M->9M(15M) 0.161ms
[31.137s][info][gc] GC(14653) Pause Young (Allocation Failure) 13M->9M(15M) 0.171ms
[31.138s][info][gc] GC(14654) Pause Young (Allocation Failure) 13M->9M(15M) 0.152ms
[31.139s][info][gc] GC(14655) Pause Young (Allocation Failure) 13M->9M(15M) 0.153ms
[31.140s][info][gc] GC(14656) Pause Young (Allocation Failure) 13M->9M(15M) 0.159ms
[31.140s][info][gc] GC(14657) Pause Young (Allocation Failure) 13M->9M(15M) 0.148ms
[31.141s][info][gc] GC(14658) Pause Young (Allocation Failure) 13M->9M(15M) 0.153ms
[31.142s][info][gc] GC(14659) Pause Young (Allocation Failure) 13M->9M(15M) 0.168ms
[31.143s][info][gc] GC(14660) Pause Young (Allocation Failure) 13M->9M(15M) 0.148ms
[31.143s][info][gc] GC(14661) Pause Young (Allocation Failure) 13M->9M(15M) 0.160ms
[31.144s][info][gc] GC(14662) Pause Young (Allocation Failure) 14M->9M(15M) 0.192ms
[31.145s][info][gc] GC(14663) Pause Young (Allocation Failure) 14M->9M(15M) 0.171ms
[31.146s][info][gc] GC(14664) Pause Young (Allocation Failure) 13M->9M(15M) 0.174ms
[31.146s][info][gc] GC(14665) Pause Young (Allocation Failure) 14M->9M(15M) 0.167ms
[31.147s][info][gc] GC(14666) Pause Young (Allocation Failure) 14M->9M(15M) 0.146ms
[31.148s][info][gc] GC(14667) Pause Young (Allocation Failure) 13M->9M(15M) 0.159ms
[31.149s][info][gc] GC(14668) Pause Young (Allocation Failure) 14M->9M(15M) 0.176ms
[31.149s][info][gc] GC(14669) Pause Young (Allocation Failure) 14M->9M(15M) 0.180ms
[31.150s][info][gc] GC(14670) Pause Young (Allocation Failure) 14M->9M(15M) 0.178ms
[31.151s][info][gc] GC(14671) Pause Young (Allocation Failure) 14M->9M(15M) 0.169ms
[31.152s][info][gc] GC(14672) Pause Young (Allocation Failure) 14M->10M(15M) 0.192ms
[31.153s][info][gc] GC(14673) Pause Young (Allocation Failure) 14M->9M(15M) 0.168ms
[31.153s][info][gc] GC(14674) Pause Young (Allocation Failure) 14M->9M(15M) 0.161ms
[31.154s][info][gc] GC(14675) Pause Young (Allocation Failure) 14M->10M(15M) 0.220ms
[31.155s][info][gc] GC(14676) Pause Young (Allocation Failure) 14M->10M(15M) 0.186ms
[31.156s][info][gc] GC(14677) Pause Young (Allocation Failure) 14M->10M(15M) 0.165ms
[31.157s][info][gc] GC(14678) Pause Young (Allocation Failure) 14M->10M(15M) 0.193ms
[31.158s][info][gc] GC(14679) Pause Young (Allocation Failure) 14M->10M(15M) 0.191ms
[31.158s][info][gc] GC(14680) Pause Young (Allocation Failure) 14M->10M(15M) 0.185ms
[31.159s][info][gc] GC(14681) Pause Young (Allocation Failure) 14M->10M(15M) 0.164ms
[31.160s][info][gc] GC(14682) Pause Young (Allocation Failure) 14M->10M(15M) 0.197ms
[31.161s][info][gc] GC(14683) Pause Young (Allocation Failure) 15M->10M(15M) 0.182ms
[31.162s][info][gc] GC(14684) Pause Young (Allocation Failure) 14M->15M(15M) 0.353ms
[31.170s][info][gc] GC(14685) Pause Full (Allocation Failure) 15M->7M(15M) 7.733ms
[31.171s][info][gc] GC(14686) Pause Young (Allocation Failure) 11M->7M(15M) 0.232ms
[31.172s][info][gc] GC(14687) Pause Young (Allocation Failure) 12M->7M(15M) 0.193ms
[31.172s][info][gc] GC(14688) Pause Young (Allocation Failure) 11M->7M(15M) 0.180ms
[31.173s][info][gc] GC(14689) Pause Young (Allocation Failure) 11M->7M(15M) 0.203ms
[31.174s][info][gc] GC(14690) Pause Young (Allocation Failure) 12M->8M(15M) 0.200ms
[31.175s][info][gc] GC(14691) Pause Young (Allocation Failure) 12M->7M(15M) 0.162ms
[31.176s][info][gc] GC(14692) Pause Young (Allocation Failure) 12M->7M(15M) 0.177ms
[31.177s][info][gc] GC(14693) Pause Young (Allocation Failure) 12M->7M(15M) 0.180ms
[31.177s][info][gc] GC(14694) Pause Young (Allocation Failure) 12M->8M(15M) 0.203ms
[31.178s][info][gc] GC(14695) Pause Young (Allocation Failure) 12M->8M(15M) 0.196ms
[31.179s][info][gc] GC(14696) Pause Young (Allocation Failure) 12M->8M(15M) 0.181ms
[31.180s][info][gc] GC(14697) Pause Young (Allocation Failure) 12M->8M(15M) 0.201ms
[31.181s][info][gc] GC(14698) Pause Young (Allocation Failure) 12M->8M(15M) 0.197ms
[31.182s][info][gc] GC(14699) Pause Young (Allocation Failure) 12M->8M(15M) 0.185ms
[31.182s][info][gc] GC(14700) Pause Young (Allocation Failure) 12M->8M(15M) 0.167ms
[31.183s][info][gc] GC(14701) Pause Young (Allocation Failure) 12M->8M(15M) 0.173ms
[31.184s][info][gc] GC(14702) Pause Young (Allocation Failure) 13M->8M(15M) 0.187ms
[31.185s][info][gc] GC(14703) Pause Young (Allocation Failure) 13M->8M(15M) 0.197ms
[31.186s][info][gc] GC(14704) Pause Young (Allocation Failure) 13M->8M(15M) 0.206ms
[31.186s][info][gc] GC(14705) Pause Young (Allocation Failure) 13M->8M(15M) 0.191ms
[31.187s][info][gc] GC(14706) Pause Young (Allocation Failure) 13M->8M(15M) 0.169ms
[31.188s][info][gc] GC(14707) Pause Young (Allocation Failure) 12M->9M(15M) 0.174ms
[31.189s][info][gc] GC(14708) Pause Young (Allocation Failure) 13M->9M(15M) 0.180ms
[31.190s][info][gc] GC(14709) Pause Young (Allocation Failure) 13M->9M(15M) 0.179ms
[31.191s][info][gc] GC(14710) Pause Young (Allocation Failure) 13M->9M(15M) 0.167ms
[31.191s][info][gc] GC(14711) Pause Young (Allocation Failure) 13M->10M(15M) 0.215ms
[31.192s][info][gc] GC(14712) Pause Young (Allocation Failure) 14M->10M(15M) 0.161ms
[31.193s][info][gc] GC(14713) Pause Young (Allocation Failure) 14M->9M(15M) 0.168ms
[31.194s][info][gc] GC(14714) Pause Young (Allocation Failure) 14M->10M(15M) 0.173ms
[31.194s][info][gc] GC(14715) Pause Young (Allocation Failure) 14M->9M(15M) 0.165ms
[31.195s][info][gc] GC(14716) Pause Young (Allocation Failure) 14M->10M(15M) 0.182ms
[31.196s][info][gc] GC(14717) Pause Young (Allocation Failure) 14M->10M(15M) 0.203ms
[31.197s][info][gc] GC(14718) Pause Young (Allocation Failure) 14M->10M(15M) 0.270ms
[31.198s][info][gc] GC(14719) Pause Young (Allocation Failure) 14M->10M(15M) 0.181ms
[31.199s][info][gc] GC(14720) Pause Young (Allocation Failure) 14M->10M(15M) 0.209ms
[31.199s][info][gc] GC(14721) Pause Young (Allocation Failure) 15M->15M(15M) 0.026ms
[31.207s][info][gc] GC(14722) Pause Full (Allocation Failure) 15M->7M(15M) 7.556ms
[31.208s][info][gc] GC(14723) Pause Young (Allocation Failure) 11M->7M(15M) 0.240ms
[31.209s][info][gc] GC(14724) Pause Young (Allocation Failure) 12M->7M(15M) 0.173ms
[31.209s][info][gc] GC(14725) Pause Young (Allocation Failure) 11M->7M(15M) 0.166ms
[31.210s][info][gc] GC(14726) Pause Young (Allocation Failure) 11M->7M(15M) 0.194ms
[31.211s][info][gc] GC(14727) Pause Young (Allocation Failure) 12M->7M(15M) 0.192ms
[31.212s][info][gc] GC(14728) Pause Young (Allocation Failure) 12M->7M(15M) 0.181ms
[31.213s][info][gc] GC(14729) Pause Young (Allocation Failure) 11M->7M(15M) 0.178ms
[31.213s][info][gc] GC(14730) Pause Young (Allocation Failure) 11M->7M(15M) 0.188ms
[31.214s][info][gc] GC(14731) Pause Young (Allocation Failure) 12M->7M(15M) 0.175ms
[31.215s][info][gc] GC(14732) Pause Young (Allocation Failure) 11M->7M(15M) 0.165ms
[31.216s][info][gc] GC(14733) Pause Young (Allocation Failure) 11M->7M(15M) 0.209ms
[31.217s][info][gc] GC(14734) Pause Young (Allocation Failure) 12M->7M(15M) 0.184ms
[31.218s][info][gc] GC(14735) Pause Young (Allocation Failure) 12M->8M(15M) 0.212ms
[31.218s][info][gc] GC(14736) Pause Young (Allocation Failure) 12M->8M(15M) 0.225ms
[31.219s][info][gc] GC(14737) Pause Young (Allocation Failure) 12M->8M(15M) 0.189ms
[31.220s][info][gc] GC(14738) Pause Young (Allocation Failure) 12M->8M(15M) 0.184ms
[31.221s][info][gc] GC(14739) Pause Young (Allocation Failure) 12M->8M(15M) 0.179ms
[31.222s][info][gc] GC(14740) Pause Young (Allocation Failure) 12M->8M(15M) 0.196ms
[31.223s][info][gc] GC(14741) Pause Young (Allocation Failure) 13M->8M(15M) 0.199ms
[31.224s][info][gc] GC(14742) Pause Young (Allocation Failure) 13M->9M(15M) 0.206ms
[31.224s][info][gc] GC(14743) Pause Young (Allocation Failure) 13M->9M(15M) 0.163ms
[31.225s][info][gc] GC(14744) Pause Young (Allocation Failure) 13M->8M(15M) 0.172ms
[31.226s][info][gc] GC(14745) Pause Young (Allocation Failure) 13M->9M(15M) 0.177ms
[31.227s][info][gc] GC(14746) Pause Young (Allocation Failure) 13M->9M(15M) 0.213ms
[31.228s][info][gc] GC(14747) Pause Young (Allocation Failure) 13M->9M(15M) 0.204ms
[31.228s][info][gc] GC(14748) Pause Young (Allocation Failure) 14M->10M(15M) 0.167ms
[31.229s][info][gc] GC(14749) Pause Young (Allocation Failure) 14M->10M(15M) 0.195ms
[31.230s][info][gc] GC(14750) Pause Young (Allocation Failure) 14M->11M(15M) 0.221ms
[31.231s][info][gc] GC(14751) Pause Young (Allocation Failure) 15M->15M(15M) 0.025ms
[31.238s][info][gc] GC(14752) Pause Full (Allocation Failure) 15M->7M(15M) 7.671ms
[31.239s][info][gc] GC(14753) Pause Young (Allocation Failure) 11M->7M(15M) 0.236ms
[31.240s][info][gc] GC(14754) Pause Young (Allocation Failure) 11M->7M(15M) 0.189ms
[31.241s][info][gc] GC(14755) Pause Young (Allocation Failure) 11M->7M(15M) 0.188ms
[31.242s][info][gc] GC(14756) Pause Young (Allocation Failure) 11M->7M(15M) 0.171ms
[31.243s][info][gc] GC(14757) Pause Young (Allocation Failure) 11M->7M(15M) 0.182ms
[31.244s][info][gc] GC(14758) Pause Young (Allocation Failure) 11M->7M(15M) 0.207ms
[31.245s][info][gc] GC(14759) Pause Young (Allocation Failure) 12M->8M(15M) 0.212ms
[31.245s][info][gc] GC(14760) Pause Young (Allocation Failure) 12M->8M(15M) 0.194ms
[31.246s][info][gc] GC(14761) Pause Young (Allocation Failure) 12M->8M(15M) 0.176ms
[31.247s][info][gc] GC(14762) Pause Young (Allocation Failure) 12M->8M(15M) 0.184ms
[31.248s][info][gc] GC(14763) Pause Young (Allocation Failure) 12M->8M(15M) 0.179ms
[31.249s][info][gc] GC(14764) Pause Young (Allocation Failure) 12M->8M(15M) 0.201ms
[31.249s][info][gc] GC(14765) Pause Young (Allocation Failure) 12M->8M(15M) 0.188ms
[31.250s][info][gc] GC(14766) Pause Young (Allocation Failure) 12M->8M(15M) 0.185ms
[31.251s][info][gc] GC(14767) Pause Young (Allocation Failure) 12M->8M(15M) 0.145ms
[31.252s][info][gc] GC(14768) Pause Young (Allocation Failure) 13M->8M(15M) 0.188ms
[31.253s][info][gc] GC(14769) Pause Young (Allocation Failure) 13M->8M(15M) 0.168ms
[31.253s][info][gc] GC(14770) Pause Young (Allocation Failure) 12M->8M(15M) 0.163ms
[31.254s][info][gc] GC(14771) Pause Young (Allocation Failure) 12M->8M(15M) 0.169ms
[31.255s][info][gc] GC(14772) Pause Young (Allocation Failure) 12M->9M(15M) 0.170ms
[31.256s][info][gc] GC(14773) Pause Young (Allocation Failure) 13M->9M(15M) 0.228ms
[31.257s][info][gc] GC(14774) Pause Young (Allocation Failure) 13M->9M(15M) 0.186ms
[31.257s][info][gc] GC(14775) Pause Young (Allocation Failure) 13M->9M(15M) 0.163ms
[31.258s][info][gc] GC(14776) Pause Young (Allocation Failure) 13M->9M(15M) 0.205ms
[31.259s][info][gc] GC(14777) Pause Young (Allocation Failure) 14M->9M(15M) 0.181ms
[31.260s][info][gc] GC(14778) Pause Young (Allocation Failure) 13M->9M(15M) 0.174ms
[31.261s][info][gc] GC(14779) Pause Young (Allocation Failure) 13M->9M(15M) 0.172ms
[31.262s][info][gc] GC(14780) Pause Young (Allocation Failure) 13M->9M(15M) 0.165ms
[31.262s][info][gc] GC(14781) Pause Young (Allocation Failure) 13M->9M(15M) 0.197ms
[31.263s][info][gc] GC(14782) Pause Young (Allocation Failure) 14M->10M(15M) 0.210ms
[31.264s][info][gc] GC(14783) Pause Young (Allocation Failure) 14M->9M(15M) 0.194ms
[31.265s][info][gc] GC(14784) Pause Young (Allocation Failure) 14M->10M(15M) 0.219ms
[31.266s][info][gc] GC(14785) Pause Young (Allocation Failure) 14M->10M(15M) 0.190ms
[31.267s][info][gc] GC(14786) Pause Young (Allocation Failure) 14M->9M(15M) 0.163ms
[31.267s][info][gc] GC(14787) Pause Young (Allocation Failure) 14M->10M(15M) 0.183ms
[31.268s][info][gc] GC(14788) Pause Young (Allocation Failure) 14M->10M(15M) 0.181ms
[31.269s][info][gc] GC(14789) Pause Young (Allocation Failure) 14M->9M(15M) 0.180ms
[31.270s][info][gc] GC(14790) Pause Young (Allocation Failure) 14M->10M(15M) 0.198ms
[31.271s][info][gc] GC(14791) Pause Young (Allocation Failure) 14M->10M(15M) 0.216ms
[31.271s][info][gc] GC(14792) Pause Young (Allocation Failure) 15M->15M(15M) 0.025ms
[31.279s][info][gc] GC(14793) Pause Full (Allocation Failure) 15M->6M(15M) 7.817ms
[31.280s][info][gc] GC(14794) Pause Young (Allocation Failure) 10M->7M(15M) 0.247ms
[31.281s][info][gc] GC(14795) Pause Young (Allocation Failure) 11M->7M(15M) 0.203ms
[31.282s][info][gc] GC(14796) Pause Young (Allocation Failure) 11M->6M(15M) 0.173ms
[31.283s][info][gc] GC(14797) Pause Young (Allocation Failure) 11M->7M(15M) 0.181ms
[31.284s][info][gc] GC(14798) Pause Young (Allocation Failure) 11M->6M(15M) 0.167ms
[31.285s][info][gc] GC(14799) Pause Young (Allocation Failure) 11M->7M(15M) 0.174ms
[31.285s][info][gc] GC(14800) Pause Young (Allocation Failure) 11M->6M(15M) 0.170ms
[31.286s][info][gc] GC(14801) Pause Young (Allocation Failure) 11M->7M(15M) 0.191ms
[31.287s][info][gc] GC(14802) Pause Young (Allocation Failure) 11M->7M(15M) 0.209ms
[31.288s][info][gc] GC(14803) Pause Young (Allocation Failure) 11M->7M(15M) 0.191ms
[31.289s][info][gc] GC(14804) Pause Young (Allocation Failure) 11M->7M(15M) 0.172ms
[31.290s][info][gc] GC(14805) Pause Young (Allocation Failure) 12M->7M(15M) 0.166ms
[31.290s][info][gc] GC(14806) Pause Young (Allocation Failure) 11M->7M(15M) 0.180ms
[31.291s][info][gc] GC(14807) Pause Young (Allocation Failure) 11M->7M(15M) 0.195ms
[31.292s][info][gc] GC(14808) Pause Young (Allocation Failure) 12M->7M(15M) 0.180ms
[31.293s][info][gc] GC(14809) Pause Young (Allocation Failure) 11M->7M(15M) 0.168ms
[31.294s][info][gc] GC(14810) Pause Young (Allocation Failure) 11M->7M(15M) 0.194ms
[31.295s][info][gc] GC(14811) Pause Young (Allocation Failure) 12M->7M(15M) 0.199ms
[31.295s][info][gc] GC(14812) Pause Young (Allocation Failure) 12M->7M(15M) 0.176ms
[31.296s][info][gc] GC(14813) Pause Young (Allocation Failure) 11M->7M(15M) 0.185ms
[31.297s][info][gc] GC(14814) Pause Young (Allocation Failure) 12M->7M(15M) 0.201ms
[31.298s][info][gc] GC(14815) Pause Young (Allocation Failure) 12M->7M(15M) 0.172ms
[31.299s][info][gc] GC(14816) Pause Young (Allocation Failure) 11M->7M(15M) 0.171ms
[31.300s][info][gc] GC(14817) Pause Young (Allocation Failure) 11M->7M(15M) 0.191ms
[31.301s][info][gc] GC(14818) Pause Young (Allocation Failure) 12M->8M(15M) 0.203ms
[31.301s][info][gc] GC(14819) Pause Young (Allocation Failure) 12M->8M(15M) 0.191ms
[31.302s][info][gc] GC(14820) Pause Young (Allocation Failure) 12M->8M(15M) 0.193ms
[31.303s][info][gc] GC(14821) Pause Young (Allocation Failure) 12M->8M(15M) 0.185ms
[31.304s][info][gc] GC(14822) Pause Young (Allocation Failure) 12M->8M(15M) 0.182ms
[31.305s][info][gc] GC(14823) Pause Young (Allocation Failure) 12M->8M(15M) 0.212ms
[31.306s][info][gc] GC(14824) Pause Young (Allocation Failure) 12M->8M(15M) 0.210ms
[31.306s][info][gc] GC(14825) Pause Young (Allocation Failure) 12M->8M(15M) 0.168ms
[31.307s][info][gc] GC(14826) Pause Young (Allocation Failure) 12M->8M(15M) 0.202ms
[31.308s][info][gc] GC(14827) Pause Young (Allocation Failure) 13M->8M(15M) 0.169ms
[31.309s][info][gc] GC(14828) Pause Young (Allocation Failure) 12M->8M(15M) 0.151ms
[31.310s][info][gc] GC(14829) Pause Young (Allocation Failure) 13M->8M(15M) 0.190ms
[31.311s][info][gc] GC(14830) Pause Young (Allocation Failure) 13M->8M(15M) 0.164ms
[31.311s][info][gc] GC(14831) Pause Young (Allocation Failure) 12M->8M(15M) 0.177ms
[31.312s][info][gc] GC(14832) Pause Young (Allocation Failure) 13M->8M(15M) 0.171ms
[31.313s][info][gc] GC(14833) Pause Young (Allocation Failure) 12M->8M(15M) 0.177ms
[31.314s][info][gc] GC(14834) Pause Young (Allocation Failure) 13M->8M(15M) 0.186ms
[31.315s][info][gc] GC(14835) Pause Young (Allocation Failure) 13M->8M(15M) 0.174ms
[31.315s][info][gc] GC(14836) Pause Young (Allocation Failure) 12M->8M(15M) 0.179ms
[31.316s][info][gc] GC(14837) Pause Young (Allocation Failure) 13M->8M(15M) 0.172ms
[31.317s][info][gc] GC(14838) Pause Young (Allocation Failure) 12M->8M(15M) 0.189ms
[31.318s][info][gc] GC(14839) Pause Young (Allocation Failure) 13M->8M(15M) 0.167ms
[31.318s][info][gc] GC(14840) Pause Young (Allocation Failure) 12M->8M(15M) 0.156ms
[31.319s][info][gc] GC(14841) Pause Young (Allocation Failure) 13M->8M(15M) 0.174ms
[31.320s][info][gc] GC(14842) Pause Young (Allocation Failure) 12M->8M(15M) 0.184ms
[31.321s][info][gc] GC(14843) Pause Young (Allocation Failure) 13M->8M(15M) 0.168ms
[31.322s][info][gc] GC(14844) Pause Young (Allocation Failure) 12M->8M(15M) 0.175ms
[31.323s][info][gc] GC(14845) Pause Young (Allocation Failure) 12M->8M(15M) 0.209ms
[31.323s][info][gc] GC(14846) Pause Young (Allocation Failure) 13M->8M(15M) 0.173ms
[31.324s][info][gc] GC(14847) Pause Young (Allocation Failure) 12M->9M(15M) 0.225ms
[31.325s][info][gc] GC(14848) Pause Young (Allocation Failure) 13M->9M(15M) 0.228ms
[31.326s][info][gc] GC(14849) Pause Young (Allocation Failure) 13M->9M(15M) 0.194ms
[31.327s][info][gc] GC(14850) Pause Young (Allocation Failure) 13M->9M(15M) 0.172ms
[31.328s][info][gc] GC(14851) Pause Young (Allocation Failure) 13M->9M(15M) 0.204ms
[31.329s][info][gc] GC(14852) Pause Young (Allocation Failure) 14M->9M(15M) 0.182ms
[31.329s][info][gc] GC(14853) Pause Young (Allocation Failure) 14M->10M(15M) 0.203ms
[31.330s][info][gc] GC(14854) Pause Young (Allocation Failure) 14M->9M(15M) 0.177ms
[31.331s][info][gc] GC(14855) Pause Young (Allocation Failure) 14M->9M(15M) 0.174ms
[31.332s][info][gc] GC(14856) Pause Young (Allocation Failure) 14M->10M(15M) 0.172ms
[31.332s][info][gc] GC(14857) Pause Young (Allocation Failure) 14M->10M(15M) 0.163ms
[31.333s][info][gc] GC(14858) Pause Young (Allocation Failure) 14M->9M(15M) 0.146ms
[31.334s][info][gc] GC(14859) Pause Young (Allocation Failure) 14M->10M(15M) 0.180ms
[31.335s][info][gc] GC(14860) Pause Young (Allocation Failure) 14M->9M(15M) 0.164ms
[31.335s][info][gc] GC(14861) Pause Young (Allocation Failure) 14M->9M(15M) 0.174ms
[31.336s][info][gc] GC(14862) Pause Young (Allocation Failure) 14M->9M(15M) 0.176ms
[31.337s][info][gc] GC(14863) Pause Young (Allocation Failure) 14M->10M(15M) 0.189ms
[31.338s][info][gc] GC(14864) Pause Young (Allocation Failure) 14M->10M(15M) 0.208ms
[31.338s][info][gc] GC(14865) Pause Young (Allocation Failure) 14M->10M(15M) 0.174ms
[31.339s][info][gc] GC(14866) Pause Young (Allocation Failure) 14M->10M(15M) 0.168ms
[31.340s][info][gc] GC(14867) Pause Young (Allocation Failure) 14M->10M(15M) 0.195ms
[31.341s][info][gc] GC(14868) Pause Young (Allocation Failure) 14M->10M(15M) 0.172ms
[31.342s][info][gc] GC(14869) Pause Young (Allocation Failure) 14M->10M(15M) 0.171ms
[31.342s][info][gc] GC(14870) Pause Young (Allocation Failure) 14M->10M(15M) 0.197ms
[31.343s][info][gc] GC(14871) Pause Young (Allocation Failure) 15M->10M(15M) 0.168ms
[31.344s][info][gc] GC(14872) Pause Young (Allocation Failure) 14M->10M(15M) 0.183ms
[31.345s][info][gc] GC(14873) Pause Young (Allocation Failure) 15M->10M(15M) 0.184ms
[31.346s][info][gc] GC(14874) Pause Young (Allocation Failure) 14M->10M(15M) 0.186ms
[31.346s][info][gc] GC(14875) Pause Young (Allocation Failure) 15M->10M(15M) 0.192ms
[31.347s][info][gc] GC(14876) Pause Young (Allocation Failure) 15M->10M(15M) 0.183ms
[31.348s][info][gc] GC(14877) Pause Young (Allocation Failure) 15M->10M(15M) 0.173ms
[31.349s][info][gc] GC(14878) Pause Young (Allocation Failure) 14M->10M(15M) 0.175ms
[31.350s][info][gc] GC(14879) Pause Young (Allocation Failure) 14M->10M(15M) 0.178ms
[31.351s][info][gc] GC(14880) Pause Young (Allocation Failure) 15M->10M(15M) 0.163ms
[31.351s][info][gc] GC(14881) Pause Young (Allocation Failure) 14M->10M(15M) 0.180ms
[31.352s][info][gc] GC(14882) Pause Young (Allocation Failure) 15M->10M(15M) 0.170ms
[31.353s][info][gc] GC(14883) Pause Young (Allocation Failure) 14M->10M(15M) 0.176ms
[31.354s][info][gc] GC(14884) Pause Young (Allocation Failure) 15M->10M(15M) 0.183ms
[31.355s][info][gc] GC(14885) Pause Young (Allocation Failure) 15M->10M(15M) 0.167ms
[31.355s][info][gc] GC(14886) Pause Young (Allocation Failure) 14M->10M(15M) 0.184ms
[31.356s][info][gc] GC(14887) Pause Young (Allocation Failure) 15M->10M(15M) 0.175ms
[31.357s][info][gc] GC(14888) Pause Young (Allocation Failure) 14M->10M(15M) 0.171ms
[31.358s][info][gc] GC(14889) Pause Young (Allocation Failure) 14M->15M(15M) 0.299ms
[31.365s][info][gc] GC(14890) Pause Full (Allocation Failure) 15M->7M(15M) 7.232ms
[31.366s][info][gc] GC(14891) Pause Young (Allocation Failure) 11M->8M(15M) 0.212ms
[31.367s][info][gc] GC(14892) Pause Young (Allocation Failure) 12M->8M(15M) 0.191ms
[31.368s][info][gc] GC(14893) Pause Young (Allocation Failure) 12M->7M(15M) 0.172ms
[31.369s][info][gc] GC(14894) Pause Young (Allocation Failure) 12M->7M(15M) 0.174ms
[31.369s][info][gc] GC(14895) Pause Young (Allocation Failure) 12M->8M(15M) 0.181ms
[31.370s][info][gc] GC(14896) Pause Young (Allocation Failure) 12M->8M(15M) 0.189ms
[31.371s][info][gc] GC(14897) Pause Young (Allocation Failure) 12M->7M(15M) 0.173ms
[31.372s][info][gc] GC(14898) Pause Young (Allocation Failure) 12M->7M(15M) 0.176ms
[31.373s][info][gc] GC(14899) Pause Young (Allocation Failure) 12M->8M(15M) 0.182ms
[31.373s][info][gc] GC(14900) Pause Young (Allocation Failure) 12M->8M(15M) 0.179ms
[31.374s][info][gc] GC(14901) Pause Young (Allocation Failure) 12M->8M(15M) 0.185ms
[31.375s][info][gc] GC(14902) Pause Young (Allocation Failure) 12M->8M(15M) 0.203ms
[31.376s][info][gc] GC(14903) Pause Young (Allocation Failure) 12M->8M(15M) 0.186ms
[31.377s][info][gc] GC(14904) Pause Young (Allocation Failure) 12M->8M(15M) 0.174ms
[31.378s][info][gc] GC(14905) Pause Young (Allocation Failure) 12M->8M(15M) 0.174ms
[31.379s][info][gc] GC(14906) Pause Young (Allocation Failure) 12M->8M(15M) 0.183ms
[31.379s][info][gc] GC(14907) Pause Young (Allocation Failure) 12M->8M(15M) 0.179ms
[31.380s][info][gc] GC(14908) Pause Young (Allocation Failure) 12M->8M(15M) 0.167ms
[31.381s][info][gc] GC(14909) Pause Young (Allocation Failure) 12M->8M(15M) 0.179ms
[31.382s][info][gc] GC(14910) Pause Young (Allocation Failure) 12M->8M(15M) 0.188ms
[31.383s][info][gc] GC(14911) Pause Young (Allocation Failure) 12M->8M(15M) 0.171ms
[31.383s][info][gc] GC(14912) Pause Young (Allocation Failure) 12M->8M(15M) 0.196ms
[31.384s][info][gc] GC(14913) Pause Young (Allocation Failure) 13M->8M(15M) 0.166ms
[31.385s][info][gc] GC(14914) Pause Young (Allocation Failure) 12M->8M(15M) 0.179ms
[31.386s][info][gc] GC(14915) Pause Young (Allocation Failure) 13M->8M(15M) 0.181ms
[31.387s][info][gc] GC(14916) Pause Young (Allocation Failure) 13M->8M(15M) 0.177ms
[31.388s][info][gc] GC(14917) Pause Young (Allocation Failure) 13M->8M(15M) 0.187ms
[31.388s][info][gc] GC(14918) Pause Young (Allocation Failure) 13M->8M(15M) 0.167ms
[31.389s][info][gc] GC(14919) Pause Young (Allocation Failure) 12M->9M(15M) 0.135ms
[31.390s][info][gc] GC(14920) Pause Young (Allocation Failure) 13M->9M(15M) 0.198ms
[31.391s][info][gc] GC(14921) Pause Young (Allocation Failure) 13M->9M(15M) 0.200ms
[31.392s][info][gc] GC(14922) Pause Young (Allocation Failure) 13M->9M(15M) 0.189ms
[31.393s][info][gc] GC(14923) Pause Young (Allocation Failure) 13M->9M(15M) 0.186ms
[31.393s][info][gc] GC(14924) Pause Young (Allocation Failure) 13M->9M(15M) 0.172ms
[31.394s][info][gc] GC(14925) Pause Young (Allocation Failure) 13M->9M(15M) 0.168ms
[31.395s][info][gc] GC(14926) Pause Young (Allocation Failure) 13M->9M(15M) 0.162ms
[31.396s][info][gc] GC(14927) Pause Young (Allocation Failure) 13M->9M(15M) 0.191ms
[31.397s][info][gc] GC(14928) Pause Young (Allocation Failure) 13M->9M(15M) 0.180ms
[31.397s][info][gc] GC(14929) Pause Young (Allocation Failure) 13M->9M(15M) 0.201ms
[31.398s][info][gc] GC(14930) Pause Young (Allocation Failure) 14M->9M(15M) 0.182ms
[31.399s][info][gc] GC(14931) Pause Young (Allocation Failure) 13M->9M(15M) 0.171ms
[31.400s][info][gc] GC(14932) Pause Young (Allocation Failure) 13M->9M(15M) 0.184ms
[31.401s][info][gc] GC(14933) Pause Young (Allocation Failure) 14M->9M(15M) 0.175ms
[31.402s][info][gc] GC(14934) Pause Young (Allocation Failure) 13M->9M(15M) 0.176ms
[31.403s][info][gc] GC(14935) Pause Young (Allocation Failure) 13M->9M(15M) 0.175ms
[31.403s][info][gc] GC(14936) Pause Young (Allocation Failure) 14M->10M(15M) 0.200ms
[31.404s][info][gc] GC(14937) Pause Young (Allocation Failure) 14M->9M(15M) 0.166ms
[31.405s][info][gc] GC(14938) Pause Young (Allocation Failure) 13M->9M(15M) 0.171ms
[31.406s][info][gc] GC(14939) Pause Young (Allocation Failure) 14M->9M(15M) 0.175ms
[31.407s][info][gc] GC(14940) Pause Young (Allocation Failure) 14M->9M(15M) 0.173ms
[31.407s][info][gc] GC(14941) Pause Young (Allocation Failure) 14M->9M(15M) 0.179ms
[31.408s][info][gc] GC(14942) Pause Young (Allocation Failure) 14M->9M(15M) 0.183ms
[31.409s][info][gc] GC(14943) Pause Young (Allocation Failure) 14M->9M(15M) 0.164ms
[31.410s][info][gc] GC(14944) Pause Young (Allocation Failure) 13M->9M(15M) 0.179ms
[31.410s][info][gc] GC(14945) Pause Young (Allocation Failure) 14M->10M(15M) 0.216ms
[31.411s][info][gc] GC(14946) Pause Young (Allocation Failure) 14M->10M(15M) 0.188ms
[31.412s][info][gc] GC(14947) Pause Young (Allocation Failure) 14M->10M(15M) 0.221ms
[31.413s][info][gc] GC(14948) Pause Young (Allocation Failure) 15M->15M(15M) 0.025ms
[31.420s][info][gc] GC(14949) Pause Full (Allocation Failure) 15M->7M(15M) 7.270ms
[31.421s][info][gc] GC(14950) Pause Young (Allocation Failure) 11M->8M(15M) 0.230ms
[31.422s][info][gc] GC(14951) Pause Young (Allocation Failure) 12M->8M(15M) 0.193ms
[31.423s][info][gc] GC(14952) Pause Young (Allocation Failure) 12M->8M(15M) 0.223ms
[31.424s][info][gc] GC(14953) Pause Young (Allocation Failure) 13M->8M(15M) 0.173ms
[31.425s][info][gc] GC(14954) Pause Young (Allocation Failure) 12M->8M(15M) 0.197ms
[31.425s][info][gc] GC(14955) Pause Young (Allocation Failure) 13M->8M(15M) 0.192ms
[31.426s][info][gc] GC(14956) Pause Young (Allocation Failure) 13M->9M(15M) 0.213ms
[31.427s][info][gc] GC(14957) Pause Young (Allocation Failure) 13M->9M(15M) 0.195ms
[31.428s][info][gc] GC(14958) Pause Young (Allocation Failure) 13M->9M(15M) 0.183ms
[31.428s][info][gc] GC(14959) Pause Young (Allocation Failure) 13M->9M(15M) 0.182ms
[31.429s][info][gc] GC(14960) Pause Young (Allocation Failure) 13M->9M(15M) 0.172ms
[31.430s][info][gc] GC(14961) Pause Young (Allocation Failure) 13M->9M(15M) 0.171ms
[31.431s][info][gc] GC(14962) Pause Young (Allocation Failure) 13M->9M(15M) 0.195ms
[31.432s][info][gc] GC(14963) Pause Young (Allocation Failure) 14M->9M(15M) 0.179ms
[31.432s][info][gc] GC(14964) Pause Young (Allocation Failure) 13M->10M(15M) 0.203ms
[31.433s][info][gc] GC(14965) Pause Young (Allocation Failure) 14M->9M(15M) 0.164ms
[31.434s][info][gc] GC(14966) Pause Young (Allocation Failure) 13M->9M(15M) 0.172ms
[31.435s][info][gc] GC(14967) Pause Young (Allocation Failure) 14M->9M(15M) 0.179ms
[31.435s][info][gc] GC(14968) Pause Young (Allocation Failure) 14M->9M(15M) 0.170ms
[31.436s][info][gc] GC(14969) Pause Young (Allocation Failure) 14M->10M(15M) 0.200ms
[31.437s][info][gc] GC(14970) Pause Young (Allocation Failure) 14M->10M(15M) 0.191ms
[31.438s][info][gc] GC(14971) Pause Young (Allocation Failure) 14M->10M(15M) 0.199ms
[31.439s][info][gc] GC(14972) Pause Young (Allocation Failure) 14M->10M(15M) 0.175ms
[31.439s][info][gc] GC(14973) Pause Young (Allocation Failure) 14M->10M(15M) 0.162ms
[31.440s][info][gc] GC(14974) Pause Young (Allocation Failure) 14M->11M(15M) 0.226ms
[31.441s][info][gc] GC(14975) Pause Young (Allocation Failure) 15M->15M(15M) 0.025ms
[31.448s][info][gc] GC(14976) Pause Full (Allocation Failure) 15M->7M(15M) 7.226ms
[31.449s][info][gc] GC(14977) Pause Young (Allocation Failure) 11M->7M(15M) 0.212ms
[31.450s][info][gc] GC(14978) Pause Young (Allocation Failure) 12M->7M(15M) 0.173ms
[31.451s][info][gc] GC(14979) Pause Young (Allocation Failure) 11M->7M(15M) 0.191ms
[31.451s][info][gc] GC(14980) Pause Young (Allocation Failure) 12M->7M(15M) 0.194ms
[31.452s][info][gc] GC(14981) Pause Young (Allocation Failure) 12M->7M(15M) 0.183ms
[31.453s][info][gc] GC(14982) Pause Young (Allocation Failure) 12M->7M(15M) 0.178ms
[31.454s][info][gc] GC(14983) Pause Young (Allocation Failure) 11M->7M(15M) 0.194ms
[31.455s][info][gc] GC(14984) Pause Young (Allocation Failure) 12M->8M(15M) 0.213ms
[31.455s][info][gc] GC(14985) Pause Young (Allocation Failure) 12M->8M(15M) 0.208ms
[31.456s][info][gc] GC(14986) Pause Young (Allocation Failure) 12M->8M(15M) 0.180ms
[31.457s][info][gc] GC(14987) Pause Young (Allocation Failure) 12M->8M(15M) 0.164ms
[31.458s][info][gc] GC(14988) Pause Young (Allocation Failure) 12M->8M(15M) 0.185ms
[31.459s][info][gc] GC(14989) Pause Young (Allocation Failure) 12M->8M(15M) 0.164ms
[31.460s][info][gc] GC(14990) Pause Young (Allocation Failure) 12M->8M(15M) 0.210ms
[31.460s][info][gc] GC(14991) Pause Young (Allocation Failure) 13M->8M(15M) 0.183ms
[31.461s][info][gc] GC(14992) Pause Young (Allocation Failure) 13M->9M(15M) 0.195ms
[31.462s][info][gc] GC(14993) Pause Young (Allocation Failure) 13M->8M(15M) 0.182ms
[31.463s][info][gc] GC(14994) Pause Young (Allocation Failure) 13M->8M(15M) 0.139ms
[31.463s][info][gc] GC(14995) Pause Young (Allocation Failure) 13M->8M(15M) 0.186ms
[31.464s][info][gc] GC(14996) Pause Young (Allocation Failure) 13M->8M(15M) 0.181ms
[31.465s][info][gc] GC(14997) Pause Young (Allocation Failure) 13M->8M(15M) 0.169ms
[31.466s][info][gc] GC(14998) Pause Young (Allocation Failure) 12M->9M(15M) 0.223ms
[31.467s][info][gc] GC(14999) Pause Young (Allocation Failure) 13M->10M(15M) 0.212ms
[31.467s][info][gc] GC(15000) Pause Young (Allocation Failure) 14M->9M(15M) 0.181ms
[31.468s][info][gc] GC(15001) Pause Young (Allocation Failure) 14M->9M(15M) 0.171ms
[31.469s][info][gc] GC(15002) Pause Young (Allocation Failure) 14M->9M(15M) 0.179ms
[31.470s][info][gc] GC(15003) Pause Young (Allocation Failure) 14M->9M(15M) 0.166ms
[31.471s][info][gc] GC(15004) Pause Young (Allocation Failure) 14M->9M(15M) 0.167ms
[31.471s][info][gc] GC(15005) Pause Young (Allocation Failure) 14M->9M(15M) 0.164ms
[31.472s][info][gc] GC(15006) Pause Young (Allocation Failure) 13M->10M(15M) 0.162ms
[31.473s][info][gc] GC(15007) Pause Young (Allocation Failure) 14M->10M(15M) 0.175ms
[31.474s][info][gc] GC(15008) Pause Young (Allocation Failure) 14M->10M(15M) 0.198ms
[31.475s][info][gc] GC(15009) Pause Young (Allocation Failure) 14M->10M(15M) 0.212ms
[31.475s][info][gc] GC(15010) Pause Young (Allocation Failure) 15M->15M(15M) 0.025ms
[31.483s][info][gc] GC(15011) Pause Full (Allocation Failure) 15M->6M(15M) 7.358ms
[31.484s][info][gc] GC(15012) Pause Young (Allocation Failure) 11M->7M(15M) 0.218ms
[31.485s][info][gc] GC(15013) Pause Young (Allocation Failure) 11M->7M(15M) 0.196ms
[31.485s][info][gc] GC(15014) Pause Young (Allocation Failure) 11M->6M(15M) 0.173ms
[31.486s][info][gc] GC(15015) Pause Young (Allocation Failure) 11M->7M(15M) 0.183ms
[31.487s][info][gc] GC(15016) Pause Young (Allocation Failure) 11M->7M(15M) 0.187ms
[31.488s][info][gc] GC(15017) Pause Young (Allocation Failure) 11M->7M(15M) 0.173ms
[31.489s][info][gc] GC(15018) Pause Young (Allocation Failure) 12M->8M(15M) 0.194ms
[31.489s][info][gc] GC(15019) Pause Young (Allocation Failure) 12M->7M(15M) 0.173ms
[31.490s][info][gc] GC(15020) Pause Young (Allocation Failure) 12M->8M(15M) 0.210ms
[31.491s][info][gc] GC(15021) Pause Young (Allocation Failure) 12M->8M(15M) 0.193ms
[31.492s][info][gc] GC(15022) Pause Young (Allocation Failure) 12M->8M(15M) 0.189ms
[31.493s][info][gc] GC(15023) Pause Young (Allocation Failure) 12M->8M(15M) 0.206ms
[31.493s][info][gc] GC(15024) Pause Young (Allocation Failure) 13M->8M(15M) 0.183ms
[31.494s][info][gc] GC(15025) Pause Young (Allocation Failure) 13M->8M(15M) 0.168ms
[31.495s][info][gc] GC(15026) Pause Young (Allocation Failure) 12M->8M(15M) 0.195ms
[31.496s][info][gc] GC(15027) Pause Young (Allocation Failure) 13M->8M(15M) 0.143ms
[31.497s][info][gc] GC(15028) Pause Young (Allocation Failure) 13M->9M(15M) 0.203ms
[31.498s][info][gc] GC(15029) Pause Young (Allocation Failure) 13M->8M(15M) 0.168ms
[31.498s][info][gc] GC(15030) Pause Young (Allocation Failure) 13M->9M(15M) 0.182ms
[31.499s][info][gc] GC(15031) Pause Young (Allocation Failure) 13M->9M(15M) 0.180ms
[31.500s][info][gc] GC(15032) Pause Young (Allocation Failure) 13M->9M(15M) 0.178ms
[31.501s][info][gc] GC(15033) Pause Young (Allocation Failure) 13M->9M(15M) 0.171ms
[31.501s][info][gc] GC(15034) Pause Young (Allocation Failure) 13M->9M(15M) 0.176ms
[31.502s][info][gc] GC(15035) Pause Young (Allocation Failure) 13M->9M(15M) 0.177ms
[31.503s][info][gc] GC(15036) Pause Young (Allocation Failure) 13M->9M(15M) 0.201ms
[31.504s][info][gc] GC(15037) Pause Young (Allocation Failure) 14M->9M(15M) 0.181ms
[31.504s][info][gc] GC(15038) Pause Young (Allocation Failure) 13M->9M(15M) 0.173ms
[31.505s][info][gc] GC(15039) Pause Young (Allocation Failure) 13M->9M(15M) 0.192ms
[31.506s][info][gc] GC(15040) Pause Young (Allocation Failure) 14M->9M(15M) 0.194ms
[31.507s][info][gc] GC(15041) Pause Young (Allocation Failure) 14M->10M(15M) 0.152ms
[31.507s][info][gc] GC(15042) Pause Young (Allocation Failure) 14M->10M(15M) 0.204ms
[31.508s][info][gc] GC(15043) Pause Young (Allocation Failure) 14M->10M(15M) 0.186ms
[31.509s][info][gc] GC(15044) Pause Young (Allocation Failure) 14M->10M(15M) 0.192ms
[31.510s][info][gc] GC(15045) Pause Young (Allocation Failure) 14M->10M(15M) 0.165ms
[31.511s][info][gc] GC(15046) Pause Young (Allocation Failure) 14M->10M(15M) 0.181ms
[31.511s][info][gc] GC(15047) Pause Young (Allocation Failure) 14M->10M(15M) 0.194ms
[31.512s][info][gc] GC(15048) Pause Young (Allocation Failure) 15M->11M(15M) 0.148ms
[31.513s][info][gc] GC(15049) Pause Young (Allocation Failure) 15M->15M(15M) 0.025ms
[31.521s][info][gc] GC(15050) Pause Full (Allocation Failure) 15M->6M(15M) 8.128ms
[31.522s][info][gc] GC(15051) Pause Young (Allocation Failure) 11M->7M(15M) 0.235ms
[31.523s][info][gc] GC(15052) Pause Young (Allocation Failure) 11M->7M(15M) 0.177ms
[31.524s][info][gc] GC(15053) Pause Young (Allocation Failure) 11M->7M(15M) 0.167ms
[31.525s][info][gc] GC(15054) Pause Young (Allocation Failure) 11M->7M(15M) 0.184ms
[31.525s][info][gc] GC(15055) Pause Young (Allocation Failure) 11M->7M(15M) 0.190ms
[31.526s][info][gc] GC(15056) Pause Young (Allocation Failure) 11M->7M(15M) 0.184ms
[31.527s][info][gc] GC(15057) Pause Young (Allocation Failure) 11M->7M(15M) 0.181ms
[31.528s][info][gc] GC(15058) Pause Young (Allocation Failure) 11M->7M(15M) 0.185ms
[31.529s][info][gc] GC(15059) Pause Young (Allocation Failure) 11M->7M(15M) 0.197ms
[31.530s][info][gc] GC(15060) Pause Young (Allocation Failure) 11M->7M(15M) 0.176ms
[31.530s][info][gc] GC(15061) Pause Young (Allocation Failure) 11M->7M(15M) 0.181ms
[31.531s][info][gc] GC(15062) Pause Young (Allocation Failure) 11M->7M(15M) 0.202ms
[31.532s][info][gc] GC(15063) Pause Young (Allocation Failure) 11M->7M(15M) 0.200ms
[31.533s][info][gc] GC(15064) Pause Young (Allocation Failure) 11M->8M(15M) 0.290ms
[31.534s][info][gc] GC(15065) Pause Young (Allocation Failure) 12M->8M(15M) 0.201ms
[31.535s][info][gc] GC(15066) Pause Young (Allocation Failure) 12M->8M(15M) 0.174ms
[31.536s][info][gc] GC(15067) Pause Young (Allocation Failure) 12M->8M(15M) 0.204ms
[31.537s][info][gc] GC(15068) Pause Young (Allocation Failure) 12M->8M(15M) 0.174ms
[31.538s][info][gc] GC(15069) Pause Young (Allocation Failure) 12M->8M(15M) 0.214ms
[31.538s][info][gc] GC(15070) Pause Young (Allocation Failure) 12M->8M(15M) 0.217ms
[31.540s][info][gc] GC(15071) Pause Young (Allocation Failure) 12M->8M(15M) 0.189ms
[31.541s][info][gc] GC(15072) Pause Young (Allocation Failure) 12M->8M(15M) 0.296ms
[31.541s][info][gc] GC(15073) Pause Young (Allocation Failure) 12M->8M(15M) 0.216ms
[31.542s][info][gc] GC(15074) Pause Young (Allocation Failure) 12M->9M(15M) 0.229ms
[31.543s][info][gc] GC(15075) Pause Young (Allocation Failure) 13M->9M(15M) 0.191ms
[31.544s][info][gc] GC(15076) Pause Young (Allocation Failure) 13M->9M(15M) 0.212ms
[31.545s][info][gc] GC(15077) Pause Young (Allocation Failure) 13M->9M(15M) 0.218ms
[31.546s][info][gc] GC(15078) Pause Young (Allocation Failure) 14M->10M(15M) 0.222ms
[31.547s][info][gc] GC(15079) Pause Young (Allocation Failure) 14M->10M(15M) 0.183ms
[31.547s][info][gc] GC(15080) Pause Young (Allocation Failure) 14M->9M(15M) 0.177ms
[31.548s][info][gc] GC(15081) Pause Young (Allocation Failure) 14M->9M(15M) 0.167ms
[31.549s][info][gc] GC(15082) Pause Young (Allocation Failure) 14M->10M(15M) 0.191ms
[31.550s][info][gc] GC(15083) Pause Young (Allocation Failure) 14M->10M(15M) 0.197ms
[31.551s][info][gc] GC(15084) Pause Young (Allocation Failure) 14M->9M(15M) 0.197ms
[31.552s][info][gc] GC(15085) Pause Young (Allocation Failure) 14M->9M(15M) 0.194ms
[31.553s][info][gc] GC(15086) Pause Young (Allocation Failure) 14M->11M(15M) 0.309ms
[31.553s][info][gc] GC(15087) Pause Young (Allocation Failure) 15M->15M(15M) 0.025ms
[31.562s][info][gc] GC(15088) Pause Full (Allocation Failure) 15M->6M(15M) 8.728ms
[31.563s][info][gc] GC(15089) Pause Young (Allocation Failure) 10M->7M(15M) 0.316ms
[31.565s][info][gc] GC(15090) Pause Young (Allocation Failure) 11M->6M(15M) 0.597ms
[31.566s][info][gc] GC(15091) Pause Young (Allocation Failure) 11M->6M(15M) 0.189ms
[31.567s][info][gc] GC(15092) Pause Young (Allocation Failure) 11M->7M(15M) 0.226ms
[31.568s][info][gc] GC(15093) Pause Young (Allocation Failure) 11M->7M(15M) 0.209ms
[31.569s][info][gc] GC(15094) Pause Young (Allocation Failure) 11M->7M(15M) 0.178ms
[31.570s][info][gc] GC(15095) Pause Young (Allocation Failure) 11M->7M(15M) 0.184ms
[31.571s][info][gc] GC(15096) Pause Young (Allocation Failure) 11M->7M(15M) 0.184ms
[31.571s][info][gc] GC(15097) Pause Young (Allocation Failure) 11M->7M(15M) 0.219ms
[31.573s][info][gc] GC(15098) Pause Young (Allocation Failure) 11M->7M(15M) 0.185ms
[31.573s][info][gc] GC(15099) Pause Young (Allocation Failure) 11M->7M(15M) 0.214ms
[31.575s][info][gc] GC(15100) Pause Young (Allocation Failure) 12M->7M(15M) 0.200ms
[31.575s][info][gc] GC(15101) Pause Young (Allocation Failure) 11M->8M(15M) 0.258ms
[31.576s][info][gc] GC(15102) Pause Young (Allocation Failure) 12M->8M(15M) 0.239ms
[31.577s][info][gc] GC(15103) Pause Young (Allocation Failure) 12M->8M(15M) 0.203ms
[31.579s][info][gc] GC(15104) Pause Young (Allocation Failure) 12M->7M(15M) 0.380ms
[31.579s][info][gc] GC(15105) Pause Young (Allocation Failure) 12M->8M(15M) 0.197ms
[31.580s][info][gc] GC(15106) Pause Young (Allocation Failure) 12M->8M(15M) 0.189ms
[31.581s][info][gc] GC(15107) Pause Young (Allocation Failure) 12M->8M(15M) 0.193ms
[31.582s][info][gc] GC(15108) Pause Young (Allocation Failure) 12M->8M(15M) 0.196ms
[31.583s][info][gc] GC(15109) Pause Young (Allocation Failure) 12M->8M(15M) 0.211ms
[31.584s][info][gc] GC(15110) Pause Young (Allocation Failure) 12M->8M(15M) 0.212ms
[31.585s][info][gc] GC(15111) Pause Young (Allocation Failure) 12M->8M(15M) 0.263ms
[31.586s][info][gc] GC(15112) Pause Young (Allocation Failure) 13M->8M(15M) 0.198ms
[31.587s][info][gc] GC(15113) Pause Young (Allocation Failure) 12M->8M(15M) 0.225ms
[31.587s][info][gc] GC(15114) Pause Young (Allocation Failure) 13M->9M(15M) 0.235ms
[31.588s][info][gc] GC(15115) Pause Young (Allocation Failure) 13M->9M(15M) 0.200ms
[31.589s][info][gc] GC(15116) Pause Young (Allocation Failure) 13M->9M(15M) 0.230ms
[31.590s][info][gc] GC(15117) Pause Young (Allocation Failure) 14M->9M(15M) 0.175ms
[31.591s][info][gc] GC(15118) Pause Young (Allocation Failure) 13M->10M(15M) 0.216ms
[31.591s][info][gc] GC(15119) Pause Young (Allocation Failure) 14M->9M(15M) 0.194ms
[31.592s][info][gc] GC(15120) Pause Young (Allocation Failure) 14M->9M(15M) 0.178ms
[31.593s][info][gc] GC(15121) Pause Young (Allocation Failure) 14M->9M(15M) 0.178ms
[31.594s][info][gc] GC(15122) Pause Young (Allocation Failure) 14M->10M(15M) 0.210ms
[31.595s][info][gc] GC(15123) Pause Young (Allocation Failure) 14M->9M(15M) 0.223ms
[31.596s][info][gc] GC(15124) Pause Young (Allocation Failure) 14M->10M(15M) 0.229ms
[31.597s][info][gc] GC(15125) Pause Young (Allocation Failure) 14M->10M(15M) 0.289ms
[31.598s][info][gc] GC(15126) Pause Young (Allocation Failure) 14M->10M(15M) 0.200ms
[31.599s][info][gc] GC(15127) Pause Young (Allocation Failure) 14M->10M(15M) 0.175ms
[31.600s][info][gc] GC(15128) Pause Young (Allocation Failure) 14M->10M(15M) 0.193ms
[31.600s][info][gc] GC(15129) Pause Young (Allocation Failure) 14M->10M(15M) 0.189ms
[31.601s][info][gc] GC(15130) Pause Young (Allocation Failure) 15M->15M(15M) 0.019ms
[31.608s][info][gc] GC(15131) Pause Full (Allocation Failure) 15M->7M(15M) 7.298ms
[31.609s][info][gc] GC(15132) Pause Young (Allocation Failure) 11M->7M(15M) 0.243ms
[31.610s][info][gc] GC(15133) Pause Young (Allocation Failure) 12M->7M(15M) 0.184ms
[31.611s][info][gc] GC(15134) Pause Young (Allocation Failure) 11M->7M(15M) 0.176ms
[31.612s][info][gc] GC(15135) Pause Young (Allocation Failure) 11M->7M(15M) 0.196ms
[31.613s][info][gc] GC(15136) Pause Young (Allocation Failure) 12M->7M(15M) 0.168ms
[31.613s][info][gc] GC(15137) Pause Young (Allocation Failure) 11M->7M(15M) 0.178ms
[31.614s][info][gc] GC(15138) Pause Young (Allocation Failure) 11M->8M(15M) 0.230ms
[31.615s][info][gc] GC(15139) Pause Young (Allocation Failure) 12M->8M(15M) 0.200ms
[31.616s][info][gc] GC(15140) Pause Young (Allocation Failure) 12M->8M(15M) 0.172ms
[31.617s][info][gc] GC(15141) Pause Young (Allocation Failure) 12M->8M(15M) 0.181ms
[31.617s][info][gc] GC(15142) Pause Young (Allocation Failure) 12M->8M(15M) 0.224ms
[31.619s][info][gc] GC(15143) Pause Young (Allocation Failure) 13M->8M(15M) 0.201ms
[31.619s][info][gc] GC(15144) Pause Young (Allocation Failure) 12M->8M(15M) 0.211ms
[31.620s][info][gc] GC(15145) Pause Young (Allocation Failure) 12M->8M(15M) 0.212ms
[31.621s][info][gc] GC(15146) Pause Young (Allocation Failure) 13M->8M(15M) 0.181ms
[31.622s][info][gc] GC(15147) Pause Young (Allocation Failure) 12M->8M(15M) 0.171ms
[31.623s][info][gc] GC(15148) Pause Young (Allocation Failure) 12M->8M(15M) 0.167ms
[31.623s][info][gc] GC(15149) Pause Young (Allocation Failure) 12M->8M(15M) 0.170ms
[31.624s][info][gc] GC(15150) Pause Young (Allocation Failure) 12M->8M(15M) 0.174ms
[31.625s][info][gc] GC(15151) Pause Young (Allocation Failure) 12M->9M(15M) 0.215ms
[31.626s][info][gc] GC(15152) Pause Young (Allocation Failure) 13M->9M(15M) 0.136ms
[31.627s][info][gc] GC(15153) Pause Young (Allocation Failure) 13M->9M(15M) 0.189ms
[31.628s][info][gc] GC(15154) Pause Young (Allocation Failure) 13M->9M(15M) 0.176ms
[31.629s][info][gc] GC(15155) Pause Young (Allocation Failure) 13M->8M(15M) 0.165ms
[31.629s][info][gc] GC(15156) Pause Young (Allocation Failure) 13M->9M(15M) 0.169ms
[31.630s][info][gc] GC(15157) Pause Young (Allocation Failure) 13M->9M(15M) 0.178ms
[31.631s][info][gc] GC(15158) Pause Young (Allocation Failure) 13M->9M(15M) 0.179ms
[31.632s][info][gc] GC(15159) Pause Young (Allocation Failure) 13M->9M(15M) 0.202ms
[31.632s][info][gc] GC(15160) Pause Young (Allocation Failure) 14M->9M(15M) 0.189ms
[31.633s][info][gc] GC(15161) Pause Young (Allocation Failure) 14M->9M(15M) 0.164ms
[31.634s][info][gc] GC(15162) Pause Young (Allocation Failure) 13M->10M(15M) 0.192ms
[31.635s][info][gc] GC(15163) Pause Young (Allocation Failure) 14M->9M(15M) 0.165ms
[31.636s][info][gc] GC(15164) Pause Young (Allocation Failure) 14M->9M(15M) 0.164ms
[31.636s][info][gc] GC(15165) Pause Young (Allocation Failure) 14M->10M(15M) 0.188ms
[31.637s][info][gc] GC(15166) Pause Young (Allocation Failure) 14M->10M(15M) 0.191ms
[31.638s][info][gc] GC(15167) Pause Young (Allocation Failure) 14M->10M(15M) 0.153ms
[31.639s][info][gc] GC(15168) Pause Young (Allocation Failure) 14M->10M(15M) 0.161ms
[31.639s][info][gc] GC(15169) Pause Young (Allocation Failure) 14M->10M(15M) 0.155ms
[31.640s][info][gc] GC(15170) Pause Young (Allocation Failure) 14M->10M(15M) 0.149ms
[31.641s][info][gc] GC(15171) Pause Young (Allocation Failure) 14M->10M(15M) 0.158ms
[31.641s][info][gc] GC(15172) Pause Young (Allocation Failure) 14M->10M(15M) 0.166ms
[31.642s][info][gc] GC(15173) Pause Young (Allocation Failure) 14M->10M(15M) 0.191ms
[31.643s][info][gc] GC(15174) Pause Young (Allocation Failure) 15M->15M(15M) 0.019ms
[31.650s][info][gc] GC(15175) Pause Full (Allocation Failure) 15M->6M(15M) 7.150ms
[31.651s][info][gc] GC(15176) Pause Young (Allocation Failure) 10M->7M(15M) 0.207ms
[31.651s][info][gc] GC(15177) Pause Young (Allocation Failure) 11M->7M(15M) 0.162ms
[31.652s][info][gc] GC(15178) Pause Young (Allocation Failure) 11M->7M(15M) 0.165ms
[31.653s][info][gc] GC(15179) Pause Young (Allocation Failure) 11M->7M(15M) 0.153ms
[31.654s][info][gc] GC(15180) Pause Young (Allocation Failure) 11M->7M(15M) 0.148ms
[31.654s][info][gc] GC(15181) Pause Young (Allocation Failure) 12M->7M(15M) 0.162ms
[31.655s][info][gc] GC(15182) Pause Young (Allocation Failure) 11M->7M(15M) 0.132ms
[31.656s][info][gc] GC(15183) Pause Young (Allocation Failure) 12M->7M(15M) 0.161ms
[31.657s][info][gc] GC(15184) Pause Young (Allocation Failure) 11M->8M(15M) 0.188ms
[31.658s][info][gc] GC(15185) Pause Young (Allocation Failure) 12M->8M(15M) 0.190ms
[31.658s][info][gc] GC(15186) Pause Young (Allocation Failure) 12M->8M(15M) 0.174ms
[31.659s][info][gc] GC(15187) Pause Young (Allocation Failure) 12M->8M(15M) 0.165ms
[31.660s][info][gc] GC(15188) Pause Young (Allocation Failure) 12M->8M(15M) 0.167ms
[31.661s][info][gc] GC(15189) Pause Young (Allocation Failure) 12M->8M(15M) 0.175ms
[31.662s][info][gc] GC(15190) Pause Young (Allocation Failure) 12M->8M(15M) 0.147ms
[31.663s][info][gc] GC(15191) Pause Young (Allocation Failure) 13M->8M(15M) 0.160ms
[31.663s][info][gc] GC(15192) Pause Young (Allocation Failure) 12M->8M(15M) 0.176ms
[31.664s][info][gc] GC(15193) Pause Young (Allocation Failure) 12M->8M(15M) 0.188ms
[31.665s][info][gc] GC(15194) Pause Young (Allocation Failure) 13M->9M(15M) 0.167ms
[31.666s][info][gc] GC(15195) Pause Young (Allocation Failure) 13M->9M(15M) 0.180ms
[31.667s][info][gc] GC(15196) Pause Young (Allocation Failure) 13M->9M(15M) 0.185ms
[31.667s][info][gc] GC(15197) Pause Young (Allocation Failure) 13M->9M(15M) 0.188ms
[31.668s][info][gc] GC(15198) Pause Young (Allocation Failure) 13M->9M(15M) 0.166ms
[31.669s][info][gc] GC(15199) Pause Young (Allocation Failure) 13M->9M(15M) 0.195ms
[31.670s][info][gc] GC(15200) Pause Young (Allocation Failure) 14M->10M(15M) 0.206ms
[31.670s][info][gc] GC(15201) Pause Young (Allocation Failure) 14M->10M(15M) 0.187ms
[31.671s][info][gc] GC(15202) Pause Young (Allocation Failure) 14M->10M(15M) 0.207ms
[31.672s][info][gc] GC(15203) Pause Young (Allocation Failure) 14M->14M(15M) 0.025ms
[31.679s][info][gc] GC(15204) Pause Full (Allocation Failure) 14M->6M(15M) 7.198ms
[31.680s][info][gc] GC(15205) Pause Young (Allocation Failure) 11M->7M(15M) 0.201ms
[31.681s][info][gc] GC(15206) Pause Young (Allocation Failure) 11M->7M(15M) 0.190ms
[31.682s][info][gc] GC(15207) Pause Young (Allocation Failure) 11M->7M(15M) 0.177ms
[31.683s][info][gc] GC(15208) Pause Young (Allocation Failure) 11M->7M(15M) 0.170ms
[31.683s][info][gc] GC(15209) Pause Young (Allocation Failure) 11M->7M(15M) 0.188ms
[31.684s][info][gc] GC(15210) Pause Young (Allocation Failure) 11M->7M(15M) 0.168ms
[31.685s][info][gc] GC(15211) Pause Young (Allocation Failure) 11M->7M(15M) 0.175ms
[31.686s][info][gc] GC(15212) Pause Young (Allocation Failure) 11M->7M(15M) 0.194ms
[31.687s][info][gc] GC(15213) Pause Young (Allocation Failure) 12M->7M(15M) 0.180ms
[31.687s][info][gc] GC(15214) Pause Young (Allocation Failure) 12M->7M(15M) 0.169ms
[31.688s][info][gc] GC(15215) Pause Young (Allocation Failure) 11M->7M(15M) 0.172ms
[31.689s][info][gc] GC(15216) Pause Young (Allocation Failure) 11M->8M(15M) 0.223ms
[31.690s][info][gc] GC(15217) Pause Young (Allocation Failure) 12M->8M(15M) 0.186ms
[31.691s][info][gc] GC(15218) Pause Young (Allocation Failure) 12M->8M(15M) 0.164ms
[31.691s][info][gc] GC(15219) Pause Young (Allocation Failure) 12M->8M(15M) 0.202ms
[31.692s][info][gc] GC(15220) Pause Young (Allocation Failure) 13M->8M(15M) 0.169ms
[31.693s][info][gc] GC(15221) Pause Young (Allocation Failure) 12M->8M(15M) 0.172ms
[31.694s][info][gc] GC(15222) Pause Young (Allocation Failure) 12M->8M(15M) 0.143ms
[31.695s][info][gc] GC(15223) Pause Young (Allocation Failure) 13M->8M(15M) 0.160ms
[31.695s][info][gc] GC(15224) Pause Young (Allocation Failure) 12M->8M(15M) 0.176ms
[31.696s][info][gc] GC(15225) Pause Young (Allocation Failure) 13M->8M(15M) 0.163ms
[31.697s][info][gc] GC(15226) Pause Young (Allocation Failure) 12M->9M(15M) 0.186ms
[31.698s][info][gc] GC(15227) Pause Young (Allocation Failure) 13M->9M(15M) 0.149ms
[31.698s][info][gc] GC(15228) Pause Young (Allocation Failure) 13M->9M(15M) 0.188ms
[31.699s][info][gc] GC(15229) Pause Young (Allocation Failure) 13M->9M(15M) 0.196ms
[31.700s][info][gc] GC(15230) Pause Young (Allocation Failure) 13M->9M(15M) 0.182ms
[31.701s][info][gc] GC(15231) Pause Young (Allocation Failure) 13M->9M(15M) 0.165ms
[31.702s][info][gc] GC(15232) Pause Young (Allocation Failure) 13M->9M(15M) 0.165ms
[31.703s][info][gc] GC(15233) Pause Young (Allocation Failure) 13M->9M(15M) 0.166ms
[31.703s][info][gc] GC(15234) Pause Young (Allocation Failure) 13M->9M(15M) 0.180ms
[31.704s][info][gc] GC(15235) Pause Young (Allocation Failure) 13M->9M(15M) 0.139ms
[31.705s][info][gc] GC(15236) Pause Young (Allocation Failure) 13M->9M(15M) 0.189ms
[31.706s][info][gc] GC(15237) Pause Young (Allocation Failure) 14M->9M(15M) 0.201ms
[31.707s][info][gc] GC(15238) Pause Young (Allocation Failure) 14M->9M(15M) 0.166ms
[31.707s][info][gc] GC(15239) Pause Young (Allocation Failure) 13M->9M(15M) 0.175ms
[31.708s][info][gc] GC(15240) Pause Young (Allocation Failure) 14M->9M(15M) 0.178ms
[31.709s][info][gc] GC(15241) Pause Young (Allocation Failure) 14M->9M(15M) 0.182ms
[31.710s][info][gc] GC(15242) Pause Young (Allocation Failure) 14M->9M(15M) 0.167ms
[31.711s][info][gc] GC(15243) Pause Young (Allocation Failure) 13M->10M(15M) 0.189ms
[31.712s][info][gc] GC(15244) Pause Young (Allocation Failure) 14M->9M(15M) 0.170ms
[31.712s][info][gc] GC(15245) Pause Young (Allocation Failure) 14M->10M(15M) 0.202ms
[31.713s][info][gc] GC(15246) Pause Young (Allocation Failure) 14M->10M(15M) 0.185ms
[31.714s][info][gc] GC(15247) Pause Young (Allocation Failure) 14M->10M(15M) 0.207ms
[31.715s][info][gc] GC(15248) Pause Young (Allocation Failure) 15M->10M(15M) 0.186ms
[31.715s][info][gc] GC(15249) Pause Young (Allocation Failure) 15M->15M(15M) 0.026ms
[31.723s][info][gc] GC(15250) Pause Full (Allocation Failure) 15M->7M(15M) 7.348ms
[31.724s][info][gc] GC(15251) Pause Young (Allocation Failure) 11M->7M(15M) 0.203ms
[31.724s][info][gc] GC(15252) Pause Young (Allocation Failure) 12M->7M(15M) 0.192ms
[31.725s][info][gc] GC(15253) Pause Young (Allocation Failure) 12M->8M(15M) 0.179ms
[31.726s][info][gc] GC(15254) Pause Young (Allocation Failure) 12M->8M(15M) 0.136ms
[31.727s][info][gc] GC(15255) Pause Young (Allocation Failure) 12M->8M(15M) 0.201ms
[31.728s][info][gc] GC(15256) Pause Young (Allocation Failure) 12M->8M(15M) 0.186ms
[31.729s][info][gc] GC(15257) Pause Young (Allocation Failure) 12M->8M(15M) 0.182ms
[31.729s][info][gc] GC(15258) Pause Young (Allocation Failure) 12M->8M(15M) 0.154ms
[31.730s][info][gc] GC(15259) Pause Young (Allocation Failure) 12M->8M(15M) 0.208ms
[31.731s][info][gc] GC(15260) Pause Young (Allocation Failure) 13M->8M(15M) 0.195ms
[31.732s][info][gc] GC(15261) Pause Young (Allocation Failure) 13M->8M(15M) 0.181ms
[31.733s][info][gc] GC(15262) Pause Young (Allocation Failure) 13M->8M(15M) 0.159ms
[31.734s][info][gc] GC(15263) Pause Young (Allocation Failure) 12M->8M(15M) 0.170ms
[31.734s][info][gc] GC(15264) Pause Young (Allocation Failure) 12M->8M(15M) 0.164ms
[31.735s][info][gc] GC(15265) Pause Young (Allocation Failure) 12M->8M(15M) 0.173ms
[31.736s][info][gc] GC(15266) Pause Young (Allocation Failure) 12M->8M(15M) 0.146ms
[31.737s][info][gc] GC(15267) Pause Young (Allocation Failure) 13M->8M(15M) 0.170ms
[31.737s][info][gc] GC(15268) Pause Young (Allocation Failure) 12M->8M(15M) 0.186ms
[31.738s][info][gc] GC(15269) Pause Young (Allocation Failure) 13M->8M(15M) 0.177ms
[31.739s][info][gc] GC(15270) Pause Young (Allocation Failure) 13M->9M(15M) 0.195ms
[31.740s][info][gc] GC(15271) Pause Young (Allocation Failure) 13M->9M(15M) 0.201ms
[31.741s][info][gc] GC(15272) Pause Young (Allocation Failure) 13M->9M(15M) 0.173ms
[31.741s][info][gc] GC(15273) Pause Young (Allocation Failure) 13M->9M(15M) 0.204ms
[31.742s][info][gc] GC(15274) Pause Young (Allocation Failure) 13M->9M(15M) 0.174ms
[31.743s][info][gc] GC(15275) Pause Young (Allocation Failure) 13M->9M(15M) 0.188ms
[31.744s][info][gc] GC(15276) Pause Young (Allocation Failure) 14M->9M(15M) 0.198ms
[31.745s][info][gc] GC(15277) Pause Young (Allocation Failure) 14M->9M(15M) 0.176ms
[31.746s][info][gc] GC(15278) Pause Young (Allocation Failure) 13M->9M(15M) 0.171ms
[31.746s][info][gc] GC(15279) Pause Young (Allocation Failure) 14M->9M(15M) 0.172ms
[31.747s][info][gc] GC(15280) Pause Young (Allocation Failure) 14M->9M(15M) 0.169ms
[31.748s][info][gc] GC(15281) Pause Young (Allocation Failure) 13M->9M(15M) 0.182ms
[31.749s][info][gc] GC(15282) Pause Young (Allocation Failure) 14M->10M(15M) 0.193ms
[31.750s][info][gc] GC(15283) Pause Young (Allocation Failure) 14M->10M(15M) 0.206ms
[31.750s][info][gc] GC(15284) Pause Young (Allocation Failure) 14M->10M(15M) 0.197ms
[31.751s][info][gc] GC(15285) Pause Young (Allocation Failure) 14M->10M(15M) 0.182ms
[31.752s][info][gc] GC(15286) Pause Young (Allocation Failure) 15M->10M(15M) 0.174ms
[31.753s][info][gc] GC(15287) Pause Young (Allocation Failure) 14M->10M(15M) 0.183ms
[31.754s][info][gc] GC(15288) Pause Young (Allocation Failure) 15M->10M(15M) 0.187ms
[31.754s][info][gc] GC(15289) Pause Young (Allocation Failure) 15M->10M(15M) 0.177ms
[31.755s][info][gc] GC(15290) Pause Young (Allocation Failure) 15M->10M(15M) 0.188ms
[31.756s][info][gc] GC(15291) Pause Young (Allocation Failure) 15M->15M(15M) 0.025ms
[31.763s][info][gc] GC(15292) Pause Full (Allocation Failure) 15M->6M(15M) 7.340ms
[31.764s][info][gc] GC(15293) Pause Young (Allocation Failure) 11M->7M(15M) 0.236ms
[31.765s][info][gc] GC(15294) Pause Young (Allocation Failure) 11M->7M(15M) 0.184ms
[31.766s][info][gc] GC(15295) Pause Young (Allocation Failure) 11M->8M(15M) 0.217ms
[31.767s][info][gc] GC(15296) Pause Young (Allocation Failure) 12M->7M(15M) 0.165ms
[31.767s][info][gc] GC(15297) Pause Young (Allocation Failure) 12M->8M(15M) 0.167ms
[31.768s][info][gc] GC(15298) Pause Young (Allocation Failure) 12M->8M(15M) 0.194ms
[31.769s][info][gc] GC(15299) Pause Young (Allocation Failure) 12M->8M(15M) 0.173ms
[31.770s][info][gc] GC(15300) Pause Young (Allocation Failure) 12M->8M(15M) 0.181ms
[31.770s][info][gc] GC(15301) Pause Young (Allocation Failure) 12M->8M(15M) 0.192ms
[31.771s][info][gc] GC(15302) Pause Young (Allocation Failure) 12M->7M(15M) 0.162ms
[31.772s][info][gc] GC(15303) Pause Young (Allocation Failure) 12M->8M(15M) 0.196ms
[31.773s][info][gc] GC(15304) Pause Young (Allocation Failure) 12M->8M(15M) 0.182ms
[31.774s][info][gc] GC(15305) Pause Young (Allocation Failure) 12M->9M(15M) 0.176ms
[31.774s][info][gc] GC(15306) Pause Young (Allocation Failure) 13M->9M(15M) 0.185ms
[31.775s][info][gc] GC(15307) Pause Young (Allocation Failure) 13M->8M(15M) 0.162ms
[31.776s][info][gc] GC(15308) Pause Young (Allocation Failure) 13M->9M(15M) 0.168ms
[31.777s][info][gc] GC(15309) Pause Young (Allocation Failure) 13M->8M(15M) 0.166ms
[31.778s][info][gc] GC(15310) Pause Young (Allocation Failure) 13M->9M(15M) 0.193ms
[31.778s][info][gc] GC(15311) Pause Young (Allocation Failure) 13M->9M(15M) 0.188ms
[31.779s][info][gc] GC(15312) Pause Young (Allocation Failure) 13M->9M(15M) 0.178ms
[31.780s][info][gc] GC(15313) Pause Young (Allocation Failure) 13M->9M(15M) 0.177ms
[31.781s][info][gc] GC(15314) Pause Young (Allocation Failure) 13M->9M(15M) 0.179ms
[31.781s][info][gc] GC(15315) Pause Young (Allocation Failure) 13M->9M(15M) 0.177ms
[31.782s][info][gc] GC(15316) Pause Young (Allocation Failure) 13M->9M(15M) 0.172ms
[31.783s][info][gc] GC(15317) Pause Young (Allocation Failure) 13M->9M(15M) 0.172ms
[31.784s][info][gc] GC(15318) Pause Young (Allocation Failure) 13M->9M(15M) 0.149ms
[31.785s][info][gc] GC(15319) Pause Young (Allocation Failure) 13M->9M(15M) 0.201ms
[31.785s][info][gc] GC(15320) Pause Young (Allocation Failure) 14M->9M(15M) 0.181ms
[31.786s][info][gc] GC(15321) Pause Young (Allocation Failure) 14M->9M(15M) 0.181ms
[31.787s][info][gc] GC(15322) Pause Young (Allocation Failure) 14M->9M(15M) 0.183ms
[31.788s][info][gc] GC(15323) Pause Young (Allocation Failure) 14M->10M(15M) 0.202ms
[31.789s][info][gc] GC(15324) Pause Young (Allocation Failure) 14M->10M(15M) 0.181ms
[31.790s][info][gc] GC(15325) Pause Young (Allocation Failure) 14M->10M(15M) 0.206ms
[31.790s][info][gc] GC(15326) Pause Young (Allocation Failure) 14M->10M(15M) 0.200ms
[31.791s][info][gc] GC(15327) Pause Young (Allocation Failure) 15M->15M(15M) 0.025ms
[31.799s][info][gc] GC(15328) Pause Full (Allocation Failure) 15M->6M(15M) 7.493ms
[31.799s][info][gc] GC(15329) Pause Young (Allocation Failure) 10M->6M(15M) 0.177ms
[31.800s][info][gc] GC(15330) Pause Young (Allocation Failure) 11M->6M(15M) 0.180ms
[31.801s][info][gc] GC(15331) Pause Young (Allocation Failure) 11M->7M(15M) 0.222ms
[31.802s][info][gc] GC(15332) Pause Young (Allocation Failure) 11M->8M(15M) 0.234ms
[31.803s][info][gc] GC(15333) Pause Young (Allocation Failure) 12M->8M(15M) 0.190ms
[31.803s][info][gc] GC(15334) Pause Young (Allocation Failure) 12M->8M(15M) 0.181ms
[31.804s][info][gc] GC(15335) Pause Young (Allocation Failure) 12M->7M(15M) 0.164ms
[31.805s][info][gc] GC(15336) Pause Young (Allocation Failure) 12M->8M(15M) 0.213ms
[31.806s][info][gc] GC(15337) Pause Young (Allocation Failure) 13M->8M(15M) 0.179ms
[31.807s][info][gc] GC(15338) Pause Young (Allocation Failure) 12M->8M(15M) 0.178ms
[31.807s][info][gc] GC(15339) Pause Young (Allocation Failure) 12M->8M(15M) 0.171ms
[31.808s][info][gc] GC(15340) Pause Young (Allocation Failure) 12M->8M(15M) 0.172ms
[31.809s][info][gc] GC(15341) Pause Young (Allocation Failure) 12M->8M(15M) 0.163ms
[31.810s][info][gc] GC(15342) Pause Young (Allocation Failure) 12M->8M(15M) 0.174ms
[31.810s][info][gc] GC(15343) Pause Young (Allocation Failure) 12M->8M(15M) 0.164ms
[31.811s][info][gc] GC(15344) Pause Young (Allocation Failure) 12M->8M(15M) 0.162ms
[31.812s][info][gc] GC(15345) Pause Young (Allocation Failure) 12M->8M(15M) 0.172ms
[31.813s][info][gc] GC(15346) Pause Young (Allocation Failure) 12M->8M(15M) 0.173ms
[31.814s][info][gc] GC(15347) Pause Young (Allocation Failure) 12M->8M(15M) 0.177ms
[31.814s][info][gc] GC(15348) Pause Young (Allocation Failure) 12M->8M(15M) 0.181ms
[31.815s][info][gc] GC(15349) Pause Young (Allocation Failure) 13M->8M(15M) 0.179ms
[31.816s][info][gc] GC(15350) Pause Young (Allocation Failure) 12M->9M(15M) 0.212ms
[31.817s][info][gc] GC(15351) Pause Young (Allocation Failure) 13M->9M(15M) 0.217ms
[31.818s][info][gc] GC(15352) Pause Young (Allocation Failure) 13M->9M(15M) 0.165ms
[31.818s][info][gc] GC(15353) Pause Young (Allocation Failure) 13M->9M(15M) 0.192ms
[31.819s][info][gc] GC(15354) Pause Young (Allocation Failure) 13M->10M(15M) 0.222ms
[31.820s][info][gc] GC(15355) Pause Young (Allocation Failure) 14M->10M(15M) 0.199ms
[31.821s][info][gc] GC(15356) Pause Young (Allocation Failure) 14M->10M(15M) 0.202ms
[31.822s][info][gc] GC(15357) Pause Young (Allocation Failure) 15M->15M(15M) 0.025ms
[31.829s][info][gc] GC(15358) Pause Full (Allocation Failure) 15M->7M(15M) 7.247ms
[31.830s][info][gc] GC(15359) Pause Young (Allocation Failure) 11M->7M(15M) 0.216ms
[31.831s][info][gc] GC(15360) Pause Young (Allocation Failure) 12M->7M(15M) 0.201ms
[31.831s][info][gc] GC(15361) Pause Young (Allocation Failure) 12M->7M(15M) 0.173ms
[31.832s][info][gc] GC(15362) Pause Young (Allocation Failure) 11M->7M(15M) 0.196ms
[31.833s][info][gc] GC(15363) Pause Young (Allocation Failure) 12M->8M(15M) 0.201ms
[31.834s][info][gc] GC(15364) Pause Young (Allocation Failure) 12M->7M(15M) 0.169ms
[31.835s][info][gc] GC(15365) Pause Young (Allocation Failure) 12M->7M(15M) 0.172ms
[31.836s][info][gc] GC(15366) Pause Young (Allocation Failure) 12M->8M(15M) 0.177ms
[31.836s][info][gc] GC(15367) Pause Young (Allocation Failure) 12M->8M(15M) 0.220ms
[31.837s][info][gc] GC(15368) Pause Young (Allocation Failure) 13M->8M(15M) 0.196ms
[31.838s][info][gc] GC(15369) Pause Young (Allocation Failure) 13M->8M(15M) 0.184ms
[31.839s][info][gc] GC(15370) Pause Young (Allocation Failure) 13M->8M(15M) 0.188ms
[31.840s][info][gc] GC(15371) Pause Young (Allocation Failure) 13M->8M(15M) 0.176ms
[31.840s][info][gc] GC(15372) Pause Young (Allocation Failure) 13M->8M(15M) 0.169ms
[31.841s][info][gc] GC(15373) Pause Young (Allocation Failure) 12M->9M(15M) 0.226ms
[31.842s][info][gc] GC(15374) Pause Young (Allocation Failure) 13M->9M(15M) 0.182ms
[31.843s][info][gc] GC(15375) Pause Young (Allocation Failure) 13M->9M(15M) 0.183ms
[31.843s][info][gc] GC(15376) Pause Young (Allocation Failure) 13M->9M(15M) 0.191ms
[31.844s][info][gc] GC(15377) Pause Young (Allocation Failure) 14M->10M(15M) 0.213ms
[31.845s][info][gc] GC(15378) Pause Young (Allocation Failure) 14M->10M(15M) 0.194ms
[31.846s][info][gc] GC(15379) Pause Young (Allocation Failure) 14M->10M(15M) 0.186ms
[31.847s][info][gc] GC(15380) Pause Young (Allocation Failure) 14M->10M(15M) 0.174ms
[31.848s][info][gc] GC(15381) Pause Young (Allocation Failure) 14M->10M(15M) 0.187ms
[31.849s][info][gc] GC(15382) Pause Young (Allocation Failure) 14M->10M(15M) 0.167ms
[31.849s][info][gc] GC(15383) Pause Young (Allocation Failure) 14M->10M(15M) 0.147ms
[31.850s][info][gc] GC(15384) Pause Young (Allocation Failure) 14M->10M(15M) 0.190ms
[31.851s][info][gc] GC(15385) Pause Young (Allocation Failure) 14M->10M(15M) 0.174ms
[31.852s][info][gc] GC(15386) Pause Young (Allocation Failure) 14M->10M(15M) 0.195ms
[31.852s][info][gc] GC(15387) Pause Young (Allocation Failure) 15M->15M(15M) 0.025ms
[31.860s][info][gc] GC(15388) Pause Full (Allocation Failure) 15M->7M(15M) 7.270ms
[31.860s][info][gc] GC(15389) Pause Young (Allocation Failure) 11M->7M(15M) 0.177ms
[31.861s][info][gc] GC(15390) Pause Young (Allocation Failure) 11M->7M(15M) 0.174ms
[31.862s][info][gc] GC(15391) Pause Young (Allocation Failure) 11M->7M(15M) 0.173ms
[31.863s][info][gc] GC(15392) Pause Young (Allocation Failure) 11M->7M(15M) 0.170ms
[31.863s][info][gc] GC(15393) Pause Young (Allocation Failure) 11M->7M(15M) 0.190ms
[31.864s][info][gc] GC(15394) Pause Young (Allocation Failure) 12M->8M(15M) 0.211ms
[31.865s][info][gc] GC(15395) Pause Young (Allocation Failure) 12M->7M(15M) 0.171ms
[31.866s][info][gc] GC(15396) Pause Young (Allocation Failure) 12M->8M(15M) 0.185ms
[31.867s][info][gc] GC(15397) Pause Young (Allocation Failure) 12M->7M(15M) 0.165ms
[31.867s][info][gc] GC(15398) Pause Young (Allocation Failure) 12M->7M(15M) 0.173ms
[31.868s][info][gc] GC(15399) Pause Young (Allocation Failure) 12M->7M(15M) 0.162ms
[31.869s][info][gc] GC(15400) Pause Young (Allocation Failure) 12M->7M(15M) 0.175ms
[31.870s][info][gc] GC(15401) Pause Young (Allocation Failure) 12M->8M(15M) 0.181ms
[31.871s][info][gc] GC(15402) Pause Young (Allocation Failure) 12M->8M(15M) 0.190ms
[31.871s][info][gc] GC(15403) Pause Young (Allocation Failure) 12M->8M(15M) 0.217ms
[31.872s][info][gc] GC(15404) Pause Young (Allocation Failure) 13M->9M(15M) 0.214ms
[31.873s][info][gc] GC(15405) Pause Young (Allocation Failure) 13M->8M(15M) 0.170ms
[31.874s][info][gc] GC(15406) Pause Young (Allocation Failure) 13M->9M(15M) 0.182ms
[31.875s][info][gc] GC(15407) Pause Young (Allocation Failure) 13M->9M(15M) 0.181ms
[31.875s][info][gc] GC(15408) Pause Young (Allocation Failure) 13M->8M(15M) 0.170ms
[31.876s][info][gc] GC(15409) Pause Young (Allocation Failure) 13M->8M(15M) 0.167ms
[31.877s][info][gc] GC(15410) Pause Young (Allocation Failure) 13M->8M(15M) 0.179ms
[31.878s][info][gc] GC(15411) Pause Young (Allocation Failure) 13M->8M(15M) 0.171ms
[31.878s][info][gc] GC(15412) Pause Young (Allocation Failure) 13M->9M(15M) 0.188ms
[31.879s][info][gc] GC(15413) Pause Young (Allocation Failure) 13M->9M(15M) 0.177ms
[31.880s][info][gc] GC(15414) Pause Young (Allocation Failure) 13M->9M(15M) 0.180ms
[31.881s][info][gc] GC(15415) Pause Young (Allocation Failure) 13M->9M(15M) 0.175ms
[31.882s][info][gc] GC(15416) Pause Young (Allocation Failure) 13M->9M(15M) 0.181ms
[31.882s][info][gc] GC(15417) Pause Young (Allocation Failure) 13M->9M(15M) 0.182ms
[31.883s][info][gc] GC(15418) Pause Young (Allocation Failure) 13M->9M(15M) 0.177ms
[31.884s][info][gc] GC(15419) Pause Young (Allocation Failure) 13M->9M(15M) 0.191ms
[31.885s][info][gc] GC(15420) Pause Young (Allocation Failure) 13M->9M(15M) 0.184ms
[31.886s][info][gc] GC(15421) Pause Young (Allocation Failure) 13M->9M(15M) 0.178ms
[31.886s][info][gc] GC(15422) Pause Young (Allocation Failure) 13M->9M(15M) 0.178ms
[31.887s][info][gc] GC(15423) Pause Young (Allocation Failure) 13M->9M(15M) 0.217ms
[31.888s][info][gc] GC(15424) Pause Young (Allocation Failure) 14M->9M(15M) 0.184ms
[31.889s][info][gc] GC(15425) Pause Young (Allocation Failure) 14M->10M(15M) 0.196ms
[31.890s][info][gc] GC(15426) Pause Young (Allocation Failure) 14M->9M(15M) 0.172ms
[31.890s][info][gc] GC(15427) Pause Young (Allocation Failure) 14M->10M(15M) 0.191ms
[31.891s][info][gc] GC(15428) Pause Young (Allocation Failure) 14M->10M(15M) 0.179ms
[31.892s][info][gc] GC(15429) Pause Young (Allocation Failure) 14M->10M(15M) 0.207ms
[31.893s][info][gc] GC(15430) Pause Young (Allocation Failure) 14M->10M(15M) 0.179ms
[31.894s][info][gc] GC(15431) Pause Young (Allocation Failure) 14M->10M(15M) 0.167ms
[31.894s][info][gc] GC(15432) Pause Young (Allocation Failure) 14M->10M(15M) 0.204ms
[31.895s][info][gc] GC(15433) Pause Young (Allocation Failure) 15M->10M(15M) 0.168ms
[31.896s][info][gc] GC(15434) Pause Young (Allocation Failure) 14M->10M(15M) 0.164ms
[31.897s][info][gc] GC(15435) Pause Young (Allocation Failure) 14M->10M(15M) 0.173ms
[31.897s][info][gc] GC(15436) Pause Young (Allocation Failure) 14M->10M(15M) 0.166ms
[31.898s][info][gc] GC(15437) Pause Young (Allocation Failure) 14M->10M(15M) 0.199ms
[31.899s][info][gc] GC(15438) Pause Young (Allocation Failure) 15M->15M(15M) 0.025ms
[31.906s][info][gc] GC(15439) Pause Full (Allocation Failure) 15M->6M(15M) 7.450ms
[31.907s][info][gc] GC(15440) Pause Young (Allocation Failure) 10M->7M(15M) 0.198ms
[31.908s][info][gc] GC(15441) Pause Young (Allocation Failure) 11M->7M(15M) 0.195ms
[31.909s][info][gc] GC(15442) Pause Young (Allocation Failure) 11M->7M(15M) 0.204ms
[31.910s][info][gc] GC(15443) Pause Young (Allocation Failure) 11M->7M(15M) 0.165ms
[31.911s][info][gc] GC(15444) Pause Young (Allocation Failure) 11M->7M(15M) 0.173ms
[31.911s][info][gc] GC(15445) Pause Young (Allocation Failure) 11M->8M(15M) 0.238ms
[31.912s][info][gc] GC(15446) Pause Young (Allocation Failure) 12M->8M(15M) 0.187ms
[31.913s][info][gc] GC(15447) Pause Young (Allocation Failure) 12M->8M(15M) 0.190ms
[31.914s][info][gc] GC(15448) Pause Young (Allocation Failure) 12M->8M(15M) 0.179ms
[31.915s][info][gc] GC(15449) Pause Young (Allocation Failure) 12M->8M(15M) 0.169ms
[31.915s][info][gc] GC(15450) Pause Young (Allocation Failure) 12M->8M(15M) 0.194ms
[31.916s][info][gc] GC(15451) Pause Young (Allocation Failure) 12M->8M(15M) 0.205ms
[31.917s][info][gc] GC(15452) Pause Young (Allocation Failure) 13M->9M(15M) 0.200ms
[31.918s][info][gc] GC(15453) Pause Young (Allocation Failure) 13M->8M(15M) 0.172ms
[31.919s][info][gc] GC(15454) Pause Young (Allocation Failure) 13M->9M(15M) 0.203ms
[31.919s][info][gc] GC(15455) Pause Young (Allocation Failure) 13M->8M(15M) 0.161ms
[31.920s][info][gc] GC(15456) Pause Young (Allocation Failure) 13M->9M(15M) 0.186ms
[31.921s][info][gc] GC(15457) Pause Young (Allocation Failure) 13M->9M(15M) 0.197ms
[31.922s][info][gc] GC(15458) Pause Young (Allocation Failure) 13M->9M(15M) 0.204ms
[31.923s][info][gc] GC(15459) Pause Young (Allocation Failure) 14M->9M(15M) 0.184ms
[31.923s][info][gc] GC(15460) Pause Young (Allocation Failure) 14M->10M(15M) 0.198ms
[31.924s][info][gc] GC(15461) Pause Young (Allocation Failure) 14M->9M(15M) 0.164ms
[31.925s][info][gc] GC(15462) Pause Young (Allocation Failure) 13M->10M(15M) 0.183ms
[31.926s][info][gc] GC(15463) Pause Young (Allocation Failure) 14M->10M(15M) 0.197ms
[31.927s][info][gc] GC(15464) Pause Young (Allocation Failure) 14M->10M(15M) 0.193ms
[31.928s][info][gc] GC(15465) Pause Young (Allocation Failure) 14M->10M(15M) 0.181ms
[31.928s][info][gc] GC(15466) Pause Young (Allocation Failure) 14M->10M(15M) 0.178ms
[31.929s][info][gc] GC(15467) Pause Young (Allocation Failure) 14M->10M(15M) 0.172ms
[31.930s][info][gc] GC(15468) Pause Young (Allocation Failure) 14M->10M(15M) 0.183ms
[31.931s][info][gc] GC(15469) Pause Young (Allocation Failure) 14M->10M(15M) 0.189ms
[31.932s][info][gc] GC(15470) Pause Young (Allocation Failure) 14M->10M(15M) 0.199ms
[31.933s][info][gc] GC(15471) Pause Young (Allocation Failure) 14M->11M(15M) 0.218ms
[31.933s][info][gc] GC(15472) Pause Young (Allocation Failure) 15M->15M(15M) 0.029ms
[31.941s][info][gc] GC(15473) Pause Full (Allocation Failure) 15M->6M(15M) 7.292ms
[31.941s][info][gc] GC(15474) Pause Young (Allocation Failure) 11M->6M(15M) 0.170ms
[31.942s][info][gc] GC(15475) Pause Young (Allocation Failure) 11M->6M(15M) 0.186ms
[31.943s][info][gc] GC(15476) Pause Young (Allocation Failure) 11M->6M(15M) 0.166ms
[31.944s][info][gc] GC(15477) Pause Young (Allocation Failure) 11M->7M(15M) 0.175ms
[31.945s][info][gc] GC(15478) Pause Young (Allocation Failure) 11M->6M(15M) 0.170ms
[31.945s][info][gc] GC(15479) Pause Young (Allocation Failure) 11M->7M(15M) 0.212ms
[31.946s][info][gc] GC(15480) Pause Young (Allocation Failure) 11M->7M(15M) 0.185ms
[31.947s][info][gc] GC(15481) Pause Young (Allocation Failure) 11M->7M(15M) 0.167ms
[31.948s][info][gc] GC(15482) Pause Young (Allocation Failure) 11M->7M(15M) 0.174ms
[31.948s][info][gc] GC(15483) Pause Young (Allocation Failure) 12M->7M(15M) 0.168ms
[31.949s][info][gc] GC(15484) Pause Young (Allocation Failure) 11M->7M(15M) 0.174ms
[31.950s][info][gc] GC(15485) Pause Young (Allocation Failure) 11M->8M(15M) 0.209ms
[31.951s][info][gc] GC(15486) Pause Young (Allocation Failure) 12M->8M(15M) 0.183ms
[31.952s][info][gc] GC(15487) Pause Young (Allocation Failure) 12M->7M(15M) 0.168ms
[31.953s][info][gc] GC(15488) Pause Young (Allocation Failure) 12M->7M(15M) 0.167ms
[31.953s][info][gc] GC(15489) Pause Young (Allocation Failure) 12M->8M(15M) 0.183ms
[31.954s][info][gc] GC(15490) Pause Young (Allocation Failure) 12M->7M(15M) 0.170ms
[31.955s][info][gc] GC(15491) Pause Young (Allocation Failure) 12M->8M(15M) 0.206ms
[31.956s][info][gc] GC(15492) Pause Young (Allocation Failure) 12M->8M(15M) 0.192ms
[31.957s][info][gc] GC(15493) Pause Young (Allocation Failure) 12M->8M(15M) 0.183ms
[31.958s][info][gc] GC(15494) Pause Young (Allocation Failure) 13M->8M(15M) 0.168ms
[31.958s][info][gc] GC(15495) Pause Young (Allocation Failure) 12M->8M(15M) 0.186ms
[31.959s][info][gc] GC(15496) Pause Young (Allocation Failure) 12M->8M(15M) 0.196ms
[31.960s][info][gc] GC(15497) Pause Young (Allocation Failure) 13M->9M(15M) 0.164ms
[31.961s][info][gc] GC(15498) Pause Young (Allocation Failure) 13M->9M(15M) 0.196ms
[31.962s][info][gc] GC(15499) Pause Young (Allocation Failure) 13M->9M(15M) 0.187ms
[31.962s][info][gc] GC(15500) Pause Young (Allocation Failure) 13M->9M(15M) 0.167ms
[31.963s][info][gc] GC(15501) Pause Young (Allocation Failure) 13M->9M(15M) 0.178ms
[31.964s][info][gc] GC(15502) Pause Young (Allocation Failure) 13M->9M(15M) 0.164ms
[31.965s][info][gc] GC(15503) Pause Young (Allocation Failure) 14M->9M(15M) 0.171ms
[31.965s][info][gc] GC(15504) Pause Young (Allocation Failure) 13M->9M(15M) 0.171ms
[31.966s][info][gc] GC(15505) Pause Young (Allocation Failure) 13M->9M(15M) 0.184ms
[31.967s][info][gc] GC(15506) Pause Young (Allocation Failure) 13M->9M(15M) 0.191ms
[31.968s][info][gc] GC(15507) Pause Young (Allocation Failure) 14M->9M(15M) 0.130ms
[31.969s][info][gc] GC(15508) Pause Young (Allocation Failure) 14M->9M(15M) 0.180ms
[31.969s][info][gc] GC(15509) Pause Young (Allocation Failure) 14M->9M(15M) 0.164ms
[31.970s][info][gc] GC(15510) Pause Young (Allocation Failure) 13M->9M(15M) 0.214ms
[31.971s][info][gc] GC(15511) Pause Young (Allocation Failure) 14M->10M(15M) 0.187ms
[31.972s][info][gc] GC(15512) Pause Young (Allocation Failure) 14M->9M(15M) 0.176ms
[31.973s][info][gc] GC(15513) Pause Young (Allocation Failure) 14M->10M(15M) 0.165ms
[31.974s][info][gc] GC(15514) Pause Young (Allocation Failure) 14M->10M(15M) 0.178ms
[31.974s][info][gc] GC(15515) Pause Young (Allocation Failure) 14M->10M(15M) 0.173ms
[31.975s][info][gc] GC(15516) Pause Young (Allocation Failure) 14M->10M(15M) 0.187ms
[31.976s][info][gc] GC(15517) Pause Young (Allocation Failure) 14M->10M(15M) 0.183ms
[31.977s][info][gc] GC(15518) Pause Young (Allocation Failure) 14M->10M(15M) 0.167ms
[31.978s][info][gc] GC(15519) Pause Young (Allocation Failure) 14M->10M(15M) 0.213ms
[31.978s][info][gc] GC(15520) Pause Young (Allocation Failure) 15M->15M(15M) 0.025ms
[31.986s][info][gc] GC(15521) Pause Full (Allocation Failure) 15M->7M(15M) 7.615ms
[31.987s][info][gc] GC(15522) Pause Young (Allocation Failure) 11M->7M(15M) 0.212ms
[31.988s][info][gc] GC(15523) Pause Young (Allocation Failure) 12M->7M(15M) 0.191ms
[31.988s][info][gc] GC(15524) Pause Young (Allocation Failure) 12M->7M(15M) 0.185ms
[31.989s][info][gc] GC(15525) Pause Young (Allocation Failure) 12M->7M(15M) 0.165ms
[31.990s][info][gc] GC(15526) Pause Young (Allocation Failure) 11M->7M(15M) 0.187ms
[31.991s][info][gc] GC(15527) Pause Young (Allocation Failure) 12M->8M(15M) 0.192ms
[31.992s][info][gc] GC(15528) Pause Young (Allocation Failure) 12M->7M(15M) 0.172ms
[31.993s][info][gc] GC(15529) Pause Young (Allocation Failure) 12M->7M(15M) 0.165ms
[31.993s][info][gc] GC(15530) Pause Young (Allocation Failure) 12M->7M(15M) 0.176ms
[31.994s][info][gc] GC(15531) Pause Young (Allocation Failure) 12M->7M(15M) 0.170ms
[31.995s][info][gc] GC(15532) Pause Young (Allocation Failure) 12M->8M(15M) 0.178ms
[31.996s][info][gc] GC(15533) Pause Young (Allocation Failure) 12M->8M(15M) 0.190ms
[31.996s][info][gc] GC(15534) Pause Young (Allocation Failure) 12M->8M(15M) 0.171ms
[31.997s][info][gc] GC(15535) Pause Young (Allocation Failure) 12M->8M(15M) 0.172ms
[31.998s][info][gc] GC(15536) Pause Young (Allocation Failure) 12M->8M(15M) 0.176ms
[31.999s][info][gc] GC(15537) Pause Young (Allocation Failure) 12M->7M(15M) 0.160ms
[32.000s][info][gc] GC(15538) Pause Young (Allocation Failure) 12M->8M(15M) 0.201ms
[32.001s][info][gc] GC(15539) Pause Young (Allocation Failure) 12M->8M(15M) 0.181ms
[32.001s][info][gc] GC(15540) Pause Young (Allocation Failure) 12M->8M(15M) 0.166ms
[32.002s][info][gc] GC(15541) Pause Young (Allocation Failure) 12M->8M(15M) 0.173ms
[32.003s][info][gc] GC(15542) Pause Young (Allocation Failure) 12M->8M(15M) 0.176ms
[32.004s][info][gc] GC(15543) Pause Young (Allocation Failure) 12M->8M(15M) 0.175ms
[32.004s][info][gc] GC(15544) Pause Young (Allocation Failure) 12M->8M(15M) 0.181ms
[32.005s][info][gc] GC(15545) Pause Young (Allocation Failure) 12M->8M(15M) 0.182ms
[32.006s][info][gc] GC(15546) Pause Young (Allocation Failure) 12M->8M(15M) 0.200ms
[32.007s][info][gc] GC(15547) Pause Young (Allocation Failure) 13M->8M(15M) 0.163ms
[32.008s][info][gc] GC(15548) Pause Young (Allocation Failure) 12M->8M(15M) 0.171ms
[32.008s][info][gc] GC(15549) Pause Young (Allocation Failure) 12M->8M(15M) 0.176ms
[32.009s][info][gc] GC(15550) Pause Young (Allocation Failure) 12M->8M(15M) 0.178ms
[32.010s][info][gc] GC(15551) Pause Young (Allocation Failure) 12M->8M(15M) 0.172ms
[32.011s][info][gc] GC(15552) Pause Young (Allocation Failure) 12M->8M(15M) 0.161ms
[32.012s][info][gc] GC(15553) Pause Young (Allocation Failure) 12M->8M(15M) 0.166ms
[32.012s][info][gc] GC(15554) Pause Young (Allocation Failure) 12M->8M(15M) 0.166ms
[32.013s][info][gc] GC(15555) Pause Young (Allocation Failure) 12M->8M(15M) 0.177ms
[32.014s][info][gc] GC(15556) Pause Young (Allocation Failure) 12M->8M(15M) 0.177ms
[32.014s][info][gc] GC(15557) Pause Young (Allocation Failure) 12M->8M(15M) 0.182ms
[32.015s][info][gc] GC(15558) Pause Young (Allocation Failure) 13M->8M(15M) 0.194ms
[32.016s][info][gc] GC(15559) Pause Young (Allocation Failure) 13M->9M(15M) 0.200ms
[32.017s][info][gc] GC(15560) Pause Young (Allocation Failure) 13M->8M(15M) 0.172ms
[32.017s][info][gc] GC(15561) Pause Young (Allocation Failure) 13M->8M(15M) 0.163ms
[32.018s][info][gc] GC(15562) Pause Young (Allocation Failure) 13M->9M(15M) 0.177ms
[32.019s][info][gc] GC(15563) Pause Young (Allocation Failure) 13M->9M(15M) 0.193ms
[32.020s][info][gc] GC(15564) Pause Young (Allocation Failure) 13M->9M(15M) 0.211ms
[32.021s][info][gc] GC(15565) Pause Young (Allocation Failure) 14M->10M(15M) 0.199ms
[32.021s][info][gc] GC(15566) Pause Young (Allocation Failure) 14M->9M(15M) 0.169ms
[32.022s][info][gc] GC(15567) Pause Young (Allocation Failure) 14M->10M(15M) 0.193ms
[32.023s][info][gc] GC(15568) Pause Young (Allocation Failure) 14M->10M(15M) 0.203ms
[32.024s][info][gc] GC(15569) Pause Young (Allocation Failure) 14M->10M(15M) 0.192ms
[32.025s][info][gc] GC(15570) Pause Young (Allocation Failure) 14M->10M(15M) 0.186ms
[32.026s][info][gc] GC(15571) Pause Young (Allocation Failure) 14M->10M(15M) 0.166ms
[32.026s][info][gc] GC(15572) Pause Young (Allocation Failure) 14M->10M(15M) 0.171ms
[32.027s][info][gc] GC(15573) Pause Young (Allocation Failure) 14M->10M(15M) 0.200ms
[32.028s][info][gc] GC(15574) Pause Young (Allocation Failure) 15M->10M(15M) 0.155ms
[32.029s][info][gc] GC(15575) Pause Young (Allocation Failure) 15M->15M(15M) 0.025ms
[32.036s][info][gc] GC(15576) Pause Full (Allocation Failure) 15M->6M(15M) 7.172ms
[32.037s][info][gc] GC(15577) Pause Young (Allocation Failure) 11M->7M(15M) 0.217ms
[32.038s][info][gc] GC(15578) Pause Young (Allocation Failure) 11M->8M(15M) 0.236ms
[32.038s][info][gc] GC(15579) Pause Young (Allocation Failure) 12M->8M(15M) 0.195ms
[32.039s][info][gc] GC(15580) Pause Young (Allocation Failure) 12M->8M(15M) 0.174ms
[32.040s][info][gc] GC(15581) Pause Young (Allocation Failure) 12M->8M(15M) 0.202ms
[32.041s][info][gc] GC(15582) Pause Young (Allocation Failure) 12M->8M(15M) 0.188ms
[32.042s][info][gc] GC(15583) Pause Young (Allocation Failure) 12M->8M(15M) 0.172ms
[32.042s][info][gc] GC(15584) Pause Young (Allocation Failure) 12M->8M(15M) 0.163ms
[32.043s][info][gc] GC(15585) Pause Young (Allocation Failure) 13M->8M(15M) 0.179ms
[32.044s][info][gc] GC(15586) Pause Young (Allocation Failure) 13M->8M(15M) 0.135ms
[32.045s][info][gc] GC(15587) Pause Young (Allocation Failure) 13M->8M(15M) 0.176ms
[32.046s][info][gc] GC(15588) Pause Young (Allocation Failure) 13M->8M(15M) 0.182ms
[32.047s][info][gc] GC(15589) Pause Young (Allocation Failure) 13M->8M(15M) 0.164ms
[32.047s][info][gc] GC(15590) Pause Young (Allocation Failure) 12M->8M(15M) 0.161ms
[32.048s][info][gc] GC(15591) Pause Young (Allocation Failure) 12M->9M(15M) 0.212ms
[32.049s][info][gc] GC(15592) Pause Young (Allocation Failure) 13M->9M(15M) 0.181ms
[32.050s][info][gc] GC(15593) Pause Young (Allocation Failure) 13M->9M(15M) 0.175ms
[32.050s][info][gc] GC(15594) Pause Young (Allocation Failure) 13M->9M(15M) 0.204ms
[32.051s][info][gc] GC(15595) Pause Young (Allocation Failure) 13M->9M(15M) 0.175ms
[32.052s][info][gc] GC(15596) Pause Young (Allocation Failure) 13M->9M(15M) 0.192ms
[32.053s][info][gc] GC(15597) Pause Young (Allocation Failure) 13M->9M(15M) 0.193ms
[32.054s][info][gc] GC(15598) Pause Young (Allocation Failure) 14M->9M(15M) 0.173ms
[32.054s][info][gc] GC(15599) Pause Young (Allocation Failure) 13M->9M(15M) 0.167ms
[32.055s][info][gc] GC(15600) Pause Young (Allocation Failure) 13M->9M(15M) 0.177ms
[32.056s][info][gc] GC(15601) Pause Young (Allocation Failure) 14M->9M(15M) 0.192ms
[32.057s][info][gc] GC(15602) Pause Young (Allocation Failure) 14M->9M(15M) 0.178ms
[32.058s][info][gc] GC(15603) Pause Young (Allocation Failure) 14M->10M(15M) 0.187ms
[32.058s][info][gc] GC(15604) Pause Young (Allocation Failure) 14M->10M(15M) 0.181ms
[32.059s][info][gc] GC(15605) Pause Young (Allocation Failure) 14M->10M(15M) 0.200ms
[32.060s][info][gc] GC(15606) Pause Young (Allocation Failure) 14M->10M(15M) 0.181ms
[32.061s][info][gc] GC(15607) Pause Young (Allocation Failure) 14M->10M(15M) 0.198ms
[32.062s][info][gc] GC(15608) Pause Young (Allocation Failure) 14M->10M(15M) 0.190ms
[32.063s][info][gc] GC(15609) Pause Young (Allocation Failure) 14M->10M(15M) 0.178ms
[32.063s][info][gc] GC(15610) Pause Young (Allocation Failure) 14M->10M(15M) 0.199ms
[32.064s][info][gc] GC(15611) Pause Young (Allocation Failure) 15M->15M(15M) 0.025ms
[32.072s][info][gc] GC(15612) Pause Full (Allocation Failure) 15M->7M(15M) 7.600ms
[32.073s][info][gc] GC(15613) Pause Young (Allocation Failure) 12M->9M(15M) 0.299ms
[32.074s][info][gc] GC(15614) Pause Young (Allocation Failure) 13M->9M(15M) 0.222ms
[32.074s][info][gc] GC(15615) Pause Young (Allocation Failure) 13M->9M(15M) 0.205ms
[32.075s][info][gc] GC(15616) Pause Young (Allocation Failure) 14M->9M(15M) 0.190ms
[32.076s][info][gc] GC(15617) Pause Young (Allocation Failure) 14M->10M(15M) 0.213ms
[32.077s][info][gc] GC(15618) Pause Young (Allocation Failure) 14M->10M(15M) 0.187ms
[32.077s][info][gc] GC(15619) Pause Young (Allocation Failure) 14M->10M(15M) 0.216ms
[32.078s][info][gc] GC(15620) Pause Young (Allocation Failure) 15M->15M(15M) 0.025ms
[32.085s][info][gc] GC(15621) Pause Full (Allocation Failure) 15M->6M(15M) 7.377ms
[32.086s][info][gc] GC(15622) Pause Young (Allocation Failure) 11M->7M(15M) 0.248ms
[32.087s][info][gc] GC(15623) Pause Young (Allocation Failure) 12M->7M(15M) 0.172ms
[32.088s][info][gc] GC(15624) Pause Young (Allocation Failure) 11M->7M(15M) 0.174ms
[32.089s][info][gc] GC(15625) Pause Young (Allocation Failure) 11M->8M(15M) 0.196ms
[32.090s][info][gc] GC(15626) Pause Young (Allocation Failure) 12M->7M(15M) 0.179ms
[32.090s][info][gc] GC(15627) Pause Young (Allocation Failure) 12M->7M(15M) 0.178ms
[32.091s][info][gc] GC(15628) Pause Young (Allocation Failure) 12M->7M(15M) 0.188ms
[32.092s][info][gc] GC(15629) Pause Young (Allocation Failure) 12M->7M(15M) 0.170ms
[32.093s][info][gc] GC(15630) Pause Young (Allocation Failure) 12M->7M(15M) 0.177ms
[32.094s][info][gc] GC(15631) Pause Young (Allocation Failure) 12M->8M(15M) 0.182ms
[32.094s][info][gc] GC(15632) Pause Young (Allocation Failure) 12M->7M(15M) 0.167ms
[32.095s][info][gc] GC(15633) Pause Young (Allocation Failure) 12M->8M(15M) 0.180ms
[32.096s][info][gc] GC(15634) Pause Young (Allocation Failure) 12M->8M(15M) 0.172ms
[32.097s][info][gc] GC(15635) Pause Young (Allocation Failure) 12M->8M(15M) 0.167ms
[32.097s][info][gc] GC(15636) Pause Young (Allocation Failure) 12M->9M(15M) 0.222ms
[32.098s][info][gc] GC(15637) Pause Young (Allocation Failure) 13M->9M(15M) 0.183ms
[32.099s][info][gc] GC(15638) Pause Young (Allocation Failure) 13M->8M(15M) 0.171ms
[32.100s][info][gc] GC(15639) Pause Young (Allocation Failure) 13M->8M(15M) 0.173ms
[32.100s][info][gc] GC(15640) Pause Young (Allocation Failure) 13M->8M(15M) 0.179ms
[32.101s][info][gc] GC(15641) Pause Young (Allocation Failure) 13M->9M(15M) 0.201ms
[32.102s][info][gc] GC(15642) Pause Young (Allocation Failure) 13M->9M(15M) 0.123ms
[32.103s][info][gc] GC(15643) Pause Young (Allocation Failure) 13M->9M(15M) 0.181ms
[32.104s][info][gc] GC(15644) Pause Young (Allocation Failure) 13M->9M(15M) 0.203ms
[32.104s][info][gc] GC(15645) Pause Young (Allocation Failure) 13M->9M(15M) 0.211ms
[32.105s][info][gc] GC(15646) Pause Young (Allocation Failure) 14M->9M(15M) 0.150ms
[32.106s][info][gc] GC(15647) Pause Young (Allocation Failure) 14M->9M(15M) 0.169ms
[32.107s][info][gc] GC(15648) Pause Young (Allocation Failure) 13M->10M(15M) 0.201ms
[32.108s][info][gc] GC(15649) Pause Young (Allocation Failure) 14M->10M(15M) 0.216ms
[32.108s][info][gc] GC(15650) Pause Young (Allocation Failure) 14M->14M(15M) 0.025ms
[32.115s][info][gc] GC(15651) Pause Full (Allocation Failure) 14M->6M(15M) 7.167ms
[32.116s][info][gc] GC(15652) Pause Young (Allocation Failure) 10M->6M(15M) 0.181ms
[32.117s][info][gc] GC(15653) Pause Young (Allocation Failure) 11M->7M(15M) 0.146ms
[32.118s][info][gc] GC(15654) Pause Young (Allocation Failure) 11M->7M(15M) 0.212ms
[32.119s][info][gc] GC(15655) Pause Young (Allocation Failure) 11M->7M(15M) 0.172ms
[32.119s][info][gc] GC(15656) Pause Young (Allocation Failure) 11M->7M(15M) 0.177ms
[32.120s][info][gc] GC(15657) Pause Young (Allocation Failure) 11M->7M(15M) 0.175ms
[32.121s][info][gc] GC(15658) Pause Young (Allocation Failure) 11M->7M(15M) 0.179ms
[32.122s][info][gc] GC(15659) Pause Young (Allocation Failure) 11M->7M(15M) 0.197ms
[32.123s][info][gc] GC(15660) Pause Young (Allocation Failure) 12M->7M(15M) 0.172ms
[32.124s][info][gc] GC(15661) Pause Young (Allocation Failure) 11M->7M(15M) 0.172ms
[32.124s][info][gc] GC(15662) Pause Young (Allocation Failure) 12M->7M(15M) 0.177ms
[32.125s][info][gc] GC(15663) Pause Young (Allocation Failure) 12M->7M(15M) 0.177ms
[32.126s][info][gc] GC(15664) Pause Young (Allocation Failure) 12M->8M(15M) 0.177ms
[32.127s][info][gc] GC(15665) Pause Young (Allocation Failure) 12M->8M(15M) 0.171ms
[32.128s][info][gc] GC(15666) Pause Young (Allocation Failure) 12M->8M(15M) 0.177ms
[32.128s][info][gc] GC(15667) Pause Young (Allocation Failure) 12M->8M(15M) 0.178ms
[32.129s][info][gc] GC(15668) Pause Young (Allocation Failure) 12M->8M(15M) 0.167ms
[32.130s][info][gc] GC(15669) Pause Young (Allocation Failure) 12M->8M(15M) 0.176ms
[32.131s][info][gc] GC(15670) Pause Young (Allocation Failure) 12M->8M(15M) 0.207ms
[32.132s][info][gc] GC(15671) Pause Young (Allocation Failure) 12M->8M(15M) 0.184ms
[32.132s][info][gc] GC(15672) Pause Young (Allocation Failure) 12M->8M(15M) 0.168ms
[32.133s][info][gc] GC(15673) Pause Young (Allocation Failure) 12M->8M(15M) 0.175ms
[32.134s][info][gc] GC(15674) Pause Young (Allocation Failure) 12M->8M(15M) 0.174ms
[32.135s][info][gc] GC(15675) Pause Young (Allocation Failure) 12M->8M(15M) 0.206ms
[32.136s][info][gc] GC(15676) Pause Young (Allocation Failure) 12M->8M(15M) 0.186ms
[32.136s][info][gc] GC(15677) Pause Young (Allocation Failure) 12M->8M(15M) 0.176ms
[32.137s][info][gc] GC(15678) Pause Young (Allocation Failure) 12M->8M(15M) 0.164ms
[32.138s][info][gc] GC(15679) Pause Young (Allocation Failure) 12M->8M(15M) 0.162ms
[32.139s][info][gc] GC(15680) Pause Young (Allocation Failure) 12M->8M(15M) 0.165ms
[32.140s][info][gc] GC(15681) Pause Young (Allocation Failure) 12M->8M(15M) 0.185ms
[32.140s][info][gc] GC(15682) Pause Young (Allocation Failure) 12M->8M(15M) 0.162ms
[32.141s][info][gc] GC(15683) Pause Young (Allocation Failure) 12M->8M(15M) 0.188ms
[32.142s][info][gc] GC(15684) Pause Young (Allocation Failure) 13M->8M(15M) 0.169ms
[32.143s][info][gc] GC(15685) Pause Young (Allocation Failure) 12M->8M(15M) 0.172ms
[32.144s][info][gc] GC(15686) Pause Young (Allocation Failure) 12M->8M(15M) 0.171ms
[32.144s][info][gc] GC(15687) Pause Young (Allocation Failure) 12M->8M(15M) 0.169ms
[32.145s][info][gc] GC(15688) Pause Young (Allocation Failure) 12M->8M(15M) 0.195ms
[32.146s][info][gc] GC(15689) Pause Young (Allocation Failure) 13M->8M(15M) 0.166ms
[32.147s][info][gc] GC(15690) Pause Young (Allocation Failure) 12M->8M(15M) 0.175ms
[32.147s][info][gc] GC(15691) Pause Young (Allocation Failure) 13M->9M(15M) 0.194ms
[32.148s][info][gc] GC(15692) Pause Young (Allocation Failure) 13M->9M(15M) 0.197ms
[32.149s][info][gc] GC(15693) Pause Young (Allocation Failure) 13M->9M(15M) 0.181ms
[32.150s][info][gc] GC(15694) Pause Young (Allocation Failure) 13M->9M(15M) 0.170ms
[32.151s][info][gc] GC(15695) Pause Young (Allocation Failure) 13M->9M(15M) 0.168ms
[32.151s][info][gc] GC(15696) Pause Young (Allocation Failure) 13M->9M(15M) 0.171ms
[32.152s][info][gc] GC(15697) Pause Young (Allocation Failure) 13M->9M(15M) 0.177ms
[32.153s][info][gc] GC(15698) Pause Young (Allocation Failure) 13M->9M(15M) 0.203ms
[32.154s][info][gc] GC(15699) Pause Young (Allocation Failure) 14M->9M(15M) 0.192ms
[32.154s][info][gc] GC(15700) Pause Young (Allocation Failure) 14M->9M(15M) 0.175ms
[32.155s][info][gc] GC(15701) Pause Young (Allocation Failure) 14M->10M(15M) 0.201ms
[32.156s][info][gc] GC(15702) Pause Young (Allocation Failure) 14M->9M(15M) 0.167ms
[32.157s][info][gc] GC(15703) Pause Young (Allocation Failure) 14M->10M(15M) 0.206ms
[32.158s][info][gc] GC(15704) Pause Young (Allocation Failure) 14M->10M(15M) 0.205ms
[32.158s][info][gc] GC(15705) Pause Young (Allocation Failure) 15M->15M(15M) 0.025ms
[32.166s][info][gc] GC(15706) Pause Full (Allocation Failure) 15M->7M(15M) 7.494ms
[32.167s][info][gc] GC(15707) Pause Young (Allocation Failure) 12M->8M(15M) 0.198ms
[32.167s][info][gc] GC(15708) Pause Young (Allocation Failure) 12M->8M(15M) 0.224ms
[32.168s][info][gc] GC(15709) Pause Young (Allocation Failure) 13M->9M(15M) 0.215ms
[32.169s][info][gc] GC(15710) Pause Young (Allocation Failure) 13M->9M(15M) 0.178ms
[32.170s][info][gc] GC(15711) Pause Young (Allocation Failure) 13M->8M(15M) 0.175ms
[32.171s][info][gc] GC(15712) Pause Young (Allocation Failure) 13M->9M(15M) 0.237ms
[32.172s][info][gc] GC(15713) Pause Young (Allocation Failure) 14M->10M(15M) 0.205ms
[32.172s][info][gc] GC(15714) Pause Young (Allocation Failure) 14M->10M(15M) 0.191ms
[32.173s][info][gc] GC(15715) Pause Young (Allocation Failure) 14M->10M(15M) 0.182ms
[32.174s][info][gc] GC(15716) Pause Young (Allocation Failure) 14M->10M(15M) 0.165ms
[32.175s][info][gc] GC(15717) Pause Young (Allocation Failure) 14M->10M(15M) 0.172ms
[32.176s][info][gc] GC(15718) Pause Young (Allocation Failure) 14M->9M(15M) 0.166ms
[32.176s][info][gc] GC(15719) Pause Young (Allocation Failure) 14M->10M(15M) 0.179ms
[32.177s][info][gc] GC(15720) Pause Young (Allocation Failure) 14M->10M(15M) 0.187ms
[32.178s][info][gc] GC(15721) Pause Young (Allocation Failure) 14M->10M(15M) 0.175ms
[32.179s][info][gc] GC(15722) Pause Young (Allocation Failure) 14M->10M(15M) 0.181ms
[32.180s][info][gc] GC(15723) Pause Young (Allocation Failure) 14M->10M(15M) 0.179ms
[32.180s][info][gc] GC(15724) Pause Young (Allocation Failure) 14M->10M(15M) 0.162ms
[32.181s][info][gc] GC(15725) Pause Young (Allocation Failure) 14M->10M(15M) 0.203ms
[32.182s][info][gc] GC(15726) Pause Young (Allocation Failure) 15M->15M(15M) 0.025ms
[32.189s][info][gc] GC(15727) Pause Full (Allocation Failure) 15M->7M(15M) 7.338ms
[32.190s][info][gc] GC(15728) Pause Young (Allocation Failure) 11M->7M(15M) 0.194ms
[32.191s][info][gc] GC(15729) Pause Young (Allocation Failure) 12M->7M(15M) 0.176ms
[32.192s][info][gc] GC(15730) Pause Young (Allocation Failure) 11M->8M(15M) 0.207ms
[32.192s][info][gc] GC(15731) Pause Young (Allocation Failure) 12M->8M(15M) 0.194ms
[32.193s][info][gc] GC(15732) Pause Young (Allocation Failure) 12M->8M(15M) 0.185ms
[32.194s][info][gc] GC(15733) Pause Young (Allocation Failure) 12M->8M(15M) 0.187ms
[32.195s][info][gc] GC(15734) Pause Young (Allocation Failure) 12M->8M(15M) 0.175ms
[32.196s][info][gc] GC(15735) Pause Young (Allocation Failure) 12M->8M(15M) 0.191ms
[32.197s][info][gc] GC(15736) Pause Young (Allocation Failure) 13M->8M(15M) 0.183ms
[32.197s][info][gc] GC(15737) Pause Young (Allocation Failure) 12M->8M(15M) 0.183ms
[32.198s][info][gc] GC(15738) Pause Young (Allocation Failure) 12M->8M(15M) 0.202ms
[32.199s][info][gc] GC(15739) Pause Young (Allocation Failure) 13M->8M(15M) 0.175ms
[32.200s][info][gc] GC(15740) Pause Young (Allocation Failure) 13M->9M(15M) 0.195ms
[32.201s][info][gc] GC(15741) Pause Young (Allocation Failure) 13M->9M(15M) 0.209ms
[32.202s][info][gc] GC(15742) Pause Young (Allocation Failure) 13M->9M(15M) 0.186ms
[32.202s][info][gc] GC(15743) Pause Young (Allocation Failure) 13M->9M(15M) 0.185ms
[32.203s][info][gc] GC(15744) Pause Young (Allocation Failure) 13M->9M(15M) 0.178ms
[32.204s][info][gc] GC(15745) Pause Young (Allocation Failure) 13M->9M(15M) 0.192ms
[32.205s][info][gc] GC(15746) Pause Young (Allocation Failure) 13M->9M(15M) 0.166ms
[32.206s][info][gc] GC(15747) Pause Young (Allocation Failure) 13M->9M(15M) 0.179ms
[32.207s][info][gc] GC(15748) Pause Young (Allocation Failure) 13M->9M(15M) 0.167ms
[32.208s][info][gc] GC(15749) Pause Young (Allocation Failure) 13M->9M(15M) 0.201ms
[32.208s][info][gc] GC(15750) Pause Young (Allocation Failure) 14M->9M(15M) 0.184ms
[32.209s][info][gc] GC(15751) Pause Young (Allocation Failure) 14M->9M(15M) 0.181ms
[32.210s][info][gc] GC(15752) Pause Young (Allocation Failure) 14M->9M(15M) 0.163ms
[32.211s][info][gc] GC(15753) Pause Young (Allocation Failure) 13M->10M(15M) 0.186ms
[32.212s][info][gc] GC(15754) Pause Young (Allocation Failure) 14M->10M(15M) 0.189ms
[32.212s][info][gc] GC(15755) Pause Young (Allocation Failure) 14M->9M(15M) 0.183ms
[32.213s][info][gc] GC(15756) Pause Young (Allocation Failure) 14M->9M(15M) 0.162ms
[32.214s][info][gc] GC(15757) Pause Young (Allocation Failure) 14M->9M(15M) 0.173ms
[32.215s][info][gc] GC(15758) Pause Young (Allocation Failure) 14M->10M(15M) 0.171ms
[32.216s][info][gc] GC(15759) Pause Young (Allocation Failure) 14M->10M(15M) 0.180ms
[32.216s][info][gc] GC(15760) Pause Young (Allocation Failure) 14M->10M(15M) 0.182ms
[32.217s][info][gc] GC(15761) Pause Young (Allocation Failure) 14M->10M(15M) 0.206ms
[32.218s][info][gc] GC(15762) Pause Young (Allocation Failure) 15M->11M(15M) 0.203ms
[32.219s][info][gc] GC(15763) Pause Young (Allocation Failure) 15M->15M(15M) 0.025ms
[32.226s][info][gc] GC(15764) Pause Full (Allocation Failure) 15M->6M(15M) 7.613ms
[32.227s][info][gc] GC(15765) Pause Young (Allocation Failure) 11M->7M(15M) 0.190ms
[32.228s][info][gc] GC(15766) Pause Young (Allocation Failure) 11M->7M(15M) 0.190ms
[32.229s][info][gc] GC(15767) Pause Young (Allocation Failure) 11M->7M(15M) 0.170ms
[32.230s][info][gc] GC(15768) Pause Young (Allocation Failure) 11M->7M(15M) 0.174ms
[32.230s][info][gc] GC(15769) Pause Young (Allocation Failure) 11M->7M(15M) 0.208ms
[32.231s][info][gc] GC(15770) Pause Young (Allocation Failure) 11M->8M(15M) 0.223ms
[32.232s][info][gc] GC(15771) Pause Young (Allocation Failure) 12M->8M(15M) 0.190ms
[32.233s][info][gc] GC(15772) Pause Young (Allocation Failure) 12M->8M(15M) 0.188ms
[32.234s][info][gc] GC(15773) Pause Young (Allocation Failure) 12M->8M(15M) 0.166ms
[32.235s][info][gc] GC(15774) Pause Young (Allocation Failure) 12M->8M(15M) 0.188ms
[32.235s][info][gc] GC(15775) Pause Young (Allocation Failure) 12M->8M(15M) 0.179ms
[32.236s][info][gc] GC(15776) Pause Young (Allocation Failure) 12M->8M(15M) 0.182ms
[32.237s][info][gc] GC(15777) Pause Young (Allocation Failure) 12M->8M(15M) 0.169ms
[32.238s][info][gc] GC(15778) Pause Young (Allocation Failure) 12M->8M(15M) 0.183ms
[32.239s][info][gc] GC(15779) Pause Young (Allocation Failure) 12M->8M(15M) 0.168ms
[32.240s][info][gc] GC(15780) Pause Young (Allocation Failure) 12M->8M(15M) 0.169ms
[32.240s][info][gc] GC(15781) Pause Young (Allocation Failure) 12M->8M(15M) 0.183ms
[32.241s][info][gc] GC(15782) Pause Young (Allocation Failure) 12M->8M(15M) 0.178ms
[32.242s][info][gc] GC(15783) Pause Young (Allocation Failure) 12M->8M(15M) 0.187ms
[32.243s][info][gc] GC(15784) Pause Young (Allocation Failure) 12M->8M(15M) 0.181ms
[32.244s][info][gc] GC(15785) Pause Young (Allocation Failure) 12M->8M(15M) 0.183ms
[32.245s][info][gc] GC(15786) Pause Young (Allocation Failure) 12M->8M(15M) 0.190ms
[32.245s][info][gc] GC(15787) Pause Young (Allocation Failure) 12M->8M(15M) 0.172ms
[32.246s][info][gc] GC(15788) Pause Young (Allocation Failure) 12M->8M(15M) 0.177ms
[32.247s][info][gc] GC(15789) Pause Young (Allocation Failure) 12M->8M(15M) 0.189ms
[32.248s][info][gc] GC(15790) Pause Young (Allocation Failure) 13M->8M(15M) 0.181ms
[32.248s][info][gc] GC(15791) Pause Young (Allocation Failure) 13M->8M(15M) 0.180ms
[32.249s][info][gc] GC(15792) Pause Young (Allocation Failure) 13M->9M(15M) 0.194ms
[32.250s][info][gc] GC(15793) Pause Young (Allocation Failure) 13M->8M(15M) 0.175ms
[32.251s][info][gc] GC(15794) Pause Young (Allocation Failure) 13M->9M(15M) 0.194ms
[32.252s][info][gc] GC(15795) Pause Young (Allocation Failure) 13M->9M(15M) 0.181ms
[32.252s][info][gc] GC(15796) Pause Young (Allocation Failure) 13M->9M(15M) 0.186ms
[32.253s][info][gc] GC(15797) Pause Young (Allocation Failure) 13M->9M(15M) 0.183ms
[32.254s][info][gc] GC(15798) Pause Young (Allocation Failure) 13M->9M(15M) 0.171ms
[32.255s][info][gc] GC(15799) Pause Young (Allocation Failure) 13M->9M(15M) 0.187ms
[32.256s][info][gc] GC(15800) Pause Young (Allocation Failure) 13M->9M(15M) 0.188ms
[32.257s][info][gc] GC(15801) Pause Young (Allocation Failure) 13M->9M(15M) 0.168ms
[32.257s][info][gc] GC(15802) Pause Young (Allocation Failure) 13M->9M(15M) 0.175ms
[32.258s][info][gc] GC(15803) Pause Young (Allocation Failure) 13M->9M(15M) 0.195ms
[32.259s][info][gc] GC(15804) Pause Young (Allocation Failure) 13M->10M(15M) 0.206ms
[32.260s][info][gc] GC(15805) Pause Young (Allocation Failure) 14M->9M(15M) 0.176ms
[32.261s][info][gc] GC(15806) Pause Young (Allocation Failure) 14M->10M(15M) 0.178ms
[32.261s][info][gc] GC(15807) Pause Young (Allocation Failure) 14M->9M(15M) 0.168ms
[32.262s][info][gc] GC(15808) Pause Young (Allocation Failure) 14M->9M(15M) 0.155ms
[32.263s][info][gc] GC(15809) Pause Young (Allocation Failure) 14M->9M(15M) 0.151ms
[32.264s][info][gc] GC(15810) Pause Young (Allocation Failure) 14M->10M(15M) 0.174ms
[32.265s][info][gc] GC(15811) Pause Young (Allocation Failure) 14M->10M(15M) 0.192ms
[32.266s][info][gc] GC(15812) Pause Young (Allocation Failure) 14M->9M(15M) 0.164ms
[32.266s][info][gc] GC(15813) Pause Young (Allocation Failure) 14M->10M(15M) 0.185ms
[32.267s][info][gc] GC(15814) Pause Young (Allocation Failure) 14M->10M(15M) 0.179ms
[32.268s][info][gc] GC(15815) Pause Young (Allocation Failure) 14M->10M(15M) 0.193ms
[32.269s][info][gc] GC(15816) Pause Young (Allocation Failure) 14M->10M(15M) 0.152ms
[32.270s][info][gc] GC(15817) Pause Young (Allocation Failure) 14M->10M(15M) 0.197ms
[32.270s][info][gc] GC(15818) Pause Young (Allocation Failure) 15M->15M(15M) 0.025ms
[32.278s][info][gc] GC(15819) Pause Full (Allocation Failure) 15M->7M(15M) 7.744ms
[32.279s][info][gc] GC(15820) Pause Young (Allocation Failure) 11M->8M(15M) 0.225ms
[32.280s][info][gc] GC(15821) Pause Young (Allocation Failure) 12M->7M(15M) 0.182ms
[32.281s][info][gc] GC(15822) Pause Young (Allocation Failure) 12M->8M(15M) 0.183ms
[32.282s][info][gc] GC(15823) Pause Young (Allocation Failure) 12M->7M(15M) 0.167ms
[32.282s][info][gc] GC(15824) Pause Young (Allocation Failure) 12M->7M(15M) 0.172ms
[32.283s][info][gc] GC(15825) Pause Young (Allocation Failure) 12M->8M(15M) 0.162ms
[32.284s][info][gc] GC(15826) Pause Young (Allocation Failure) 12M->8M(15M) 0.194ms
[32.285s][info][gc] GC(15827) Pause Young (Allocation Failure) 12M->8M(15M) 0.180ms
[32.285s][info][gc] GC(15828) Pause Young (Allocation Failure) 12M->8M(15M) 0.172ms
[32.286s][info][gc] GC(15829) Pause Young (Allocation Failure) 12M->8M(15M) 0.173ms
[32.287s][info][gc] GC(15830) Pause Young (Allocation Failure) 12M->8M(15M) 0.182ms
[32.288s][info][gc] GC(15831) Pause Young (Allocation Failure) 12M->8M(15M) 0.181ms
[32.289s][info][gc] GC(15832) Pause Young (Allocation Failure) 12M->8M(15M) 0.174ms
[32.289s][info][gc] GC(15833) Pause Young (Allocation Failure) 12M->8M(15M) 0.194ms
[32.290s][info][gc] GC(15834) Pause Young (Allocation Failure) 13M->8M(15M) 0.185ms
[32.291s][info][gc] GC(15835) Pause Young (Allocation Failure) 13M->8M(15M) 0.191ms
[32.292s][info][gc] GC(15836) Pause Young (Allocation Failure) 13M->8M(15M) 0.191ms
[32.293s][info][gc] GC(15837) Pause Young (Allocation Failure) 12M->8M(15M) 0.195ms
[32.294s][info][gc] GC(15838) Pause Young (Allocation Failure) 13M->8M(15M) 0.193ms
[32.294s][info][gc] GC(15839) Pause Young (Allocation Failure) 13M->9M(15M) 0.191ms
[32.295s][info][gc] GC(15840) Pause Young (Allocation Failure) 13M->9M(15M) 0.211ms
[32.296s][info][gc] GC(15841) Pause Young (Allocation Failure) 13M->8M(15M) 0.161ms
[32.297s][info][gc] GC(15842) Pause Young (Allocation Failure) 13M->9M(15M) 0.171ms
[32.298s][info][gc] GC(15843) Pause Young (Allocation Failure) 13M->9M(15M) 0.167ms
[32.299s][info][gc] GC(15844) Pause Young (Allocation Failure) 13M->9M(15M) 0.212ms
[32.299s][info][gc] GC(15845) Pause Young (Allocation Failure) 14M->9M(15M) 0.173ms
[32.300s][info][gc] GC(15846) Pause Young (Allocation Failure) 13M->9M(15M) 0.178ms
[32.301s][info][gc] GC(15847) Pause Young (Allocation Failure) 13M->9M(15M) 0.168ms
[32.302s][info][gc] GC(15848) Pause Young (Allocation Failure) 13M->10M(15M) 0.201ms
[32.303s][info][gc] GC(15849) Pause Young (Allocation Failure) 14M->10M(15M) 0.179ms
[32.303s][info][gc] GC(15850) Pause Young (Allocation Failure) 14M->9M(15M) 0.176ms
[32.304s][info][gc] GC(15851) Pause Young (Allocation Failure) 14M->10M(15M) 0.187ms
[32.305s][info][gc] GC(15852) Pause Young (Allocation Failure) 14M->9M(15M) 0.173ms
[32.306s][info][gc] GC(15853) Pause Young (Allocation Failure) 14M->10M(15M) 0.185ms
[32.307s][info][gc] GC(15854) Pause Young (Allocation Failure) 14M->10M(15M) 0.219ms
[32.307s][info][gc] GC(15855) Pause Young (Allocation Failure) 14M->10M(15M) 0.176ms
[32.308s][info][gc] GC(15856) Pause Young (Allocation Failure) 14M->10M(15M) 0.180ms
[32.309s][info][gc] GC(15857) Pause Young (Allocation Failure) 14M->10M(15M) 0.172ms
[32.310s][info][gc] GC(15858) Pause Young (Allocation Failure) 14M->10M(15M) 0.179ms
[32.311s][info][gc] GC(15859) Pause Young (Allocation Failure) 14M->10M(15M) 0.172ms
[32.311s][info][gc] GC(15860) Pause Young (Allocation Failure) 14M->10M(15M) 0.182ms
[32.312s][info][gc] GC(15861) Pause Young (Allocation Failure) 14M->10M(15M) 0.182ms
[32.313s][info][gc] GC(15862) Pause Young (Allocation Failure) 14M->15M(15M) 0.324ms
[32.321s][info][gc] GC(15863) Pause Full (Allocation Failure) 15M->7M(15M) 7.627ms
[32.322s][info][gc] GC(15864) Pause Young (Allocation Failure) 12M->8M(15M) 0.251ms
[32.323s][info][gc] GC(15865) Pause Young (Allocation Failure) 13M->9M(15M) 0.219ms
[32.323s][info][gc] GC(15866) Pause Young (Allocation Failure) 13M->9M(15M) 0.174ms
[32.324s][info][gc] GC(15867) Pause Young (Allocation Failure) 13M->9M(15M) 0.189ms
[32.325s][info][gc] GC(15868) Pause Young (Allocation Failure) 13M->9M(15M) 0.170ms
[32.326s][info][gc] GC(15869) Pause Young (Allocation Failure) 13M->9M(15M) 0.176ms
[32.327s][info][gc] GC(15870) Pause Young (Allocation Failure) 13M->9M(15M) 0.170ms
[32.327s][info][gc] GC(15871) Pause Young (Allocation Failure) 13M->9M(15M) 0.177ms
[32.328s][info][gc] GC(15872) Pause Young (Allocation Failure) 13M->9M(15M) 0.179ms
[32.329s][info][gc] GC(15873) Pause Young (Allocation Failure) 13M->9M(15M) 0.181ms
[32.330s][info][gc] GC(15874) Pause Young (Allocation Failure) 13M->9M(15M) 0.173ms
[32.331s][info][gc] GC(15875) Pause Young (Allocation Failure) 13M->9M(15M) 0.169ms
[32.332s][info][gc] GC(15876) Pause Young (Allocation Failure) 13M->9M(15M) 0.180ms
[32.332s][info][gc] GC(15877) Pause Young (Allocation Failure) 13M->9M(15M) 0.190ms
[32.333s][info][gc] GC(15878) Pause Young (Allocation Failure) 13M->9M(15M) 0.172ms
[32.334s][info][gc] GC(15879) Pause Young (Allocation Failure) 13M->9M(15M) 0.174ms
[32.335s][info][gc] GC(15880) Pause Young (Allocation Failure) 13M->9M(15M) 0.177ms
[32.336s][info][gc] GC(15881) Pause Young (Allocation Failure) 13M->9M(15M) 0.194ms
[32.336s][info][gc] GC(15882) Pause Young (Allocation Failure) 14M->9M(15M) 0.183ms
[32.337s][info][gc] GC(15883) Pause Young (Allocation Failure) 14M->10M(15M) 0.201ms
[32.338s][info][gc] GC(15884) Pause Young (Allocation Failure) 14M->10M(15M) 0.201ms
[32.339s][info][gc] GC(15885) Pause Young (Allocation Failure) 14M->10M(15M) 0.180ms
[32.340s][info][gc] GC(15886) Pause Young (Allocation Failure) 14M->10M(15M) 0.175ms
[32.340s][info][gc] GC(15887) Pause Young (Allocation Failure) 14M->10M(15M) 0.164ms
[32.341s][info][gc] GC(15888) Pause Young (Allocation Failure) 14M->10M(15M) 0.192ms
[32.342s][info][gc] GC(15889) Pause Young (Allocation Failure) 14M->10M(15M) 0.183ms
[32.343s][info][gc] GC(15890) Pause Young (Allocation Failure) 14M->10M(15M) 0.178ms
[32.344s][info][gc] GC(15891) Pause Young (Allocation Failure) 14M->15M(15M) 0.341ms
[32.351s][info][gc] GC(15892) Pause Full (Allocation Failure) 15M->7M(15M) 7.267ms
[32.352s][info][gc] GC(15893) Pause Young (Allocation Failure) 12M->8M(15M) 0.197ms
[32.353s][info][gc] GC(15894) Pause Young (Allocation Failure) 12M->8M(15M) 0.194ms
[32.354s][info][gc] GC(15895) Pause Young (Allocation Failure) 12M->8M(15M) 0.193ms
[32.354s][info][gc] GC(15896) Pause Young (Allocation Failure) 12M->8M(15M) 0.180ms
[32.355s][info][gc] GC(15897) Pause Young (Allocation Failure) 12M->8M(15M) 0.171ms
[32.356s][info][gc] GC(15898) Pause Young (Allocation Failure) 12M->8M(15M) 0.168ms
[32.357s][info][gc] GC(15899) Pause Young (Allocation Failure) 12M->8M(15M) 0.205ms
[32.357s][info][gc] GC(15900) Pause Young (Allocation Failure) 13M->8M(15M) 0.173ms
[32.358s][info][gc] GC(15901) Pause Young (Allocation Failure) 13M->8M(15M) 0.181ms
[32.359s][info][gc] GC(15902) Pause Young (Allocation Failure) 13M->9M(15M) 0.200ms
[32.360s][info][gc] GC(15903) Pause Young (Allocation Failure) 13M->9M(15M) 0.180ms
[32.360s][info][gc] GC(15904) Pause Young (Allocation Failure) 13M->9M(15M) 0.204ms
[32.361s][info][gc] GC(15905) Pause Young (Allocation Failure) 13M->9M(15M) 0.178ms
[32.362s][info][gc] GC(15906) Pause Young (Allocation Failure) 13M->9M(15M) 0.222ms
[32.363s][info][gc] GC(15907) Pause Young (Allocation Failure) 14M->9M(15M) 0.163ms
[32.364s][info][gc] GC(15908) Pause Young (Allocation Failure) 13M->9M(15M) 0.172ms
[32.364s][info][gc] GC(15909) Pause Young (Allocation Failure) 14M->9M(15M) 0.173ms
[32.365s][info][gc] GC(15910) Pause Young (Allocation Failure) 14M->9M(15M) 0.172ms
[32.366s][info][gc] GC(15911) Pause Young (Allocation Failure) 13M->9M(15M) 0.163ms
[32.367s][info][gc] GC(15912) Pause Young (Allocation Failure) 13M->9M(15M) 0.178ms
[32.367s][info][gc] GC(15913) Pause Young (Allocation Failure) 14M->10M(15M) 0.188ms
[32.368s][info][gc] GC(15914) Pause Young (Allocation Failure) 14M->9M(15M) 0.172ms
[32.369s][info][gc] GC(15915) Pause Young (Allocation Failure) 14M->10M(15M) 0.186ms
[32.370s][info][gc] GC(15916) Pause Young (Allocation Failure) 14M->9M(15M) 0.174ms
[32.371s][info][gc] GC(15917) Pause Young (Allocation Failure) 14M->9M(15M) 0.173ms
[32.371s][info][gc] GC(15918) Pause Young (Allocation Failure) 14M->9M(15M) 0.179ms
[32.372s][info][gc] GC(15919) Pause Young (Allocation Failure) 14M->10M(15M) 0.192ms
[32.373s][info][gc] GC(15920) Pause Young (Allocation Failure) 14M->9M(15M) 0.176ms
[32.374s][info][gc] GC(15921) Pause Young (Allocation Failure) 14M->10M(15M) 0.218ms
[32.375s][info][gc] GC(15922) Pause Young (Allocation Failure) 14M->10M(15M) 0.182ms
[32.375s][info][gc] GC(15923) Pause Young (Allocation Failure) 14M->11M(15M) 0.220ms
[32.376s][info][gc] GC(15924) Pause Young (Allocation Failure) 15M->15M(15M) 0.025ms
[32.384s][info][gc] GC(15925) Pause Full (Allocation Failure) 15M->6M(15M) 7.662ms
[32.385s][info][gc] GC(15926) Pause Young (Allocation Failure) 10M->7M(15M) 0.197ms
[32.385s][info][gc] GC(15927) Pause Young (Allocation Failure) 11M->7M(15M) 0.204ms
[32.386s][info][gc] GC(15928) Pause Young (Allocation Failure) 11M->7M(15M) 0.203ms
[32.387s][info][gc] GC(15929) Pause Young (Allocation Failure) 11M->7M(15M) 0.193ms
[32.388s][info][gc] GC(15930) Pause Young (Allocation Failure) 12M->7M(15M) 0.182ms
[32.389s][info][gc] GC(15931) Pause Young (Allocation Failure) 12M->7M(15M) 0.174ms
[32.389s][info][gc] GC(15932) Pause Young (Allocation Failure) 11M->7M(15M) 0.186ms
[32.390s][info][gc] GC(15933) Pause Young (Allocation Failure) 12M->7M(15M) 0.191ms
[32.391s][info][gc] GC(15934) Pause Young (Allocation Failure) 12M->7M(15M) 0.183ms
[32.392s][info][gc] GC(15935) Pause Young (Allocation Failure) 12M->7M(15M) 0.175ms
[32.393s][info][gc] GC(15936) Pause Young (Allocation Failure) 12M->7M(15M) 0.162ms
[32.393s][info][gc] GC(15937) Pause Young (Allocation Failure) 11M->7M(15M) 0.170ms
[32.394s][info][gc] GC(15938) Pause Young (Allocation Failure) 11M->7M(15M) 0.175ms
[32.395s][info][gc] GC(15939) Pause Young (Allocation Failure) 11M->7M(15M) 0.188ms
[32.396s][info][gc] GC(15940) Pause Young (Allocation Failure) 12M->8M(15M) 0.187ms
[32.396s][info][gc] GC(15941) Pause Young (Allocation Failure) 12M->7M(15M) 0.166ms
[32.397s][info][gc] GC(15942) Pause Young (Allocation Failure) 12M->8M(15M) 0.183ms
[32.398s][info][gc] GC(15943) Pause Young (Allocation Failure) 12M->7M(15M) 0.184ms
[32.399s][info][gc] GC(15944) Pause Young (Allocation Failure) 12M->8M(15M) 0.173ms
[32.400s][info][gc] GC(15945) Pause Young (Allocation Failure) 12M->8M(15M) 0.216ms
[32.400s][info][gc] GC(15946) Pause Young (Allocation Failure) 12M->9M(15M) 0.210ms
[32.401s][info][gc] GC(15947) Pause Young (Allocation Failure) 13M->9M(15M) 0.182ms
[32.402s][info][gc] GC(15948) Pause Young (Allocation Failure) 13M->9M(15M) 0.185ms
[32.403s][info][gc] GC(15949) Pause Young (Allocation Failure) 13M->8M(15M) 0.177ms
[32.404s][info][gc] GC(15950) Pause Young (Allocation Failure) 13M->8M(15M) 0.180ms
[32.404s][info][gc] GC(15951) Pause Young (Allocation Failure) 13M->8M(15M) 0.178ms
[32.405s][info][gc] GC(15952) Pause Young (Allocation Failure) 13M->9M(15M) 0.191ms
[32.406s][info][gc] GC(15953) Pause Young (Allocation Failure) 13M->8M(15M) 0.157ms
[32.407s][info][gc] GC(15954) Pause Young (Allocation Failure) 13M->8M(15M) 0.175ms
[32.407s][info][gc] GC(15955) Pause Young (Allocation Failure) 13M->8M(15M) 0.172ms
[32.408s][info][gc] GC(15956) Pause Young (Allocation Failure) 13M->8M(15M) 0.176ms
[32.409s][info][gc] GC(15957) Pause Young (Allocation Failure) 13M->8M(15M) 0.169ms
[32.410s][info][gc] GC(15958) Pause Young (Allocation Failure) 13M->8M(15M) 0.165ms
[32.410s][info][gc] GC(15959) Pause Young (Allocation Failure) 13M->9M(15M) 0.228ms
[32.411s][info][gc] GC(15960) Pause Young (Allocation Failure) 13M->9M(15M) 0.181ms
[32.412s][info][gc] GC(15961) Pause Young (Allocation Failure) 13M->9M(15M) 0.200ms
[32.413s][info][gc] GC(15962) Pause Young (Allocation Failure) 14M->9M(15M) 0.169ms
[32.414s][info][gc] GC(15963) Pause Young (Allocation Failure) 13M->9M(15M) 0.183ms
[32.415s][info][gc] GC(15964) Pause Young (Allocation Failure) 14M->10M(15M) 0.188ms
[32.415s][info][gc] GC(15965) Pause Young (Allocation Failure) 14M->10M(15M) 0.188ms
[32.416s][info][gc] GC(15966) Pause Young (Allocation Failure) 14M->10M(15M) 0.230ms
[32.417s][info][gc] GC(15967) Pause Young (Allocation Failure) 15M->15M(15M) 0.025ms
[32.424s][info][gc] GC(15968) Pause Full (Allocation Failure) 15M->7M(15M) 7.759ms
[32.425s][info][gc] GC(15969) Pause Young (Allocation Failure) 11M->7M(15M) 0.186ms
[32.426s][info][gc] GC(15970) Pause Young (Allocation Failure) 12M->8M(15M) 0.208ms
[32.427s][info][gc] GC(15971) Pause Young (Allocation Failure) 12M->7M(15M) 0.162ms
[32.428s][info][gc] GC(15972) Pause Young (Allocation Failure) 12M->8M(15M) 0.183ms
[32.429s][info][gc] GC(15973) Pause Young (Allocation Failure) 12M->8M(15M) 0.198ms
[32.429s][info][gc] GC(15974) Pause Young (Allocation Failure) 12M->8M(15M) 0.186ms
[32.430s][info][gc] GC(15975) Pause Young (Allocation Failure) 12M->8M(15M) 0.209ms
[32.431s][info][gc] GC(15976) Pause Young (Allocation Failure) 13M->8M(15M) 0.162ms
[32.432s][info][gc] GC(15977) Pause Young (Allocation Failure) 12M->8M(15M) 0.146ms
[32.433s][info][gc] GC(15978) Pause Young (Allocation Failure) 13M->8M(15M) 0.173ms
[32.433s][info][gc] GC(15979) Pause Young (Allocation Failure) 12M->8M(15M) 0.181ms
[32.434s][info][gc] GC(15980) Pause Young (Allocation Failure) 13M->8M(15M) 0.187ms
[32.435s][info][gc] GC(15981) Pause Young (Allocation Failure) 13M->8M(15M) 0.160ms
[32.436s][info][gc] GC(15982) Pause Young (Allocation Failure) 13M->8M(15M) 0.180ms
[32.437s][info][gc] GC(15983) Pause Young (Allocation Failure) 13M->9M(15M) 0.185ms
[32.437s][info][gc] GC(15984) Pause Young (Allocation Failure) 13M->8M(15M) 0.179ms
[32.438s][info][gc] GC(15985) Pause Young (Allocation Failure) 13M->9M(15M) 0.192ms
[32.439s][info][gc] GC(15986) Pause Young (Allocation Failure) 13M->8M(15M) 0.174ms
[32.440s][info][gc] GC(15987) Pause Young (Allocation Failure) 13M->8M(15M) 0.171ms
[32.441s][info][gc] GC(15988) Pause Young (Allocation Failure) 13M->8M(15M) 0.162ms
[32.441s][info][gc] GC(15989) Pause Young (Allocation Failure) 13M->8M(15M) 0.161ms
[32.442s][info][gc] GC(15990) Pause Young (Allocation Failure) 13M->9M(15M) 0.204ms
[32.443s][info][gc] GC(15991) Pause Young (Allocation Failure) 13M->9M(15M) 0.215ms
[32.444s][info][gc] GC(15992) Pause Young (Allocation Failure) 14M->10M(15M) 0.188ms
[32.444s][info][gc] GC(15993) Pause Young (Allocation Failure) 14M->10M(15M) 0.190ms
[32.445s][info][gc] GC(15994) Pause Young (Allocation Failure) 14M->10M(15M) 0.196ms
[32.446s][info][gc] GC(15995) Pause Young (Allocation Failure) 14M->10M(15M) 0.173ms
[32.447s][info][gc] GC(15996) Pause Young (Allocation Failure) 14M->10M(15M) 0.189ms
[32.448s][info][gc] GC(15997) Pause Young (Allocation Failure) 14M->10M(15M) 0.169ms
[32.448s][info][gc] GC(15998) Pause Young (Allocation Failure) 14M->10M(15M) 0.175ms
[32.449s][info][gc] GC(15999) Pause Young (Allocation Failure) 14M->10M(15M) 0.188ms
[32.450s][info][gc] GC(16000) Pause Young (Allocation Failure) 14M->10M(15M) 0.209ms
[32.451s][info][gc] GC(16001) Pause Young (Allocation Failure) 15M->10M(15M) 0.185ms
[32.452s][info][gc] GC(16002) Pause Young (Allocation Failure) 14M->10M(15M) 0.140ms
[32.452s][info][gc] GC(16003) Pause Young (Allocation Failure) 15M->15M(15M) 0.025ms
[32.460s][info][gc] GC(16004) Pause Full (Allocation Failure) 15M->7M(15M) 7.406ms
[32.461s][info][gc] GC(16005) Pause Young (Allocation Failure) 11M->7M(15M) 0.164ms
[32.461s][info][gc] GC(16006) Pause Young (Allocation Failure) 11M->7M(15M) 0.183ms
[32.462s][info][gc] GC(16007) Pause Young (Allocation Failure) 12M->7M(15M) 0.185ms
[32.463s][info][gc] GC(16008) Pause Young (Allocation Failure) 12M->7M(15M) 0.166ms
[32.464s][info][gc] GC(16009) Pause Young (Allocation Failure) 11M->7M(15M) 0.171ms
[32.465s][info][gc] GC(16010) Pause Young (Allocation Failure) 11M->7M(15M) 0.184ms
[32.466s][info][gc] GC(16011) Pause Young (Allocation Failure) 12M->7M(15M) 0.191ms
[32.466s][info][gc] GC(16012) Pause Young (Allocation Failure) 12M->7M(15M) 0.183ms
[32.467s][info][gc] GC(16013) Pause Young (Allocation Failure) 12M->7M(15M) 0.178ms
[32.468s][info][gc] GC(16014) Pause Young (Allocation Failure) 12M->8M(15M) 0.198ms
[32.469s][info][gc] GC(16015) Pause Young (Allocation Failure) 12M->7M(15M) 0.173ms
[32.470s][info][gc] GC(16016) Pause Young (Allocation Failure) 12M->7M(15M) 0.165ms
[32.471s][info][gc] GC(16017) Pause Young (Allocation Failure) 12M->7M(15M) 0.166ms
[32.471s][info][gc] GC(16018) Pause Young (Allocation Failure) 12M->8M(15M) 0.158ms
[32.472s][info][gc] GC(16019) Pause Young (Allocation Failure) 12M->8M(15M) 0.174ms
[32.473s][info][gc] GC(16020) Pause Young (Allocation Failure) 12M->8M(15M) 0.192ms
[32.474s][info][gc] GC(16021) Pause Young (Allocation Failure) 12M->8M(15M) 0.178ms
[32.474s][info][gc] GC(16022) Pause Young (Allocation Failure) 12M->8M(15M) 0.188ms
[32.475s][info][gc] GC(16023) Pause Young (Allocation Failure) 12M->9M(15M) 0.219ms
[32.476s][info][gc] GC(16024) Pause Young (Allocation Failure) 13M->9M(15M) 0.181ms
[32.477s][info][gc] GC(16025) Pause Young (Allocation Failure) 13M->9M(15M) 0.222ms
[32.478s][info][gc] GC(16026) Pause Young (Allocation Failure) 13M->9M(15M) 0.198ms
[32.478s][info][gc] GC(16027) Pause Young (Allocation Failure) 14M->9M(15M) 0.181ms
[32.479s][info][gc] GC(16028) Pause Young (Allocation Failure) 14M->9M(15M) 0.189ms
[32.480s][info][gc] GC(16029) Pause Young (Allocation Failure) 14M->9M(15M) 0.171ms
[32.481s][info][gc] GC(16030) Pause Young (Allocation Failure) 13M->9M(15M) 0.182ms
[32.482s][info][gc] GC(16031) Pause Young (Allocation Failure) 14M->9M(15M) 0.186ms
[32.483s][info][gc] GC(16032) Pause Young (Allocation Failure) 14M->9M(15M) 0.170ms
[32.484s][info][gc] GC(16033) Pause Young (Allocation Failure) 13M->9M(15M) 0.183ms
[32.484s][info][gc] GC(16034) Pause Young (Allocation Failure) 14M->9M(15M) 0.168ms
[32.485s][info][gc] GC(16035) Pause Young (Allocation Failure) 13M->9M(15M) 0.162ms
[32.486s][info][gc] GC(16036) Pause Young (Allocation Failure) 13M->9M(15M) 0.177ms
[32.487s][info][gc] GC(16037) Pause Young (Allocation Failure) 13M->9M(15M) 0.189ms
[32.487s][info][gc] GC(16038) Pause Young (Allocation Failure) 14M->9M(15M) 0.171ms
[32.488s][info][gc] GC(16039) Pause Young (Allocation Failure) 14M->9M(15M) 0.172ms
[32.489s][info][gc] GC(16040) Pause Young (Allocation Failure) 14M->10M(15M) 0.140ms
[32.490s][info][gc] GC(16041) Pause Young (Allocation Failure) 14M->10M(15M) 0.194ms
[32.491s][info][gc] GC(16042) Pause Young (Allocation Failure) 14M->10M(15M) 0.186ms
[32.492s][info][gc] GC(16043) Pause Young (Allocation Failure) 14M->10M(15M) 0.193ms
[32.492s][info][gc] GC(16044) Pause Young (Allocation Failure) 14M->10M(15M) 0.162ms
[32.493s][info][gc] GC(16045) Pause Young (Allocation Failure) 14M->10M(15M) 0.170ms
[32.494s][info][gc] GC(16046) Pause Young (Allocation Failure) 14M->10M(15M) 0.175ms
[32.495s][info][gc] GC(16047) Pause Young (Allocation Failure) 14M->10M(15M) 0.195ms
[32.496s][info][gc] GC(16048) Pause Young (Allocation Failure) 14M->10M(15M) 0.178ms
[32.497s][info][gc] GC(16049) Pause Young (Allocation Failure) 14M->10M(15M) 0.170ms
[32.497s][info][gc] GC(16050) Pause Young (Allocation Failure) 14M->10M(15M) 0.174ms
[32.498s][info][gc] GC(16051) Pause Young (Allocation Failure) 14M->10M(15M) 0.167ms
[32.499s][info][gc] GC(16052) Pause Young (Allocation Failure) 14M->11M(15M) 0.199ms
[32.500s][info][gc] GC(16053) Pause Young (Allocation Failure) 15M->15M(15M) 0.025ms
[32.507s][info][gc] GC(16054) Pause Full (Allocation Failure) 15M->7M(15M) 7.595ms
[32.508s][info][gc] GC(16055) Pause Young (Allocation Failure) 11M->7M(15M) 0.170ms
[32.509s][info][gc] GC(16056) Pause Young (Allocation Failure) 11M->8M(15M) 0.209ms
[32.510s][info][gc] GC(16057) Pause Young (Allocation Failure) 12M->8M(15M) 0.213ms
[32.511s][info][gc] GC(16058) Pause Young (Allocation Failure) 12M->8M(15M) 0.180ms
[32.511s][info][gc] GC(16059) Pause Young (Allocation Failure) 12M->8M(15M) 0.183ms
[32.512s][info][gc] GC(16060) Pause Young (Allocation Failure) 12M->7M(15M) 0.164ms
[32.513s][info][gc] GC(16061) Pause Young (Allocation Failure) 12M->8M(15M) 0.187ms
[32.514s][info][gc] GC(16062) Pause Young (Allocation Failure) 12M->8M(15M) 0.199ms
[32.514s][info][gc] GC(16063) Pause Young (Allocation Failure) 12M->8M(15M) 0.185ms
[32.515s][info][gc] GC(16064) Pause Young (Allocation Failure) 12M->8M(15M) 0.178ms
[32.516s][info][gc] GC(16065) Pause Young (Allocation Failure) 12M->8M(15M) 0.176ms
[32.517s][info][gc] GC(16066) Pause Young (Allocation Failure) 12M->8M(15M) 0.206ms
[32.517s][info][gc] GC(16067) Pause Young (Allocation Failure) 13M->9M(15M) 0.186ms
[32.518s][info][gc] GC(16068) Pause Young (Allocation Failure) 13M->9M(15M) 0.180ms
[32.519s][info][gc] GC(16069) Pause Young (Allocation Failure) 13M->8M(15M) 0.168ms
[32.520s][info][gc] GC(16070) Pause Young (Allocation Failure) 13M->9M(15M) 0.169ms
[32.521s][info][gc] GC(16071) Pause Young (Allocation Failure) 13M->9M(15M) 0.196ms
[32.522s][info][gc] GC(16072) Pause Young (Allocation Failure) 13M->9M(15M) 0.178ms
[32.523s][info][gc] GC(16073) Pause Young (Allocation Failure) 13M->9M(15M) 0.172ms
[32.523s][info][gc] GC(16074) Pause Young (Allocation Failure) 13M->9M(15M) 0.194ms
[32.524s][info][gc] GC(16075) Pause Young (Allocation Failure) 14M->9M(15M) 0.190ms
[32.525s][info][gc] GC(16076) Pause Young (Allocation Failure) 14M->10M(15M) 0.192ms
[32.526s][info][gc] GC(16077) Pause Young (Allocation Failure) 14M->10M(15M) 0.181ms
[32.527s][info][gc] GC(16078) Pause Young (Allocation Failure) 14M->10M(15M) 0.185ms
[32.528s][info][gc] GC(16079) Pause Young (Allocation Failure) 14M->10M(15M) 0.191ms
[32.528s][info][gc] GC(16080) Pause Young (Allocation Failure) 14M->9M(15M) 0.172ms
[32.529s][info][gc] GC(16081) Pause Young (Allocation Failure) 14M->10M(15M) 0.183ms
[32.530s][info][gc] GC(16082) Pause Young (Allocation Failure) 14M->10M(15M) 0.172ms
[32.531s][info][gc] GC(16083) Pause Young (Allocation Failure) 14M->10M(15M) 0.208ms
[32.531s][info][gc] GC(16084) Pause Young (Allocation Failure) 14M->10M(15M) 0.177ms
[32.532s][info][gc] GC(16085) Pause Young (Allocation Failure) 14M->10M(15M) 0.207ms
[32.533s][info][gc] GC(16086) Pause Young (Allocation Failure) 15M->15M(15M) 0.025ms
[32.540s][info][gc] GC(16087) Pause Full (Allocation Failure) 15M->7M(15M) 7.447ms
[32.541s][info][gc] GC(16088) Pause Young (Allocation Failure) 11M->7M(15M) 0.192ms
[32.542s][info][gc] GC(16089) Pause Young (Allocation Failure) 11M->7M(15M) 0.171ms
[32.543s][info][gc] GC(16090) Pause Young (Allocation Failure) 11M->7M(15M) 0.205ms
[32.544s][info][gc] GC(16091) Pause Young (Allocation Failure) 12M->8M(15M) 0.218ms
[32.545s][info][gc] GC(16092) Pause Young (Allocation Failure) 12M->8M(15M) 0.165ms
[32.545s][info][gc] GC(16093) Pause Young (Allocation Failure) 12M->8M(15M) 0.167ms
[32.546s][info][gc] GC(16094) Pause Young (Allocation Failure) 12M->8M(15M) 0.204ms
[32.547s][info][gc] GC(16095) Pause Young (Allocation Failure) 12M->8M(15M) 0.205ms
[32.548s][info][gc] GC(16096) Pause Young (Allocation Failure) 13M->8M(15M) 0.173ms
[32.548s][info][gc] GC(16097) Pause Young (Allocation Failure) 12M->8M(15M) 0.179ms
[32.549s][info][gc] GC(16098) Pause Young (Allocation Failure) 13M->8M(15M) 0.164ms
[32.550s][info][gc] GC(16099) Pause Young (Allocation Failure) 12M->9M(15M) 0.194ms
[32.551s][info][gc] GC(16100) Pause Young (Allocation Failure) 13M->9M(15M) 0.183ms
[32.552s][info][gc] GC(16101) Pause Young (Allocation Failure) 13M->9M(15M) 0.185ms
[32.552s][info][gc] GC(16102) Pause Young (Allocation Failure) 13M->9M(15M) 0.182ms
[32.553s][info][gc] GC(16103) Pause Young (Allocation Failure) 13M->9M(15M) 0.159ms
[32.554s][info][gc] GC(16104) Pause Young (Allocation Failure) 13M->8M(15M) 0.170ms
[32.555s][info][gc] GC(16105) Pause Young (Allocation Failure) 13M->8M(15M) 0.167ms
[32.556s][info][gc] GC(16106) Pause Young (Allocation Failure) 13M->9M(15M) 0.182ms
[32.556s][info][gc] GC(16107) Pause Young (Allocation Failure) 13M->9M(15M) 0.183ms
[32.557s][info][gc] GC(16108) Pause Young (Allocation Failure) 13M->9M(15M) 0.201ms
[32.558s][info][gc] GC(16109) Pause Young (Allocation Failure) 13M->9M(15M) 0.172ms
[32.559s][info][gc] GC(16110) Pause Young (Allocation Failure) 13M->9M(15M) 0.190ms
[32.560s][info][gc] GC(16111) Pause Young (Allocation Failure) 13M->9M(15M) 0.188ms
[32.560s][info][gc] GC(16112) Pause Young (Allocation Failure) 13M->9M(15M) 0.183ms
[32.561s][info][gc] GC(16113) Pause Young (Allocation Failure) 13M->9M(15M) 0.178ms
[32.562s][info][gc] GC(16114) Pause Young (Allocation Failure) 13M->9M(15M) 0.205ms
[32.563s][info][gc] GC(16115) Pause Young (Allocation Failure) 14M->9M(15M) 0.162ms
[32.564s][info][gc] GC(16116) Pause Young (Allocation Failure) 13M->9M(15M) 0.179ms
[32.565s][info][gc] GC(16117) Pause Young (Allocation Failure) 14M->10M(15M) 0.203ms
[32.565s][info][gc] GC(16118) Pause Young (Allocation Failure) 14M->9M(15M) 0.168ms
[32.566s][info][gc] GC(16119) Pause Young (Allocation Failure) 14M->10M(15M) 0.202ms
[32.567s][info][gc] GC(16120) Pause Young (Allocation Failure) 14M->10M(15M) 0.203ms
[32.567s][info][gc] GC(16121) Pause Young (Allocation Failure) 15M->15M(15M) 0.025ms
[32.575s][info][gc] GC(16122) Pause Full (Allocation Failure) 15M->7M(15M) 7.528ms
[32.576s][info][gc] GC(16123) Pause Young (Allocation Failure) 11M->7M(15M) 0.180ms
[32.576s][info][gc] GC(16124) Pause Young (Allocation Failure) 11M->7M(15M) 0.170ms
[32.577s][info][gc] GC(16125) Pause Young (Allocation Failure) 11M->7M(15M) 0.171ms
[32.578s][info][gc] GC(16126) Pause Young (Allocation Failure) 11M->7M(15M) 0.214ms
[32.579s][info][gc] GC(16127) Pause Young (Allocation Failure) 12M->7M(15M) 0.204ms
[32.580s][info][gc] GC(16128) Pause Young (Allocation Failure) 12M->8M(15M) 0.165ms
[32.581s][info][gc] GC(16129) Pause Young (Allocation Failure) 12M->7M(15M) 0.174ms
[32.581s][info][gc] GC(16130) Pause Young (Allocation Failure) 12M->8M(15M) 0.212ms
[32.582s][info][gc] GC(16131) Pause Young (Allocation Failure) 12M->8M(15M) 0.212ms
[32.583s][info][gc] GC(16132) Pause Young (Allocation Failure) 13M->8M(15M) 0.175ms
[32.584s][info][gc] GC(16133) Pause Young (Allocation Failure) 12M->8M(15M) 0.183ms
[32.585s][info][gc] GC(16134) Pause Young (Allocation Failure) 12M->8M(15M) 0.206ms
[32.585s][info][gc] GC(16135) Pause Young (Allocation Failure) 13M->8M(15M) 0.183ms
[32.586s][info][gc] GC(16136) Pause Young (Allocation Failure) 13M->9M(15M) 0.196ms
[32.587s][info][gc] GC(16137) Pause Young (Allocation Failure) 13M->8M(15M) 0.168ms
[32.588s][info][gc] GC(16138) Pause Young (Allocation Failure) 13M->9M(15M) 0.177ms
[32.589s][info][gc] GC(16139) Pause Young (Allocation Failure) 13M->9M(15M) 0.174ms
[32.590s][info][gc] GC(16140) Pause Young (Allocation Failure) 13M->9M(15M) 0.179ms
[32.590s][info][gc] GC(16141) Pause Young (Allocation Failure) 13M->8M(15M) 0.171ms
[32.591s][info][gc] GC(16142) Pause Young (Allocation Failure) 13M->9M(15M) 0.183ms
[32.592s][info][gc] GC(16143) Pause Young (Allocation Failure) 13M->9M(15M) 0.179ms
[32.593s][info][gc] GC(16144) Pause Young (Allocation Failure) 13M->9M(15M) 0.174ms
[32.594s][info][gc] GC(16145) Pause Young (Allocation Failure) 13M->8M(15M) 0.172ms
[32.594s][info][gc] GC(16146) Pause Young (Allocation Failure) 13M->8M(15M) 0.165ms
[32.595s][info][gc] GC(16147) Pause Young (Allocation Failure) 13M->9M(15M) 0.174ms
[32.596s][info][gc] GC(16148) Pause Young (Allocation Failure) 13M->8M(15M) 0.165ms
[32.597s][info][gc] GC(16149) Pause Young (Allocation Failure) 13M->9M(15M) 0.168ms
[32.598s][info][gc] GC(16150) Pause Young (Allocation Failure) 13M->8M(15M) 0.173ms
[32.598s][info][gc] GC(16151) Pause Young (Allocation Failure) 13M->9M(15M) 0.190ms
[32.599s][info][gc] GC(16152) Pause Young (Allocation Failure) 13M->9M(15M) 0.202ms
[32.600s][info][gc] GC(16153) Pause Young (Allocation Failure) 13M->9M(15M) 0.193ms
[32.601s][info][gc] GC(16154) Pause Young (Allocation Failure) 14M->9M(15M) 0.168ms
[32.602s][info][gc] GC(16155) Pause Young (Allocation Failure) 13M->9M(15M) 0.187ms
[32.602s][info][gc] GC(16156) Pause Young (Allocation Failure) 14M->9M(15M) 0.171ms
[32.603s][info][gc] GC(16157) Pause Young (Allocation Failure) 13M->9M(15M) 0.171ms
[32.604s][info][gc] GC(16158) Pause Young (Allocation Failure) 13M->10M(15M) 0.193ms
[32.605s][info][gc] GC(16159) Pause Young (Allocation Failure) 14M->10M(15M) 0.181ms
[32.606s][info][gc] GC(16160) Pause Young (Allocation Failure) 14M->9M(15M) 0.173ms
[32.606s][info][gc] GC(16161) Pause Young (Allocation Failure) 14M->10M(15M) 0.191ms
[32.607s][info][gc] GC(16162) Pause Young (Allocation Failure) 14M->10M(15M) 0.181ms
[32.608s][info][gc] GC(16163) Pause Young (Allocation Failure) 14M->10M(15M) 0.179ms
[32.609s][info][gc] GC(16164) Pause Young (Allocation Failure) 14M->10M(15M) 0.178ms
[32.610s][info][gc] GC(16165) Pause Young (Allocation Failure) 14M->10M(15M) 0.223ms
[32.611s][info][gc] GC(16166) Pause Young (Allocation Failure) 14M->10M(15M) 0.180ms
[32.611s][info][gc] GC(16167) Pause Young (Allocation Failure) 14M->10M(15M) 0.181ms
[32.612s][info][gc] GC(16168) Pause Young (Allocation Failure) 14M->10M(15M) 0.183ms
[32.613s][info][gc] GC(16169) Pause Young (Allocation Failure) 14M->10M(15M) 0.186ms
[32.614s][info][gc] GC(16170) Pause Young (Allocation Failure) 14M->11M(15M) 0.217ms
[32.615s][info][gc] GC(16171) Pause Young (Allocation Failure) 15M->15M(15M) 0.025ms
[32.622s][info][gc] GC(16172) Pause Full (Allocation Failure) 15M->6M(15M) 7.392ms
[32.623s][info][gc] GC(16173) Pause Young (Allocation Failure) 11M->7M(15M) 0.233ms
[32.624s][info][gc] GC(16174) Pause Young (Allocation Failure) 11M->7M(15M) 0.200ms
[32.625s][info][gc] GC(16175) Pause Young (Allocation Failure) 12M->7M(15M) 0.195ms
[32.625s][info][gc] GC(16176) Pause Young (Allocation Failure) 12M->8M(15M) 0.156ms
[32.626s][info][gc] GC(16177) Pause Young (Allocation Failure) 12M->8M(15M) 0.176ms
[32.627s][info][gc] GC(16178) Pause Young (Allocation Failure) 12M->8M(15M) 0.175ms
[32.628s][info][gc] GC(16179) Pause Young (Allocation Failure) 12M->8M(15M) 0.137ms
[32.629s][info][gc] GC(16180) Pause Young (Allocation Failure) 12M->8M(15M) 0.201ms
[32.630s][info][gc] GC(16181) Pause Young (Allocation Failure) 12M->8M(15M) 0.169ms
[32.630s][info][gc] GC(16182) Pause Young (Allocation Failure) 12M->8M(15M) 0.149ms
[32.631s][info][gc] GC(16183) Pause Young (Allocation Failure) 12M->8M(15M) 0.181ms
[32.632s][info][gc] GC(16184) Pause Young (Allocation Failure) 12M->8M(15M) 0.161ms
[32.633s][info][gc] GC(16185) Pause Young (Allocation Failure) 12M->8M(15M) 0.179ms
[32.633s][info][gc] GC(16186) Pause Young (Allocation Failure) 12M->8M(15M) 0.145ms
[32.634s][info][gc] GC(16187) Pause Young (Allocation Failure) 12M->8M(15M) 0.197ms
[32.635s][info][gc] GC(16188) Pause Young (Allocation Failure) 13M->8M(15M) 0.177ms
[32.636s][info][gc] GC(16189) Pause Young (Allocation Failure) 12M->9M(15M) 0.195ms
[32.637s][info][gc] GC(16190) Pause Young (Allocation Failure) 13M->9M(15M) 0.213ms
[32.637s][info][gc] GC(16191) Pause Young (Allocation Failure) 13M->10M(15M) 0.188ms
[32.638s][info][gc] GC(16192) Pause Young (Allocation Failure) 14M->10M(15M) 0.191ms
[32.639s][info][gc] GC(16193) Pause Young (Allocation Failure) 14M->10M(15M) 0.199ms
[32.640s][info][gc] GC(16194) Pause Young (Allocation Failure) 14M->10M(15M) 0.187ms
[32.640s][info][gc] GC(16195) Pause Young (Allocation Failure) 14M->10M(15M) 0.190ms
[32.641s][info][gc] GC(16196) Pause Young (Allocation Failure) 14M->10M(15M) 0.200ms
[32.642s][info][gc] GC(16197) Pause Young (Allocation Failure) 14M->10M(15M) 0.188ms
[32.643s][info][gc] GC(16198) Pause Young (Allocation Failure) 14M->10M(15M) 0.181ms
[32.643s][info][gc] GC(16199) Pause Young (Allocation Failure) 14M->10M(15M) 0.145ms
[32.644s][info][gc] GC(16200) Pause Young (Allocation Failure) 15M->15M(15M) 0.025ms
[32.652s][info][gc] GC(16201) Pause Full (Allocation Failure) 15M->7M(15M) 7.820ms
[32.653s][info][gc] GC(16202) Pause Young (Allocation Failure) 11M->7M(15M) 0.205ms
[32.654s][info][gc] GC(16203) Pause Young (Allocation Failure) 11M->7M(15M) 0.196ms
[32.655s][info][gc] GC(16204) Pause Young (Allocation Failure) 11M->7M(15M) 0.180ms
[32.655s][info][gc] GC(16205) Pause Young (Allocation Failure) 11M->7M(15M) 0.175ms
[32.656s][info][gc] GC(16206) Pause Young (Allocation Failure) 11M->7M(15M) 0.179ms
[32.657s][info][gc] GC(16207) Pause Young (Allocation Failure) 11M->7M(15M) 0.188ms
[32.658s][info][gc] GC(16208) Pause Young (Allocation Failure) 12M->7M(15M) 0.182ms
[32.659s][info][gc] GC(16209) Pause Young (Allocation Failure) 11M->7M(15M) 0.196ms
[32.659s][info][gc] GC(16210) Pause Young (Allocation Failure) 12M->7M(15M) 0.178ms
[32.660s][info][gc] GC(16211) Pause Young (Allocation Failure) 12M->7M(15M) 0.168ms
[32.661s][info][gc] GC(16212) Pause Young (Allocation Failure) 11M->7M(15M) 0.163ms
[32.662s][info][gc] GC(16213) Pause Young (Allocation Failure) 11M->7M(15M) 0.166ms
[32.663s][info][gc] GC(16214) Pause Young (Allocation Failure) 11M->7M(15M) 0.167ms
[32.663s][info][gc] GC(16215) Pause Young (Allocation Failure) 11M->7M(15M) 0.170ms
[32.664s][info][gc] GC(16216) Pause Young (Allocation Failure) 11M->8M(15M) 0.207ms
[32.665s][info][gc] GC(16217) Pause Young (Allocation Failure) 12M->8M(15M) 0.190ms
[32.666s][info][gc] GC(16218) Pause Young (Allocation Failure) 12M->8M(15M) 0.169ms
[32.667s][info][gc] GC(16219) Pause Young (Allocation Failure) 12M->8M(15M) 0.172ms
[32.667s][info][gc] GC(16220) Pause Young (Allocation Failure) 12M->8M(15M) 0.190ms
[32.668s][info][gc] GC(16221) Pause Young (Allocation Failure) 12M->8M(15M) 0.184ms
[32.669s][info][gc] GC(16222) Pause Young (Allocation Failure) 12M->8M(15M) 0.178ms
[32.670s][info][gc] GC(16223) Pause Young (Allocation Failure) 12M->8M(15M) 0.181ms
[32.670s][info][gc] GC(16224) Pause Young (Allocation Failure) 12M->8M(15M) 0.188ms
[32.671s][info][gc] GC(16225) Pause Young (Allocation Failure) 12M->8M(15M) 0.179ms
[32.672s][info][gc] GC(16226) Pause Young (Allocation Failure) 12M->8M(15M) 0.174ms
[32.673s][info][gc] GC(16227) Pause Young (Allocation Failure) 12M->8M(15M) 0.195ms
[32.674s][info][gc] GC(16228) Pause Young (Allocation Failure) 13M->8M(15M) 0.168ms
[32.674s][info][gc] GC(16229) Pause Young (Allocation Failure) 12M->8M(15M) 0.164ms
[32.675s][info][gc] GC(16230) Pause Young (Allocation Failure) 12M->8M(15M) 0.175ms
[32.676s][info][gc] GC(16231) Pause Young (Allocation Failure) 12M->8M(15M) 0.182ms
[32.677s][info][gc] GC(16232) Pause Young (Allocation Failure) 13M->8M(15M) 0.178ms
[32.677s][info][gc] GC(16233) Pause Young (Allocation Failure) 12M->9M(15M) 0.213ms
[32.678s][info][gc] GC(16234) Pause Young (Allocation Failure) 13M->9M(15M) 0.214ms
[32.679s][info][gc] GC(16235) Pause Young (Allocation Failure) 13M->9M(15M) 0.198ms
[32.680s][info][gc] GC(16236) Pause Young (Allocation Failure) 14M->10M(15M) 0.168ms
[32.681s][info][gc] GC(16237) Pause Young (Allocation Failure) 14M->10M(15M) 0.175ms
[32.682s][info][gc] GC(16238) Pause Young (Allocation Failure) 14M->10M(15M) 0.181ms
[32.682s][info][gc] GC(16239) Pause Young (Allocation Failure) 14M->10M(15M) 0.204ms
[32.683s][info][gc] GC(16240) Pause Young (Allocation Failure) 14M->10M(15M) 0.180ms
[32.684s][info][gc] GC(16241) Pause Young (Allocation Failure) 14M->10M(15M) 0.169ms
[32.685s][info][gc] GC(16242) Pause Young (Allocation Failure) 14M->10M(15M) 0.184ms
[32.686s][info][gc] GC(16243) Pause Young (Allocation Failure) 14M->10M(15M) 0.180ms
[32.686s][info][gc] GC(16244) Pause Young (Allocation Failure) 14M->10M(15M) 0.151ms
[32.687s][info][gc] GC(16245) Pause Young (Allocation Failure) 14M->10M(15M) 0.178ms
[32.688s][info][gc] GC(16246) Pause Young (Allocation Failure) 14M->10M(15M) 0.174ms
[32.689s][info][gc] GC(16247) Pause Young (Allocation Failure) 14M->10M(15M) 0.205ms
[32.689s][info][gc] GC(16248) Pause Young (Allocation Failure) 15M->15M(15M) 0.024ms
[32.697s][info][gc] GC(16249) Pause Full (Allocation Failure) 15M->7M(15M) 7.478ms
[32.698s][info][gc] GC(16250) Pause Young (Allocation Failure) 11M->7M(15M) 0.186ms
[32.699s][info][gc] GC(16251) Pause Young (Allocation Failure) 11M->7M(15M) 0.194ms
[32.699s][info][gc] GC(16252) Pause Young (Allocation Failure) 12M->7M(15M) 0.178ms
[32.700s][info][gc] GC(16253) Pause Young (Allocation Failure) 11M->7M(15M) 0.177ms
[32.701s][info][gc] GC(16254) Pause Young (Allocation Failure) 11M->8M(15M) 0.248ms
[32.702s][info][gc] GC(16255) Pause Young (Allocation Failure) 13M->8M(15M) 0.182ms
[32.702s][info][gc] GC(16256) Pause Young (Allocation Failure) 13M->8M(15M) 0.196ms
[32.703s][info][gc] GC(16257) Pause Young (Allocation Failure) 13M->9M(15M) 0.197ms
[32.704s][info][gc] GC(16258) Pause Young (Allocation Failure) 13M->9M(15M) 0.187ms
[32.705s][info][gc] GC(16259) Pause Young (Allocation Failure) 13M->9M(15M) 0.174ms
[32.706s][info][gc] GC(16260) Pause Young (Allocation Failure) 13M->9M(15M) 0.185ms
[32.706s][info][gc] GC(16261) Pause Young (Allocation Failure) 13M->9M(15M) 0.183ms
[32.707s][info][gc] GC(16262) Pause Young (Allocation Failure) 13M->9M(15M) 0.195ms
[32.708s][info][gc] GC(16263) Pause Young (Allocation Failure) 13M->9M(15M) 0.168ms
[32.709s][info][gc] GC(16264) Pause Young (Allocation Failure) 13M->9M(15M) 0.178ms
[32.710s][info][gc] GC(16265) Pause Young (Allocation Failure) 13M->9M(15M) 0.173ms
[32.710s][info][gc] GC(16266) Pause Young (Allocation Failure) 13M->9M(15M) 0.200ms
[32.711s][info][gc] GC(16267) Pause Young (Allocation Failure) 13M->10M(15M) 0.210ms
[32.712s][info][gc] GC(16268) Pause Young (Allocation Failure) 14M->10M(15M) 0.194ms
[32.713s][info][gc] GC(16269) Pause Young (Allocation Failure) 14M->9M(15M) 0.164ms
[32.713s][info][gc] GC(16270) Pause Young (Allocation Failure) 14M->9M(15M) 0.163ms
[32.714s][info][gc] GC(16271) Pause Young (Allocation Failure) 14M->10M(15M) 0.193ms
[32.715s][info][gc] GC(16272) Pause Young (Allocation Failure) 14M->10M(15M) 0.168ms
[32.716s][info][gc] GC(16273) Pause Young (Allocation Failure) 14M->10M(15M) 0.181ms
[32.716s][info][gc] GC(16274) Pause Young (Allocation Failure) 14M->10M(15M) 0.201ms
[32.717s][info][gc] GC(16275) Pause Young (Allocation Failure) 15M->10M(15M) 0.172ms
[32.718s][info][gc] GC(16276) Pause Young (Allocation Failure) 14M->15M(15M) 0.245ms
[32.726s][info][gc] GC(16277) Pause Full (Allocation Failure) 15M->8M(15M) 7.634ms
[32.727s][info][gc] GC(16278) Pause Young (Allocation Failure) 12M->8M(15M) 0.199ms
[32.727s][info][gc] GC(16279) Pause Young (Allocation Failure) 12M->8M(15M) 0.180ms
[32.728s][info][gc] GC(16280) Pause Young (Allocation Failure) 12M->8M(15M) 0.190ms
[32.729s][info][gc] GC(16281) Pause Young (Allocation Failure) 13M->8M(15M) 0.178ms
[32.730s][info][gc] GC(16282) Pause Young (Allocation Failure) 12M->8M(15M) 0.180ms
[32.731s][info][gc] GC(16283) Pause Young (Allocation Failure) 13M->8M(15M) 0.175ms
[32.731s][info][gc] GC(16284) Pause Young (Allocation Failure) 12M->8M(15M) 0.170ms
[32.732s][info][gc] GC(16285) Pause Young (Allocation Failure) 12M->8M(15M) 0.178ms
[32.733s][info][gc] GC(16286) Pause Young (Allocation Failure) 12M->8M(15M) 0.175ms
[32.734s][info][gc] GC(16287) Pause Young (Allocation Failure) 12M->8M(15M) 0.193ms
[32.735s][info][gc] GC(16288) Pause Young (Allocation Failure) 13M->8M(15M) 0.176ms
[32.735s][info][gc] GC(16289) Pause Young (Allocation Failure) 13M->8M(15M) 0.179ms
[32.736s][info][gc] GC(16290) Pause Young (Allocation Failure) 13M->9M(15M) 0.197ms
[32.737s][info][gc] GC(16291) Pause Young (Allocation Failure) 13M->9M(15M) 0.184ms
[32.738s][info][gc] GC(16292) Pause Young (Allocation Failure) 13M->8M(15M) 0.167ms
[32.739s][info][gc] GC(16293) Pause Young (Allocation Failure) 13M->9M(15M) 0.187ms
[32.739s][info][gc] GC(16294) Pause Young (Allocation Failure) 13M->9M(15M) 0.186ms
[32.740s][info][gc] GC(16295) Pause Young (Allocation Failure) 13M->9M(15M) 0.195ms
[32.741s][info][gc] GC(16296) Pause Young (Allocation Failure) 13M->9M(15M) 0.180ms
[32.742s][info][gc] GC(16297) Pause Young (Allocation Failure) 13M->9M(15M) 0.197ms
[32.743s][info][gc] GC(16298) Pause Young (Allocation Failure) 13M->9M(15M) 0.197ms
[32.744s][info][gc] GC(16299) Pause Young (Allocation Failure) 14M->9M(15M) 0.171ms
[32.744s][info][gc] GC(16300) Pause Young (Allocation Failure) 13M->9M(15M) 0.192ms
[32.745s][info][gc] GC(16301) Pause Young (Allocation Failure) 14M->10M(15M) 0.210ms
[32.746s][info][gc] GC(16302) Pause Young (Allocation Failure) 14M->10M(15M) 0.170ms
[32.747s][info][gc] GC(16303) Pause Young (Allocation Failure) 14M->10M(15M) 0.173ms
[32.747s][info][gc] GC(16304) Pause Young (Allocation Failure) 14M->10M(15M) 0.175ms
[32.748s][info][gc] GC(16305) Pause Young (Allocation Failure) 14M->10M(15M) 0.196ms
[32.749s][info][gc] GC(16306) Pause Young (Allocation Failure) 14M->10M(15M) 0.206ms
[32.750s][info][gc] GC(16307) Pause Young (Allocation Failure) 15M->15M(15M) 0.025ms
[32.758s][info][gc] GC(16308) Pause Full (Allocation Failure) 15M->7M(15M) 7.822ms
[32.758s][info][gc] GC(16309) Pause Young (Allocation Failure) 11M->7M(15M) 0.194ms
[32.759s][info][gc] GC(16310) Pause Young (Allocation Failure) 11M->7M(15M) 0.197ms
[32.760s][info][gc] GC(16311) Pause Young (Allocation Failure) 11M->7M(15M) 0.195ms
[32.761s][info][gc] GC(16312) Pause Young (Allocation Failure) 12M->7M(15M) 0.187ms
[32.762s][info][gc] GC(16313) Pause Young (Allocation Failure) 12M->7M(15M) 0.190ms
[32.763s][info][gc] GC(16314) Pause Young (Allocation Failure) 12M->7M(15M) 0.181ms
[32.764s][info][gc] GC(16315) Pause Young (Allocation Failure) 12M->7M(15M) 0.176ms
[32.764s][info][gc] GC(16316) Pause Young (Allocation Failure) 11M->7M(15M) 0.196ms
[32.765s][info][gc] GC(16317) Pause Young (Allocation Failure) 12M->8M(15M) 0.208ms
[32.766s][info][gc] GC(16318) Pause Young (Allocation Failure) 12M->8M(15M) 0.189ms
[32.767s][info][gc] GC(16319) Pause Young (Allocation Failure) 12M->8M(15M) 0.197ms
[32.768s][info][gc] GC(16320) Pause Young (Allocation Failure) 12M->8M(15M) 0.205ms
[32.768s][info][gc] GC(16321) Pause Young (Allocation Failure) 13M->8M(15M) 0.174ms
[32.769s][info][gc] GC(16322) Pause Young (Allocation Failure) 12M->9M(15M) 0.223ms
[32.770s][info][gc] GC(16323) Pause Young (Allocation Failure) 13M->9M(15M) 0.168ms
[32.771s][info][gc] GC(16324) Pause Young (Allocation Failure) 13M->9M(15M) 0.172ms
[32.771s][info][gc] GC(16325) Pause Young (Allocation Failure) 13M->9M(15M) 0.204ms
[32.772s][info][gc] GC(16326) Pause Young (Allocation Failure) 14M->9M(15M) 0.175ms
[32.773s][info][gc] GC(16327) Pause Young (Allocation Failure) 14M->10M(15M) 0.215ms
[32.774s][info][gc] GC(16328) Pause Young (Allocation Failure) 14M->10M(15M) 0.169ms
[32.775s][info][gc] GC(16329) Pause Young (Allocation Failure) 14M->10M(15M) 0.162ms
[32.775s][info][gc] GC(16330) Pause Young (Allocation Failure) 14M->10M(15M) 0.187ms
[32.776s][info][gc] GC(16331) Pause Young (Allocation Failure) 14M->10M(15M) 0.180ms
[32.777s][info][gc] GC(16332) Pause Young (Allocation Failure) 14M->10M(15M) 0.207ms
[32.778s][info][gc] GC(16333) Pause Young (Allocation Failure) 15M->15M(15M) 0.025ms
[32.785s][info][gc] GC(16334) Pause Full (Allocation Failure) 15M->7M(15M) 7.820ms
[32.786s][info][gc] GC(16335) Pause Young (Allocation Failure) 11M->8M(15M) 0.239ms
[32.787s][info][gc] GC(16336) Pause Young (Allocation Failure) 12M->8M(15M) 0.198ms
[32.788s][info][gc] GC(16337) Pause Young (Allocation Failure) 12M->8M(15M) 0.185ms
[32.789s][info][gc] GC(16338) Pause Young (Allocation Failure) 12M->8M(15M) 0.173ms
[32.790s][info][gc] GC(16339) Pause Young (Allocation Failure) 12M->8M(15M) 0.165ms
[32.791s][info][gc] GC(16340) Pause Young (Allocation Failure) 12M->8M(15M) 0.216ms
[32.791s][info][gc] GC(16341) Pause Young (Allocation Failure) 13M->8M(15M) 0.179ms
[32.792s][info][gc] GC(16342) Pause Young (Allocation Failure) 13M->9M(15M) 0.215ms
[32.793s][info][gc] GC(16343) Pause Young (Allocation Failure) 13M->9M(15M) 0.205ms
[32.794s][info][gc] GC(16344) Pause Young (Allocation Failure) 13M->9M(15M) 0.179ms
[32.795s][info][gc] GC(16345) Pause Young (Allocation Failure) 13M->9M(15M) 0.170ms
[32.796s][info][gc] GC(16346) Pause Young (Allocation Failure) 13M->9M(15M) 0.194ms
[32.796s][info][gc] GC(16347) Pause Young (Allocation Failure) 14M->9M(15M) 0.166ms
[32.797s][info][gc] GC(16348) Pause Young (Allocation Failure) 13M->9M(15M) 0.177ms
[32.798s][info][gc] GC(16349) Pause Young (Allocation Failure) 13M->10M(15M) 0.201ms
[32.799s][info][gc] GC(16350) Pause Young (Allocation Failure) 14M->10M(15M) 0.198ms
[32.799s][info][gc] GC(16351) Pause Young (Allocation Failure) 14M->10M(15M) 0.176ms
[32.800s][info][gc] GC(16352) Pause Young (Allocation Failure) 14M->9M(15M) 0.173ms
[32.801s][info][gc] GC(16353) Pause Young (Allocation Failure) 14M->10M(15M) 0.177ms
[32.802s][info][gc] GC(16354) Pause Young (Allocation Failure) 14M->9M(15M) 0.168ms
[32.803s][info][gc] GC(16355) Pause Young (Allocation Failure) 14M->10M(15M) 0.176ms
[32.803s][info][gc] GC(16356) Pause Young (Allocation Failure) 14M->9M(15M) 0.170ms
[32.804s][info][gc] GC(16357) Pause Young (Allocation Failure) 14M->10M(15M) 0.172ms
[32.805s][info][gc] GC(16358) Pause Young (Allocation Failure) 14M->9M(15M) 0.165ms
[32.806s][info][gc] GC(16359) Pause Young (Allocation Failure) 14M->10M(15M) 0.177ms
[32.806s][info][gc] GC(16360) Pause Young (Allocation Failure) 14M->10M(15M) 0.200ms
[32.807s][info][gc] GC(16361) Pause Young (Allocation Failure) 14M->10M(15M) 0.177ms
[32.808s][info][gc] GC(16362) Pause Young (Allocation Failure) 14M->11M(15M) 0.222ms
[32.809s][info][gc] GC(16363) Pause Young (Allocation Failure) 15M->15M(15M) 0.025ms
[32.817s][info][gc] GC(16364) Pause Full (Allocation Failure) 15M->6M(15M) 7.791ms
[32.818s][info][gc] GC(16365) Pause Young (Allocation Failure) 11M->7M(15M) 0.228ms
[32.818s][info][gc] GC(16366) Pause Young (Allocation Failure) 11M->7M(15M) 0.170ms
[32.819s][info][gc] GC(16367) Pause Young (Allocation Failure) 11M->7M(15M) 0.167ms
[32.820s][info][gc] GC(16368) Pause Young (Allocation Failure) 11M->7M(15M) 0.188ms
[32.821s][info][gc] GC(16369) Pause Young (Allocation Failure) 11M->7M(15M) 0.143ms
[32.822s][info][gc] GC(16370) Pause Young (Allocation Failure) 11M->6M(15M) 0.162ms
[32.823s][info][gc] GC(16371) Pause Young (Allocation Failure) 11M->7M(15M) 0.170ms
[32.823s][info][gc] GC(16372) Pause Young (Allocation Failure) 11M->7M(15M) 0.171ms
[32.824s][info][gc] GC(16373) Pause Young (Allocation Failure) 11M->7M(15M) 0.171ms
[32.825s][info][gc] GC(16374) Pause Young (Allocation Failure) 11M->7M(15M) 0.172ms
[32.826s][info][gc] GC(16375) Pause Young (Allocation Failure) 11M->7M(15M) 0.192ms
[32.827s][info][gc] GC(16376) Pause Young (Allocation Failure) 11M->7M(15M) 0.167ms
[32.828s][info][gc] GC(16377) Pause Young (Allocation Failure) 11M->7M(15M) 0.175ms
[32.828s][info][gc] GC(16378) Pause Young (Allocation Failure) 11M->7M(15M) 0.168ms
[32.829s][info][gc] GC(16379) Pause Young (Allocation Failure) 11M->7M(15M) 0.177ms
[32.830s][info][gc] GC(16380) Pause Young (Allocation Failure) 11M->7M(15M) 0.184ms
[32.831s][info][gc] GC(16381) Pause Young (Allocation Failure) 11M->7M(15M) 0.175ms
[32.831s][info][gc] GC(16382) Pause Young (Allocation Failure) 11M->7M(15M) 0.179ms
[32.832s][info][gc] GC(16383) Pause Young (Allocation Failure) 11M->7M(15M) 0.176ms
[32.833s][info][gc] GC(16384) Pause Young (Allocation Failure) 11M->7M(15M) 0.183ms
[32.834s][info][gc] GC(16385) Pause Young (Allocation Failure) 11M->7M(15M) 0.178ms
[32.834s][info][gc] GC(16386) Pause Young (Allocation Failure) 11M->7M(15M) 0.175ms
[32.835s][info][gc] GC(16387) Pause Young (Allocation Failure) 11M->7M(15M) 0.168ms
[32.836s][info][gc] GC(16388) Pause Young (Allocation Failure) 11M->7M(15M) 0.171ms
[32.837s][info][gc] GC(16389) Pause Young (Allocation Failure) 11M->7M(15M) 0.170ms
[32.838s][info][gc] GC(16390) Pause Young (Allocation Failure) 11M->7M(15M) 0.171ms
[32.838s][info][gc] GC(16391) Pause Young (Allocation Failure) 11M->7M(15M) 0.191ms
[32.839s][info][gc] GC(16392) Pause Young (Allocation Failure) 11M->7M(15M) 0.176ms
[32.840s][info][gc] GC(16393) Pause Young (Allocation Failure) 11M->7M(15M) 0.180ms
[32.841s][info][gc] GC(16394) Pause Young (Allocation Failure) 11M->8M(15M) 0.201ms
[32.841s][info][gc] GC(16395) Pause Young (Allocation Failure) 12M->8M(15M) 0.211ms
[32.842s][info][gc] GC(16396) Pause Young (Allocation Failure) 12M->8M(15M) 0.161ms
[32.843s][info][gc] GC(16397) Pause Young (Allocation Failure) 12M->8M(15M) 0.169ms
[32.844s][info][gc] GC(16398) Pause Young (Allocation Failure) 12M->8M(15M) 0.165ms
[32.845s][info][gc] GC(16399) Pause Young (Allocation Failure) 12M->8M(15M) 0.196ms
[32.845s][info][gc] GC(16400) Pause Young (Allocation Failure) 13M->8M(15M) 0.164ms
[32.846s][info][gc] GC(16401) Pause Young (Allocation Failure) 12M->8M(15M) 0.193ms
[32.847s][info][gc] GC(16402) Pause Young (Allocation Failure) 13M->8M(15M) 0.163ms
[32.848s][info][gc] GC(16403) Pause Young (Allocation Failure) 12M->8M(15M) 0.177ms
[32.849s][info][gc] GC(16404) Pause Young (Allocation Failure) 13M->8M(15M) 0.164ms
[32.850s][info][gc] GC(16405) Pause Young (Allocation Failure) 12M->8M(15M) 0.177ms
[32.850s][info][gc] GC(16406) Pause Young (Allocation Failure) 13M->9M(15M) 0.216ms
[32.851s][info][gc] GC(16407) Pause Young (Allocation Failure) 13M->9M(15M) 0.182ms
[32.852s][info][gc] GC(16408) Pause Young (Allocation Failure) 13M->9M(15M) 0.181ms
[32.853s][info][gc] GC(16409) Pause Young (Allocation Failure) 13M->9M(15M) 0.203ms
[32.854s][info][gc] GC(16410) Pause Young (Allocation Failure) 14M->9M(15M) 0.182ms
[32.854s][info][gc] GC(16411) Pause Young (Allocation Failure) 14M->9M(15M) 0.167ms
[32.855s][info][gc] GC(16412) Pause Young (Allocation Failure) 13M->9M(15M) 0.193ms
[32.856s][info][gc] GC(16413) Pause Young (Allocation Failure) 14M->10M(15M) 0.206ms
[32.857s][info][gc] GC(16414) Pause Young (Allocation Failure) 14M->10M(15M) 0.179ms
[32.858s][info][gc] GC(16415) Pause Young (Allocation Failure) 14M->10M(15M) 0.196ms
[32.859s][info][gc] GC(16416) Pause Young (Allocation Failure) 14M->10M(15M) 0.175ms
[32.859s][info][gc] GC(16417) Pause Young (Allocation Failure) 14M->9M(15M) 0.164ms
[32.860s][info][gc] GC(16418) Pause Young (Allocation Failure) 14M->10M(15M) 0.198ms
[32.861s][info][gc] GC(16419) Pause Young (Allocation Failure) 14M->10M(15M) 0.182ms
[32.862s][info][gc] GC(16420) Pause Young (Allocation Failure) 14M->10M(15M) 0.173ms
[32.862s][info][gc] GC(16421) Pause Young (Allocation Failure) 14M->10M(15M) 0.182ms
[32.863s][info][gc] GC(16422) Pause Young (Allocation Failure) 14M->15M(15M) 0.338ms
[32.871s][info][gc] GC(16423) Pause Full (Allocation Failure) 15M->8M(15M) 7.534ms
[32.872s][info][gc] GC(16424) Pause Young (Allocation Failure) 12M->8M(15M) 0.172ms
[32.873s][info][gc] GC(16425) Pause Young (Allocation Failure) 12M->8M(15M) 0.181ms
[32.873s][info][gc] GC(16426) Pause Young (Allocation Failure) 12M->8M(15M) 0.188ms
[32.874s][info][gc] GC(16427) Pause Young (Allocation Failure) 12M->8M(15M) 0.172ms
[32.875s][info][gc] GC(16428) Pause Young (Allocation Failure) 12M->9M(15M) 0.235ms
[32.876s][info][gc] GC(16429) Pause Young (Allocation Failure) 13M->9M(15M) 0.180ms
[32.877s][info][gc] GC(16430) Pause Young (Allocation Failure) 13M->9M(15M) 0.170ms
[32.877s][info][gc] GC(16431) Pause Young (Allocation Failure) 13M->9M(15M) 0.178ms
[32.878s][info][gc] GC(16432) Pause Young (Allocation Failure) 13M->9M(15M) 0.227ms
[32.879s][info][gc] GC(16433) Pause Young (Allocation Failure) 14M->10M(15M) 0.211ms
[32.880s][info][gc] GC(16434) Pause Young (Allocation Failure) 14M->9M(15M) 0.167ms
[32.880s][info][gc] GC(16435) Pause Young (Allocation Failure) 14M->10M(15M) 0.177ms
[32.881s][info][gc] GC(16436) Pause Young (Allocation Failure) 14M->10M(15M) 0.217ms
[32.882s][info][gc] GC(16437) Pause Young (Allocation Failure) 14M->14M(15M) 0.033ms
[32.889s][info][gc] GC(16438) Pause Full (Allocation Failure) 14M->7M(15M) 7.289ms
[32.890s][info][gc] GC(16439) Pause Young (Allocation Failure) 12M->9M(15M) 0.278ms
[32.891s][info][gc] GC(16440) Pause Young (Allocation Failure) 13M->9M(15M) 0.209ms
[32.892s][info][gc] GC(16441) Pause Young (Allocation Failure) 13M->9M(15M) 0.186ms
[32.893s][info][gc] GC(16442) Pause Young (Allocation Failure) 13M->8M(15M) 0.171ms
[32.893s][info][gc] GC(16443) Pause Young (Allocation Failure) 13M->9M(15M) 0.168ms
[32.894s][info][gc] GC(16444) Pause Young (Allocation Failure) 13M->9M(15M) 0.180ms
[32.895s][info][gc] GC(16445) Pause Young (Allocation Failure) 13M->9M(15M) 0.197ms
[32.896s][info][gc] GC(16446) Pause Young (Allocation Failure) 14M->9M(15M) 0.187ms
[32.897s][info][gc] GC(16447) Pause Young (Allocation Failure) 14M->9M(15M) 0.172ms
[32.897s][info][gc] GC(16448) Pause Young (Allocation Failure) 13M->9M(15M) 0.167ms
[32.898s][info][gc] GC(16449) Pause Young (Allocation Failure) 13M->9M(15M) 0.177ms
[32.899s][info][gc] GC(16450) Pause Young (Allocation Failure) 14M->9M(15M) 0.168ms
[32.900s][info][gc] GC(16451) Pause Young (Allocation Failure) 13M->9M(15M) 0.204ms
[32.901s][info][gc] GC(16452) Pause Young (Allocation Failure) 14M->9M(15M) 0.184ms
[32.902s][info][gc] GC(16453) Pause Young (Allocation Failure) 14M->9M(15M) 0.180ms
[32.902s][info][gc] GC(16454) Pause Young (Allocation Failure) 14M->10M(15M) 0.193ms
[32.903s][info][gc] GC(16455) Pause Young (Allocation Failure) 14M->9M(15M) 0.174ms
[32.904s][info][gc] GC(16456) Pause Young (Allocation Failure) 14M->10M(15M) 0.191ms
[32.905s][info][gc] GC(16457) Pause Young (Allocation Failure) 14M->10M(15M) 0.187ms
[32.906s][info][gc] GC(16458) Pause Young (Allocation Failure) 14M->10M(15M) 0.210ms
[32.906s][info][gc] GC(16459) Pause Young (Allocation Failure) 14M->10M(15M) 0.201ms
[32.907s][info][gc] GC(16460) Pause Young (Allocation Failure) 15M->15M(15M) 0.025ms
[32.915s][info][gc] GC(16461) Pause Full (Allocation Failure) 15M->7M(15M) 7.519ms
[32.916s][info][gc] GC(16462) Pause Young (Allocation Failure) 11M->7M(15M) 0.187ms
[32.916s][info][gc] GC(16463) Pause Young (Allocation Failure) 11M->7M(15M) 0.178ms
[32.917s][info][gc] GC(16464) Pause Young (Allocation Failure) 11M->8M(15M) 0.157ms
[32.918s][info][gc] GC(16465) Pause Young (Allocation Failure) 12M->7M(15M) 0.170ms
[32.919s][info][gc] GC(16466) Pause Young (Allocation Failure) 12M->8M(15M) 0.190ms
[32.920s][info][gc] GC(16467) Pause Young (Allocation Failure) 12M->8M(15M) 0.206ms
[32.921s][info][gc] GC(16468) Pause Young (Allocation Failure) 12M->8M(15M) 0.163ms
[32.921s][info][gc] GC(16469) Pause Young (Allocation Failure) 12M->8M(15M) 0.164ms
[32.922s][info][gc] GC(16470) Pause Young (Allocation Failure) 12M->8M(15M) 0.228ms
[32.923s][info][gc] GC(16471) Pause Young (Allocation Failure) 13M->8M(15M) 0.178ms
[32.923s][info][gc] GC(16472) Pause Young (Allocation Failure) 13M->9M(15M) 0.164ms
[32.924s][info][gc] GC(16473) Pause Young (Allocation Failure) 13M->9M(15M) 0.175ms
[32.925s][info][gc] GC(16474) Pause Young (Allocation Failure) 13M->9M(15M) 0.175ms
[32.926s][info][gc] GC(16475) Pause Young (Allocation Failure) 13M->9M(15M) 0.175ms
[32.927s][info][gc] GC(16476) Pause Young (Allocation Failure) 13M->9M(15M) 0.198ms
[32.927s][info][gc] GC(16477) Pause Young (Allocation Failure) 13M->9M(15M) 0.146ms
[32.928s][info][gc] GC(16478) Pause Young (Allocation Failure) 13M->9M(15M) 0.187ms
[32.929s][info][gc] GC(16479) Pause Young (Allocation Failure) 14M->9M(15M) 0.196ms
[32.930s][info][gc] GC(16480) Pause Young (Allocation Failure) 14M->10M(15M) 0.197ms
[32.931s][info][gc] GC(16481) Pause Young (Allocation Failure) 14M->9M(15M) 0.178ms
[32.931s][info][gc] GC(16482) Pause Young (Allocation Failure) 14M->9M(15M) 0.169ms
[32.932s][info][gc] GC(16483) Pause Young (Allocation Failure) 14M->10M(15M) 0.175ms
[32.933s][info][gc] GC(16484) Pause Young (Allocation Failure) 14M->10M(15M) 0.130ms
[32.934s][info][gc] GC(16485) Pause Young (Allocation Failure) 14M->9M(15M) 0.167ms
[32.935s][info][gc] GC(16486) Pause Young (Allocation Failure) 14M->9M(15M) 0.166ms
[32.935s][info][gc] GC(16487) Pause Young (Allocation Failure) 14M->10M(15M) 0.181ms
[32.936s][info][gc] GC(16488) Pause Young (Allocation Failure) 14M->9M(15M) 0.172ms
[32.937s][info][gc] GC(16489) Pause Young (Allocation Failure) 14M->10M(15M) 0.191ms
[32.938s][info][gc] GC(16490) Pause Young (Allocation Failure) 14M->10M(15M) 0.198ms
[32.938s][info][gc] GC(16491) Pause Young (Allocation Failure) 14M->10M(15M) 0.167ms
[32.939s][info][gc] GC(16492) Pause Young (Allocation Failure) 14M->10M(15M) 0.177ms
[32.940s][info][gc] GC(16493) Pause Young (Allocation Failure) 14M->10M(15M) 0.164ms
[32.941s][info][gc] GC(16494) Pause Young (Allocation Failure) 14M->10M(15M) 0.169ms
[32.942s][info][gc] GC(16495) Pause Young (Allocation Failure) 14M->10M(15M) 0.183ms
[32.942s][info][gc] GC(16496) Pause Young (Allocation Failure) 14M->10M(15M) 0.185ms
[32.943s][info][gc] GC(16497) Pause Young (Allocation Failure) 14M->10M(15M) 0.199ms
[32.944s][info][gc] GC(16498) Pause Young (Allocation Failure) 14M->10M(15M) 0.199ms
[32.945s][info][gc] GC(16499) Pause Young (Allocation Failure) 15M->10M(15M) 0.169ms
[32.946s][info][gc] GC(16500) Pause Young (Allocation Failure) 14M->11M(15M) 0.182ms
[32.946s][info][gc] GC(16501) Pause Young (Allocation Failure) 15M->15M(15M) 0.025ms
[32.954s][info][gc] GC(16502) Pause Full (Allocation Failure) 15M->7M(15M) 7.498ms
[32.955s][info][gc] GC(16503) Pause Young (Allocation Failure) 11M->7M(15M) 0.186ms
[32.956s][info][gc] GC(16504) Pause Young (Allocation Failure) 11M->7M(15M) 0.167ms
[32.956s][info][gc] GC(16505) Pause Young (Allocation Failure) 11M->7M(15M) 0.167ms
[32.957s][info][gc] GC(16506) Pause Young (Allocation Failure) 11M->7M(15M) 0.163ms
[32.958s][info][gc] GC(16507) Pause Young (Allocation Failure) 11M->7M(15M) 0.165ms
[32.959s][info][gc] GC(16508) Pause Young (Allocation Failure) 11M->7M(15M) 0.190ms
[32.960s][info][gc] GC(16509) Pause Young (Allocation Failure) 11M->7M(15M) 0.207ms
[32.961s][info][gc] GC(16510) Pause Young (Allocation Failure) 11M->7M(15M) 0.162ms
[32.961s][info][gc] GC(16511) Pause Young (Allocation Failure) 11M->7M(15M) 0.185ms
[32.962s][info][gc] GC(16512) Pause Young (Allocation Failure) 11M->7M(15M) 0.166ms
[32.963s][info][gc] GC(16513) Pause Young (Allocation Failure) 11M->7M(15M) 0.201ms
[32.964s][info][gc] GC(16514) Pause Young (Allocation Failure) 12M->7M(15M) 0.167ms
[32.965s][info][gc] GC(16515) Pause Young (Allocation Failure) 11M->7M(15M) 0.183ms
[32.965s][info][gc] GC(16516) Pause Young (Allocation Failure) 12M->8M(15M) 0.190ms
[32.966s][info][gc] GC(16517) Pause Young (Allocation Failure) 12M->8M(15M) 0.190ms
[32.967s][info][gc] GC(16518) Pause Young (Allocation Failure) 12M->7M(15M) 0.175ms
[32.968s][info][gc] GC(16519) Pause Young (Allocation Failure) 12M->7M(15M) 0.175ms
[32.968s][info][gc] GC(16520) Pause Young (Allocation Failure) 12M->8M(15M) 0.194ms
[32.969s][info][gc] GC(16521) Pause Young (Allocation Failure) 12M->7M(15M) 0.167ms
[32.970s][info][gc] GC(16522) Pause Young (Allocation Failure) 12M->8M(15M) 0.171ms
[32.971s][info][gc] GC(16523) Pause Young (Allocation Failure) 12M->8M(15M) 0.209ms
[32.972s][info][gc] GC(16524) Pause Young (Allocation Failure) 13M->8M(15M) 0.187ms
[32.972s][info][gc] GC(16525) Pause Young (Allocation Failure) 13M->8M(15M) 0.171ms
[32.973s][info][gc] GC(16526) Pause Young (Allocation Failure) 12M->8M(15M) 0.171ms
[32.974s][info][gc] GC(16527) Pause Young (Allocation Failure) 12M->8M(15M) 0.170ms
[32.975s][info][gc] GC(16528) Pause Young (Allocation Failure) 12M->9M(15M) 0.216ms
[32.976s][info][gc] GC(16529) Pause Young (Allocation Failure) 13M->8M(15M) 0.171ms
[32.976s][info][gc] GC(16530) Pause Young (Allocation Failure) 13M->9M(15M) 0.156ms
[32.977s][info][gc] GC(16531) Pause Young (Allocation Failure) 13M->9M(15M) 0.196ms
[32.978s][info][gc] GC(16532) Pause Young (Allocation Failure) 13M->9M(15M) 0.171ms
[32.979s][info][gc] GC(16533) Pause Young (Allocation Failure) 13M->9M(15M) 0.162ms
[32.979s][info][gc] GC(16534) Pause Young (Allocation Failure) 13M->9M(15M) 0.196ms
[32.980s][info][gc] GC(16535) Pause Young (Allocation Failure) 13M->10M(15M) 0.213ms
[32.981s][info][gc] GC(16536) Pause Young (Allocation Failure) 14M->10M(15M) 0.186ms
[32.982s][info][gc] GC(16537) Pause Young (Allocation Failure) 14M->9M(15M) 0.166ms
[32.983s][info][gc] GC(16538) Pause Young (Allocation Failure) 14M->10M(15M) 0.186ms
[32.983s][info][gc] GC(16539) Pause Young (Allocation Failure) 14M->10M(15M) 0.178ms
[32.984s][info][gc] GC(16540) Pause Young (Allocation Failure) 14M->9M(15M) 0.166ms
[32.985s][info][gc] GC(16541) Pause Young (Allocation Failure) 14M->10M(15M) 0.188ms
[32.986s][info][gc] GC(16542) Pause Young (Allocation Failure) 14M->10M(15M) 0.176ms
[32.987s][info][gc] GC(16543) Pause Young (Allocation Failure) 14M->10M(15M) 0.175ms
[32.987s][info][gc] GC(16544) Pause Young (Allocation Failure) 14M->10M(15M) 0.178ms
[32.988s][info][gc] GC(16545) Pause Young (Allocation Failure) 14M->10M(15M) 0.190ms
[32.989s][info][gc] GC(16546) Pause Young (Allocation Failure) 14M->10M(15M) 0.182ms
[32.990s][info][gc] GC(16547) Pause Young (Allocation Failure) 14M->10M(15M) 0.182ms
[32.991s][info][gc] GC(16548) Pause Young (Allocation Failure) 14M->10M(15M) 0.135ms
[32.992s][info][gc] GC(16549) Pause Young (Allocation Failure) 14M->10M(15M) 0.193ms
[32.992s][info][gc] GC(16550) Pause Young (Allocation Failure) 14M->10M(15M) 0.178ms
[32.993s][info][gc] GC(16551) Pause Young (Allocation Failure) 14M->10M(15M) 0.191ms
[32.994s][info][gc] GC(16552) Pause Young (Allocation Failure) 14M->10M(15M) 0.190ms
[32.995s][info][gc] GC(16553) Pause Young (Allocation Failure) 15M->15M(15M) 0.341ms
[33.003s][info][gc] GC(16554) Pause Full (Allocation Failure) 15M->7M(15M) 7.785ms
[33.004s][info][gc] GC(16555) Pause Young (Allocation Failure) 12M->8M(15M) 0.181ms
[33.005s][info][gc] GC(16556) Pause Young (Allocation Failure) 12M->8M(15M) 0.147ms
[33.005s][info][gc] GC(16557) Pause Young (Allocation Failure) 12M->8M(15M) 0.180ms
[33.006s][info][gc] GC(16558) Pause Young (Allocation Failure) 12M->8M(15M) 0.198ms
[33.007s][info][gc] GC(16559) Pause Young (Allocation Failure) 13M->8M(15M) 0.184ms
[33.008s][info][gc] GC(16560) Pause Young (Allocation Failure) 12M->9M(15M) 0.206ms
[33.009s][info][gc] GC(16561) Pause Young (Allocation Failure) 13M->8M(15M) 0.176ms
[33.009s][info][gc] GC(16562) Pause Young (Allocation Failure) 13M->9M(15M) 0.206ms
[33.010s][info][gc] GC(16563) Pause Young (Allocation Failure) 13M->9M(15M) 0.180ms
[33.011s][info][gc] GC(16564) Pause Young (Allocation Failure) 14M->10M(15M) 0.200ms
[33.012s][info][gc] GC(16565) Pause Young (Allocation Failure) 14M->9M(15M) 0.167ms
[33.013s][info][gc] GC(16566) Pause Young (Allocation Failure) 13M->10M(15M) 0.216ms
[33.013s][info][gc] GC(16567) Pause Young (Allocation Failure) 14M->10M(15M) 0.216ms
[33.014s][info][gc] GC(16568) Pause Young (Allocation Failure) 15M->15M(15M) 0.025ms
[33.021s][info][gc] GC(16569) Pause Full (Allocation Failure) 15M->7M(15M) 7.445ms
[33.022s][info][gc] GC(16570) Pause Young (Allocation Failure) 11M->7M(15M) 0.171ms
[33.023s][info][gc] GC(16571) Pause Young (Allocation Failure) 11M->7M(15M) 0.194ms
[33.024s][info][gc] GC(16572) Pause Young (Allocation Failure) 12M->7M(15M) 0.189ms
[33.025s][info][gc] GC(16573) Pause Young (Allocation Failure) 12M->8M(15M) 0.186ms
[33.025s][info][gc] GC(16574) Pause Young (Allocation Failure) 12M->8M(15M) 0.206ms
[33.026s][info][gc] GC(16575) Pause Young (Allocation Failure) 12M->8M(15M) 0.199ms
[33.027s][info][gc] GC(16576) Pause Young (Allocation Failure) 12M->8M(15M) 0.177ms
[33.028s][info][gc] GC(16577) Pause Young (Allocation Failure) 12M->8M(15M) 0.175ms
[33.029s][info][gc] GC(16578) Pause Young (Allocation Failure) 12M->8M(15M) 0.204ms
[33.029s][info][gc] GC(16579) Pause Young (Allocation Failure) 13M->9M(15M) 0.198ms
[33.030s][info][gc] GC(16580) Pause Young (Allocation Failure) 13M->8M(15M) 0.176ms
[33.031s][info][gc] GC(16581) Pause Young (Allocation Failure) 13M->9M(15M) 0.209ms
[33.032s][info][gc] GC(16582) Pause Young (Allocation Failure) 13M->9M(15M) 0.180ms
[33.033s][info][gc] GC(16583) Pause Young (Allocation Failure) 13M->9M(15M) 0.182ms
[33.034s][info][gc] GC(16584) Pause Young (Allocation Failure) 13M->9M(15M) 0.190ms
[33.034s][info][gc] GC(16585) Pause Young (Allocation Failure) 13M->9M(15M) 0.209ms
[33.035s][info][gc] GC(16586) Pause Young (Allocation Failure) 14M->10M(15M) 0.192ms
[33.036s][info][gc] GC(16587) Pause Young (Allocation Failure) 14M->9M(15M) 0.178ms
[33.037s][info][gc] GC(16588) Pause Young (Allocation Failure) 14M->9M(15M) 0.176ms
[33.038s][info][gc] GC(16589) Pause Young (Allocation Failure) 14M->9M(15M) 0.164ms
[33.038s][info][gc] GC(16590) Pause Young (Allocation Failure) 13M->9M(15M) 0.178ms
[33.039s][info][gc] GC(16591) Pause Young (Allocation Failure) 14M->10M(15M) 0.198ms
[33.040s][info][gc] GC(16592) Pause Young (Allocation Failure) 14M->10M(15M) 0.202ms
[33.041s][info][gc] GC(16593) Pause Young (Allocation Failure) 14M->10M(15M) 0.179ms
[33.042s][info][gc] GC(16594) Pause Young (Allocation Failure) 14M->10M(15M) 0.181ms
[33.042s][info][gc] GC(16595) Pause Young (Allocation Failure) 14M->10M(15M) 0.168ms
[33.043s][info][gc] GC(16596) Pause Young (Allocation Failure) 14M->10M(15M) 0.182ms
[33.044s][info][gc] GC(16597) Pause Young (Allocation Failure) 14M->10M(15M) 0.165ms
[33.045s][info][gc] GC(16598) Pause Young (Allocation Failure) 14M->10M(15M) 0.163ms
[33.046s][info][gc] GC(16599) Pause Young (Allocation Failure) 14M->10M(15M) 0.156ms
[33.046s][info][gc] GC(16600) Pause Young (Allocation Failure) 14M->10M(15M) 0.193ms
[33.047s][info][gc] GC(16601) Pause Young (Allocation Failure) 14M->10M(15M) 0.182ms
[33.048s][info][gc] GC(16602) Pause Young (Allocation Failure) 14M->10M(15M) 0.185ms
[33.049s][info][gc] GC(16603) Pause Young (Allocation Failure) 14M->10M(15M) 0.204ms
[33.049s][info][gc] GC(16604) Pause Young (Allocation Failure) 15M->15M(15M) 0.025ms
[33.057s][info][gc] GC(16605) Pause Full (Allocation Failure) 15M->7M(15M) 7.659ms
[33.058s][info][gc] GC(16606) Pause Young (Allocation Failure) 11M->7M(15M) 0.210ms
[33.059s][info][gc] GC(16607) Pause Young (Allocation Failure) 12M->7M(15M) 0.205ms
[33.060s][info][gc] GC(16608) Pause Young (Allocation Failure) 12M->7M(15M) 0.185ms
[33.061s][info][gc] GC(16609) Pause Young (Allocation Failure) 12M->7M(15M) 0.186ms
[33.061s][info][gc] GC(16610) Pause Young (Allocation Failure) 12M->8M(15M) 0.189ms
[33.062s][info][gc] GC(16611) Pause Young (Allocation Failure) 12M->7M(15M) 0.170ms
[33.063s][info][gc] GC(16612) Pause Young (Allocation Failure) 12M->8M(15M) 0.182ms
[33.064s][info][gc] GC(16613) Pause Young (Allocation Failure) 12M->7M(15M) 0.169ms
[33.065s][info][gc] GC(16614) Pause Young (Allocation Failure) 12M->8M(15M) 0.181ms
[33.065s][info][gc] GC(16615) Pause Young (Allocation Failure) 12M->7M(15M) 0.196ms
[33.066s][info][gc] GC(16616) Pause Young (Allocation Failure) 12M->7M(15M) 0.172ms
[33.067s][info][gc] GC(16617) Pause Young (Allocation Failure) 12M->7M(15M) 0.174ms
[33.068s][info][gc] GC(16618) Pause Young (Allocation Failure) 12M->8M(15M) 0.183ms
[33.069s][info][gc] GC(16619) Pause Young (Allocation Failure) 12M->8M(15M) 0.191ms
[33.070s][info][gc] GC(16620) Pause Young (Allocation Failure) 12M->7M(15M) 0.173ms
[33.070s][info][gc] GC(16621) Pause Young (Allocation Failure) 12M->8M(15M) 0.180ms
[33.071s][info][gc] GC(16622) Pause Young (Allocation Failure) 12M->8M(15M) 0.186ms
[33.072s][info][gc] GC(16623) Pause Young (Allocation Failure) 12M->8M(15M) 0.174ms
[33.073s][info][gc] GC(16624) Pause Young (Allocation Failure) 12M->7M(15M) 0.170ms
[33.073s][info][gc] GC(16625) Pause Young (Allocation Failure) 12M->7M(15M) 0.169ms
[33.074s][info][gc] GC(16626) Pause Young (Allocation Failure) 12M->8M(15M) 0.184ms
[33.075s][info][gc] GC(16627) Pause Young (Allocation Failure) 12M->8M(15M) 0.173ms
[33.076s][info][gc] GC(16628) Pause Young (Allocation Failure) 12M->8M(15M) 0.206ms
[33.076s][info][gc] GC(16629) Pause Young (Allocation Failure) 12M->8M(15M) 0.193ms
[33.077s][info][gc] GC(16630) Pause Young (Allocation Failure) 13M->8M(15M) 0.198ms
[33.078s][info][gc] GC(16631) Pause Young (Allocation Failure) 13M->8M(15M) 0.166ms
[33.079s][info][gc] GC(16632) Pause Young (Allocation Failure) 13M->8M(15M) 0.184ms
[33.080s][info][gc] GC(16633) Pause Young (Allocation Failure) 13M->8M(15M) 0.181ms
[33.081s][info][gc] GC(16634) Pause Young (Allocation Failure) 13M->8M(15M) 0.167ms
[33.081s][info][gc] GC(16635) Pause Young (Allocation Failure) 12M->8M(15M) 0.169ms
[33.082s][info][gc] GC(16636) Pause Young (Allocation Failure) 12M->8M(15M) 0.183ms
[33.083s][info][gc] GC(16637) Pause Young (Allocation Failure) 13M->8M(15M) 0.180ms
[33.084s][info][gc] GC(16638) Pause Young (Allocation Failure) 13M->8M(15M) 0.170ms
[33.084s][info][gc] GC(16639) Pause Young (Allocation Failure) 12M->8M(15M) 0.168ms
[33.085s][info][gc] GC(16640) Pause Young (Allocation Failure) 12M->8M(15M) 0.185ms
[33.086s][info][gc] GC(16641) Pause Young (Allocation Failure) 13M->9M(15M) 0.191ms
[33.087s][info][gc] GC(16642) Pause Young (Allocation Failure) 13M->9M(15M) 0.186ms
[33.088s][info][gc] GC(16643) Pause Young (Allocation Failure) 13M->8M(15M) 0.180ms
[33.088s][info][gc] GC(16644) Pause Young (Allocation Failure) 13M->9M(15M) 0.186ms
[33.089s][info][gc] GC(16645) Pause Young (Allocation Failure) 13M->8M(15M) 0.176ms
[33.090s][info][gc] GC(16646) Pause Young (Allocation Failure) 13M->9M(15M) 0.166ms
[33.091s][info][gc] GC(16647) Pause Young (Allocation Failure) 13M->9M(15M) 0.190ms
[33.092s][info][gc] GC(16648) Pause Young (Allocation Failure) 13M->9M(15M) 0.175ms
[33.092s][info][gc] GC(16649) Pause Young (Allocation Failure) 13M->9M(15M) 0.177ms
[33.093s][info][gc] GC(16650) Pause Young (Allocation Failure) 13M->9M(15M) 0.186ms
[33.094s][info][gc] GC(16651) Pause Young (Allocation Failure) 13M->9M(15M) 0.178ms
[33.095s][info][gc] GC(16652) Pause Young (Allocation Failure) 13M->9M(15M) 0.178ms
[33.096s][info][gc] GC(16653) Pause Young (Allocation Failure) 13M->9M(15M) 0.224ms
[33.096s][info][gc] GC(16654) Pause Young (Allocation Failure) 14M->10M(15M) 0.196ms
[33.097s][info][gc] GC(16655) Pause Young (Allocation Failure) 14M->9M(15M) 0.178ms
[33.098s][info][gc] GC(16656) Pause Young (Allocation Failure) 14M->9M(15M) 0.177ms
[33.099s][info][gc] GC(16657) Pause Young (Allocation Failure) 14M->9M(15M) 0.172ms
[33.100s][info][gc] GC(16658) Pause Young (Allocation Failure) 14M->10M(15M) 0.182ms
[33.100s][info][gc] GC(16659) Pause Young (Allocation Failure) 14M->9M(15M) 0.169ms
[33.101s][info][gc] GC(16660) Pause Young (Allocation Failure) 14M->9M(15M) 0.164ms
[33.102s][info][gc] GC(16661) Pause Young (Allocation Failure) 14M->9M(15M) 0.172ms
[33.103s][info][gc] GC(16662) Pause Young (Allocation Failure) 14M->9M(15M) 0.166ms
[33.103s][info][gc] GC(16663) Pause Young (Allocation Failure) 14M->9M(15M) 0.172ms
[33.104s][info][gc] GC(16664) Pause Young (Allocation Failure) 14M->9M(15M) 0.168ms
[33.105s][info][gc] GC(16665) Pause Young (Allocation Failure) 14M->10M(15M) 0.161ms
[33.106s][info][gc] GC(16666) Pause Young (Allocation Failure) 14M->10M(15M) 0.186ms
[33.106s][info][gc] GC(16667) Pause Young (Allocation Failure) 14M->10M(15M) 0.189ms
[33.107s][info][gc] GC(16668) Pause Young (Allocation Failure) 14M->10M(15M) 0.195ms
[33.108s][info][gc] GC(16669) Pause Young (Allocation Failure) 14M->10M(15M) 0.180ms
[33.109s][info][gc] GC(16670) Pause Young (Allocation Failure) 14M->10M(15M) 0.210ms
[33.110s][info][gc] GC(16671) Pause Young (Allocation Failure) 15M->15M(15M) 0.025ms
[33.118s][info][gc] GC(16672) Pause Full (Allocation Failure) 15M->6M(15M) 8.034ms
[33.119s][info][gc] GC(16673) Pause Young (Allocation Failure) 11M->7M(15M) 0.214ms
[33.119s][info][gc] GC(16674) Pause Young (Allocation Failure) 11M->7M(15M) 0.213ms
[33.120s][info][gc] GC(16675) Pause Young (Allocation Failure) 11M->7M(15M) 0.188ms
[33.121s][info][gc] GC(16676) Pause Young (Allocation Failure) 11M->7M(15M) 0.179ms
[33.122s][info][gc] GC(16677) Pause Young (Allocation Failure) 11M->7M(15M) 0.172ms
[33.123s][info][gc] GC(16678) Pause Young (Allocation Failure) 11M->7M(15M) 0.163ms
[33.123s][info][gc] GC(16679) Pause Young (Allocation Failure) 11M->7M(15M) 0.188ms
[33.124s][info][gc] GC(16680) Pause Young (Allocation Failure) 12M->7M(15M) 0.181ms
[33.125s][info][gc] GC(16681) Pause Young (Allocation Failure) 12M->8M(15M) 0.212ms
[33.126s][info][gc] GC(16682) Pause Young (Allocation Failure) 12M->8M(15M) 0.179ms
[33.127s][info][gc] GC(16683) Pause Young (Allocation Failure) 12M->8M(15M) 0.179ms
[33.128s][info][gc] GC(16684) Pause Young (Allocation Failure) 12M->7M(15M) 0.169ms
[33.128s][info][gc] GC(16685) Pause Young (Allocation Failure) 12M->7M(15M) 0.162ms
[33.129s][info][gc] GC(16686) Pause Young (Allocation Failure) 12M->8M(15M) 0.194ms
[33.130s][info][gc] GC(16687) Pause Young (Allocation Failure) 12M->8M(15M) 0.177ms
[33.131s][info][gc] GC(16688) Pause Young (Allocation Failure) 12M->7M(15M) 0.165ms
[33.132s][info][gc] GC(16689) Pause Young (Allocation Failure) 12M->8M(15M) 0.180ms
[33.133s][info][gc] GC(16690) Pause Young (Allocation Failure) 12M->7M(15M) 0.168ms
[33.133s][info][gc] GC(16691) Pause Young (Allocation Failure) 12M->8M(15M) 0.208ms
[33.134s][info][gc] GC(16692) Pause Young (Allocation Failure) 12M->8M(15M) 0.186ms
[33.135s][info][gc] GC(16693) Pause Young (Allocation Failure) 12M->8M(15M) 0.171ms
[33.136s][info][gc] GC(16694) Pause Young (Allocation Failure) 12M->8M(15M) 0.198ms
[33.137s][info][gc] GC(16695) Pause Young (Allocation Failure) 13M->8M(15M) 0.188ms
[33.137s][info][gc] GC(16696) Pause Young (Allocation Failure) 13M->9M(15M) 0.215ms
[33.138s][info][gc] GC(16697) Pause Young (Allocation Failure) 13M->9M(15M) 0.173ms
[33.139s][info][gc] GC(16698) Pause Young (Allocation Failure) 13M->9M(15M) 0.202ms
[33.140s][info][gc] GC(16699) Pause Young (Allocation Failure) 13M->9M(15M) 0.182ms
[33.141s][info][gc] GC(16700) Pause Young (Allocation Failure) 13M->9M(15M) 0.178ms
[33.141s][info][gc] GC(16701) Pause Young (Allocation Failure) 13M->10M(15M) 0.196ms
[33.142s][info][gc] GC(16702) Pause Young (Allocation Failure) 14M->10M(15M) 0.173ms
[33.143s][info][gc] GC(16703) Pause Young (Allocation Failure) 14M->10M(15M) 0.172ms
[33.144s][info][gc] GC(16704) Pause Young (Allocation Failure) 14M->10M(15M) 0.169ms
[33.145s][info][gc] GC(16705) Pause Young (Allocation Failure) 14M->10M(15M) 0.189ms
[33.145s][info][gc] GC(16706) Pause Young (Allocation Failure) 14M->10M(15M) 0.158ms
[33.146s][info][gc] GC(16707) Pause Young (Allocation Failure) 14M->14M(15M) 0.027ms
[33.154s][info][gc] GC(16708) Pause Full (Allocation Failure) 14M->7M(15M) 7.587ms
[33.155s][info][gc] GC(16709) Pause Young (Allocation Failure) 11M->7M(15M) 0.233ms
[33.155s][info][gc] GC(16710) Pause Young (Allocation Failure) 12M->8M(15M) 0.239ms
[33.156s][info][gc] GC(16711) Pause Young (Allocation Failure) 12M->8M(15M) 0.206ms
[33.157s][info][gc] GC(16712) Pause Young (Allocation Failure) 13M->8M(15M) 0.185ms
[33.158s][info][gc] GC(16713) Pause Young (Allocation Failure) 13M->8M(15M) 0.168ms
[33.159s][info][gc] GC(16714) Pause Young (Allocation Failure) 12M->8M(15M) 0.188ms
[33.160s][info][gc] GC(16715) Pause Young (Allocation Failure) 12M->8M(15M) 0.179ms
[33.160s][info][gc] GC(16716) Pause Young (Allocation Failure) 12M->8M(15M) 0.188ms
[33.161s][info][gc] GC(16717) Pause Young (Allocation Failure) 13M->8M(15M) 0.147ms
[33.162s][info][gc] GC(16718) Pause Young (Allocation Failure) 13M->8M(15M) 0.183ms
[33.163s][info][gc] GC(16719) Pause Young (Allocation Failure) 13M->8M(15M) 0.182ms
[33.164s][info][gc] GC(16720) Pause Young (Allocation Failure) 13M->8M(15M) 0.167ms
[33.165s][info][gc] GC(16721) Pause Young (Allocation Failure) 12M->8M(15M) 0.164ms
[33.165s][info][gc] GC(16722) Pause Young (Allocation Failure) 12M->8M(15M) 0.187ms
[33.166s][info][gc] GC(16723) Pause Young (Allocation Failure) 13M->8M(15M) 0.177ms
[33.167s][info][gc] GC(16724) Pause Young (Allocation Failure) 12M->8M(15M) 0.180ms
[33.168s][info][gc] GC(16725) Pause Young (Allocation Failure) 13M->9M(15M) 0.200ms
[33.168s][info][gc] GC(16726) Pause Young (Allocation Failure) 13M->8M(15M) 0.176ms
[33.169s][info][gc] GC(16727) Pause Young (Allocation Failure) 13M->9M(15M) 0.211ms
[33.170s][info][gc] GC(16728) Pause Young (Allocation Failure) 13M->9M(15M) 0.176ms
[33.171s][info][gc] GC(16729) Pause Young (Allocation Failure) 13M->9M(15M) 0.172ms
[33.172s][info][gc] GC(16730) Pause Young (Allocation Failure) 13M->9M(15M) 0.179ms
[33.172s][info][gc] GC(16731) Pause Young (Allocation Failure) 13M->9M(15M) 0.186ms
[33.173s][info][gc] GC(16732) Pause Young (Allocation Failure) 13M->9M(15M) 0.172ms
[33.174s][info][gc] GC(16733) Pause Young (Allocation Failure) 13M->9M(15M) 0.189ms
[33.175s][info][gc] GC(16734) Pause Young (Allocation Failure) 13M->9M(15M) 0.167ms
[33.175s][info][gc] GC(16735) Pause Young (Allocation Failure) 13M->9M(15M) 0.205ms
[33.176s][info][gc] GC(16736) Pause Young (Allocation Failure) 14M->9M(15M) 0.168ms
[33.177s][info][gc] GC(16737) Pause Young (Allocation Failure) 13M->10M(15M) 0.198ms
[33.178s][info][gc] GC(16738) Pause Young (Allocation Failure) 14M->10M(15M) 0.198ms
[33.179s][info][gc] GC(16739) Pause Young (Allocation Failure) 14M->9M(15M) 0.167ms
[33.180s][info][gc] GC(16740) Pause Young (Allocation Failure) 14M->9M(15M) 0.163ms
[33.180s][info][gc] GC(16741) Pause Young (Allocation Failure) 14M->10M(15M) 0.180ms
[33.181s][info][gc] GC(16742) Pause Young (Allocation Failure) 14M->10M(15M) 0.176ms
[33.182s][info][gc] GC(16743) Pause Young (Allocation Failure) 14M->10M(15M) 0.197ms
[33.183s][info][gc] GC(16744) Pause Young (Allocation Failure) 14M->10M(15M) 0.175ms
[33.184s][info][gc] GC(16745) Pause Young (Allocation Failure) 14M->10M(15M) 0.167ms
[33.184s][info][gc] GC(16746) Pause Young (Allocation Failure) 14M->10M(15M) 0.163ms
[33.185s][info][gc] GC(16747) Pause Young (Allocation Failure) 14M->10M(15M) 0.201ms
[33.186s][info][gc] GC(16748) Pause Young (Allocation Failure) 14M->10M(15M) 0.169ms
[33.187s][info][gc] GC(16749) Pause Young (Allocation Failure) 14M->10M(15M) 0.180ms
[33.187s][info][gc] GC(16750) Pause Young (Allocation Failure) 14M->10M(15M) 0.191ms
[33.188s][info][gc] GC(16751) Pause Young (Allocation Failure) 14M->10M(15M) 0.201ms
[33.189s][info][gc] GC(16752) Pause Young (Allocation Failure) 15M->15M(15M) 0.366ms
[33.197s][info][gc] GC(16753) Pause Full (Allocation Failure) 15M->8M(15M) 8.139ms
[33.198s][info][gc] GC(16754) Pause Young (Allocation Failure) 12M->8M(15M) 0.187ms
[33.199s][info][gc] GC(16755) Pause Young (Allocation Failure) 12M->8M(15M) 0.217ms
[33.200s][info][gc] GC(16756) Pause Young (Allocation Failure) 13M->8M(15M) 0.217ms
[33.201s][info][gc] GC(16757) Pause Young (Allocation Failure) 13M->9M(15M) 0.197ms
[33.202s][info][gc] GC(16758) Pause Young (Allocation Failure) 13M->9M(15M) 0.184ms
[33.202s][info][gc] GC(16759) Pause Young (Allocation Failure) 13M->9M(15M) 0.214ms
[33.203s][info][gc] GC(16760) Pause Young (Allocation Failure) 13M->10M(15M) 0.205ms
[33.204s][info][gc] GC(16761) Pause Young (Allocation Failure) 14M->10M(15M) 0.195ms
[33.205s][info][gc] GC(16762) Pause Young (Allocation Failure) 14M->9M(15M) 0.170ms
[33.206s][info][gc] GC(16763) Pause Young (Allocation Failure) 14M->9M(15M) 0.165ms
[33.206s][info][gc] GC(16764) Pause Young (Allocation Failure) 14M->10M(15M) 0.162ms
[33.207s][info][gc] GC(16765) Pause Young (Allocation Failure) 14M->10M(15M) 0.204ms
[33.208s][info][gc] GC(16766) Pause Young (Allocation Failure) 14M->10M(15M) 0.182ms
[33.209s][info][gc] GC(16767) Pause Young (Allocation Failure) 14M->10M(15M) 0.195ms
[33.210s][info][gc] GC(16768) Pause Young (Allocation Failure) 14M->10M(15M) 0.178ms
[33.210s][info][gc] GC(16769) Pause Young (Allocation Failure) 14M->10M(15M) 0.185ms
[33.211s][info][gc] GC(16770) Pause Young (Allocation Failure) 14M->10M(15M) 0.172ms
[33.212s][info][gc] GC(16771) Pause Young (Allocation Failure) 14M->11M(15M) 0.212ms
[33.213s][info][gc] GC(16772) Pause Young (Allocation Failure) 15M->15M(15M) 0.025ms
[33.220s][info][gc] GC(16773) Pause Full (Allocation Failure) 15M->7M(15M) 7.603ms
[33.221s][info][gc] GC(16774) Pause Young (Allocation Failure) 11M->8M(15M) 0.226ms
[33.222s][info][gc] GC(16775) Pause Young (Allocation Failure) 12M->8M(15M) 0.210ms
[33.223s][info][gc] GC(16776) Pause Young (Allocation Failure) 12M->7M(15M) 0.176ms
[33.224s][info][gc] GC(16777) Pause Young (Allocation Failure) 12M->8M(15M) 0.195ms
[33.225s][info][gc] GC(16778) Pause Young (Allocation Failure) 12M->8M(15M) 0.178ms
[33.225s][info][gc] GC(16779) Pause Young (Allocation Failure) 12M->8M(15M) 0.181ms
[33.226s][info][gc] GC(16780) Pause Young (Allocation Failure) 12M->8M(15M) 0.166ms
[33.227s][info][gc] GC(16781) Pause Young (Allocation Failure) 12M->8M(15M) 0.182ms
[33.228s][info][gc] GC(16782) Pause Young (Allocation Failure) 12M->8M(15M) 0.166ms
[33.228s][info][gc] GC(16783) Pause Young (Allocation Failure) 12M->8M(15M) 0.160ms
[33.229s][info][gc] GC(16784) Pause Young (Allocation Failure) 12M->8M(15M) 0.145ms
[33.230s][info][gc] GC(16785) Pause Young (Allocation Failure) 12M->8M(15M) 0.196ms
[33.231s][info][gc] GC(16786) Pause Young (Allocation Failure) 13M->8M(15M) 0.150ms
[33.231s][info][gc] GC(16787) Pause Young (Allocation Failure) 12M->8M(15M) 0.129ms
[33.232s][info][gc] GC(16788) Pause Young (Allocation Failure) 13M->8M(15M) 0.143ms
[33.233s][info][gc] GC(16789) Pause Young (Allocation Failure) 12M->9M(15M) 0.169ms
[33.234s][info][gc] GC(16790) Pause Young (Allocation Failure) 13M->9M(15M) 0.143ms
[33.234s][info][gc] GC(16791) Pause Young (Allocation Failure) 13M->9M(15M) 0.172ms
[33.235s][info][gc] GC(16792) Pause Young (Allocation Failure) 13M->9M(15M) 0.153ms
[33.236s][info][gc] GC(16793) Pause Young (Allocation Failure) 13M->9M(15M) 0.180ms
[33.237s][info][gc] GC(16794) Pause Young (Allocation Failure) 14M->9M(15M) 0.141ms
[33.237s][info][gc] GC(16795) Pause Young (Allocation Failure) 13M->10M(15M) 0.138ms
[33.238s][info][gc] GC(16796) Pause Young (Allocation Failure) 14M->10M(15M) 0.193ms
[33.239s][info][gc] GC(16797) Pause Young (Allocation Failure) 14M->10M(15M) 0.196ms
[33.240s][info][gc] GC(16798) Pause Young (Allocation Failure) 14M->10M(15M) 0.187ms
[33.241s][info][gc] GC(16799) Pause Young (Allocation Failure) 14M->10M(15M) 0.184ms
[33.242s][info][gc] GC(16800) Pause Young (Allocation Failure) 14M->10M(15M) 0.191ms
[33.242s][info][gc] GC(16801) Pause Young (Allocation Failure) 15M->15M(15M) 0.025ms
[33.250s][info][gc] GC(16802) Pause Full (Allocation Failure) 15M->7M(15M) 7.976ms
[33.251s][info][gc] GC(16803) Pause Young (Allocation Failure) 11M->7M(15M) 0.225ms
[33.252s][info][gc] GC(16804) Pause Young (Allocation Failure) 12M->7M(15M) 0.151ms
[33.253s][info][gc] GC(16805) Pause Young (Allocation Failure) 11M->7M(15M) 0.147ms
[33.254s][info][gc] GC(16806) Pause Young (Allocation Failure) 11M->8M(15M) 0.176ms
[33.254s][info][gc] GC(16807) Pause Young (Allocation Failure) 12M->7M(15M) 0.157ms
[33.255s][info][gc] GC(16808) Pause Young (Allocation Failure) 12M->7M(15M) 0.151ms
[33.256s][info][gc] GC(16809) Pause Young (Allocation Failure) 12M->7M(15M) 0.139ms
[33.257s][info][gc] GC(16810) Pause Young (Allocation Failure) 11M->7M(15M) 0.146ms
[33.257s][info][gc] GC(16811) Pause Young (Allocation Failure) 11M->7M(15M) 0.152ms
[33.258s][info][gc] GC(16812) Pause Young (Allocation Failure) 12M->7M(15M) 0.156ms
[33.259s][info][gc] GC(16813) Pause Young (Allocation Failure) 12M->8M(15M) 0.166ms
[33.260s][info][gc] GC(16814) Pause Young (Allocation Failure) 12M->7M(15M) 0.140ms
[33.261s][info][gc] GC(16815) Pause Young (Allocation Failure) 12M->8M(15M) 0.185ms
[33.261s][info][gc] GC(16816) Pause Young (Allocation Failure) 12M->9M(15M) 0.211ms
[33.262s][info][gc] GC(16817) Pause Young (Allocation Failure) 13M->8M(15M) 0.145ms
[33.263s][info][gc] GC(16818) Pause Young (Allocation Failure) 13M->9M(15M) 0.135ms
[33.264s][info][gc] GC(16819) Pause Young (Allocation Failure) 13M->9M(15M) 0.157ms
[33.265s][info][gc] GC(16820) Pause Young (Allocation Failure) 13M->9M(15M) 0.166ms
[33.265s][info][gc] GC(16821) Pause Young (Allocation Failure) 13M->9M(15M) 0.167ms
[33.266s][info][gc] GC(16822) Pause Young (Allocation Failure) 13M->9M(15M) 0.159ms
[33.267s][info][gc] GC(16823) Pause Young (Allocation Failure) 13M->10M(15M) 0.212ms
[33.268s][info][gc] GC(16824) Pause Young (Allocation Failure) 14M->9M(15M) 0.167ms
[33.269s][info][gc] GC(16825) Pause Young (Allocation Failure) 14M->10M(15M) 0.207ms
[33.269s][info][gc] GC(16826) Pause Young (Allocation Failure) 14M->10M(15M) 0.174ms
[33.270s][info][gc] GC(16827) Pause Young (Allocation Failure) 14M->10M(15M) 0.197ms
[33.271s][info][gc] GC(16828) Pause Young (Allocation Failure) 15M->15M(15M) 0.025ms
[33.279s][info][gc] GC(16829) Pause Full (Allocation Failure) 15M->7M(15M) 7.835ms
[33.280s][info][gc] GC(16830) Pause Young (Allocation Failure) 11M->8M(15M) 0.254ms
[33.281s][info][gc] GC(16831) Pause Young (Allocation Failure) 12M->8M(15M) 0.177ms
[33.282s][info][gc] GC(16832) Pause Young (Allocation Failure) 12M->8M(15M) 0.175ms
[33.282s][info][gc] GC(16833) Pause Young (Allocation Failure) 12M->8M(15M) 0.225ms
[33.283s][info][gc] GC(16834) Pause Young (Allocation Failure) 13M->8M(15M) 0.179ms
[33.284s][info][gc] GC(16835) Pause Young (Allocation Failure) 13M->8M(15M) 0.160ms
[33.285s][info][gc] GC(16836) Pause Young (Allocation Failure) 12M->8M(15M) 0.177ms
[33.286s][info][gc] GC(16837) Pause Young (Allocation Failure) 13M->8M(15M) 0.170ms
[33.287s][info][gc] GC(16838) Pause Young (Allocation Failure) 13M->9M(15M) 0.192ms
[33.288s][info][gc] GC(16839) Pause Young (Allocation Failure) 13M->9M(15M) 0.174ms
[33.288s][info][gc] GC(16840) Pause Young (Allocation Failure) 13M->9M(15M) 0.178ms
[33.289s][info][gc] GC(16841) Pause Young (Allocation Failure) 13M->8M(15M) 0.168ms
[33.290s][info][gc] GC(16842) Pause Young (Allocation Failure) 13M->9M(15M) 0.176ms
[33.291s][info][gc] GC(16843) Pause Young (Allocation Failure) 14M->9M(15M) 0.161ms
[33.292s][info][gc] GC(16844) Pause Young (Allocation Failure) 13M->9M(15M) 0.176ms
[33.293s][info][gc] GC(16845) Pause Young (Allocation Failure) 13M->9M(15M) 0.171ms
[33.294s][info][gc] GC(16846) Pause Young (Allocation Failure) 13M->9M(15M) 0.174ms
[33.294s][info][gc] GC(16847) Pause Young (Allocation Failure) 13M->9M(15M) 0.171ms
[33.295s][info][gc] GC(16848) Pause Young (Allocation Failure) 13M->9M(15M) 0.164ms
[33.296s][info][gc] GC(16849) Pause Young (Allocation Failure) 13M->9M(15M) 0.171ms
[33.297s][info][gc] GC(16850) Pause Young (Allocation Failure) 13M->9M(15M) 0.174ms
[33.298s][info][gc] GC(16851) Pause Young (Allocation Failure) 13M->9M(15M) 0.176ms
[33.299s][info][gc] GC(16852) Pause Young (Allocation Failure) 13M->9M(15M) 0.161ms
[33.299s][info][gc] GC(16853) Pause Young (Allocation Failure) 13M->9M(15M) 0.177ms
[33.300s][info][gc] GC(16854) Pause Young (Allocation Failure) 13M->9M(15M) 0.197ms
[33.301s][info][gc] GC(16855) Pause Young (Allocation Failure) 14M->9M(15M) 0.162ms
[33.302s][info][gc] GC(16856) Pause Young (Allocation Failure) 13M->10M(15M) 0.191ms
[33.303s][info][gc] GC(16857) Pause Young (Allocation Failure) 14M->10M(15M) 0.183ms
[33.303s][info][gc] GC(16858) Pause Young (Allocation Failure) 14M->10M(15M) 0.199ms
[33.304s][info][gc] GC(16859) Pause Young (Allocation Failure) 14M->10M(15M) 0.175ms
[33.305s][info][gc] GC(16860) Pause Young (Allocation Failure) 14M->10M(15M) 0.175ms
[33.306s][info][gc] GC(16861) Pause Young (Allocation Failure) 14M->10M(15M) 0.169ms
[33.307s][info][gc] GC(16862) Pause Young (Allocation Failure) 14M->10M(15M) 0.175ms
[33.308s][info][gc] GC(16863) Pause Young (Allocation Failure) 14M->10M(15M) 0.181ms
[33.309s][info][gc] GC(16864) Pause Young (Allocation Failure) 14M->10M(15M) 0.203ms
[33.309s][info][gc] GC(16865) Pause Young (Allocation Failure) 15M->15M(15M) 0.025ms
[33.317s][info][gc] GC(16866) Pause Full (Allocation Failure) 15M->8M(15M) 7.853ms
[33.318s][info][gc] GC(16867) Pause Young (Allocation Failure) 12M->9M(15M) 0.269ms
[33.319s][info][gc] GC(16868) Pause Young (Allocation Failure) 13M->8M(15M) 0.168ms
[33.320s][info][gc] GC(16869) Pause Young (Allocation Failure) 13M->9M(15M) 0.185ms
[33.321s][info][gc] GC(16870) Pause Young (Allocation Failure) 14M->9M(15M) 0.197ms
[33.322s][info][gc] GC(16871) Pause Young (Allocation Failure) 14M->9M(15M) 0.167ms
[33.322s][info][gc] GC(16872) Pause Young (Allocation Failure) 13M->10M(15M) 0.200ms
[33.323s][info][gc] GC(16873) Pause Young (Allocation Failure) 14M->10M(15M) 0.184ms
[33.324s][info][gc] GC(16874) Pause Young (Allocation Failure) 14M->9M(15M) 0.166ms
[33.325s][info][gc] GC(16875) Pause Young (Allocation Failure) 14M->10M(15M) 0.172ms
[33.326s][info][gc] GC(16876) Pause Young (Allocation Failure) 14M->10M(15M) 0.183ms
[33.326s][info][gc] GC(16877) Pause Young (Allocation Failure) 14M->9M(15M) 0.162ms
[33.327s][info][gc] GC(16878) Pause Young (Allocation Failure) 14M->9M(15M) 0.162ms
[33.328s][info][gc] GC(16879) Pause Young (Allocation Failure) 14M->10M(15M) 0.176ms
[33.329s][info][gc] GC(16880) Pause Young (Allocation Failure) 14M->10M(15M) 0.168ms
[33.330s][info][gc] GC(16881) Pause Young (Allocation Failure) 14M->9M(15M) 0.159ms
[33.331s][info][gc] GC(16882) Pause Young (Allocation Failure) 14M->10M(15M) 0.175ms
[33.331s][info][gc] GC(16883) Pause Young (Allocation Failure) 14M->10M(15M) 0.186ms
[33.332s][info][gc] GC(16884) Pause Young (Allocation Failure) 14M->10M(15M) 0.169ms
[33.333s][info][gc] GC(16885) Pause Young (Allocation Failure) 14M->10M(15M) 0.163ms
[33.334s][info][gc] GC(16886) Pause Young (Allocation Failure) 14M->10M(15M) 0.176ms
[33.335s][info][gc] GC(16887) Pause Young (Allocation Failure) 14M->10M(15M) 0.189ms
[33.336s][info][gc] GC(16888) Pause Young (Allocation Failure) 14M->10M(15M) 0.199ms
[33.336s][info][gc] GC(16889) Pause Young (Allocation Failure) 15M->15M(15M) 0.025ms
[33.344s][info][gc] GC(16890) Pause Full (Allocation Failure) 15M->7M(15M) 7.492ms
[33.345s][info][gc] GC(16891) Pause Young (Allocation Failure) 11M->7M(15M) 0.186ms
[33.346s][info][gc] GC(16892) Pause Young (Allocation Failure) 12M->8M(15M) 0.206ms
[33.347s][info][gc] GC(16893) Pause Young (Allocation Failure) 12M->7M(15M) 0.165ms
[33.348s][info][gc] GC(16894) Pause Young (Allocation Failure) 11M->8M(15M) 0.197ms
[33.348s][info][gc] GC(16895) Pause Young (Allocation Failure) 12M->8M(15M) 0.178ms
[33.349s][info][gc] GC(16896) Pause Young (Allocation Failure) 12M->8M(15M) 0.176ms
[33.350s][info][gc] GC(16897) Pause Young (Allocation Failure) 12M->7M(15M) 0.161ms
[33.351s][info][gc] GC(16898) Pause Young (Allocation Failure) 12M->8M(15M) 0.192ms
[33.352s][info][gc] GC(16899) Pause Young (Allocation Failure) 12M->8M(15M) 0.204ms
[33.353s][info][gc] GC(16900) Pause Young (Allocation Failure) 13M->8M(15M) 0.175ms
[33.354s][info][gc] GC(16901) Pause Young (Allocation Failure) 13M->9M(15M) 0.194ms
[33.354s][info][gc] GC(16902) Pause Young (Allocation Failure) 13M->9M(15M) 0.193ms
[33.355s][info][gc] GC(16903) Pause Young (Allocation Failure) 13M->9M(15M) 0.174ms
[33.356s][info][gc] GC(16904) Pause Young (Allocation Failure) 13M->8M(15M) 0.160ms
[33.357s][info][gc] GC(16905) Pause Young (Allocation Failure) 13M->9M(15M) 0.177ms
[33.357s][info][gc] GC(16906) Pause Young (Allocation Failure) 13M->9M(15M) 0.191ms
[33.358s][info][gc] GC(16907) Pause Young (Allocation Failure) 13M->9M(15M) 0.185ms
[33.359s][info][gc] GC(16908) Pause Young (Allocation Failure) 13M->9M(15M) 0.159ms
[33.360s][info][gc] GC(16909) Pause Young (Allocation Failure) 14M->9M(15M) 0.185ms
[33.361s][info][gc] GC(16910) Pause Young (Allocation Failure) 14M->9M(15M) 0.167ms
[33.361s][info][gc] GC(16911) Pause Young (Allocation Failure) 13M->9M(15M) 0.172ms
[33.362s][info][gc] GC(16912) Pause Young (Allocation Failure) 14M->9M(15M) 0.168ms
[33.363s][info][gc] GC(16913) Pause Young (Allocation Failure) 14M->9M(15M) 0.171ms
[33.364s][info][gc] GC(16914) Pause Young (Allocation Failure) 14M->9M(15M) 0.179ms
[33.365s][info][gc] GC(16915) Pause Young (Allocation Failure) 14M->10M(15M) 0.195ms
[33.366s][info][gc] GC(16916) Pause Young (Allocation Failure) 14M->10M(15M) 0.185ms
[33.367s][info][gc] GC(16917) Pause Young (Allocation Failure) 14M->10M(15M) 0.168ms
[33.368s][info][gc] GC(16918) Pause Young (Allocation Failure) 14M->10M(15M) 0.178ms
[33.368s][info][gc] GC(16919) Pause Young (Allocation Failure) 14M->10M(15M) 0.169ms
[33.369s][info][gc] GC(16920) Pause Young (Allocation Failure) 14M->10M(15M) 0.166ms
[33.370s][info][gc] GC(16921) Pause Young (Allocation Failure) 14M->10M(15M) 0.183ms
[33.371s][info][gc] GC(16922) Pause Young (Allocation Failure) 14M->9M(15M) 0.163ms
[33.372s][info][gc] GC(16923) Pause Young (Allocation Failure) 14M->10M(15M) 0.192ms
[33.373s][info][gc] GC(16924) Pause Young (Allocation Failure) 14M->10M(15M) 0.186ms
[33.374s][info][gc] GC(16925) Pause Young (Allocation Failure) 14M->10M(15M) 0.188ms
[33.374s][info][gc] GC(16926) Pause Young (Allocation Failure) 15M->10M(15M) 0.167ms
[33.375s][info][gc] GC(16927) Pause Young (Allocation Failure) 14M->10M(15M) 0.166ms
[33.376s][info][gc] GC(16928) Pause Young (Allocation Failure) 14M->10M(15M) 0.174ms
[33.377s][info][gc] GC(16929) Pause Young (Allocation Failure) 14M->10M(15M) 0.162ms
[33.378s][info][gc] GC(16930) Pause Young (Allocation Failure) 14M->10M(15M) 0.189ms
[33.378s][info][gc] GC(16931) Pause Young (Allocation Failure) 15M->15M(15M) 0.025ms
[33.387s][info][gc] GC(16932) Pause Full (Allocation Failure) 15M->6M(15M) 8.075ms
[33.388s][info][gc] GC(16933) Pause Young (Allocation Failure) 11M->7M(15M) 0.203ms
[33.388s][info][gc] GC(16934) Pause Young (Allocation Failure) 11M->7M(15M) 0.225ms
[33.389s][info][gc] GC(16935) Pause Young (Allocation Failure) 12M->8M(15M) 0.191ms
[33.390s][info][gc] GC(16936) Pause Young (Allocation Failure) 12M->7M(15M) 0.160ms
[33.391s][info][gc] GC(16937) Pause Young (Allocation Failure) 11M->7M(15M) 0.173ms
[33.392s][info][gc] GC(16938) Pause Young (Allocation Failure) 12M->7M(15M) 0.177ms
[33.393s][info][gc] GC(16939) Pause Young (Allocation Failure) 12M->8M(15M) 0.211ms
[33.393s][info][gc] GC(16940) Pause Young (Allocation Failure) 12M->8M(15M) 0.179ms
[33.394s][info][gc] GC(16941) Pause Young (Allocation Failure) 12M->8M(15M) 0.169ms
[33.395s][info][gc] GC(16942) Pause Young (Allocation Failure) 12M->8M(15M) 0.163ms
[33.396s][info][gc] GC(16943) Pause Young (Allocation Failure) 12M->8M(15M) 0.181ms
[33.397s][info][gc] GC(16944) Pause Young (Allocation Failure) 13M->8M(15M) 0.174ms
[33.398s][info][gc] GC(16945) Pause Young (Allocation Failure) 12M->8M(15M) 0.178ms
[33.398s][info][gc] GC(16946) Pause Young (Allocation Failure) 13M->9M(15M) 0.201ms
[33.399s][info][gc] GC(16947) Pause Young (Allocation Failure) 13M->8M(15M) 0.171ms
[33.400s][info][gc] GC(16948) Pause Young (Allocation Failure) 13M->9M(15M) 0.180ms
[33.401s][info][gc] GC(16949) Pause Young (Allocation Failure) 13M->8M(15M) 0.170ms
[33.402s][info][gc] GC(16950) Pause Young (Allocation Failure) 13M->8M(15M) 0.173ms
[33.403s][info][gc] GC(16951) Pause Young (Allocation Failure) 13M->8M(15M) 0.177ms
[33.403s][info][gc] GC(16952) Pause Young (Allocation Failure) 13M->9M(15M) 0.179ms
[33.404s][info][gc] GC(16953) Pause Young (Allocation Failure) 13M->9M(15M) 0.191ms
[33.405s][info][gc] GC(16954) Pause Young (Allocation Failure) 13M->9M(15M) 0.213ms
[33.406s][info][gc] GC(16955) Pause Young (Allocation Failure) 14M->9M(15M) 0.160ms
[33.407s][info][gc] GC(16956) Pause Young (Allocation Failure) 13M->9M(15M) 0.159ms
[33.408s][info][gc] GC(16957) Pause Young (Allocation Failure) 13M->9M(15M) 0.179ms
[33.408s][info][gc] GC(16958) Pause Young (Allocation Failure) 14M->9M(15M) 0.195ms
[33.409s][info][gc] GC(16959) Pause Young (Allocation Failure) 14M->9M(15M) 0.171ms
[33.410s][info][gc] GC(16960) Pause Young (Allocation Failure) 14M->9M(15M) 0.175ms
[33.411s][info][gc] GC(16961) Pause Young (Allocation Failure) 14M->9M(15M) 0.175ms
[33.412s][info][gc] GC(16962) Pause Young (Allocation Failure) 14M->10M(15M) 0.196ms
[33.413s][info][gc] GC(16963) Pause Young (Allocation Failure) 14M->9M(15M) 0.169ms
[33.413s][info][gc] GC(16964) Pause Young (Allocation Failure) 14M->10M(15M) 0.203ms
[33.414s][info][gc] GC(16965) Pause Young (Allocation Failure) 14M->10M(15M) 0.196ms
[33.415s][info][gc] GC(16966) Pause Young (Allocation Failure) 15M->15M(15M) 0.025ms
[33.422s][info][gc] GC(16967) Pause Full (Allocation Failure) 15M->7M(15M) 7.640ms
[33.423s][info][gc] GC(16968) Pause Young (Allocation Failure) 11M->7M(15M) 0.184ms
[33.424s][info][gc] GC(16969) Pause Young (Allocation Failure) 11M->7M(15M) 0.182ms
[33.425s][info][gc] GC(16970) Pause Young (Allocation Failure) 11M->7M(15M) 0.166ms
[33.426s][info][gc] GC(16971) Pause Young (Allocation Failure) 11M->7M(15M) 0.175ms
[33.427s][info][gc] GC(16972) Pause Young (Allocation Failure) 11M->7M(15M) 0.161ms
[33.428s][info][gc] GC(16973) Pause Young (Allocation Failure) 11M->7M(15M) 0.160ms
[33.428s][info][gc] GC(16974) Pause Young (Allocation Failure) 11M->7M(15M) 0.183ms
[33.429s][info][gc] GC(16975) Pause Young (Allocation Failure) 11M->7M(15M) 0.166ms
[33.430s][info][gc] GC(16976) Pause Young (Allocation Failure) 11M->7M(15M) 0.167ms
[33.431s][info][gc] GC(16977) Pause Young (Allocation Failure) 11M->7M(15M) 0.162ms
[33.432s][info][gc] GC(16978) Pause Young (Allocation Failure) 11M->7M(15M) 0.179ms
[33.433s][info][gc] GC(16979) Pause Young (Allocation Failure) 11M->7M(15M) 0.193ms
[33.433s][info][gc] GC(16980) Pause Young (Allocation Failure) 12M->7M(15M) 0.162ms
[33.434s][info][gc] GC(16981) Pause Young (Allocation Failure) 12M->8M(15M) 0.189ms
[33.435s][info][gc] GC(16982) Pause Young (Allocation Failure) 12M->7M(15M) 0.163ms
[33.436s][info][gc] GC(16983) Pause Young (Allocation Failure) 12M->8M(15M) 0.174ms
[33.437s][info][gc] GC(16984) Pause Young (Allocation Failure) 12M->8M(15M) 0.207ms
[33.437s][info][gc] GC(16985) Pause Young (Allocation Failure) 12M->8M(15M) 0.196ms
[33.438s][info][gc] GC(16986) Pause Young (Allocation Failure) 12M->8M(15M) 0.139ms
[33.439s][info][gc] GC(16987) Pause Young (Allocation Failure) 13M->8M(15M) 0.150ms
[33.440s][info][gc] GC(16988) Pause Young (Allocation Failure) 13M->8M(15M) 0.171ms
[33.441s][info][gc] GC(16989) Pause Young (Allocation Failure) 12M->8M(15M) 0.167ms
[33.442s][info][gc] GC(16990) Pause Young (Allocation Failure) 12M->8M(15M) 0.170ms
[33.442s][info][gc] GC(16991) Pause Young (Allocation Failure) 12M->8M(15M) 0.170ms
[33.443s][info][gc] GC(16992) Pause Young (Allocation Failure) 12M->8M(15M) 0.176ms
[33.444s][info][gc] GC(16993) Pause Young (Allocation Failure) 13M->8M(15M) 0.166ms
[33.445s][info][gc] GC(16994) Pause Young (Allocation Failure) 12M->9M(15M) 0.192ms
[33.445s][info][gc] GC(16995) Pause Young (Allocation Failure) 13M->8M(15M) 0.126ms
[33.446s][info][gc] GC(16996) Pause Young (Allocation Failure) 13M->9M(15M) 0.177ms
[33.447s][info][gc] GC(16997) Pause Young (Allocation Failure) 13M->9M(15M) 0.181ms
[33.448s][info][gc] GC(16998) Pause Young (Allocation Failure) 13M->8M(15M) 0.165ms
[33.449s][info][gc] GC(16999) Pause Young (Allocation Failure) 13M->9M(15M) 0.213ms
[33.450s][info][gc] GC(17000) Pause Young (Allocation Failure) 13M->9M(15M) 0.177ms
[33.451s][info][gc] GC(17001) Pause Young (Allocation Failure) 13M->9M(15M) 0.187ms
[33.452s][info][gc] GC(17002) Pause Young (Allocation Failure) 14M->9M(15M) 0.174ms
[33.452s][info][gc] GC(17003) Pause Young (Allocation Failure) 13M->9M(15M) 0.169ms
[33.453s][info][gc] GC(17004) Pause Young (Allocation Failure) 13M->9M(15M) 0.188ms
[33.454s][info][gc] GC(17005) Pause Young (Allocation Failure) 14M->9M(15M) 0.176ms
[33.455s][info][gc] GC(17006) Pause Young (Allocation Failure) 14M->9M(15M) 0.165ms
[33.456s][info][gc] GC(17007) Pause Young (Allocation Failure) 13M->9M(15M) 0.163ms
[33.457s][info][gc] GC(17008) Pause Young (Allocation Failure) 13M->10M(15M) 0.191ms
[33.457s][info][gc] GC(17009) Pause Young (Allocation Failure) 14M->9M(15M) 0.174ms
[33.458s][info][gc] GC(17010) Pause Young (Allocation Failure) 14M->9M(15M) 0.171ms
[33.459s][info][gc] GC(17011) Pause Young (Allocation Failure) 14M->9M(15M) 0.162ms
[33.460s][info][gc] GC(17012) Pause Young (Allocation Failure) 14M->10M(15M) 0.142ms
[33.461s][info][gc] GC(17013) Pause Young (Allocation Failure) 14M->10M(15M) 0.190ms
[33.461s][info][gc] GC(17014) Pause Young (Allocation Failure) 14M->10M(15M) 0.218ms
[33.462s][info][gc] GC(17015) Pause Young (Allocation Failure) 15M->15M(15M) 0.025ms
[33.470s][info][gc] GC(17016) Pause Full (Allocation Failure) 15M->7M(15M) 7.737ms
[33.471s][info][gc] GC(17017) Pause Young (Allocation Failure) 12M->8M(15M) 0.206ms
[33.472s][info][gc] GC(17018) Pause Young (Allocation Failure) 12M->8M(15M) 0.205ms
[33.473s][info][gc] GC(17019) Pause Young (Allocation Failure) 12M->8M(15M) 0.168ms
[33.473s][info][gc] GC(17020) Pause Young (Allocation Failure) 12M->8M(15M) 0.164ms
[33.474s][info][gc] GC(17021) Pause Young (Allocation Failure) 13M->9M(15M) 0.199ms
[33.475s][info][gc] GC(17022) Pause Young (Allocation Failure) 13M->9M(15M) 0.188ms
[33.476s][info][gc] GC(17023) Pause Young (Allocation Failure) 13M->8M(15M) 0.165ms
[33.477s][info][gc] GC(17024) Pause Young (Allocation Failure) 13M->9M(15M) 0.188ms
[33.477s][info][gc] GC(17025) Pause Young (Allocation Failure) 13M->9M(15M) 0.186ms
[33.478s][info][gc] GC(17026) Pause Young (Allocation Failure) 13M->9M(15M) 0.187ms
[33.479s][info][gc] GC(17027) Pause Young (Allocation Failure) 13M->9M(15M) 0.214ms
[33.480s][info][gc] GC(17028) Pause Young (Allocation Failure) 14M->9M(15M) 0.174ms
[33.481s][info][gc] GC(17029) Pause Young (Allocation Failure) 14M->10M(15M) 0.220ms
[33.481s][info][gc] GC(17030) Pause Young (Allocation Failure) 14M->10M(15M) 0.164ms
[33.482s][info][gc] GC(17031) Pause Young (Allocation Failure) 14M->10M(15M) 0.194ms
[33.483s][info][gc] GC(17032) Pause Young (Allocation Failure) 14M->10M(15M) 0.200ms
[33.484s][info][gc] GC(17033) Pause Young (Allocation Failure) 15M->15M(15M) 0.025ms
[33.492s][info][gc] GC(17034) Pause Full (Allocation Failure) 15M->7M(15M) 8.092ms
[33.493s][info][gc] GC(17035) Pause Young (Allocation Failure) 11M->8M(15M) 0.259ms
[33.494s][info][gc] GC(17036) Pause Young (Allocation Failure) 12M->8M(15M) 0.228ms
[33.495s][info][gc] GC(17037) Pause Young (Allocation Failure) 12M->8M(15M) 0.186ms
[33.496s][info][gc] GC(17038) Pause Young (Allocation Failure) 12M->8M(15M) 0.179ms
[33.497s][info][gc] GC(17039) Pause Young (Allocation Failure) 12M->8M(15M) 0.168ms
[33.498s][info][gc] GC(17040) Pause Young (Allocation Failure) 12M->8M(15M) 0.174ms
[33.498s][info][gc] GC(17041) Pause Young (Allocation Failure) 12M->8M(15M) 0.189ms
[33.499s][info][gc] GC(17042) Pause Young (Allocation Failure) 12M->8M(15M) 0.176ms
[33.500s][info][gc] GC(17043) Pause Young (Allocation Failure) 12M->8M(15M) 0.158ms
[33.501s][info][gc] GC(17044) Pause Young (Allocation Failure) 12M->8M(15M) 0.167ms
[33.502s][info][gc] GC(17045) Pause Young (Allocation Failure) 12M->8M(15M) 0.192ms
[33.503s][info][gc] GC(17046) Pause Young (Allocation Failure) 13M->8M(15M) 0.186ms
[33.504s][info][gc] GC(17047) Pause Young (Allocation Failure) 13M->9M(15M) 0.173ms
[33.505s][info][gc] GC(17048) Pause Young (Allocation Failure) 13M->9M(15M) 0.205ms
[33.505s][info][gc] GC(17049) Pause Young (Allocation Failure) 13M->9M(15M) 0.201ms
[33.506s][info][gc] GC(17050) Pause Young (Allocation Failure) 13M->9M(15M) 0.185ms
[33.507s][info][gc] GC(17051) Pause Young (Allocation Failure) 13M->9M(15M) 0.188ms
[33.508s][info][gc] GC(17052) Pause Young (Allocation Failure) 13M->9M(15M) 0.200ms
[33.509s][info][gc] GC(17053) Pause Young (Allocation Failure) 14M->9M(15M) 0.201ms
[33.510s][info][gc] GC(17054) Pause Young (Allocation Failure) 14M->9M(15M) 0.180ms
[33.511s][info][gc] GC(17055) Pause Young (Allocation Failure) 14M->10M(15M) 0.193ms
[33.512s][info][gc] GC(17056) Pause Young (Allocation Failure) 14M->9M(15M) 0.167ms
[33.512s][info][gc] GC(17057) Pause Young (Allocation Failure) 14M->10M(15M) 0.181ms
[33.513s][info][gc] GC(17058) Pause Young (Allocation Failure) 14M->9M(15M) 0.163ms
[33.514s][info][gc] GC(17059) Pause Young (Allocation Failure) 14M->10M(15M) 0.177ms
[33.515s][info][gc] GC(17060) Pause Young (Allocation Failure) 14M->10M(15M) 0.198ms
[33.516s][info][gc] GC(17061) Pause Young (Allocation Failure) 14M->10M(15M) 0.200ms
[33.517s][info][gc] GC(17062) Pause Young (Allocation Failure) 14M->10M(15M) 0.190ms
[33.517s][info][gc] GC(17063) Pause Young (Allocation Failure) 14M->10M(15M) 0.179ms
[33.518s][info][gc] GC(17064) Pause Young (Allocation Failure) 14M->10M(15M) 0.224ms
[33.519s][info][gc] GC(17065) Pause Young (Allocation Failure) 14M->10M(15M) 0.202ms
[33.520s][info][gc] GC(17066) Pause Young (Allocation Failure) 14M->10M(15M) 0.195ms
[33.521s][info][gc] GC(17067) Pause Young (Allocation Failure) 15M->10M(15M) 0.157ms
[33.522s][info][gc] GC(17068) Pause Young (Allocation Failure) 14M->15M(15M) 0.292ms
[33.530s][info][gc] GC(17069) Pause Full (Allocation Failure) 15M->7M(15M) 7.960ms
[33.531s][info][gc] GC(17070) Pause Young (Allocation Failure) 12M->8M(15M) 0.263ms
[33.532s][info][gc] GC(17071) Pause Young (Allocation Failure) 12M->8M(15M) 0.212ms
[33.533s][info][gc] GC(17072) Pause Young (Allocation Failure) 12M->8M(15M) 0.188ms
[33.534s][info][gc] GC(17073) Pause Young (Allocation Failure) 12M->8M(15M) 0.210ms
[33.535s][info][gc] GC(17074) Pause Young (Allocation Failure) 13M->8M(15M) 0.170ms
[33.536s][info][gc] GC(17075) Pause Young (Allocation Failure) 12M->8M(15M) 0.178ms
[33.536s][info][gc] GC(17076) Pause Young (Allocation Failure) 12M->9M(15M) 0.210ms
[33.537s][info][gc] GC(17077) Pause Young (Allocation Failure) 13M->9M(15M) 0.176ms
[33.538s][info][gc] GC(17078) Pause Young (Allocation Failure) 13M->9M(15M) 0.199ms
[33.539s][info][gc] GC(17079) Pause Young (Allocation Failure) 13M->9M(15M) 0.184ms
[33.540s][info][gc] GC(17080) Pause Young (Allocation Failure) 13M->9M(15M) 0.174ms
[33.540s][info][gc] GC(17081) Pause Young (Allocation Failure) 13M->9M(15M) 0.175ms
[33.541s][info][gc] GC(17082) Pause Young (Allocation Failure) 13M->9M(15M) 0.190ms
[33.542s][info][gc] GC(17083) Pause Young (Allocation Failure) 13M->9M(15M) 0.167ms
[33.543s][info][gc] GC(17084) Pause Young (Allocation Failure) 13M->9M(15M) 0.176ms
[33.544s][info][gc] GC(17085) Pause Young (Allocation Failure) 13M->9M(15M) 0.190ms
[33.544s][info][gc] GC(17086) Pause Young (Allocation Failure) 13M->9M(15M) 0.159ms
[33.545s][info][gc] GC(17087) Pause Young (Allocation Failure) 13M->9M(15M) 0.236ms
[33.546s][info][gc] GC(17088) Pause Young (Allocation Failure) 14M->9M(15M) 0.202ms
[33.547s][info][gc] GC(17089) Pause Young (Allocation Failure) 14M->10M(15M) 0.215ms
[33.548s][info][gc] GC(17090) Pause Young (Allocation Failure) 14M->10M(15M) 0.188ms
[33.549s][info][gc] GC(17091) Pause Young (Allocation Failure) 14M->10M(15M) 0.187ms
[33.550s][info][gc] GC(17092) Pause Young (Allocation Failure) 14M->10M(15M) 0.196ms
[33.551s][info][gc] GC(17093) Pause Young (Allocation Failure) 15M->15M(15M) 0.025ms
[33.559s][info][gc] GC(17094) Pause Full (Allocation Failure) 15M->6M(15M) 8.150ms
[33.560s][info][gc] GC(17095) Pause Young (Allocation Failure) 11M->7M(15M) 0.261ms
[33.561s][info][gc] GC(17096) Pause Young (Allocation Failure) 11M->7M(15M) 0.209ms
[33.562s][info][gc] GC(17097) Pause Young (Allocation Failure) 11M->7M(15M) 0.191ms
[33.562s][info][gc] GC(17098) Pause Young (Allocation Failure) 12M->7M(15M) 0.179ms
[33.563s][info][gc] GC(17099) Pause Young (Allocation Failure) 11M->7M(15M) 0.175ms
[33.564s][info][gc] GC(17100) Pause Young (Allocation Failure) 12M->7M(15M) 0.173ms
[33.565s][info][gc] GC(17101) Pause Young (Allocation Failure) 11M->8M(15M) 0.221ms
[33.566s][info][gc] GC(17102) Pause Young (Allocation Failure) 12M->8M(15M) 0.206ms
[33.567s][info][gc] GC(17103) Pause Young (Allocation Failure) 12M->8M(15M) 0.193ms
[33.568s][info][gc] GC(17104) Pause Young (Allocation Failure) 12M->8M(15M) 0.185ms
[33.569s][info][gc] GC(17105) Pause Young (Allocation Failure) 12M->8M(15M) 0.191ms
[33.569s][info][gc] GC(17106) Pause Young (Allocation Failure) 12M->8M(15M) 0.192ms
[33.570s][info][gc] GC(17107) Pause Young (Allocation Failure) 12M->8M(15M) 0.185ms
[33.571s][info][gc] GC(17108) Pause Young (Allocation Failure) 12M->8M(15M) 0.205ms
[33.572s][info][gc] GC(17109) Pause Young (Allocation Failure) 12M->8M(15M) 0.223ms
[33.573s][info][gc] GC(17110) Pause Young (Allocation Failure) 12M->8M(15M) 0.199ms
[33.574s][info][gc] GC(17111) Pause Young (Allocation Failure) 12M->8M(15M) 0.188ms
[33.575s][info][gc] GC(17112) Pause Young (Allocation Failure) 13M->8M(15M) 0.149ms
[33.575s][info][gc] GC(17113) Pause Young (Allocation Failure) 12M->9M(15M) 0.197ms
[33.576s][info][gc] GC(17114) Pause Young (Allocation Failure) 13M->9M(15M) 0.178ms
[33.577s][info][gc] GC(17115) Pause Young (Allocation Failure) 13M->9M(15M) 0.152ms
[33.578s][info][gc] GC(17116) Pause Young (Allocation Failure) 13M->9M(15M) 0.172ms
[33.579s][info][gc] GC(17117) Pause Young (Allocation Failure) 13M->9M(15M) 0.180ms
[33.580s][info][gc] GC(17118) Pause Young (Allocation Failure) 13M->9M(15M) 0.184ms
[33.580s][info][gc] GC(17119) Pause Young (Allocation Failure) 13M->9M(15M) 0.195ms
[33.581s][info][gc] GC(17120) Pause Young (Allocation Failure) 13M->9M(15M) 0.181ms
[33.582s][info][gc] GC(17121) Pause Young (Allocation Failure) 13M->9M(15M) 0.189ms
[33.583s][info][gc] GC(17122) Pause Young (Allocation Failure) 13M->9M(15M) 0.175ms
[33.584s][info][gc] GC(17123) Pause Young (Allocation Failure) 14M->9M(15M) 0.171ms
[33.584s][info][gc] GC(17124) Pause Young (Allocation Failure) 13M->9M(15M) 0.177ms
[33.585s][info][gc] GC(17125) Pause Young (Allocation Failure) 13M->10M(15M) 0.245ms
[33.586s][info][gc] GC(17126) Pause Young (Allocation Failure) 14M->10M(15M) 0.185ms
[33.587s][info][gc] GC(17127) Pause Young (Allocation Failure) 14M->9M(15M) 0.177ms
[33.588s][info][gc] GC(17128) Pause Young (Allocation Failure) 14M->9M(15M) 0.174ms
[33.589s][info][gc] GC(17129) Pause Young (Allocation Failure) 14M->9M(15M) 0.165ms
[33.589s][info][gc] GC(17130) Pause Young (Allocation Failure) 14M->10M(15M) 0.166ms
[33.590s][info][gc] GC(17131) Pause Young (Allocation Failure) 14M->9M(15M) 0.182ms
[33.591s][info][gc] GC(17132) Pause Young (Allocation Failure) 14M->10M(15M) 0.262ms
[33.592s][info][gc] GC(17133) Pause Young (Allocation Failure) 14M->14M(15M) 0.025ms
[33.600s][info][gc] GC(17134) Pause Full (Allocation Failure) 14M->7M(15M) 8.035ms
[33.601s][info][gc] GC(17135) Pause Young (Allocation Failure) 11M->7M(15M) 0.232ms
[33.602s][info][gc] GC(17136) Pause Young (Allocation Failure) 12M->8M(15M) 0.224ms
[33.603s][info][gc] GC(17137) Pause Young (Allocation Failure) 12M->8M(15M) 0.207ms
[33.604s][info][gc] GC(17138) Pause Young (Allocation Failure) 12M->8M(15M) 0.172ms
[33.604s][info][gc] GC(17139) Pause Young (Allocation Failure) 12M->8M(15M) 0.199ms
[33.605s][info][gc] GC(17140) Pause Young (Allocation Failure) 12M->8M(15M) 0.176ms
[33.606s][info][gc] GC(17141) Pause Young (Allocation Failure) 12M->8M(15M) 0.164ms
[33.607s][info][gc] GC(17142) Pause Young (Allocation Failure) 12M->8M(15M) 0.204ms
[33.608s][info][gc] GC(17143) Pause Young (Allocation Failure) 12M->8M(15M) 0.192ms
[33.609s][info][gc] GC(17144) Pause Young (Allocation Failure) 13M->8M(15M) 0.189ms
[33.610s][info][gc] GC(17145) Pause Young (Allocation Failure) 13M->8M(15M) 0.170ms
[33.611s][info][gc] GC(17146) Pause Young (Allocation Failure) 12M->8M(15M) 0.169ms
[33.611s][info][gc] GC(17147) Pause Young (Allocation Failure) 12M->8M(15M) 0.203ms
[33.612s][info][gc] GC(17148) Pause Young (Allocation Failure) 13M->8M(15M) 0.187ms
[33.613s][info][gc] GC(17149) Pause Young (Allocation Failure) 12M->8M(15M) 0.193ms
[33.614s][info][gc] GC(17150) Pause Young (Allocation Failure) 12M->8M(15M) 0.200ms
[33.615s][info][gc] GC(17151) Pause Young (Allocation Failure) 13M->9M(15M) 0.209ms
[33.616s][info][gc] GC(17152) Pause Young (Allocation Failure) 13M->9M(15M) 0.192ms
[33.617s][info][gc] GC(17153) Pause Young (Allocation Failure) 13M->9M(15M) 0.190ms
[33.618s][info][gc] GC(17154) Pause Young (Allocation Failure) 13M->9M(15M) 0.206ms
[33.618s][info][gc] GC(17155) Pause Young (Allocation Failure) 13M->9M(15M) 0.170ms
[33.619s][info][gc] GC(17156) Pause Young (Allocation Failure) 14M->9M(15M) 0.180ms
[33.620s][info][gc] GC(17157) Pause Young (Allocation Failure) 13M->9M(15M) 0.181ms
[33.621s][info][gc] GC(17158) Pause Young (Allocation Failure) 13M->9M(15M) 0.186ms
[33.622s][info][gc] GC(17159) Pause Young (Allocation Failure) 14M->9M(15M) 0.174ms
[33.623s][info][gc] GC(17160) Pause Young (Allocation Failure) 14M->9M(15M) 0.163ms
[33.623s][info][gc] GC(17161) Pause Young (Allocation Failure) 14M->10M(15M) 0.177ms
[33.624s][info][gc] GC(17162) Pause Young (Allocation Failure) 14M->9M(15M) 0.153ms
[33.625s][info][gc] GC(17163) Pause Young (Allocation Failure) 14M->10M(15M) 0.205ms
[33.626s][info][gc] GC(17164) Pause Young (Allocation Failure) 14M->10M(15M) 0.185ms
[33.627s][info][gc] GC(17165) Pause Young (Allocation Failure) 14M->9M(15M) 0.162ms
[33.628s][info][gc] GC(17166) Pause Young (Allocation Failure) 14M->9M(15M) 0.152ms
[33.628s][info][gc] GC(17167) Pause Young (Allocation Failure) 14M->10M(15M) 0.170ms
[33.629s][info][gc] GC(17168) Pause Young (Allocation Failure) 14M->10M(15M) 0.165ms
[33.630s][info][gc] GC(17169) Pause Young (Allocation Failure) 14M->9M(15M) 0.149ms
[33.631s][info][gc] GC(17170) Pause Young (Allocation Failure) 14M->9M(15M) 0.143ms
[33.631s][info][gc] GC(17171) Pause Young (Allocation Failure) 14M->9M(15M) 0.142ms
[33.632s][info][gc] GC(17172) Pause Young (Allocation Failure) 14M->10M(15M) 0.159ms
[33.633s][info][gc] GC(17173) Pause Young (Allocation Failure) 14M->9M(15M) 0.166ms
[33.634s][info][gc] GC(17174) Pause Young (Allocation Failure) 14M->10M(15M) 0.184ms
[33.635s][info][gc] GC(17175) Pause Young (Allocation Failure) 14M->10M(15M) 0.182ms
[33.635s][info][gc] GC(17176) Pause Young (Allocation Failure) 14M->10M(15M) 0.172ms
[33.636s][info][gc] GC(17177) Pause Young (Allocation Failure) 14M->10M(15M) 0.194ms
[33.637s][info][gc] GC(17178) Pause Young (Allocation Failure) 14M->10M(15M) 0.159ms
[33.638s][info][gc] GC(17179) Pause Young (Allocation Failure) 14M->10M(15M) 0.198ms
[33.639s][info][gc] GC(17180) Pause Young (Allocation Failure) 15M->10M(15M) 0.196ms
[33.640s][info][gc] GC(17181) Pause Young (Allocation Failure) 14M->10M(15M) 0.180ms
[33.640s][info][gc] GC(17182) Pause Young (Allocation Failure) 15M->15M(15M) 0.020ms
[33.648s][info][gc] GC(17183) Pause Full (Allocation Failure) 15M->7M(15M) 7.913ms
[33.649s][info][gc] GC(17184) Pause Young (Allocation Failure) 11M->7M(15M) 0.180ms
[33.650s][info][gc] GC(17185) Pause Young (Allocation Failure) 11M->7M(15M) 0.219ms
[33.651s][info][gc] GC(17186) Pause Young (Allocation Failure) 12M->7M(15M) 0.173ms
[33.652s][info][gc] GC(17187) Pause Young (Allocation Failure) 11M->8M(15M) 0.256ms
[33.653s][info][gc] GC(17188) Pause Young (Allocation Failure) 12M->8M(15M) 0.183ms
[33.654s][info][gc] GC(17189) Pause Young (Allocation Failure) 12M->9M(15M) 0.233ms
[33.654s][info][gc] GC(17190) Pause Young (Allocation Failure) 13M->9M(15M) 0.187ms
[33.655s][info][gc] GC(17191) Pause Young (Allocation Failure) 13M->9M(15M) 0.169ms
[33.656s][info][gc] GC(17192) Pause Young (Allocation Failure) 13M->9M(15M) 0.199ms
[33.657s][info][gc] GC(17193) Pause Young (Allocation Failure) 13M->10M(15M) 0.219ms
[33.658s][info][gc] GC(17194) Pause Young (Allocation Failure) 14M->10M(15M) 0.176ms
[33.659s][info][gc] GC(17195) Pause Young (Allocation Failure) 14M->10M(15M) 0.182ms
[33.659s][info][gc] GC(17196) Pause Young (Allocation Failure) 14M->10M(15M) 0.207ms
[33.660s][info][gc] GC(17197) Pause Young (Allocation Failure) 14M->14M(15M) 0.025ms
[33.668s][info][gc] GC(17198) Pause Full (Allocation Failure) 14M->7M(15M) 8.085ms
[33.669s][info][gc] GC(17199) Pause Young (Allocation Failure) 11M->7M(15M) 0.223ms
[33.670s][info][gc] GC(17200) Pause Young (Allocation Failure) 12M->7M(15M) 0.177ms
[33.671s][info][gc] GC(17201) Pause Young (Allocation Failure) 11M->8M(15M) 0.194ms
[33.672s][info][gc] GC(17202) Pause Young (Allocation Failure) 12M->8M(15M) 0.200ms
[33.673s][info][gc] GC(17203) Pause Young (Allocation Failure) 12M->8M(15M) 0.199ms
[33.673s][info][gc] GC(17204) Pause Young (Allocation Failure) 12M->8M(15M) 0.190ms
[33.674s][info][gc] GC(17205) Pause Young (Allocation Failure) 12M->8M(15M) 0.169ms
[33.675s][info][gc] GC(17206) Pause Young (Allocation Failure) 12M->8M(15M) 0.170ms
[33.676s][info][gc] GC(17207) Pause Young (Allocation Failure) 12M->8M(15M) 0.177ms
[33.677s][info][gc] GC(17208) Pause Young (Allocation Failure) 12M->8M(15M) 0.163ms
[33.678s][info][gc] GC(17209) Pause Young (Allocation Failure) 12M->8M(15M) 0.134ms
[33.679s][info][gc] GC(17210) Pause Young (Allocation Failure) 12M->8M(15M) 0.179ms
[33.680s][info][gc] GC(17211) Pause Young (Allocation Failure) 12M->8M(15M) 0.179ms
[33.680s][info][gc] GC(17212) Pause Young (Allocation Failure) 12M->8M(15M) 0.183ms
[33.681s][info][gc] GC(17213) Pause Young (Allocation Failure) 12M->8M(15M) 0.179ms
[33.682s][info][gc] GC(17214) Pause Young (Allocation Failure) 12M->8M(15M) 0.187ms
[33.683s][info][gc] GC(17215) Pause Young (Allocation Failure) 13M->8M(15M) 0.168ms
[33.684s][info][gc] GC(17216) Pause Young (Allocation Failure) 12M->9M(15M) 0.213ms
[33.685s][info][gc] GC(17217) Pause Young (Allocation Failure) 13M->8M(15M) 0.179ms
[33.686s][info][gc] GC(17218) Pause Young (Allocation Failure) 13M->8M(15M) 0.172ms
[33.686s][info][gc] GC(17219) Pause Young (Allocation Failure) 13M->9M(15M) 0.186ms
[33.687s][info][gc] GC(17220) Pause Young (Allocation Failure) 13M->8M(15M) 0.176ms
[33.688s][info][gc] GC(17221) Pause Young (Allocation Failure) 13M->9M(15M) 0.179ms
[33.689s][info][gc] GC(17222) Pause Young (Allocation Failure) 13M->8M(15M) 0.174ms
[33.690s][info][gc] GC(17223) Pause Young (Allocation Failure) 13M->8M(15M) 0.171ms
[33.691s][info][gc] GC(17224) Pause Young (Allocation Failure) 13M->9M(15M) 0.198ms
[33.692s][info][gc] GC(17225) Pause Young (Allocation Failure) 13M->9M(15M) 0.187ms
[33.693s][info][gc] GC(17226) Pause Young (Allocation Failure) 13M->9M(15M) 0.182ms
[33.693s][info][gc] GC(17227) Pause Young (Allocation Failure) 13M->9M(15M) 0.206ms
[33.694s][info][gc] GC(17228) Pause Young (Allocation Failure) 13M->9M(15M) 0.170ms
[33.695s][info][gc] GC(17229) Pause Young (Allocation Failure) 13M->9M(15M) 0.175ms
[33.696s][info][gc] GC(17230) Pause Young (Allocation Failure) 13M->9M(15M) 0.173ms
[33.697s][info][gc] GC(17231) Pause Young (Allocation Failure) 13M->9M(15M) 0.174ms
[33.698s][info][gc] GC(17232) Pause Young (Allocation Failure) 13M->9M(15M) 0.171ms
[33.698s][info][gc] GC(17233) Pause Young (Allocation Failure) 13M->9M(15M) 0.174ms
[33.699s][info][gc] GC(17234) Pause Young (Allocation Failure) 13M->9M(15M) 0.215ms
[33.700s][info][gc] GC(17235) Pause Young (Allocation Failure) 14M->9M(15M) 0.207ms
[33.701s][info][gc] GC(17236) Pause Young (Allocation Failure) 14M->10M(15M) 0.196ms
[33.702s][info][gc] GC(17237) Pause Young (Allocation Failure) 14M->10M(15M) 0.166ms
[33.702s][info][gc] GC(17238) Pause Young (Allocation Failure) 14M->10M(15M) 0.207ms
[33.703s][info][gc] GC(17239) Pause Young (Allocation Failure) 14M->10M(15M) 0.168ms
[33.704s][info][gc] GC(17240) Pause Young (Allocation Failure) 14M->10M(15M) 0.192ms
[33.705s][info][gc] GC(17241) Pause Young (Allocation Failure) 14M->10M(15M) 0.172ms
[33.706s][info][gc] GC(17242) Pause Young (Allocation Failure) 14M->10M(15M) 0.172ms
[33.707s][info][gc] GC(17243) Pause Young (Allocation Failure) 14M->10M(15M) 0.173ms
[33.708s][info][gc] GC(17244) Pause Young (Allocation Failure) 14M->10M(15M) 0.198ms
[33.709s][info][gc] GC(17245) Pause Young (Allocation Failure) 14M->10M(15M) 0.205ms
[33.709s][info][gc] GC(17246) Pause Young (Allocation Failure) 15M->15M(15M) 0.025ms
[33.717s][info][gc] GC(17247) Pause Full (Allocation Failure) 15M->7M(15M) 8.069ms
[33.718s][info][gc] GC(17248) Pause Young (Allocation Failure) 11M->7M(15M) 0.197ms
[33.719s][info][gc] GC(17249) Pause Young (Allocation Failure) 12M->8M(15M) 0.252ms
[33.720s][info][gc] GC(17250) Pause Young (Allocation Failure) 12M->7M(15M) 0.175ms
[33.721s][info][gc] GC(17251) Pause Young (Allocation Failure) 12M->8M(15M) 0.189ms
[33.722s][info][gc] GC(17252) Pause Young (Allocation Failure) 12M->8M(15M) 0.177ms
[33.723s][info][gc] GC(17253) Pause Young (Allocation Failure) 12M->7M(15M) 0.176ms
[33.724s][info][gc] GC(17254) Pause Young (Allocation Failure) 12M->7M(15M) 0.175ms
[33.724s][info][gc] GC(17255) Pause Young (Allocation Failure) 12M->7M(15M) 0.162ms
[33.725s][info][gc] GC(17256) Pause Young (Allocation Failure) 12M->8M(15M) 0.198ms
[33.726s][info][gc] GC(17257) Pause Young (Allocation Failure) 12M->8M(15M) 0.228ms
[33.727s][info][gc] GC(17258) Pause Young (Allocation Failure) 13M->9M(15M) 0.200ms
[33.728s][info][gc] GC(17259) Pause Young (Allocation Failure) 13M->9M(15M) 0.195ms
[33.729s][info][gc] GC(17260) Pause Young (Allocation Failure) 13M->9M(15M) 0.172ms
[33.729s][info][gc] GC(17261) Pause Young (Allocation Failure) 13M->9M(15M) 0.180ms
[33.730s][info][gc] GC(17262) Pause Young (Allocation Failure) 13M->9M(15M) 0.163ms
[33.731s][info][gc] GC(17263) Pause Young (Allocation Failure) 13M->9M(15M) 0.172ms
[33.732s][info][gc] GC(17264) Pause Young (Allocation Failure) 13M->9M(15M) 0.194ms
[33.733s][info][gc] GC(17265) Pause Young (Allocation Failure) 13M->9M(15M) 0.170ms
[33.734s][info][gc] GC(17266) Pause Young (Allocation Failure) 13M->9M(15M) 0.197ms
[33.735s][info][gc] GC(17267) Pause Young (Allocation Failure) 14M->9M(15M) 0.167ms
[33.735s][info][gc] GC(17268) Pause Young (Allocation Failure) 13M->9M(15M) 0.170ms
[33.736s][info][gc] GC(17269) Pause Young (Allocation Failure) 13M->9M(15M) 0.195ms
[33.737s][info][gc] GC(17270) Pause Young (Allocation Failure) 14M->9M(15M) 0.168ms
[33.738s][info][gc] GC(17271) Pause Young (Allocation Failure) 13M->10M(15M) 0.216ms
[33.739s][info][gc] GC(17272) Pause Young (Allocation Failure) 14M->9M(15M) 0.167ms
[33.740s][info][gc] GC(17273) Pause Young (Allocation Failure) 14M->10M(15M) 0.207ms
[33.740s][info][gc] GC(17274) Pause Young (Allocation Failure) 14M->10M(15M) 0.181ms
[33.741s][info][gc] GC(17275) Pause Young (Allocation Failure) 14M->10M(15M) 0.181ms
[33.742s][info][gc] GC(17276) Pause Young (Allocation Failure) 14M->10M(15M) 0.204ms
[33.743s][info][gc] GC(17277) Pause Young (Allocation Failure) 15M->15M(15M) 0.025ms
[33.751s][info][gc] GC(17278) Pause Full (Allocation Failure) 15M->6M(15M) 7.867ms
[33.752s][info][gc] GC(17279) Pause Young (Allocation Failure) 11M->7M(15M) 0.197ms
[33.753s][info][gc] GC(17280) Pause Young (Allocation Failure) 11M->7M(15M) 0.207ms
[33.753s][info][gc] GC(17281) Pause Young (Allocation Failure) 11M->7M(15M) 0.184ms
[33.754s][info][gc] GC(17282) Pause Young (Allocation Failure) 11M->7M(15M) 0.172ms
[33.755s][info][gc] GC(17283) Pause Young (Allocation Failure) 11M->7M(15M) 0.167ms
[33.756s][info][gc] GC(17284) Pause Young (Allocation Failure) 11M->7M(15M) 0.166ms
[33.757s][info][gc] GC(17285) Pause Young (Allocation Failure) 11M->8M(15M) 0.218ms
[33.758s][info][gc] GC(17286) Pause Young (Allocation Failure) 12M->7M(15M) 0.170ms
[33.758s][info][gc] GC(17287) Pause Young (Allocation Failure) 12M->8M(15M) 0.236ms
[33.759s][info][gc] GC(17288) Pause Young (Allocation Failure) 13M->8M(15M) 0.179ms
[33.760s][info][gc] GC(17289) Pause Young (Allocation Failure) 13M->9M(15M) 0.201ms
[33.761s][info][gc] GC(17290) Pause Young (Allocation Failure) 13M->9M(15M) 0.182ms
[33.762s][info][gc] GC(17291) Pause Young (Allocation Failure) 13M->8M(15M) 0.165ms
[33.763s][info][gc] GC(17292) Pause Young (Allocation Failure) 13M->9M(15M) 0.178ms
[33.764s][info][gc] GC(17293) Pause Young (Allocation Failure) 13M->9M(15M) 0.204ms
[33.764s][info][gc] GC(17294) Pause Young (Allocation Failure) 13M->9M(15M) 0.178ms
[33.765s][info][gc] GC(17295) Pause Young (Allocation Failure) 13M->9M(15M) 0.185ms
[33.766s][info][gc] GC(17296) Pause Young (Allocation Failure) 13M->9M(15M) 0.165ms
[33.767s][info][gc] GC(17297) Pause Young (Allocation Failure) 13M->9M(15M) 0.176ms
[33.768s][info][gc] GC(17298) Pause Young (Allocation Failure) 13M->9M(15M) 0.184ms
[33.769s][info][gc] GC(17299) Pause Young (Allocation Failure) 13M->9M(15M) 0.181ms
[33.769s][info][gc] GC(17300) Pause Young (Allocation Failure) 13M->9M(15M) 0.208ms
[33.770s][info][gc] GC(17301) Pause Young (Allocation Failure) 14M->10M(15M) 0.196ms
[33.771s][info][gc] GC(17302) Pause Young (Allocation Failure) 14M->9M(15M) 0.163ms
[33.772s][info][gc] GC(17303) Pause Young (Allocation Failure) 14M->10M(15M) 0.177ms
[33.773s][info][gc] GC(17304) Pause Young (Allocation Failure) 14M->10M(15M) 0.188ms
[33.773s][info][gc] GC(17305) Pause Young (Allocation Failure) 14M->14M(15M) 0.025ms
[33.781s][info][gc] GC(17306) Pause Full (Allocation Failure) 14M->8M(15M) 7.744ms
[33.782s][info][gc] GC(17307) Pause Young (Allocation Failure) 12M->8M(15M) 0.207ms
[33.783s][info][gc] GC(17308) Pause Young (Allocation Failure) 12M->8M(15M) 0.180ms
[33.784s][info][gc] GC(17309) Pause Young (Allocation Failure) 12M->8M(15M) 0.169ms
[33.785s][info][gc] GC(17310) Pause Young (Allocation Failure) 12M->8M(15M) 0.162ms
[33.785s][info][gc] GC(17311) Pause Young (Allocation Failure) 12M->8M(15M) 0.182ms
[33.786s][info][gc] GC(17312) Pause Young (Allocation Failure) 12M->8M(15M) 0.206ms
[33.787s][info][gc] GC(17313) Pause Young (Allocation Failure) 13M->8M(15M) 0.171ms
[33.788s][info][gc] GC(17314) Pause Young (Allocation Failure) 12M->8M(15M) 0.177ms
[33.789s][info][gc] GC(17315) Pause Young (Allocation Failure) 13M->8M(15M) 0.179ms
[33.790s][info][gc] GC(17316) Pause Young (Allocation Failure) 13M->8M(15M) 0.190ms
[33.791s][info][gc] GC(17317) Pause Young (Allocation Failure) 13M->8M(15M) 0.166ms
[33.792s][info][gc] GC(17318) Pause Young (Allocation Failure) 12M->9M(15M) 0.215ms
[33.792s][info][gc] GC(17319) Pause Young (Allocation Failure) 13M->9M(15M) 0.191ms
[33.793s][info][gc] GC(17320) Pause Young (Allocation Failure) 13M->9M(15M) 0.176ms
[33.794s][info][gc] GC(17321) Pause Young (Allocation Failure) 13M->9M(15M) 0.182ms
[33.795s][info][gc] GC(17322) Pause Young (Allocation Failure) 14M->9M(15M) 0.168ms
[33.796s][info][gc] GC(17323) Pause Young (Allocation Failure) 13M->9M(15M) 0.177ms
[33.796s][info][gc] GC(17324) Pause Young (Allocation Failure) 13M->9M(15M) 0.169ms
[33.797s][info][gc] GC(17325) Pause Young (Allocation Failure) 13M->10M(15M) 0.211ms
[33.798s][info][gc] GC(17326) Pause Young (Allocation Failure) 14M->10M(15M) 0.183ms
[33.799s][info][gc] GC(17327) Pause Young (Allocation Failure) 14M->9M(15M) 0.173ms
[33.800s][info][gc] GC(17328) Pause Young (Allocation Failure) 14M->10M(15M) 0.201ms
[33.801s][info][gc] GC(17329) Pause Young (Allocation Failure) 14M->9M(15M) 0.174ms
[33.801s][info][gc] GC(17330) Pause Young (Allocation Failure) 14M->10M(15M) 0.172ms
[33.802s][info][gc] GC(17331) Pause Young (Allocation Failure) 14M->10M(15M) 0.203ms
[33.803s][info][gc] GC(17332) Pause Young (Allocation Failure) 14M->10M(15M) 0.178ms
[33.804s][info][gc] GC(17333) Pause Young (Allocation Failure) 14M->10M(15M) 0.209ms
[33.805s][info][gc] GC(17334) Pause Young (Allocation Failure) 15M->15M(15M) 0.025ms
[33.813s][info][gc] GC(17335) Pause Full (Allocation Failure) 15M->7M(15M) 8.082ms
[33.814s][info][gc] GC(17336) Pause Young (Allocation Failure) 11M->8M(15M) 0.250ms
[33.815s][info][gc] GC(17337) Pause Young (Allocation Failure) 12M->8M(15M) 0.249ms
[33.816s][info][gc] GC(17338) Pause Young (Allocation Failure) 12M->8M(15M) 0.182ms
[33.816s][info][gc] GC(17339) Pause Young (Allocation Failure) 12M->8M(15M) 0.189ms
[33.817s][info][gc] GC(17340) Pause Young (Allocation Failure) 13M->8M(15M) 0.193ms
[33.818s][info][gc] GC(17341) Pause Young (Allocation Failure) 13M->9M(15M) 0.197ms
[33.819s][info][gc] GC(17342) Pause Young (Allocation Failure) 13M->9M(15M) 0.190ms
[33.820s][info][gc] GC(17343) Pause Young (Allocation Failure) 13M->9M(15M) 0.179ms
[33.821s][info][gc] GC(17344) Pause Young (Allocation Failure) 13M->9M(15M) 0.188ms
[33.821s][info][gc] GC(17345) Pause Young (Allocation Failure) 13M->9M(15M) 0.163ms
[33.822s][info][gc] GC(17346) Pause Young (Allocation Failure) 13M->9M(15M) 0.180ms
[33.823s][info][gc] GC(17347) Pause Young (Allocation Failure) 13M->9M(15M) 0.177ms
[33.824s][info][gc] GC(17348) Pause Young (Allocation Failure) 13M->9M(15M) 0.163ms
[33.825s][info][gc] GC(17349) Pause Young (Allocation Failure) 13M->9M(15M) 0.170ms
[33.826s][info][gc] GC(17350) Pause Young (Allocation Failure) 13M->9M(15M) 0.167ms
[33.826s][info][gc] GC(17351) Pause Young (Allocation Failure) 13M->9M(15M) 0.172ms
[33.827s][info][gc] GC(17352) Pause Young (Allocation Failure) 13M->9M(15M) 0.185ms
[33.828s][info][gc] GC(17353) Pause Young (Allocation Failure) 14M->9M(15M) 0.178ms
[33.829s][info][gc] GC(17354) Pause Young (Allocation Failure) 13M->9M(15M) 0.184ms
[33.830s][info][gc] GC(17355) Pause Young (Allocation Failure) 14M->10M(15M) 0.225ms
[33.831s][info][gc] GC(17356) Pause Young (Allocation Failure) 14M->10M(15M) 0.176ms
[33.831s][info][gc] GC(17357) Pause Young (Allocation Failure) 14M->10M(15M) 0.175ms
[33.832s][info][gc] GC(17358) Pause Young (Allocation Failure) 14M->10M(15M) 0.173ms
[33.833s][info][gc] GC(17359) Pause Young (Allocation Failure) 14M->10M(15M) 0.178ms
[33.834s][info][gc] GC(17360) Pause Young (Allocation Failure) 14M->10M(15M) 0.199ms
[33.835s][info][gc] GC(17361) Pause Young (Allocation Failure) 14M->10M(15M) 0.166ms
[33.835s][info][gc] GC(17362) Pause Young (Allocation Failure) 14M->10M(15M) 0.176ms
[33.836s][info][gc] GC(17363) Pause Young (Allocation Failure) 14M->10M(15M) 0.198ms
[33.837s][info][gc] GC(17364) Pause Young (Allocation Failure) 15M->15M(15M) 0.024ms
[33.845s][info][gc] GC(17365) Pause Full (Allocation Failure) 15M->7M(15M) 7.749ms
[33.846s][info][gc] GC(17366) Pause Young (Allocation Failure) 11M->7M(15M) 0.181ms
[33.846s][info][gc] GC(17367) Pause Young (Allocation Failure) 12M->7M(15M) 0.164ms
[33.847s][info][gc] GC(17368) Pause Young (Allocation Failure) 12M->7M(15M) 0.161ms
[33.848s][info][gc] GC(17369) Pause Young (Allocation Failure) 12M->7M(15M) 0.178ms
[33.849s][info][gc] GC(17370) Pause Young (Allocation Failure) 12M->8M(15M) 0.221ms
[33.849s][info][gc] GC(17371) Pause Young (Allocation Failure) 12M->8M(15M) 0.180ms
[33.850s][info][gc] GC(17372) Pause Young (Allocation Failure) 12M->8M(15M) 0.182ms
[33.851s][info][gc] GC(17373) Pause Young (Allocation Failure) 13M->9M(15M) 0.199ms
[33.852s][info][gc] GC(17374) Pause Young (Allocation Failure) 13M->8M(15M) 0.168ms
[33.853s][info][gc] GC(17375) Pause Young (Allocation Failure) 13M->8M(15M) 0.169ms
[33.853s][info][gc] GC(17376) Pause Young (Allocation Failure) 13M->8M(15M) 0.158ms
[33.854s][info][gc] GC(17377) Pause Young (Allocation Failure) 13M->8M(15M) 0.166ms
[33.855s][info][gc] GC(17378) Pause Young (Allocation Failure) 13M->9M(15M) 0.197ms
[33.856s][info][gc] GC(17379) Pause Young (Allocation Failure) 13M->9M(15M) 0.193ms
[33.857s][info][gc] GC(17380) Pause Young (Allocation Failure) 13M->9M(15M) 0.169ms
[33.857s][info][gc] GC(17381) Pause Young (Allocation Failure) 13M->9M(15M) 0.166ms
[33.858s][info][gc] GC(17382) Pause Young (Allocation Failure) 13M->9M(15M) 0.187ms
[33.859s][info][gc] GC(17383) Pause Young (Allocation Failure) 13M->9M(15M) 0.151ms
[33.860s][info][gc] GC(17384) Pause Young (Allocation Failure) 14M->9M(15M) 0.170ms
[33.861s][info][gc] GC(17385) Pause Young (Allocation Failure) 13M->9M(15M) 0.220ms
[33.861s][info][gc] GC(17386) Pause Young (Allocation Failure) 14M->9M(15M) 0.199ms
[33.862s][info][gc] GC(17387) Pause Young (Allocation Failure) 14M->9M(15M) 0.159ms
[33.863s][info][gc] GC(17388) Pause Young (Allocation Failure) 13M->10M(15M) 0.202ms
[33.864s][info][gc] GC(17389) Pause Young (Allocation Failure) 14M->10M(15M) 0.186ms
[33.865s][info][gc] GC(17390) Pause Young (Allocation Failure) 14M->10M(15M) 0.208ms
[33.866s][info][gc] GC(17391) Pause Young (Allocation Failure) 15M->10M(15M) 0.202ms
[33.866s][info][gc] GC(17392) Pause Young (Allocation Failure) 15M->15M(15M) 0.024ms
[33.874s][info][gc] GC(17393) Pause Full (Allocation Failure) 15M->7M(15M) 7.551ms
[33.875s][info][gc] GC(17394) Pause Young (Allocation Failure) 12M->7M(15M) 0.169ms
[33.876s][info][gc] GC(17395) Pause Young (Allocation Failure) 12M->8M(15M) 0.185ms
[33.877s][info][gc] GC(17396) Pause Young (Allocation Failure) 12M->8M(15M) 0.189ms
[33.877s][info][gc] GC(17397) Pause Young (Allocation Failure) 12M->8M(15M) 0.180ms
[33.879s][info][gc] GC(17398) Pause Young (Allocation Failure) 12M->8M(15M) 0.187ms
[33.879s][info][gc] GC(17399) Pause Young (Allocation Failure) 12M->8M(15M) 0.175ms
[33.880s][info][gc] GC(17400) Pause Young (Allocation Failure) 12M->8M(15M) 0.160ms
[33.881s][info][gc] GC(17401) Pause Young (Allocation Failure) 12M->8M(15M) 0.208ms
[33.882s][info][gc] GC(17402) Pause Young (Allocation Failure) 13M->8M(15M) 0.185ms
[33.882s][info][gc] GC(17403) Pause Young (Allocation Failure) 13M->8M(15M) 0.171ms
[33.883s][info][gc] GC(17404) Pause Young (Allocation Failure) 13M->8M(15M) 0.168ms
[33.884s][info][gc] GC(17405) Pause Young (Allocation Failure) 13M->8M(15M) 0.162ms
[33.885s][info][gc] GC(17406) Pause Young (Allocation Failure) 12M->8M(15M) 0.163ms
[33.885s][info][gc] GC(17407) Pause Young (Allocation Failure) 12M->9M(15M) 0.192ms
[33.886s][info][gc] GC(17408) Pause Young (Allocation Failure) 13M->9M(15M) 0.205ms
[33.887s][info][gc] GC(17409) Pause Young (Allocation Failure) 13M->9M(15M) 0.197ms
[33.888s][info][gc] GC(17410) Pause Young (Allocation Failure) 14M->9M(15M) 0.158ms
[33.888s][info][gc] GC(17411) Pause Young (Allocation Failure) 13M->9M(15M) 0.179ms
[33.889s][info][gc] GC(17412) Pause Young (Allocation Failure) 14M->10M(15M) 0.207ms
[33.890s][info][gc] GC(17413) Pause Young (Allocation Failure) 14M->10M(15M) 0.169ms
[33.891s][info][gc] GC(17414) Pause Young (Allocation Failure) 14M->10M(15M) 0.199ms
[33.892s][info][gc] GC(17415) Pause Young (Allocation Failure) 14M->10M(15M) 0.160ms
[33.893s][info][gc] GC(17416) Pause Young (Allocation Failure) 14M->10M(15M) 0.160ms
[33.894s][info][gc] GC(17417) Pause Young (Allocation Failure) 14M->10M(15M) 0.167ms
[33.894s][info][gc] GC(17418) Pause Young (Allocation Failure) 14M->10M(15M) 0.179ms
[33.895s][info][gc] GC(17419) Pause Young (Allocation Failure) 14M->10M(15M) 0.170ms
[33.896s][info][gc] GC(17420) Pause Young (Allocation Failure) 14M->10M(15M) 0.178ms
[33.897s][info][gc] GC(17421) Pause Young (Allocation Failure) 14M->10M(15M) 0.178ms
[33.898s][info][gc] GC(17422) Pause Young (Allocation Failure) 14M->10M(15M) 0.181ms
[33.899s][info][gc] GC(17423) Pause Young (Allocation Failure) 15M->10M(15M) 0.161ms
[33.899s][info][gc] GC(17424) Pause Young (Allocation Failure) 14M->10M(15M) 0.160ms
[33.900s][info][gc] GC(17425) Pause Young (Allocation Failure) 14M->10M(15M) 0.167ms
[33.901s][info][gc] GC(17426) Pause Young (Allocation Failure) 14M->10M(15M) 0.174ms
[33.902s][info][gc] GC(17427) Pause Young (Allocation Failure) 14M->10M(15M) 0.172ms
[33.903s][info][gc] GC(17428) Pause Young (Allocation Failure) 14M->15M(15M) 0.324ms
[33.911s][info][gc] GC(17429) Pause Full (Allocation Failure) 15M->8M(15M) 7.876ms
[33.912s][info][gc] GC(17430) Pause Young (Allocation Failure) 12M->8M(15M) 0.179ms
[33.913s][info][gc] GC(17431) Pause Young (Allocation Failure) 12M->8M(15M) 0.177ms
[33.913s][info][gc] GC(17432) Pause Young (Allocation Failure) 12M->8M(15M) 0.167ms
[33.914s][info][gc] GC(17433) Pause Young (Allocation Failure) 12M->8M(15M) 0.166ms
[33.915s][info][gc] GC(17434) Pause Young (Allocation Failure) 12M->8M(15M) 0.177ms
[33.916s][info][gc] GC(17435) Pause Young (Allocation Failure) 13M->8M(15M) 0.170ms
[33.917s][info][gc] GC(17436) Pause Young (Allocation Failure) 13M->9M(15M) 0.208ms
[33.918s][info][gc] GC(17437) Pause Young (Allocation Failure) 13M->9M(15M) 0.207ms
[33.919s][info][gc] GC(17438) Pause Young (Allocation Failure) 14M->9M(15M) 0.182ms
[33.919s][info][gc] GC(17439) Pause Young (Allocation Failure) 14M->9M(15M) 0.192ms
[33.920s][info][gc] GC(17440) Pause Young (Allocation Failure) 14M->10M(15M) 0.181ms
[33.921s][info][gc] GC(17441) Pause Young (Allocation Failure) 14M->9M(15M) 0.168ms
[33.922s][info][gc] GC(17442) Pause Young (Allocation Failure) 14M->10M(15M) 0.184ms
[33.923s][info][gc] GC(17443) Pause Young (Allocation Failure) 14M->10M(15M) 0.198ms
[33.924s][info][gc] GC(17444) Pause Young (Allocation Failure) 14M->9M(15M) 0.165ms
[33.924s][info][gc] GC(17445) Pause Young (Allocation Failure) 14M->9M(15M) 0.167ms
[33.925s][info][gc] GC(17446) Pause Young (Allocation Failure) 14M->10M(15M) 0.206ms
[33.926s][info][gc] GC(17447) Pause Young (Allocation Failure) 14M->10M(15M) 0.164ms
[33.927s][info][gc] GC(17448) Pause Young (Allocation Failure) 14M->10M(15M) 0.163ms
[33.928s][info][gc] GC(17449) Pause Young (Allocation Failure) 14M->10M(15M) 0.174ms
[33.928s][info][gc] GC(17450) Pause Young (Allocation Failure) 14M->10M(15M) 0.196ms
[33.929s][info][gc] GC(17451) Pause Young (Allocation Failure) 15M->15M(15M) 0.025ms
[33.937s][info][gc] GC(17452) Pause Full (Allocation Failure) 15M->7M(15M) 7.909ms
[33.938s][info][gc] GC(17453) Pause Young (Allocation Failure) 11M->7M(15M) 0.196ms
[33.939s][info][gc] GC(17454) Pause Young (Allocation Failure) 11M->7M(15M) 0.193ms
[33.940s][info][gc] GC(17455) Pause Young (Allocation Failure) 11M->7M(15M) 0.166ms
[33.941s][info][gc] GC(17456) Pause Young (Allocation Failure) 11M->7M(15M) 0.161ms
[33.942s][info][gc] GC(17457) Pause Young (Allocation Failure) 11M->7M(15M) 0.192ms
[33.943s][info][gc] GC(17458) Pause Young (Allocation Failure) 12M->8M(15M) 0.191ms
[33.943s][info][gc] GC(17459) Pause Young (Allocation Failure) 12M->8M(15M) 0.177ms
[33.944s][info][gc] GC(17460) Pause Young (Allocation Failure) 12M->8M(15M) 0.178ms
[33.945s][info][gc] GC(17461) Pause Young (Allocation Failure) 12M->7M(15M) 0.169ms
[33.946s][info][gc] GC(17462) Pause Young (Allocation Failure) 12M->8M(15M) 0.203ms
[33.947s][info][gc] GC(17463) Pause Young (Allocation Failure) 12M->8M(15M) 0.174ms
[33.948s][info][gc] GC(17464) Pause Young (Allocation Failure) 12M->8M(15M) 0.169ms
[33.948s][info][gc] GC(17465) Pause Young (Allocation Failure) 12M->8M(15M) 0.172ms
[33.949s][info][gc] GC(17466) Pause Young (Allocation Failure) 12M->8M(15M) 0.193ms
[33.950s][info][gc] GC(17467) Pause Young (Allocation Failure) 13M->8M(15M) 0.166ms
[33.951s][info][gc] GC(17468) Pause Young (Allocation Failure) 12M->9M(15M) 0.206ms
[33.952s][info][gc] GC(17469) Pause Young (Allocation Failure) 13M->8M(15M) 0.176ms
[33.953s][info][gc] GC(17470) Pause Young (Allocation Failure) 13M->8M(15M) 0.169ms
[33.953s][info][gc] GC(17471) Pause Young (Allocation Failure) 13M->8M(15M) 0.178ms
[33.954s][info][gc] GC(17472) Pause Young (Allocation Failure) 13M->9M(15M) 0.188ms
[33.955s][info][gc] GC(17473) Pause Young (Allocation Failure) 13M->9M(15M) 0.145ms
[33.956s][info][gc] GC(17474) Pause Young (Allocation Failure) 13M->8M(15M) 0.167ms
[33.957s][info][gc] GC(17475) Pause Young (Allocation Failure) 13M->9M(15M) 0.157ms
[33.958s][info][gc] GC(17476) Pause Young (Allocation Failure) 13M->8M(15M) 0.172ms
[33.958s][info][gc] GC(17477) Pause Young (Allocation Failure) 13M->9M(15M) 0.177ms
[33.959s][info][gc] GC(17478) Pause Young (Allocation Failure) 14M->10M(15M) 0.217ms
[33.960s][info][gc] GC(17479) Pause Young (Allocation Failure) 14M->10M(15M) 0.185ms
[33.961s][info][gc] GC(17480) Pause Young (Allocation Failure) 14M->10M(15M) 0.184ms
[33.962s][info][gc] GC(17481) Pause Young (Allocation Failure) 14M->10M(15M) 0.167ms
[33.963s][info][gc] GC(17482) Pause Young (Allocation Failure) 14M->10M(15M) 0.167ms
[33.964s][info][gc] GC(17483) Pause Young (Allocation Failure) 14M->10M(15M) 0.172ms
[33.964s][info][gc] GC(17484) Pause Young (Allocation Failure) 14M->10M(15M) 0.172ms
[33.965s][info][gc] GC(17485) Pause Young (Allocation Failure) 14M->10M(15M) 0.171ms
[33.966s][info][gc] GC(17486) Pause Young (Allocation Failure) 14M->10M(15M) 0.175ms
[33.967s][info][gc] GC(17487) Pause Young (Allocation Failure) 14M->10M(15M) 0.198ms
[33.967s][info][gc] GC(17488) Pause Young (Allocation Failure) 15M->15M(15M) 0.025ms
[33.976s][info][gc] GC(17489) Pause Full (Allocation Failure) 15M->7M(15M) 8.171ms
[33.977s][info][gc] GC(17490) Pause Young (Allocation Failure) 12M->8M(15M) 0.185ms
[33.977s][info][gc] GC(17491) Pause Young (Allocation Failure) 12M->8M(15M) 0.176ms
[33.978s][info][gc] GC(17492) Pause Young (Allocation Failure) 12M->8M(15M) 0.190ms
[33.979s][info][gc] GC(17493) Pause Young (Allocation Failure) 12M->8M(15M) 0.199ms
[33.980s][info][gc] GC(17494) Pause Young (Allocation Failure) 12M->8M(15M) 0.174ms
[33.981s][info][gc] GC(17495) Pause Young (Allocation Failure) 12M->8M(15M) 0.193ms
[33.982s][info][gc] GC(17496) Pause Young (Allocation Failure) 12M->8M(15M) 0.169ms
[33.983s][info][gc] GC(17497) Pause Young (Allocation Failure) 12M->8M(15M) 0.195ms
[33.984s][info][gc] GC(17498) Pause Young (Allocation Failure) 13M->8M(15M) 0.170ms
[33.984s][info][gc] GC(17499) Pause Young (Allocation Failure) 12M->8M(15M) 0.178ms
[33.985s][info][gc] GC(17500) Pause Young (Allocation Failure) 12M->9M(15M) 0.199ms
[33.986s][info][gc] GC(17501) Pause Young (Allocation Failure) 13M->8M(15M) 0.164ms
[33.987s][info][gc] GC(17502) Pause Young (Allocation Failure) 12M->8M(15M) 0.166ms
[33.987s][info][gc] GC(17503) Pause Young (Allocation Failure) 12M->9M(15M) 0.184ms
[33.988s][info][gc] GC(17504) Pause Young (Allocation Failure) 13M->8M(15M) 0.177ms
[33.989s][info][gc] GC(17505) Pause Young (Allocation Failure) 13M->8M(15M) 0.168ms
[33.990s][info][gc] GC(17506) Pause Young (Allocation Failure) 13M->9M(15M) 0.206ms
[33.991s][info][gc] GC(17507) Pause Young (Allocation Failure) 13M->9M(15M) 0.188ms
[33.992s][info][gc] GC(17508) Pause Young (Allocation Failure) 13M->9M(15M) 0.176ms
[33.992s][info][gc] GC(17509) Pause Young (Allocation Failure) 13M->9M(15M) 0.174ms
[33.993s][info][gc] GC(17510) Pause Young (Allocation Failure) 13M->9M(15M) 0.182ms
[33.994s][info][gc] GC(17511) Pause Young (Allocation Failure) 13M->9M(15M) 0.132ms
[33.995s][info][gc] GC(17512) Pause Young (Allocation Failure) 13M->9M(15M) 0.184ms
[33.996s][info][gc] GC(17513) Pause Young (Allocation Failure) 13M->9M(15M) 0.185ms
[33.996s][info][gc] GC(17514) Pause Young (Allocation Failure) 13M->9M(15M) 0.175ms
[33.997s][info][gc] GC(17515) Pause Young (Allocation Failure) 13M->9M(15M) 0.176ms
[33.998s][info][gc] GC(17516) Pause Young (Allocation Failure) 13M->9M(15M) 0.163ms
[33.999s][info][gc] GC(17517) Pause Young (Allocation Failure) 13M->9M(15M) 0.176ms
[34.000s][info][gc] GC(17518) Pause Young (Allocation Failure) 13M->9M(15M) 0.163ms
[34.001s][info][gc] GC(17519) Pause Young (Allocation Failure) 13M->9M(15M) 0.179ms
[34.002s][info][gc] GC(17520) Pause Young (Allocation Failure) 13M->9M(15M) 0.209ms
[34.002s][info][gc] GC(17521) Pause Young (Allocation Failure) 14M->9M(15M) 0.174ms
[34.003s][info][gc] GC(17522) Pause Young (Allocation Failure) 14M->10M(15M) 0.188ms
[34.004s][info][gc] GC(17523) Pause Young (Allocation Failure) 14M->9M(15M) 0.172ms
[34.005s][info][gc] GC(17524) Pause Young (Allocation Failure) 14M->9M(15M) 0.170ms
[34.006s][info][gc] GC(17525) Pause Young (Allocation Failure) 14M->9M(15M) 0.169ms
[34.007s][info][gc] GC(17526) Pause Young (Allocation Failure) 14M->9M(15M) 0.162ms
[34.008s][info][gc] GC(17527) Pause Young (Allocation Failure) 13M->9M(15M) 0.174ms
[34.008s][info][gc] GC(17528) Pause Young (Allocation Failure) 14M->9M(15M) 0.172ms
[34.009s][info][gc] GC(17529) Pause Young (Allocation Failure) 14M->9M(15M) 0.174ms
[34.010s][info][gc] GC(17530) Pause Young (Allocation Failure) 14M->10M(15M) 0.181ms
[34.011s][info][gc] GC(17531) Pause Young (Allocation Failure) 14M->9M(15M) 0.169ms
[34.012s][info][gc] GC(17532) Pause Young (Allocation Failure) 14M->9M(15M) 0.172ms
[34.012s][info][gc] GC(17533) Pause Young (Allocation Failure) 14M->10M(15M) 0.192ms
[34.013s][info][gc] GC(17534) Pause Young (Allocation Failure) 14M->9M(15M) 0.164ms
[34.014s][info][gc] GC(17535) Pause Young (Allocation Failure) 14M->10M(15M) 0.179ms
[34.015s][info][gc] GC(17536) Pause Young (Allocation Failure) 14M->10M(15M) 0.175ms
[34.016s][info][gc] GC(17537) Pause Young (Allocation Failure) 14M->10M(15M) 0.200ms
[34.017s][info][gc] GC(17538) Pause Young (Allocation Failure) 14M->11M(15M) 0.216ms
[34.017s][info][gc] GC(17539) Pause Young (Allocation Failure) 15M->15M(15M) 0.026ms
[34.025s][info][gc] GC(17540) Pause Full (Allocation Failure) 15M->7M(15M) 7.780ms
[34.026s][info][gc] GC(17541) Pause Young (Allocation Failure) 12M->8M(15M) 0.223ms
[34.027s][info][gc] GC(17542) Pause Young (Allocation Failure) 12M->8M(15M) 0.186ms
[34.028s][info][gc] GC(17543) Pause Young (Allocation Failure) 12M->8M(15M) 0.188ms
[34.029s][info][gc] GC(17544) Pause Young (Allocation Failure) 12M->9M(15M) 0.223ms
[34.030s][info][gc] GC(17545) Pause Young (Allocation Failure) 13M->8M(15M) 0.167ms
[34.030s][info][gc] GC(17546) Pause Young (Allocation Failure) 13M->8M(15M) 0.164ms
[34.031s][info][gc] GC(17547) Pause Young (Allocation Failure) 12M->8M(15M) 0.176ms
[34.032s][info][gc] GC(17548) Pause Young (Allocation Failure) 13M->8M(15M) 0.178ms
[34.033s][info][gc] GC(17549) Pause Young (Allocation Failure) 13M->8M(15M) 0.165ms
[34.034s][info][gc] GC(17550) Pause Young (Allocation Failure) 13M->8M(15M) 0.175ms
[34.034s][info][gc] GC(17551) Pause Young (Allocation Failure) 13M->9M(15M) 0.204ms
[34.035s][info][gc] GC(17552) Pause Young (Allocation Failure) 13M->9M(15M) 0.176ms
[34.036s][info][gc] GC(17553) Pause Young (Allocation Failure) 13M->9M(15M) 0.190ms
[34.037s][info][gc] GC(17554) Pause Young (Allocation Failure) 13M->9M(15M) 0.174ms
[34.038s][info][gc] GC(17555) Pause Young (Allocation Failure) 13M->9M(15M) 0.192ms
[34.039s][info][gc] GC(17556) Pause Young (Allocation Failure) 14M->9M(15M) 0.176ms
[34.040s][info][gc] GC(17557) Pause Young (Allocation Failure) 14M->9M(15M) 0.156ms
[34.040s][info][gc] GC(17558) Pause Young (Allocation Failure) 13M->9M(15M) 0.150ms
[34.041s][info][gc] GC(17559) Pause Young (Allocation Failure) 13M->9M(15M) 0.159ms
[34.042s][info][gc] GC(17560) Pause Young (Allocation Failure) 13M->9M(15M) 0.179ms
[34.043s][info][gc] GC(17561) Pause Young (Allocation Failure) 13M->9M(15M) 0.165ms
[34.044s][info][gc] GC(17562) Pause Young (Allocation Failure) 13M->9M(15M) 0.162ms
[34.044s][info][gc] GC(17563) Pause Young (Allocation Failure) 13M->10M(15M) 0.201ms
[34.045s][info][gc] GC(17564) Pause Young (Allocation Failure) 14M->9M(15M) 0.174ms
[34.046s][info][gc] GC(17565) Pause Young (Allocation Failure) 14M->10M(15M) 0.180ms
[34.047s][info][gc] GC(17566) Pause Young (Allocation Failure) 14M->9M(15M) 0.170ms
[34.048s][info][gc] GC(17567) Pause Young (Allocation Failure) 14M->9M(15M) 0.168ms
[34.049s][info][gc] GC(17568) Pause Young (Allocation Failure) 14M->9M(15M) 0.172ms
[34.049s][info][gc] GC(17569) Pause Young (Allocation Failure) 14M->10M(15M) 0.159ms
[34.050s][info][gc] GC(17570) Pause Young (Allocation Failure) 14M->10M(15M) 0.184ms
[34.051s][info][gc] GC(17571) Pause Young (Allocation Failure) 14M->10M(15M) 0.195ms
[34.052s][info][gc] GC(17572) Pause Young (Allocation Failure) 14M->10M(15M) 0.187ms
[34.053s][info][gc] GC(17573) Pause Young (Allocation Failure) 14M->10M(15M) 0.173ms
[34.054s][info][gc] GC(17574) Pause Young (Allocation Failure) 14M->10M(15M) 0.203ms
[34.055s][info][gc] GC(17575) Pause Young (Allocation Failure) 14M->10M(15M) 0.179ms
[34.055s][info][gc] GC(17576) Pause Young (Allocation Failure) 14M->10M(15M) 0.179ms
[34.056s][info][gc] GC(17577) Pause Young (Allocation Failure) 14M->10M(15M) 0.191ms
[34.057s][info][gc] GC(17578) Pause Young (Allocation Failure) 15M->10M(15M) 0.183ms
[34.058s][info][gc] GC(17579) Pause Young (Allocation Failure) 15M->10M(15M) 0.175ms
[34.059s][info][gc] GC(17580) Pause Young (Allocation Failure) 14M->10M(15M) 0.194ms
[34.059s][info][gc] GC(17581) Pause Young (Allocation Failure) 15M->15M(15M) 0.025ms
[34.068s][info][gc] GC(17582) Pause Full (Allocation Failure) 15M->7M(15M) 8.104ms
[34.068s][info][gc] GC(17583) Pause Young (Allocation Failure) 11M->8M(15M) 0.183ms
[34.069s][info][gc] GC(17584) Pause Young (Allocation Failure) 12M->7M(15M) 0.184ms
[34.070s][info][gc] GC(17585) Pause Young (Allocation Failure) 12M->8M(15M) 0.180ms
[34.071s][info][gc] GC(17586) Pause Young (Allocation Failure) 12M->7M(15M) 0.173ms
[34.072s][info][gc] GC(17587) Pause Young (Allocation Failure) 12M->7M(15M) 0.172ms
[34.073s][info][gc] GC(17588) Pause Young (Allocation Failure) 12M->8M(15M) 0.195ms
[34.074s][info][gc] GC(17589) Pause Young (Allocation Failure) 12M->8M(15M) 0.172ms
[34.074s][info][gc] GC(17590) Pause Young (Allocation Failure) 12M->8M(15M) 0.190ms
[34.075s][info][gc] GC(17591) Pause Young (Allocation Failure) 12M->8M(15M) 0.165ms
[34.076s][info][gc] GC(17592) Pause Young (Allocation Failure) 12M->8M(15M) 0.177ms
[34.077s][info][gc] GC(17593) Pause Young (Allocation Failure) 12M->8M(15M) 0.160ms
[34.078s][info][gc] GC(17594) Pause Young (Allocation Failure) 12M->8M(15M) 0.172ms
[34.079s][info][gc] GC(17595) Pause Young (Allocation Failure) 12M->8M(15M) 0.205ms
[34.079s][info][gc] GC(17596) Pause Young (Allocation Failure) 13M->8M(15M) 0.164ms
[34.080s][info][gc] GC(17597) Pause Young (Allocation Failure) 12M->8M(15M) 0.192ms
[34.081s][info][gc] GC(17598) Pause Young (Allocation Failure) 13M->8M(15M) 0.191ms
[34.082s][info][gc] GC(17599) Pause Young (Allocation Failure) 13M->9M(15M) 0.193ms
[34.083s][info][gc] GC(17600) Pause Young (Allocation Failure) 13M->9M(15M) 0.203ms
[34.084s][info][gc] GC(17601) Pause Young (Allocation Failure) 13M->9M(15M) 0.192ms
[34.085s][info][gc] GC(17602) Pause Young (Allocation Failure) 13M->10M(15M) 0.219ms
[34.086s][info][gc] GC(17603) Pause Young (Allocation Failure) 14M->10M(15M) 0.189ms
[34.086s][info][gc] GC(17604) Pause Young (Allocation Failure) 14M->10M(15M) 0.183ms
[34.087s][info][gc] GC(17605) Pause Young (Allocation Failure) 14M->10M(15M) 0.175ms
[34.088s][info][gc] GC(17606) Pause Young (Allocation Failure) 14M->10M(15M) 0.171ms
[34.089s][info][gc] GC(17607) Pause Young (Allocation Failure) 14M->10M(15M) 0.168ms
[34.090s][info][gc] GC(17608) Pause Young (Allocation Failure) 14M->10M(15M) 0.177ms
[34.090s][info][gc] GC(17609) Pause Young (Allocation Failure) 14M->10M(15M) 0.164ms
[34.091s][info][gc] GC(17610) Pause Young (Allocation Failure) 14M->10M(15M) 0.153ms
[34.092s][info][gc] GC(17611) Pause Young (Allocation Failure) 14M->10M(15M) 0.172ms
[34.093s][info][gc] GC(17612) Pause Young (Allocation Failure) 14M->10M(15M) 0.173ms
[34.094s][info][gc] GC(17613) Pause Young (Allocation Failure) 14M->10M(15M) 0.172ms
[34.094s][info][gc] GC(17614) Pause Young (Allocation Failure) 14M->10M(15M) 0.165ms
[34.095s][info][gc] GC(17615) Pause Young (Allocation Failure) 14M->10M(15M) 0.176ms
[34.096s][info][gc] GC(17616) Pause Young (Allocation Failure) 14M->10M(15M) 0.166ms
[34.097s][info][gc] GC(17617) Pause Young (Allocation Failure) 14M->10M(15M) 0.196ms
[34.098s][info][gc] GC(17618) Pause Young (Allocation Failure) 15M->10M(15M) 0.177ms
[34.099s][info][gc] GC(17619) Pause Young (Allocation Failure) 14M->10M(15M) 0.176ms
[34.099s][info][gc] GC(17620) Pause Young (Allocation Failure) 14M->11M(15M) 0.210ms
[34.107s][info][gc] GC(17621) Pause Full (Allocation Failure) 11M->7M(15M) 8.091ms
[34.108s][info][gc] GC(17622) Pause Young (Allocation Failure) 12M->8M(15M) 0.202ms
[34.109s][info][gc] GC(17623) Pause Young (Allocation Failure) 12M->8M(15M) 0.183ms
[34.110s][info][gc] GC(17624) Pause Young (Allocation Failure) 12M->8M(15M) 0.175ms
[34.111s][info][gc] GC(17625) Pause Young (Allocation Failure) 12M->8M(15M) 0.184ms
[34.112s][info][gc] GC(17626) Pause Young (Allocation Failure) 12M->8M(15M) 0.174ms
[34.112s][info][gc] GC(17627) Pause Young (Allocation Failure) 12M->7M(15M) 0.167ms
[34.113s][info][gc] GC(17628) Pause Young (Allocation Failure) 12M->7M(15M) 0.160ms
[34.114s][info][gc] GC(17629) Pause Young (Allocation Failure) 12M->8M(15M) 0.190ms
[34.115s][info][gc] GC(17630) Pause Young (Allocation Failure) 12M->8M(15M) 0.198ms
[34.116s][info][gc] GC(17631) Pause Young (Allocation Failure) 12M->8M(15M) 0.166ms
[34.117s][info][gc] GC(17632) Pause Young (Allocation Failure) 12M->8M(15M) 0.196ms
[34.117s][info][gc] GC(17633) Pause Young (Allocation Failure) 12M->8M(15M) 0.195ms
[34.118s][info][gc] GC(17634) Pause Young (Allocation Failure) 13M->8M(15M) 0.175ms
[34.119s][info][gc] GC(17635) Pause Young (Allocation Failure) 12M->8M(15M) 0.195ms
[34.120s][info][gc] GC(17636) Pause Young (Allocation Failure) 13M->8M(15M) 0.189ms
[34.121s][info][gc] GC(17637) Pause Young (Allocation Failure) 13M->8M(15M) 0.176ms
[34.122s][info][gc] GC(17638) Pause Young (Allocation Failure) 13M->8M(15M) 0.168ms
[34.122s][info][gc] GC(17639) Pause Young (Allocation Failure) 12M->8M(15M) 0.173ms
[34.123s][info][gc] GC(17640) Pause Young (Allocation Failure) 13M->8M(15M) 0.177ms
[34.124s][info][gc] GC(17641) Pause Young (Allocation Failure) 13M->8M(15M) 0.178ms
[34.125s][info][gc] GC(17642) Pause Young (Allocation Failure) 13M->8M(15M) 0.169ms
[34.126s][info][gc] GC(17643) Pause Young (Allocation Failure) 13M->8M(15M) 0.180ms
[34.127s][info][gc] GC(17644) Pause Young (Allocation Failure) 13M->8M(15M) 0.180ms
[34.128s][info][gc] GC(17645) Pause Young (Allocation Failure) 13M->9M(15M) 0.198ms
[34.129s][info][gc] GC(17646) Pause Young (Allocation Failure) 13M->9M(15M) 0.172ms
[34.130s][info][gc] GC(17647) Pause Young (Allocation Failure) 13M->9M(15M) 0.181ms
[34.130s][info][gc] GC(17648) Pause Young (Allocation Failure) 13M->9M(15M) 0.193ms
[34.131s][info][gc] GC(17649) Pause Young (Allocation Failure) 13M->9M(15M) 0.174ms
[34.132s][info][gc] GC(17650) Pause Young (Allocation Failure) 13M->9M(15M) 0.192ms
[34.133s][info][gc] GC(17651) Pause Young (Allocation Failure) 13M->9M(15M) 0.166ms
[34.134s][info][gc] GC(17652) Pause Young (Allocation Failure) 13M->10M(15M) 0.211ms
[34.135s][info][gc] GC(17653) Pause Young (Allocation Failure) 14M->10M(15M) 0.181ms
[34.135s][info][gc] GC(17654) Pause Young (Allocation Failure) 14M->9M(15M) 0.166ms
[34.136s][info][gc] GC(17655) Pause Young (Allocation Failure) 14M->10M(15M) 0.182ms
[34.137s][info][gc] GC(17656) Pause Young (Allocation Failure) 14M->9M(15M) 0.176ms
[34.138s][info][gc] GC(17657) Pause Young (Allocation Failure) 14M->10M(15M) 0.193ms
[34.139s][info][gc] GC(17658) Pause Young (Allocation Failure) 14M->9M(15M) 0.165ms
[34.140s][info][gc] GC(17659) Pause Young (Allocation Failure) 14M->10M(15M) 0.184ms
[34.141s][info][gc] GC(17660) Pause Young (Allocation Failure) 14M->9M(15M) 0.162ms
[34.141s][info][gc] GC(17661) Pause Young (Allocation Failure) 14M->10M(15M) 0.177ms
[34.142s][info][gc] GC(17662) Pause Young (Allocation Failure) 14M->10M(15M) 0.204ms
[34.143s][info][gc] GC(17663) Pause Young (Allocation Failure) 14M->10M(15M) 0.164ms
[34.144s][info][gc] GC(17664) Pause Young (Allocation Failure) 14M->10M(15M) 0.178ms
[34.145s][info][gc] GC(17665) Pause Young (Allocation Failure) 14M->10M(15M) 0.186ms
[34.146s][info][gc] GC(17666) Pause Young (Allocation Failure) 14M->10M(15M) 0.175ms
[34.146s][info][gc] GC(17667) Pause Young (Allocation Failure) 14M->10M(15M) 0.165ms
[34.147s][info][gc] GC(17668) Pause Young (Allocation Failure) 14M->10M(15M) 0.180ms
[34.148s][info][gc] GC(17669) Pause Young (Allocation Failure) 14M->10M(15M) 0.207ms
[34.149s][info][gc] GC(17670) Pause Young (Allocation Failure) 15M->15M(15M) 0.025ms
[34.157s][info][gc] GC(17671) Pause Full (Allocation Failure) 15M->8M(15M) 8.231ms
[34.158s][info][gc] GC(17672) Pause Young (Allocation Failure) 12M->8M(15M) 0.193ms
[34.159s][info][gc] GC(17673) Pause Young (Allocation Failure) 12M->8M(15M) 0.197ms
[34.160s][info][gc] GC(17674) Pause Young (Allocation Failure) 12M->9M(15M) 0.200ms
[34.160s][info][gc] GC(17675) Pause Young (Allocation Failure) 13M->9M(15M) 0.185ms
[34.161s][info][gc] GC(17676) Pause Young (Allocation Failure) 13M->9M(15M) 0.187ms
[34.162s][info][gc] GC(17677) Pause Young (Allocation Failure) 13M->8M(15M) 0.164ms
[34.163s][info][gc] GC(17678) Pause Young (Allocation Failure) 13M->9M(15M) 0.204ms
[34.164s][info][gc] GC(17679) Pause Young (Allocation Failure) 13M->9M(15M) 0.185ms
[34.165s][info][gc] GC(17680) Pause Young (Allocation Failure) 13M->9M(15M) 0.165ms
[34.166s][info][gc] GC(17681) Pause Young (Allocation Failure) 13M->9M(15M) 0.168ms
[34.166s][info][gc] GC(17682) Pause Young (Allocation Failure) 13M->10M(15M) 0.218ms
[34.167s][info][gc] GC(17683) Pause Young (Allocation Failure) 14M->10M(15M) 0.184ms
[34.168s][info][gc] GC(17684) Pause Young (Allocation Failure) 14M->10M(15M) 0.183ms
[34.169s][info][gc] GC(17685) Pause Young (Allocation Failure) 14M->10M(15M) 0.187ms
[34.170s][info][gc] GC(17686) Pause Young (Allocation Failure) 14M->10M(15M) 0.204ms
[34.171s][info][gc] GC(17687) Pause Young (Allocation Failure) 14M->10M(15M) 0.190ms
[34.171s][info][gc] GC(17688) Pause Young (Allocation Failure) 15M->15M(15M) 0.025ms
[34.179s][info][gc] GC(17689) Pause Full (Allocation Failure) 15M->7M(15M) 7.997ms
[34.180s][info][gc] GC(17690) Pause Young (Allocation Failure) 12M->8M(15M) 0.188ms
[34.181s][info][gc] GC(17691) Pause Young (Allocation Failure) 12M->8M(15M) 0.209ms
[34.182s][info][gc] GC(17692) Pause Young (Allocation Failure) 12M->8M(15M) 0.174ms
[34.183s][info][gc] GC(17693) Pause Young (Allocation Failure) 12M->8M(15M) 0.179ms
[34.184s][info][gc] GC(17694) Pause Young (Allocation Failure) 12M->9M(15M) 0.252ms
[34.185s][info][gc] GC(17695) Pause Young (Allocation Failure) 13M->9M(15M) 0.186ms
[34.185s][info][gc] GC(17696) Pause Young (Allocation Failure) 13M->9M(15M) 0.175ms
[34.186s][info][gc] GC(17697) Pause Young (Allocation Failure) 13M->9M(15M) 0.220ms
[34.187s][info][gc] GC(17698) Pause Young (Allocation Failure) 14M->10M(15M) 0.197ms
[34.188s][info][gc] GC(17699) Pause Young (Allocation Failure) 14M->10M(15M) 0.197ms
[34.189s][info][gc] GC(17700) Pause Young (Allocation Failure) 14M->10M(15M) 0.182ms
[34.190s][info][gc] GC(17701) Pause Young (Allocation Failure) 14M->10M(15M) 0.176ms
[34.191s][info][gc] GC(17702) Pause Young (Allocation Failure) 14M->10M(15M) 0.170ms
[34.191s][info][gc] GC(17703) Pause Young (Allocation Failure) 14M->10M(15M) 0.171ms
[34.192s][info][gc] GC(17704) Pause Young (Allocation Failure) 14M->10M(15M) 0.217ms
[34.193s][info][gc] GC(17705) Pause Young (Allocation Failure) 15M->15M(15M) 0.025ms
[34.201s][info][gc] GC(17706) Pause Full (Allocation Failure) 15M->7M(15M) 8.085ms
[34.202s][info][gc] GC(17707) Pause Young (Allocation Failure) 12M->8M(15M) 0.212ms
[34.203s][info][gc] GC(17708) Pause Young (Allocation Failure) 12M->8M(15M) 0.210ms
[34.204s][info][gc] GC(17709) Pause Young (Allocation Failure) 13M->9M(15M) 0.208ms
[34.204s][info][gc] GC(17710) Pause Young (Allocation Failure) 13M->9M(15M) 0.141ms
[34.205s][info][gc] GC(17711) Pause Young (Allocation Failure) 13M->9M(15M) 0.203ms
[34.206s][info][gc] GC(17712) Pause Young (Allocation Failure) 14M->9M(15M) 0.171ms
[34.207s][info][gc] GC(17713) Pause Young (Allocation Failure) 13M->9M(15M) 0.168ms
[34.208s][info][gc] GC(17714) Pause Young (Allocation Failure) 13M->9M(15M) 0.199ms
[34.209s][info][gc] GC(17715) Pause Young (Allocation Failure) 14M->9M(15M) 0.210ms
[34.210s][info][gc] GC(17716) Pause Young (Allocation Failure) 14M->9M(15M) 0.178ms
[34.211s][info][gc] GC(17717) Pause Young (Allocation Failure) 14M->9M(15M) 0.172ms
[34.211s][info][gc] GC(17718) Pause Young (Allocation Failure) 14M->9M(15M) 0.168ms
[34.212s][info][gc] GC(17719) Pause Young (Allocation Failure) 13M->9M(15M) 0.186ms
[34.213s][info][gc] GC(17720) Pause Young (Allocation Failure) 14M->9M(15M) 0.183ms
[34.214s][info][gc] GC(17721) Pause Young (Allocation Failure) 14M->9M(15M) 0.165ms
[34.215s][info][gc] GC(17722) Pause Young (Allocation Failure) 13M->10M(15M) 0.208ms
[34.216s][info][gc] GC(17723) Pause Young (Allocation Failure) 14M->10M(15M) 0.178ms
[34.216s][info][gc] GC(17724) Pause Young (Allocation Failure) 14M->10M(15M) 0.182ms
[34.217s][info][gc] GC(17725) Pause Young (Allocation Failure) 14M->10M(15M) 0.196ms
[34.218s][info][gc] GC(17726) Pause Young (Allocation Failure) 14M->10M(15M) 0.191ms
[34.219s][info][gc] GC(17727) Pause Young (Allocation Failure) 15M->15M(15M) 0.024ms
[34.227s][info][gc] GC(17728) Pause Full (Allocation Failure) 15M->7M(15M) 8.361ms
[34.228s][info][gc] GC(17729) Pause Young (Allocation Failure) 11M->7M(15M) 0.186ms
[34.229s][info][gc] GC(17730) Pause Young (Allocation Failure) 12M->8M(15M) 0.190ms
[34.230s][info][gc] GC(17731) Pause Young (Allocation Failure) 12M->7M(15M) 0.183ms
[34.231s][info][gc] GC(17732) Pause Young (Allocation Failure) 12M->8M(15M) 0.193ms
[34.232s][info][gc] GC(17733) Pause Young (Allocation Failure) 12M->8M(15M) 0.195ms
[34.232s][info][gc] GC(17734) Pause Young (Allocation Failure) 12M->8M(15M) 0.165ms
[34.233s][info][gc] GC(17735) Pause Young (Allocation Failure) 12M->8M(15M) 0.183ms
[34.234s][info][gc] GC(17736) Pause Young (Allocation Failure) 12M->8M(15M) 0.159ms
[34.235s][info][gc] GC(17737) Pause Young (Allocation Failure) 12M->8M(15M) 0.169ms
[34.236s][info][gc] GC(17738) Pause Young (Allocation Failure) 12M->8M(15M) 0.185ms
[34.236s][info][gc] GC(17739) Pause Young (Allocation Failure) 13M->9M(15M) 0.204ms
[34.237s][info][gc] GC(17740) Pause Young (Allocation Failure) 13M->9M(15M) 0.174ms
[34.238s][info][gc] GC(17741) Pause Young (Allocation Failure) 13M->8M(15M) 0.206ms
[34.239s][info][gc] GC(17742) Pause Young (Allocation Failure) 13M->9M(15M) 0.179ms
[34.240s][info][gc] GC(17743) Pause Young (Allocation Failure) 13M->8M(15M) 0.211ms
[34.241s][info][gc] GC(17744) Pause Young (Allocation Failure) 13M->8M(15M) 0.170ms
[34.242s][info][gc] GC(17745) Pause Young (Allocation Failure) 13M->9M(15M) 0.126ms
[34.245s][info][gc] GC(17746) Pause Young (Allocation Failure) 13M->8M(15M) 0.210ms
[34.246s][info][gc] GC(17747) Pause Young (Allocation Failure) 13M->8M(15M) 0.161ms
[34.247s][info][gc] GC(17748) Pause Young (Allocation Failure) 13M->9M(15M) 0.166ms
[34.247s][info][gc] GC(17749) Pause Young (Allocation Failure) 13M->9M(15M) 0.170ms
[34.248s][info][gc] GC(17750) Pause Young (Allocation Failure) 13M->9M(15M) 0.197ms
[34.249s][info][gc] GC(17751) Pause Young (Allocation Failure) 13M->9M(15M) 0.178ms
[34.250s][info][gc] GC(17752) Pause Young (Allocation Failure) 13M->9M(15M) 0.176ms
[34.251s][info][gc] GC(17753) Pause Young (Allocation Failure) 13M->9M(15M) 0.180ms
[34.252s][info][gc] GC(17754) Pause Young (Allocation Failure) 13M->9M(15M) 0.206ms
[34.253s][info][gc] GC(17755) Pause Young (Allocation Failure) 13M->9M(15M) 0.178ms
[34.253s][info][gc] GC(17756) Pause Young (Allocation Failure) 13M->9M(15M) 0.167ms
[34.254s][info][gc] GC(17757) Pause Young (Allocation Failure) 13M->9M(15M) 0.202ms
[34.255s][info][gc] GC(17758) Pause Young (Allocation Failure) 14M->10M(15M) 0.199ms
[34.256s][info][gc] GC(17759) Pause Young (Allocation Failure) 14M->9M(15M) 0.205ms
[34.257s][info][gc] GC(17760) Pause Young (Allocation Failure) 14M->9M(15M) 0.165ms
[34.258s][info][gc] GC(17761) Pause Young (Allocation Failure) 14M->10M(15M) 0.199ms
[34.258s][info][gc] GC(17762) Pause Young (Allocation Failure) 14M->10M(15M) 0.181ms
[34.259s][info][gc] GC(17763) Pause Young (Allocation Failure) 14M->11M(15M) 0.205ms
[34.260s][info][gc] GC(17764) Pause Young (Allocation Failure) 15M->15M(15M) 0.024ms
[34.268s][info][gc] GC(17765) Pause Full (Allocation Failure) 15M->7M(15M) 8.065ms
[34.269s][info][gc] GC(17766) Pause Young (Allocation Failure) 11M->7M(15M) 0.230ms
[34.270s][info][gc] GC(17767) Pause Young (Allocation Failure) 12M->7M(15M) 0.158ms
[34.271s][info][gc] GC(17768) Pause Young (Allocation Failure) 12M->8M(15M) 0.191ms
[34.272s][info][gc] GC(17769) Pause Young (Allocation Failure) 12M->7M(15M) 0.176ms
[34.272s][info][gc] GC(17770) Pause Young (Allocation Failure) 12M->7M(15M) 0.177ms
[34.273s][info][gc] GC(17771) Pause Young (Allocation Failure) 12M->8M(15M) 0.182ms
[34.274s][info][gc] GC(17772) Pause Young (Allocation Failure) 12M->7M(15M) 0.169ms
[34.275s][info][gc] GC(17773) Pause Young (Allocation Failure) 12M->8M(15M) 0.176ms
[34.275s][info][gc] GC(17774) Pause Young (Allocation Failure) 12M->8M(15M) 0.185ms
[34.276s][info][gc] GC(17775) Pause Young (Allocation Failure) 12M->8M(15M) 0.175ms
[34.277s][info][gc] GC(17776) Pause Young (Allocation Failure) 12M->8M(15M) 0.176ms
[34.278s][info][gc] GC(17777) Pause Young (Allocation Failure) 12M->8M(15M) 0.315ms
[34.279s][info][gc] GC(17778) Pause Young (Allocation Failure) 12M->8M(15M) 0.202ms
[34.280s][info][gc] GC(17779) Pause Young (Allocation Failure) 13M->8M(15M) 0.180ms
[34.281s][info][gc] GC(17780) Pause Young (Allocation Failure) 13M->8M(15M) 0.161ms
[34.281s][info][gc] GC(17781) Pause Young (Allocation Failure) 12M->8M(15M) 0.157ms
[34.282s][info][gc] GC(17782) Pause Young (Allocation Failure) 13M->9M(15M) 0.192ms
[34.283s][info][gc] GC(17783) Pause Young (Allocation Failure) 13M->8M(15M) 0.169ms
[34.284s][info][gc] GC(17784) Pause Young (Allocation Failure) 13M->9M(15M) 0.171ms
[34.285s][info][gc] GC(17785) Pause Young (Allocation Failure) 13M->9M(15M) 0.171ms
[34.285s][info][gc] GC(17786) Pause Young (Allocation Failure) 13M->9M(15M) 0.206ms
[34.286s][info][gc] GC(17787) Pause Young (Allocation Failure) 13M->10M(15M) 0.216ms
[34.287s][info][gc] GC(17788) Pause Young (Allocation Failure) 14M->9M(15M) 0.170ms
[34.288s][info][gc] GC(17789) Pause Young (Allocation Failure) 14M->9M(15M) 0.158ms
[34.289s][info][gc] GC(17790) Pause Young (Allocation Failure) 14M->9M(15M) 0.167ms
[34.290s][info][gc] GC(17791) Pause Young (Allocation Failure) 14M->10M(15M) 0.177ms
[34.290s][info][gc] GC(17792) Pause Young (Allocation Failure) 14M->10M(15M) 0.178ms
[34.291s][info][gc] GC(17793) Pause Young (Allocation Failure) 14M->10M(15M) 0.259ms
[34.292s][info][gc] GC(17794) Pause Young (Allocation Failure) 14M->10M(15M) 0.187ms
[34.293s][info][gc] GC(17795) Pause Young (Allocation Failure) 14M->10M(15M) 0.177ms
[34.294s][info][gc] GC(17796) Pause Young (Allocation Failure) 14M->10M(15M) 0.185ms
[34.295s][info][gc] GC(17797) Pause Young (Allocation Failure) 14M->10M(15M) 0.177ms
[34.295s][info][gc] GC(17798) Pause Young (Allocation Failure) 14M->11M(15M) 0.214ms
[34.296s][info][gc] GC(17799) Pause Young (Allocation Failure) 15M->15M(15M) 0.024ms
[34.304s][info][gc] GC(17800) Pause Full (Allocation Failure) 15M->7M(15M) 8.093ms
[34.305s][info][gc] GC(17801) Pause Young (Allocation Failure) 11M->8M(15M) 0.214ms
[34.306s][info][gc] GC(17802) Pause Young (Allocation Failure) 12M->7M(15M) 0.168ms
[34.307s][info][gc] GC(17803) Pause Young (Allocation Failure) 12M->8M(15M) 0.176ms
[34.308s][info][gc] GC(17804) Pause Young (Allocation Failure) 12M->8M(15M) 0.179ms
[34.309s][info][gc] GC(17805) Pause Young (Allocation Failure) 12M->7M(15M) 0.165ms
[34.309s][info][gc] GC(17806) Pause Young (Allocation Failure) 12M->8M(15M) 0.207ms
[34.310s][info][gc] GC(17807) Pause Young (Allocation Failure) 13M->8M(15M) 0.173ms
[34.311s][info][gc] GC(17808) Pause Young (Allocation Failure) 12M->8M(15M) 0.171ms
[34.312s][info][gc] GC(17809) Pause Young (Allocation Failure) 12M->8M(15M) 0.196ms
[34.313s][info][gc] GC(17810) Pause Young (Allocation Failure) 13M->8M(15M) 0.176ms
[34.314s][info][gc] GC(17811) Pause Young (Allocation Failure) 13M->8M(15M) 0.179ms
[34.314s][info][gc] GC(17812) Pause Young (Allocation Failure) 13M->8M(15M) 0.170ms
[34.315s][info][gc] GC(17813) Pause Young (Allocation Failure) 13M->9M(15M) 0.180ms
[34.316s][info][gc] GC(17814) Pause Young (Allocation Failure) 13M->9M(15M) 0.186ms
[34.317s][info][gc] GC(17815) Pause Young (Allocation Failure) 13M->8M(15M) 0.165ms
[34.317s][info][gc] GC(17816) Pause Young (Allocation Failure) 13M->9M(15M) 0.171ms
[34.318s][info][gc] GC(17817) Pause Young (Allocation Failure) 13M->8M(15M) 0.185ms
[34.319s][info][gc] GC(17818) Pause Young (Allocation Failure) 13M->9M(15M) 0.178ms
[34.320s][info][gc] GC(17819) Pause Young (Allocation Failure) 13M->9M(15M) 0.178ms
[34.321s][info][gc] GC(17820) Pause Young (Allocation Failure) 13M->8M(15M) 0.165ms
[34.322s][info][gc] GC(17821) Pause Young (Allocation Failure) 13M->8M(15M) 0.175ms
[34.323s][info][gc] GC(17822) Pause Young (Allocation Failure) 13M->9M(15M) 0.192ms
[34.323s][info][gc] GC(17823) Pause Young (Allocation Failure) 13M->9M(15M) 0.170ms
[34.324s][info][gc] GC(17824) Pause Young (Allocation Failure) 13M->9M(15M) 0.171ms
[34.325s][info][gc] GC(17825) Pause Young (Allocation Failure) 13M->9M(15M) 0.215ms
[34.326s][info][gc] GC(17826) Pause Young (Allocation Failure) 14M->9M(15M) 0.183ms
[34.327s][info][gc] GC(17827) Pause Young (Allocation Failure) 14M->9M(15M) 0.163ms
[34.328s][info][gc] GC(17828) Pause Young (Allocation Failure) 13M->9M(15M) 0.166ms
[34.328s][info][gc] GC(17829) Pause Young (Allocation Failure) 13M->9M(15M) 0.166ms
[34.329s][info][gc] GC(17830) Pause Young (Allocation Failure) 13M->9M(15M) 0.176ms
[34.330s][info][gc] GC(17831) Pause Young (Allocation Failure) 13M->9M(15M) 0.167ms
[34.331s][info][gc] GC(17832) Pause Young (Allocation Failure) 13M->9M(15M) 0.178ms
[34.332s][info][gc] GC(17833) Pause Young (Allocation Failure) 14M->9M(15M) 0.172ms
[34.333s][info][gc] GC(17834) Pause Young (Allocation Failure) 13M->9M(15M) 0.183ms
[34.334s][info][gc] GC(17835) Pause Young (Allocation Failure) 14M->9M(15M) 0.199ms
[34.335s][info][gc] GC(17836) Pause Young (Allocation Failure) 14M->9M(15M) 0.178ms
[34.335s][info][gc] GC(17837) Pause Young (Allocation Failure) 14M->10M(15M) 0.220ms
[34.336s][info][gc] GC(17838) Pause Young (Allocation Failure) 14M->10M(15M) 0.176ms
[34.337s][info][gc] GC(17839) Pause Young (Allocation Failure) 14M->10M(15M) 0.182ms
[34.338s][info][gc] GC(17840) Pause Young (Allocation Failure) 14M->9M(15M) 0.165ms
[34.339s][info][gc] GC(17841) Pause Young (Allocation Failure) 14M->10M(15M) 0.175ms
[34.340s][info][gc] GC(17842) Pause Young (Allocation Failure) 14M->10M(15M) 0.189ms
[34.341s][info][gc] GC(17843) Pause Young (Allocation Failure) 14M->10M(15M) 0.175ms
[34.342s][info][gc] GC(17844) Pause Young (Allocation Failure) 14M->10M(15M) 0.169ms
[34.342s][info][gc] GC(17845) Pause Young (Allocation Failure) 14M->10M(15M) 0.145ms
[34.343s][info][gc] GC(17846) Pause Young (Allocation Failure) 14M->10M(15M) 0.185ms
[34.344s][info][gc] GC(17847) Pause Young (Allocation Failure) 14M->10M(15M) 0.167ms
[34.345s][info][gc] GC(17848) Pause Young (Allocation Failure) 14M->10M(15M) 0.178ms
[34.346s][info][gc] GC(17849) Pause Young (Allocation Failure) 14M->10M(15M) 0.172ms
[34.347s][info][gc] GC(17850) Pause Young (Allocation Failure) 14M->10M(15M) 0.181ms
[34.348s][info][gc] GC(17851) Pause Young (Allocation Failure) 14M->10M(15M) 0.209ms
[34.349s][info][gc] GC(17852) Pause Young (Allocation Failure) 15M->10M(15M) 0.167ms
[34.349s][info][gc] GC(17853) Pause Young (Allocation Failure) 14M->10M(15M) 0.195ms
[34.350s][info][gc] GC(17854) Pause Young (Allocation Failure) 15M->10M(15M) 0.165ms
[34.351s][info][gc] GC(17855) Pause Young (Allocation Failure) 14M->10M(15M) 0.172ms
[34.352s][info][gc] GC(17856) Pause Young (Allocation Failure) 14M->15M(15M) 0.296ms
[34.360s][info][gc] GC(17857) Pause Full (Allocation Failure) 15M->8M(15M) 8.488ms
[34.361s][info][gc] GC(17858) Pause Young (Allocation Failure) 12M->8M(15M) 0.198ms
[34.362s][info][gc] GC(17859) Pause Young (Allocation Failure) 12M->9M(15M) 0.232ms
[34.363s][info][gc] GC(17860) Pause Young (Allocation Failure) 13M->9M(15M) 0.189ms
[34.364s][info][gc] GC(17861) Pause Young (Allocation Failure) 13M->8M(15M) 0.168ms
[34.365s][info][gc] GC(17862) Pause Young (Allocation Failure) 13M->9M(15M) 0.198ms
[34.366s][info][gc] GC(17863) Pause Young (Allocation Failure) 13M->9M(15M) 0.183ms
[34.367s][info][gc] GC(17864) Pause Young (Allocation Failure) 13M->9M(15M) 0.178ms
[34.368s][info][gc] GC(17865) Pause Young (Allocation Failure) 13M->8M(15M) 0.168ms
[34.369s][info][gc] GC(17866) Pause Young (Allocation Failure) 13M->9M(15M) 0.200ms
[34.370s][info][gc] GC(17867) Pause Young (Allocation Failure) 13M->9M(15M) 0.214ms
[34.371s][info][gc] GC(17868) Pause Young (Allocation Failure) 14M->9M(15M) 0.183ms
[34.372s][info][gc] GC(17869) Pause Young (Allocation Failure) 14M->9M(15M) 0.185ms
[34.372s][info][gc] GC(17870) Pause Young (Allocation Failure) 14M->9M(15M) 0.175ms
[34.373s][info][gc] GC(17871) Pause Young (Allocation Failure) 13M->10M(15M) 0.194ms
[34.374s][info][gc] GC(17872) Pause Young (Allocation Failure) 14M->9M(15M) 0.170ms
[34.375s][info][gc] GC(17873) Pause Young (Allocation Failure) 14M->9M(15M) 0.138ms
[34.376s][info][gc] GC(17874) Pause Young (Allocation Failure) 14M->9M(15M) 0.184ms
[34.377s][info][gc] GC(17875) Pause Young (Allocation Failure) 14M->10M(15M) 0.145ms
[34.378s][info][gc] GC(17876) Pause Young (Allocation Failure) 14M->9M(15M) 0.169ms
[34.379s][info][gc] GC(17877) Pause Young (Allocation Failure) 14M->9M(15M) 0.174ms
[34.379s][info][gc] GC(17878) Pause Young (Allocation Failure) 14M->9M(15M) 0.172ms
[34.380s][info][gc] GC(17879) Pause Young (Allocation Failure) 14M->10M(15M) 0.173ms
[34.381s][info][gc] GC(17880) Pause Young (Allocation Failure) 14M->9M(15M) 0.165ms
[34.382s][info][gc] GC(17881) Pause Young (Allocation Failure) 14M->10M(15M) 0.189ms
[34.383s][info][gc] GC(17882) Pause Young (Allocation Failure) 14M->10M(15M) 0.213ms
[34.384s][info][gc] GC(17883) Pause Young (Allocation Failure) 14M->10M(15M) 0.177ms
[34.384s][info][gc] GC(17884) Pause Young (Allocation Failure) 14M->10M(15M) 0.233ms
[34.385s][info][gc] GC(17885) Pause Young (Allocation Failure) 15M->15M(15M) 0.026ms
[34.394s][info][gc] GC(17886) Pause Full (Allocation Failure) 15M->7M(15M) 8.677ms
[34.395s][info][gc] GC(17887) Pause Young (Allocation Failure) 11M->7M(15M) 0.207ms
[34.396s][info][gc] GC(17888) Pause Young (Allocation Failure) 11M->7M(15M) 0.206ms
[34.397s][info][gc] GC(17889) Pause Young (Allocation Failure) 11M->7M(15M) 0.171ms
[34.398s][info][gc] GC(17890) Pause Young (Allocation Failure) 11M->7M(15M) 0.182ms
[34.399s][info][gc] GC(17891) Pause Young (Allocation Failure) 11M->7M(15M) 0.189ms
[34.400s][info][gc] GC(17892) Pause Young (Allocation Failure) 12M->8M(15M) 0.228ms
[34.401s][info][gc] GC(17893) Pause Young (Allocation Failure) 12M->8M(15M) 0.182ms
[34.401s][info][gc] GC(17894) Pause Young (Allocation Failure) 12M->8M(15M) 0.238ms
[34.402s][info][gc] GC(17895) Pause Young (Allocation Failure) 13M->8M(15M) 0.157ms
[34.403s][info][gc] GC(17896) Pause Young (Allocation Failure) 13M->8M(15M) 0.193ms
[34.404s][info][gc] GC(17897) Pause Young (Allocation Failure) 13M->8M(15M) 0.171ms
[34.405s][info][gc] GC(17898) Pause Young (Allocation Failure) 12M->8M(15M) 0.185ms
[34.406s][info][gc] GC(17899) Pause Young (Allocation Failure) 13M->8M(15M) 0.169ms
[34.407s][info][gc] GC(17900) Pause Young (Allocation Failure) 12M->8M(15M) 0.197ms
[34.408s][info][gc] GC(17901) Pause Young (Allocation Failure) 13M->9M(15M) 0.162ms
[34.409s][info][gc] GC(17902) Pause Young (Allocation Failure) 13M->9M(15M) 0.213ms
[34.409s][info][gc] GC(17903) Pause Young (Allocation Failure) 13M->9M(15M) 0.194ms
[34.410s][info][gc] GC(17904) Pause Young (Allocation Failure) 13M->9M(15M) 0.183ms
[34.411s][info][gc] GC(17905) Pause Young (Allocation Failure) 13M->9M(15M) 0.188ms
[34.412s][info][gc] GC(17906) Pause Young (Allocation Failure) 13M->9M(15M) 0.171ms
[34.413s][info][gc] GC(17907) Pause Young (Allocation Failure) 13M->9M(15M) 0.213ms
[34.414s][info][gc] GC(17908) Pause Young (Allocation Failure) 13M->9M(15M) 0.197ms
[34.415s][info][gc] GC(17909) Pause Young (Allocation Failure) 13M->9M(15M) 0.171ms
[34.416s][info][gc] GC(17910) Pause Young (Allocation Failure) 13M->9M(15M) 0.181ms
[34.416s][info][gc] GC(17911) Pause Young (Allocation Failure) 13M->9M(15M) 0.198ms
[34.417s][info][gc] GC(17912) Pause Young (Allocation Failure) 13M->10M(15M) 0.183ms
[34.418s][info][gc] GC(17913) Pause Young (Allocation Failure) 14M->10M(15M) 0.201ms
[34.419s][info][gc] GC(17914) Pause Young (Allocation Failure) 14M->10M(15M) 0.182ms
[34.420s][info][gc] GC(17915) Pause Young (Allocation Failure) 14M->10M(15M) 0.190ms
[34.420s][info][gc] GC(17916) Pause Young (Allocation Failure) 14M->10M(15M) 0.176ms
[34.421s][info][gc] GC(17917) Pause Young (Allocation Failure) 14M->10M(15M) 0.217ms
[34.422s][info][gc] GC(17918) Pause Young (Allocation Failure) 14M->10M(15M) 0.193ms
[34.423s][info][gc] GC(17919) Pause Young (Allocation Failure) 14M->10M(15M) 0.189ms
[34.424s][info][gc] GC(17920) Pause Young (Allocation Failure) 15M->10M(15M) 0.181ms
[34.425s][info][gc] GC(17921) Pause Young (Allocation Failure) 15M->10M(15M) 0.168ms
[34.426s][info][gc] GC(17922) Pause Young (Allocation Failure) 14M->11M(15M) 0.206ms
[34.426s][info][gc] GC(17923) Pause Young (Allocation Failure) 15M->15M(15M) 0.025ms
[34.434s][info][gc] GC(17924) Pause Full (Allocation Failure) 15M->7M(15M) 8.124ms
[34.435s][info][gc] GC(17925) Pause Young (Allocation Failure) 12M->7M(15M) 0.176ms
[34.436s][info][gc] GC(17926) Pause Young (Allocation Failure) 12M->8M(15M) 0.197ms
[34.437s][info][gc] GC(17927) Pause Young (Allocation Failure) 12M->7M(15M) 0.172ms
[34.438s][info][gc] GC(17928) Pause Young (Allocation Failure) 12M->8M(15M) 0.179ms
[34.439s][info][gc] GC(17929) Pause Young (Allocation Failure) 12M->8M(15M) 0.182ms
[34.440s][info][gc] GC(17930) Pause Young (Allocation Failure) 12M->7M(15M) 0.170ms
[34.441s][info][gc] GC(17931) Pause Young (Allocation Failure) 12M->8M(15M) 0.171ms
[34.441s][info][gc] GC(17932) Pause Young (Allocation Failure) 12M->7M(15M) 0.172ms
[34.442s][info][gc] GC(17933) Pause Young (Allocation Failure) 12M->8M(15M) 0.194ms
[34.443s][info][gc] GC(17934) Pause Young (Allocation Failure) 12M->8M(15M) 0.132ms
[34.444s][info][gc] GC(17935) Pause Young (Allocation Failure) 12M->8M(15M) 0.170ms
[34.445s][info][gc] GC(17936) Pause Young (Allocation Failure) 12M->8M(15M) 0.183ms
[34.446s][info][gc] GC(17937) Pause Young (Allocation Failure) 12M->8M(15M) 0.191ms
[34.446s][info][gc] GC(17938) Pause Young (Allocation Failure) 12M->8M(15M) 0.220ms
[34.447s][info][gc] GC(17939) Pause Young (Allocation Failure) 13M->9M(15M) 0.198ms
[34.448s][info][gc] GC(17940) Pause Young (Allocation Failure) 13M->8M(15M) 0.173ms
[34.449s][info][gc] GC(17941) Pause Young (Allocation Failure) 13M->8M(15M) 0.168ms
[34.450s][info][gc] GC(17942) Pause Young (Allocation Failure) 13M->9M(15M) 0.171ms
[34.451s][info][gc] GC(17943) Pause Young (Allocation Failure) 13M->9M(15M) 0.177ms
[34.452s][info][gc] GC(17944) Pause Young (Allocation Failure) 13M->9M(15M) 0.195ms
[34.452s][info][gc] GC(17945) Pause Young (Allocation Failure) 13M->9M(15M) 0.181ms
[34.453s][info][gc] GC(17946) Pause Young (Allocation Failure) 13M->9M(15M) 0.203ms
[34.454s][info][gc] GC(17947) Pause Young (Allocation Failure) 13M->10M(15M) 0.207ms
[34.455s][info][gc] GC(17948) Pause Young (Allocation Failure) 14M->9M(15M) 0.174ms
[34.456s][info][gc] GC(17949) Pause Young (Allocation Failure) 14M->9M(15M) 0.172ms
[34.456s][info][gc] GC(17950) Pause Young (Allocation Failure) 14M->10M(15M) 0.180ms
[34.457s][info][gc] GC(17951) Pause Young (Allocation Failure) 14M->9M(15M) 0.179ms
[34.458s][info][gc] GC(17952) Pause Young (Allocation Failure) 14M->9M(15M) 0.161ms
[34.459s][info][gc] GC(17953) Pause Young (Allocation Failure) 13M->10M(15M) 0.191ms
[34.460s][info][gc] GC(17954) Pause Young (Allocation Failure) 14M->10M(15M) 0.195ms
[34.461s][info][gc] GC(17955) Pause Young (Allocation Failure) 14M->10M(15M) 0.179ms
[34.461s][info][gc] GC(17956) Pause Young (Allocation Failure) 14M->10M(15M) 0.201ms
[34.462s][info][gc] GC(17957) Pause Young (Allocation Failure) 14M->10M(15M) 0.175ms
[34.463s][info][gc] GC(17958) Pause Young (Allocation Failure) 14M->10M(15M) 0.167ms
[34.464s][info][gc] GC(17959) Pause Young (Allocation Failure) 14M->10M(15M) 0.176ms
[34.465s][info][gc] GC(17960) Pause Young (Allocation Failure) 14M->10M(15M) 0.188ms
[34.466s][info][gc] GC(17961) Pause Young (Allocation Failure) 14M->10M(15M) 0.198ms
[34.466s][info][gc] GC(17962) Pause Young (Allocation Failure) 15M->15M(15M) 0.025ms
[34.474s][info][gc] GC(17963) Pause Full (Allocation Failure) 15M->7M(15M) 7.978ms
[34.475s][info][gc] GC(17964) Pause Young (Allocation Failure) 11M->7M(15M) 0.191ms
[34.476s][info][gc] GC(17965) Pause Young (Allocation Failure) 12M->8M(15M) 0.197ms
[34.477s][info][gc] GC(17966) Pause Young (Allocation Failure) 12M->8M(15M) 0.212ms
[34.478s][info][gc] GC(17967) Pause Young (Allocation Failure) 12M->8M(15M) 0.154ms
[34.479s][info][gc] GC(17968) Pause Young (Allocation Failure) 12M->8M(15M) 0.217ms
[34.480s][info][gc] GC(17969) Pause Young (Allocation Failure) 13M->8M(15M) 0.173ms
[34.481s][info][gc] GC(17970) Pause Young (Allocation Failure) 12M->8M(15M) 0.188ms
[34.481s][info][gc] GC(17971) Pause Young (Allocation Failure) 13M->8M(15M) 0.202ms
[34.482s][info][gc] GC(17972) Pause Young (Allocation Failure) 13M->9M(15M) 0.154ms
[34.483s][info][gc] GC(17973) Pause Young (Allocation Failure) 13M->8M(15M) 0.167ms
[34.484s][info][gc] GC(17974) Pause Young (Allocation Failure) 12M->8M(15M) 0.163ms
[34.485s][info][gc] GC(17975) Pause Young (Allocation Failure) 12M->8M(15M) 0.177ms
[34.486s][info][gc] GC(17976) Pause Young (Allocation Failure) 13M->8M(15M) 0.172ms
[34.486s][info][gc] GC(17977) Pause Young (Allocation Failure) 13M->8M(15M) 0.179ms
[34.487s][info][gc] GC(17978) Pause Young (Allocation Failure) 13M->9M(15M) 0.176ms
[34.488s][info][gc] GC(17979) Pause Young (Allocation Failure) 13M->8M(15M) 0.166ms
[34.489s][info][gc] GC(17980) Pause Young (Allocation Failure) 13M->9M(15M) 0.164ms
[34.489s][info][gc] GC(17981) Pause Young (Allocation Failure) 13M->9M(15M) 0.195ms
[34.490s][info][gc] GC(17982) Pause Young (Allocation Failure) 14M->9M(15M) 0.192ms
[34.491s][info][gc] GC(17983) Pause Young (Allocation Failure) 14M->9M(15M) 0.168ms
[34.492s][info][gc] GC(17984) Pause Young (Allocation Failure) 13M->9M(15M) 0.165ms
[34.493s][info][gc] GC(17985) Pause Young (Allocation Failure) 13M->9M(15M) 0.169ms
[34.494s][info][gc] GC(17986) Pause Young (Allocation Failure) 13M->9M(15M) 0.179ms
[34.494s][info][gc] GC(17987) Pause Young (Allocation Failure) 14M->9M(15M) 0.192ms
[34.495s][info][gc] GC(17988) Pause Young (Allocation Failure) 14M->10M(15M) 0.197ms
[34.496s][info][gc] GC(17989) Pause Young (Allocation Failure) 14M->10M(15M) 0.183ms
[34.497s][info][gc] GC(17990) Pause Young (Allocation Failure) 14M->10M(15M) 0.183ms
[34.498s][info][gc] GC(17991) Pause Young (Allocation Failure) 14M->9M(15M) 0.161ms
[34.499s][info][gc] GC(17992) Pause Young (Allocation Failure) 14M->9M(15M) 0.167ms
[34.500s][info][gc] GC(17993) Pause Young (Allocation Failure) 14M->9M(15M) 0.167ms
[34.500s][info][gc] GC(17994) Pause Young (Allocation Failure) 14M->10M(15M) 0.208ms
[34.501s][info][gc] GC(17995) Pause Young (Allocation Failure) 14M->10M(15M) 0.168ms
[34.502s][info][gc] GC(17996) Pause Young (Allocation Failure) 14M->10M(15M) 0.168ms
[34.503s][info][gc] GC(17997) Pause Young (Allocation Failure) 14M->10M(15M) 0.210ms
[34.504s][info][gc] GC(17998) Pause Young (Allocation Failure) 15M->15M(15M) 0.025ms
[34.512s][info][gc] GC(17999) Pause Full (Allocation Failure) 15M->7M(15M) 8.008ms
[34.513s][info][gc] GC(18000) Pause Young (Allocation Failure) 11M->8M(15M) 0.195ms
[34.513s][info][gc] GC(18001) Pause Young (Allocation Failure) 12M->8M(15M) 0.199ms
[34.514s][info][gc] GC(18002) Pause Young (Allocation Failure) 12M->7M(15M) 0.166ms
[34.515s][info][gc] GC(18003) Pause Young (Allocation Failure) 12M->8M(15M) 0.144ms
[34.516s][info][gc] GC(18004) Pause Young (Allocation Failure) 12M->8M(15M) 0.219ms
[34.517s][info][gc] GC(18005) Pause Young (Allocation Failure) 13M->9M(15M) 0.195ms
[34.518s][info][gc] GC(18006) Pause Young (Allocation Failure) 13M->9M(15M) 0.181ms
[34.518s][info][gc] GC(18007) Pause Young (Allocation Failure) 13M->9M(15M) 0.226ms
[34.519s][info][gc] GC(18008) Pause Young (Allocation Failure) 13M->9M(15M) 0.166ms
[34.520s][info][gc] GC(18009) Pause Young (Allocation Failure) 13M->9M(15M) 0.176ms
[34.521s][info][gc] GC(18010) Pause Young (Allocation Failure) 13M->9M(15M) 0.204ms
[34.522s][info][gc] GC(18011) Pause Young (Allocation Failure) 14M->9M(15M) 0.174ms
[34.523s][info][gc] GC(18012) Pause Young (Allocation Failure) 13M->9M(15M) 0.191ms
[34.523s][info][gc] GC(18013) Pause Young (Allocation Failure) 14M->10M(15M) 0.157ms
[34.524s][info][gc] GC(18014) Pause Young (Allocation Failure) 14M->10M(15M) 0.187ms
[34.525s][info][gc] GC(18015) Pause Young (Allocation Failure) 14M->9M(15M) 0.172ms
[34.526s][info][gc] GC(18016) Pause Young (Allocation Failure) 14M->10M(15M) 0.197ms
[34.527s][info][gc] GC(18017) Pause Young (Allocation Failure) 14M->10M(15M) 0.172ms
[34.527s][info][gc] GC(18018) Pause Young (Allocation Failure) 14M->9M(15M) 0.164ms
[34.528s][info][gc] GC(18019) Pause Young (Allocation Failure) 14M->10M(15M) 0.190ms
[34.529s][info][gc] GC(18020) Pause Young (Allocation Failure) 14M->10M(15M) 0.175ms
[34.530s][info][gc] GC(18021) Pause Young (Allocation Failure) 14M->10M(15M) 0.172ms
[34.531s][info][gc] GC(18022) Pause Young (Allocation Failure) 14M->10M(15M) 0.179ms
[34.532s][info][gc] GC(18023) Pause Young (Allocation Failure) 14M->10M(15M) 0.178ms
[34.532s][info][gc] GC(18024) Pause Young (Allocation Failure) 14M->10M(15M) 0.181ms
[34.533s][info][gc] GC(18025) Pause Young (Allocation Failure) 14M->10M(15M) 0.164ms
[34.534s][info][gc] GC(18026) Pause Young (Allocation Failure) 14M->11M(15M) 0.224ms
[34.535s][info][gc] GC(18027) Pause Young (Allocation Failure) 15M->15M(15M) 0.031ms
[34.543s][info][gc] GC(18028) Pause Full (Allocation Failure) 15M->7M(15M) 7.911ms
[34.544s][info][gc] GC(18029) Pause Young (Allocation Failure) 11M->7M(15M) 0.175ms
[34.544s][info][gc] GC(18030) Pause Young (Allocation Failure) 12M->8M(15M) 0.207ms
[34.545s][info][gc] GC(18031) Pause Young (Allocation Failure) 12M->8M(15M) 0.198ms
[34.546s][info][gc] GC(18032) Pause Young (Allocation Failure) 12M->8M(15M) 0.188ms
[34.547s][info][gc] GC(18033) Pause Young (Allocation Failure) 12M->8M(15M) 0.190ms
[34.548s][info][gc] GC(18034) Pause Young (Allocation Failure) 12M->8M(15M) 0.179ms
[34.549s][info][gc] GC(18035) Pause Young (Allocation Failure) 12M->8M(15M) 0.174ms
[34.550s][info][gc] GC(18036) Pause Young (Allocation Failure) 12M->8M(15M) 0.172ms
[34.550s][info][gc] GC(18037) Pause Young (Allocation Failure) 12M->8M(15M) 0.180ms
[34.551s][info][gc] GC(18038) Pause Young (Allocation Failure) 12M->8M(15M) 0.170ms
[34.552s][info][gc] GC(18039) Pause Young (Allocation Failure) 12M->8M(15M) 0.184ms
[34.553s][info][gc] GC(18040) Pause Young (Allocation Failure) 12M->8M(15M) 0.162ms
[34.553s][info][gc] GC(18041) Pause Young (Allocation Failure) 12M->8M(15M) 0.162ms
[34.554s][info][gc] GC(18042) Pause Young (Allocation Failure) 12M->8M(15M) 0.162ms
[34.555s][info][gc] GC(18043) Pause Young (Allocation Failure) 12M->8M(15M) 0.163ms
[34.556s][info][gc] GC(18044) Pause Young (Allocation Failure) 13M->8M(15M) 0.165ms
[34.557s][info][gc] GC(18045) Pause Young (Allocation Failure) 12M->8M(15M) 0.191ms
[34.558s][info][gc] GC(18046) Pause Young (Allocation Failure) 13M->8M(15M) 0.170ms
[34.558s][info][gc] GC(18047) Pause Young (Allocation Failure) 12M->9M(15M) 0.192ms
[34.559s][info][gc] GC(18048) Pause Young (Allocation Failure) 13M->8M(15M) 0.196ms
[34.560s][info][gc] GC(18049) Pause Young (Allocation Failure) 13M->9M(15M) 0.188ms
[34.561s][info][gc] GC(18050) Pause Young (Allocation Failure) 13M->8M(15M) 0.184ms
[34.562s][info][gc] GC(18051) Pause Young (Allocation Failure) 13M->9M(15M) 0.188ms
[34.563s][info][gc] GC(18052) Pause Young (Allocation Failure) 13M->8M(15M) 0.169ms
[34.563s][info][gc] GC(18053) Pause Young (Allocation Failure) 13M->9M(15M) 0.181ms
[34.564s][info][gc] GC(18054) Pause Young (Allocation Failure) 13M->9M(15M) 0.184ms
[34.565s][info][gc] GC(18055) Pause Young (Allocation Failure) 13M->9M(15M) 0.227ms
[34.566s][info][gc] GC(18056) Pause Young (Allocation Failure) 13M->9M(15M) 0.182ms
[34.567s][info][gc] GC(18057) Pause Young (Allocation Failure) 13M->9M(15M) 0.172ms
[34.568s][info][gc] GC(18058) Pause Young (Allocation Failure) 13M->9M(15M) 0.204ms
[34.568s][info][gc] GC(18059) Pause Young (Allocation Failure) 14M->9M(15M) 0.168ms
[34.569s][info][gc] GC(18060) Pause Young (Allocation Failure) 13M->9M(15M) 0.170ms
[34.570s][info][gc] GC(18061) Pause Young (Allocation Failure) 13M->10M(15M) 0.202ms
[34.571s][info][gc] GC(18062) Pause Young (Allocation Failure) 14M->10M(15M) 0.177ms
[34.572s][info][gc] GC(18063) Pause Young (Allocation Failure) 14M->10M(15M) 0.184ms
[34.573s][info][gc] GC(18064) Pause Young (Allocation Failure) 14M->10M(15M) 0.206ms
[34.573s][info][gc] GC(18065) Pause Young (Allocation Failure) 14M->10M(15M) 0.178ms
[34.574s][info][gc] GC(18066) Pause Young (Allocation Failure) 14M->10M(15M) 0.169ms
[34.575s][info][gc] GC(18067) Pause Young (Allocation Failure) 14M->10M(15M) 0.179ms
[34.576s][info][gc] GC(18068) Pause Young (Allocation Failure) 14M->10M(15M) 0.208ms
[34.576s][info][gc] GC(18069) Pause Young (Allocation Failure) 15M->15M(15M) 0.025ms
[34.585s][info][gc] GC(18070) Pause Full (Allocation Failure) 15M->7M(15M) 8.380ms
[34.586s][info][gc] GC(18071) Pause Young (Allocation Failure) 11M->7M(15M) 0.204ms
[34.587s][info][gc] GC(18072) Pause Young (Allocation Failure) 12M->7M(15M) 0.206ms
[34.587s][info][gc] GC(18073) Pause Young (Allocation Failure) 12M->7M(15M) 0.164ms
[34.588s][info][gc] GC(18074) Pause Young (Allocation Failure) 11M->7M(15M) 0.164ms
[34.589s][info][gc] GC(18075) Pause Young (Allocation Failure) 11M->7M(15M) 0.172ms
[34.590s][info][gc] GC(18076) Pause Young (Allocation Failure) 12M->7M(15M) 0.178ms
[34.591s][info][gc] GC(18077) Pause Young (Allocation Failure) 12M->7M(15M) 0.181ms
[34.592s][info][gc] GC(18078) Pause Young (Allocation Failure) 12M->7M(15M) 0.178ms
[34.593s][info][gc] GC(18079) Pause Young (Allocation Failure) 12M->7M(15M) 0.175ms
[34.594s][info][gc] GC(18080) Pause Young (Allocation Failure) 12M->7M(15M) 0.168ms
[34.594s][info][gc] GC(18081) Pause Young (Allocation Failure) 11M->8M(15M) 0.172ms
[34.595s][info][gc] GC(18082) Pause Young (Allocation Failure) 12M->7M(15M) 0.168ms
[34.596s][info][gc] GC(18083) Pause Young (Allocation Failure) 12M->8M(15M) 0.182ms
[34.597s][info][gc] GC(18084) Pause Young (Allocation Failure) 12M->7M(15M) 0.164ms
[34.598s][info][gc] GC(18085) Pause Young (Allocation Failure) 11M->8M(15M) 0.188ms
[34.598s][info][gc] GC(18086) Pause Young (Allocation Failure) 12M->8M(15M) 0.191ms
[34.599s][info][gc] GC(18087) Pause Young (Allocation Failure) 12M->7M(15M) 0.166ms
[34.600s][info][gc] GC(18088) Pause Young (Allocation Failure) 12M->8M(15M) 0.172ms
[34.601s][info][gc] GC(18089) Pause Young (Allocation Failure) 12M->8M(15M) 0.173ms
[34.602s][info][gc] GC(18090) Pause Young (Allocation Failure) 12M->8M(15M) 0.174ms
[34.603s][info][gc] GC(18091) Pause Young (Allocation Failure) 12M->8M(15M) 0.174ms
[34.603s][info][gc] GC(18092) Pause Young (Allocation Failure) 12M->8M(15M) 0.176ms
[34.604s][info][gc] GC(18093) Pause Young (Allocation Failure) 12M->8M(15M) 0.162ms
[34.605s][info][gc] GC(18094) Pause Young (Allocation Failure) 12M->8M(15M) 0.202ms
[34.606s][info][gc] GC(18095) Pause Young (Allocation Failure) 12M->8M(15M) 0.171ms
[34.607s][info][gc] GC(18096) Pause Young (Allocation Failure) 12M->8M(15M) 0.175ms
[34.608s][info][gc] GC(18097) Pause Young (Allocation Failure) 12M->8M(15M) 0.167ms
[34.608s][info][gc] GC(18098) Pause Young (Allocation Failure) 12M->8M(15M) 0.173ms
[34.609s][info][gc] GC(18099) Pause Young (Allocation Failure) 12M->8M(15M) 0.173ms
[34.610s][info][gc] GC(18100) Pause Young (Allocation Failure) 12M->8M(15M) 0.171ms
[34.611s][info][gc] GC(18101) Pause Young (Allocation Failure) 12M->8M(15M) 0.177ms
[34.612s][info][gc] GC(18102) Pause Young (Allocation Failure) 12M->8M(15M) 0.190ms
[34.613s][info][gc] GC(18103) Pause Young (Allocation Failure) 12M->8M(15M) 0.166ms
[34.613s][info][gc] GC(18104) Pause Young (Allocation Failure) 12M->8M(15M) 0.203ms
[34.614s][info][gc] GC(18105) Pause Young (Allocation Failure) 13M->8M(15M) 0.180ms
[34.615s][info][gc] GC(18106) Pause Young (Allocation Failure) 13M->8M(15M) 0.185ms
[34.616s][info][gc] GC(18107) Pause Young (Allocation Failure) 13M->9M(15M) 0.207ms
[34.617s][info][gc] GC(18108) Pause Young (Allocation Failure) 13M->9M(15M) 0.170ms
[34.617s][info][gc] GC(18109) Pause Young (Allocation Failure) 13M->9M(15M) 0.207ms
[34.618s][info][gc] GC(18110) Pause Young (Allocation Failure) 14M->9M(15M) 0.168ms
[34.619s][info][gc] GC(18111) Pause Young (Allocation Failure) 13M->9M(15M) 0.167ms
[34.620s][info][gc] GC(18112) Pause Young (Allocation Failure) 13M->9M(15M) 0.172ms
[34.621s][info][gc] GC(18113) Pause Young (Allocation Failure) 13M->9M(15M) 0.181ms
[34.621s][info][gc] GC(18114) Pause Young (Allocation Failure) 14M->9M(15M) 0.169ms
[34.622s][info][gc] GC(18115) Pause Young (Allocation Failure) 13M->10M(15M) 0.204ms
[34.623s][info][gc] GC(18116) Pause Young (Allocation Failure) 14M->9M(15M) 0.169ms
[34.624s][info][gc] GC(18117) Pause Young (Allocation Failure) 14M->10M(15M) 0.229ms
[34.625s][info][gc] GC(18118) Pause Young (Allocation Failure) 15M->15M(15M) 0.031ms
[34.633s][info][gc] GC(18119) Pause Full (Allocation Failure) 15M->8M(15M) 8.013ms
[34.634s][info][gc] GC(18120) Pause Young (Allocation Failure) 12M->8M(15M) 0.208ms
[34.635s][info][gc] GC(18121) Pause Young (Allocation Failure) 13M->8M(15M) 0.170ms
[34.635s][info][gc] GC(18122) Pause Young (Allocation Failure) 12M->8M(15M) 0.170ms
[34.636s][info][gc] GC(18123) Pause Young (Allocation Failure) 12M->8M(15M) 0.163ms
[34.637s][info][gc] GC(18124) Pause Young (Allocation Failure) 13M->9M(15M) 0.166ms
[34.638s][info][gc] GC(18125) Pause Young (Allocation Failure) 13M->9M(15M) 0.187ms
[34.639s][info][gc] GC(18126) Pause Young (Allocation Failure) 13M->8M(15M) 0.171ms
[34.640s][info][gc] GC(18127) Pause Young (Allocation Failure) 13M->8M(15M) 0.163ms
[34.640s][info][gc] GC(18128) Pause Young (Allocation Failure) 12M->9M(15M) 0.200ms
[34.641s][info][gc] GC(18129) Pause Young (Allocation Failure) 13M->8M(15M) 0.165ms
[34.642s][info][gc] GC(18130) Pause Young (Allocation Failure) 13M->9M(15M) 0.171ms
[34.643s][info][gc] GC(18131) Pause Young (Allocation Failure) 13M->9M(15M) 0.179ms
[34.644s][info][gc] GC(18132) Pause Young (Allocation Failure) 13M->9M(15M) 0.171ms
[34.645s][info][gc] GC(18133) Pause Young (Allocation Failure) 13M->8M(15M) 0.163ms
[34.645s][info][gc] GC(18134) Pause Young (Allocation Failure) 13M->8M(15M) 0.165ms
[34.646s][info][gc] GC(18135) Pause Young (Allocation Failure) 13M->9M(15M) 0.169ms
[34.647s][info][gc] GC(18136) Pause Young (Allocation Failure) 13M->9M(15M) 0.211ms
[34.648s][info][gc] GC(18137) Pause Young (Allocation Failure) 14M->9M(15M) 0.196ms
[34.649s][info][gc] GC(18138) Pause Young (Allocation Failure) 14M->10M(15M) 0.195ms
[34.649s][info][gc] GC(18139) Pause Young (Allocation Failure) 14M->10M(15M) 0.160ms
[34.650s][info][gc] GC(18140) Pause Young (Allocation Failure) 14M->10M(15M) 0.173ms
[34.651s][info][gc] GC(18141) Pause Young (Allocation Failure) 14M->9M(15M) 0.168ms
[34.652s][info][gc] GC(18142) Pause Young (Allocation Failure) 14M->10M(15M) 0.185ms
[34.653s][info][gc] GC(18143) Pause Young (Allocation Failure) 14M->9M(15M) 0.168ms
[34.654s][info][gc] GC(18144) Pause Young (Allocation Failure) 14M->10M(15M) 0.173ms
[34.654s][info][gc] GC(18145) Pause Young (Allocation Failure) 14M->10M(15M) 0.181ms
[34.655s][info][gc] GC(18146) Pause Young (Allocation Failure) 14M->10M(15M) 0.176ms
[34.656s][info][gc] GC(18147) Pause Young (Allocation Failure) 14M->10M(15M) 0.172ms
[34.657s][info][gc] GC(18148) Pause Young (Allocation Failure) 14M->10M(15M) 0.204ms
[34.658s][info][gc] GC(18149) Pause Young (Allocation Failure) 14M->11M(15M) 0.209ms
[34.658s][info][gc] GC(18150) Pause Young (Allocation Failure) 15M->15M(15M) 0.025ms
[34.667s][info][gc] GC(18151) Pause Full (Allocation Failure) 15M->7M(15M) 8.281ms
[34.668s][info][gc] GC(18152) Pause Young (Allocation Failure) 12M->8M(15M) 0.201ms
[34.669s][info][gc] GC(18153) Pause Young (Allocation Failure) 12M->8M(15M) 0.187ms
[34.669s][info][gc] GC(18154) Pause Young (Allocation Failure) 12M->8M(15M) 0.178ms
[34.670s][info][gc] GC(18155) Pause Young (Allocation Failure) 12M->7M(15M) 0.162ms
[34.671s][info][gc] GC(18156) Pause Young (Allocation Failure) 12M->7M(15M) 0.163ms
[34.672s][info][gc] GC(18157) Pause Young (Allocation Failure) 12M->8M(15M) 0.208ms
[34.673s][info][gc] GC(18158) Pause Young (Allocation Failure) 12M->8M(15M) 0.204ms
[34.674s][info][gc] GC(18159) Pause Young (Allocation Failure) 13M->8M(15M) 0.170ms
[34.675s][info][gc] GC(18160) Pause Young (Allocation Failure) 12M->8M(15M) 0.166ms
[34.675s][info][gc] GC(18161) Pause Young (Allocation Failure) 12M->9M(15M) 0.198ms
[34.676s][info][gc] GC(18162) Pause Young (Allocation Failure) 13M->9M(15M) 0.183ms
[34.677s][info][gc] GC(18163) Pause Young (Allocation Failure) 13M->9M(15M) 0.177ms
[34.678s][info][gc] GC(18164) Pause Young (Allocation Failure) 13M->9M(15M) 0.218ms
[34.679s][info][gc] GC(18165) Pause Young (Allocation Failure) 13M->9M(15M) 0.174ms
[34.680s][info][gc] GC(18166) Pause Young (Allocation Failure) 13M->9M(15M) 0.179ms
[34.680s][info][gc] GC(18167) Pause Young (Allocation Failure) 13M->9M(15M) 0.179ms
[34.681s][info][gc] GC(18168) Pause Young (Allocation Failure) 13M->9M(15M) 0.170ms
[34.682s][info][gc] GC(18169) Pause Young (Allocation Failure) 13M->9M(15M) 0.188ms
[34.683s][info][gc] GC(18170) Pause Young (Allocation Failure) 14M->9M(15M) 0.181ms
[34.684s][info][gc] GC(18171) Pause Young (Allocation Failure) 13M->9M(15M) 0.161ms
[34.684s][info][gc] GC(18172) Pause Young (Allocation Failure) 13M->9M(15M) 0.168ms
[34.685s][info][gc] GC(18173) Pause Young (Allocation Failure) 13M->9M(15M) 0.173ms
[34.686s][info][gc] GC(18174) Pause Young (Allocation Failure) 13M->9M(15M) 0.175ms
[34.687s][info][gc] GC(18175) Pause Young (Allocation Failure) 13M->9M(15M) 0.173ms
[34.688s][info][gc] GC(18176) Pause Young (Allocation Failure) 13M->9M(15M) 0.169ms
[34.689s][info][gc] GC(18177) Pause Young (Allocation Failure) 13M->9M(15M) 0.179ms
[34.690s][info][gc] GC(18178) Pause Young (Allocation Failure) 13M->9M(15M) 0.173ms
[34.690s][info][gc] GC(18179) Pause Young (Allocation Failure) 13M->9M(15M) 0.188ms
[34.691s][info][gc] GC(18180) Pause Young (Allocation Failure) 14M->9M(15M) 0.170ms
[34.692s][info][gc] GC(18181) Pause Young (Allocation Failure) 13M->9M(15M) 0.174ms
[34.693s][info][gc] GC(18182) Pause Young (Allocation Failure) 13M->10M(15M) 0.204ms
[34.694s][info][gc] GC(18183) Pause Young (Allocation Failure) 14M->9M(15M) 0.174ms
[34.695s][info][gc] GC(18184) Pause Young (Allocation Failure) 14M->10M(15M) 0.193ms
[34.695s][info][gc] GC(18185) Pause Young (Allocation Failure) 14M->10M(15M) 0.211ms
[34.696s][info][gc] GC(18186) Pause Young (Allocation Failure) 14M->10M(15M) 0.164ms
[34.697s][info][gc] GC(18187) Pause Young (Allocation Failure) 14M->11M(15M) 0.203ms
[34.698s][info][gc] GC(18188) Pause Young (Allocation Failure) 15M->15M(15M) 0.025ms
[34.706s][info][gc] GC(18189) Pause Full (Allocation Failure) 15M->7M(15M) 8.485ms
[34.707s][info][gc] GC(18190) Pause Young (Allocation Failure) 12M->8M(15M) 0.196ms
[34.708s][info][gc] GC(18191) Pause Young (Allocation Failure) 12M->7M(15M) 0.168ms
[34.709s][info][gc] GC(18192) Pause Young (Allocation Failure) 12M->8M(15M) 0.206ms
[34.710s][info][gc] GC(18193) Pause Young (Allocation Failure) 12M->8M(15M) 0.183ms
[34.711s][info][gc] GC(18194) Pause Young (Allocation Failure) 12M->8M(15M) 0.190ms
[34.712s][info][gc] GC(18195) Pause Young (Allocation Failure) 12M->8M(15M) 0.181ms
[34.712s][info][gc] GC(18196) Pause Young (Allocation Failure) 12M->8M(15M) 0.179ms
[34.713s][info][gc] GC(18197) Pause Young (Allocation Failure) 12M->8M(15M) 0.194ms
[34.714s][info][gc] GC(18198) Pause Young (Allocation Failure) 13M->9M(15M) 0.216ms
[34.715s][info][gc] GC(18199) Pause Young (Allocation Failure) 13M->9M(15M) 0.182ms
[34.715s][info][gc] GC(18200) Pause Young (Allocation Failure) 13M->9M(15M) 0.195ms
[34.716s][info][gc] GC(18201) Pause Young (Allocation Failure) 13M->9M(15M) 0.201ms
[34.717s][info][gc] GC(18202) Pause Young (Allocation Failure) 14M->9M(15M) 0.199ms
[34.718s][info][gc] GC(18203) Pause Young (Allocation Failure) 14M->9M(15M) 0.175ms
[34.719s][info][gc] GC(18204) Pause Young (Allocation Failure) 14M->10M(15M) 0.189ms
[34.719s][info][gc] GC(18205) Pause Young (Allocation Failure) 14M->10M(15M) 0.187ms
[34.720s][info][gc] GC(18206) Pause Young (Allocation Failure) 14M->10M(15M) 0.214ms
[34.721s][info][gc] GC(18207) Pause Young (Allocation Failure) 14M->10M(15M) 0.167ms
[34.722s][info][gc] GC(18208) Pause Young (Allocation Failure) 14M->10M(15M) 0.167ms
[34.723s][info][gc] GC(18209) Pause Young (Allocation Failure) 14M->10M(15M) 0.151ms
[34.724s][info][gc] GC(18210) Pause Young (Allocation Failure) 14M->10M(15M) 0.187ms
[34.724s][info][gc] GC(18211) Pause Young (Allocation Failure) 14M->10M(15M) 0.201ms
[34.725s][info][gc] GC(18212) Pause Young (Allocation Failure) 15M->15M(15M) 0.025ms
[34.734s][info][gc] GC(18213) Pause Full (Allocation Failure) 15M->7M(15M) 8.494ms
[34.735s][info][gc] GC(18214) Pause Young (Allocation Failure) 11M->7M(15M) 0.232ms
[34.736s][info][gc] GC(18215) Pause Young (Allocation Failure) 12M->7M(15M) 0.193ms
[34.737s][info][gc] GC(18216) Pause Young (Allocation Failure) 12M->7M(15M) 0.167ms
[34.737s][info][gc] GC(18217) Pause Young (Allocation Failure) 11M->7M(15M) 0.174ms
[34.738s][info][gc] GC(18218) Pause Young (Allocation Failure) 12M->8M(15M) 0.199ms
[34.739s][info][gc] GC(18219) Pause Young (Allocation Failure) 12M->7M(15M) 0.163ms
[34.740s][info][gc] GC(18220) Pause Young (Allocation Failure) 12M->8M(15M) 0.200ms
[34.740s][info][gc] GC(18221) Pause Young (Allocation Failure) 12M->8M(15M) 0.199ms
[34.741s][info][gc] GC(18222) Pause Young (Allocation Failure) 12M->8M(15M) 0.171ms
[34.742s][info][gc] GC(18223) Pause Young (Allocation Failure) 13M->8M(15M) 0.165ms
[34.743s][info][gc] GC(18224) Pause Young (Allocation Failure) 12M->8M(15M) 0.167ms
[34.744s][info][gc] GC(18225) Pause Young (Allocation Failure) 12M->9M(15M) 0.197ms
[34.745s][info][gc] GC(18226) Pause Young (Allocation Failure) 13M->8M(15M) 0.168ms
[34.745s][info][gc] GC(18227) Pause Young (Allocation Failure) 13M->9M(15M) 0.189ms
[34.746s][info][gc] GC(18228) Pause Young (Allocation Failure) 13M->9M(15M) 0.199ms
[34.747s][info][gc] GC(18229) Pause Young (Allocation Failure) 13M->9M(15M) 0.186ms
[34.748s][info][gc] GC(18230) Pause Young (Allocation Failure) 13M->9M(15M) 0.183ms
[34.749s][info][gc] GC(18231) Pause Young (Allocation Failure) 13M->9M(15M) 0.170ms
[34.750s][info][gc] GC(18232) Pause Young (Allocation Failure) 13M->9M(15M) 0.182ms
[34.750s][info][gc] GC(18233) Pause Young (Allocation Failure) 14M->10M(15M) 0.184ms
[34.751s][info][gc] GC(18234) Pause Young (Allocation Failure) 14M->9M(15M) 0.167ms
[34.752s][info][gc] GC(18235) Pause Young (Allocation Failure) 14M->9M(15M) 0.163ms
[34.753s][info][gc] GC(18236) Pause Young (Allocation Failure) 13M->9M(15M) 0.171ms
[34.754s][info][gc] GC(18237) Pause Young (Allocation Failure) 14M->10M(15M) 0.209ms
[34.755s][info][gc] GC(18238) Pause Young (Allocation Failure) 14M->10M(15M) 0.182ms
[34.755s][info][gc] GC(18239) Pause Young (Allocation Failure) 14M->10M(15M) 0.183ms
[34.756s][info][gc] GC(18240) Pause Young (Allocation Failure) 14M->10M(15M) 0.171ms
[34.757s][info][gc] GC(18241) Pause Young (Allocation Failure) 14M->10M(15M) 0.173ms
[34.758s][info][gc] GC(18242) Pause Young (Allocation Failure) 14M->9M(15M) 0.161ms
[34.759s][info][gc] GC(18243) Pause Young (Allocation Failure) 14M->10M(15M) 0.189ms
[34.759s][info][gc] GC(18244) Pause Young (Allocation Failure) 14M->10M(15M) 0.185ms
[34.760s][info][gc] GC(18245) Pause Young (Allocation Failure) 14M->10M(15M) 0.194ms
[34.761s][info][gc] GC(18246) Pause Young (Allocation Failure) 14M->10M(15M) 0.192ms
[34.762s][info][gc] GC(18247) Pause Young (Allocation Failure) 15M->15M(15M) 0.025ms
[34.771s][info][gc] GC(18248) Pause Full (Allocation Failure) 15M->7M(15M) 8.644ms
[34.771s][info][gc] GC(18249) Pause Young (Allocation Failure) 12M->8M(15M) 0.197ms
[34.772s][info][gc] GC(18250) Pause Young (Allocation Failure) 12M->8M(15M) 0.194ms
[34.773s][info][gc] GC(18251) Pause Young (Allocation Failure) 12M->8M(15M) 0.201ms
[34.774s][info][gc] GC(18252) Pause Young (Allocation Failure) 12M->8M(15M) 0.173ms
[34.775s][info][gc] GC(18253) Pause Young (Allocation Failure) 12M->8M(15M) 0.183ms
[34.776s][info][gc] GC(18254) Pause Young (Allocation Failure) 12M->8M(15M) 0.171ms
[34.777s][info][gc] GC(18255) Pause Young (Allocation Failure) 12M->8M(15M) 0.205ms
[34.777s][info][gc] GC(18256) Pause Young (Allocation Failure) 13M->8M(15M) 0.175ms
[34.778s][info][gc] GC(18257) Pause Young (Allocation Failure) 13M->8M(15M) 0.173ms
[34.779s][info][gc] GC(18258) Pause Young (Allocation Failure) 13M->8M(15M) 0.168ms
[34.780s][info][gc] GC(18259) Pause Young (Allocation Failure) 12M->8M(15M) 0.178ms
[34.781s][info][gc] GC(18260) Pause Young (Allocation Failure) 13M->8M(15M) 0.167ms
[34.782s][info][gc] GC(18261) Pause Young (Allocation Failure) 12M->9M(15M) 0.197ms
[34.783s][info][gc] GC(18262) Pause Young (Allocation Failure) 13M->8M(15M) 0.171ms
[34.783s][info][gc] GC(18263) Pause Young (Allocation Failure) 13M->8M(15M) 0.173ms
[34.784s][info][gc] GC(18264) Pause Young (Allocation Failure) 13M->9M(15M) 0.184ms
[34.785s][info][gc] GC(18265) Pause Young (Allocation Failure) 13M->9M(15M) 0.177ms
[34.786s][info][gc] GC(18266) Pause Young (Allocation Failure) 13M->8M(15M) 0.175ms
[34.787s][info][gc] GC(18267) Pause Young (Allocation Failure) 13M->9M(15M) 0.206ms
[34.787s][info][gc] GC(18268) Pause Young (Allocation Failure) 13M->9M(15M) 0.211ms
[34.788s][info][gc] GC(18269) Pause Young (Allocation Failure) 14M->9M(15M) 0.176ms
[34.789s][info][gc] GC(18270) Pause Young (Allocation Failure) 14M->9M(15M) 0.182ms
[34.790s][info][gc] GC(18271) Pause Young (Allocation Failure) 14M->9M(15M) 0.163ms
[34.791s][info][gc] GC(18272) Pause Young (Allocation Failure) 13M->9M(15M) 0.176ms
[34.792s][info][gc] GC(18273) Pause Young (Allocation Failure) 14M->10M(15M) 0.217ms
[34.793s][info][gc] GC(18274) Pause Young (Allocation Failure) 14M->10M(15M) 0.193ms
[34.793s][info][gc] GC(18275) Pause Young (Allocation Failure) 14M->10M(15M) 0.186ms
[34.794s][info][gc] GC(18276) Pause Young (Allocation Failure) 14M->10M(15M) 0.177ms
[34.795s][info][gc] GC(18277) Pause Young (Allocation Failure) 14M->10M(15M) 0.180ms
[34.796s][info][gc] GC(18278) Pause Young (Allocation Failure) 14M->11M(15M) 0.205ms
[34.797s][info][gc] GC(18279) Pause Young (Allocation Failure) 15M->15M(15M) 0.025ms
[34.805s][info][gc] GC(18280) Pause Full (Allocation Failure) 15M->7M(15M) 8.061ms
[34.805s][info][gc] GC(18281) Pause Young (Allocation Failure) 11M->8M(15M) 0.209ms
[34.806s][info][gc] GC(18282) Pause Young (Allocation Failure) 12M->8M(15M) 0.213ms
[34.807s][info][gc] GC(18283) Pause Young (Allocation Failure) 12M->8M(15M) 0.180ms
[34.808s][info][gc] GC(18284) Pause Young (Allocation Failure) 12M->8M(15M) 0.193ms
[34.809s][info][gc] GC(18285) Pause Young (Allocation Failure) 12M->8M(15M) 0.177ms
[34.810s][info][gc] GC(18286) Pause Young (Allocation Failure) 12M->8M(15M) 0.166ms
[34.811s][info][gc] GC(18287) Pause Young (Allocation Failure) 12M->8M(15M) 0.171ms
[34.812s][info][gc] GC(18288) Pause Young (Allocation Failure) 12M->8M(15M) 0.172ms
[34.812s][info][gc] GC(18289) Pause Young (Allocation Failure) 12M->8M(15M) 0.175ms
[34.813s][info][gc] GC(18290) Pause Young (Allocation Failure) 12M->8M(15M) 0.161ms
[34.814s][info][gc] GC(18291) Pause Young (Allocation Failure) 12M->8M(15M) 0.183ms
[34.815s][info][gc] GC(18292) Pause Young (Allocation Failure) 13M->9M(15M) 0.202ms
[34.816s][info][gc] GC(18293) Pause Young (Allocation Failure) 13M->9M(15M) 0.197ms
[34.817s][info][gc] GC(18294) Pause Young (Allocation Failure) 13M->9M(15M) 0.158ms
[34.817s][info][gc] GC(18295) Pause Young (Allocation Failure) 13M->9M(15M) 0.162ms
[34.818s][info][gc] GC(18296) Pause Young (Allocation Failure) 13M->9M(15M) 0.166ms
[34.819s][info][gc] GC(18297) Pause Young (Allocation Failure) 13M->9M(15M) 0.172ms
[34.820s][info][gc] GC(18298) Pause Young (Allocation Failure) 13M->9M(15M) 0.163ms
[34.821s][info][gc] GC(18299) Pause Young (Allocation Failure) 13M->9M(15M) 0.157ms
[34.821s][info][gc] GC(18300) Pause Young (Allocation Failure) 13M->9M(15M) 0.163ms
[34.822s][info][gc] GC(18301) Pause Young (Allocation Failure) 14M->9M(15M) 0.169ms
[34.823s][info][gc] GC(18302) Pause Young (Allocation Failure) 13M->9M(15M) 0.162ms
[34.824s][info][gc] GC(18303) Pause Young (Allocation Failure) 13M->9M(15M) 0.163ms
[34.825s][info][gc] GC(18304) Pause Young (Allocation Failure) 13M->9M(15M) 0.190ms
[34.825s][info][gc] GC(18305) Pause Young (Allocation Failure) 14M->10M(15M) 0.174ms
[34.826s][info][gc] GC(18306) Pause Young (Allocation Failure) 14M->10M(15M) 0.149ms
[34.827s][info][gc] GC(18307) Pause Young (Allocation Failure) 15M->15M(15M) 0.024ms
[34.835s][info][gc] GC(18308) Pause Full (Allocation Failure) 15M->7M(15M) 7.763ms
[34.836s][info][gc] GC(18309) Pause Young (Allocation Failure) 11M->7M(15M) 0.175ms
[34.836s][info][gc] GC(18310) Pause Young (Allocation Failure) 11M->7M(15M) 0.154ms
[34.837s][info][gc] GC(18311) Pause Young (Allocation Failure) 12M->7M(15M) 0.185ms
[34.838s][info][gc] GC(18312) Pause Young (Allocation Failure) 12M->8M(15M) 0.195ms
[34.839s][info][gc] GC(18313) Pause Young (Allocation Failure) 12M->7M(15M) 0.166ms
[34.840s][info][gc] GC(18314) Pause Young (Allocation Failure) 12M->7M(15M) 0.170ms
[34.841s][info][gc] GC(18315) Pause Young (Allocation Failure) 12M->8M(15M) 0.190ms
[34.842s][info][gc] GC(18316) Pause Young (Allocation Failure) 12M->8M(15M) 0.180ms
[34.843s][info][gc] GC(18317) Pause Young (Allocation Failure) 12M->8M(15M) 0.255ms
[34.843s][info][gc] GC(18318) Pause Young (Allocation Failure) 13M->8M(15M) 0.178ms
[34.844s][info][gc] GC(18319) Pause Young (Allocation Failure) 12M->8M(15M) 0.183ms
[34.845s][info][gc] GC(18320) Pause Young (Allocation Failure) 13M->8M(15M) 0.170ms
[34.846s][info][gc] GC(18321) Pause Young (Allocation Failure) 13M->8M(15M) 0.158ms
[34.847s][info][gc] GC(18322) Pause Young (Allocation Failure) 12M->8M(15M) 0.166ms
[34.848s][info][gc] GC(18323) Pause Young (Allocation Failure) 13M->8M(15M) 0.166ms
[34.848s][info][gc] GC(18324) Pause Young (Allocation Failure) 12M->8M(15M) 0.164ms
[34.849s][info][gc] GC(18325) Pause Young (Allocation Failure) 12M->9M(15M) 0.183ms
[34.850s][info][gc] GC(18326) Pause Young (Allocation Failure) 13M->8M(15M) 0.163ms
[34.851s][info][gc] GC(18327) Pause Young (Allocation Failure) 13M->9M(15M) 0.168ms
[34.852s][info][gc] GC(18328) Pause Young (Allocation Failure) 13M->9M(15M) 0.278ms
[34.853s][info][gc] GC(18329) Pause Young (Allocation Failure) 13M->9M(15M) 0.181ms
[34.853s][info][gc] GC(18330) Pause Young (Allocation Failure) 13M->9M(15M) 0.163ms
[34.854s][info][gc] GC(18331) Pause Young (Allocation Failure) 13M->9M(15M) 0.173ms
[34.855s][info][gc] GC(18332) Pause Young (Allocation Failure) 13M->9M(15M) 0.167ms
[34.856s][info][gc] GC(18333) Pause Young (Allocation Failure) 13M->9M(15M) 0.132ms
[34.856s][info][gc] GC(18334) Pause Young (Allocation Failure) 13M->9M(15M) 0.170ms
[34.857s][info][gc] GC(18335) Pause Young (Allocation Failure) 13M->9M(15M) 0.164ms
[34.858s][info][gc] GC(18336) Pause Young (Allocation Failure) 13M->9M(15M) 0.171ms
[34.859s][info][gc] GC(18337) Pause Young (Allocation Failure) 13M->9M(15M) 0.197ms
[34.860s][info][gc] GC(18338) Pause Young (Allocation Failure) 14M->10M(15M) 0.203ms
[34.861s][info][gc] GC(18339) Pause Young (Allocation Failure) 14M->10M(15M) 0.161ms
[34.862s][info][gc] GC(18340) Pause Young (Allocation Failure) 14M->10M(15M) 0.170ms
[34.862s][info][gc] GC(18341) Pause Young (Allocation Failure) 14M->10M(15M) 0.194ms
[34.863s][info][gc] GC(18342) Pause Young (Allocation Failure) 14M->10M(15M) 0.169ms
[34.864s][info][gc] GC(18343) Pause Young (Allocation Failure) 14M->10M(15M) 0.174ms
[34.865s][info][gc] GC(18344) Pause Young (Allocation Failure) 14M->10M(15M) 0.171ms
[34.866s][info][gc] GC(18345) Pause Young (Allocation Failure) 14M->10M(15M) 0.172ms
[34.866s][info][gc] GC(18346) Pause Young (Allocation Failure) 14M->10M(15M) 0.179ms
[34.867s][info][gc] GC(18347) Pause Young (Allocation Failure) 14M->10M(15M) 0.199ms
[34.868s][info][gc] GC(18348) Pause Young (Allocation Failure) 15M->15M(15M) 0.024ms
[34.876s][info][gc] GC(18349) Pause Full (Allocation Failure) 15M->7M(15M) 8.352ms
[34.877s][info][gc] GC(18350) Pause Young (Allocation Failure) 12M->8M(15M) 0.201ms
[34.878s][info][gc] GC(18351) Pause Young (Allocation Failure) 12M->8M(15M) 0.254ms
[34.879s][info][gc] GC(18352) Pause Young (Allocation Failure) 12M->8M(15M) 0.166ms
[34.880s][info][gc] GC(18353) Pause Young (Allocation Failure) 12M->8M(15M) 0.183ms
[34.881s][info][gc] GC(18354) Pause Young (Allocation Failure) 12M->8M(15M) 0.158ms
[34.881s][info][gc] GC(18355) Pause Young (Allocation Failure) 12M->9M(15M) 0.188ms
[34.882s][info][gc] GC(18356) Pause Young (Allocation Failure) 13M->9M(15M) 0.192ms
[34.883s][info][gc] GC(18357) Pause Young (Allocation Failure) 13M->9M(15M) 0.184ms
[34.884s][info][gc] GC(18358) Pause Young (Allocation Failure) 13M->9M(15M) 0.163ms
[34.885s][info][gc] GC(18359) Pause Young (Allocation Failure) 13M->9M(15M) 0.176ms
[34.885s][info][gc] GC(18360) Pause Young (Allocation Failure) 13M->9M(15M) 0.174ms
[34.886s][info][gc] GC(18361) Pause Young (Allocation Failure) 13M->9M(15M) 0.162ms
[34.887s][info][gc] GC(18362) Pause Young (Allocation Failure) 13M->9M(15M) 0.200ms
[34.888s][info][gc] GC(18363) Pause Young (Allocation Failure) 14M->9M(15M) 0.176ms
[34.889s][info][gc] GC(18364) Pause Young (Allocation Failure) 14M->9M(15M) 0.168ms
[34.889s][info][gc] GC(18365) Pause Young (Allocation Failure) 13M->9M(15M) 0.186ms
[34.890s][info][gc] GC(18366) Pause Young (Allocation Failure) 13M->9M(15M) 0.170ms
[34.891s][info][gc] GC(18367) Pause Young (Allocation Failure) 13M->9M(15M) 0.167ms
[34.892s][info][gc] GC(18368) Pause Young (Allocation Failure) 13M->9M(15M) 0.182ms
[34.893s][info][gc] GC(18369) Pause Young (Allocation Failure) 14M->9M(15M) 0.161ms
[34.894s][info][gc] GC(18370) Pause Young (Allocation Failure) 13M->9M(15M) 0.169ms
[34.894s][info][gc] GC(18371) Pause Young (Allocation Failure) 14M->10M(15M) 0.197ms
[34.895s][info][gc] GC(18372) Pause Young (Allocation Failure) 14M->10M(15M) 0.166ms
[34.896s][info][gc] GC(18373) Pause Young (Allocation Failure) 14M->10M(15M) 0.169ms
[34.897s][info][gc] GC(18374) Pause Young (Allocation Failure) 14M->10M(15M) 0.182ms
[34.898s][info][gc] GC(18375) Pause Young (Allocation Failure) 14M->10M(15M) 0.179ms
[34.898s][info][gc] GC(18376) Pause Young (Allocation Failure) 14M->10M(15M) 0.176ms
[34.899s][info][gc] GC(18377) Pause Young (Allocation Failure) 14M->10M(15M) 0.177ms
[34.900s][info][gc] GC(18378) Pause Young (Allocation Failure) 14M->10M(15M) 0.172ms
[34.901s][info][gc] GC(18379) Pause Young (Allocation Failure) 14M->10M(15M) 0.165ms
[34.902s][info][gc] GC(18380) Pause Young (Allocation Failure) 14M->10M(15M) 0.191ms
[34.902s][info][gc] GC(18381) Pause Young (Allocation Failure) 15M->15M(15M) 0.024ms
[34.910s][info][gc] GC(18382) Pause Full (Allocation Failure) 15M->7M(15M) 8.133ms
[34.911s][info][gc] GC(18383) Pause Young (Allocation Failure) 12M->8M(15M) 0.208ms
[34.912s][info][gc] GC(18384) Pause Young (Allocation Failure) 12M->8M(15M) 0.151ms
[34.913s][info][gc] GC(18385) Pause Young (Allocation Failure) 12M->7M(15M) 0.157ms
[34.914s][info][gc] GC(18386) Pause Young (Allocation Failure) 12M->8M(15M) 0.191ms
[34.915s][info][gc] GC(18387) Pause Young (Allocation Failure) 12M->8M(15M) 0.170ms
[34.915s][info][gc] GC(18388) Pause Young (Allocation Failure) 12M->8M(15M) 0.174ms
[34.916s][info][gc] GC(18389) Pause Young (Allocation Failure) 12M->8M(15M) 0.164ms
[34.917s][info][gc] GC(18390) Pause Young (Allocation Failure) 12M->8M(15M) 0.163ms
[34.918s][info][gc] GC(18391) Pause Young (Allocation Failure) 12M->8M(15M) 0.202ms
[34.919s][info][gc] GC(18392) Pause Young (Allocation Failure) 13M->8M(15M) 0.178ms
[34.920s][info][gc] GC(18393) Pause Young (Allocation Failure) 12M->8M(15M) 0.195ms
[34.920s][info][gc] GC(18394) Pause Young (Allocation Failure) 13M->8M(15M) 0.187ms
[34.921s][info][gc] GC(18395) Pause Young (Allocation Failure) 13M->8M(15M) 0.193ms
[34.922s][info][gc] GC(18396) Pause Young (Allocation Failure) 13M->8M(15M) 0.180ms
[34.923s][info][gc] GC(18397) Pause Young (Allocation Failure) 13M->9M(15M) 0.208ms
[34.924s][info][gc] GC(18398) Pause Young (Allocation Failure) 13M->9M(15M) 0.190ms
[34.925s][info][gc] GC(18399) Pause Young (Allocation Failure) 13M->8M(15M) 0.161ms
[34.926s][info][gc] GC(18400) Pause Young (Allocation Failure) 13M->8M(15M) 0.164ms
[34.927s][info][gc] GC(18401) Pause Young (Allocation Failure) 13M->9M(15M) 0.176ms
[34.927s][info][gc] GC(18402) Pause Young (Allocation Failure) 13M->9M(15M) 0.173ms
[34.928s][info][gc] GC(18403) Pause Young (Allocation Failure) 13M->9M(15M) 0.170ms
[34.929s][info][gc] GC(18404) Pause Young (Allocation Failure) 13M->9M(15M) 0.158ms
[34.930s][info][gc] GC(18405) Pause Young (Allocation Failure) 13M->9M(15M) 0.160ms
[34.931s][info][gc] GC(18406) Pause Young (Allocation Failure) 13M->9M(15M) 0.181ms
[34.931s][info][gc] GC(18407) Pause Young (Allocation Failure) 14M->9M(15M) 0.170ms
[34.932s][info][gc] GC(18408) Pause Young (Allocation Failure) 14M->9M(15M) 0.159ms
[34.933s][info][gc] GC(18409) Pause Young (Allocation Failure) 13M->9M(15M) 0.159ms
[34.934s][info][gc] GC(18410) Pause Young (Allocation Failure) 13M->9M(15M) 0.154ms
[34.935s][info][gc] GC(18411) Pause Young (Allocation Failure) 13M->9M(15M) 0.165ms
[34.935s][info][gc] GC(18412) Pause Young (Allocation Failure) 14M->9M(15M) 0.169ms
[34.936s][info][gc] GC(18413) Pause Young (Allocation Failure) 14M->9M(15M) 0.168ms
[34.937s][info][gc] GC(18414) Pause Young (Allocation Failure) 14M->9M(15M) 0.151ms
[34.938s][info][gc] GC(18415) Pause Young (Allocation Failure) 14M->10M(15M) 0.188ms
[34.938s][info][gc] GC(18416) Pause Young (Allocation Failure) 14M->9M(15M) 0.148ms
[34.939s][info][gc] GC(18417) Pause Young (Allocation Failure) 14M->9M(15M) 0.158ms
[34.940s][info][gc] GC(18418) Pause Young (Allocation Failure) 14M->10M(15M) 0.209ms
[34.941s][info][gc] GC(18419) Pause Young (Allocation Failure) 14M->10M(15M) 0.204ms
[34.942s][info][gc] GC(18420) Pause Young (Allocation Failure) 15M->15M(15M) 0.025ms
[34.950s][info][gc] GC(18421) Pause Full (Allocation Failure) 15M->8M(15M) 8.324ms
[34.951s][info][gc] GC(18422) Pause Young (Allocation Failure) 12M->8M(15M) 0.195ms
[34.952s][info][gc] GC(18423) Pause Young (Allocation Failure) 12M->8M(15M) 0.169ms
[34.953s][info][gc] GC(18424) Pause Young (Allocation Failure) 12M->8M(15M) 0.174ms
[34.953s][info][gc] GC(18425) Pause Young (Allocation Failure) 12M->8M(15M) 0.192ms
[34.954s][info][gc] GC(18426) Pause Young (Allocation Failure) 12M->8M(15M) 0.176ms
[34.955s][info][gc] GC(18427) Pause Young (Allocation Failure) 12M->8M(15M) 0.192ms
[34.956s][info][gc] GC(18428) Pause Young (Allocation Failure) 13M->8M(15M) 0.192ms
[34.957s][info][gc] GC(18429) Pause Young (Allocation Failure) 13M->8M(15M) 0.170ms
[34.958s][info][gc] GC(18430) Pause Young (Allocation Failure) 12M->8M(15M) 0.168ms
[34.959s][info][gc] GC(18431) Pause Young (Allocation Failure) 12M->8M(15M) 0.185ms
[34.960s][info][gc] GC(18432) Pause Young (Allocation Failure) 13M->9M(15M) 0.196ms
[34.960s][info][gc] GC(18433) Pause Young (Allocation Failure) 13M->9M(15M) 0.192ms
[34.961s][info][gc] GC(18434) Pause Young (Allocation Failure) 13M->9M(15M) 0.176ms
[34.962s][info][gc] GC(18435) Pause Young (Allocation Failure) 13M->9M(15M) 0.177ms
[34.963s][info][gc] GC(18436) Pause Young (Allocation Failure) 13M->9M(15M) 0.190ms
[34.964s][info][gc] GC(18437) Pause Young (Allocation Failure) 13M->9M(15M) 0.200ms
[34.964s][info][gc] GC(18438) Pause Young (Allocation Failure) 14M->9M(15M) 0.185ms
[34.965s][info][gc] GC(18439) Pause Young (Allocation Failure) 14M->9M(15M) 0.175ms
[34.966s][info][gc] GC(18440) Pause Young (Allocation Failure) 14M->9M(15M) 0.171ms
[34.967s][info][gc] GC(18441) Pause Young (Allocation Failure) 13M->10M(15M) 0.192ms
[34.968s][info][gc] GC(18442) Pause Young (Allocation Failure) 14M->9M(15M) 0.170ms
[34.969s][info][gc] GC(18443) Pause Young (Allocation Failure) 14M->10M(15M) 0.191ms
[34.969s][info][gc] GC(18444) Pause Young (Allocation Failure) 14M->10M(15M) 0.181ms
[34.970s][info][gc] GC(18445) Pause Young (Allocation Failure) 14M->10M(15M) 0.172ms
[34.971s][info][gc] GC(18446) Pause Young (Allocation Failure) 14M->10M(15M) 0.185ms
[34.972s][info][gc] GC(18447) Pause Young (Allocation Failure) 14M->10M(15M) 0.207ms
[34.973s][info][gc] GC(18448) Pause Young (Allocation Failure) 14M->10M(15M) 0.181ms
[34.974s][info][gc] GC(18449) Pause Young (Allocation Failure) 14M->10M(15M) 0.203ms
[34.974s][info][gc] GC(18450) Pause Young (Allocation Failure) 15M->15M(15M) 0.025ms
[34.982s][info][gc] GC(18451) Pause Full (Allocation Failure) 15M->7M(15M) 8.020ms
[34.983s][info][gc] GC(18452) Pause Young (Allocation Failure) 11M->8M(15M) 0.162ms
[34.984s][info][gc] GC(18453) Pause Young (Allocation Failure) 12M->7M(15M) 0.173ms
[34.985s][info][gc] GC(18454) Pause Young (Allocation Failure) 12M->7M(15M) 0.196ms
[34.986s][info][gc] GC(18455) Pause Young (Allocation Failure) 12M->8M(15M) 0.193ms
[34.987s][info][gc] GC(18456) Pause Young (Allocation Failure) 12M->8M(15M) 0.214ms
[34.988s][info][gc] GC(18457) Pause Young (Allocation Failure) 12M->8M(15M) 0.170ms
[34.988s][info][gc] GC(18458) Pause Young (Allocation Failure) 12M->8M(15M) 0.164ms
[34.989s][info][gc] GC(18459) Pause Young (Allocation Failure) 12M->8M(15M) 0.178ms
[34.990s][info][gc] GC(18460) Pause Young (Allocation Failure) 12M->8M(15M) 0.187ms
[34.991s][info][gc] GC(18461) Pause Young (Allocation Failure) 12M->8M(15M) 0.188ms
[34.992s][info][gc] GC(18462) Pause Young (Allocation Failure) 12M->8M(15M) 0.175ms
[34.993s][info][gc] GC(18463) Pause Young (Allocation Failure) 12M->8M(15M) 0.172ms
[34.994s][info][gc] GC(18464) Pause Young (Allocation Failure) 12M->8M(15M) 0.166ms
[34.994s][info][gc] GC(18465) Pause Young (Allocation Failure) 12M->8M(15M) 0.169ms
[34.995s][info][gc] GC(18466) Pause Young (Allocation Failure) 12M->8M(15M) 0.170ms
[34.996s][info][gc] GC(18467) Pause Young (Allocation Failure) 12M->9M(15M) 0.205ms
[34.997s][info][gc] GC(18468) Pause Young (Allocation Failure) 13M->9M(15M) 0.199ms
[34.998s][info][gc] GC(18469) Pause Young (Allocation Failure) 13M->8M(15M) 0.169ms
[34.999s][info][gc] GC(18470) Pause Young (Allocation Failure) 13M->9M(15M) 0.186ms
[34.999s][info][gc] GC(18471) Pause Young (Allocation Failure) 13M->9M(15M) 0.177ms
[35.000s][info][gc] GC(18472) Pause Young (Allocation Failure) 13M->9M(15M) 0.191ms
[35.001s][info][gc] GC(18473) Pause Young (Allocation Failure) 13M->9M(15M) 0.181ms
[35.002s][info][gc] GC(18474) Pause Young (Allocation Failure) 13M->8M(15M) 0.170ms
[35.003s][info][gc] GC(18475) Pause Young (Allocation Failure) 13M->9M(15M) 0.186ms
[35.003s][info][gc] GC(18476) Pause Young (Allocation Failure) 13M->8M(15M) 0.169ms
[35.004s][info][gc] GC(18477) Pause Young (Allocation Failure) 13M->9M(15M) 0.218ms
[35.005s][info][gc] GC(18478) Pause Young (Allocation Failure) 14M->9M(15M) 0.186ms
[35.006s][info][gc] GC(18479) Pause Young (Allocation Failure) 14M->10M(15M) 0.193ms
[35.007s][info][gc] GC(18480) Pause Young (Allocation Failure) 14M->9M(15M) 0.164ms
[35.008s][info][gc] GC(18481) Pause Young (Allocation Failure) 13M->10M(15M) 0.200ms
[35.008s][info][gc] GC(18482) Pause Young (Allocation Failure) 14M->9M(15M) 0.168ms
[35.009s][info][gc] GC(18483) Pause Young (Allocation Failure) 14M->10M(15M) 0.191ms
[35.010s][info][gc] GC(18484) Pause Young (Allocation Failure) 14M->10M(15M) 0.205ms
[35.011s][info][gc] GC(18485) Pause Young (Allocation Failure) 15M->15M(15M) 0.025ms
[35.019s][info][gc] GC(18486) Pause Full (Allocation Failure) 15M->7M(15M) 8.116ms
[35.020s][info][gc] GC(18487) Pause Young (Allocation Failure) 11M->8M(15M) 0.222ms
[35.021s][info][gc] GC(18488) Pause Young (Allocation Failure) 12M->8M(15M) 0.180ms
[35.022s][info][gc] GC(18489) Pause Young (Allocation Failure) 12M->8M(15M) 0.170ms
[35.022s][info][gc] GC(18490) Pause Young (Allocation Failure) 12M->8M(15M) 0.182ms
[35.023s][info][gc] GC(18491) Pause Young (Allocation Failure) 12M->8M(15M) 0.167ms
[35.024s][info][gc] GC(18492) Pause Young (Allocation Failure) 12M->8M(15M) 0.202ms
[35.025s][info][gc] GC(18493) Pause Young (Allocation Failure) 13M->8M(15M) 0.181ms
[35.026s][info][gc] GC(18494) Pause Young (Allocation Failure) 12M->8M(15M) 0.169ms
[35.027s][info][gc] GC(18495) Pause Young (Allocation Failure) 12M->8M(15M) 0.186ms
[35.027s][info][gc] GC(18496) Pause Young (Allocation Failure) 13M->8M(15M) 0.170ms
[35.028s][info][gc] GC(18497) Pause Young (Allocation Failure) 12M->8M(15M) 0.189ms
[35.029s][info][gc] GC(18498) Pause Young (Allocation Failure) 13M->9M(15M) 0.192ms
[35.030s][info][gc] GC(18499) Pause Young (Allocation Failure) 13M->9M(15M) 0.180ms
[35.031s][info][gc] GC(18500) Pause Young (Allocation Failure) 13M->8M(15M) 0.163ms
[35.031s][info][gc] GC(18501) Pause Young (Allocation Failure) 13M->9M(15M) 0.175ms
[35.032s][info][gc] GC(18502) Pause Young (Allocation Failure) 13M->9M(15M) 0.207ms
[35.033s][info][gc] GC(18503) Pause Young (Allocation Failure) 13M->9M(15M) 0.193ms
[35.034s][info][gc] GC(18504) Pause Young (Allocation Failure) 14M->9M(15M) 0.171ms
[35.035s][info][gc] GC(18505) Pause Young (Allocation Failure) 13M->9M(15M) 0.182ms
[35.035s][info][gc] GC(18506) Pause Young (Allocation Failure) 14M->9M(15M) 0.177ms
[35.036s][info][gc] GC(18507) Pause Young (Allocation Failure) 13M->9M(15M) 0.164ms
[35.037s][info][gc] GC(18508) Pause Young (Allocation Failure) 13M->9M(15M) 0.180ms
[35.038s][info][gc] GC(18509) Pause Young (Allocation Failure) 13M->9M(15M) 0.170ms
[35.039s][info][gc] GC(18510) Pause Young (Allocation Failure) 13M->10M(15M) 0.221ms
[35.040s][info][gc] GC(18511) Pause Young (Allocation Failure) 14M->10M(15M) 0.192ms
[35.041s][info][gc] GC(18512) Pause Young (Allocation Failure) 14M->10M(15M) 0.164ms
[35.041s][info][gc] GC(18513) Pause Young (Allocation Failure) 14M->10M(15M) 0.161ms
[35.042s][info][gc] GC(18514) Pause Young (Allocation Failure) 14M->10M(15M) 0.161ms
[35.043s][info][gc] GC(18515) Pause Young (Allocation Failure) 14M->10M(15M) 0.174ms
[35.044s][info][gc] GC(18516) Pause Young (Allocation Failure) 14M->10M(15M) 0.146ms
[35.044s][info][gc] GC(18517) Pause Young (Allocation Failure) 15M->15M(15M) 0.025ms
[35.053s][info][gc] GC(18518) Pause Full (Allocation Failure) 15M->8M(15M) 8.366ms
[35.054s][info][gc] GC(18519) Pause Young (Allocation Failure) 12M->8M(15M) 0.201ms
[35.055s][info][gc] GC(18520) Pause Young (Allocation Failure) 12M->8M(15M) 0.181ms
[35.055s][info][gc] GC(18521) Pause Young (Allocation Failure) 12M->8M(15M) 0.183ms
[35.056s][info][gc] GC(18522) Pause Young (Allocation Failure) 12M->8M(15M) 0.205ms
[35.057s][info][gc] GC(18523) Pause Young (Allocation Failure) 13M->8M(15M) 0.176ms
[35.058s][info][gc] GC(18524) Pause Young (Allocation Failure) 12M->8M(15M) 0.177ms
[35.059s][info][gc] GC(18525) Pause Young (Allocation Failure) 12M->8M(15M) 0.178ms
[35.060s][info][gc] GC(18526) Pause Young (Allocation Failure) 13M->8M(15M) 0.173ms
[35.060s][info][gc] GC(18527) Pause Young (Allocation Failure) 13M->9M(15M) 0.192ms
[35.061s][info][gc] GC(18528) Pause Young (Allocation Failure) 13M->9M(15M) 0.209ms
[35.062s][info][gc] GC(18529) Pause Young (Allocation Failure) 13M->9M(15M) 0.197ms
[35.063s][info][gc] GC(18530) Pause Young (Allocation Failure) 14M->9M(15M) 0.134ms
[35.063s][info][gc] GC(18531) Pause Young (Allocation Failure) 14M->9M(15M) 0.169ms
[35.064s][info][gc] GC(18532) Pause Young (Allocation Failure) 13M->9M(15M) 0.173ms
[35.065s][info][gc] GC(18533) Pause Young (Allocation Failure) 13M->9M(15M) 0.186ms
[35.066s][info][gc] GC(18534) Pause Young (Allocation Failure) 14M->9M(15M) 0.173ms
[35.067s][info][gc] GC(18535) Pause Young (Allocation Failure) 13M->9M(15M) 0.182ms
[35.068s][info][gc] GC(18536) Pause Young (Allocation Failure) 14M->10M(15M) 0.198ms
[35.068s][info][gc] GC(18537) Pause Young (Allocation Failure) 14M->9M(15M) 0.178ms
[35.069s][info][gc] GC(18538) Pause Young (Allocation Failure) 14M->9M(15M) 0.168ms
[35.070s][info][gc] GC(18539) Pause Young (Allocation Failure) 14M->10M(15M) 0.181ms
[35.071s][info][gc] GC(18540) Pause Young (Allocation Failure) 14M->10M(15M) 0.207ms
[35.072s][info][gc] GC(18541) Pause Young (Allocation Failure) 14M->10M(15M) 0.163ms
[35.073s][info][gc] GC(18542) Pause Young (Allocation Failure) 14M->10M(15M) 0.171ms
[35.073s][info][gc] GC(18543) Pause Young (Allocation Failure) 14M->10M(15M) 0.186ms
[35.074s][info][gc] GC(18544) Pause Young (Allocation Failure) 14M->10M(15M) 0.158ms
[35.075s][info][gc] GC(18545) Pause Young (Allocation Failure) 15M->10M(15M) 0.149ms
[35.076s][info][gc] GC(18546) Pause Young (Allocation Failure) 15M->10M(15M) 0.182ms
[35.077s][info][gc] GC(18547) Pause Young (Allocation Failure) 14M->10M(15M) 0.178ms
[35.078s][info][gc] GC(18548) Pause Young (Allocation Failure) 15M->10M(15M) 0.144ms
[35.078s][info][gc] GC(18549) Pause Young (Allocation Failure) 15M->10M(15M) 0.196ms
[35.079s][info][gc] GC(18550) Pause Young (Allocation Failure) 15M->15M(15M) 0.025ms
[35.087s][info][gc] GC(18551) Pause Full (Allocation Failure) 15M->7M(15M) 8.096ms
[35.088s][info][gc] GC(18552) Pause Young (Allocation Failure) 11M->8M(15M) 0.212ms
[35.089s][info][gc] GC(18553) Pause Young (Allocation Failure) 12M->8M(15M) 0.224ms
[35.090s][info][gc] GC(18554) Pause Young (Allocation Failure) 12M->8M(15M) 0.182ms
[35.091s][info][gc] GC(18555) Pause Young (Allocation Failure) 12M->9M(15M) 0.215ms
[35.092s][info][gc] GC(18556) Pause Young (Allocation Failure) 13M->9M(15M) 0.189ms
[35.092s][info][gc] GC(18557) Pause Young (Allocation Failure) 13M->9M(15M) 0.173ms
[35.093s][info][gc] GC(18558) Pause Young (Allocation Failure) 13M->9M(15M) 0.193ms
[35.094s][info][gc] GC(18559) Pause Young (Allocation Failure) 13M->9M(15M) 0.195ms
[35.095s][info][gc] GC(18560) Pause Young (Allocation Failure) 14M->9M(15M) 0.182ms
[35.096s][info][gc] GC(18561) Pause Young (Allocation Failure) 14M->9M(15M) 0.166ms
[35.097s][info][gc] GC(18562) Pause Young (Allocation Failure) 13M->9M(15M) 0.175ms
[35.098s][info][gc] GC(18563) Pause Young (Allocation Failure) 13M->9M(15M) 0.177ms
[35.099s][info][gc] GC(18564) Pause Young (Allocation Failure) 14M->9M(15M) 0.166ms
[35.099s][info][gc] GC(18565) Pause Young (Allocation Failure) 13M->9M(15M) 0.166ms
[35.100s][info][gc] GC(18566) Pause Young (Allocation Failure) 13M->9M(15M) 0.171ms
[35.101s][info][gc] GC(18567) Pause Young (Allocation Failure) 13M->9M(15M) 0.175ms
[35.102s][info][gc] GC(18568) Pause Young (Allocation Failure) 13M->10M(15M) 0.203ms
[35.103s][info][gc] GC(18569) Pause Young (Allocation Failure) 14M->10M(15M) 0.195ms
[35.104s][info][gc] GC(18570) Pause Young (Allocation Failure) 14M->10M(15M) 0.181ms
[35.105s][info][gc] GC(18571) Pause Young (Allocation Failure) 14M->9M(15M) 0.167ms
[35.105s][info][gc] GC(18572) Pause Young (Allocation Failure) 14M->10M(15M) 0.207ms
[35.106s][info][gc] GC(18573) Pause Young (Allocation Failure) 14M->10M(15M) 0.167ms
[35.107s][info][gc] GC(18574) Pause Young (Allocation Failure) 14M->11M(15M) 0.167ms
[35.108s][info][gc] GC(18575) Pause Young (Allocation Failure) 15M->15M(15M) 0.028ms
[35.116s][info][gc] GC(18576) Pause Full (Allocation Failure) 15M->7M(15M) 8.149ms
[35.117s][info][gc] GC(18577) Pause Young (Allocation Failure) 11M->8M(15M) 0.244ms
[35.118s][info][gc] GC(18578) Pause Young (Allocation Failure) 12M->8M(15M) 0.188ms
[35.119s][info][gc] GC(18579) Pause Young (Allocation Failure) 12M->8M(15M) 0.197ms
[35.119s][info][gc] GC(18580) Pause Young (Allocation Failure) 12M->9M(15M) 0.224ms
[35.120s][info][gc] GC(18581) Pause Young (Allocation Failure) 13M->9M(15M) 0.184ms
[35.121s][info][gc] GC(18582) Pause Young (Allocation Failure) 13M->8M(15M) 0.174ms
[35.122s][info][gc] GC(18583) Pause Young (Allocation Failure) 13M->9M(15M) 0.187ms
[35.123s][info][gc] GC(18584) Pause Young (Allocation Failure) 13M->8M(15M) 0.171ms
[35.124s][info][gc] GC(18585) Pause Young (Allocation Failure) 13M->9M(15M) 0.202ms
[35.125s][info][gc] GC(18586) Pause Young (Allocation Failure) 13M->9M(15M) 0.206ms
[35.125s][info][gc] GC(18587) Pause Young (Allocation Failure) 14M->9M(15M) 0.161ms
[35.126s][info][gc] GC(18588) Pause Young (Allocation Failure) 13M->9M(15M) 0.174ms
[35.127s][info][gc] GC(18589) Pause Young (Allocation Failure) 13M->10M(15M) 0.207ms
[35.128s][info][gc] GC(18590) Pause Young (Allocation Failure) 14M->9M(15M) 0.174ms
[35.129s][info][gc] GC(18591) Pause Young (Allocation Failure) 14M->9M(15M) 0.170ms
[35.129s][info][gc] GC(18592) Pause Young (Allocation Failure) 14M->10M(15M) 0.205ms
[35.130s][info][gc] GC(18593) Pause Young (Allocation Failure) 14M->10M(15M) 0.166ms
[35.131s][info][gc] GC(18594) Pause Young (Allocation Failure) 14M->10M(15M) 0.205ms
[35.132s][info][gc] GC(18595) Pause Young (Allocation Failure) 15M->15M(15M) 0.025ms
[35.140s][info][gc] GC(18596) Pause Full (Allocation Failure) 15M->7M(15M) 8.031ms
[35.141s][info][gc] GC(18597) Pause Young (Allocation Failure) 12M->8M(15M) 0.226ms
[35.142s][info][gc] GC(18598) Pause Young (Allocation Failure) 12M->8M(15M) 0.180ms
[35.143s][info][gc] GC(18599) Pause Young (Allocation Failure) 12M->8M(15M) 0.166ms
[35.143s][info][gc] GC(18600) Pause Young (Allocation Failure) 12M->8M(15M) 0.180ms
[35.144s][info][gc] GC(18601) Pause Young (Allocation Failure) 12M->8M(15M) 0.181ms
[35.145s][info][gc] GC(18602) Pause Young (Allocation Failure) 12M->8M(15M) 0.210ms
[35.146s][info][gc] GC(18603) Pause Young (Allocation Failure) 12M->8M(15M) 0.171ms
[35.147s][info][gc] GC(18604) Pause Young (Allocation Failure) 12M->8M(15M) 0.205ms
[35.148s][info][gc] GC(18605) Pause Young (Allocation Failure) 13M->8M(15M) 0.175ms
[35.148s][info][gc] GC(18606) Pause Young (Allocation Failure) 12M->8M(15M) 0.175ms
[35.149s][info][gc] GC(18607) Pause Young (Allocation Failure) 13M->8M(15M) 0.182ms
[35.150s][info][gc] GC(18608) Pause Young (Allocation Failure) 13M->8M(15M) 0.189ms
[35.151s][info][gc] GC(18609) Pause Young (Allocation Failure) 13M->9M(15M) 0.222ms
[35.152s][info][gc] GC(18610) Pause Young (Allocation Failure) 13M->9M(15M) 0.183ms
[35.153s][info][gc] GC(18611) Pause Young (Allocation Failure) 13M->9M(15M) 0.167ms
[35.154s][info][gc] GC(18612) Pause Young (Allocation Failure) 13M->9M(15M) 0.136ms
[35.155s][info][gc] GC(18613) Pause Young (Allocation Failure) 13M->9M(15M) 0.163ms
[35.155s][info][gc] GC(18614) Pause Young (Allocation Failure) 13M->9M(15M) 0.178ms
[35.156s][info][gc] GC(18615) Pause Young (Allocation Failure) 13M->9M(15M) 0.174ms
[35.157s][info][gc] GC(18616) Pause Young (Allocation Failure) 13M->9M(15M) 0.175ms
[35.158s][info][gc] GC(18617) Pause Young (Allocation Failure) 13M->9M(15M) 0.191ms
[35.158s][info][gc] GC(18618) Pause Young (Allocation Failure) 14M->9M(15M) 0.164ms
[35.159s][info][gc] GC(18619) Pause Young (Allocation Failure) 13M->9M(15M) 0.176ms
[35.160s][info][gc] GC(18620) Pause Young (Allocation Failure) 13M->9M(15M) 0.171ms
[35.161s][info][gc] GC(18621) Pause Young (Allocation Failure) 13M->9M(15M) 0.171ms
[35.162s][info][gc] GC(18622) Pause Young (Allocation Failure) 14M->9M(15M) 0.178ms
[35.162s][info][gc] GC(18623) Pause Young (Allocation Failure) 14M->10M(15M) 0.204ms
[35.163s][info][gc] GC(18624) Pause Young (Allocation Failure) 14M->10M(15M) 0.179ms
[35.164s][info][gc] GC(18625) Pause Young (Allocation Failure) 14M->10M(15M) 0.176ms
[35.165s][info][gc] GC(18626) Pause Young (Allocation Failure) 14M->10M(15M) 0.198ms
[35.166s][info][gc] GC(18627) Pause Young (Allocation Failure) 14M->10M(15M) 0.176ms
[35.167s][info][gc] GC(18628) Pause Young (Allocation Failure) 14M->9M(15M) 0.167ms
[35.167s][info][gc] GC(18629) Pause Young (Allocation Failure) 14M->10M(15M) 0.171ms
[35.168s][info][gc] GC(18630) Pause Young (Allocation Failure) 14M->10M(15M) 0.210ms
[35.169s][info][gc] GC(18631) Pause Young (Allocation Failure) 14M->10M(15M) 0.187ms
[35.170s][info][gc] GC(18632) Pause Young (Allocation Failure) 15M->10M(15M) 0.182ms
[35.171s][info][gc] GC(18633) Pause Young (Allocation Failure) 15M->10M(15M) 0.174ms
[35.172s][info][gc] GC(18634) Pause Young (Allocation Failure) 14M->10M(15M) 0.169ms
[35.172s][info][gc] GC(18635) Pause Young (Allocation Failure) 14M->10M(15M) 0.196ms
[35.173s][info][gc] GC(18636) Pause Young (Allocation Failure) 15M->15M(15M) 0.025ms
[35.181s][info][gc] GC(18637) Pause Full (Allocation Failure) 15M->7M(15M) 8.173ms
[35.182s][info][gc] GC(18638) Pause Young (Allocation Failure) 12M->8M(15M) 0.215ms
[35.183s][info][gc] GC(18639) Pause Young (Allocation Failure) 12M->8M(15M) 0.186ms
[35.184s][info][gc] GC(18640) Pause Young (Allocation Failure) 12M->8M(15M) 0.194ms
[35.185s][info][gc] GC(18641) Pause Young (Allocation Failure) 12M->8M(15M) 0.181ms
[35.185s][info][gc] GC(18642) Pause Young (Allocation Failure) 12M->8M(15M) 0.190ms
[35.186s][info][gc] GC(18643) Pause Young (Allocation Failure) 12M->8M(15M) 0.176ms
[35.187s][info][gc] GC(18644) Pause Young (Allocation Failure) 12M->8M(15M) 0.179ms
[35.188s][info][gc] GC(18645) Pause Young (Allocation Failure) 12M->8M(15M) 0.193ms
[35.189s][info][gc] GC(18646) Pause Young (Allocation Failure) 13M->8M(15M) 0.181ms
[35.190s][info][gc] GC(18647) Pause Young (Allocation Failure) 13M->8M(15M) 0.166ms
[35.190s][info][gc] GC(18648) Pause Young (Allocation Failure) 12M->8M(15M) 0.186ms
[35.191s][info][gc] GC(18649) Pause Young (Allocation Failure) 13M->8M(15M) 0.177ms
[35.192s][info][gc] GC(18650) Pause Young (Allocation Failure) 13M->8M(15M) 0.169ms
[35.193s][info][gc] GC(18651) Pause Young (Allocation Failure) 13M->9M(15M) 0.169ms
[35.194s][info][gc] GC(18652) Pause Young (Allocation Failure) 13M->9M(15M) 0.190ms
[35.195s][info][gc] GC(18653) Pause Young (Allocation Failure) 13M->9M(15M) 0.169ms
[35.195s][info][gc] GC(18654) Pause Young (Allocation Failure) 13M->9M(15M) 0.154ms
[35.196s][info][gc] GC(18655) Pause Young (Allocation Failure) 14M->10M(15M) 0.206ms
[35.197s][info][gc] GC(18656) Pause Young (Allocation Failure) 14M->10M(15M) 0.179ms
[35.198s][info][gc] GC(18657) Pause Young (Allocation Failure) 14M->9M(15M) 0.166ms
[35.199s][info][gc] GC(18658) Pause Young (Allocation Failure) 14M->10M(15M) 0.185ms
[35.199s][info][gc] GC(18659) Pause Young (Allocation Failure) 14M->10M(15M) 0.202ms
[35.200s][info][gc] GC(18660) Pause Young (Allocation Failure) 14M->10M(15M) 0.179ms
[35.201s][info][gc] GC(18661) Pause Young (Allocation Failure) 14M->10M(15M) 0.197ms
[35.202s][info][gc] GC(18662) Pause Young (Allocation Failure) 14M->10M(15M) 0.192ms
[35.203s][info][gc] GC(18663) Pause Young (Allocation Failure) 15M->15M(15M) 0.025ms
[35.211s][info][gc] GC(18664) Pause Full (Allocation Failure) 15M->7M(15M) 8.515ms
[35.212s][info][gc] GC(18665) Pause Young (Allocation Failure) 12M->8M(15M) 0.219ms
[35.213s][info][gc] GC(18666) Pause Young (Allocation Failure) 12M->8M(15M) 0.217ms
[35.214s][info][gc] GC(18667) Pause Young (Allocation Failure) 13M->9M(15M) 0.208ms
[35.215s][info][gc] GC(18668) Pause Young (Allocation Failure) 13M->9M(15M) 0.202ms
[35.216s][info][gc] GC(18669) Pause Young (Allocation Failure) 13M->9M(15M) 0.185ms
[35.216s][info][gc] GC(18670) Pause Young (Allocation Failure) 13M->9M(15M) 0.185ms
[35.217s][info][gc] GC(18671) Pause Young (Allocation Failure) 13M->9M(15M) 0.181ms
[35.218s][info][gc] GC(18672) Pause Young (Allocation Failure) 13M->9M(15M) 0.165ms
[35.219s][info][gc] GC(18673) Pause Young (Allocation Failure) 13M->9M(15M) 0.208ms
[35.220s][info][gc] GC(18674) Pause Young (Allocation Failure) 14M->10M(15M) 0.197ms
[35.221s][info][gc] GC(18675) Pause Young (Allocation Failure) 14M->10M(15M) 0.191ms
[35.222s][info][gc] GC(18676) Pause Young (Allocation Failure) 14M->9M(15M) 0.168ms
[35.222s][info][gc] GC(18677) Pause Young (Allocation Failure) 14M->10M(15M) 0.184ms
[35.223s][info][gc] GC(18678) Pause Young (Allocation Failure) 14M->10M(15M) 0.174ms
[35.224s][info][gc] GC(18679) Pause Young (Allocation Failure) 14M->10M(15M) 0.184ms
[35.225s][info][gc] GC(18680) Pause Young (Allocation Failure) 14M->10M(15M) 0.186ms
[35.226s][info][gc] GC(18681) Pause Young (Allocation Failure) 14M->10M(15M) 0.168ms
[35.227s][info][gc] GC(18682) Pause Young (Allocation Failure) 14M->10M(15M) 0.169ms
[35.228s][info][gc] GC(18683) Pause Young (Allocation Failure) 14M->10M(15M) 0.184ms
[35.228s][info][gc] GC(18684) Pause Young (Allocation Failure) 14M->10M(15M) 0.180ms
[35.229s][info][gc] GC(18685) Pause Young (Allocation Failure) 14M->10M(15M) 0.176ms
[35.230s][info][gc] GC(18686) Pause Young (Allocation Failure) 14M->10M(15M) 0.190ms
[35.231s][info][gc] GC(18687) Pause Young (Allocation Failure) 15M->10M(15M) 0.185ms
[35.232s][info][gc] GC(18688) Pause Young (Allocation Failure) 15M->10M(15M) 0.165ms
[35.232s][info][gc] GC(18689) Pause Young (Allocation Failure) 14M->10M(15M) 0.182ms
[35.233s][info][gc] GC(18690) Pause Young (Allocation Failure) 15M->11M(15M) 0.154ms
[35.234s][info][gc] GC(18691) Pause Young (Allocation Failure) 15M->15M(15M) 0.025ms
[35.243s][info][gc] GC(18692) Pause Full (Allocation Failure) 15M->7M(15M) 8.611ms
[35.243s][info][gc] GC(18693) Pause Young (Allocation Failure) 11M->8M(15M) 0.234ms
[35.244s][info][gc] GC(18694) Pause Young (Allocation Failure) 12M->8M(15M) 0.213ms
[35.245s][info][gc] GC(18695) Pause Young (Allocation Failure) 12M->8M(15M) 0.163ms
[35.246s][info][gc] GC(18696) Pause Young (Allocation Failure) 12M->8M(15M) 0.169ms
[35.247s][info][gc] GC(18697) Pause Young (Allocation Failure) 12M->8M(15M) 0.186ms
[35.248s][info][gc] GC(18698) Pause Young (Allocation Failure) 12M->8M(15M) 0.184ms
[35.248s][info][gc] GC(18699) Pause Young (Allocation Failure) 12M->8M(15M) 0.166ms
[35.249s][info][gc] GC(18700) Pause Young (Allocation Failure) 12M->8M(15M) 0.178ms
[35.250s][info][gc] GC(18701) Pause Young (Allocation Failure) 12M->8M(15M) 0.169ms
[35.251s][info][gc] GC(18702) Pause Young (Allocation Failure) 12M->8M(15M) 0.179ms
[35.252s][info][gc] GC(18703) Pause Young (Allocation Failure) 12M->8M(15M) 0.136ms
[35.253s][info][gc] GC(18704) Pause Young (Allocation Failure) 12M->8M(15M) 0.211ms
[35.253s][info][gc] GC(18705) Pause Young (Allocation Failure) 13M->8M(15M) 0.177ms
[35.254s][info][gc] GC(18706) Pause Young (Allocation Failure) 13M->8M(15M) 0.175ms
[35.255s][info][gc] GC(18707) Pause Young (Allocation Failure) 13M->8M(15M) 0.179ms
[35.256s][info][gc] GC(18708) Pause Young (Allocation Failure) 13M->8M(15M) 0.171ms
[35.257s][info][gc] GC(18709) Pause Young (Allocation Failure) 12M->9M(15M) 0.142ms
[35.257s][info][gc] GC(18710) Pause Young (Allocation Failure) 13M->9M(15M) 0.198ms
[35.258s][info][gc] GC(18711) Pause Young (Allocation Failure) 13M->9M(15M) 0.154ms
[35.259s][info][gc] GC(18712) Pause Young (Allocation Failure) 13M->9M(15M) 0.176ms
[35.260s][info][gc] GC(18713) Pause Young (Allocation Failure) 13M->9M(15M) 0.167ms
[35.261s][info][gc] GC(18714) Pause Young (Allocation Failure) 13M->9M(15M) 0.172ms
[35.262s][info][gc] GC(18715) Pause Young (Allocation Failure) 13M->9M(15M) 0.182ms
[35.262s][info][gc] GC(18716) Pause Young (Allocation Failure) 13M->9M(15M) 0.176ms
[35.263s][info][gc] GC(18717) Pause Young (Allocation Failure) 13M->9M(15M) 0.205ms
[35.264s][info][gc] GC(18718) Pause Young (Allocation Failure) 14M->9M(15M) 0.171ms
[35.265s][info][gc] GC(18719) Pause Young (Allocation Failure) 13M->9M(15M) 0.163ms
[35.266s][info][gc] GC(18720) Pause Young (Allocation Failure) 13M->9M(15M) 0.174ms
[35.267s][info][gc] GC(18721) Pause Young (Allocation Failure) 13M->9M(15M) 0.184ms
[35.267s][info][gc] GC(18722) Pause Young (Allocation Failure) 14M->10M(15M) 0.188ms
[35.268s][info][gc] GC(18723) Pause Young (Allocation Failure) 14M->9M(15M) 0.152ms
[35.269s][info][gc] GC(18724) Pause Young (Allocation Failure) 14M->9M(15M) 0.172ms
[35.270s][info][gc] GC(18725) Pause Young (Allocation Failure) 14M->10M(15M) 0.206ms
[35.271s][info][gc] GC(18726) Pause Young (Allocation Failure) 14M->10M(15M) 0.170ms
[35.272s][info][gc] GC(18727) Pause Young (Allocation Failure) 14M->10M(15M) 0.189ms
[35.272s][info][gc] GC(18728) Pause Young (Allocation Failure) 14M->10M(15M) 0.168ms
[35.273s][info][gc] GC(18729) Pause Young (Allocation Failure) 14M->10M(15M) 0.173ms
[35.274s][info][gc] GC(18730) Pause Young (Allocation Failure) 14M->11M(15M) 0.213ms
[35.275s][info][gc] GC(18731) Pause Young (Allocation Failure) 15M->15M(15M) 0.025ms
[35.283s][info][gc] GC(18732) Pause Full (Allocation Failure) 15M->7M(15M) 8.402ms
[35.284s][info][gc] GC(18733) Pause Young (Allocation Failure) 11M->7M(15M) 0.182ms
[35.285s][info][gc] GC(18734) Pause Young (Allocation Failure) 11M->8M(15M) 0.209ms
[35.286s][info][gc] GC(18735) Pause Young (Allocation Failure) 12M->8M(15M) 0.200ms
[35.287s][info][gc] GC(18736) Pause Young (Allocation Failure) 12M->8M(15M) 0.201ms
[35.288s][info][gc] GC(18737) Pause Young (Allocation Failure) 12M->8M(15M) 0.171ms
[35.288s][info][gc] GC(18738) Pause Young (Allocation Failure) 12M->8M(15M) 0.136ms
[35.289s][info][gc] GC(18739) Pause Young (Allocation Failure) 12M->8M(15M) 0.164ms
[35.290s][info][gc] GC(18740) Pause Young (Allocation Failure) 13M->8M(15M) 0.192ms
[35.291s][info][gc] GC(18741) Pause Young (Allocation Failure) 13M->8M(15M) 0.171ms
[35.292s][info][gc] GC(18742) Pause Young (Allocation Failure) 12M->8M(15M) 0.174ms
[35.292s][info][gc] GC(18743) Pause Young (Allocation Failure) 12M->9M(15M) 0.193ms
[35.293s][info][gc] GC(18744) Pause Young (Allocation Failure) 13M->8M(15M) 0.166ms
[35.294s][info][gc] GC(18745) Pause Young (Allocation Failure) 12M->9M(15M) 0.193ms
[35.295s][info][gc] GC(18746) Pause Young (Allocation Failure) 13M->9M(15M) 0.181ms
[35.296s][info][gc] GC(18747) Pause Young (Allocation Failure) 13M->9M(15M) 0.188ms
[35.297s][info][gc] GC(18748) Pause Young (Allocation Failure) 13M->8M(15M) 0.166ms
[35.297s][info][gc] GC(18749) Pause Young (Allocation Failure) 13M->9M(15M) 0.151ms
[35.298s][info][gc] GC(18750) Pause Young (Allocation Failure) 13M->9M(15M) 0.171ms
[35.299s][info][gc] GC(18751) Pause Young (Allocation Failure) 13M->9M(15M) 0.215ms
[35.300s][info][gc] GC(18752) Pause Young (Allocation Failure) 14M->10M(15M) 0.193ms
[35.301s][info][gc] GC(18753) Pause Young (Allocation Failure) 14M->10M(15M) 0.184ms
[35.302s][info][gc] GC(18754) Pause Young (Allocation Failure) 14M->10M(15M) 0.183ms
[35.302s][info][gc] GC(18755) Pause Young (Allocation Failure) 14M->10M(15M) 0.200ms
[35.303s][info][gc] GC(18756) Pause Young (Allocation Failure) 14M->10M(15M) 0.171ms
[35.304s][info][gc] GC(18757) Pause Young (Allocation Failure) 14M->10M(15M) 0.167ms
[35.305s][info][gc] GC(18758) Pause Young (Allocation Failure) 14M->10M(15M) 0.182ms
[35.306s][info][gc] GC(18759) Pause Young (Allocation Failure) 14M->10M(15M) 0.178ms
[35.307s][info][gc] GC(18760) Pause Young (Allocation Failure) 14M->10M(15M) 0.184ms
[35.307s][info][gc] GC(18761) Pause Young (Allocation Failure) 14M->10M(15M) 0.177ms
[35.308s][info][gc] GC(18762) Pause Young (Allocation Failure) 14M->10M(15M) 0.176ms
[35.309s][info][gc] GC(18763) Pause Young (Allocation Failure) 15M->15M(15M) 0.025ms
[35.318s][info][gc] GC(18764) Pause Full (Allocation Failure) 15M->8M(15M) 8.597ms
[35.319s][info][gc] GC(18765) Pause Young (Allocation Failure) 12M->8M(15M) 0.209ms
[35.320s][info][gc] GC(18766) Pause Young (Allocation Failure) 13M->9M(15M) 0.233ms
[35.320s][info][gc] GC(18767) Pause Young (Allocation Failure) 13M->9M(15M) 0.183ms
[35.321s][info][gc] GC(18768) Pause Young (Allocation Failure) 13M->9M(15M) 0.189ms
[35.322s][info][gc] GC(18769) Pause Young (Allocation Failure) 13M->9M(15M) 0.170ms
[35.323s][info][gc] GC(18770) Pause Young (Allocation Failure) 13M->9M(15M) 0.173ms
[35.324s][info][gc] GC(18771) Pause Young (Allocation Failure) 13M->9M(15M) 0.177ms
[35.325s][info][gc] GC(18772) Pause Young (Allocation Failure) 13M->9M(15M) 0.179ms
[35.325s][info][gc] GC(18773) Pause Young (Allocation Failure) 13M->8M(15M) 0.169ms
[35.326s][info][gc] GC(18774) Pause Young (Allocation Failure) 13M->9M(15M) 0.181ms
[35.327s][info][gc] GC(18775) Pause Young (Allocation Failure) 13M->9M(15M) 0.177ms
[35.328s][info][gc] GC(18776) Pause Young (Allocation Failure) 13M->9M(15M) 0.183ms
[35.329s][info][gc] GC(18777) Pause Young (Allocation Failure) 13M->8M(15M) 0.165ms
[35.329s][info][gc] GC(18778) Pause Young (Allocation Failure) 13M->9M(15M) 0.183ms
[35.330s][info][gc] GC(18779) Pause Young (Allocation Failure) 13M->9M(15M) 0.218ms
[35.331s][info][gc] GC(18780) Pause Young (Allocation Failure) 14M->9M(15M) 0.168ms
[35.332s][info][gc] GC(18781) Pause Young (Allocation Failure) 13M->9M(15M) 0.164ms
[35.333s][info][gc] GC(18782) Pause Young (Allocation Failure) 13M->9M(15M) 0.178ms
[35.333s][info][gc] GC(18783) Pause Young (Allocation Failure) 14M->9M(15M) 0.193ms
[35.334s][info][gc] GC(18784) Pause Young (Allocation Failure) 14M->9M(15M) 0.170ms
[35.335s][info][gc] GC(18785) Pause Young (Allocation Failure) 13M->9M(15M) 0.174ms
[35.336s][info][gc] GC(18786) Pause Young (Allocation Failure) 14M->9M(15M) 0.180ms
[35.337s][info][gc] GC(18787) Pause Young (Allocation Failure) 14M->9M(15M) 0.180ms
[35.338s][info][gc] GC(18788) Pause Young (Allocation Failure) 14M->9M(15M) 0.169ms
[35.338s][info][gc] GC(18789) Pause Young (Allocation Failure) 13M->9M(15M) 0.173ms
[35.339s][info][gc] GC(18790) Pause Young (Allocation Failure) 13M->9M(15M) 0.179ms
[35.340s][info][gc] GC(18791) Pause Young (Allocation Failure) 14M->10M(15M) 0.197ms
[35.341s][info][gc] GC(18792) Pause Young (Allocation Failure) 14M->9M(15M) 0.176ms
[35.342s][info][gc] GC(18793) Pause Young (Allocation Failure) 14M->9M(15M) 0.172ms
[35.342s][info][gc] GC(18794) Pause Young (Allocation Failure) 14M->10M(15M) 0.185ms
[35.343s][info][gc] GC(18795) Pause Young (Allocation Failure) 14M->10M(15M) 0.181ms
[35.344s][info][gc] GC(18796) Pause Young (Allocation Failure) 14M->10M(15M) 0.179ms
[35.345s][info][gc] GC(18797) Pause Young (Allocation Failure) 14M->9M(15M) 0.168ms
[35.346s][info][gc] GC(18798) Pause Young (Allocation Failure) 14M->10M(15M) 0.185ms
[35.347s][info][gc] GC(18799) Pause Young (Allocation Failure) 14M->9M(15M) 0.172ms
[35.347s][info][gc] GC(18800) Pause Young (Allocation Failure) 14M->9M(15M) 0.167ms
[35.348s][info][gc] GC(18801) Pause Young (Allocation Failure) 14M->10M(15M) 0.207ms
[35.349s][info][gc] GC(18802) Pause Young (Allocation Failure) 14M->10M(15M) 0.171ms
[35.350s][info][gc] GC(18803) Pause Young (Allocation Failure) 14M->10M(15M) 0.196ms
[35.351s][info][gc] GC(18804) Pause Young (Allocation Failure) 15M->10M(15M) 0.164ms
[35.352s][info][gc] GC(18805) Pause Young (Allocation Failure) 14M->10M(15M) 0.179ms
[35.352s][info][gc] GC(18806) Pause Young (Allocation Failure) 15M->10M(15M) 0.165ms
[35.353s][info][gc] GC(18807) Pause Young (Allocation Failure) 14M->10M(15M) 0.166ms
[35.354s][info][gc] GC(18808) Pause Young (Allocation Failure) 14M->15M(15M) 0.325ms
[35.363s][info][gc] GC(18809) Pause Full (Allocation Failure) 15M->8M(15M) 8.424ms
[35.364s][info][gc] GC(18810) Pause Young (Allocation Failure) 12M->8M(15M) 0.195ms
[35.365s][info][gc] GC(18811) Pause Young (Allocation Failure) 13M->8M(15M) 0.183ms
[35.365s][info][gc] GC(18812) Pause Young (Allocation Failure) 13M->9M(15M) 0.215ms
[35.366s][info][gc] GC(18813) Pause Young (Allocation Failure) 13M->9M(15M) 0.151ms
[35.367s][info][gc] GC(18814) Pause Young (Allocation Failure) 13M->9M(15M) 0.187ms
[35.368s][info][gc] GC(18815) Pause Young (Allocation Failure) 13M->9M(15M) 0.190ms
[35.369s][info][gc] GC(18816) Pause Young (Allocation Failure) 14M->9M(15M) 0.179ms
[35.370s][info][gc] GC(18817) Pause Young (Allocation Failure) 14M->9M(15M) 0.178ms
[35.370s][info][gc] GC(18818) Pause Young (Allocation Failure) 13M->9M(15M) 0.180ms
[35.371s][info][gc] GC(18819) Pause Young (Allocation Failure) 13M->9M(15M) 0.180ms
[35.372s][info][gc] GC(18820) Pause Young (Allocation Failure) 14M->9M(15M) 0.175ms
[35.373s][info][gc] GC(18821) Pause Young (Allocation Failure) 13M->9M(15M) 0.182ms
[35.374s][info][gc] GC(18822) Pause Young (Allocation Failure) 14M->9M(15M) 0.178ms
[35.374s][info][gc] GC(18823) Pause Young (Allocation Failure) 14M->9M(15M) 0.172ms
[35.375s][info][gc] GC(18824) Pause Young (Allocation Failure) 13M->9M(15M) 0.193ms
[35.376s][info][gc] GC(18825) Pause Young (Allocation Failure) 14M->9M(15M) 0.178ms
[35.377s][info][gc] GC(18826) Pause Young (Allocation Failure) 13M->9M(15M) 0.174ms
[35.378s][info][gc] GC(18827) Pause Young (Allocation Failure) 13M->9M(15M) 0.171ms
[35.379s][info][gc] GC(18828) Pause Young (Allocation Failure) 13M->9M(15M) 0.171ms
[35.379s][info][gc] GC(18829) Pause Young (Allocation Failure) 13M->9M(15M) 0.178ms
[35.380s][info][gc] GC(18830) Pause Young (Allocation Failure) 13M->9M(15M) 0.175ms
[35.381s][info][gc] GC(18831) Pause Young (Allocation Failure) 13M->10M(15M) 0.202ms
[35.382s][info][gc] GC(18832) Pause Young (Allocation Failure) 14M->10M(15M) 0.199ms
[35.383s][info][gc] GC(18833) Pause Young (Allocation Failure) 14M->10M(15M) 0.180ms
[35.384s][info][gc] GC(18834) Pause Young (Allocation Failure) 14M->9M(15M) 0.162ms
[35.384s][info][gc] GC(18835) Pause Young (Allocation Failure) 14M->10M(15M) 0.178ms
[35.385s][info][gc] GC(18836) Pause Young (Allocation Failure) 14M->10M(15M) 0.180ms
[35.386s][info][gc] GC(18837) Pause Young (Allocation Failure) 14M->10M(15M) 0.214ms
[35.387s][info][gc] GC(18838) Pause Young (Allocation Failure) 15M->10M(15M) 0.177ms
[35.388s][info][gc] GC(18839) Pause Young (Allocation Failure) 14M->10M(15M) 0.204ms
[35.388s][info][gc] GC(18840) Pause Young (Allocation Failure) 15M->15M(15M) 0.025ms
[35.397s][info][gc] GC(18841) Pause Full (Allocation Failure) 15M->7M(15M) 8.549ms
[35.398s][info][gc] GC(18842) Pause Young (Allocation Failure) 11M->7M(15M) 0.180ms
[35.399s][info][gc] GC(18843) Pause Young (Allocation Failure) 11M->8M(15M) 0.216ms
[35.400s][info][gc] GC(18844) Pause Young (Allocation Failure) 12M->8M(15M) 0.183ms
[35.401s][info][gc] GC(18845) Pause Young (Allocation Failure) 12M->7M(15M) 0.169ms
[35.401s][info][gc] GC(18846) Pause Young (Allocation Failure) 12M->8M(15M) 0.178ms
[35.402s][info][gc] GC(18847) Pause Young (Allocation Failure) 12M->8M(15M) 0.186ms
[35.403s][info][gc] GC(18848) Pause Young (Allocation Failure) 12M->8M(15M) 0.177ms
[35.404s][info][gc] GC(18849) Pause Young (Allocation Failure) 12M->8M(15M) 0.174ms
[35.405s][info][gc] GC(18850) Pause Young (Allocation Failure) 12M->8M(15M) 0.189ms
[35.405s][info][gc] GC(18851) Pause Young (Allocation Failure) 12M->8M(15M) 0.209ms
[35.406s][info][gc] GC(18852) Pause Young (Allocation Failure) 12M->8M(15M) 0.190ms
[35.407s][info][gc] GC(18853) Pause Young (Allocation Failure) 12M->8M(15M) 0.169ms
[35.408s][info][gc] GC(18854) Pause Young (Allocation Failure) 12M->8M(15M) 0.167ms
[35.409s][info][gc] GC(18855) Pause Young (Allocation Failure) 12M->8M(15M) 0.183ms
[35.409s][info][gc] GC(18856) Pause Young (Allocation Failure) 13M->8M(15M) 0.181ms
[35.410s][info][gc] GC(18857) Pause Young (Allocation Failure) 13M->8M(15M) 0.162ms
[35.411s][info][gc] GC(18858) Pause Young (Allocation Failure) 12M->8M(15M) 0.185ms
[35.412s][info][gc] GC(18859) Pause Young (Allocation Failure) 13M->8M(15M) 0.171ms
[35.413s][info][gc] GC(18860) Pause Young (Allocation Failure) 12M->8M(15M) 0.167ms
[35.414s][info][gc] GC(18861) Pause Young (Allocation Failure) 12M->8M(15M) 0.181ms
[35.414s][info][gc] GC(18862) Pause Young (Allocation Failure) 13M->8M(15M) 0.192ms
[35.415s][info][gc] GC(18863) Pause Young (Allocation Failure) 13M->8M(15M) 0.172ms
[35.416s][info][gc] GC(18864) Pause Young (Allocation Failure) 12M->9M(15M) 0.210ms
[35.417s][info][gc] GC(18865) Pause Young (Allocation Failure) 13M->8M(15M) 0.164ms
[35.418s][info][gc] GC(18866) Pause Young (Allocation Failure) 13M->9M(15M) 0.180ms
[35.418s][info][gc] GC(18867) Pause Young (Allocation Failure) 13M->9M(15M) 0.173ms
[35.419s][info][gc] GC(18868) Pause Young (Allocation Failure) 13M->9M(15M) 0.167ms
[35.420s][info][gc] GC(18869) Pause Young (Allocation Failure) 13M->9M(15M) 0.172ms
[35.421s][info][gc] GC(18870) Pause Young (Allocation Failure) 13M->9M(15M) 0.182ms
[35.422s][info][gc] GC(18871) Pause Young (Allocation Failure) 13M->9M(15M) 0.162ms
[35.422s][info][gc] GC(18872) Pause Young (Allocation Failure) 13M->9M(15M) 0.170ms
[35.423s][info][gc] GC(18873) Pause Young (Allocation Failure) 13M->9M(15M) 0.191ms
[35.424s][info][gc] GC(18874) Pause Young (Allocation Failure) 14M->9M(15M) 0.167ms
[35.425s][info][gc] GC(18875) Pause Young (Allocation Failure) 13M->10M(15M) 0.210ms
[35.426s][info][gc] GC(18876) Pause Young (Allocation Failure) 14M->10M(15M) 0.165ms
[35.426s][info][gc] GC(18877) Pause Young (Allocation Failure) 14M->10M(15M) 0.173ms
[35.427s][info][gc] GC(18878) Pause Young (Allocation Failure) 14M->10M(15M) 0.167ms
[35.428s][info][gc] GC(18879) Pause Young (Allocation Failure) 14M->10M(15M) 0.175ms
[35.429s][info][gc] GC(18880) Pause Young (Allocation Failure) 14M->10M(15M) 0.191ms
[35.429s][info][gc] GC(18881) Pause Young (Allocation Failure) 14M->10M(15M) 0.179ms
[35.430s][info][gc] GC(18882) Pause Young (Allocation Failure) 14M->10M(15M) 0.173ms
[35.431s][info][gc] GC(18883) Pause Young (Allocation Failure) 14M->10M(15M) 0.200ms
[35.432s][info][gc] GC(18884) Pause Young (Allocation Failure) 15M->10M(15M) 0.187ms
[35.433s][info][gc] GC(18885) Pause Young (Allocation Failure) 15M->15M(15M) 0.024ms
[35.441s][info][gc] GC(18886) Pause Full (Allocation Failure) 15M->7M(15M) 8.763ms
[35.442s][info][gc] GC(18887) Pause Young (Allocation Failure) 12M->7M(15M) 0.188ms
[35.443s][info][gc] GC(18888) Pause Young (Allocation Failure) 12M->8M(15M) 0.191ms
[35.444s][info][gc] GC(18889) Pause Young (Allocation Failure) 12M->7M(15M) 0.240ms
[35.445s][info][gc] GC(18890) Pause Young (Allocation Failure) 12M->8M(15M) 0.175ms
[35.446s][info][gc] GC(18891) Pause Young (Allocation Failure) 12M->8M(15M) 0.159ms
[35.447s][info][gc] GC(18892) Pause Young (Allocation Failure) 12M->8M(15M) 0.174ms
[35.448s][info][gc] GC(18893) Pause Young (Allocation Failure) 12M->8M(15M) 0.165ms
[35.448s][info][gc] GC(18894) Pause Young (Allocation Failure) 12M->8M(15M) 0.170ms
[35.449s][info][gc] GC(18895) Pause Young (Allocation Failure) 12M->9M(15M) 0.213ms
[35.450s][info][gc] GC(18896) Pause Young (Allocation Failure) 13M->9M(15M) 0.196ms
[35.451s][info][gc] GC(18897) Pause Young (Allocation Failure) 13M->9M(15M) 0.184ms
[35.452s][info][gc] GC(18898) Pause Young (Allocation Failure) 13M->9M(15M) 0.171ms
[35.453s][info][gc] GC(18899) Pause Young (Allocation Failure) 13M->9M(15M) 0.171ms
[35.453s][info][gc] GC(18900) Pause Young (Allocation Failure) 13M->9M(15M) 0.163ms
[35.454s][info][gc] GC(18901) Pause Young (Allocation Failure) 13M->9M(15M) 0.160ms
[35.455s][info][gc] GC(18902) Pause Young (Allocation Failure) 13M->9M(15M) 0.178ms
[35.456s][info][gc] GC(18903) Pause Young (Allocation Failure) 13M->9M(15M) 0.178ms
[35.457s][info][gc] GC(18904) Pause Young (Allocation Failure) 13M->9M(15M) 0.171ms
[35.457s][info][gc] GC(18905) Pause Young (Allocation Failure) 13M->9M(15M) 0.171ms
[35.458s][info][gc] GC(18906) Pause Young (Allocation Failure) 13M->9M(15M) 0.177ms
[35.459s][info][gc] GC(18907) Pause Young (Allocation Failure) 13M->9M(15M) 0.136ms
[35.460s][info][gc] GC(18908) Pause Young (Allocation Failure) 14M->9M(15M) 0.179ms
[35.461s][info][gc] GC(18909) Pause Young (Allocation Failure) 14M->9M(15M) 0.171ms
[35.461s][info][gc] GC(18910) Pause Young (Allocation Failure) 13M->9M(15M) 0.193ms
[35.462s][info][gc] GC(18911) Pause Young (Allocation Failure) 14M->10M(15M) 0.186ms
[35.463s][info][gc] GC(18912) Pause Young (Allocation Failure) 14M->10M(15M) 0.176ms
[35.464s][info][gc] GC(18913) Pause Young (Allocation Failure) 14M->10M(15M) 0.184ms
[35.465s][info][gc] GC(18914) Pause Young (Allocation Failure) 14M->10M(15M) 0.215ms
[35.465s][info][gc] GC(18915) Pause Young (Allocation Failure) 15M->15M(15M) 0.025ms
[35.474s][info][gc] GC(18916) Pause Full (Allocation Failure) 15M->7M(15M) 8.078ms
[35.474s][info][gc] GC(18917) Pause Young (Allocation Failure) 12M->8M(15M) 0.230ms
[35.475s][info][gc] GC(18918) Pause Young (Allocation Failure) 13M->8M(15M) 0.196ms
[35.476s][info][gc] GC(18919) Pause Young (Allocation Failure) 13M->8M(15M) 0.183ms
[35.477s][info][gc] GC(18920) Pause Young (Allocation Failure) 13M->8M(15M) 0.173ms
[35.478s][info][gc] GC(18921) Pause Young (Allocation Failure) 13M->8M(15M) 0.173ms
[35.479s][info][gc] GC(18922) Pause Young (Allocation Failure) 13M->9M(15M) 0.299ms
[35.480s][info][gc] GC(18923) Pause Young (Allocation Failure) 13M->8M(15M) 0.175ms
[35.480s][info][gc] GC(18924) Pause Young (Allocation Failure) 13M->9M(15M) 0.193ms
[35.481s][info][gc] GC(18925) Pause Young (Allocation Failure) 13M->9M(15M) 0.162ms
[35.482s][info][gc] GC(18926) Pause Young (Allocation Failure) 13M->9M(15M) 0.161ms
[35.483s][info][gc] GC(18927) Pause Young (Allocation Failure) 13M->9M(15M) 0.169ms
[35.484s][info][gc] GC(18928) Pause Young (Allocation Failure) 13M->9M(15M) 0.159ms
[35.485s][info][gc] GC(18929) Pause Young (Allocation Failure) 13M->9M(15M) 0.159ms
[35.485s][info][gc] GC(18930) Pause Young (Allocation Failure) 13M->9M(15M) 0.184ms
[35.486s][info][gc] GC(18931) Pause Young (Allocation Failure) 13M->9M(15M) 0.166ms
[35.487s][info][gc] GC(18932) Pause Young (Allocation Failure) 13M->10M(15M) 0.201ms
[35.488s][info][gc] GC(18933) Pause Young (Allocation Failure) 14M->9M(15M) 0.164ms
[35.489s][info][gc] GC(18934) Pause Young (Allocation Failure) 14M->9M(15M) 0.166ms
[35.489s][info][gc] GC(18935) Pause Young (Allocation Failure) 14M->10M(15M) 0.166ms
[35.490s][info][gc] GC(18936) Pause Young (Allocation Failure) 14M->10M(15M) 0.228ms
[35.491s][info][gc] GC(18937) Pause Young (Allocation Failure) 14M->10M(15M) 0.199ms
[35.492s][info][gc] GC(18938) Pause Young (Allocation Failure) 14M->14M(15M) 0.050ms
[35.500s][info][gc] GC(18939) Pause Full (Allocation Failure) 14M->8M(15M) 8.507ms
[35.501s][info][gc] GC(18940) Pause Young (Allocation Failure) 12M->8M(15M) 0.187ms
[35.502s][info][gc] GC(18941) Pause Young (Allocation Failure) 12M->8M(15M) 0.196ms
[35.503s][info][gc] GC(18942) Pause Young (Allocation Failure) 13M->8M(15M) 0.169ms
[35.504s][info][gc] GC(18943) Pause Young (Allocation Failure) 12M->9M(15M) 0.201ms
[35.505s][info][gc] GC(18944) Pause Young (Allocation Failure) 13M->8M(15M) 0.170ms
[35.506s][info][gc] GC(18945) Pause Young (Allocation Failure) 13M->9M(15M) 0.163ms
[35.506s][info][gc] GC(18946) Pause Young (Allocation Failure) 13M->10M(15M) 0.235ms
[35.507s][info][gc] GC(18947) Pause Young (Allocation Failure) 14M->10M(15M) 0.186ms
[35.508s][info][gc] GC(18948) Pause Young (Allocation Failure) 14M->10M(15M) 0.200ms
[35.509s][info][gc] GC(18949) Pause Young (Allocation Failure) 15M->15M(15M) 0.024ms
[35.517s][info][gc] GC(18950) Pause Full (Allocation Failure) 15M->7M(15M) 8.285ms
[35.518s][info][gc] GC(18951) Pause Young (Allocation Failure) 12M->8M(15M) 0.191ms
[35.519s][info][gc] GC(18952) Pause Young (Allocation Failure) 12M->7M(15M) 0.175ms
[35.520s][info][gc] GC(18953) Pause Young (Allocation Failure) 12M->8M(15M) 0.204ms
[35.521s][info][gc] GC(18954) Pause Young (Allocation Failure) 12M->8M(15M) 0.182ms
[35.522s][info][gc] GC(18955) Pause Young (Allocation Failure) 12M->8M(15M) 0.148ms
[35.523s][info][gc] GC(18956) Pause Young (Allocation Failure) 12M->8M(15M) 0.240ms
[35.524s][info][gc] GC(18957) Pause Young (Allocation Failure) 12M->8M(15M) 0.179ms
[35.524s][info][gc] GC(18958) Pause Young (Allocation Failure) 12M->9M(15M) 0.222ms
[35.525s][info][gc] GC(18959) Pause Young (Allocation Failure) 13M->9M(15M) 0.170ms
[35.526s][info][gc] GC(18960) Pause Young (Allocation Failure) 13M->8M(15M) 0.165ms
[35.527s][info][gc] GC(18961) Pause Young (Allocation Failure) 13M->9M(15M) 0.201ms
[35.528s][info][gc] GC(18962) Pause Young (Allocation Failure) 14M->9M(15M) 0.186ms
[35.528s][info][gc] GC(18963) Pause Young (Allocation Failure) 14M->10M(15M) 0.198ms
[35.529s][info][gc] GC(18964) Pause Young (Allocation Failure) 14M->9M(15M) 0.174ms
[35.530s][info][gc] GC(18965) Pause Young (Allocation Failure) 14M->10M(15M) 0.181ms
[35.531s][info][gc] GC(18966) Pause Young (Allocation Failure) 14M->10M(15M) 0.154ms
[35.532s][info][gc] GC(18967) Pause Young (Allocation Failure) 14M->10M(15M) 0.181ms
[35.533s][info][gc] GC(18968) Pause Young (Allocation Failure) 14M->9M(15M) 0.174ms
[35.534s][info][gc] GC(18969) Pause Young (Allocation Failure) 14M->9M(15M) 0.130ms
[35.535s][info][gc] GC(18970) Pause Young (Allocation Failure) 14M->9M(15M) 0.177ms
[35.535s][info][gc] GC(18971) Pause Young (Allocation Failure) 14M->10M(15M) 0.194ms
[35.536s][info][gc] GC(18972) Pause Young (Allocation Failure) 14M->9M(15M) 0.170ms
[35.537s][info][gc] GC(18973) Pause Young (Allocation Failure) 14M->10M(15M) 0.173ms
[35.538s][info][gc] GC(18974) Pause Young (Allocation Failure) 14M->10M(15M) 0.205ms
[35.539s][info][gc] GC(18975) Pause Young (Allocation Failure) 14M->10M(15M) 0.182ms
[35.540s][info][gc] GC(18976) Pause Young (Allocation Failure) 14M->10M(15M) 0.166ms
[35.540s][info][gc] GC(18977) Pause Young (Allocation Failure) 14M->10M(15M) 0.176ms
[35.541s][info][gc] GC(18978) Pause Young (Allocation Failure) 14M->10M(15M) 0.181ms
[35.542s][info][gc] GC(18979) Pause Young (Allocation Failure) 14M->10M(15M) 0.168ms
[35.543s][info][gc] GC(18980) Pause Young (Allocation Failure) 14M->10M(15M) 0.160ms
[35.544s][info][gc] GC(18981) Pause Young (Allocation Failure) 14M->11M(15M) 0.178ms
[35.544s][info][gc] GC(18982) Pause Young (Allocation Failure) 15M->15M(15M) 0.025ms
[35.553s][info][gc] GC(18983) Pause Full (Allocation Failure) 15M->7M(15M) 8.194ms
[35.554s][info][gc] GC(18984) Pause Young (Allocation Failure) 11M->7M(15M) 0.195ms
[35.554s][info][gc] GC(18985) Pause Young (Allocation Failure) 12M->7M(15M) 0.198ms
[35.555s][info][gc] GC(18986) Pause Young (Allocation Failure) 12M->8M(15M) 0.192ms
[35.556s][info][gc] GC(18987) Pause Young (Allocation Failure) 12M->8M(15M) 0.150ms
[35.557s][info][gc] GC(18988) Pause Young (Allocation Failure) 12M->8M(15M) 0.184ms
[35.558s][info][gc] GC(18989) Pause Young (Allocation Failure) 12M->7M(15M) 0.173ms
[35.559s][info][gc] GC(18990) Pause Young (Allocation Failure) 12M->8M(15M) 0.185ms
[35.559s][info][gc] GC(18991) Pause Young (Allocation Failure) 12M->8M(15M) 0.209ms
[35.560s][info][gc] GC(18992) Pause Young (Allocation Failure) 12M->8M(15M) 0.175ms
[35.561s][info][gc] GC(18993) Pause Young (Allocation Failure) 12M->8M(15M) 0.176ms
[35.562s][info][gc] GC(18994) Pause Young (Allocation Failure) 12M->8M(15M) 0.180ms
[35.563s][info][gc] GC(18995) Pause Young (Allocation Failure) 12M->8M(15M) 0.164ms
[35.564s][info][gc] GC(18996) Pause Young (Allocation Failure) 12M->8M(15M) 0.180ms
[35.565s][info][gc] GC(18997) Pause Young (Allocation Failure) 12M->8M(15M) 0.163ms
[35.565s][info][gc] GC(18998) Pause Young (Allocation Failure) 12M->8M(15M) 0.192ms
[35.566s][info][gc] GC(18999) Pause Young (Allocation Failure) 13M->8M(15M) 0.179ms
[35.567s][info][gc] GC(19000) Pause Young (Allocation Failure) 12M->8M(15M) 0.165ms
[35.568s][info][gc] GC(19001) Pause Young (Allocation Failure) 12M->8M(15M) 0.179ms
[35.569s][info][gc] GC(19002) Pause Young (Allocation Failure) 12M->8M(15M) 0.168ms
[35.569s][info][gc] GC(19003) Pause Young (Allocation Failure) 12M->8M(15M) 0.180ms
[35.570s][info][gc] GC(19004) Pause Young (Allocation Failure) 13M->9M(15M) 0.213ms
[35.571s][info][gc] GC(19005) Pause Young (Allocation Failure) 13M->8M(15M) 0.173ms
[35.572s][info][gc] GC(19006) Pause Young (Allocation Failure) 13M->8M(15M) 0.161ms
[35.573s][info][gc] GC(19007) Pause Young (Allocation Failure) 13M->9M(15M) 0.226ms
[35.573s][info][gc] GC(19008) Pause Young (Allocation Failure) 14M->9M(15M) 0.166ms
[35.574s][info][gc] GC(19009) Pause Young (Allocation Failure) 13M->10M(15M) 0.222ms
[35.575s][info][gc] GC(19010) Pause Young (Allocation Failure) 14M->10M(15M) 0.204ms
[35.576s][info][gc] GC(19011) Pause Young (Allocation Failure) 14M->14M(15M) 0.025ms
[35.584s][info][gc] GC(19012) Pause Full (Allocation Failure) 14M->8M(15M) 8.540ms
[35.585s][info][gc] GC(19013) Pause Young (Allocation Failure) 12M->8M(15M) 0.222ms
[35.586s][info][gc] GC(19014) Pause Young (Allocation Failure) 13M->9M(15M) 0.222ms
[35.587s][info][gc] GC(19015) Pause Young (Allocation Failure) 13M->8M(15M) 0.185ms
[35.588s][info][gc] GC(19016) Pause Young (Allocation Failure) 13M->9M(15M) 0.192ms
[35.588s][info][gc] GC(19017) Pause Young (Allocation Failure) 13M->9M(15M) 0.223ms
[35.589s][info][gc] GC(19018) Pause Young (Allocation Failure) 14M->9M(15M) 0.186ms
[35.590s][info][gc] GC(19019) Pause Young (Allocation Failure) 14M->9M(15M) 0.163ms
[35.591s][info][gc] GC(19020) Pause Young (Allocation Failure) 13M->9M(15M) 0.194ms
[35.592s][info][gc] GC(19021) Pause Young (Allocation Failure) 14M->9M(15M) 0.166ms
[35.593s][info][gc] GC(19022) Pause Young (Allocation Failure) 13M->9M(15M) 0.173ms
[35.594s][info][gc] GC(19023) Pause Young (Allocation Failure) 14M->9M(15M) 0.174ms
[35.594s][info][gc] GC(19024) Pause Young (Allocation Failure) 14M->10M(15M) 0.157ms
[35.595s][info][gc] GC(19025) Pause Young (Allocation Failure) 14M->10M(15M) 0.182ms
[35.596s][info][gc] GC(19026) Pause Young (Allocation Failure) 14M->10M(15M) 0.179ms
[35.597s][info][gc] GC(19027) Pause Young (Allocation Failure) 14M->9M(15M) 0.171ms
[35.598s][info][gc] GC(19028) Pause Young (Allocation Failure) 14M->9M(15M) 0.168ms
[35.598s][info][gc] GC(19029) Pause Young (Allocation Failure) 14M->9M(15M) 0.170ms
[35.599s][info][gc] GC(19030) Pause Young (Allocation Failure) 14M->10M(15M) 0.177ms
[35.600s][info][gc] GC(19031) Pause Young (Allocation Failure) 14M->10M(15M) 0.175ms
[35.601s][info][gc] GC(19032) Pause Young (Allocation Failure) 14M->9M(15M) 0.168ms
[35.602s][info][gc] GC(19033) Pause Young (Allocation Failure) 14M->10M(15M) 0.204ms
[35.603s][info][gc] GC(19034) Pause Young (Allocation Failure) 14M->10M(15M) 0.177ms
[35.604s][info][gc] GC(19035) Pause Young (Allocation Failure) 14M->10M(15M) 0.170ms
[35.604s][info][gc] GC(19036) Pause Young (Allocation Failure) 14M->10M(15M) 0.178ms
[35.605s][info][gc] GC(19037) Pause Young (Allocation Failure) 14M->10M(15M) 0.170ms
[35.606s][info][gc] GC(19038) Pause Young (Allocation Failure) 14M->10M(15M) 0.170ms
[35.607s][info][gc] GC(19039) Pause Young (Allocation Failure) 14M->10M(15M) 0.188ms
[35.609s][info][gc] GC(19040) Pause Young (Allocation Failure) 14M->10M(15M) 0.211ms
[35.610s][info][gc] GC(19041) Pause Young (Allocation Failure) 14M->10M(15M) 0.186ms
[35.611s][info][gc] GC(19042) Pause Young (Allocation Failure) 14M->10M(15M) 0.169ms
[35.611s][info][gc] GC(19043) Pause Young (Allocation Failure) 14M->10M(15M) 0.147ms
[35.612s][info][gc] GC(19044) Pause Young (Allocation Failure) 14M->10M(15M) 0.181ms
[35.613s][info][gc] GC(19045) Pause Young (Allocation Failure) 14M->10M(15M) 0.217ms
[35.614s][info][gc] GC(19046) Pause Young (Allocation Failure) 15M->10M(15M) 0.185ms
[35.615s][info][gc] GC(19047) Pause Young (Allocation Failure) 14M->11M(15M) 0.215ms
[35.615s][info][gc] GC(19048) Pause Young (Allocation Failure) 15M->15M(15M) 0.025ms
[35.624s][info][gc] GC(19049) Pause Full (Allocation Failure) 15M->8M(15M) 8.881ms
[35.625s][info][gc] GC(19050) Pause Young (Allocation Failure) 12M->8M(15M) 0.246ms
[35.626s][info][gc] GC(19051) Pause Young (Allocation Failure) 13M->8M(15M) 0.213ms
[35.627s][info][gc] GC(19052) Pause Young (Allocation Failure) 13M->8M(15M) 0.164ms
[35.628s][info][gc] GC(19053) Pause Young (Allocation Failure) 12M->8M(15M) 0.175ms
[35.629s][info][gc] GC(19054) Pause Young (Allocation Failure) 13M->8M(15M) 0.182ms
[35.630s][info][gc] GC(19055) Pause Young (Allocation Failure) 13M->9M(15M) 0.190ms
[35.630s][info][gc] GC(19056) Pause Young (Allocation Failure) 13M->8M(15M) 0.183ms
[35.631s][info][gc] GC(19057) Pause Young (Allocation Failure) 13M->8M(15M) 0.175ms
[35.632s][info][gc] GC(19058) Pause Young (Allocation Failure) 13M->8M(15M) 0.168ms
[35.633s][info][gc] GC(19059) Pause Young (Allocation Failure) 12M->9M(15M) 0.188ms
[35.634s][info][gc] GC(19060) Pause Young (Allocation Failure) 13M->9M(15M) 0.180ms
[35.635s][info][gc] GC(19061) Pause Young (Allocation Failure) 13M->9M(15M) 0.205ms
[35.636s][info][gc] GC(19062) Pause Young (Allocation Failure) 13M->9M(15M) 0.177ms
[35.636s][info][gc] GC(19063) Pause Young (Allocation Failure) 13M->9M(15M) 0.194ms
[35.637s][info][gc] GC(19064) Pause Young (Allocation Failure) 13M->9M(15M) 0.171ms
[35.638s][info][gc] GC(19065) Pause Young (Allocation Failure) 13M->9M(15M) 0.199ms
[35.639s][info][gc] GC(19066) Pause Young (Allocation Failure) 14M->9M(15M) 0.190ms
[35.640s][info][gc] GC(19067) Pause Young (Allocation Failure) 14M->10M(15M) 0.159ms
[35.641s][info][gc] GC(19068) Pause Young (Allocation Failure) 14M->9M(15M) 0.170ms
[35.641s][info][gc] GC(19069) Pause Young (Allocation Failure) 14M->10M(15M) 0.184ms
[35.642s][info][gc] GC(19070) Pause Young (Allocation Failure) 14M->10M(15M) 0.222ms
[35.643s][info][gc] GC(19071) Pause Young (Allocation Failure) 14M->10M(15M) 0.189ms
[35.644s][info][gc] GC(19072) Pause Young (Allocation Failure) 15M->15M(15M) 0.026ms
[35.652s][info][gc] GC(19073) Pause Full (Allocation Failure) 15M->7M(15M) 8.524ms
[35.653s][info][gc] GC(19074) Pause Young (Allocation Failure) 12M->8M(15M) 0.229ms
[35.654s][info][gc] GC(19075) Pause Young (Allocation Failure) 12M->8M(15M) 0.191ms
[35.655s][info][gc] GC(19076) Pause Young (Allocation Failure) 12M->9M(15M) 0.172ms
[35.656s][info][gc] GC(19077) Pause Young (Allocation Failure) 13M->8M(15M) 0.170ms
[35.656s][info][gc] GC(19078) Pause Young (Allocation Failure) 13M->9M(15M) 0.177ms
[35.657s][info][gc] GC(19079) Pause Young (Allocation Failure) 13M->9M(15M) 0.208ms
[35.658s][info][gc] GC(19080) Pause Young (Allocation Failure) 13M->9M(15M) 0.173ms
[35.659s][info][gc] GC(19081) Pause Young (Allocation Failure) 13M->9M(15M) 0.181ms
[35.660s][info][gc] GC(19082) Pause Young (Allocation Failure) 13M->9M(15M) 0.192ms
[35.661s][info][gc] GC(19083) Pause Young (Allocation Failure) 13M->9M(15M) 0.180ms
[35.661s][info][gc] GC(19084) Pause Young (Allocation Failure) 13M->9M(15M) 0.177ms
[35.662s][info][gc] GC(19085) Pause Young (Allocation Failure) 13M->9M(15M) 0.173ms
[35.663s][info][gc] GC(19086) Pause Young (Allocation Failure) 13M->9M(15M) 0.186ms
[35.664s][info][gc] GC(19087) Pause Young (Allocation Failure) 14M->9M(15M) 0.193ms
[35.665s][info][gc] GC(19088) Pause Young (Allocation Failure) 14M->9M(15M) 0.195ms
[35.665s][info][gc] GC(19089) Pause Young (Allocation Failure) 14M->9M(15M) 0.177ms
[35.666s][info][gc] GC(19090) Pause Young (Allocation Failure) 14M->10M(15M) 0.187ms
[35.667s][info][gc] GC(19091) Pause Young (Allocation Failure) 14M->10M(15M) 0.186ms
[35.668s][info][gc] GC(19092) Pause Young (Allocation Failure) 14M->10M(15M) 0.224ms
[35.669s][info][gc] GC(19093) Pause Young (Allocation Failure) 15M->15M(15M) 0.025ms
[35.677s][info][gc] GC(19094) Pause Full (Allocation Failure) 15M->7M(15M) 8.640ms
[35.678s][info][gc] GC(19095) Pause Young (Allocation Failure) 12M->8M(15M) 0.196ms
[35.679s][info][gc] GC(19096) Pause Young (Allocation Failure) 12M->8M(15M) 0.212ms
[35.680s][info][gc] GC(19097) Pause Young (Allocation Failure) 12M->9M(15M) 0.230ms
[35.681s][info][gc] GC(19098) Pause Young (Allocation Failure) 13M->9M(15M) 0.202ms
[35.682s][info][gc] GC(19099) Pause Young (Allocation Failure) 13M->9M(15M) 0.177ms
[35.683s][info][gc] GC(19100) Pause Young (Allocation Failure) 13M->9M(15M) 0.200ms
[35.683s][info][gc] GC(19101) Pause Young (Allocation Failure) 13M->9M(15M) 0.169ms
[35.684s][info][gc] GC(19102) Pause Young (Allocation Failure) 13M->9M(15M) 0.182ms
[35.685s][info][gc] GC(19103) Pause Young (Allocation Failure) 13M->9M(15M) 0.179ms
[35.686s][info][gc] GC(19104) Pause Young (Allocation Failure) 13M->9M(15M) 0.189ms
[35.687s][info][gc] GC(19105) Pause Young (Allocation Failure) 14M->9M(15M) 0.186ms
[35.688s][info][gc] GC(19106) Pause Young (Allocation Failure) 14M->9M(15M) 0.177ms
[35.688s][info][gc] GC(19107) Pause Young (Allocation Failure) 14M->10M(15M) 0.206ms
[35.689s][info][gc] GC(19108) Pause Young (Allocation Failure) 14M->9M(15M) 0.168ms
[35.690s][info][gc] GC(19109) Pause Young (Allocation Failure) 14M->10M(15M) 0.187ms
[35.691s][info][gc] GC(19110) Pause Young (Allocation Failure) 14M->10M(15M) 0.186ms
[35.692s][info][gc] GC(19111) Pause Young (Allocation Failure) 14M->10M(15M) 0.172ms
[35.693s][info][gc] GC(19112) Pause Young (Allocation Failure) 14M->10M(15M) 0.223ms
[35.693s][info][gc] GC(19113) Pause Young (Allocation Failure) 15M->15M(15M) 0.025ms
[35.702s][info][gc] GC(19114) Pause Full (Allocation Failure) 15M->7M(15M) 8.599ms
[35.703s][info][gc] GC(19115) Pause Young (Allocation Failure) 11M->8M(15M) 0.309ms
[35.704s][info][gc] GC(19116) Pause Young (Allocation Failure) 12M->8M(15M) 0.198ms
[35.705s][info][gc] GC(19117) Pause Young (Allocation Failure) 12M->8M(15M) 0.201ms
[35.705s][info][gc] GC(19118) Pause Young (Allocation Failure) 12M->9M(15M) 0.242ms
[35.706s][info][gc] GC(19119) Pause Young (Allocation Failure) 13M->8M(15M) 0.187ms
[35.707s][info][gc] GC(19120) Pause Young (Allocation Failure) 13M->8M(15M) 0.173ms
[35.708s][info][gc] GC(19121) Pause Young (Allocation Failure) 13M->9M(15M) 0.196ms
[35.709s][info][gc] GC(19122) Pause Young (Allocation Failure) 13M->9M(15M) 0.193ms
[35.710s][info][gc] GC(19123) Pause Young (Allocation Failure) 13M->9M(15M) 0.195ms
[35.711s][info][gc] GC(19124) Pause Young (Allocation Failure) 13M->9M(15M) 0.197ms
[35.712s][info][gc] GC(19125) Pause Young (Allocation Failure) 13M->8M(15M) 0.173ms
[35.713s][info][gc] GC(19126) Pause Young (Allocation Failure) 13M->9M(15M) 0.237ms
[35.714s][info][gc] GC(19127) Pause Young (Allocation Failure) 14M->10M(15M) 0.223ms
[35.715s][info][gc] GC(19128) Pause Young (Allocation Failure) 14M->9M(15M) 0.166ms
[35.715s][info][gc] GC(19129) Pause Young (Allocation Failure) 13M->9M(15M) 0.179ms
[35.716s][info][gc] GC(19130) Pause Young (Allocation Failure) 14M->10M(15M) 0.192ms
[35.717s][info][gc] GC(19131) Pause Young (Allocation Failure) 14M->9M(15M) 0.174ms
[35.718s][info][gc] GC(19132) Pause Young (Allocation Failure) 14M->9M(15M) 0.166ms
[35.719s][info][gc] GC(19133) Pause Young (Allocation Failure) 14M->10M(15M) 0.177ms
[35.720s][info][gc] GC(19134) Pause Young (Allocation Failure) 14M->10M(15M) 0.182ms
[35.721s][info][gc] GC(19135) Pause Young (Allocation Failure) 14M->10M(15M) 0.168ms
[35.721s][info][gc] GC(19136) Pause Young (Allocation Failure) 14M->10M(15M) 0.188ms
[35.722s][info][gc] GC(19137) Pause Young (Allocation Failure) 14M->10M(15M) 0.185ms
[35.723s][info][gc] GC(19138) Pause Young (Allocation Failure) 14M->10M(15M) 0.190ms
[35.724s][info][gc] GC(19139) Pause Young (Allocation Failure) 14M->10M(15M) 0.189ms
[35.725s][info][gc] GC(19140) Pause Young (Allocation Failure) 14M->10M(15M) 0.181ms
[35.726s][info][gc] GC(19141) Pause Young (Allocation Failure) 14M->10M(15M) 0.175ms
[35.726s][info][gc] GC(19142) Pause Young (Allocation Failure) 14M->10M(15M) 0.188ms
[35.727s][info][gc] GC(19143) Pause Young (Allocation Failure) 14M->10M(15M) 0.180ms
[35.728s][info][gc] GC(19144) Pause Young (Allocation Failure) 14M->10M(15M) 0.195ms
[35.729s][info][gc] GC(19145) Pause Young (Allocation Failure) 14M->10M(15M) 0.211ms
[35.730s][info][gc] GC(19146) Pause Young (Allocation Failure) 15M->15M(15M) 0.025ms
[35.738s][info][gc] GC(19147) Pause Full (Allocation Failure) 15M->7M(15M) 8.806ms
[35.739s][info][gc] GC(19148) Pause Young (Allocation Failure) 12M->8M(15M) 0.255ms
[35.740s][info][gc] GC(19149) Pause Young (Allocation Failure) 12M->8M(15M) 0.229ms
[35.741s][info][gc] GC(19150) Pause Young (Allocation Failure) 12M->8M(15M) 0.184ms
[35.742s][info][gc] GC(19151) Pause Young (Allocation Failure) 12M->8M(15M) 0.163ms
[35.743s][info][gc] GC(19152) Pause Young (Allocation Failure) 12M->8M(15M) 0.182ms
[35.744s][info][gc] GC(19153) Pause Young (Allocation Failure) 12M->8M(15M) 0.228ms
[35.745s][info][gc] GC(19154) Pause Young (Allocation Failure) 13M->8M(15M) 0.170ms
[35.745s][info][gc] GC(19155) Pause Young (Allocation Failure) 12M->8M(15M) 0.143ms
[35.746s][info][gc] GC(19156) Pause Young (Allocation Failure) 13M->8M(15M) 0.177ms
[35.747s][info][gc] GC(19157) Pause Young (Allocation Failure) 13M->8M(15M) 0.180ms
[35.748s][info][gc] GC(19158) Pause Young (Allocation Failure) 13M->9M(15M) 0.188ms
[35.749s][info][gc] GC(19159) Pause Young (Allocation Failure) 13M->8M(15M) 0.168ms
[35.750s][info][gc] GC(19160) Pause Young (Allocation Failure) 13M->8M(15M) 0.165ms
[35.750s][info][gc] GC(19161) Pause Young (Allocation Failure) 12M->9M(15M) 0.212ms
[35.751s][info][gc] GC(19162) Pause Young (Allocation Failure) 13M->9M(15M) 0.178ms
[35.752s][info][gc] GC(19163) Pause Young (Allocation Failure) 13M->9M(15M) 0.180ms
[35.753s][info][gc] GC(19164) Pause Young (Allocation Failure) 13M->8M(15M) 0.162ms
[35.753s][info][gc] GC(19165) Pause Young (Allocation Failure) 13M->9M(15M) 0.193ms
[35.754s][info][gc] GC(19166) Pause Young (Allocation Failure) 13M->9M(15M) 0.165ms
[35.755s][info][gc] GC(19167) Pause Young (Allocation Failure) 13M->9M(15M) 0.214ms
[35.756s][info][gc] GC(19168) Pause Young (Allocation Failure) 14M->10M(15M) 0.215ms
[35.757s][info][gc] GC(19169) Pause Young (Allocation Failure) 14M->10M(15M) 0.178ms
[35.758s][info][gc] GC(19170) Pause Young (Allocation Failure) 14M->10M(15M) 0.176ms
[35.758s][info][gc] GC(19171) Pause Young (Allocation Failure) 14M->10M(15M) 0.184ms
[35.759s][info][gc] GC(19172) Pause Young (Allocation Failure) 14M->10M(15M) 0.188ms
[35.760s][info][gc] GC(19173) Pause Young (Allocation Failure) 14M->10M(15M) 0.164ms
[35.761s][info][gc] GC(19174) Pause Young (Allocation Failure) 14M->10M(15M) 0.183ms
[35.762s][info][gc] GC(19175) Pause Young (Allocation Failure) 14M->10M(15M) 0.184ms
[35.763s][info][gc] GC(19176) Pause Young (Allocation Failure) 14M->10M(15M) 0.200ms
[35.763s][info][gc] GC(19177) Pause Young (Allocation Failure) 15M->15M(15M) 0.025ms
[35.772s][info][gc] GC(19178) Pause Full (Allocation Failure) 15M->7M(15M) 8.685ms
[35.773s][info][gc] GC(19179) Pause Young (Allocation Failure) 11M->7M(15M) 0.204ms
[35.774s][info][gc] GC(19180) Pause Young (Allocation Failure) 12M->7M(15M) 0.197ms
[35.775s][info][gc] GC(19181) Pause Young (Allocation Failure) 12M->7M(15M) 0.182ms
[35.776s][info][gc] GC(19182) Pause Young (Allocation Failure) 12M->8M(15M) 0.195ms
[35.776s][info][gc] GC(19183) Pause Young (Allocation Failure) 12M->8M(15M) 0.215ms
[35.777s][info][gc] GC(19184) Pause Young (Allocation Failure) 12M->9M(15M) 0.245ms
[35.778s][info][gc] GC(19185) Pause Young (Allocation Failure) 13M->8M(15M) 0.209ms
[35.779s][info][gc] GC(19186) Pause Young (Allocation Failure) 13M->9M(15M) 0.202ms
[35.780s][info][gc] GC(19187) Pause Young (Allocation Failure) 13M->9M(15M) 0.193ms
[35.781s][info][gc] GC(19188) Pause Young (Allocation Failure) 13M->9M(15M) 0.195ms
[35.782s][info][gc] GC(19189) Pause Young (Allocation Failure) 13M->9M(15M) 0.236ms
[35.783s][info][gc] GC(19190) Pause Young (Allocation Failure) 13M->9M(15M) 0.236ms
[35.784s][info][gc] GC(19191) Pause Young (Allocation Failure) 14M->9M(15M) 0.195ms
[35.785s][info][gc] GC(19192) Pause Young (Allocation Failure) 14M->9M(15M) 0.166ms
[35.785s][info][gc] GC(19193) Pause Young (Allocation Failure) 13M->9M(15M) 0.197ms
[35.786s][info][gc] GC(19194) Pause Young (Allocation Failure) 13M->9M(15M) 0.261ms
[35.787s][info][gc] GC(19195) Pause Young (Allocation Failure) 14M->9M(15M) 0.200ms
[35.788s][info][gc] GC(19196) Pause Young (Allocation Failure) 13M->9M(15M) 0.217ms
[35.790s][info][gc] GC(19197) Pause Young (Allocation Failure) 14M->10M(15M) 0.271ms
[35.791s][info][gc] GC(19198) Pause Young (Allocation Failure) 14M->9M(15M) 0.169ms
[35.791s][info][gc] GC(19199) Pause Young (Allocation Failure) 14M->9M(15M) 0.189ms
[35.792s][info][gc] GC(19200) Pause Young (Allocation Failure) 14M->10M(15M) 0.219ms
[35.793s][info][gc] GC(19201) Pause Young (Allocation Failure) 14M->10M(15M) 0.228ms
[35.794s][info][gc] GC(19202) Pause Young (Allocation Failure) 14M->10M(15M) 0.256ms
[35.795s][info][gc] GC(19203) Pause Young (Allocation Failure) 15M->15M(15M) 0.025ms
[35.805s][info][gc] GC(19204) Pause Full (Allocation Failure) 15M->7M(15M) 9.973ms
[35.806s][info][gc] GC(19205) Pause Young (Allocation Failure) 12M->8M(15M) 0.186ms
[35.807s][info][gc] GC(19206) Pause Young (Allocation Failure) 12M->8M(15M) 0.183ms
[35.808s][info][gc] GC(19207) Pause Young (Allocation Failure) 12M->8M(15M) 0.190ms
[35.808s][info][gc] GC(19208) Pause Young (Allocation Failure) 12M->8M(15M) 0.193ms
[35.809s][info][gc] GC(19209) Pause Young (Allocation Failure) 12M->8M(15M) 0.166ms
[35.810s][info][gc] GC(19210) Pause Young (Allocation Failure) 12M->8M(15M) 0.173ms
[35.811s][info][gc] GC(19211) Pause Young (Allocation Failure) 12M->8M(15M) 0.183ms
[35.812s][info][gc] GC(19212) Pause Young (Allocation Failure) 12M->8M(15M) 0.170ms
[35.813s][info][gc] GC(19213) Pause Young (Allocation Failure) 12M->8M(15M) 0.164ms
[35.814s][info][gc] GC(19214) Pause Young (Allocation Failure) 12M->8M(15M) 0.165ms
[35.815s][info][gc] GC(19215) Pause Young (Allocation Failure) 12M->8M(15M) 0.179ms
[35.815s][info][gc] GC(19216) Pause Young (Allocation Failure) 12M->8M(15M) 0.163ms
[35.816s][info][gc] GC(19217) Pause Young (Allocation Failure) 12M->8M(15M) 0.167ms
[35.817s][info][gc] GC(19218) Pause Young (Allocation Failure) 12M->8M(15M) 0.176ms
[35.818s][info][gc] GC(19219) Pause Young (Allocation Failure) 12M->8M(15M) 0.168ms
[35.819s][info][gc] GC(19220) Pause Young (Allocation Failure) 12M->8M(15M) 0.192ms
[35.819s][info][gc] GC(19221) Pause Young (Allocation Failure) 13M->8M(15M) 0.169ms
[35.820s][info][gc] GC(19222) Pause Young (Allocation Failure) 12M->8M(15M) 0.185ms
[35.821s][info][gc] GC(19223) Pause Young (Allocation Failure) 13M->8M(15M) 0.187ms
[35.822s][info][gc] GC(19224) Pause Young (Allocation Failure) 13M->8M(15M) 0.185ms
[35.823s][info][gc] GC(19225) Pause Young (Allocation Failure) 13M->8M(15M) 0.175ms
[35.824s][info][gc] GC(19226) Pause Young (Allocation Failure) 12M->8M(15M) 0.166ms
[35.824s][info][gc] GC(19227) Pause Young (Allocation Failure) 13M->8M(15M) 0.181ms
[35.825s][info][gc] GC(19228) Pause Young (Allocation Failure) 13M->8M(15M) 0.175ms
[35.826s][info][gc] GC(19229) Pause Young (Allocation Failure) 12M->8M(15M) 0.167ms
[35.827s][info][gc] GC(19230) Pause Young (Allocation Failure) 12M->8M(15M) 0.166ms
[35.828s][info][gc] GC(19231) Pause Young (Allocation Failure) 12M->8M(15M) 0.183ms
[35.829s][info][gc] GC(19232) Pause Young (Allocation Failure) 13M->8M(15M) 0.171ms
[35.829s][info][gc] GC(19233) Pause Young (Allocation Failure) 12M->8M(15M) 0.164ms
[35.830s][info][gc] GC(19234) Pause Young (Allocation Failure) 12M->8M(15M) 0.172ms
[35.831s][info][gc] GC(19235) Pause Young (Allocation Failure) 13M->8M(15M) 0.183ms
[35.832s][info][gc] GC(19236) Pause Young (Allocation Failure) 13M->8M(15M) 0.168ms
[35.833s][info][gc] GC(19237) Pause Young (Allocation Failure) 12M->8M(15M) 0.177ms
[35.834s][info][gc] GC(19238) Pause Young (Allocation Failure) 13M->8M(15M) 0.164ms
[35.834s][info][gc] GC(19239) Pause Young (Allocation Failure) 12M->8M(15M) 0.172ms
[35.835s][info][gc] GC(19240) Pause Young (Allocation Failure) 13M->8M(15M) 0.163ms
[35.836s][info][gc] GC(19241) Pause Young (Allocation Failure) 12M->8M(15M) 0.173ms
[35.837s][info][gc] GC(19242) Pause Young (Allocation Failure) 13M->8M(15M) 0.181ms
[35.837s][info][gc] GC(19243) Pause Young (Allocation Failure) 13M->8M(15M) 0.185ms
[35.838s][info][gc] GC(19244) Pause Young (Allocation Failure) 13M->9M(15M) 0.209ms
[35.839s][info][gc] GC(19245) Pause Young (Allocation Failure) 13M->8M(15M) 0.176ms
[35.840s][info][gc] GC(19246) Pause Young (Allocation Failure) 13M->9M(15M) 0.184ms
[35.841s][info][gc] GC(19247) Pause Young (Allocation Failure) 13M->9M(15M) 0.220ms
[35.842s][info][gc] GC(19248) Pause Young (Allocation Failure) 14M->9M(15M) 0.173ms
[35.843s][info][gc] GC(19249) Pause Young (Allocation Failure) 13M->9M(15M) 0.181ms
[35.843s][info][gc] GC(19250) Pause Young (Allocation Failure) 14M->9M(15M) 0.173ms
[35.844s][info][gc] GC(19251) Pause Young (Allocation Failure) 13M->9M(15M) 0.172ms
[35.845s][info][gc] GC(19252) Pause Young (Allocation Failure) 13M->9M(15M) 0.163ms
[35.846s][info][gc] GC(19253) Pause Young (Allocation Failure) 13M->9M(15M) 0.173ms
[35.847s][info][gc] GC(19254) Pause Young (Allocation Failure) 13M->9M(15M) 0.180ms
[35.848s][info][gc] GC(19255) Pause Young (Allocation Failure) 14M->9M(15M) 0.180ms
[35.848s][info][gc] GC(19256) Pause Young (Allocation Failure) 14M->10M(15M) 0.201ms
[35.849s][info][gc] GC(19257) Pause Young (Allocation Failure) 14M->10M(15M) 0.190ms
[35.850s][info][gc] GC(19258) Pause Young (Allocation Failure) 14M->10M(15M) 0.189ms
[35.851s][info][gc] GC(19259) Pause Young (Allocation Failure) 14M->10M(15M) 0.179ms
[35.852s][info][gc] GC(19260) Pause Young (Allocation Failure) 14M->10M(15M) 0.182ms
[35.853s][info][gc] GC(19261) Pause Young (Allocation Failure) 14M->10M(15M) 0.169ms
[35.853s][info][gc] GC(19262) Pause Young (Allocation Failure) 14M->10M(15M) 0.194ms
[35.854s][info][gc] GC(19263) Pause Young (Allocation Failure) 15M->10M(15M) 0.180ms
[35.855s][info][gc] GC(19264) Pause Young (Allocation Failure) 14M->10M(15M) 0.160ms
[35.855s][info][gc] GC(19265) Pause Young (Allocation Failure) 15M->15M(15M) 0.025ms
[35.864s][info][gc] GC(19266) Pause Full (Allocation Failure) 15M->7M(15M) 8.689ms
[35.865s][info][gc] GC(19267) Pause Young (Allocation Failure) 12M->8M(15M) 0.194ms
[35.866s][info][gc] GC(19268) Pause Young (Allocation Failure) 12M->8M(15M) 0.182ms
[35.867s][info][gc] GC(19269) Pause Young (Allocation Failure) 12M->8M(15M) 0.169ms
[35.868s][info][gc] GC(19270) Pause Young (Allocation Failure) 12M->8M(15M) 0.176ms
[35.868s][info][gc] GC(19271) Pause Young (Allocation Failure) 12M->8M(15M) 0.187ms
[35.869s][info][gc] GC(19272) Pause Young (Allocation Failure) 12M->8M(15M) 0.163ms
[35.870s][info][gc] GC(19273) Pause Young (Allocation Failure) 12M->8M(15M) 0.201ms
[35.871s][info][gc] GC(19274) Pause Young (Allocation Failure) 12M->8M(15M) 0.181ms
[35.872s][info][gc] GC(19275) Pause Young (Allocation Failure) 12M->8M(15M) 0.162ms
[35.873s][info][gc] GC(19276) Pause Young (Allocation Failure) 12M->8M(15M) 0.184ms
[35.873s][info][gc] GC(19277) Pause Young (Allocation Failure) 12M->8M(15M) 0.173ms
[35.874s][info][gc] GC(19278) Pause Young (Allocation Failure) 12M->8M(15M) 0.185ms
[35.875s][info][gc] GC(19279) Pause Young (Allocation Failure) 12M->8M(15M) 0.171ms
[35.876s][info][gc] GC(19280) Pause Young (Allocation Failure) 12M->9M(15M) 0.215ms
[35.877s][info][gc] GC(19281) Pause Young (Allocation Failure) 13M->8M(15M) 0.171ms
[35.878s][info][gc] GC(19282) Pause Young (Allocation Failure) 13M->8M(15M) 0.173ms
[35.878s][info][gc] GC(19283) Pause Young (Allocation Failure) 13M->9M(15M) 0.194ms
[35.879s][info][gc] GC(19284) Pause Young (Allocation Failure) 13M->8M(15M) 0.165ms
[35.880s][info][gc] GC(19285) Pause Young (Allocation Failure) 13M->9M(15M) 0.190ms
[35.881s][info][gc] GC(19286) Pause Young (Allocation Failure) 13M->9M(15M) 0.165ms
[35.882s][info][gc] GC(19287) Pause Young (Allocation Failure) 13M->9M(15M) 0.225ms
[35.883s][info][gc] GC(19288) Pause Young (Allocation Failure) 14M->10M(15M) 0.197ms
[35.883s][info][gc] GC(19289) Pause Young (Allocation Failure) 14M->9M(15M) 0.169ms
[35.884s][info][gc] GC(19290) Pause Young (Allocation Failure) 14M->10M(15M) 0.179ms
[35.885s][info][gc] GC(19291) Pause Young (Allocation Failure) 14M->10M(15M) 0.153ms
[35.886s][info][gc] GC(19292) Pause Young (Allocation Failure) 14M->9M(15M) 0.163ms
[35.887s][info][gc] GC(19293) Pause Young (Allocation Failure) 14M->10M(15M) 0.186ms
[35.887s][info][gc] GC(19294) Pause Young (Allocation Failure) 14M->10M(15M) 0.189ms
[35.888s][info][gc] GC(19295) Pause Young (Allocation Failure) 14M->10M(15M) 0.180ms
[35.889s][info][gc] GC(19296) Pause Young (Allocation Failure) 14M->9M(15M) 0.166ms
[35.890s][info][gc] GC(19297) Pause Young (Allocation Failure) 14M->10M(15M) 0.189ms
[35.891s][info][gc] GC(19298) Pause Young (Allocation Failure) 14M->10M(15M) 0.170ms
[35.892s][info][gc] GC(19299) Pause Young (Allocation Failure) 14M->10M(15M) 0.192ms
[35.892s][info][gc] GC(19300) Pause Young (Allocation Failure) 14M->11M(15M) 0.165ms
[35.893s][info][gc] GC(19301) Pause Young (Allocation Failure) 15M->15M(15M) 0.028ms
[35.901s][info][gc] GC(19302) Pause Full (Allocation Failure) 15M->8M(15M) 8.279ms
[35.902s][info][gc] GC(19303) Pause Young (Allocation Failure) 12M->8M(15M) 0.234ms
[35.903s][info][gc] GC(19304) Pause Young (Allocation Failure) 12M->8M(15M) 0.177ms
[35.904s][info][gc] GC(19305) Pause Young (Allocation Failure) 12M->8M(15M) 0.167ms
[35.905s][info][gc] GC(19306) Pause Young (Allocation Failure) 12M->8M(15M) 0.188ms
[35.906s][info][gc] GC(19307) Pause Young (Allocation Failure) 13M->8M(15M) 0.178ms
[35.907s][info][gc] GC(19308) Pause Young (Allocation Failure) 12M->8M(15M) 0.196ms
[35.907s][info][gc] GC(19309) Pause Young (Allocation Failure) 13M->9M(15M) 0.200ms
[35.908s][info][gc] GC(19310) Pause Young (Allocation Failure) 13M->9M(15M) 0.188ms
[35.909s][info][gc] GC(19311) Pause Young (Allocation Failure) 13M->9M(15M) 0.179ms
[35.910s][info][gc] GC(19312) Pause Young (Allocation Failure) 13M->9M(15M) 0.169ms
[35.911s][info][gc] GC(19313) Pause Young (Allocation Failure) 13M->10M(15M) 0.193ms
[35.912s][info][gc] GC(19314) Pause Young (Allocation Failure) 14M->9M(15M) 0.185ms
[35.912s][info][gc] GC(19315) Pause Young (Allocation Failure) 14M->9M(15M) 0.181ms
[35.913s][info][gc] GC(19316) Pause Young (Allocation Failure) 14M->10M(15M) 0.192ms
[35.914s][info][gc] GC(19317) Pause Young (Allocation Failure) 14M->9M(15M) 0.166ms
[35.915s][info][gc] GC(19318) Pause Young (Allocation Failure) 14M->9M(15M) 0.166ms
[35.916s][info][gc] GC(19319) Pause Young (Allocation Failure) 14M->9M(15M) 0.168ms
[35.916s][info][gc] GC(19320) Pause Young (Allocation Failure) 14M->10M(15M) 0.183ms
[35.917s][info][gc] GC(19321) Pause Young (Allocation Failure) 14M->10M(15M) 0.195ms
[35.918s][info][gc] GC(19322) Pause Young (Allocation Failure) 14M->10M(15M) 0.182ms
[35.919s][info][gc] GC(19323) Pause Young (Allocation Failure) 14M->10M(15M) 0.224ms
[35.920s][info][gc] GC(19324) Pause Young (Allocation Failure) 15M->15M(15M) 0.025ms
[35.928s][info][gc] GC(19325) Pause Full (Allocation Failure) 15M->8M(15M) 8.326ms
[35.929s][info][gc] GC(19326) Pause Young (Allocation Failure) 12M->8M(15M) 0.174ms
[35.930s][info][gc] GC(19327) Pause Young (Allocation Failure) 12M->9M(15M) 0.216ms
[35.931s][info][gc] GC(19328) Pause Young (Allocation Failure) 13M->9M(15M) 0.209ms
[35.931s][info][gc] GC(19329) Pause Young (Allocation Failure) 13M->9M(15M) 0.191ms
[35.932s][info][gc] GC(19330) Pause Young (Allocation Failure) 13M->9M(15M) 0.158ms
[35.933s][info][gc] GC(19331) Pause Young (Allocation Failure) 13M->9M(15M) 0.198ms
[35.934s][info][gc] GC(19332) Pause Young (Allocation Failure) 14M->9M(15M) 0.183ms
[35.935s][info][gc] GC(19333) Pause Young (Allocation Failure) 14M->9M(15M) 0.182ms
[35.936s][info][gc] GC(19334) Pause Young (Allocation Failure) 13M->9M(15M) 0.178ms
[35.937s][info][gc] GC(19335) Pause Young (Allocation Failure) 13M->9M(15M) 0.184ms
[35.937s][info][gc] GC(19336) Pause Young (Allocation Failure) 14M->9M(15M) 0.179ms
[35.938s][info][gc] GC(19337) Pause Young (Allocation Failure) 14M->10M(15M) 0.200ms
[35.939s][info][gc] GC(19338) Pause Young (Allocation Failure) 14M->9M(15M) 0.163ms
[35.940s][info][gc] GC(19339) Pause Young (Allocation Failure) 13M->9M(15M) 0.178ms
[35.941s][info][gc] GC(19340) Pause Young (Allocation Failure) 14M->9M(15M) 0.171ms
[35.942s][info][gc] GC(19341) Pause Young (Allocation Failure) 14M->10M(15M) 0.182ms
[35.942s][info][gc] GC(19342) Pause Young (Allocation Failure) 14M->9M(15M) 0.169ms
[35.943s][info][gc] GC(19343) Pause Young (Allocation Failure) 14M->9M(15M) 0.171ms
[35.944s][info][gc] GC(19344) Pause Young (Allocation Failure) 14M->9M(15M) 0.179ms
[35.945s][info][gc] GC(19345) Pause Young (Allocation Failure) 14M->9M(15M) 0.177ms
[35.946s][info][gc] GC(19346) Pause Young (Allocation Failure) 14M->10M(15M) 0.183ms
[35.947s][info][gc] GC(19347) Pause Young (Allocation Failure) 14M->10M(15M) 0.178ms
[35.947s][info][gc] GC(19348) Pause Young (Allocation Failure) 14M->10M(15M) 0.169ms
[35.948s][info][gc] GC(19349) Pause Young (Allocation Failure) 14M->10M(15M) 0.171ms
[35.949s][info][gc] GC(19350) Pause Young (Allocation Failure) 14M->10M(15M) 0.198ms
[35.950s][info][gc] GC(19351) Pause Young (Allocation Failure) 14M->10M(15M) 0.191ms
[35.951s][info][gc] GC(19352) Pause Young (Allocation Failure) 14M->10M(15M) 0.171ms
[35.952s][info][gc] GC(19353) Pause Young (Allocation Failure) 14M->10M(15M) 0.168ms
[35.952s][info][gc] GC(19354) Pause Young (Allocation Failure) 14M->10M(15M) 0.187ms
[35.953s][info][gc] GC(19355) Pause Young (Allocation Failure) 14M->10M(15M) 0.192ms
[35.954s][info][gc] GC(19356) Pause Young (Allocation Failure) 15M->10M(15M) 0.171ms
[35.955s][info][gc] GC(19357) Pause Young (Allocation Failure) 14M->10M(15M) 0.186ms
[35.956s][info][gc] GC(19358) Pause Young (Allocation Failure) 15M->10M(15M) 0.164ms
[35.957s][info][gc] GC(19359) Pause Young (Allocation Failure) 14M->10M(15M) 0.163ms
[35.957s][info][gc] GC(19360) Pause Young (Allocation Failure) 14M->10M(15M) 0.190ms
[35.958s][info][gc] GC(19361) Pause Young (Allocation Failure) 15M->15M(15M) 0.025ms
[35.967s][info][gc] GC(19362) Pause Full (Allocation Failure) 15M->7M(15M) 8.546ms
[35.967s][info][gc] GC(19363) Pause Young (Allocation Failure) 11M->7M(15M) 0.206ms
[35.968s][info][gc] GC(19364) Pause Young (Allocation Failure) 11M->7M(15M) 0.181ms
[35.969s][info][gc] GC(19365) Pause Young (Allocation Failure) 12M->8M(15M) 0.197ms
[35.970s][info][gc] GC(19366) Pause Young (Allocation Failure) 12M->8M(15M) 0.220ms
[35.971s][info][gc] GC(19367) Pause Young (Allocation Failure) 12M->8M(15M) 0.164ms
[35.972s][info][gc] GC(19368) Pause Young (Allocation Failure) 12M->8M(15M) 0.175ms
[35.973s][info][gc] GC(19369) Pause Young (Allocation Failure) 12M->8M(15M) 0.186ms
[35.973s][info][gc] GC(19370) Pause Young (Allocation Failure) 12M->8M(15M) 0.175ms
[35.974s][info][gc] GC(19371) Pause Young (Allocation Failure) 12M->8M(15M) 0.182ms
[35.975s][info][gc] GC(19372) Pause Young (Allocation Failure) 12M->8M(15M) 0.185ms
[35.976s][info][gc] GC(19373) Pause Young (Allocation Failure) 12M->8M(15M) 0.165ms
[35.977s][info][gc] GC(19374) Pause Young (Allocation Failure) 12M->8M(15M) 0.166ms
[35.978s][info][gc] GC(19375) Pause Young (Allocation Failure) 12M->8M(15M) 0.167ms
[35.978s][info][gc] GC(19376) Pause Young (Allocation Failure) 12M->8M(15M) 0.171ms
[35.979s][info][gc] GC(19377) Pause Young (Allocation Failure) 12M->8M(15M) 0.211ms
[35.980s][info][gc] GC(19378) Pause Young (Allocation Failure) 13M->8M(15M) 0.179ms
[35.981s][info][gc] GC(19379) Pause Young (Allocation Failure) 13M->8M(15M) 0.179ms
[35.982s][info][gc] GC(19380) Pause Young (Allocation Failure) 13M->8M(15M) 0.172ms
[35.983s][info][gc] GC(19381) Pause Young (Allocation Failure) 12M->8M(15M) 0.185ms
[35.983s][info][gc] GC(19382) Pause Young (Allocation Failure) 13M->8M(15M) 0.167ms
[35.984s][info][gc] GC(19383) Pause Young (Allocation Failure) 12M->9M(15M) 0.190ms
[35.985s][info][gc] GC(19384) Pause Young (Allocation Failure) 13M->9M(15M) 0.198ms
[35.986s][info][gc] GC(19385) Pause Young (Allocation Failure) 13M->9M(15M) 0.172ms
[35.987s][info][gc] GC(19386) Pause Young (Allocation Failure) 13M->9M(15M) 0.200ms
[35.988s][info][gc] GC(19387) Pause Young (Allocation Failure) 13M->9M(15M) 0.164ms
[35.988s][info][gc] GC(19388) Pause Young (Allocation Failure) 13M->9M(15M) 0.173ms
[35.989s][info][gc] GC(19389) Pause Young (Allocation Failure) 13M->9M(15M) 0.176ms
[35.990s][info][gc] GC(19390) Pause Young (Allocation Failure) 13M->9M(15M) 0.213ms
[35.991s][info][gc] GC(19391) Pause Young (Allocation Failure) 14M->9M(15M) 0.162ms
[35.991s][info][gc] GC(19392) Pause Young (Allocation Failure) 13M->9M(15M) 0.176ms
[35.992s][info][gc] GC(19393) Pause Young (Allocation Failure) 14M->9M(15M) 0.175ms
[35.993s][info][gc] GC(19394) Pause Young (Allocation Failure) 14M->9M(15M) 0.170ms
[35.994s][info][gc] GC(19395) Pause Young (Allocation Failure) 13M->9M(15M) 0.175ms
[35.995s][info][gc] GC(19396) Pause Young (Allocation Failure) 14M->10M(15M) 0.201ms
[35.996s][info][gc] GC(19397) Pause Young (Allocation Failure) 14M->9M(15M) 0.169ms
[35.997s][info][gc] GC(19398) Pause Young (Allocation Failure) 14M->9M(15M) 0.164ms
[35.997s][info][gc] GC(19399) Pause Young (Allocation Failure) 14M->10M(15M) 0.175ms
[35.998s][info][gc] GC(19400) Pause Young (Allocation Failure) 14M->10M(15M) 0.179ms
[35.999s][info][gc] GC(19401) Pause Young (Allocation Failure) 14M->10M(15M) 0.177ms
[36.000s][info][gc] GC(19402) Pause Young (Allocation Failure) 14M->9M(15M) 0.164ms
[36.001s][info][gc] GC(19403) Pause Young (Allocation Failure) 14M->10M(15M) 0.180ms
[36.001s][info][gc] GC(19404) Pause Young (Allocation Failure) 14M->10M(15M) 0.192ms
[36.002s][info][gc] GC(19405) Pause Young (Allocation Failure) 14M->10M(15M) 0.176ms
[36.003s][info][gc] GC(19406) Pause Young (Allocation Failure) 14M->10M(15M) 0.183ms
[36.004s][info][gc] GC(19407) Pause Young (Allocation Failure) 14M->10M(15M) 0.165ms
[36.005s][info][gc] GC(19408) Pause Young (Allocation Failure) 14M->10M(15M) 0.184ms
[36.006s][info][gc] GC(19409) Pause Young (Allocation Failure) 14M->10M(15M) 0.180ms
[36.006s][info][gc] GC(19410) Pause Young (Allocation Failure) 14M->10M(15M) 0.206ms
[36.007s][info][gc] GC(19411) Pause Young (Allocation Failure) 15M->10M(15M) 0.173ms
[36.008s][info][gc] GC(19412) Pause Young (Allocation Failure) 15M->15M(15M) 0.025ms
[36.016s][info][gc] GC(19413) Pause Full (Allocation Failure) 15M->7M(15M) 8.584ms
[36.017s][info][gc] GC(19414) Pause Young (Allocation Failure) 12M->7M(15M) 0.174ms
[36.018s][info][gc] GC(19415) Pause Young (Allocation Failure) 12M->8M(15M) 0.181ms
[36.019s][info][gc] GC(19416) Pause Young (Allocation Failure) 12M->8M(15M) 0.178ms
[36.020s][info][gc] GC(19417) Pause Young (Allocation Failure) 12M->8M(15M) 0.179ms
[36.021s][info][gc] GC(19418) Pause Young (Allocation Failure) 12M->8M(15M) 0.176ms
[36.022s][info][gc] GC(19419) Pause Young (Allocation Failure) 13M->8M(15M) 0.189ms
[36.022s][info][gc] GC(19420) Pause Young (Allocation Failure) 13M->9M(15M) 0.205ms
[36.023s][info][gc] GC(19421) Pause Young (Allocation Failure) 13M->9M(15M) 0.168ms
[36.024s][info][gc] GC(19422) Pause Young (Allocation Failure) 13M->9M(15M) 0.167ms
[36.025s][info][gc] GC(19423) Pause Young (Allocation Failure) 13M->9M(15M) 0.183ms
[36.026s][info][gc] GC(19424) Pause Young (Allocation Failure) 13M->9M(15M) 0.190ms
[36.026s][info][gc] GC(19425) Pause Young (Allocation Failure) 13M->9M(15M) 0.174ms
[36.027s][info][gc] GC(19426) Pause Young (Allocation Failure) 13M->9M(15M) 0.181ms
[36.028s][info][gc] GC(19427) Pause Young (Allocation Failure) 13M->9M(15M) 0.180ms
[36.029s][info][gc] GC(19428) Pause Young (Allocation Failure) 13M->9M(15M) 0.175ms
[36.030s][info][gc] GC(19429) Pause Young (Allocation Failure) 13M->9M(15M) 0.164ms
[36.031s][info][gc] GC(19430) Pause Young (Allocation Failure) 13M->9M(15M) 0.162ms
[36.031s][info][gc] GC(19431) Pause Young (Allocation Failure) 13M->9M(15M) 0.166ms
[36.032s][info][gc] GC(19432) Pause Young (Allocation Failure) 13M->10M(15M) 0.159ms
[36.033s][info][gc] GC(19433) Pause Young (Allocation Failure) 14M->10M(15M) 0.189ms
[36.034s][info][gc] GC(19434) Pause Young (Allocation Failure) 14M->10M(15M) 0.179ms
[36.035s][info][gc] GC(19435) Pause Young (Allocation Failure) 14M->10M(15M) 0.161ms
[36.035s][info][gc] GC(19436) Pause Young (Allocation Failure) 14M->10M(15M) 0.182ms
[36.036s][info][gc] GC(19437) Pause Young (Allocation Failure) 14M->10M(15M) 0.206ms
[36.037s][info][gc] GC(19438) Pause Young (Allocation Failure) 15M->15M(15M) 0.025ms
[36.045s][info][gc] GC(19439) Pause Full (Allocation Failure) 15M->8M(15M) 8.484ms
[36.046s][info][gc] GC(19440) Pause Young (Allocation Failure) 12M->8M(15M) 0.175ms
[36.047s][info][gc] GC(19441) Pause Young (Allocation Failure) 12M->8M(15M) 0.180ms
[36.048s][info][gc] GC(19442) Pause Young (Allocation Failure) 12M->9M(15M) 0.226ms
[36.049s][info][gc] GC(19443) Pause Young (Allocation Failure) 13M->9M(15M) 0.186ms
[36.050s][info][gc] GC(19444) Pause Young (Allocation Failure) 13M->9M(15M) 0.197ms
[36.051s][info][gc] GC(19445) Pause Young (Allocation Failure) 13M->9M(15M) 0.183ms
[36.051s][info][gc] GC(19446) Pause Young (Allocation Failure) 13M->8M(15M) 0.166ms
[36.052s][info][gc] GC(19447) Pause Young (Allocation Failure) 13M->8M(15M) 0.166ms
[36.053s][info][gc] GC(19448) Pause Young (Allocation Failure) 13M->9M(15M) 0.216ms
[36.054s][info][gc] GC(19449) Pause Young (Allocation Failure) 13M->9M(15M) 0.205ms
[36.055s][info][gc] GC(19450) Pause Young (Allocation Failure) 14M->9M(15M) 0.172ms
[36.056s][info][gc] GC(19451) Pause Young (Allocation Failure) 13M->9M(15M) 0.164ms
[36.056s][info][gc] GC(19452) Pause Young (Allocation Failure) 13M->9M(15M) 0.185ms
[36.057s][info][gc] GC(19453) Pause Young (Allocation Failure) 14M->10M(15M) 0.193ms
[36.058s][info][gc] GC(19454) Pause Young (Allocation Failure) 14M->10M(15M) 0.180ms
[36.059s][info][gc] GC(19455) Pause Young (Allocation Failure) 14M->9M(15M) 0.172ms
[36.060s][info][gc] GC(19456) Pause Young (Allocation Failure) 14M->10M(15M) 0.145ms
[36.061s][info][gc] GC(19457) Pause Young (Allocation Failure) 14M->10M(15M) 0.190ms
[36.061s][info][gc] GC(19458) Pause Young (Allocation Failure) 14M->10M(15M) 0.213ms
[36.062s][info][gc] GC(19459) Pause Young (Allocation Failure) 15M->15M(15M) 0.025ms
[36.071s][info][gc] GC(19460) Pause Full (Allocation Failure) 15M->7M(15M) 8.568ms
[36.072s][info][gc] GC(19461) Pause Young (Allocation Failure) 12M->8M(15M) 0.205ms
[36.072s][info][gc] GC(19462) Pause Young (Allocation Failure) 12M->8M(15M) 0.202ms
[36.073s][info][gc] GC(19463) Pause Young (Allocation Failure) 12M->8M(15M) 0.179ms
[36.074s][info][gc] GC(19464) Pause Young (Allocation Failure) 12M->8M(15M) 0.157ms
[36.075s][info][gc] GC(19465) Pause Young (Allocation Failure) 12M->8M(15M) 0.196ms
[36.076s][info][gc] GC(19466) Pause Young (Allocation Failure) 13M->8M(15M) 0.180ms
[36.076s][info][gc] GC(19467) Pause Young (Allocation Failure) 13M->9M(15M) 0.202ms
[36.077s][info][gc] GC(19468) Pause Young (Allocation Failure) 13M->8M(15M) 0.163ms
[36.078s][info][gc] GC(19469) Pause Young (Allocation Failure) 13M->9M(15M) 0.180ms
[36.079s][info][gc] GC(19470) Pause Young (Allocation Failure) 13M->9M(15M) 0.177ms
[36.080s][info][gc] GC(19471) Pause Young (Allocation Failure) 13M->9M(15M) 0.177ms
[36.080s][info][gc] GC(19472) Pause Young (Allocation Failure) 13M->9M(15M) 0.177ms
[36.081s][info][gc] GC(19473) Pause Young (Allocation Failure) 13M->9M(15M) 0.177ms
[36.082s][info][gc] GC(19474) Pause Young (Allocation Failure) 13M->9M(15M) 0.155ms
[36.083s][info][gc] GC(19475) Pause Young (Allocation Failure) 13M->9M(15M) 0.201ms
[36.084s][info][gc] GC(19476) Pause Young (Allocation Failure) 13M->9M(15M) 0.186ms
[36.085s][info][gc] GC(19477) Pause Young (Allocation Failure) 13M->9M(15M) 0.181ms
[36.085s][info][gc] GC(19478) Pause Young (Allocation Failure) 13M->9M(15M) 0.178ms
[36.086s][info][gc] GC(19479) Pause Young (Allocation Failure) 13M->9M(15M) 0.168ms
[36.087s][info][gc] GC(19480) Pause Young (Allocation Failure) 13M->9M(15M) 0.170ms
[36.088s][info][gc] GC(19481) Pause Young (Allocation Failure) 13M->9M(15M) 0.166ms
[36.089s][info][gc] GC(19482) Pause Young (Allocation Failure) 13M->9M(15M) 0.182ms
[36.090s][info][gc] GC(19483) Pause Young (Allocation Failure) 14M->9M(15M) 0.180ms
[36.090s][info][gc] GC(19484) Pause Young (Allocation Failure) 13M->9M(15M) 0.183ms
[36.091s][info][gc] GC(19485) Pause Young (Allocation Failure) 14M->10M(15M) 0.203ms
[36.092s][info][gc] GC(19486) Pause Young (Allocation Failure) 14M->9M(15M) 0.166ms
[36.093s][info][gc] GC(19487) Pause Young (Allocation Failure) 14M->10M(15M) 0.192ms
[36.094s][info][gc] GC(19488) Pause Young (Allocation Failure) 14M->10M(15M) 0.185ms
[36.094s][info][gc] GC(19489) Pause Young (Allocation Failure) 14M->10M(15M) 0.167ms
[36.095s][info][gc] GC(19490) Pause Young (Allocation Failure) 14M->10M(15M) 0.213ms
[36.096s][info][gc] GC(19491) Pause Young (Allocation Failure) 15M->15M(15M) 0.025ms
[36.105s][info][gc] GC(19492) Pause Full (Allocation Failure) 15M->7M(15M) 8.677ms
[36.105s][info][gc] GC(19493) Pause Young (Allocation Failure) 11M->7M(15M) 0.178ms
[36.106s][info][gc] GC(19494) Pause Young (Allocation Failure) 12M->8M(15M) 0.206ms
[36.107s][info][gc] GC(19495) Pause Young (Allocation Failure) 12M->8M(15M) 0.207ms
[36.108s][info][gc] GC(19496) Pause Young (Allocation Failure) 12M->8M(15M) 0.175ms
[36.109s][info][gc] GC(19497) Pause Young (Allocation Failure) 12M->8M(15M) 0.195ms
[36.110s][info][gc] GC(19498) Pause Young (Allocation Failure) 12M->8M(15M) 0.211ms
[36.111s][info][gc] GC(19499) Pause Young (Allocation Failure) 13M->8M(15M) 0.168ms
[36.111s][info][gc] GC(19500) Pause Young (Allocation Failure) 12M->8M(15M) 0.147ms
[36.112s][info][gc] GC(19501) Pause Young (Allocation Failure) 13M->8M(15M) 0.187ms
[36.113s][info][gc] GC(19502) Pause Young (Allocation Failure) 13M->9M(15M) 0.194ms
[36.114s][info][gc] GC(19503) Pause Young (Allocation Failure) 13M->8M(15M) 0.169ms
[36.115s][info][gc] GC(19504) Pause Young (Allocation Failure) 13M->8M(15M) 0.173ms
[36.115s][info][gc] GC(19505) Pause Young (Allocation Failure) 13M->8M(15M) 0.171ms
[36.116s][info][gc] GC(19506) Pause Young (Allocation Failure) 13M->9M(15M) 0.191ms
[36.117s][info][gc] GC(19507) Pause Young (Allocation Failure) 13M->9M(15M) 0.194ms
[36.118s][info][gc] GC(19508) Pause Young (Allocation Failure) 13M->9M(15M) 0.180ms
[36.119s][info][gc] GC(19509) Pause Young (Allocation Failure) 13M->9M(15M) 0.196ms
[36.119s][info][gc] GC(19510) Pause Young (Allocation Failure) 13M->9M(15M) 0.196ms
[36.120s][info][gc] GC(19511) Pause Young (Allocation Failure) 14M->9M(15M) 0.173ms
[36.121s][info][gc] GC(19512) Pause Young (Allocation Failure) 13M->9M(15M) 0.181ms
[36.122s][info][gc] GC(19513) Pause Young (Allocation Failure) 14M->9M(15M) 0.181ms
[36.123s][info][gc] GC(19514) Pause Young (Allocation Failure) 14M->10M(15M) 0.187ms
[36.124s][info][gc] GC(19515) Pause Young (Allocation Failure) 14M->10M(15M) 0.183ms
[36.124s][info][gc] GC(19516) Pause Young (Allocation Failure) 14M->10M(15M) 0.179ms
[36.125s][info][gc] GC(19517) Pause Young (Allocation Failure) 14M->9M(15M) 0.166ms
[36.126s][info][gc] GC(19518) Pause Young (Allocation Failure) 14M->10M(15M) 0.184ms
[36.127s][info][gc] GC(19519) Pause Young (Allocation Failure) 14M->10M(15M) 0.176ms
[36.128s][info][gc] GC(19520) Pause Young (Allocation Failure) 14M->9M(15M) 0.167ms
[36.129s][info][gc] GC(19521) Pause Young (Allocation Failure) 14M->9M(15M) 0.174ms
[36.129s][info][gc] GC(19522) Pause Young (Allocation Failure) 14M->9M(15M) 0.163ms
[36.130s][info][gc] GC(19523) Pause Young (Allocation Failure) 14M->10M(15M) 0.192ms
[36.131s][info][gc] GC(19524) Pause Young (Allocation Failure) 14M->10M(15M) 0.179ms
[36.132s][info][gc] GC(19525) Pause Young (Allocation Failure) 14M->10M(15M) 0.165ms
[36.133s][info][gc] GC(19526) Pause Young (Allocation Failure) 14M->10M(15M) 0.187ms
[36.134s][info][gc] GC(19527) Pause Young (Allocation Failure) 14M->10M(15M) 0.188ms
[36.134s][info][gc] GC(19528) Pause Young (Allocation Failure) 14M->10M(15M) 0.167ms
[36.135s][info][gc] GC(19529) Pause Young (Allocation Failure) 14M->10M(15M) 0.171ms
[36.136s][info][gc] GC(19530) Pause Young (Allocation Failure) 14M->10M(15M) 0.207ms
[36.137s][info][gc] GC(19531) Pause Young (Allocation Failure) 15M->15M(15M) 0.025ms
[36.145s][info][gc] GC(19532) Pause Full (Allocation Failure) 15M->7M(15M) 8.678ms
[36.146s][info][gc] GC(19533) Pause Young (Allocation Failure) 12M->8M(15M) 0.237ms
[36.147s][info][gc] GC(19534) Pause Young (Allocation Failure) 12M->8M(15M) 0.216ms
[36.148s][info][gc] GC(19535) Pause Young (Allocation Failure) 13M->8M(15M) 0.185ms
[36.149s][info][gc] GC(19536) Pause Young (Allocation Failure) 13M->8M(15M) 0.184ms
[36.150s][info][gc] GC(19537) Pause Young (Allocation Failure) 13M->8M(15M) 0.177ms
[36.151s][info][gc] GC(19538) Pause Young (Allocation Failure) 13M->8M(15M) 0.185ms
[36.151s][info][gc] GC(19539) Pause Young (Allocation Failure) 13M->8M(15M) 0.166ms
[36.152s][info][gc] GC(19540) Pause Young (Allocation Failure) 12M->9M(15M) 0.195ms
[36.153s][info][gc] GC(19541) Pause Young (Allocation Failure) 13M->9M(15M) 0.157ms
[36.154s][info][gc] GC(19542) Pause Young (Allocation Failure) 13M->8M(15M) 0.167ms
[36.155s][info][gc] GC(19543) Pause Young (Allocation Failure) 13M->8M(15M) 0.172ms
[36.156s][info][gc] GC(19544) Pause Young (Allocation Failure) 13M->8M(15M) 0.176ms
[36.157s][info][gc] GC(19545) Pause Young (Allocation Failure) 13M->8M(15M) 0.175ms
[36.158s][info][gc] GC(19546) Pause Young (Allocation Failure) 13M->8M(15M) 0.168ms
[36.158s][info][gc] GC(19547) Pause Young (Allocation Failure) 12M->9M(15M) 0.219ms
[36.159s][info][gc] GC(19548) Pause Young (Allocation Failure) 13M->9M(15M) 0.192ms
[36.160s][info][gc] GC(19549) Pause Young (Allocation Failure) 13M->9M(15M) 0.171ms
[36.161s][info][gc] GC(19550) Pause Young (Allocation Failure) 13M->9M(15M) 0.190ms
[36.162s][info][gc] GC(19551) Pause Young (Allocation Failure) 14M->9M(15M) 0.188ms
[36.162s][info][gc] GC(19552) Pause Young (Allocation Failure) 14M->9M(15M) 0.181ms
[36.163s][info][gc] GC(19553) Pause Young (Allocation Failure) 14M->9M(15M) 0.173ms
[36.164s][info][gc] GC(19554) Pause Young (Allocation Failure) 13M->9M(15M) 0.186ms
[36.165s][info][gc] GC(19555) Pause Young (Allocation Failure) 14M->9M(15M) 0.181ms
[36.166s][info][gc] GC(19556) Pause Young (Allocation Failure) 14M->9M(15M) 0.169ms
[36.167s][info][gc] GC(19557) Pause Young (Allocation Failure) 13M->10M(15M) 0.198ms
[36.168s][info][gc] GC(19558) Pause Young (Allocation Failure) 14M->10M(15M) 0.186ms
[36.168s][info][gc] GC(19559) Pause Young (Allocation Failure) 14M->10M(15M) 0.224ms
[36.169s][info][gc] GC(19560) Pause Young (Allocation Failure) 15M->15M(15M) 0.025ms
[36.178s][info][gc] GC(19561) Pause Full (Allocation Failure) 15M->7M(15M) 8.564ms
[36.179s][info][gc] GC(19562) Pause Young (Allocation Failure) 12M->8M(15M) 0.179ms
[36.180s][info][gc] GC(19563) Pause Young (Allocation Failure) 12M->8M(15M) 0.181ms
[36.180s][info][gc] GC(19564) Pause Young (Allocation Failure) 12M->7M(15M) 0.166ms
[36.181s][info][gc] GC(19565) Pause Young (Allocation Failure) 12M->8M(15M) 0.175ms
[36.182s][info][gc] GC(19566) Pause Young (Allocation Failure) 12M->8M(15M) 0.167ms
[36.183s][info][gc] GC(19567) Pause Young (Allocation Failure) 12M->8M(15M) 0.166ms
[36.184s][info][gc] GC(19568) Pause Young (Allocation Failure) 12M->8M(15M) 0.211ms
[36.184s][info][gc] GC(19569) Pause Young (Allocation Failure) 12M->8M(15M) 0.186ms
[36.185s][info][gc] GC(19570) Pause Young (Allocation Failure) 12M->8M(15M) 0.202ms
[36.186s][info][gc] GC(19571) Pause Young (Allocation Failure) 13M->9M(15M) 0.195ms
[36.187s][info][gc] GC(19572) Pause Young (Allocation Failure) 13M->9M(15M) 0.204ms
[36.188s][info][gc] GC(19573) Pause Young (Allocation Failure) 13M->9M(15M) 0.181ms
[36.189s][info][gc] GC(19574) Pause Young (Allocation Failure) 13M->9M(15M) 0.206ms
[36.189s][info][gc] GC(19575) Pause Young (Allocation Failure) 13M->9M(15M) 0.163ms
[36.190s][info][gc] GC(19576) Pause Young (Allocation Failure) 13M->9M(15M) 0.185ms
[36.191s][info][gc] GC(19577) Pause Young (Allocation Failure) 14M->9M(15M) 0.179ms
[36.192s][info][gc] GC(19578) Pause Young (Allocation Failure) 13M->9M(15M) 0.188ms
[36.193s][info][gc] GC(19579) Pause Young (Allocation Failure) 14M->9M(15M) 0.173ms
[36.194s][info][gc] GC(19580) Pause Young (Allocation Failure) 13M->9M(15M) 0.177ms
[36.194s][info][gc] GC(19581) Pause Young (Allocation Failure) 14M->10M(15M) 0.238ms
[36.195s][info][gc] GC(19582) Pause Young (Allocation Failure) 15M->15M(15M) 0.025ms
[36.203s][info][gc] GC(19583) Pause Full (Allocation Failure) 15M->7M(15M) 8.545ms
[36.204s][info][gc] GC(19584) Pause Young (Allocation Failure) 11M->7M(15M) 0.196ms
[36.205s][info][gc] GC(19585) Pause Young (Allocation Failure) 12M->7M(15M) 0.178ms
[36.206s][info][gc] GC(19586) Pause Young (Allocation Failure) 12M->7M(15M) 0.175ms
[36.207s][info][gc] GC(19587) Pause Young (Allocation Failure) 12M->8M(15M) 0.205ms
[36.208s][info][gc] GC(19588) Pause Young (Allocation Failure) 12M->8M(15M) 0.171ms
[36.209s][info][gc] GC(19589) Pause Young (Allocation Failure) 12M->8M(15M) 0.181ms
[36.209s][info][gc] GC(19590) Pause Young (Allocation Failure) 12M->8M(15M) 0.183ms
[36.210s][info][gc] GC(19591) Pause Young (Allocation Failure) 12M->8M(15M) 0.191ms
[36.211s][info][gc] GC(19592) Pause Young (Allocation Failure) 12M->8M(15M) 0.175ms
[36.212s][info][gc] GC(19593) Pause Young (Allocation Failure) 12M->8M(15M) 0.201ms
[36.213s][info][gc] GC(19594) Pause Young (Allocation Failure) 13M->9M(15M) 0.205ms
[36.213s][info][gc] GC(19595) Pause Young (Allocation Failure) 13M->9M(15M) 0.204ms
[36.214s][info][gc] GC(19596) Pause Young (Allocation Failure) 13M->8M(15M) 0.165ms
[36.215s][info][gc] GC(19597) Pause Young (Allocation Failure) 13M->8M(15M) 0.166ms
[36.216s][info][gc] GC(19598) Pause Young (Allocation Failure) 13M->9M(15M) 0.173ms
[36.217s][info][gc] GC(19599) Pause Young (Allocation Failure) 13M->9M(15M) 0.193ms
[36.218s][info][gc] GC(19600) Pause Young (Allocation Failure) 13M->9M(15M) 0.188ms
[36.219s][info][gc] GC(19601) Pause Young (Allocation Failure) 13M->9M(15M) 0.171ms
[36.219s][info][gc] GC(19602) Pause Young (Allocation Failure) 13M->9M(15M) 0.222ms
[36.220s][info][gc] GC(19603) Pause Young (Allocation Failure) 13M->9M(15M) 0.181ms
[36.221s][info][gc] GC(19604) Pause Young (Allocation Failure) 13M->9M(15M) 0.171ms
[36.222s][info][gc] GC(19605) Pause Young (Allocation Failure) 13M->9M(15M) 0.163ms
[36.223s][info][gc] GC(19606) Pause Young (Allocation Failure) 13M->9M(15M) 0.154ms
[36.223s][info][gc] GC(19607) Pause Young (Allocation Failure) 14M->9M(15M) 0.171ms
[36.224s][info][gc] GC(19608) Pause Young (Allocation Failure) 13M->9M(15M) 0.175ms
[36.225s][info][gc] GC(19609) Pause Young (Allocation Failure) 13M->10M(15M) 0.200ms
[36.226s][info][gc] GC(19610) Pause Young (Allocation Failure) 14M->10M(15M) 0.196ms
[36.227s][info][gc] GC(19611) Pause Young (Allocation Failure) 14M->10M(15M) 0.176ms
[36.228s][info][gc] GC(19612) Pause Young (Allocation Failure) 14M->10M(15M) 0.162ms
[36.228s][info][gc] GC(19613) Pause Young (Allocation Failure) 14M->10M(15M) 0.187ms
[36.229s][info][gc] GC(19614) Pause Young (Allocation Failure) 14M->10M(15M) 0.185ms
[36.230s][info][gc] GC(19615) Pause Young (Allocation Failure) 14M->10M(15M) 0.168ms
[36.231s][info][gc] GC(19616) Pause Young (Allocation Failure) 14M->10M(15M) 0.175ms
[36.232s][info][gc] GC(19617) Pause Young (Allocation Failure) 14M->10M(15M) 0.164ms
[36.232s][info][gc] GC(19618) Pause Young (Allocation Failure) 14M->10M(15M) 0.168ms
[36.233s][info][gc] GC(19619) Pause Young (Allocation Failure) 14M->10M(15M) 0.162ms
[36.234s][info][gc] GC(19620) Pause Young (Allocation Failure) 14M->10M(15M) 0.174ms
[36.235s][info][gc] GC(19621) Pause Young (Allocation Failure) 14M->10M(15M) 0.183ms
[36.236s][info][gc] GC(19622) Pause Young (Allocation Failure) 15M->10M(15M) 0.220ms
[36.236s][info][gc] GC(19623) Pause Young (Allocation Failure) 14M->10M(15M) 0.186ms
[36.237s][info][gc] GC(19624) Pause Young (Allocation Failure) 15M->15M(15M) 0.294ms
[36.246s][info][gc] GC(19625) Pause Full (Allocation Failure) 15M->8M(15M) 8.399ms
[36.247s][info][gc] GC(19626) Pause Young (Allocation Failure) 12M->9M(15M) 0.192ms
[36.247s][info][gc] GC(19627) Pause Young (Allocation Failure) 13M->9M(15M) 0.220ms
[36.248s][info][gc] GC(19628) Pause Young (Allocation Failure) 13M->9M(15M) 0.169ms
[36.249s][info][gc] GC(19629) Pause Young (Allocation Failure) 13M->9M(15M) 0.154ms
[36.250s][info][gc] GC(19630) Pause Young (Allocation Failure) 13M->9M(15M) 0.164ms
[36.251s][info][gc] GC(19631) Pause Young (Allocation Failure) 13M->9M(15M) 0.173ms
[36.252s][info][gc] GC(19632) Pause Young (Allocation Failure) 13M->9M(15M) 0.205ms
[36.253s][info][gc] GC(19633) Pause Young (Allocation Failure) 13M->9M(15M) 0.184ms
[36.253s][info][gc] GC(19634) Pause Young (Allocation Failure) 13M->9M(15M) 0.159ms
[36.254s][info][gc] GC(19635) Pause Young (Allocation Failure) 13M->9M(15M) 0.178ms
[36.255s][info][gc] GC(19636) Pause Young (Allocation Failure) 13M->10M(15M) 0.211ms
[36.256s][info][gc] GC(19637) Pause Young (Allocation Failure) 14M->9M(15M) 0.169ms
[36.257s][info][gc] GC(19638) Pause Young (Allocation Failure) 14M->10M(15M) 0.189ms
[36.257s][info][gc] GC(19639) Pause Young (Allocation Failure) 14M->10M(15M) 0.137ms
[36.258s][info][gc] GC(19640) Pause Young (Allocation Failure) 14M->10M(15M) 0.171ms
[36.259s][info][gc] GC(19641) Pause Young (Allocation Failure) 14M->10M(15M) 0.178ms
[36.260s][info][gc] GC(19642) Pause Young (Allocation Failure) 14M->10M(15M) 0.178ms
[36.261s][info][gc] GC(19643) Pause Young (Allocation Failure) 14M->10M(15M) 0.180ms
[36.261s][info][gc] GC(19644) Pause Young (Allocation Failure) 14M->10M(15M) 0.209ms
[36.262s][info][gc] GC(19645) Pause Young (Allocation Failure) 15M->15M(15M) 0.025ms
[36.271s][info][gc] GC(19646) Pause Full (Allocation Failure) 15M->8M(15M) 8.933ms
[36.272s][info][gc] GC(19647) Pause Young (Allocation Failure) 12M->9M(15M) 0.241ms
[36.273s][info][gc] GC(19648) Pause Young (Allocation Failure) 13M->8M(15M) 0.163ms
[36.274s][info][gc] GC(19649) Pause Young (Allocation Failure) 13M->9M(15M) 0.193ms
[36.274s][info][gc] GC(19650) Pause Young (Allocation Failure) 13M->9M(15M) 0.190ms
[36.275s][info][gc] GC(19651) Pause Young (Allocation Failure) 13M->9M(15M) 0.191ms
[36.276s][info][gc] GC(19652) Pause Young (Allocation Failure) 13M->9M(15M) 0.175ms
[36.277s][info][gc] GC(19653) Pause Young (Allocation Failure) 13M->9M(15M) 0.158ms
[36.278s][info][gc] GC(19654) Pause Young (Allocation Failure) 13M->9M(15M) 0.159ms
[36.278s][info][gc] GC(19655) Pause Young (Allocation Failure) 13M->9M(15M) 0.169ms
[36.279s][info][gc] GC(19656) Pause Young (Allocation Failure) 13M->9M(15M) 0.167ms
[36.280s][info][gc] GC(19657) Pause Young (Allocation Failure) 13M->9M(15M) 0.182ms
[36.281s][info][gc] GC(19658) Pause Young (Allocation Failure) 13M->9M(15M) 0.178ms
[36.282s][info][gc] GC(19659) Pause Young (Allocation Failure) 13M->9M(15M) 0.179ms
[36.283s][info][gc] GC(19660) Pause Young (Allocation Failure) 13M->9M(15M) 0.171ms
[36.284s][info][gc] GC(19661) Pause Young (Allocation Failure) 13M->9M(15M) 0.184ms
[36.284s][info][gc] GC(19662) Pause Young (Allocation Failure) 13M->9M(15M) 0.175ms
[36.285s][info][gc] GC(19663) Pause Young (Allocation Failure) 13M->9M(15M) 0.182ms
[36.286s][info][gc] GC(19664) Pause Young (Allocation Failure) 14M->9M(15M) 0.175ms
[36.287s][info][gc] GC(19665) Pause Young (Allocation Failure) 13M->9M(15M) 0.179ms
[36.288s][info][gc] GC(19666) Pause Young (Allocation Failure) 14M->9M(15M) 0.171ms
[36.289s][info][gc] GC(19667) Pause Young (Allocation Failure) 13M->9M(15M) 0.162ms
[36.289s][info][gc] GC(19668) Pause Young (Allocation Failure) 13M->9M(15M) 0.164ms
[36.290s][info][gc] GC(19669) Pause Young (Allocation Failure) 14M->9M(15M) 0.168ms
[36.291s][info][gc] GC(19670) Pause Young (Allocation Failure) 14M->10M(15M) 0.200ms
[36.292s][info][gc] GC(19671) Pause Young (Allocation Failure) 14M->10M(15M) 0.173ms
[36.293s][info][gc] GC(19672) Pause Young (Allocation Failure) 14M->10M(15M) 0.163ms
[36.294s][info][gc] GC(19673) Pause Young (Allocation Failure) 14M->10M(15M) 0.191ms
[36.294s][info][gc] GC(19674) Pause Young (Allocation Failure) 14M->10M(15M) 0.183ms
[36.295s][info][gc] GC(19675) Pause Young (Allocation Failure) 15M->10M(15M) 0.166ms
[36.296s][info][gc] GC(19676) Pause Young (Allocation Failure) 14M->10M(15M) 0.149ms
[36.297s][info][gc] GC(19677) Pause Young (Allocation Failure) 15M->11M(15M) 0.197ms
[36.297s][info][gc] GC(19678) Pause Young (Allocation Failure) 15M->15M(15M) 0.024ms
[36.306s][info][gc] GC(19679) Pause Full (Allocation Failure) 15M->8M(15M) 8.941ms
[36.307s][info][gc] GC(19680) Pause Young (Allocation Failure) 12M->9M(15M) 0.227ms
[36.308s][info][gc] GC(19681) Pause Young (Allocation Failure) 13M->9M(15M) 0.198ms
[36.309s][info][gc] GC(19682) Pause Young (Allocation Failure) 13M->8M(15M) 0.161ms
[36.310s][info][gc] GC(19683) Pause Young (Allocation Failure) 13M->9M(15M) 0.174ms
[36.311s][info][gc] GC(19684) Pause Young (Allocation Failure) 13M->9M(15M) 0.170ms
[36.311s][info][gc] GC(19685) Pause Young (Allocation Failure) 13M->8M(15M) 0.162ms
[36.312s][info][gc] GC(19686) Pause Young (Allocation Failure) 13M->9M(15M) 0.180ms
[36.313s][info][gc] GC(19687) Pause Young (Allocation Failure) 13M->9M(15M) 0.177ms
[36.314s][info][gc] GC(19688) Pause Young (Allocation Failure) 13M->9M(15M) 0.198ms
[36.315s][info][gc] GC(19689) Pause Young (Allocation Failure) 13M->9M(15M) 0.185ms
[36.316s][info][gc] GC(19690) Pause Young (Allocation Failure) 14M->9M(15M) 0.162ms
[36.316s][info][gc] GC(19691) Pause Young (Allocation Failure) 13M->9M(15M) 0.174ms
[36.317s][info][gc] GC(19692) Pause Young (Allocation Failure) 13M->9M(15M) 0.164ms
[36.318s][info][gc] GC(19693) Pause Young (Allocation Failure) 13M->9M(15M) 0.172ms
[36.319s][info][gc] GC(19694) Pause Young (Allocation Failure) 13M->10M(15M) 0.252ms
[36.320s][info][gc] GC(19695) Pause Young (Allocation Failure) 14M->9M(15M) 0.193ms
[36.321s][info][gc] GC(19696) Pause Young (Allocation Failure) 14M->10M(15M) 0.182ms
[36.322s][info][gc] GC(19697) Pause Young (Allocation Failure) 14M->9M(15M) 0.169ms
[36.322s][info][gc] GC(19698) Pause Young (Allocation Failure) 14M->10M(15M) 0.180ms
[36.323s][info][gc] GC(19699) Pause Young (Allocation Failure) 14M->9M(15M) 0.168ms
[36.324s][info][gc] GC(19700) Pause Young (Allocation Failure) 14M->10M(15M) 0.191ms
[36.325s][info][gc] GC(19701) Pause Young (Allocation Failure) 14M->10M(15M) 0.171ms
[36.326s][info][gc] GC(19702) Pause Young (Allocation Failure) 14M->10M(15M) 0.173ms
[36.327s][info][gc] GC(19703) Pause Young (Allocation Failure) 14M->10M(15M) 0.174ms
[36.327s][info][gc] GC(19704) Pause Young (Allocation Failure) 14M->10M(15M) 0.160ms
[36.328s][info][gc] GC(19705) Pause Young (Allocation Failure) 14M->10M(15M) 0.169ms
[36.329s][info][gc] GC(19706) Pause Young (Allocation Failure) 14M->10M(15M) 0.193ms
[36.330s][info][gc] GC(19707) Pause Young (Allocation Failure) 14M->10M(15M) 0.140ms
[36.331s][info][gc] GC(19708) Pause Young (Allocation Failure) 15M->10M(15M) 0.191ms
[36.332s][info][gc] GC(19709) Pause Young (Allocation Failure) 15M->10M(15M) 0.184ms
[36.332s][info][gc] GC(19710) Pause Young (Allocation Failure) 15M->15M(15M) 0.025ms
[36.341s][info][gc] GC(19711) Pause Full (Allocation Failure) 15M->7M(15M) 8.466ms
[36.342s][info][gc] GC(19712) Pause Young (Allocation Failure) 11M->7M(15M) 0.181ms
[36.343s][info][gc] GC(19713) Pause Young (Allocation Failure) 12M->7M(15M) 0.186ms
[36.343s][info][gc] GC(19714) Pause Young (Allocation Failure) 12M->8M(15M) 0.198ms
[36.344s][info][gc] GC(19715) Pause Young (Allocation Failure) 12M->8M(15M) 0.191ms
[36.345s][info][gc] GC(19716) Pause Young (Allocation Failure) 12M->8M(15M) 0.154ms
[36.346s][info][gc] GC(19717) Pause Young (Allocation Failure) 12M->8M(15M) 0.177ms
[36.347s][info][gc] GC(19718) Pause Young (Allocation Failure) 12M->8M(15M) 0.167ms
[36.348s][info][gc] GC(19719) Pause Young (Allocation Failure) 12M->8M(15M) 0.163ms
[36.349s][info][gc] GC(19720) Pause Young (Allocation Failure) 12M->8M(15M) 0.178ms
[36.350s][info][gc] GC(19721) Pause Young (Allocation Failure) 12M->8M(15M) 0.164ms
[36.350s][info][gc] GC(19722) Pause Young (Allocation Failure) 12M->8M(15M) 0.178ms
[36.351s][info][gc] GC(19723) Pause Young (Allocation Failure) 12M->8M(15M) 0.187ms
[36.352s][info][gc] GC(19724) Pause Young (Allocation Failure) 12M->8M(15M) 0.198ms
[36.353s][info][gc] GC(19725) Pause Young (Allocation Failure) 13M->8M(15M) 0.180ms
[36.354s][info][gc] GC(19726) Pause Young (Allocation Failure) 12M->8M(15M) 0.183ms
[36.355s][info][gc] GC(19727) Pause Young (Allocation Failure) 13M->8M(15M) 0.169ms
[36.356s][info][gc] GC(19728) Pause Young (Allocation Failure) 12M->8M(15M) 0.177ms
[36.356s][info][gc] GC(19729) Pause Young (Allocation Failure) 12M->8M(15M) 0.167ms
[36.357s][info][gc] GC(19730) Pause Young (Allocation Failure) 12M->8M(15M) 0.158ms
[36.358s][info][gc] GC(19731) Pause Young (Allocation Failure) 13M->8M(15M) 0.173ms
[36.359s][info][gc] GC(19732) Pause Young (Allocation Failure) 12M->8M(15M) 0.172ms
[36.360s][info][gc] GC(19733) Pause Young (Allocation Failure) 12M->8M(15M) 0.179ms
[36.360s][info][gc] GC(19734) Pause Young (Allocation Failure) 13M->8M(15M) 0.177ms
[36.361s][info][gc] GC(19735) Pause Young (Allocation Failure) 12M->8M(15M) 0.167ms
[36.362s][info][gc] GC(19736) Pause Young (Allocation Failure) 12M->8M(15M) 0.201ms
[36.363s][info][gc] GC(19737) Pause Young (Allocation Failure) 13M->8M(15M) 0.187ms
[36.364s][info][gc] GC(19738) Pause Young (Allocation Failure) 13M->8M(15M) 0.172ms
[36.365s][info][gc] GC(19739) Pause Young (Allocation Failure) 12M->8M(15M) 0.163ms
[36.366s][info][gc] GC(19740) Pause Young (Allocation Failure) 12M->8M(15M) 0.163ms
[36.366s][info][gc] GC(19741) Pause Young (Allocation Failure) 12M->8M(15M) 0.174ms
[36.367s][info][gc] GC(19742) Pause Young (Allocation Failure) 13M->8M(15M) 0.189ms
[36.368s][info][gc] GC(19743) Pause Young (Allocation Failure) 13M->8M(15M) 0.174ms
[36.369s][info][gc] GC(19744) Pause Young (Allocation Failure) 13M->9M(15M) 0.201ms
[36.370s][info][gc] GC(19745) Pause Young (Allocation Failure) 13M->9M(15M) 0.186ms
[36.370s][info][gc] GC(19746) Pause Young (Allocation Failure) 13M->9M(15M) 0.171ms
[36.371s][info][gc] GC(19747) Pause Young (Allocation Failure) 13M->9M(15M) 0.211ms
[36.372s][info][gc] GC(19748) Pause Young (Allocation Failure) 14M->10M(15M) 0.229ms
[36.373s][info][gc] GC(19749) Pause Young (Allocation Failure) 14M->10M(15M) 0.160ms
[36.374s][info][gc] GC(19750) Pause Young (Allocation Failure) 14M->10M(15M) 0.180ms
[36.374s][info][gc] GC(19751) Pause Young (Allocation Failure) 14M->10M(15M) 0.202ms
[36.375s][info][gc] GC(19752) Pause Young (Allocation Failure) 15M->15M(15M) 0.025ms
[36.383s][info][gc] GC(19753) Pause Full (Allocation Failure) 15M->8M(15M) 8.569ms
[36.384s][info][gc] GC(19754) Pause Young (Allocation Failure) 13M->9M(15M) 0.189ms
[36.385s][info][gc] GC(19755) Pause Young (Allocation Failure) 13M->9M(15M) 0.217ms
[36.386s][info][gc] GC(19756) Pause Young (Allocation Failure) 13M->9M(15M) 0.168ms
[36.387s][info][gc] GC(19757) Pause Young (Allocation Failure) 13M->9M(15M) 0.194ms
[36.388s][info][gc] GC(19758) Pause Young (Allocation Failure) 13M->9M(15M) 0.205ms
[36.389s][info][gc] GC(19759) Pause Young (Allocation Failure) 14M->9M(15M) 0.175ms
[36.390s][info][gc] GC(19760) Pause Young (Allocation Failure) 13M->10M(15M) 0.209ms
[36.390s][info][gc] GC(19761) Pause Young (Allocation Failure) 14M->9M(15M) 0.168ms
[36.391s][info][gc] GC(19762) Pause Young (Allocation Failure) 14M->10M(15M) 0.183ms
[36.392s][info][gc] GC(19763) Pause Young (Allocation Failure) 14M->10M(15M) 0.190ms
[36.393s][info][gc] GC(19764) Pause Young (Allocation Failure) 14M->10M(15M) 0.178ms
[36.394s][info][gc] GC(19765) Pause Young (Allocation Failure) 14M->9M(15M) 0.166ms
[36.394s][info][gc] GC(19766) Pause Young (Allocation Failure) 14M->10M(15M) 0.148ms
[36.395s][info][gc] GC(19767) Pause Young (Allocation Failure) 14M->10M(15M) 0.150ms
[36.396s][info][gc] GC(19768) Pause Young (Allocation Failure) 14M->10M(15M) 0.182ms
[36.397s][info][gc] GC(19769) Pause Young (Allocation Failure) 14M->15M(15M) 0.334ms
[36.406s][info][gc] GC(19770) Pause Full (Allocation Failure) 15M->9M(15M) 8.581ms
[36.407s][info][gc] GC(19771) Pause Young (Allocation Failure) 13M->9M(15M) 0.209ms
[36.407s][info][gc] GC(19772) Pause Young (Allocation Failure) 14M->9M(15M) 0.174ms
[36.408s][info][gc] GC(19773) Pause Young (Allocation Failure) 13M->10M(15M) 0.199ms
[36.409s][info][gc] GC(19774) Pause Young (Allocation Failure) 14M->10M(15M) 0.203ms
[36.410s][info][gc] GC(19775) Pause Young (Allocation Failure) 14M->10M(15M) 0.193ms
[36.411s][info][gc] GC(19776) Pause Young (Allocation Failure) 14M->10M(15M) 0.175ms
[36.412s][info][gc] GC(19777) Pause Young (Allocation Failure) 14M->9M(15M) 0.169ms
[36.412s][info][gc] GC(19778) Pause Young (Allocation Failure) 14M->10M(15M) 0.171ms
[36.413s][info][gc] GC(19779) Pause Young (Allocation Failure) 14M->9M(15M) 0.169ms
[36.414s][info][gc] GC(19780) Pause Young (Allocation Failure) 14M->10M(15M) 0.175ms
[36.415s][info][gc] GC(19781) Pause Young (Allocation Failure) 14M->10M(15M) 0.202ms
[36.416s][info][gc] GC(19782) Pause Young (Allocation Failure) 14M->10M(15M) 0.187ms
[36.417s][info][gc] GC(19783) Pause Young (Allocation Failure) 14M->10M(15M) 0.176ms
[36.417s][info][gc] GC(19784) Pause Young (Allocation Failure) 15M->15M(15M) 0.025ms
[36.426s][info][gc] GC(19785) Pause Full (Allocation Failure) 15M->8M(15M) 8.777ms
[36.427s][info][gc] GC(19786) Pause Young (Allocation Failure) 12M->8M(15M) 0.175ms
[36.428s][info][gc] GC(19787) Pause Young (Allocation Failure) 12M->8M(15M) 0.195ms
[36.429s][info][gc] GC(19788) Pause Young (Allocation Failure) 13M->8M(15M) 0.163ms
[36.429s][info][gc] GC(19789) Pause Young (Allocation Failure) 12M->9M(15M) 0.204ms
[36.430s][info][gc] GC(19790) Pause Young (Allocation Failure) 13M->9M(15M) 0.195ms
[36.431s][info][gc] GC(19791) Pause Young (Allocation Failure) 13M->9M(15M) 0.167ms
[36.432s][info][gc] GC(19792) Pause Young (Allocation Failure) 13M->8M(15M) 0.163ms
[36.433s][info][gc] GC(19793) Pause Young (Allocation Failure) 13M->9M(15M) 0.175ms
[36.433s][info][gc] GC(19794) Pause Young (Allocation Failure) 13M->9M(15M) 0.183ms
[36.434s][info][gc] GC(19795) Pause Young (Allocation Failure) 13M->9M(15M) 0.135ms
[36.435s][info][gc] GC(19796) Pause Young (Allocation Failure) 13M->9M(15M) 0.180ms
[36.436s][info][gc] GC(19797) Pause Young (Allocation Failure) 13M->9M(15M) 0.188ms
[36.436s][info][gc] GC(19798) Pause Young (Allocation Failure) 13M->9M(15M) 0.181ms
[36.437s][info][gc] GC(19799) Pause Young (Allocation Failure) 13M->9M(15M) 0.139ms
[36.438s][info][gc] GC(19800) Pause Young (Allocation Failure) 13M->9M(15M) 0.189ms
[36.439s][info][gc] GC(19801) Pause Young (Allocation Failure) 14M->9M(15M) 0.186ms
[36.439s][info][gc] GC(19802) Pause Young (Allocation Failure) 14M->9M(15M) 0.173ms
[36.440s][info][gc] GC(19803) Pause Young (Allocation Failure) 13M->9M(15M) 0.170ms
[36.441s][info][gc] GC(19804) Pause Young (Allocation Failure) 13M->9M(15M) 0.176ms
[36.442s][info][gc] GC(19805) Pause Young (Allocation Failure) 14M->9M(15M) 0.162ms
[36.443s][info][gc] GC(19806) Pause Young (Allocation Failure) 13M->9M(15M) 0.178ms
[36.443s][info][gc] GC(19807) Pause Young (Allocation Failure) 13M->9M(15M) 0.194ms
[36.444s][info][gc] GC(19808) Pause Young (Allocation Failure) 14M->9M(15M) 0.172ms
[36.445s][info][gc] GC(19809) Pause Young (Allocation Failure) 14M->10M(15M) 0.186ms
[36.446s][info][gc] GC(19810) Pause Young (Allocation Failure) 14M->10M(15M) 0.183ms
[36.447s][info][gc] GC(19811) Pause Young (Allocation Failure) 14M->9M(15M) 0.179ms
[36.447s][info][gc] GC(19812) Pause Young (Allocation Failure) 14M->9M(15M) 0.169ms
[36.448s][info][gc] GC(19813) Pause Young (Allocation Failure) 14M->9M(15M) 0.162ms
[36.449s][info][gc] GC(19814) Pause Young (Allocation Failure) 13M->9M(15M) 0.172ms
[36.450s][info][gc] GC(19815) Pause Young (Allocation Failure) 14M->10M(15M) 0.187ms
[36.451s][info][gc] GC(19816) Pause Young (Allocation Failure) 14M->10M(15M) 0.189ms
[36.452s][info][gc] GC(19817) Pause Young (Allocation Failure) 14M->10M(15M) 0.178ms
[36.452s][info][gc] GC(19818) Pause Young (Allocation Failure) 14M->10M(15M) 0.181ms
[36.453s][info][gc] GC(19819) Pause Young (Allocation Failure) 14M->10M(15M) 0.224ms
[36.454s][info][gc] GC(19820) Pause Young (Allocation Failure) 15M->15M(15M) 0.025ms
[36.463s][info][gc] GC(19821) Pause Full (Allocation Failure) 15M->7M(15M) 8.561ms
[36.464s][info][gc] GC(19822) Pause Young (Allocation Failure) 12M->8M(15M) 0.220ms
[36.464s][info][gc] GC(19823) Pause Young (Allocation Failure) 12M->8M(15M) 0.174ms
[36.465s][info][gc] GC(19824) Pause Young (Allocation Failure) 12M->8M(15M) 0.186ms
[36.466s][info][gc] GC(19825) Pause Young (Allocation Failure) 12M->8M(15M) 0.185ms
[36.467s][info][gc] GC(19826) Pause Young (Allocation Failure) 12M->8M(15M) 0.183ms
[36.468s][info][gc] GC(19827) Pause Young (Allocation Failure) 12M->8M(15M) 0.188ms
[36.468s][info][gc] GC(19828) Pause Young (Allocation Failure) 12M->8M(15M) 0.176ms
[36.469s][info][gc] GC(19829) Pause Young (Allocation Failure) 12M->8M(15M) 0.177ms
[36.470s][info][gc] GC(19830) Pause Young (Allocation Failure) 12M->8M(15M) 0.172ms
[36.471s][info][gc] GC(19831) Pause Young (Allocation Failure) 12M->8M(15M) 0.187ms
[36.472s][info][gc] GC(19832) Pause Young (Allocation Failure) 13M->8M(15M) 0.191ms
[36.473s][info][gc] GC(19833) Pause Young (Allocation Failure) 13M->8M(15M) 0.185ms
[36.474s][info][gc] GC(19834) Pause Young (Allocation Failure) 13M->9M(15M) 0.153ms
[36.475s][info][gc] GC(19835) Pause Young (Allocation Failure) 13M->9M(15M) 0.186ms
[36.475s][info][gc] GC(19836) Pause Young (Allocation Failure) 13M->8M(15M) 0.182ms
[36.476s][info][gc] GC(19837) Pause Young (Allocation Failure) 13M->9M(15M) 0.183ms
[36.477s][info][gc] GC(19838) Pause Young (Allocation Failure) 13M->8M(15M) 0.171ms
[36.478s][info][gc] GC(19839) Pause Young (Allocation Failure) 13M->9M(15M) 0.189ms
[36.479s][info][gc] GC(19840) Pause Young (Allocation Failure) 13M->8M(15M) 0.165ms
[36.480s][info][gc] GC(19841) Pause Young (Allocation Failure) 13M->9M(15M) 0.185ms
[36.480s][info][gc] GC(19842) Pause Young (Allocation Failure) 13M->8M(15M) 0.167ms
[36.481s][info][gc] GC(19843) Pause Young (Allocation Failure) 13M->9M(15M) 0.178ms
[36.482s][info][gc] GC(19844) Pause Young (Allocation Failure) 13M->9M(15M) 0.195ms
[36.483s][info][gc] GC(19845) Pause Young (Allocation Failure) 13M->9M(15M) 0.202ms
[36.484s][info][gc] GC(19846) Pause Young (Allocation Failure) 13M->9M(15M) 0.179ms
[36.485s][info][gc] GC(19847) Pause Young (Allocation Failure) 13M->10M(15M) 0.210ms
[36.485s][info][gc] GC(19848) Pause Young (Allocation Failure) 14M->9M(15M) 0.167ms
[36.486s][info][gc] GC(19849) Pause Young (Allocation Failure) 14M->10M(15M) 0.212ms
[36.487s][info][gc] GC(19850) Pause Young (Allocation Failure) 14M->10M(15M) 0.168ms
[36.488s][info][gc] GC(19851) Pause Young (Allocation Failure) 14M->10M(15M) 0.171ms
[36.488s][info][gc] GC(19852) Pause Young (Allocation Failure) 15M->15M(15M) 0.025ms
[36.497s][info][gc] GC(19853) Pause Full (Allocation Failure) 15M->8M(15M) 8.740ms
[36.498s][info][gc] GC(19854) Pause Young (Allocation Failure) 12M->8M(15M) 0.181ms
[36.499s][info][gc] GC(19855) Pause Young (Allocation Failure) 12M->8M(15M) 0.187ms
[36.500s][info][gc] GC(19856) Pause Young (Allocation Failure) 12M->8M(15M) 0.183ms
[36.501s][info][gc] GC(19857) Pause Young (Allocation Failure) 12M->8M(15M) 0.172ms
[36.502s][info][gc] GC(19858) Pause Young (Allocation Failure) 13M->9M(15M) 0.217ms
[36.503s][info][gc] GC(19859) Pause Young (Allocation Failure) 13M->8M(15M) 0.169ms
[36.503s][info][gc] GC(19860) Pause Young (Allocation Failure) 13M->9M(15M) 0.156ms
[36.504s][info][gc] GC(19861) Pause Young (Allocation Failure) 13M->9M(15M) 0.191ms
[36.505s][info][gc] GC(19862) Pause Young (Allocation Failure) 13M->9M(15M) 0.170ms
[36.506s][info][gc] GC(19863) Pause Young (Allocation Failure) 13M->9M(15M) 0.163ms
[36.507s][info][gc] GC(19864) Pause Young (Allocation Failure) 13M->9M(15M) 0.171ms
[36.508s][info][gc] GC(19865) Pause Young (Allocation Failure) 13M->9M(15M) 0.198ms
[36.508s][info][gc] GC(19866) Pause Young (Allocation Failure) 14M->9M(15M) 0.179ms
[36.509s][info][gc] GC(19867) Pause Young (Allocation Failure) 14M->9M(15M) 0.177ms
[36.510s][info][gc] GC(19868) Pause Young (Allocation Failure) 13M->10M(15M) 0.207ms
[36.511s][info][gc] GC(19869) Pause Young (Allocation Failure) 14M->10M(15M) 0.182ms
[36.512s][info][gc] GC(19870) Pause Young (Allocation Failure) 14M->10M(15M) 0.198ms
[36.513s][info][gc] GC(19871) Pause Young (Allocation Failure) 14M->10M(15M) 0.204ms
[36.513s][info][gc] GC(19872) Pause Young (Allocation Failure) 15M->15M(15M) 0.025ms
[36.522s][info][gc] GC(19873) Pause Full (Allocation Failure) 15M->8M(15M) 9.029ms
[36.523s][info][gc] GC(19874) Pause Young (Allocation Failure) 12M->8M(15M) 0.177ms
[36.524s][info][gc] GC(19875) Pause Young (Allocation Failure) 12M->8M(15M) 0.187ms
[36.525s][info][gc] GC(19876) Pause Young (Allocation Failure) 13M->9M(15M) 0.210ms
[36.526s][info][gc] GC(19877) Pause Young (Allocation Failure) 13M->9M(15M) 0.190ms
[36.527s][info][gc] GC(19878) Pause Young (Allocation Failure) 13M->9M(15M) 0.216ms
[36.527s][info][gc] GC(19879) Pause Young (Allocation Failure) 13M->9M(15M) 0.140ms
[36.528s][info][gc] GC(19880) Pause Young (Allocation Failure) 13M->9M(15M) 0.179ms
[36.529s][info][gc] GC(19881) Pause Young (Allocation Failure) 13M->9M(15M) 0.178ms
[36.530s][info][gc] GC(19882) Pause Young (Allocation Failure) 13M->9M(15M) 0.171ms
[36.531s][info][gc] GC(19883) Pause Young (Allocation Failure) 13M->9M(15M) 0.162ms
[36.532s][info][gc] GC(19884) Pause Young (Allocation Failure) 13M->9M(15M) 0.187ms
[36.533s][info][gc] GC(19885) Pause Young (Allocation Failure) 14M->9M(15M) 0.196ms
[36.533s][info][gc] GC(19886) Pause Young (Allocation Failure) 14M->9M(15M) 0.180ms
[36.534s][info][gc] GC(19887) Pause Young (Allocation Failure) 14M->9M(15M) 0.168ms
[36.535s][info][gc] GC(19888) Pause Young (Allocation Failure) 13M->10M(15M) 0.201ms
[36.536s][info][gc] GC(19889) Pause Young (Allocation Failure) 14M->10M(15M) 0.155ms
[36.537s][info][gc] GC(19890) Pause Young (Allocation Failure) 14M->10M(15M) 0.182ms
[36.538s][info][gc] GC(19891) Pause Young (Allocation Failure) 14M->9M(15M) 0.172ms
[36.538s][info][gc] GC(19892) Pause Young (Allocation Failure) 14M->10M(15M) 0.129ms
[36.539s][info][gc] GC(19893) Pause Young (Allocation Failure) 14M->10M(15M) 0.186ms
[36.540s][info][gc] GC(19894) Pause Young (Allocation Failure) 14M->9M(15M) 0.165ms
[36.541s][info][gc] GC(19895) Pause Young (Allocation Failure) 14M->10M(15M) 0.177ms
[36.542s][info][gc] GC(19896) Pause Young (Allocation Failure) 14M->9M(15M) 0.171ms
[36.542s][info][gc] GC(19897) Pause Young (Allocation Failure) 14M->10M(15M) 0.194ms
[36.543s][info][gc] GC(19898) Pause Young (Allocation Failure) 14M->10M(15M) 0.181ms
[36.544s][info][gc] GC(19899) Pause Young (Allocation Failure) 14M->10M(15M) 0.183ms
[36.545s][info][gc] GC(19900) Pause Young (Allocation Failure) 14M->15M(15M) 0.267ms
[36.553s][info][gc] GC(19901) Pause Full (Allocation Failure) 15M->8M(15M) 8.443ms
[36.554s][info][gc] GC(19902) Pause Young (Allocation Failure) 12M->9M(15M) 0.205ms
[36.555s][info][gc] GC(19903) Pause Young (Allocation Failure) 13M->8M(15M) 0.167ms
[36.556s][info][gc] GC(19904) Pause Young (Allocation Failure) 13M->8M(15M) 0.162ms
[36.557s][info][gc] GC(19905) Pause Young (Allocation Failure) 13M->9M(15M) 0.170ms
[36.558s][info][gc] GC(19906) Pause Young (Allocation Failure) 13M->8M(15M) 0.171ms
[36.558s][info][gc] GC(19907) Pause Young (Allocation Failure) 13M->8M(15M) 0.171ms
[36.559s][info][gc] GC(19908) Pause Young (Allocation Failure) 13M->9M(15M) 0.180ms
[36.560s][info][gc] GC(19909) Pause Young (Allocation Failure) 13M->9M(15M) 0.198ms
[36.561s][info][gc] GC(19910) Pause Young (Allocation Failure) 13M->9M(15M) 0.177ms
[36.562s][info][gc] GC(19911) Pause Young (Allocation Failure) 13M->9M(15M) 0.214ms
[36.563s][info][gc] GC(19912) Pause Young (Allocation Failure) 14M->10M(15M) 0.213ms
[36.564s][info][gc] GC(19913) Pause Young (Allocation Failure) 14M->10M(15M) 0.182ms
[36.564s][info][gc] GC(19914) Pause Young (Allocation Failure) 14M->10M(15M) 0.198ms
[36.565s][info][gc] GC(19915) Pause Young (Allocation Failure) 14M->10M(15M) 0.201ms
[36.566s][info][gc] GC(19916) Pause Young (Allocation Failure) 15M->15M(15M) 0.025ms
[36.575s][info][gc] GC(19917) Pause Full (Allocation Failure) 15M->7M(15M) 8.810ms
[36.576s][info][gc] GC(19918) Pause Young (Allocation Failure) 12M->8M(15M) 0.235ms
[36.576s][info][gc] GC(19919) Pause Young (Allocation Failure) 12M->8M(15M) 0.206ms
[36.577s][info][gc] GC(19920) Pause Young (Allocation Failure) 12M->8M(15M) 0.172ms
[36.578s][info][gc] GC(19921) Pause Young (Allocation Failure) 12M->8M(15M) 0.164ms
[36.579s][info][gc] GC(19922) Pause Young (Allocation Failure) 12M->8M(15M) 0.181ms
[36.580s][info][gc] GC(19923) Pause Young (Allocation Failure) 12M->8M(15M) 0.174ms
[36.581s][info][gc] GC(19924) Pause Young (Allocation Failure) 12M->8M(15M) 0.182ms
[36.581s][info][gc] GC(19925) Pause Young (Allocation Failure) 12M->8M(15M) 0.185ms
[36.582s][info][gc] GC(19926) Pause Young (Allocation Failure) 13M->8M(15M) 0.188ms
[36.583s][info][gc] GC(19927) Pause Young (Allocation Failure) 13M->8M(15M) 0.177ms
[36.584s][info][gc] GC(19928) Pause Young (Allocation Failure) 13M->8M(15M) 0.166ms
[36.585s][info][gc] GC(19929) Pause Young (Allocation Failure) 12M->8M(15M) 0.171ms
[36.585s][info][gc] GC(19930) Pause Young (Allocation Failure) 12M->8M(15M) 0.192ms
[36.586s][info][gc] GC(19931) Pause Young (Allocation Failure) 13M->9M(15M) 0.221ms
[36.587s][info][gc] GC(19932) Pause Young (Allocation Failure) 13M->8M(15M) 0.163ms
[36.588s][info][gc] GC(19933) Pause Young (Allocation Failure) 13M->9M(15M) 0.181ms
[36.589s][info][gc] GC(19934) Pause Young (Allocation Failure) 13M->9M(15M) 0.192ms
[36.590s][info][gc] GC(19935) Pause Young (Allocation Failure) 13M->9M(15M) 0.203ms
[36.590s][info][gc] GC(19936) Pause Young (Allocation Failure) 13M->9M(15M) 0.171ms
[36.591s][info][gc] GC(19937) Pause Young (Allocation Failure) 13M->9M(15M) 0.179ms
[36.592s][info][gc] GC(19938) Pause Young (Allocation Failure) 13M->9M(15M) 0.184ms
[36.593s][info][gc] GC(19939) Pause Young (Allocation Failure) 13M->10M(15M) 0.214ms
[36.594s][info][gc] GC(19940) Pause Young (Allocation Failure) 14M->9M(15M) 0.171ms
[36.595s][info][gc] GC(19941) Pause Young (Allocation Failure) 14M->10M(15M) 0.184ms
[36.596s][info][gc] GC(19942) Pause Young (Allocation Failure) 14M->9M(15M) 0.177ms
[36.596s][info][gc] GC(19943) Pause Young (Allocation Failure) 14M->10M(15M) 0.185ms
[36.597s][info][gc] GC(19944) Pause Young (Allocation Failure) 14M->9M(15M) 0.170ms
[36.598s][info][gc] GC(19945) Pause Young (Allocation Failure) 14M->10M(15M) 0.177ms
[36.599s][info][gc] GC(19946) Pause Young (Allocation Failure) 14M->10M(15M) 0.186ms
[36.600s][info][gc] GC(19947) Pause Young (Allocation Failure) 14M->10M(15M) 0.199ms
[36.601s][info][gc] GC(19948) Pause Young (Allocation Failure) 14M->10M(15M) 0.212ms
[36.601s][info][gc] GC(19949) Pause Young (Allocation Failure) 14M->10M(15M) 0.187ms
[36.602s][info][gc] GC(19950) Pause Young (Allocation Failure) 14M->10M(15M) 0.179ms
[36.603s][info][gc] GC(19951) Pause Young (Allocation Failure) 14M->10M(15M) 0.200ms
[36.604s][info][gc] GC(19952) Pause Young (Allocation Failure) 15M->15M(15M) 0.025ms
[36.613s][info][gc] GC(19953) Pause Full (Allocation Failure) 15M->8M(15M) 9.017ms
[36.614s][info][gc] GC(19954) Pause Young (Allocation Failure) 12M->8M(15M) 0.193ms
[36.615s][info][gc] GC(19955) Pause Young (Allocation Failure) 12M->8M(15M) 0.180ms
[36.615s][info][gc] GC(19956) Pause Young (Allocation Failure) 12M->8M(15M) 0.197ms
[36.616s][info][gc] GC(19957) Pause Young (Allocation Failure) 13M->9M(15M) 0.227ms
[36.617s][info][gc] GC(19958) Pause Young (Allocation Failure) 13M->9M(15M) 0.204ms
[36.618s][info][gc] GC(19959) Pause Young (Allocation Failure) 13M->9M(15M) 0.180ms
[36.619s][info][gc] GC(19960) Pause Young (Allocation Failure) 13M->9M(15M) 0.180ms
[36.620s][info][gc] GC(19961) Pause Young (Allocation Failure) 13M->9M(15M) 0.194ms
[36.620s][info][gc] GC(19962) Pause Young (Allocation Failure) 14M->9M(15M) 0.166ms
[36.621s][info][gc] GC(19963) Pause Young (Allocation Failure) 13M->9M(15M) 0.174ms
[36.622s][info][gc] GC(19964) Pause Young (Allocation Failure) 14M->9M(15M) 0.171ms
[36.623s][info][gc] GC(19965) Pause Young (Allocation Failure) 13M->10M(15M) 0.192ms
[36.624s][info][gc] GC(19966) Pause Young (Allocation Failure) 14M->10M(15M) 0.192ms
[36.624s][info][gc] GC(19967) Pause Young (Allocation Failure) 14M->9M(15M) 0.171ms
[36.625s][info][gc] GC(19968) Pause Young (Allocation Failure) 14M->10M(15M) 0.185ms
[36.626s][info][gc] GC(19969) Pause Young (Allocation Failure) 14M->10M(15M) 0.179ms
[36.627s][info][gc] GC(19970) Pause Young (Allocation Failure) 14M->10M(15M) 0.187ms
[36.628s][info][gc] GC(19971) Pause Young (Allocation Failure) 14M->10M(15M) 0.191ms
[36.629s][info][gc] GC(19972) Pause Young (Allocation Failure) 14M->10M(15M) 0.171ms
[36.630s][info][gc] GC(19973) Pause Young (Allocation Failure) 14M->10M(15M) 0.174ms
[36.631s][info][gc] GC(19974) Pause Young (Allocation Failure) 14M->10M(15M) 0.167ms
[36.631s][info][gc] GC(19975) Pause Young (Allocation Failure) 14M->10M(15M) 0.173ms
[36.632s][info][gc] GC(19976) Pause Young (Allocation Failure) 14M->10M(15M) 0.189ms
[36.633s][info][gc] GC(19977) Pause Young (Allocation Failure) 14M->10M(15M) 0.185ms
[36.634s][info][gc] GC(19978) Pause Young (Allocation Failure) 14M->11M(15M) 0.223ms
[36.635s][info][gc] GC(19979) Pause Young (Allocation Failure) 15M->15M(15M) 0.025ms
[36.644s][info][gc] GC(19980) Pause Full (Allocation Failure) 15M->8M(15M) 8.800ms
[36.645s][info][gc] GC(19981) Pause Young (Allocation Failure) 12M->8M(15M) 0.182ms
[36.645s][info][gc] GC(19982) Pause Young (Allocation Failure) 12M->9M(15M) 0.234ms
[36.646s][info][gc] GC(19983) Pause Young (Allocation Failure) 13M->9M(15M) 0.175ms
[36.647s][info][gc] GC(19984) Pause Young (Allocation Failure) 13M->9M(15M) 0.207ms
[36.648s][info][gc] GC(19985) Pause Young (Allocation Failure) 14M->9M(15M) 0.189ms
[36.649s][info][gc] GC(19986) Pause Young (Allocation Failure) 13M->9M(15M) 0.184ms
[36.650s][info][gc] GC(19987) Pause Young (Allocation Failure) 14M->9M(15M) 0.173ms
[36.651s][info][gc] GC(19988) Pause Young (Allocation Failure) 13M->10M(15M) 0.161ms
[36.651s][info][gc] GC(19989) Pause Young (Allocation Failure) 14M->10M(15M) 0.186ms
[36.652s][info][gc] GC(19990) Pause Young (Allocation Failure) 14M->10M(15M) 0.206ms
[36.653s][info][gc] GC(19991) Pause Young (Allocation Failure) 14M->10M(15M) 0.217ms
[36.654s][info][gc] GC(19992) Pause Young (Allocation Failure) 15M->15M(15M) 0.025ms
[36.662s][info][gc] GC(19993) Pause Full (Allocation Failure) 15M->8M(15M) 8.371ms
[36.663s][info][gc] GC(19994) Pause Young (Allocation Failure) 12M->8M(15M) 0.193ms
[36.664s][info][gc] GC(19995) Pause Young (Allocation Failure) 13M->8M(15M) 0.190ms
[36.665s][info][gc] GC(19996) Pause Young (Allocation Failure) 13M->8M(15M) 0.163ms
[36.666s][info][gc] GC(19997) Pause Young (Allocation Failure) 12M->8M(15M) 0.185ms
[36.667s][info][gc] GC(19998) Pause Young (Allocation Failure) 13M->9M(15M) 0.205ms
[36.668s][info][gc] GC(19999) Pause Young (Allocation Failure) 13M->8M(15M) 0.186ms
[36.668s][info][gc] GC(20000) Pause Young (Allocation Failure) 13M->8M(15M) 0.180ms
[36.669s][info][gc] GC(20001) Pause Young (Allocation Failure) 13M->8M(15M) 0.179ms
[36.670s][info][gc] GC(20002) Pause Young (Allocation Failure) 13M->8M(15M) 0.176ms
[36.671s][info][gc] GC(20003) Pause Young (Allocation Failure) 13M->9M(15M) 0.191ms
[36.672s][info][gc] GC(20004) Pause Young (Allocation Failure) 13M->8M(15M) 0.164ms
[36.673s][info][gc] GC(20005) Pause Young (Allocation Failure) 13M->9M(15M) 0.196ms
[36.673s][info][gc] GC(20006) Pause Young (Allocation Failure) 13M->10M(15M) 0.211ms
[36.674s][info][gc] GC(20007) Pause Young (Allocation Failure) 14M->9M(15M) 0.185ms
[36.675s][info][gc] GC(20008) Pause Young (Allocation Failure) 14M->9M(15M) 0.171ms
[36.676s][info][gc] GC(20009) Pause Young (Allocation Failure) 14M->10M(15M) 0.225ms
[36.677s][info][gc] GC(20010) Pause Young (Allocation Failure) 14M->14M(15M) 0.025ms
[36.685s][info][gc] GC(20011) Pause Full (Allocation Failure) 14M->7M(15M) 8.601ms
[36.686s][info][gc] GC(20012) Pause Young (Allocation Failure) 12M->8M(15M) 0.198ms
[36.687s][info][gc] GC(20013) Pause Young (Allocation Failure) 12M->8M(15M) 0.195ms
[36.688s][info][gc] GC(20014) Pause Young (Allocation Failure) 12M->8M(15M) 0.172ms
[36.689s][info][gc] GC(20015) Pause Young (Allocation Failure) 12M->7M(15M) 0.166ms
[36.690s][info][gc] GC(20016) Pause Young (Allocation Failure) 12M->8M(15M) 0.199ms
[36.690s][info][gc] GC(20017) Pause Young (Allocation Failure) 12M->8M(15M) 0.178ms
[36.691s][info][gc] GC(20018) Pause Young (Allocation Failure) 12M->8M(15M) 0.208ms
[36.692s][info][gc] GC(20019) Pause Young (Allocation Failure) 13M->8M(15M) 0.175ms
[36.693s][info][gc] GC(20020) Pause Young (Allocation Failure) 12M->8M(15M) 0.169ms
[36.694s][info][gc] GC(20021) Pause Young (Allocation Failure) 12M->8M(15M) 0.172ms
[36.694s][info][gc] GC(20022) Pause Young (Allocation Failure) 12M->8M(15M) 0.166ms
[36.695s][info][gc] GC(20023) Pause Young (Allocation Failure) 12M->8M(15M) 0.173ms
[36.696s][info][gc] GC(20024) Pause Young (Allocation Failure) 12M->8M(15M) 0.169ms
[36.697s][info][gc] GC(20025) Pause Young (Allocation Failure) 12M->8M(15M) 0.187ms
[36.698s][info][gc] GC(20026) Pause Young (Allocation Failure) 13M->8M(15M) 0.172ms
[36.698s][info][gc] GC(20027) Pause Young (Allocation Failure) 12M->8M(15M) 0.172ms
[36.699s][info][gc] GC(20028) Pause Young (Allocation Failure) 13M->8M(15M) 0.171ms
[36.700s][info][gc] GC(20029) Pause Young (Allocation Failure) 12M->8M(15M) 0.169ms
[36.701s][info][gc] GC(20030) Pause Young (Allocation Failure) 12M->9M(15M) 0.192ms
[36.702s][info][gc] GC(20031) Pause Young (Allocation Failure) 13M->8M(15M) 0.167ms
[36.703s][info][gc] GC(20032) Pause Young (Allocation Failure) 13M->9M(15M) 0.182ms
[36.704s][info][gc] GC(20033) Pause Young (Allocation Failure) 13M->9M(15M) 0.183ms
[36.704s][info][gc] GC(20034) Pause Young (Allocation Failure) 13M->9M(15M) 0.183ms
[36.705s][info][gc] GC(20035) Pause Young (Allocation Failure) 13M->8M(15M) 0.168ms
[36.706s][info][gc] GC(20036) Pause Young (Allocation Failure) 13M->9M(15M) 0.185ms
[36.707s][info][gc] GC(20037) Pause Young (Allocation Failure) 13M->9M(15M) 0.182ms
[36.708s][info][gc] GC(20038) Pause Young (Allocation Failure) 13M->9M(15M) 0.186ms
[36.709s][info][gc] GC(20039) Pause Young (Allocation Failure) 13M->8M(15M) 0.169ms
[36.709s][info][gc] GC(20040) Pause Young (Allocation Failure) 13M->9M(15M) 0.191ms
[36.710s][info][gc] GC(20041) Pause Young (Allocation Failure) 13M->9M(15M) 0.198ms
[36.711s][info][gc] GC(20042) Pause Young (Allocation Failure) 13M->9M(15M) 0.167ms
[36.712s][info][gc] GC(20043) Pause Young (Allocation Failure) 13M->9M(15M) 0.180ms
[36.713s][info][gc] GC(20044) Pause Young (Allocation Failure) 13M->9M(15M) 0.179ms
[36.714s][info][gc] GC(20045) Pause Young (Allocation Failure) 13M->9M(15M) 0.182ms
[36.714s][info][gc] GC(20046) Pause Young (Allocation Failure) 13M->9M(15M) 0.178ms
[36.715s][info][gc] GC(20047) Pause Young (Allocation Failure) 13M->9M(15M) 0.167ms
[36.716s][info][gc] GC(20048) Pause Young (Allocation Failure) 13M->9M(15M) 0.196ms
[36.717s][info][gc] GC(20049) Pause Young (Allocation Failure) 14M->9M(15M) 0.165ms
[36.718s][info][gc] GC(20050) Pause Young (Allocation Failure) 13M->10M(15M) 0.202ms
[36.718s][info][gc] GC(20051) Pause Young (Allocation Failure) 14M->10M(15M) 0.187ms
[36.719s][info][gc] GC(20052) Pause Young (Allocation Failure) 14M->10M(15M) 0.176ms
[36.720s][info][gc] GC(20053) Pause Young (Allocation Failure) 14M->10M(15M) 0.180ms
[36.721s][info][gc] GC(20054) Pause Young (Allocation Failure) 14M->10M(15M) 0.181ms
[36.722s][info][gc] GC(20055) Pause Young (Allocation Failure) 14M->10M(15M) 0.203ms
[36.723s][info][gc] GC(20056) Pause Young (Allocation Failure) 14M->11M(15M) 0.207ms
[36.723s][info][gc] GC(20057) Pause Young (Allocation Failure) 15M->15M(15M) 0.025ms
[36.732s][info][gc] GC(20058) Pause Full (Allocation Failure) 15M->8M(15M) 9.018ms
[36.733s][info][gc] GC(20059) Pause Young (Allocation Failure) 12M->8M(15M) 0.173ms
[36.734s][info][gc] GC(20060) Pause Young (Allocation Failure) 12M->8M(15M) 0.190ms
[36.735s][info][gc] GC(20061) Pause Young (Allocation Failure) 12M->8M(15M) 0.197ms
[36.736s][info][gc] GC(20062) Pause Young (Allocation Failure) 13M->8M(15M) 0.183ms
[36.737s][info][gc] GC(20063) Pause Young (Allocation Failure) 13M->8M(15M) 0.174ms
[36.738s][info][gc] GC(20064) Pause Young (Allocation Failure) 13M->9M(15M) 0.191ms
[36.739s][info][gc] GC(20065) Pause Young (Allocation Failure) 13M->8M(15M) 0.179ms
[36.739s][info][gc] GC(20066) Pause Young (Allocation Failure) 13M->9M(15M) 0.221ms
[36.740s][info][gc] GC(20067) Pause Young (Allocation Failure) 13M->9M(15M) 0.202ms
[36.741s][info][gc] GC(20068) Pause Young (Allocation Failure) 14M->9M(15M) 0.184ms
[36.742s][info][gc] GC(20069) Pause Young (Allocation Failure) 14M->9M(15M) 0.172ms
[36.743s][info][gc] GC(20070) Pause Young (Allocation Failure) 13M->10M(15M) 0.191ms
[36.744s][info][gc] GC(20071) Pause Young (Allocation Failure) 14M->10M(15M) 0.188ms
[36.745s][info][gc] GC(20072) Pause Young (Allocation Failure) 14M->10M(15M) 0.172ms
[36.745s][info][gc] GC(20073) Pause Young (Allocation Failure) 14M->10M(15M) 0.194ms
[36.746s][info][gc] GC(20074) Pause Young (Allocation Failure) 14M->10M(15M) 0.185ms
[36.747s][info][gc] GC(20075) Pause Young (Allocation Failure) 14M->10M(15M) 0.172ms
[36.748s][info][gc] GC(20076) Pause Young (Allocation Failure) 14M->10M(15M) 0.182ms
[36.749s][info][gc] GC(20077) Pause Young (Allocation Failure) 14M->10M(15M) 0.176ms
[36.749s][info][gc] GC(20078) Pause Young (Allocation Failure) 14M->10M(15M) 0.170ms
[36.750s][info][gc] GC(20079) Pause Young (Allocation Failure) 14M->10M(15M) 0.168ms
[36.751s][info][gc] GC(20080) Pause Young (Allocation Failure) 14M->10M(15M) 0.178ms
[36.752s][info][gc] GC(20081) Pause Young (Allocation Failure) 14M->10M(15M) 0.162ms
[36.753s][info][gc] GC(20082) Pause Young (Allocation Failure) 14M->10M(15M) 0.187ms
[36.754s][info][gc] GC(20083) Pause Young (Allocation Failure) 14M->10M(15M) 0.174ms
[36.754s][info][gc] GC(20084) Pause Young (Allocation Failure) 14M->10M(15M) 0.173ms
[36.755s][info][gc] GC(20085) Pause Young (Allocation Failure) 14M->10M(15M) 0.215ms
[36.756s][info][gc] GC(20086) Pause Young (Allocation Failure) 15M->15M(15M) 0.328ms
[36.765s][info][gc] GC(20087) Pause Full (Allocation Failure) 15M->8M(15M) 8.753ms
[36.766s][info][gc] GC(20088) Pause Young (Allocation Failure) 13M->9M(15M) 0.178ms
[36.767s][info][gc] GC(20089) Pause Young (Allocation Failure) 13M->9M(15M) 0.202ms
[36.768s][info][gc] GC(20090) Pause Young (Allocation Failure) 13M->9M(15M) 0.177ms
[36.769s][info][gc] GC(20091) Pause Young (Allocation Failure) 13M->9M(15M) 0.164ms
[36.769s][info][gc] GC(20092) Pause Young (Allocation Failure) 13M->9M(15M) 0.174ms
[36.770s][info][gc] GC(20093) Pause Young (Allocation Failure) 13M->9M(15M) 0.195ms
[36.771s][info][gc] GC(20094) Pause Young (Allocation Failure) 13M->9M(15M) 0.177ms
[36.772s][info][gc] GC(20095) Pause Young (Allocation Failure) 13M->10M(15M) 0.221ms
[36.773s][info][gc] GC(20096) Pause Young (Allocation Failure) 14M->10M(15M) 0.189ms
[36.774s][info][gc] GC(20097) Pause Young (Allocation Failure) 14M->9M(15M) 0.165ms
[36.774s][info][gc] GC(20098) Pause Young (Allocation Failure) 14M->10M(15M) 0.134ms
[36.775s][info][gc] GC(20099) Pause Young (Allocation Failure) 14M->10M(15M) 0.181ms
[36.776s][info][gc] GC(20100) Pause Young (Allocation Failure) 14M->10M(15M) 0.182ms
[36.777s][info][gc] GC(20101) Pause Young (Allocation Failure) 14M->10M(15M) 0.176ms
[36.778s][info][gc] GC(20102) Pause Young (Allocation Failure) 14M->9M(15M) 0.163ms
[36.778s][info][gc] GC(20103) Pause Young (Allocation Failure) 14M->10M(15M) 0.202ms
[36.779s][info][gc] GC(20104) Pause Young (Allocation Failure) 14M->10M(15M) 0.181ms
[36.780s][info][gc] GC(20105) Pause Young (Allocation Failure) 14M->10M(15M) 0.179ms
[36.781s][info][gc] GC(20106) Pause Young (Allocation Failure) 14M->10M(15M) 0.172ms
[36.782s][info][gc] GC(20107) Pause Young (Allocation Failure) 14M->10M(15M) 0.180ms
[36.782s][info][gc] GC(20108) Pause Young (Allocation Failure) 14M->11M(15M) 0.219ms
[36.783s][info][gc] GC(20109) Pause Young (Allocation Failure) 15M->15M(15M) 0.024ms
[36.792s][info][gc] GC(20110) Pause Full (Allocation Failure) 15M->8M(15M) 8.646ms
[36.793s][info][gc] GC(20111) Pause Young (Allocation Failure) 12M->9M(15M) 0.256ms
[36.794s][info][gc] GC(20112) Pause Young (Allocation Failure) 13M->9M(15M) 0.217ms
[36.795s][info][gc] GC(20113) Pause Young (Allocation Failure) 14M->10M(15M) 0.211ms
[36.795s][info][gc] GC(20114) Pause Young (Allocation Failure) 14M->10M(15M) 0.183ms
[36.796s][info][gc] GC(20115) Pause Young (Allocation Failure) 14M->10M(15M) 0.195ms
[36.797s][info][gc] GC(20116) Pause Young (Allocation Failure) 14M->10M(15M) 0.162ms
[36.798s][info][gc] GC(20117) Pause Young (Allocation Failure) 14M->10M(15M) 0.176ms
[36.799s][info][gc] GC(20118) Pause Young (Allocation Failure) 14M->10M(15M) 0.173ms
[36.799s][info][gc] GC(20119) Pause Young (Allocation Failure) 14M->10M(15M) 0.192ms
[36.800s][info][gc] GC(20120) Pause Young (Allocation Failure) 14M->10M(15M) 0.185ms
[36.801s][info][gc] GC(20121) Pause Young (Allocation Failure) 15M->15M(15M) 0.025ms
[36.810s][info][gc] GC(20122) Pause Full (Allocation Failure) 15M->7M(15M) 8.713ms
[36.811s][info][gc] GC(20123) Pause Young (Allocation Failure) 12M->8M(15M) 0.201ms
[36.811s][info][gc] GC(20124) Pause Young (Allocation Failure) 12M->8M(15M) 0.177ms
[36.812s][info][gc] GC(20125) Pause Young (Allocation Failure) 12M->8M(15M) 0.179ms
[36.813s][info][gc] GC(20126) Pause Young (Allocation Failure) 12M->8M(15M) 0.172ms
[36.814s][info][gc] GC(20127) Pause Young (Allocation Failure) 12M->8M(15M) 0.167ms
[36.815s][info][gc] GC(20128) Pause Young (Allocation Failure) 12M->8M(15M) 0.170ms
[36.816s][info][gc] GC(20129) Pause Young (Allocation Failure) 12M->8M(15M) 0.177ms
[36.816s][info][gc] GC(20130) Pause Young (Allocation Failure) 12M->8M(15M) 0.191ms
[36.817s][info][gc] GC(20131) Pause Young (Allocation Failure) 12M->8M(15M) 0.174ms
[36.818s][info][gc] GC(20132) Pause Young (Allocation Failure) 12M->8M(15M) 0.199ms
[36.819s][info][gc] GC(20133) Pause Young (Allocation Failure) 13M->8M(15M) 0.173ms
[36.820s][info][gc] GC(20134) Pause Young (Allocation Failure) 12M->8M(15M) 0.162ms
[36.820s][info][gc] GC(20135) Pause Young (Allocation Failure) 12M->8M(15M) 0.188ms
[36.821s][info][gc] GC(20136) Pause Young (Allocation Failure) 13M->8M(15M) 0.174ms
[36.822s][info][gc] GC(20137) Pause Young (Allocation Failure) 12M->8M(15M) 0.173ms
[36.823s][info][gc] GC(20138) Pause Young (Allocation Failure) 12M->8M(15M) 0.165ms
[36.824s][info][gc] GC(20139) Pause Young (Allocation Failure) 12M->8M(15M) 0.177ms
[36.825s][info][gc] GC(20140) Pause Young (Allocation Failure) 13M->8M(15M) 0.162ms
[36.826s][info][gc] GC(20141) Pause Young (Allocation Failure) 13M->8M(15M) 0.190ms
[36.826s][info][gc] GC(20142) Pause Young (Allocation Failure) 13M->9M(15M) 0.209ms
[36.827s][info][gc] GC(20143) Pause Young (Allocation Failure) 13M->9M(15M) 0.173ms
[36.828s][info][gc] GC(20144) Pause Young (Allocation Failure) 13M->9M(15M) 0.183ms
[36.829s][info][gc] GC(20145) Pause Young (Allocation Failure) 13M->9M(15M) 0.193ms
[36.830s][info][gc] GC(20146) Pause Young (Allocation Failure) 13M->9M(15M) 0.142ms
[36.831s][info][gc] GC(20147) Pause Young (Allocation Failure) 13M->9M(15M) 0.176ms
[36.832s][info][gc] GC(20148) Pause Young (Allocation Failure) 13M->9M(15M) 0.164ms
[36.833s][info][gc] GC(20149) Pause Young (Allocation Failure) 13M->9M(15M) 0.163ms
[36.833s][info][gc] GC(20150) Pause Young (Allocation Failure) 13M->9M(15M) 0.166ms
[36.834s][info][gc] GC(20151) Pause Young (Allocation Failure) 13M->9M(15M) 0.199ms
[36.835s][info][gc] GC(20152) Pause Young (Allocation Failure) 13M->9M(15M) 0.190ms
[36.836s][info][gc] GC(20153) Pause Young (Allocation Failure) 14M->9M(15M) 0.164ms
[36.837s][info][gc] GC(20154) Pause Young (Allocation Failure) 13M->10M(15M) 0.203ms
[36.837s][info][gc] GC(20155) Pause Young (Allocation Failure) 14M->10M(15M) 0.194ms
[36.838s][info][gc] GC(20156) Pause Young (Allocation Failure) 14M->9M(15M) 0.171ms
[36.839s][info][gc] GC(20157) Pause Young (Allocation Failure) 14M->10M(15M) 0.211ms
[36.840s][info][gc] GC(20158) Pause Young (Allocation Failure) 14M->10M(15M) 0.193ms
[36.841s][info][gc] GC(20159) Pause Young (Allocation Failure) 14M->10M(15M) 0.192ms
[36.842s][info][gc] GC(20160) Pause Young (Allocation Failure) 14M->10M(15M) 0.157ms
[36.843s][info][gc] GC(20161) Pause Young (Allocation Failure) 14M->10M(15M) 0.163ms
[36.844s][info][gc] GC(20162) Pause Young (Allocation Failure) 14M->10M(15M) 0.148ms
[36.844s][info][gc] GC(20163) Pause Young (Allocation Failure) 14M->10M(15M) 0.182ms
[36.845s][info][gc] GC(20164) Pause Young (Allocation Failure) 14M->10M(15M) 0.171ms
[36.846s][info][gc] GC(20165) Pause Young (Allocation Failure) 14M->10M(15M) 0.178ms
[36.847s][info][gc] GC(20166) Pause Young (Allocation Failure) 14M->10M(15M) 0.182ms
[36.848s][info][gc] GC(20167) Pause Young (Allocation Failure) 14M->11M(15M) 0.212ms
[36.848s][info][gc] GC(20168) Pause Young (Allocation Failure) 15M->15M(15M) 0.025ms
[36.857s][info][gc] GC(20169) Pause Full (Allocation Failure) 15M->8M(15M) 8.881ms
[36.858s][info][gc] GC(20170) Pause Young (Allocation Failure) 12M->9M(15M) 0.258ms
[36.859s][info][gc] GC(20171) Pause Young (Allocation Failure) 13M->9M(15M) 0.201ms
[36.860s][info][gc] GC(20172) Pause Young (Allocation Failure) 13M->9M(15M) 0.215ms
[36.861s][info][gc] GC(20173) Pause Young (Allocation Failure) 13M->9M(15M) 0.179ms
[36.862s][info][gc] GC(20174) Pause Young (Allocation Failure) 13M->9M(15M) 0.188ms
[36.862s][info][gc] GC(20175) Pause Young (Allocation Failure) 13M->9M(15M) 0.175ms
[36.863s][info][gc] GC(20176) Pause Young (Allocation Failure) 13M->9M(15M) 0.193ms
[36.864s][info][gc] GC(20177) Pause Young (Allocation Failure) 14M->10M(15M) 0.197ms
[36.865s][info][gc] GC(20178) Pause Young (Allocation Failure) 14M->10M(15M) 0.198ms
[36.866s][info][gc] GC(20179) Pause Young (Allocation Failure) 14M->10M(15M) 0.198ms
[36.867s][info][gc] GC(20180) Pause Young (Allocation Failure) 14M->10M(15M) 0.187ms
[36.867s][info][gc] GC(20181) Pause Young (Allocation Failure) 14M->10M(15M) 0.180ms
[36.868s][info][gc] GC(20182) Pause Young (Allocation Failure) 14M->10M(15M) 0.181ms
[36.869s][info][gc] GC(20183) Pause Young (Allocation Failure) 14M->10M(15M) 0.135ms
[36.870s][info][gc] GC(20184) Pause Young (Allocation Failure) 14M->10M(15M) 0.174ms
[36.871s][info][gc] GC(20185) Pause Young (Allocation Failure) 14M->10M(15M) 0.178ms
[36.872s][info][gc] GC(20186) Pause Young (Allocation Failure) 14M->10M(15M) 0.196ms
[36.872s][info][gc] GC(20187) Pause Young (Allocation Failure) 15M->10M(15M) 0.174ms
[36.873s][info][gc] GC(20188) Pause Young (Allocation Failure) 14M->10M(15M) 0.194ms
[36.874s][info][gc] GC(20189) Pause Young (Allocation Failure) 15M->15M(15M) 0.025ms
[36.883s][info][gc] GC(20190) Pause Full (Allocation Failure) 15M->8M(15M) 8.849ms
[36.884s][info][gc] GC(20191) Pause Young (Allocation Failure) 12M->8M(15M) 0.201ms
[36.885s][info][gc] GC(20192) Pause Young (Allocation Failure) 13M->8M(15M) 0.200ms
[36.885s][info][gc] GC(20193) Pause Young (Allocation Failure) 13M->8M(15M) 0.179ms
[36.886s][info][gc] GC(20194) Pause Young (Allocation Failure) 13M->8M(15M) 0.166ms
[36.887s][info][gc] GC(20195) Pause Young (Allocation Failure) 13M->9M(15M) 0.211ms
[36.888s][info][gc] GC(20196) Pause Young (Allocation Failure) 13M->9M(15M) 0.182ms
[36.889s][info][gc] GC(20197) Pause Young (Allocation Failure) 13M->9M(15M) 0.164ms
[36.890s][info][gc] GC(20198) Pause Young (Allocation Failure) 13M->9M(15M) 0.185ms
[36.890s][info][gc] GC(20199) Pause Young (Allocation Failure) 13M->9M(15M) 0.182ms
[36.891s][info][gc] GC(20200) Pause Young (Allocation Failure) 13M->9M(15M) 0.163ms
[36.892s][info][gc] GC(20201) Pause Young (Allocation Failure) 13M->9M(15M) 0.201ms
[36.893s][info][gc] GC(20202) Pause Young (Allocation Failure) 14M->9M(15M) 0.160ms
[36.894s][info][gc] GC(20203) Pause Young (Allocation Failure) 14M->10M(15M) 0.190ms
[36.895s][info][gc] GC(20204) Pause Young (Allocation Failure) 14M->9M(15M) 0.163ms
[36.895s][info][gc] GC(20205) Pause Young (Allocation Failure) 14M->9M(15M) 0.174ms
[36.896s][info][gc] GC(20206) Pause Young (Allocation Failure) 14M->10M(15M) 0.178ms
[36.897s][info][gc] GC(20207) Pause Young (Allocation Failure) 14M->10M(15M) 0.160ms
[36.898s][info][gc] GC(20208) Pause Young (Allocation Failure) 14M->9M(15M) 0.171ms
[36.899s][info][gc] GC(20209) Pause Young (Allocation Failure) 14M->10M(15M) 0.178ms
[36.899s][info][gc] GC(20210) Pause Young (Allocation Failure) 14M->9M(15M) 0.170ms
[36.900s][info][gc] GC(20211) Pause Young (Allocation Failure) 14M->9M(15M) 0.165ms
[36.901s][info][gc] GC(20212) Pause Young (Allocation Failure) 14M->10M(15M) 0.179ms
[36.902s][info][gc] GC(20213) Pause Young (Allocation Failure) 14M->9M(15M) 0.170ms
[36.903s][info][gc] GC(20214) Pause Young (Allocation Failure) 14M->10M(15M) 0.175ms
[36.903s][info][gc] GC(20215) Pause Young (Allocation Failure) 14M->10M(15M) 0.179ms
[36.904s][info][gc] GC(20216) Pause Young (Allocation Failure) 14M->10M(15M) 0.183ms
[36.905s][info][gc] GC(20217) Pause Young (Allocation Failure) 14M->10M(15M) 0.181ms
[36.906s][info][gc] GC(20218) Pause Young (Allocation Failure) 14M->10M(15M) 0.181ms
[36.907s][info][gc] GC(20219) Pause Young (Allocation Failure) 14M->10M(15M) 0.202ms
[36.908s][info][gc] GC(20220) Pause Young (Allocation Failure) 14M->10M(15M) 0.181ms
[36.908s][info][gc] GC(20221) Pause Young (Allocation Failure) 14M->10M(15M) 0.177ms
[36.909s][info][gc] GC(20222) Pause Young (Allocation Failure) 14M->10M(15M) 0.175ms
[36.910s][info][gc] GC(20223) Pause Young (Allocation Failure) 14M->10M(15M) 0.178ms
[36.911s][info][gc] GC(20224) Pause Young (Allocation Failure) 14M->10M(15M) 0.202ms
[36.912s][info][gc] GC(20225) Pause Young (Allocation Failure) 15M->10M(15M) 0.172ms
[36.912s][info][gc] GC(20226) Pause Young (Allocation Failure) 14M->10M(15M) 0.178ms
[36.913s][info][gc] GC(20227) Pause Young (Allocation Failure) 14M->10M(15M) 0.129ms
[36.914s][info][gc] GC(20228) Pause Young (Allocation Failure) 15M->10M(15M) 0.185ms
[36.915s][info][gc] GC(20229) Pause Young (Allocation Failure) 15M->11M(15M) 0.202ms
[36.916s][info][gc] GC(20230) Pause Young (Allocation Failure) 15M->15M(15M) 0.025ms
[36.924s][info][gc] GC(20231) Pause Full (Allocation Failure) 15M->8M(15M) 8.686ms
[36.925s][info][gc] GC(20232) Pause Young (Allocation Failure) 12M->8M(15M) 0.200ms
[36.926s][info][gc] GC(20233) Pause Young (Allocation Failure) 12M->8M(15M) 0.171ms
[36.927s][info][gc] GC(20234) Pause Young (Allocation Failure) 12M->8M(15M) 0.186ms
[36.928s][info][gc] GC(20235) Pause Young (Allocation Failure) 12M->8M(15M) 0.192ms
[36.929s][info][gc] GC(20236) Pause Young (Allocation Failure) 12M->9M(15M) 0.228ms
[36.930s][info][gc] GC(20237) Pause Young (Allocation Failure) 13M->9M(15M) 0.175ms
[36.930s][info][gc] GC(20238) Pause Young (Allocation Failure) 13M->9M(15M) 0.197ms
[36.931s][info][gc] GC(20239) Pause Young (Allocation Failure) 13M->9M(15M) 0.181ms
[36.932s][info][gc] GC(20240) Pause Young (Allocation Failure) 13M->9M(15M) 0.196ms
[36.933s][info][gc] GC(20241) Pause Young (Allocation Failure) 13M->10M(15M) 0.212ms
[36.934s][info][gc] GC(20242) Pause Young (Allocation Failure) 14M->10M(15M) 0.201ms
[36.935s][info][gc] GC(20243) Pause Young (Allocation Failure) 14M->10M(15M) 0.176ms
[36.935s][info][gc] GC(20244) Pause Young (Allocation Failure) 14M->10M(15M) 0.180ms
[36.936s][info][gc] GC(20245) Pause Young (Allocation Failure) 14M->10M(15M) 0.196ms
[36.937s][info][gc] GC(20246) Pause Young (Allocation Failure) 14M->10M(15M) 0.177ms
[36.938s][info][gc] GC(20247) Pause Young (Allocation Failure) 14M->10M(15M) 0.167ms
[36.939s][info][gc] GC(20248) Pause Young (Allocation Failure) 14M->11M(15M) 0.199ms
[36.939s][info][gc] GC(20249) Pause Young (Allocation Failure) 15M->15M(15M) 0.025ms
[36.948s][info][gc] GC(20250) Pause Full (Allocation Failure) 15M->7M(15M) 8.928ms
[36.949s][info][gc] GC(20251) Pause Young (Allocation Failure) 11M->7M(15M) 0.174ms
[36.950s][info][gc] GC(20252) Pause Young (Allocation Failure) 11M->8M(15M) 0.213ms
[36.951s][info][gc] GC(20253) Pause Young (Allocation Failure) 12M->8M(15M) 0.191ms
[36.952s][info][gc] GC(20254) Pause Young (Allocation Failure) 12M->8M(15M) 0.184ms
[36.953s][info][gc] GC(20255) Pause Young (Allocation Failure) 12M->8M(15M) 0.184ms
[36.953s][info][gc] GC(20256) Pause Young (Allocation Failure) 12M->8M(15M) 0.179ms
[36.954s][info][gc] GC(20257) Pause Young (Allocation Failure) 12M->8M(15M) 0.175ms
[36.955s][info][gc] GC(20258) Pause Young (Allocation Failure) 12M->8M(15M) 0.181ms
[36.956s][info][gc] GC(20259) Pause Young (Allocation Failure) 12M->8M(15M) 0.174ms
[36.957s][info][gc] GC(20260) Pause Young (Allocation Failure) 12M->8M(15M) 0.182ms
[36.958s][info][gc] GC(20261) Pause Young (Allocation Failure) 12M->8M(15M) 0.191ms
[36.958s][info][gc] GC(20262) Pause Young (Allocation Failure) 12M->8M(15M) 0.182ms
[36.959s][info][gc] GC(20263) Pause Young (Allocation Failure) 12M->8M(15M) 0.164ms
[36.960s][info][gc] GC(20264) Pause Young (Allocation Failure) 12M->8M(15M) 0.174ms
[36.961s][info][gc] GC(20265) Pause Young (Allocation Failure) 12M->8M(15M) 0.178ms
[36.962s][info][gc] GC(20266) Pause Young (Allocation Failure) 12M->8M(15M) 0.182ms
[36.962s][info][gc] GC(20267) Pause Young (Allocation Failure) 12M->8M(15M) 0.198ms
[36.963s][info][gc] GC(20268) Pause Young (Allocation Failure) 13M->8M(15M) 0.179ms
[36.964s][info][gc] GC(20269) Pause Young (Allocation Failure) 12M->8M(15M) 0.168ms
[36.965s][info][gc] GC(20270) Pause Young (Allocation Failure) 12M->8M(15M) 0.166ms
[36.966s][info][gc] GC(20271) Pause Young (Allocation Failure) 12M->9M(15M) 0.207ms
[36.967s][info][gc] GC(20272) Pause Young (Allocation Failure) 13M->9M(15M) 0.179ms
[36.967s][info][gc] GC(20273) Pause Young (Allocation Failure) 13M->8M(15M) 0.167ms
[36.968s][info][gc] GC(20274) Pause Young (Allocation Failure) 13M->8M(15M) 0.168ms
[36.969s][info][gc] GC(20275) Pause Young (Allocation Failure) 13M->9M(15M) 0.180ms
[36.970s][info][gc] GC(20276) Pause Young (Allocation Failure) 13M->9M(15M) 0.196ms
[36.971s][info][gc] GC(20277) Pause Young (Allocation Failure) 13M->9M(15M) 0.183ms
[36.972s][info][gc] GC(20278) Pause Young (Allocation Failure) 13M->9M(15M) 0.169ms
[36.973s][info][gc] GC(20279) Pause Young (Allocation Failure) 13M->9M(15M) 0.167ms
[36.973s][info][gc] GC(20280) Pause Young (Allocation Failure) 13M->9M(15M) 0.177ms
[36.974s][info][gc] GC(20281) Pause Young (Allocation Failure) 13M->9M(15M) 0.172ms
[36.975s][info][gc] GC(20282) Pause Young (Allocation Failure) 13M->9M(15M) 0.163ms
[36.976s][info][gc] GC(20283) Pause Young (Allocation Failure) 13M->9M(15M) 0.150ms
[36.977s][info][gc] GC(20284) Pause Young (Allocation Failure) 13M->9M(15M) 0.170ms
[36.978s][info][gc] GC(20285) Pause Young (Allocation Failure) 13M->9M(15M) 0.179ms
[36.979s][info][gc] GC(20286) Pause Young (Allocation Failure) 13M->9M(15M) 0.192ms
[36.979s][info][gc] GC(20287) Pause Young (Allocation Failure) 13M->9M(15M) 0.192ms
[36.980s][info][gc] GC(20288) Pause Young (Allocation Failure) 14M->9M(15M) 0.177ms
[36.981s][info][gc] GC(20289) Pause Young (Allocation Failure) 14M->9M(15M) 0.164ms
[36.982s][info][gc] GC(20290) Pause Young (Allocation Failure) 13M->9M(15M) 0.173ms
[36.983s][info][gc] GC(20291) Pause Young (Allocation Failure) 13M->10M(15M) 0.209ms
[36.984s][info][gc] GC(20292) Pause Young (Allocation Failure) 14M->10M(15M) 0.184ms
[36.984s][info][gc] GC(20293) Pause Young (Allocation Failure) 14M->10M(15M) 0.147ms
[36.986s][info][gc] GC(20294) Pause Young (Allocation Failure) 14M->9M(15M) 0.177ms
[36.987s][info][gc] GC(20295) Pause Young (Allocation Failure) 14M->10M(15M) 0.176ms
[36.987s][info][gc] GC(20296) Pause Young (Allocation Failure) 14M->10M(15M) 0.174ms
[36.988s][info][gc] GC(20297) Pause Young (Allocation Failure) 14M->10M(15M) 0.182ms
[36.989s][info][gc] GC(20298) Pause Young (Allocation Failure) 14M->10M(15M) 0.185ms
[36.990s][info][gc] GC(20299) Pause Young (Allocation Failure) 14M->10M(15M) 0.188ms
[36.990s][info][gc] GC(20300) Pause Young (Allocation Failure) 14M->10M(15M) 0.196ms
[36.991s][info][gc] GC(20301) Pause Young (Allocation Failure) 14M->10M(15M) 0.190ms
[36.992s][info][gc] GC(20302) Pause Young (Allocation Failure) 14M->10M(15M) 0.171ms
[36.993s][info][gc] GC(20303) Pause Young (Allocation Failure) 14M->10M(15M) 0.180ms
[36.994s][info][gc] GC(20304) Pause Young (Allocation Failure) 14M->11M(15M) 0.170ms
[36.994s][info][gc] GC(20305) Pause Young (Allocation Failure) 15M->15M(15M) 0.025ms
[37.003s][info][gc] GC(20306) Pause Full (Allocation Failure) 15M->8M(15M) 8.711ms
[37.004s][info][gc] GC(20307) Pause Young (Allocation Failure) 12M->8M(15M) 0.178ms
[37.005s][info][gc] GC(20308) Pause Young (Allocation Failure) 12M->8M(15M) 0.173ms
[37.006s][info][gc] GC(20309) Pause Young (Allocation Failure) 12M->8M(15M) 0.164ms
[37.007s][info][gc] GC(20310) Pause Young (Allocation Failure) 12M->8M(15M) 0.197ms
[37.008s][info][gc] GC(20311) Pause Young (Allocation Failure) 13M->8M(15M) 0.193ms
[37.009s][info][gc] GC(20312) Pause Young (Allocation Failure) 12M->8M(15M) 0.185ms
[37.009s][info][gc] GC(20313) Pause Young (Allocation Failure) 13M->8M(15M) 0.169ms
[37.010s][info][gc] GC(20314) Pause Young (Allocation Failure) 12M->8M(15M) 0.170ms
[37.011s][info][gc] GC(20315) Pause Young (Allocation Failure) 12M->9M(15M) 0.207ms
[37.012s][info][gc] GC(20316) Pause Young (Allocation Failure) 13M->8M(15M) 0.175ms
[37.013s][info][gc] GC(20317) Pause Young (Allocation Failure) 13M->9M(15M) 0.221ms
[37.014s][info][gc] GC(20318) Pause Young (Allocation Failure) 13M->9M(15M) 0.191ms
[37.015s][info][gc] GC(20319) Pause Young (Allocation Failure) 13M->9M(15M) 0.197ms
[37.015s][info][gc] GC(20320) Pause Young (Allocation Failure) 13M->9M(15M) 0.183ms
[37.016s][info][gc] GC(20321) Pause Young (Allocation Failure) 13M->8M(15M) 0.163ms
[37.017s][info][gc] GC(20322) Pause Young (Allocation Failure) 13M->8M(15M) 0.162ms
[37.018s][info][gc] GC(20323) Pause Young (Allocation Failure) 13M->9M(15M) 0.171ms
[37.019s][info][gc] GC(20324) Pause Young (Allocation Failure) 13M->8M(15M) 0.164ms
[37.020s][info][gc] GC(20325) Pause Young (Allocation Failure) 13M->9M(15M) 0.183ms
[37.020s][info][gc] GC(20326) Pause Young (Allocation Failure) 13M->9M(15M) 0.169ms
[37.021s][info][gc] GC(20327) Pause Young (Allocation Failure) 13M->9M(15M) 0.150ms
[37.022s][info][gc] GC(20328) Pause Young (Allocation Failure) 13M->9M(15M) 0.172ms
[37.023s][info][gc] GC(20329) Pause Young (Allocation Failure) 13M->9M(15M) 0.180ms
[37.024s][info][gc] GC(20330) Pause Young (Allocation Failure) 13M->9M(15M) 0.164ms
[37.024s][info][gc] GC(20331) Pause Young (Allocation Failure) 13M->9M(15M) 0.173ms
[37.025s][info][gc] GC(20332) Pause Young (Allocation Failure) 13M->9M(15M) 0.176ms
[37.026s][info][gc] GC(20333) Pause Young (Allocation Failure) 13M->9M(15M) 0.182ms
[37.027s][info][gc] GC(20334) Pause Young (Allocation Failure) 13M->9M(15M) 0.223ms
[37.028s][info][gc] GC(20335) Pause Young (Allocation Failure) 14M->9M(15M) 0.181ms
[37.029s][info][gc] GC(20336) Pause Young (Allocation Failure) 14M->9M(15M) 0.181ms
[37.030s][info][gc] GC(20337) Pause Young (Allocation Failure) 14M->10M(15M) 0.199ms
[37.031s][info][gc] GC(20338) Pause Young (Allocation Failure) 14M->10M(15M) 0.192ms
[37.032s][info][gc] GC(20339) Pause Young (Allocation Failure) 14M->9M(15M) 0.170ms
[37.032s][info][gc] GC(20340) Pause Young (Allocation Failure) 14M->10M(15M) 0.168ms
[37.033s][info][gc] GC(20341) Pause Young (Allocation Failure) 14M->10M(15M) 0.145ms
[37.034s][info][gc] GC(20342) Pause Young (Allocation Failure) 14M->10M(15M) 0.173ms
[37.035s][info][gc] GC(20343) Pause Young (Allocation Failure) 15M->15M(15M) 0.025ms
[37.044s][info][gc] GC(20344) Pause Full (Allocation Failure) 15M->8M(15M) 8.936ms
[37.045s][info][gc] GC(20345) Pause Young (Allocation Failure) 12M->8M(15M) 0.225ms
[37.046s][info][gc] GC(20346) Pause Young (Allocation Failure) 13M->9M(15M) 0.211ms
[37.046s][info][gc] GC(20347) Pause Young (Allocation Failure) 13M->9M(15M) 0.221ms
[37.047s][info][gc] GC(20348) Pause Young (Allocation Failure) 14M->9M(15M) 0.177ms
[37.048s][info][gc] GC(20349) Pause Young (Allocation Failure) 13M->9M(15M) 0.177ms
[37.049s][info][gc] GC(20350) Pause Young (Allocation Failure) 13M->9M(15M) 0.177ms
[37.050s][info][gc] GC(20351) Pause Young (Allocation Failure) 13M->9M(15M) 0.184ms
[37.050s][info][gc] GC(20352) Pause Young (Allocation Failure) 13M->10M(15M) 0.215ms
[37.051s][info][gc] GC(20353) Pause Young (Allocation Failure) 14M->10M(15M) 0.135ms
[37.052s][info][gc] GC(20354) Pause Young (Allocation Failure) 14M->10M(15M) 0.186ms
[37.053s][info][gc] GC(20355) Pause Young (Allocation Failure) 14M->10M(15M) 0.194ms
[37.054s][info][gc] GC(20356) Pause Young (Allocation Failure) 14M->10M(15M) 0.169ms
[37.055s][info][gc] GC(20357) Pause Young (Allocation Failure) 14M->10M(15M) 0.194ms
[37.055s][info][gc] GC(20358) Pause Young (Allocation Failure) 14M->10M(15M) 0.178ms
[37.056s][info][gc] GC(20359) Pause Young (Allocation Failure) 14M->10M(15M) 0.181ms
[37.057s][info][gc] GC(20360) Pause Young (Allocation Failure) 14M->10M(15M) 0.180ms
[37.058s][info][gc] GC(20361) Pause Young (Allocation Failure) 14M->10M(15M) 0.167ms
[37.059s][info][gc] GC(20362) Pause Young (Allocation Failure) 14M->10M(15M) 0.196ms
[37.060s][info][gc] GC(20363) Pause Young (Allocation Failure) 15M->10M(15M) 0.169ms
[37.061s][info][gc] GC(20364) Pause Young (Allocation Failure) 14M->10M(15M) 0.181ms
[37.061s][info][gc] GC(20365) Pause Young (Allocation Failure) 15M->10M(15M) 0.176ms
[37.062s][info][gc] GC(20366) Pause Young (Allocation Failure) 14M->10M(15M) 0.183ms
[37.063s][info][gc] GC(20367) Pause Young (Allocation Failure) 15M->10M(15M) 0.166ms
[37.064s][info][gc] GC(20368) Pause Young (Allocation Failure) 14M->10M(15M) 0.180ms
[37.065s][info][gc] GC(20369) Pause Young (Allocation Failure) 15M->10M(15M) 0.183ms
[37.065s][info][gc] GC(20370) Pause Young (Allocation Failure) 15M->10M(15M) 0.175ms
[37.066s][info][gc] GC(20371) Pause Young (Allocation Failure) 14M->10M(15M) 0.184ms
[37.067s][info][gc] GC(20372) Pause Young (Allocation Failure) 15M->10M(15M) 0.172ms
[37.068s][info][gc] GC(20373) Pause Young (Allocation Failure) 14M->10M(15M) 0.173ms
[37.069s][info][gc] GC(20374) Pause Young (Allocation Failure) 14M->10M(15M) 0.176ms
[37.070s][info][gc] GC(20375) Pause Young (Allocation Failure) 15M->10M(15M) 0.177ms
[37.070s][info][gc] GC(20376) Pause Young (Allocation Failure) 14M->10M(15M) 0.173ms
[37.071s][info][gc] GC(20377) Pause Young (Allocation Failure) 14M->10M(15M) 0.180ms
[37.072s][info][gc] GC(20378) Pause Young (Allocation Failure) 15M->10M(15M) 0.162ms
[37.073s][info][gc] GC(20379) Pause Young (Allocation Failure) 14M->10M(15M) 0.195ms
[37.073s][info][gc] GC(20380) Pause Young (Allocation Failure) 15M->15M(15M) 0.025ms
[37.082s][info][gc] GC(20381) Pause Full (Allocation Failure) 15M->8M(15M) 8.666ms
[37.083s][info][gc] GC(20382) Pause Young (Allocation Failure) 12M->9M(15M) 0.216ms
[37.084s][info][gc] GC(20383) Pause Young (Allocation Failure) 13M->9M(15M) 0.210ms
[37.085s][info][gc] GC(20384) Pause Young (Allocation Failure) 13M->8M(15M) 0.168ms
[37.086s][info][gc] GC(20385) Pause Young (Allocation Failure) 13M->8M(15M) 0.167ms
[37.087s][info][gc] GC(20386) Pause Young (Allocation Failure) 13M->9M(15M) 0.195ms
[37.088s][info][gc] GC(20387) Pause Young (Allocation Failure) 13M->9M(15M) 0.174ms
[37.088s][info][gc] GC(20388) Pause Young (Allocation Failure) 13M->9M(15M) 0.167ms
[37.089s][info][gc] GC(20389) Pause Young (Allocation Failure) 14M->9M(15M) 0.181ms
[37.090s][info][gc] GC(20390) Pause Young (Allocation Failure) 14M->9M(15M) 0.170ms
[37.091s][info][gc] GC(20391) Pause Young (Allocation Failure) 13M->10M(15M) 0.223ms
[37.091s][info][gc] GC(20392) Pause Young (Allocation Failure) 14M->10M(15M) 0.207ms
[37.092s][info][gc] GC(20393) Pause Young (Allocation Failure) 15M->15M(15M) 0.025ms
[37.101s][info][gc] GC(20394) Pause Full (Allocation Failure) 15M->8M(15M) 8.535ms
[37.102s][info][gc] GC(20395) Pause Young (Allocation Failure) 12M->8M(15M) 0.200ms
[37.102s][info][gc] GC(20396) Pause Young (Allocation Failure) 12M->8M(15M) 0.188ms
[37.103s][info][gc] GC(20397) Pause Young (Allocation Failure) 12M->8M(15M) 0.186ms
[37.104s][info][gc] GC(20398) Pause Young (Allocation Failure) 13M->8M(15M) 0.202ms
[37.105s][info][gc] GC(20399) Pause Young (Allocation Failure) 13M->9M(15M) 0.197ms
[37.106s][info][gc] GC(20400) Pause Young (Allocation Failure) 13M->9M(15M) 0.189ms
[37.107s][info][gc] GC(20401) Pause Young (Allocation Failure) 13M->8M(15M) 0.169ms
[37.107s][info][gc] GC(20402) Pause Young (Allocation Failure) 13M->9M(15M) 0.182ms
[37.108s][info][gc] GC(20403) Pause Young (Allocation Failure) 13M->9M(15M) 0.184ms
[37.109s][info][gc] GC(20404) Pause Young (Allocation Failure) 13M->8M(15M) 0.166ms
[37.110s][info][gc] GC(20405) Pause Young (Allocation Failure) 13M->9M(15M) 0.178ms
[37.111s][info][gc] GC(20406) Pause Young (Allocation Failure) 13M->8M(15M) 0.164ms
[37.111s][info][gc] GC(20407) Pause Young (Allocation Failure) 13M->9M(15M) 0.194ms
[37.112s][info][gc] GC(20408) Pause Young (Allocation Failure) 13M->9M(15M) 0.178ms
[37.113s][info][gc] GC(20409) Pause Young (Allocation Failure) 13M->9M(15M) 0.183ms
[37.114s][info][gc] GC(20410) Pause Young (Allocation Failure) 13M->9M(15M) 0.165ms
[37.115s][info][gc] GC(20411) Pause Young (Allocation Failure) 13M->9M(15M) 0.167ms
[37.116s][info][gc] GC(20412) Pause Young (Allocation Failure) 13M->9M(15M) 0.178ms
[37.116s][info][gc] GC(20413) Pause Young (Allocation Failure) 13M->9M(15M) 0.204ms
[37.117s][info][gc] GC(20414) Pause Young (Allocation Failure) 13M->9M(15M) 0.200ms
[37.118s][info][gc] GC(20415) Pause Young (Allocation Failure) 14M->9M(15M) 0.170ms
[37.119s][info][gc] GC(20416) Pause Young (Allocation Failure) 13M->9M(15M) 0.227ms
[37.120s][info][gc] GC(20417) Pause Young (Allocation Failure) 13M->9M(15M) 0.174ms
[37.121s][info][gc] GC(20418) Pause Young (Allocation Failure) 14M->9M(15M) 0.176ms
[37.121s][info][gc] GC(20419) Pause Young (Allocation Failure) 14M->10M(15M) 0.203ms
[37.122s][info][gc] GC(20420) Pause Young (Allocation Failure) 14M->10M(15M) 0.181ms
[37.123s][info][gc] GC(20421) Pause Young (Allocation Failure) 14M->10M(15M) 0.182ms
[37.124s][info][gc] GC(20422) Pause Young (Allocation Failure) 14M->10M(15M) 0.173ms
[37.125s][info][gc] GC(20423) Pause Young (Allocation Failure) 14M->10M(15M) 0.177ms
[37.126s][info][gc] GC(20424) Pause Young (Allocation Failure) 14M->10M(15M) 0.167ms
[37.126s][info][gc] GC(20425) Pause Young (Allocation Failure) 14M->10M(15M) 0.179ms
[37.127s][info][gc] GC(20426) Pause Young (Allocation Failure) 14M->10M(15M) 0.166ms
[37.128s][info][gc] GC(20427) Pause Young (Allocation Failure) 14M->10M(15M) 0.174ms
[37.129s][info][gc] GC(20428) Pause Young (Allocation Failure) 14M->10M(15M) 0.170ms
[37.130s][info][gc] GC(20429) Pause Young (Allocation Failure) 14M->10M(15M) 0.181ms
[37.131s][info][gc] GC(20430) Pause Young (Allocation Failure) 14M->10M(15M) 0.171ms
[37.131s][info][gc] GC(20431) Pause Young (Allocation Failure) 14M->10M(15M) 0.168ms
[37.132s][info][gc] GC(20432) Pause Young (Allocation Failure) 14M->10M(15M) 0.193ms
[37.133s][info][gc] GC(20433) Pause Young (Allocation Failure) 14M->10M(15M) 0.181ms
[37.134s][info][gc] GC(20434) Pause Young (Allocation Failure) 14M->10M(15M) 0.176ms
[37.134s][info][gc] GC(20435) Pause Young (Allocation Failure) 14M->10M(15M) 0.162ms
[37.135s][info][gc] GC(20436) Pause Young (Allocation Failure) 14M->11M(15M) 0.211ms
[37.136s][info][gc] GC(20437) Pause Young (Allocation Failure) 15M->15M(15M) 0.024ms
[37.145s][info][gc] GC(20438) Pause Full (Allocation Failure) 15M->8M(15M) 8.730ms
[37.145s][info][gc] GC(20439) Pause Young (Allocation Failure) 12M->8M(15M) 0.227ms
[37.147s][info][gc] GC(20440) Pause Young (Allocation Failure) 13M->9M(15M) 0.202ms
[37.147s][info][gc] GC(20441) Pause Young (Allocation Failure) 13M->9M(15M) 0.190ms
[37.148s][info][gc] GC(20442) Pause Young (Allocation Failure) 13M->9M(15M) 0.184ms
[37.149s][info][gc] GC(20443) Pause Young (Allocation Failure) 13M->9M(15M) 0.127ms
[37.150s][info][gc] GC(20444) Pause Young (Allocation Failure) 13M->9M(15M) 0.193ms
[37.151s][info][gc] GC(20445) Pause Young (Allocation Failure) 13M->9M(15M) 0.170ms
[37.152s][info][gc] GC(20446) Pause Young (Allocation Failure) 13M->9M(15M) 0.166ms
[37.152s][info][gc] GC(20447) Pause Young (Allocation Failure) 13M->9M(15M) 0.216ms
[37.153s][info][gc] GC(20448) Pause Young (Allocation Failure) 13M->9M(15M) 0.190ms
[37.154s][info][gc] GC(20449) Pause Young (Allocation Failure) 14M->9M(15M) 0.180ms
[37.155s][info][gc] GC(20450) Pause Young (Allocation Failure) 14M->9M(15M) 0.159ms
[37.156s][info][gc] GC(20451) Pause Young (Allocation Failure) 13M->9M(15M) 0.160ms
[37.156s][info][gc] GC(20452) Pause Young (Allocation Failure) 13M->9M(15M) 0.162ms
[37.157s][info][gc] GC(20453) Pause Young (Allocation Failure) 13M->9M(15M) 0.156ms
[37.158s][info][gc] GC(20454) Pause Young (Allocation Failure) 14M->9M(15M) 0.177ms
[37.159s][info][gc] GC(20455) Pause Young (Allocation Failure) 14M->9M(15M) 0.179ms
[37.160s][info][gc] GC(20456) Pause Young (Allocation Failure) 14M->9M(15M) 0.200ms
[37.161s][info][gc] GC(20457) Pause Young (Allocation Failure) 14M->10M(15M) 0.188ms
[37.161s][info][gc] GC(20458) Pause Young (Allocation Failure) 14M->10M(15M) 0.198ms
[37.162s][info][gc] GC(20459) Pause Young (Allocation Failure) 14M->10M(15M) 0.170ms
[37.163s][info][gc] GC(20460) Pause Young (Allocation Failure) 14M->10M(15M) 0.164ms
[37.164s][info][gc] GC(20461) Pause Young (Allocation Failure) 14M->10M(15M) 0.184ms
[37.165s][info][gc] GC(20462) Pause Young (Allocation Failure) 14M->10M(15M) 0.183ms
[37.165s][info][gc] GC(20463) Pause Young (Allocation Failure) 14M->10M(15M) 0.173ms
[37.166s][info][gc] GC(20464) Pause Young (Allocation Failure) 14M->10M(15M) 0.180ms
[37.167s][info][gc] GC(20465) Pause Young (Allocation Failure) 14M->10M(15M) 0.193ms
[37.168s][info][gc] GC(20466) Pause Young (Allocation Failure) 15M->10M(15M) 0.172ms
[37.169s][info][gc] GC(20467) Pause Young (Allocation Failure) 15M->10M(15M) 0.173ms
[37.169s][info][gc] GC(20468) Pause Young (Allocation Failure) 15M->11M(15M) 0.191ms
[37.170s][info][gc] GC(20469) Pause Young (Allocation Failure) 15M->15M(15M) 0.026ms
[37.179s][info][gc] GC(20470) Pause Full (Allocation Failure) 15M->8M(15M) 8.808ms
[37.180s][info][gc] GC(20471) Pause Young (Allocation Failure) 12M->8M(15M) 0.170ms
[37.181s][info][gc] GC(20472) Pause Young (Allocation Failure) 12M->8M(15M) 0.179ms
[37.182s][info][gc] GC(20473) Pause Young (Allocation Failure) 12M->8M(15M) 0.179ms
[37.183s][info][gc] GC(20474) Pause Young (Allocation Failure) 12M->8M(15M) 0.174ms
[37.183s][info][gc] GC(20475) Pause Young (Allocation Failure) 12M->8M(15M) 0.169ms
[37.184s][info][gc] GC(20476) Pause Young (Allocation Failure) 12M->8M(15M) 0.161ms
[37.185s][info][gc] GC(20477) Pause Young (Allocation Failure) 12M->8M(15M) 0.141ms
[37.186s][info][gc] GC(20478) Pause Young (Allocation Failure) 13M->8M(15M) 0.243ms
[37.187s][info][gc] GC(20479) Pause Young (Allocation Failure) 12M->9M(15M) 0.247ms
[37.188s][info][gc] GC(20480) Pause Young (Allocation Failure) 13M->9M(15M) 0.183ms
[37.189s][info][gc] GC(20481) Pause Young (Allocation Failure) 13M->9M(15M) 0.170ms
[37.189s][info][gc] GC(20482) Pause Young (Allocation Failure) 13M->8M(15M) 0.158ms
[37.190s][info][gc] GC(20483) Pause Young (Allocation Failure) 13M->8M(15M) 0.175ms
[37.191s][info][gc] GC(20484) Pause Young (Allocation Failure) 13M->9M(15M) 0.194ms
[37.192s][info][gc] GC(20485) Pause Young (Allocation Failure) 13M->9M(15M) 0.183ms
[37.193s][info][gc] GC(20486) Pause Young (Allocation Failure) 13M->10M(15M) 0.210ms
[37.194s][info][gc] GC(20487) Pause Young (Allocation Failure) 14M->9M(15M) 0.159ms
[37.194s][info][gc] GC(20488) Pause Young (Allocation Failure) 13M->9M(15M) 0.170ms
[37.195s][info][gc] GC(20489) Pause Young (Allocation Failure) 14M->9M(15M) 0.167ms
[37.196s][info][gc] GC(20490) Pause Young (Allocation Failure) 14M->9M(15M) 0.158ms
[37.197s][info][gc] GC(20491) Pause Young (Allocation Failure) 13M->9M(15M) 0.161ms
[37.198s][info][gc] GC(20492) Pause Young (Allocation Failure) 13M->10M(15M) 0.191ms
[37.198s][info][gc] GC(20493) Pause Young (Allocation Failure) 14M->10M(15M) 0.188ms
[37.199s][info][gc] GC(20494) Pause Young (Allocation Failure) 14M->10M(15M) 0.260ms
[37.200s][info][gc] GC(20495) Pause Young (Allocation Failure) 14M->11M(15M) 0.266ms
[37.201s][info][gc] GC(20496) Pause Young (Allocation Failure) 15M->15M(15M) 0.025ms
[37.210s][info][gc] GC(20497) Pause Full (Allocation Failure) 15M->8M(15M) 8.856ms
[37.211s][info][gc] GC(20498) Pause Young (Allocation Failure) 12M->9M(15M) 0.210ms
[37.212s][info][gc] GC(20499) Pause Young (Allocation Failure) 13M->9M(15M) 0.219ms
[37.213s][info][gc] GC(20500) Pause Young (Allocation Failure) 13M->9M(15M) 0.233ms
[37.213s][info][gc] GC(20501) Pause Young (Allocation Failure) 13M->9M(15M) 0.183ms
[37.214s][info][gc] GC(20502) Pause Young (Allocation Failure) 13M->9M(15M) 0.198ms
[37.215s][info][gc] GC(20503) Pause Young (Allocation Failure) 13M->9M(15M) 0.177ms
[37.216s][info][gc] GC(20504) Pause Young (Allocation Failure) 13M->9M(15M) 0.162ms
[37.217s][info][gc] GC(20505) Pause Young (Allocation Failure) 13M->9M(15M) 0.168ms
[37.218s][info][gc] GC(20506) Pause Young (Allocation Failure) 13M->9M(15M) 0.169ms
[37.218s][info][gc] GC(20507) Pause Young (Allocation Failure) 14M->9M(15M) 0.186ms
[37.219s][info][gc] GC(20508) Pause Young (Allocation Failure) 14M->9M(15M) 0.181ms
[37.220s][info][gc] GC(20509) Pause Young (Allocation Failure) 14M->9M(15M) 0.210ms
[37.221s][info][gc] GC(20510) Pause Young (Allocation Failure) 14M->9M(15M) 0.164ms
[37.222s][info][gc] GC(20511) Pause Young (Allocation Failure) 13M->10M(15M) 0.192ms
[37.223s][info][gc] GC(20512) Pause Young (Allocation Failure) 14M->10M(15M) 0.181ms
[37.223s][info][gc] GC(20513) Pause Young (Allocation Failure) 14M->10M(15M) 0.167ms
[37.224s][info][gc] GC(20514) Pause Young (Allocation Failure) 14M->10M(15M) 0.174ms
[37.225s][info][gc] GC(20515) Pause Young (Allocation Failure) 14M->10M(15M) 0.182ms
[37.226s][info][gc] GC(20516) Pause Young (Allocation Failure) 14M->10M(15M) 0.184ms
[37.227s][info][gc] GC(20517) Pause Young (Allocation Failure) 14M->10M(15M) 0.202ms
[37.228s][info][gc] GC(20518) Pause Young (Allocation Failure) 15M->15M(15M) 0.025ms
[37.237s][info][gc] GC(20519) Pause Full (Allocation Failure) 15M->7M(15M) 9.033ms
[37.238s][info][gc] GC(20520) Pause Young (Allocation Failure) 12M->8M(15M) 0.173ms
[37.238s][info][gc] GC(20521) Pause Young (Allocation Failure) 12M->8M(15M) 0.192ms
[37.239s][info][gc] GC(20522) Pause Young (Allocation Failure) 12M->8M(15M) 0.197ms
[37.240s][info][gc] GC(20523) Pause Young (Allocation Failure) 12M->8M(15M) 0.207ms
[37.241s][info][gc] GC(20524) Pause Young (Allocation Failure) 13M->8M(15M) 0.177ms
[37.242s][info][gc] GC(20525) Pause Young (Allocation Failure) 12M->8M(15M) 0.180ms
[37.243s][info][gc] GC(20526) Pause Young (Allocation Failure) 13M->8M(15M) 0.171ms
[37.243s][info][gc] GC(20527) Pause Young (Allocation Failure) 12M->9M(15M) 0.195ms
[37.244s][info][gc] GC(20528) Pause Young (Allocation Failure) 13M->9M(15M) 0.200ms
[37.245s][info][gc] GC(20529) Pause Young (Allocation Failure) 13M->8M(15M) 0.169ms
[37.246s][info][gc] GC(20530) Pause Young (Allocation Failure) 13M->9M(15M) 0.174ms
[37.247s][info][gc] GC(20531) Pause Young (Allocation Failure) 13M->9M(15M) 0.166ms
[37.248s][info][gc] GC(20532) Pause Young (Allocation Failure) 13M->9M(15M) 0.176ms
[37.249s][info][gc] GC(20533) Pause Young (Allocation Failure) 13M->9M(15M) 0.173ms
[37.249s][info][gc] GC(20534) Pause Young (Allocation Failure) 13M->9M(15M) 0.163ms
[37.250s][info][gc] GC(20535) Pause Young (Allocation Failure) 14M->9M(15M) 0.195ms
[37.251s][info][gc] GC(20536) Pause Young (Allocation Failure) 13M->9M(15M) 0.165ms
[37.252s][info][gc] GC(20537) Pause Young (Allocation Failure) 13M->9M(15M) 0.175ms
[37.253s][info][gc] GC(20538) Pause Young (Allocation Failure) 13M->9M(15M) 0.164ms
[37.253s][info][gc] GC(20539) Pause Young (Allocation Failure) 13M->9M(15M) 0.182ms
[37.254s][info][gc] GC(20540) Pause Young (Allocation Failure) 14M->9M(15M) 0.200ms
[37.255s][info][gc] GC(20541) Pause Young (Allocation Failure) 14M->10M(15M) 0.210ms
[37.256s][info][gc] GC(20542) Pause Young (Allocation Failure) 14M->10M(15M) 0.189ms
[37.257s][info][gc] GC(20543) Pause Young (Allocation Failure) 14M->10M(15M) 0.164ms
[37.257s][info][gc] GC(20544) Pause Young (Allocation Failure) 14M->10M(15M) 0.172ms
[37.258s][info][gc] GC(20545) Pause Young (Allocation Failure) 14M->10M(15M) 0.173ms
[37.259s][info][gc] GC(20546) Pause Young (Allocation Failure) 14M->10M(15M) 0.170ms
[37.260s][info][gc] GC(20547) Pause Young (Allocation Failure) 14M->10M(15M) 0.175ms
[37.261s][info][gc] GC(20548) Pause Young (Allocation Failure) 14M->10M(15M) 0.200ms
[37.261s][info][gc] GC(20549) Pause Young (Allocation Failure) 15M->10M(15M) 0.181ms
[37.262s][info][gc] GC(20550) Pause Young (Allocation Failure) 15M->10M(15M) 0.170ms
[37.263s][info][gc] GC(20551) Pause Young (Allocation Failure) 14M->10M(15M) 0.162ms
[37.264s][info][gc] GC(20552) Pause Young (Allocation Failure) 14M->10M(15M) 0.171ms
[37.265s][info][gc] GC(20553) Pause Young (Allocation Failure) 14M->10M(15M) 0.175ms
[37.265s][info][gc] GC(20554) Pause Young (Allocation Failure) 14M->11M(15M) 0.203ms
[37.266s][info][gc] GC(20555) Pause Young (Allocation Failure) 15M->15M(15M) 0.025ms
[37.275s][info][gc] GC(20556) Pause Full (Allocation Failure) 15M->9M(15M) 8.704ms
[37.276s][info][gc] GC(20557) Pause Young (Allocation Failure) 13M->9M(15M) 0.235ms
[37.277s][info][gc] GC(20558) Pause Young (Allocation Failure) 14M->9M(15M) 0.182ms
[37.277s][info][gc] GC(20559) Pause Young (Allocation Failure) 14M->9M(15M) 0.181ms
[37.278s][info][gc] GC(20560) Pause Young (Allocation Failure) 14M->10M(15M) 0.188ms
[37.279s][info][gc] GC(20561) Pause Young (Allocation Failure) 14M->9M(15M) 0.167ms
[37.280s][info][gc] GC(20562) Pause Young (Allocation Failure) 14M->9M(15M) 0.203ms
[37.281s][info][gc] GC(20563) Pause Young (Allocation Failure) 14M->10M(15M) 0.187ms
[37.282s][info][gc] GC(20564) Pause Young (Allocation Failure) 14M->10M(15M) 0.204ms
[37.282s][info][gc] GC(20565) Pause Young (Allocation Failure) 14M->10M(15M) 0.186ms
[37.283s][info][gc] GC(20566) Pause Young (Allocation Failure) 14M->10M(15M) 0.206ms
[37.284s][info][gc] GC(20567) Pause Young (Allocation Failure) 15M->15M(15M) 0.026ms
[37.293s][info][gc] GC(20568) Pause Full (Allocation Failure) 15M->8M(15M) 9.011ms
[37.294s][info][gc] GC(20569) Pause Young (Allocation Failure) 13M->9M(15M) 0.199ms
[37.295s][info][gc] GC(20570) Pause Young (Allocation Failure) 13M->9M(15M) 0.188ms
[37.296s][info][gc] GC(20571) Pause Young (Allocation Failure) 13M->9M(15M) 0.164ms
[37.296s][info][gc] GC(20572) Pause Young (Allocation Failure) 13M->9M(15M) 0.180ms
[37.297s][info][gc] GC(20573) Pause Young (Allocation Failure) 13M->9M(15M) 0.165ms
[37.298s][info][gc] GC(20574) Pause Young (Allocation Failure) 13M->9M(15M) 0.168ms
[37.299s][info][gc] GC(20575) Pause Young (Allocation Failure) 13M->9M(15M) 0.186ms
[37.300s][info][gc] GC(20576) Pause Young (Allocation Failure) 13M->9M(15M) 0.166ms
[37.301s][info][gc] GC(20577) Pause Young (Allocation Failure) 13M->9M(15M) 0.162ms
[37.301s][info][gc] GC(20578) Pause Young (Allocation Failure) 13M->9M(15M) 0.170ms
[37.302s][info][gc] GC(20579) Pause Young (Allocation Failure) 13M->9M(15M) 0.178ms
[37.303s][info][gc] GC(20580) Pause Young (Allocation Failure) 13M->10M(15M) 0.228ms
[37.304s][info][gc] GC(20581) Pause Young (Allocation Failure) 14M->10M(15M) 0.196ms
[37.305s][info][gc] GC(20582) Pause Young (Allocation Failure) 14M->10M(15M) 0.170ms
[37.305s][info][gc] GC(20583) Pause Young (Allocation Failure) 14M->10M(15M) 0.184ms
[37.306s][info][gc] GC(20584) Pause Young (Allocation Failure) 14M->10M(15M) 0.169ms
[37.307s][info][gc] GC(20585) Pause Young (Allocation Failure) 14M->10M(15M) 0.179ms
[37.308s][info][gc] GC(20586) Pause Young (Allocation Failure) 14M->10M(15M) 0.179ms
[37.309s][info][gc] GC(20587) Pause Young (Allocation Failure) 14M->10M(15M) 0.173ms
[37.309s][info][gc] GC(20588) Pause Young (Allocation Failure) 14M->10M(15M) 0.179ms
[37.310s][info][gc] GC(20589) Pause Young (Allocation Failure) 14M->10M(15M) 0.203ms
[37.311s][info][gc] GC(20590) Pause Young (Allocation Failure) 15M->15M(15M) 0.025ms
[37.320s][info][gc] GC(20591) Pause Full (Allocation Failure) 15M->8M(15M) 9.177ms
[37.321s][info][gc] GC(20592) Pause Young (Allocation Failure) 12M->8M(15M) 0.171ms
[37.322s][info][gc] GC(20593) Pause Young (Allocation Failure) 12M->9M(15M) 0.238ms
[37.323s][info][gc] GC(20594) Pause Young (Allocation Failure) 14M->9M(15M) 0.183ms
[37.323s][info][gc] GC(20595) Pause Young (Allocation Failure) 13M->9M(15M) 0.188ms
[37.324s][info][gc] GC(20596) Pause Young (Allocation Failure) 14M->9M(15M) 0.179ms
[37.325s][info][gc] GC(20597) Pause Young (Allocation Failure) 14M->10M(15M) 0.220ms
[37.326s][info][gc] GC(20598) Pause Young (Allocation Failure) 14M->10M(15M) 0.159ms
[37.327s][info][gc] GC(20599) Pause Young (Allocation Failure) 14M->10M(15M) 0.169ms
[37.328s][info][gc] GC(20600) Pause Young (Allocation Failure) 14M->10M(15M) 0.212ms
[37.328s][info][gc] GC(20601) Pause Young (Allocation Failure) 15M->15M(15M) 0.025ms
[37.337s][info][gc] GC(20602) Pause Full (Allocation Failure) 15M->8M(15M) 8.698ms
[37.338s][info][gc] GC(20603) Pause Young (Allocation Failure) 12M->9M(15M) 0.212ms
[37.339s][info][gc] GC(20604) Pause Young (Allocation Failure) 13M->9M(15M) 0.199ms
[37.340s][info][gc] GC(20605) Pause Young (Allocation Failure) 13M->8M(15M) 0.168ms
[37.340s][info][gc] GC(20606) Pause Young (Allocation Failure) 13M->8M(15M) 0.170ms
[37.341s][info][gc] GC(20607) Pause Young (Allocation Failure) 13M->9M(15M) 0.174ms
[37.342s][info][gc] GC(20608) Pause Young (Allocation Failure) 13M->9M(15M) 0.156ms
[37.343s][info][gc] GC(20609) Pause Young (Allocation Failure) 13M->9M(15M) 0.177ms
[37.344s][info][gc] GC(20610) Pause Young (Allocation Failure) 13M->9M(15M) 0.198ms
[37.345s][info][gc] GC(20611) Pause Young (Allocation Failure) 14M->9M(15M) 0.193ms
[37.346s][info][gc] GC(20612) Pause Young (Allocation Failure) 14M->9M(15M) 0.185ms
[37.347s][info][gc] GC(20613) Pause Young (Allocation Failure) 14M->9M(15M) 0.162ms
[37.347s][info][gc] GC(20614) Pause Young (Allocation Failure) 13M->9M(15M) 0.179ms
[37.348s][info][gc] GC(20615) Pause Young (Allocation Failure) 14M->9M(15M) 0.184ms
[37.349s][info][gc] GC(20616) Pause Young (Allocation Failure) 14M->10M(15M) 0.216ms
[37.350s][info][gc] GC(20617) Pause Young (Allocation Failure) 14M->10M(15M) 0.177ms
[37.351s][info][gc] GC(20618) Pause Young (Allocation Failure) 14M->10M(15M) 0.173ms
[37.351s][info][gc] GC(20619) Pause Young (Allocation Failure) 14M->10M(15M) 0.198ms
[37.352s][info][gc] GC(20620) Pause Young (Allocation Failure) 15M->15M(15M) 0.024ms
[37.362s][info][gc] GC(20621) Pause Full (Allocation Failure) 15M->7M(15M) 9.589ms
[37.363s][info][gc] GC(20622) Pause Young (Allocation Failure) 11M->7M(15M) 0.190ms
[37.364s][info][gc] GC(20623) Pause Young (Allocation Failure) 12M->7M(15M) 0.166ms
[37.364s][info][gc] GC(20624) Pause Young (Allocation Failure) 12M->8M(15M) 0.190ms
[37.365s][info][gc] GC(20625) Pause Young (Allocation Failure) 12M->8M(15M) 0.192ms
[37.366s][info][gc] GC(20626) Pause Young (Allocation Failure) 12M->8M(15M) 0.191ms
[37.367s][info][gc] GC(20627) Pause Young (Allocation Failure) 12M->8M(15M) 0.188ms
[37.368s][info][gc] GC(20628) Pause Young (Allocation Failure) 13M->8M(15M) 0.171ms
[37.368s][info][gc] GC(20629) Pause Young (Allocation Failure) 12M->8M(15M) 0.176ms
[37.369s][info][gc] GC(20630) Pause Young (Allocation Failure) 13M->8M(15M) 0.162ms
[37.370s][info][gc] GC(20631) Pause Young (Allocation Failure) 12M->8M(15M) 0.172ms
[37.371s][info][gc] GC(20632) Pause Young (Allocation Failure) 12M->8M(15M) 0.175ms
[37.372s][info][gc] GC(20633) Pause Young (Allocation Failure) 12M->8M(15M) 0.177ms
[37.373s][info][gc] GC(20634) Pause Young (Allocation Failure) 13M->8M(15M) 0.253ms
[37.373s][info][gc] GC(20635) Pause Young (Allocation Failure) 12M->8M(15M) 0.176ms
[37.374s][info][gc] GC(20636) Pause Young (Allocation Failure) 13M->8M(15M) 0.172ms
[37.375s][info][gc] GC(20637) Pause Young (Allocation Failure) 13M->9M(15M) 0.242ms
[37.376s][info][gc] GC(20638) Pause Young (Allocation Failure) 13M->8M(15M) 0.163ms
[37.377s][info][gc] GC(20639) Pause Young (Allocation Failure) 13M->9M(15M) 0.123ms
[37.377s][info][gc] GC(20640) Pause Young (Allocation Failure) 13M->8M(15M) 0.170ms
[37.378s][info][gc] GC(20641) Pause Young (Allocation Failure) 13M->8M(15M) 0.167ms
[37.379s][info][gc] GC(20642) Pause Young (Allocation Failure) 13M->9M(15M) 0.197ms
[37.380s][info][gc] GC(20643) Pause Young (Allocation Failure) 13M->9M(15M) 0.178ms
[37.381s][info][gc] GC(20644) Pause Young (Allocation Failure) 13M->9M(15M) 0.166ms
[37.381s][info][gc] GC(20645) Pause Young (Allocation Failure) 13M->9M(15M) 0.170ms
[37.382s][info][gc] GC(20646) Pause Young (Allocation Failure) 13M->9M(15M) 0.167ms
[37.383s][info][gc] GC(20647) Pause Young (Allocation Failure) 13M->9M(15M) 0.173ms
[37.384s][info][gc] GC(20648) Pause Young (Allocation Failure) 13M->9M(15M) 0.169ms
[37.385s][info][gc] GC(20649) Pause Young (Allocation Failure) 13M->9M(15M) 0.212ms
[37.386s][info][gc] GC(20650) Pause Young (Allocation Failure) 14M->9M(15M) 0.132ms
[37.387s][info][gc] GC(20651) Pause Young (Allocation Failure) 14M->9M(15M) 0.169ms
[37.387s][info][gc] GC(20652) Pause Young (Allocation Failure) 13M->10M(15M) 0.150ms
[37.388s][info][gc] GC(20653) Pause Young (Allocation Failure) 14M->9M(15M) 0.174ms
[37.389s][info][gc] GC(20654) Pause Young (Allocation Failure) 14M->9M(15M) 0.161ms
[37.390s][info][gc] GC(20655) Pause Young (Allocation Failure) 14M->10M(15M) 0.197ms
[37.390s][info][gc] GC(20656) Pause Young (Allocation Failure) 14M->10M(15M) 0.167ms
[37.391s][info][gc] GC(20657) Pause Young (Allocation Failure) 14M->10M(15M) 0.174ms
[37.392s][info][gc] GC(20658) Pause Young (Allocation Failure) 14M->9M(15M) 0.158ms
[37.393s][info][gc] GC(20659) Pause Young (Allocation Failure) 14M->15M(15M) 0.312ms
[37.402s][info][gc] GC(20660) Pause Full (Allocation Failure) 15M->9M(15M) 9.050ms
[37.403s][info][gc] GC(20661) Pause Young (Allocation Failure) 13M->9M(15M) 0.184ms
[37.404s][info][gc] GC(20662) Pause Young (Allocation Failure) 13M->9M(15M) 0.201ms
[37.405s][info][gc] GC(20663) Pause Young (Allocation Failure) 14M->10M(15M) 0.194ms
[37.405s][info][gc] GC(20664) Pause Young (Allocation Failure) 14M->9M(15M) 0.164ms
[37.406s][info][gc] GC(20665) Pause Young (Allocation Failure) 14M->9M(15M) 0.172ms
[37.407s][info][gc] GC(20666) Pause Young (Allocation Failure) 14M->10M(15M) 0.191ms
[37.408s][info][gc] GC(20667) Pause Young (Allocation Failure) 14M->10M(15M) 0.176ms
[37.409s][info][gc] GC(20668) Pause Young (Allocation Failure) 14M->10M(15M) 0.193ms
[37.409s][info][gc] GC(20669) Pause Young (Allocation Failure) 14M->10M(15M) 0.174ms
[37.410s][info][gc] GC(20670) Pause Young (Allocation Failure) 14M->10M(15M) 0.171ms
[37.411s][info][gc] GC(20671) Pause Young (Allocation Failure) 14M->10M(15M) 0.159ms
[37.412s][info][gc] GC(20672) Pause Young (Allocation Failure) 14M->10M(15M) 0.175ms
[37.413s][info][gc] GC(20673) Pause Young (Allocation Failure) 14M->10M(15M) 0.167ms
[37.414s][info][gc] GC(20674) Pause Young (Allocation Failure) 14M->10M(15M) 0.153ms
[37.415s][info][gc] GC(20675) Pause Young (Allocation Failure) 14M->10M(15M) 0.189ms
[37.415s][info][gc] GC(20676) Pause Young (Allocation Failure) 14M->10M(15M) 0.172ms
[37.416s][info][gc] GC(20677) Pause Young (Allocation Failure) 14M->10M(15M) 0.189ms
[37.417s][info][gc] GC(20678) Pause Young (Allocation Failure) 15M->15M(15M) 0.024ms
[37.426s][info][gc] GC(20679) Pause Full (Allocation Failure) 15M->8M(15M) 9.076ms
[37.427s][info][gc] GC(20680) Pause Young (Allocation Failure) 12M->8M(15M) 0.205ms
[37.428s][info][gc] GC(20681) Pause Young (Allocation Failure) 13M->8M(15M) 0.213ms
[37.429s][info][gc] GC(20682) Pause Young (Allocation Failure) 13M->9M(15M) 0.174ms
[37.430s][info][gc] GC(20683) Pause Young (Allocation Failure) 13M->9M(15M) 0.174ms
[37.430s][info][gc] GC(20684) Pause Young (Allocation Failure) 13M->9M(15M) 0.143ms
[37.431s][info][gc] GC(20685) Pause Young (Allocation Failure) 13M->9M(15M) 0.181ms
[37.432s][info][gc] GC(20686) Pause Young (Allocation Failure) 13M->9M(15M) 0.169ms
[37.433s][info][gc] GC(20687) Pause Young (Allocation Failure) 13M->9M(15M) 0.171ms
[37.434s][info][gc] GC(20688) Pause Young (Allocation Failure) 13M->9M(15M) 0.174ms
[37.434s][info][gc] GC(20689) Pause Young (Allocation Failure) 13M->9M(15M) 0.165ms
[37.435s][info][gc] GC(20690) Pause Young (Allocation Failure) 13M->9M(15M) 0.181ms
[37.436s][info][gc] GC(20691) Pause Young (Allocation Failure) 13M->9M(15M) 0.167ms
[37.437s][info][gc] GC(20692) Pause Young (Allocation Failure) 13M->9M(15M) 0.180ms
[37.438s][info][gc] GC(20693) Pause Young (Allocation Failure) 13M->9M(15M) 0.207ms
[37.439s][info][gc] GC(20694) Pause Young (Allocation Failure) 14M->9M(15M) 0.181ms
[37.439s][info][gc] GC(20695) Pause Young (Allocation Failure) 14M->9M(15M) 0.178ms
[37.440s][info][gc] GC(20696) Pause Young (Allocation Failure) 14M->9M(15M) 0.185ms
[37.441s][info][gc] GC(20697) Pause Young (Allocation Failure) 14M->9M(15M) 0.166ms
[37.442s][info][gc] GC(20698) Pause Young (Allocation Failure) 13M->9M(15M) 0.180ms
[37.442s][info][gc] GC(20699) Pause Young (Allocation Failure) 14M->10M(15M) 0.194ms
[37.443s][info][gc] GC(20700) Pause Young (Allocation Failure) 14M->9M(15M) 0.180ms
[37.444s][info][gc] GC(20701) Pause Young (Allocation Failure) 14M->9M(15M) 0.168ms
[37.445s][info][gc] GC(20702) Pause Young (Allocation Failure) 14M->9M(15M) 0.176ms
[37.446s][info][gc] GC(20703) Pause Young (Allocation Failure) 14M->9M(15M) 0.177ms
[37.446s][info][gc] GC(20704) Pause Young (Allocation Failure) 14M->10M(15M) 0.200ms
[37.447s][info][gc] GC(20705) Pause Young (Allocation Failure) 14M->10M(15M) 0.167ms
[37.448s][info][gc] GC(20706) Pause Young (Allocation Failure) 14M->10M(15M) 0.196ms
[37.449s][info][gc] GC(20707) Pause Young (Allocation Failure) 14M->10M(15M) 0.172ms
[37.450s][info][gc] GC(20708) Pause Young (Allocation Failure) 14M->10M(15M) 0.169ms
[37.451s][info][gc] GC(20709) Pause Young (Allocation Failure) 14M->10M(15M) 0.163ms
[37.451s][info][gc] GC(20710) Pause Young (Allocation Failure) 14M->10M(15M) 0.178ms
[37.452s][info][gc] GC(20711) Pause Young (Allocation Failure) 14M->10M(15M) 0.164ms
[37.453s][info][gc] GC(20712) Pause Young (Allocation Failure) 14M->10M(15M) 0.175ms
[37.454s][info][gc] GC(20713) Pause Young (Allocation Failure) 15M->15M(15M) 0.025ms
[37.463s][info][gc] GC(20714) Pause Full (Allocation Failure) 15M->7M(15M) 9.089ms
[37.464s][info][gc] GC(20715) Pause Young (Allocation Failure) 12M->8M(15M) 0.181ms
[37.465s][info][gc] GC(20716) Pause Young (Allocation Failure) 12M->8M(15M) 0.204ms
[37.466s][info][gc] GC(20717) Pause Young (Allocation Failure) 13M->8M(15M) 0.211ms
[37.467s][info][gc] GC(20718) Pause Young (Allocation Failure) 13M->9M(15M) 0.207ms
[37.468s][info][gc] GC(20719) Pause Young (Allocation Failure) 13M->9M(15M) 0.208ms
[37.468s][info][gc] GC(20720) Pause Young (Allocation Failure) 13M->9M(15M) 0.190ms
[37.469s][info][gc] GC(20721) Pause Young (Allocation Failure) 13M->9M(15M) 0.172ms
[37.470s][info][gc] GC(20722) Pause Young (Allocation Failure) 13M->9M(15M) 0.182ms
[37.471s][info][gc] GC(20723) Pause Young (Allocation Failure) 13M->10M(15M) 0.201ms
[37.472s][info][gc] GC(20724) Pause Young (Allocation Failure) 14M->10M(15M) 0.206ms
[37.473s][info][gc] GC(20725) Pause Young (Allocation Failure) 14M->10M(15M) 0.157ms
[37.473s][info][gc] GC(20726) Pause Young (Allocation Failure) 14M->10M(15M) 0.175ms
[37.474s][info][gc] GC(20727) Pause Young (Allocation Failure) 14M->10M(15M) 0.183ms
[37.475s][info][gc] GC(20728) Pause Young (Allocation Failure) 14M->10M(15M) 0.183ms
[37.476s][info][gc] GC(20729) Pause Young (Allocation Failure) 14M->10M(15M) 0.176ms
[37.477s][info][gc] GC(20730) Pause Young (Allocation Failure) 14M->10M(15M) 0.172ms
[37.478s][info][gc] GC(20731) Pause Young (Allocation Failure) 14M->10M(15M) 0.166ms
[37.479s][info][gc] GC(20732) Pause Young (Allocation Failure) 14M->10M(15M) 0.187ms
[37.479s][info][gc] GC(20733) Pause Young (Allocation Failure) 15M->15M(15M) 0.305ms
[37.488s][info][gc] GC(20734) Pause Full (Allocation Failure) 15M->9M(15M) 8.669ms
[37.489s][info][gc] GC(20735) Pause Young (Allocation Failure) 13M->9M(15M) 0.228ms
[37.490s][info][gc] GC(20736) Pause Young (Allocation Failure) 14M->10M(15M) 0.219ms
[37.491s][info][gc] GC(20737) Pause Young (Allocation Failure) 14M->10M(15M) 0.182ms
[37.492s][info][gc] GC(20738) Pause Young (Allocation Failure) 14M->9M(15M) 0.171ms
[37.493s][info][gc] GC(20739) Pause Young (Allocation Failure) 14M->10M(15M) 0.183ms
[37.493s][info][gc] GC(20740) Pause Young (Allocation Failure) 14M->10M(15M) 0.188ms
[37.494s][info][gc] GC(20741) Pause Young (Allocation Failure) 14M->10M(15M) 0.194ms
[37.495s][info][gc] GC(20742) Pause Young (Allocation Failure) 14M->10M(15M) 0.176ms
[37.496s][info][gc] GC(20743) Pause Young (Allocation Failure) 14M->10M(15M) 0.176ms
[37.497s][info][gc] GC(20744) Pause Young (Allocation Failure) 14M->10M(15M) 0.209ms
[37.498s][info][gc] GC(20745) Pause Young (Allocation Failure) 15M->15M(15M) 0.025ms
[37.507s][info][gc] GC(20746) Pause Full (Allocation Failure) 15M->8M(15M) 9.101ms
[37.508s][info][gc] GC(20747) Pause Young (Allocation Failure) 12M->8M(15M) 0.174ms
[37.508s][info][gc] GC(20748) Pause Young (Allocation Failure) 12M->8M(15M) 0.189ms
[37.509s][info][gc] GC(20749) Pause Young (Allocation Failure) 12M->8M(15M) 0.202ms
[37.510s][info][gc] GC(20750) Pause Young (Allocation Failure) 13M->8M(15M) 0.189ms
[37.511s][info][gc] GC(20751) Pause Young (Allocation Failure) 13M->8M(15M) 0.171ms
[37.512s][info][gc] GC(20752) Pause Young (Allocation Failure) 12M->9M(15M) 0.196ms
[37.513s][info][gc] GC(20753) Pause Young (Allocation Failure) 13M->8M(15M) 0.165ms
[37.513s][info][gc] GC(20754) Pause Young (Allocation Failure) 13M->9M(15M) 0.185ms
[37.514s][info][gc] GC(20755) Pause Young (Allocation Failure) 13M->9M(15M) 0.169ms
[37.515s][info][gc] GC(20756) Pause Young (Allocation Failure) 13M->9M(15M) 0.208ms
[37.516s][info][gc] GC(20757) Pause Young (Allocation Failure) 13M->10M(15M) 0.210ms
[37.517s][info][gc] GC(20758) Pause Young (Allocation Failure) 14M->10M(15M) 0.211ms
[37.518s][info][gc] GC(20759) Pause Young (Allocation Failure) 14M->10M(15M) 0.183ms
[37.518s][info][gc] GC(20760) Pause Young (Allocation Failure) 14M->10M(15M) 0.211ms
[37.519s][info][gc] GC(20761) Pause Young (Allocation Failure) 15M->15M(15M) 0.024ms
[37.528s][info][gc] GC(20762) Pause Full (Allocation Failure) 15M->8M(15M) 8.459ms
[37.529s][info][gc] GC(20763) Pause Young (Allocation Failure) 13M->9M(15M) 0.246ms
[37.530s][info][gc] GC(20764) Pause Young (Allocation Failure) 14M->9M(15M) 0.178ms
[37.530s][info][gc] GC(20765) Pause Young (Allocation Failure) 14M->9M(15M) 0.170ms
[37.531s][info][gc] GC(20766) Pause Young (Allocation Failure) 14M->9M(15M) 0.161ms
[37.532s][info][gc] GC(20767) Pause Young (Allocation Failure) 13M->10M(15M) 0.142ms
[37.533s][info][gc] GC(20768) Pause Young (Allocation Failure) 14M->10M(15M) 0.199ms
[37.534s][info][gc] GC(20769) Pause Young (Allocation Failure) 14M->10M(15M) 0.184ms
[37.535s][info][gc] GC(20770) Pause Young (Allocation Failure) 14M->10M(15M) 0.200ms
[37.536s][info][gc] GC(20771) Pause Young (Allocation Failure) 14M->10M(15M) 0.167ms
[37.536s][info][gc] GC(20772) Pause Young (Allocation Failure) 14M->10M(15M) 0.178ms
[37.537s][info][gc] GC(20773) Pause Young (Allocation Failure) 14M->10M(15M) 0.183ms
[37.538s][info][gc] GC(20774) Pause Young (Allocation Failure) 14M->10M(15M) 0.181ms
[37.539s][info][gc] GC(20775) Pause Young (Allocation Failure) 15M->15M(15M) 0.024ms
[37.548s][info][gc] GC(20776) Pause Full (Allocation Failure) 15M->8M(15M) 9.210ms
[37.549s][info][gc] GC(20777) Pause Young (Allocation Failure) 12M->9M(15M) 0.220ms
[37.550s][info][gc] GC(20778) Pause Young (Allocation Failure) 13M->9M(15M) 0.200ms
[37.551s][info][gc] GC(20779) Pause Young (Allocation Failure) 13M->8M(15M) 0.168ms
[37.552s][info][gc] GC(20780) Pause Young (Allocation Failure) 13M->8M(15M) 0.166ms
[37.552s][info][gc] GC(20781) Pause Young (Allocation Failure) 13M->9M(15M) 0.173ms
[37.553s][info][gc] GC(20782) Pause Young (Allocation Failure) 13M->8M(15M) 0.164ms
[37.554s][info][gc] GC(20783) Pause Young (Allocation Failure) 13M->9M(15M) 0.170ms
[37.555s][info][gc] GC(20784) Pause Young (Allocation Failure) 13M->9M(15M) 0.197ms
[37.556s][info][gc] GC(20785) Pause Young (Allocation Failure) 13M->9M(15M) 0.161ms
[37.557s][info][gc] GC(20786) Pause Young (Allocation Failure) 13M->9M(15M) 0.164ms
[37.557s][info][gc] GC(20787) Pause Young (Allocation Failure) 13M->9M(15M) 0.170ms
[37.558s][info][gc] GC(20788) Pause Young (Allocation Failure) 13M->9M(15M) 0.178ms
[37.559s][info][gc] GC(20789) Pause Young (Allocation Failure) 13M->9M(15M) 0.168ms
[37.560s][info][gc] GC(20790) Pause Young (Allocation Failure) 13M->9M(15M) 0.172ms
[37.561s][info][gc] GC(20791) Pause Young (Allocation Failure) 13M->10M(15M) 0.217ms
[37.561s][info][gc] GC(20792) Pause Young (Allocation Failure) 14M->9M(15M) 0.163ms
[37.562s][info][gc] GC(20793) Pause Young (Allocation Failure) 14M->10M(15M) 0.197ms
[37.563s][info][gc] GC(20794) Pause Young (Allocation Failure) 14M->10M(15M) 0.174ms
[37.564s][info][gc] GC(20795) Pause Young (Allocation Failure) 14M->10M(15M) 0.165ms
[37.565s][info][gc] GC(20796) Pause Young (Allocation Failure) 14M->10M(15M) 0.177ms
[37.566s][info][gc] GC(20797) Pause Young (Allocation Failure) 14M->10M(15M) 0.218ms
[37.566s][info][gc] GC(20798) Pause Young (Allocation Failure) 15M->15M(15M) 0.024ms
[37.575s][info][gc] GC(20799) Pause Full (Allocation Failure) 15M->8M(15M) 8.997ms
[37.576s][info][gc] GC(20800) Pause Young (Allocation Failure) 12M->8M(15M) 0.212ms
[37.577s][info][gc] GC(20801) Pause Young (Allocation Failure) 12M->8M(15M) 0.181ms
[37.578s][info][gc] GC(20802) Pause Young (Allocation Failure) 12M->8M(15M) 0.165ms
[37.578s][info][gc] GC(20803) Pause Young (Allocation Failure) 12M->8M(15M) 0.164ms
[37.579s][info][gc] GC(20804) Pause Young (Allocation Failure) 12M->8M(15M) 0.175ms
[37.580s][info][gc] GC(20805) Pause Young (Allocation Failure) 12M->9M(15M) 0.208ms
[37.581s][info][gc] GC(20806) Pause Young (Allocation Failure) 13M->9M(15M) 0.178ms
[37.582s][info][gc] GC(20807) Pause Young (Allocation Failure) 13M->8M(15M) 0.166ms
[37.583s][info][gc] GC(20808) Pause Young (Allocation Failure) 13M->8M(15M) 0.173ms
[37.583s][info][gc] GC(20809) Pause Young (Allocation Failure) 13M->8M(15M) 0.167ms
[37.584s][info][gc] GC(20810) Pause Young (Allocation Failure) 13M->8M(15M) 0.164ms
[37.585s][info][gc] GC(20811) Pause Young (Allocation Failure) 13M->8M(15M) 0.161ms
[37.586s][info][gc] GC(20812) Pause Young (Allocation Failure) 12M->9M(15M) 0.229ms
[37.587s][info][gc] GC(20813) Pause Young (Allocation Failure) 13M->9M(15M) 0.194ms
[37.588s][info][gc] GC(20814) Pause Young (Allocation Failure) 13M->9M(15M) 0.169ms
[37.588s][info][gc] GC(20815) Pause Young (Allocation Failure) 13M->8M(15M) 0.166ms
[37.589s][info][gc] GC(20816) Pause Young (Allocation Failure) 13M->8M(15M) 0.158ms
[37.590s][info][gc] GC(20817) Pause Young (Allocation Failure) 13M->9M(15M) 0.185ms
[37.591s][info][gc] GC(20818) Pause Young (Allocation Failure) 13M->9M(15M) 0.171ms
[37.592s][info][gc] GC(20819) Pause Young (Allocation Failure) 13M->9M(15M) 0.213ms
[37.592s][info][gc] GC(20820) Pause Young (Allocation Failure) 14M->10M(15M) 0.195ms
[37.593s][info][gc] GC(20821) Pause Young (Allocation Failure) 14M->10M(15M) 0.183ms
[37.594s][info][gc] GC(20822) Pause Young (Allocation Failure) 14M->10M(15M) 0.219ms
[37.595s][info][gc] GC(20823) Pause Young (Allocation Failure) 15M->15M(15M) 0.024ms
[37.604s][info][gc] GC(20824) Pause Full (Allocation Failure) 15M->8M(15M) 9.035ms
[37.605s][info][gc] GC(20825) Pause Young (Allocation Failure) 13M->9M(15M) 0.239ms
[37.605s][info][gc] GC(20826) Pause Young (Allocation Failure) 14M->9M(15M) 0.203ms
[37.606s][info][gc] GC(20827) Pause Young (Allocation Failure) 14M->9M(15M) 0.164ms
[37.607s][info][gc] GC(20828) Pause Young (Allocation Failure) 13M->9M(15M) 0.155ms
[37.608s][info][gc] GC(20829) Pause Young (Allocation Failure) 14M->10M(15M) 0.196ms
[37.609s][info][gc] GC(20830) Pause Young (Allocation Failure) 14M->9M(15M) 0.159ms
[37.609s][info][gc] GC(20831) Pause Young (Allocation Failure) 14M->10M(15M) 0.154ms
[37.610s][info][gc] GC(20832) Pause Young (Allocation Failure) 14M->10M(15M) 0.190ms
[37.611s][info][gc] GC(20833) Pause Young (Allocation Failure) 14M->9M(15M) 0.159ms
[37.612s][info][gc] GC(20834) Pause Young (Allocation Failure) 14M->10M(15M) 0.165ms
[37.613s][info][gc] GC(20835) Pause Young (Allocation Failure) 14M->10M(15M) 0.210ms
[37.614s][info][gc] GC(20836) Pause Young (Allocation Failure) 14M->10M(15M) 0.188ms
[37.615s][info][gc] GC(20837) Pause Young (Allocation Failure) 14M->10M(15M) 0.160ms
[37.615s][info][gc] GC(20838) Pause Young (Allocation Failure) 14M->10M(15M) 0.174ms
[37.616s][info][gc] GC(20839) Pause Young (Allocation Failure) 14M->10M(15M) 0.176ms
[37.617s][info][gc] GC(20840) Pause Young (Allocation Failure) 14M->10M(15M) 0.184ms
[37.618s][info][gc] GC(20841) Pause Young (Allocation Failure) 14M->10M(15M) 0.174ms
[37.619s][info][gc] GC(20842) Pause Young (Allocation Failure) 14M->10M(15M) 0.177ms
[37.619s][info][gc] GC(20843) Pause Young (Allocation Failure) 14M->10M(15M) 0.177ms
[37.620s][info][gc] GC(20844) Pause Young (Allocation Failure) 14M->10M(15M) 0.165ms
[37.621s][info][gc] GC(20845) Pause Young (Allocation Failure) 14M->10M(15M) 0.143ms
[37.622s][info][gc] GC(20846) Pause Young (Allocation Failure) 14M->10M(15M) 0.163ms
[37.623s][info][gc] GC(20847) Pause Young (Allocation Failure) 14M->10M(15M) 0.145ms
[37.624s][info][gc] GC(20848) Pause Young (Allocation Failure) 14M->10M(15M) 0.192ms
[37.624s][info][gc] GC(20849) Pause Young (Allocation Failure) 14M->10M(15M) 0.170ms
[37.625s][info][gc] GC(20850) Pause Young (Allocation Failure) 14M->10M(15M) 0.182ms
[37.626s][info][gc] GC(20851) Pause Young (Allocation Failure) 14M->10M(15M) 0.177ms
[37.627s][info][gc] GC(20852) Pause Young (Allocation Failure) 14M->10M(15M) 0.207ms
[37.628s][info][gc] GC(20853) Pause Young (Allocation Failure) 15M->15M(15M) 0.025ms
[37.637s][info][gc] GC(20854) Pause Full (Allocation Failure) 15M->8M(15M) 9.129ms
[37.638s][info][gc] GC(20855) Pause Young (Allocation Failure) 12M->8M(15M) 0.195ms
[37.639s][info][gc] GC(20856) Pause Young (Allocation Failure) 13M->9M(15M) 0.211ms
[37.639s][info][gc] GC(20857) Pause Young (Allocation Failure) 13M->9M(15M) 0.183ms
[37.640s][info][gc] GC(20858) Pause Young (Allocation Failure) 13M->9M(15M) 0.191ms
[37.641s][info][gc] GC(20859) Pause Young (Allocation Failure) 13M->9M(15M) 0.184ms
[37.642s][info][gc] GC(20860) Pause Young (Allocation Failure) 13M->9M(15M) 0.182ms
[37.643s][info][gc] GC(20861) Pause Young (Allocation Failure) 13M->8M(15M) 0.171ms
[37.644s][info][gc] GC(20862) Pause Young (Allocation Failure) 13M->9M(15M) 0.184ms
[37.645s][info][gc] GC(20863) Pause Young (Allocation Failure) 13M->9M(15M) 0.172ms
[37.645s][info][gc] GC(20864) Pause Young (Allocation Failure) 13M->9M(15M) 0.197ms
[37.646s][info][gc] GC(20865) Pause Young (Allocation Failure) 13M->9M(15M) 0.218ms
[37.647s][info][gc] GC(20866) Pause Young (Allocation Failure) 13M->9M(15M) 0.187ms
[37.648s][info][gc] GC(20867) Pause Young (Allocation Failure) 13M->8M(15M) 0.166ms
[37.649s][info][gc] GC(20868) Pause Young (Allocation Failure) 13M->9M(15M) 0.202ms
[37.650s][info][gc] GC(20869) Pause Young (Allocation Failure) 13M->9M(15M) 0.181ms
[37.651s][info][gc] GC(20870) Pause Young (Allocation Failure) 13M->9M(15M) 0.189ms
[37.652s][info][gc] GC(20871) Pause Young (Allocation Failure) 14M->9M(15M) 0.177ms
[37.653s][info][gc] GC(20872) Pause Young (Allocation Failure) 13M->9M(15M) 0.176ms
[37.653s][info][gc] GC(20873) Pause Young (Allocation Failure) 13M->9M(15M) 0.196ms
[37.654s][info][gc] GC(20874) Pause Young (Allocation Failure) 14M->10M(15M) 0.218ms
[37.655s][info][gc] GC(20875) Pause Young (Allocation Failure) 14M->10M(15M) 0.177ms
[37.656s][info][gc] GC(20876) Pause Young (Allocation Failure) 14M->10M(15M) 0.176ms
[37.657s][info][gc] GC(20877) Pause Young (Allocation Failure) 14M->10M(15M) 0.178ms
[37.657s][info][gc] GC(20878) Pause Young (Allocation Failure) 14M->10M(15M) 0.205ms
[37.658s][info][gc] GC(20879) Pause Young (Allocation Failure) 15M->15M(15M) 0.025ms
[37.668s][info][gc] GC(20880) Pause Full (Allocation Failure) 15M->7M(15M) 9.547ms
[37.669s][info][gc] GC(20881) Pause Young (Allocation Failure) 12M->8M(15M) 0.237ms
[37.670s][info][gc] GC(20882) Pause Young (Allocation Failure) 12M->8M(15M) 0.229ms
[37.670s][info][gc] GC(20883) Pause Young (Allocation Failure) 13M->8M(15M) 0.182ms
[37.671s][info][gc] GC(20884) Pause Young (Allocation Failure) 13M->8M(15M) 0.165ms
[37.672s][info][gc] GC(20885) Pause Young (Allocation Failure) 12M->8M(15M) 0.166ms
[37.673s][info][gc] GC(20886) Pause Young (Allocation Failure) 12M->8M(15M) 0.168ms
[37.674s][info][gc] GC(20887) Pause Young (Allocation Failure) 12M->8M(15M) 0.162ms
[37.675s][info][gc] GC(20888) Pause Young (Allocation Failure) 12M->8M(15M) 0.181ms
[37.675s][info][gc] GC(20889) Pause Young (Allocation Failure) 13M->8M(15M) 0.179ms
[37.676s][info][gc] GC(20890) Pause Young (Allocation Failure) 13M->8M(15M) 0.183ms
[37.677s][info][gc] GC(20891) Pause Young (Allocation Failure) 13M->9M(15M) 0.190ms
[37.678s][info][gc] GC(20892) Pause Young (Allocation Failure) 13M->8M(15M) 0.166ms
[37.679s][info][gc] GC(20893) Pause Young (Allocation Failure) 12M->8M(15M) 0.172ms
[37.679s][info][gc] GC(20894) Pause Young (Allocation Failure) 13M->9M(15M) 0.196ms
[37.680s][info][gc] GC(20895) Pause Young (Allocation Failure) 13M->9M(15M) 0.196ms
[37.681s][info][gc] GC(20896) Pause Young (Allocation Failure) 13M->9M(15M) 0.175ms
[37.682s][info][gc] GC(20897) Pause Young (Allocation Failure) 13M->8M(15M) 0.151ms
[37.682s][info][gc] GC(20898) Pause Young (Allocation Failure) 13M->9M(15M) 0.186ms
[37.683s][info][gc] GC(20899) Pause Young (Allocation Failure) 13M->9M(15M) 0.172ms
[37.684s][info][gc] GC(20900) Pause Young (Allocation Failure) 14M->9M(15M) 0.169ms
[37.685s][info][gc] GC(20901) Pause Young (Allocation Failure) 13M->9M(15M) 0.179ms
[37.686s][info][gc] GC(20902) Pause Young (Allocation Failure) 13M->9M(15M) 0.179ms
[37.687s][info][gc] GC(20903) Pause Young (Allocation Failure) 13M->9M(15M) 0.173ms
[37.688s][info][gc] GC(20904) Pause Young (Allocation Failure) 13M->9M(15M) 0.190ms
[37.688s][info][gc] GC(20905) Pause Young (Allocation Failure) 14M->10M(15M) 0.201ms
[37.689s][info][gc] GC(20906) Pause Young (Allocation Failure) 14M->10M(15M) 0.185ms
[37.690s][info][gc] GC(20907) Pause Young (Allocation Failure) 14M->10M(15M) 0.170ms
[37.691s][info][gc] GC(20908) Pause Young (Allocation Failure) 14M->9M(15M) 0.161ms
[37.692s][info][gc] GC(20909) Pause Young (Allocation Failure) 14M->10M(15M) 0.195ms
[37.692s][info][gc] GC(20910) Pause Young (Allocation Failure) 14M->10M(15M) 0.205ms
[37.693s][info][gc] GC(20911) Pause Young (Allocation Failure) 14M->15M(15M) 0.346ms
[37.702s][info][gc] GC(20912) Pause Full (Allocation Failure) 15M->9M(15M) 8.772ms
[37.703s][info][gc] GC(20913) Pause Young (Allocation Failure) 13M->9M(15M) 0.222ms
[37.704s][info][gc] GC(20914) Pause Young (Allocation Failure) 13M->9M(15M) 0.208ms
[37.705s][info][gc] GC(20915) Pause Young (Allocation Failure) 14M->9M(15M) 0.166ms
[37.706s][info][gc] GC(20916) Pause Young (Allocation Failure) 13M->9M(15M) 0.186ms
[37.707s][info][gc] GC(20917) Pause Young (Allocation Failure) 14M->9M(15M) 0.170ms
[37.707s][info][gc] GC(20918) Pause Young (Allocation Failure) 13M->9M(15M) 0.183ms
[37.708s][info][gc] GC(20919) Pause Young (Allocation Failure) 14M->9M(15M) 0.171ms
[37.709s][info][gc] GC(20920) Pause Young (Allocation Failure) 13M->9M(15M) 0.161ms
[37.710s][info][gc] GC(20921) Pause Young (Allocation Failure) 13M->10M(15M) 0.169ms
[37.711s][info][gc] GC(20922) Pause Young (Allocation Failure) 14M->10M(15M) 0.176ms
[37.712s][info][gc] GC(20923) Pause Young (Allocation Failure) 14M->10M(15M) 0.196ms
[37.712s][info][gc] GC(20924) Pause Young (Allocation Failure) 14M->10M(15M) 0.132ms
[37.713s][info][gc] GC(20925) Pause Young (Allocation Failure) 14M->10M(15M) 0.169ms
[37.714s][info][gc] GC(20926) Pause Young (Allocation Failure) 14M->10M(15M) 0.194ms
[37.714s][info][gc] GC(20927) Pause Young (Allocation Failure) 15M->15M(15M) 0.025ms
[37.724s][info][gc] GC(20928) Pause Full (Allocation Failure) 15M->8M(15M) 9.134ms
[37.724s][info][gc] GC(20929) Pause Young (Allocation Failure) 13M->8M(15M) 0.182ms
[37.725s][info][gc] GC(20930) Pause Young (Allocation Failure) 13M->9M(15M) 0.203ms
[37.726s][info][gc] GC(20931) Pause Young (Allocation Failure) 13M->9M(15M) 0.198ms
[37.727s][info][gc] GC(20932) Pause Young (Allocation Failure) 14M->9M(15M) 0.169ms
[37.728s][info][gc] GC(20933) Pause Young (Allocation Failure) 13M->9M(15M) 0.172ms
[37.729s][info][gc] GC(20934) Pause Young (Allocation Failure) 13M->9M(15M) 0.197ms
[37.730s][info][gc] GC(20935) Pause Young (Allocation Failure) 14M->10M(15M) 0.216ms
[37.730s][info][gc] GC(20936) Pause Young (Allocation Failure) 14M->10M(15M) 0.170ms
[37.731s][info][gc] GC(20937) Pause Young (Allocation Failure) 14M->10M(15M) 0.192ms
[37.732s][info][gc] GC(20938) Pause Young (Allocation Failure) 15M->15M(15M) 0.025ms
[37.741s][info][gc] GC(20939) Pause Full (Allocation Failure) 15M->8M(15M) 8.756ms
[37.741s][info][gc] GC(20940) Pause Young (Allocation Failure) 12M->9M(15M) 0.171ms
[37.742s][info][gc] GC(20941) Pause Young (Allocation Failure) 13M->8M(15M) 0.172ms
[37.743s][info][gc] GC(20942) Pause Young (Allocation Failure) 13M->9M(15M) 0.194ms
[37.744s][info][gc] GC(20943) Pause Young (Allocation Failure) 13M->9M(15M) 0.189ms
[37.745s][info][gc] GC(20944) Pause Young (Allocation Failure) 13M->9M(15M) 0.204ms
[37.746s][info][gc] GC(20945) Pause Young (Allocation Failure) 13M->9M(15M) 0.169ms
[37.746s][info][gc] GC(20946) Pause Young (Allocation Failure) 13M->10M(15M) 0.217ms
[37.747s][info][gc] GC(20947) Pause Young (Allocation Failure) 14M->10M(15M) 0.195ms
[37.748s][info][gc] GC(20948) Pause Young (Allocation Failure) 14M->10M(15M) 0.195ms
[37.749s][info][gc] GC(20949) Pause Young (Allocation Failure) 14M->10M(15M) 0.182ms
[37.750s][info][gc] GC(20950) Pause Young (Allocation Failure) 14M->10M(15M) 0.176ms
[37.751s][info][gc] GC(20951) Pause Young (Allocation Failure) 14M->10M(15M) 0.180ms
[37.751s][info][gc] GC(20952) Pause Young (Allocation Failure) 14M->10M(15M) 0.184ms
[37.752s][info][gc] GC(20953) Pause Young (Allocation Failure) 14M->10M(15M) 0.173ms
[37.753s][info][gc] GC(20954) Pause Young (Allocation Failure) 14M->10M(15M) 0.186ms
[37.754s][info][gc] GC(20955) Pause Young (Allocation Failure) 14M->10M(15M) 0.131ms
[37.755s][info][gc] GC(20956) Pause Young (Allocation Failure) 14M->10M(15M) 0.201ms
[37.755s][info][gc] GC(20957) Pause Young (Allocation Failure) 15M->15M(15M) 0.025ms
[37.764s][info][gc] GC(20958) Pause Full (Allocation Failure) 15M->8M(15M) 8.980ms
[37.765s][info][gc] GC(20959) Pause Young (Allocation Failure) 12M->8M(15M) 0.225ms
[37.766s][info][gc] GC(20960) Pause Young (Allocation Failure) 13M->8M(15M) 0.204ms
[37.767s][info][gc] GC(20961) Pause Young (Allocation Failure) 13M->8M(15M) 0.177ms
[37.768s][info][gc] GC(20962) Pause Young (Allocation Failure) 12M->8M(15M) 0.192ms
[37.768s][info][gc] GC(20963) Pause Young (Allocation Failure) 13M->8M(15M) 0.173ms
[37.769s][info][gc] GC(20964) Pause Young (Allocation Failure) 13M->8M(15M) 0.173ms
[37.770s][info][gc] GC(20965) Pause Young (Allocation Failure) 13M->9M(15M) 0.189ms
[37.771s][info][gc] GC(20966) Pause Young (Allocation Failure) 13M->9M(15M) 0.185ms
[37.772s][info][gc] GC(20967) Pause Young (Allocation Failure) 13M->9M(15M) 0.209ms
[37.772s][info][gc] GC(20968) Pause Young (Allocation Failure) 13M->9M(15M) 0.173ms
[37.773s][info][gc] GC(20969) Pause Young (Allocation Failure) 13M->9M(15M) 0.183ms
[37.774s][info][gc] GC(20970) Pause Young (Allocation Failure) 13M->9M(15M) 0.164ms
[37.775s][info][gc] GC(20971) Pause Young (Allocation Failure) 13M->9M(15M) 0.190ms
[37.776s][info][gc] GC(20972) Pause Young (Allocation Failure) 13M->9M(15M) 0.188ms
[37.777s][info][gc] GC(20973) Pause Young (Allocation Failure) 13M->9M(15M) 0.182ms
[37.777s][info][gc] GC(20974) Pause Young (Allocation Failure) 13M->9M(15M) 0.179ms
[37.778s][info][gc] GC(20975) Pause Young (Allocation Failure) 13M->9M(15M) 0.174ms
[37.779s][info][gc] GC(20976) Pause Young (Allocation Failure) 13M->9M(15M) 0.176ms
[37.780s][info][gc] GC(20977) Pause Young (Allocation Failure) 13M->9M(15M) 0.182ms
[37.781s][info][gc] GC(20978) Pause Young (Allocation Failure) 13M->9M(15M) 0.208ms
[37.782s][info][gc] GC(20979) Pause Young (Allocation Failure) 14M->9M(15M) 0.169ms
[37.782s][info][gc] GC(20980) Pause Young (Allocation Failure) 13M->9M(15M) 0.177ms
[37.783s][info][gc] GC(20981) Pause Young (Allocation Failure) 14M->9M(15M) 0.174ms
[37.784s][info][gc] GC(20982) Pause Young (Allocation Failure) 14M->10M(15M) 0.148ms
[37.785s][info][gc] GC(20983) Pause Young (Allocation Failure) 14M->10M(15M) 0.220ms
[37.785s][info][gc] GC(20984) Pause Young (Allocation Failure) 15M->15M(15M) 0.025ms
[37.794s][info][gc] GC(20985) Pause Full (Allocation Failure) 15M->8M(15M) 8.820ms
[37.795s][info][gc] GC(20986) Pause Young (Allocation Failure) 12M->9M(15M) 0.219ms
[37.796s][info][gc] GC(20987) Pause Young (Allocation Failure) 13M->9M(15M) 0.197ms
[37.797s][info][gc] GC(20988) Pause Young (Allocation Failure) 13M->8M(15M) 0.176ms
[37.798s][info][gc] GC(20989) Pause Young (Allocation Failure) 13M->9M(15M) 0.186ms
[37.799s][info][gc] GC(20990) Pause Young (Allocation Failure) 13M->9M(15M) 0.208ms
[37.799s][info][gc] GC(20991) Pause Young (Allocation Failure) 13M->9M(15M) 0.193ms
[37.800s][info][gc] GC(20992) Pause Young (Allocation Failure) 14M->9M(15M) 0.171ms
[37.801s][info][gc] GC(20993) Pause Young (Allocation Failure) 13M->9M(15M) 0.175ms
[37.802s][info][gc] GC(20994) Pause Young (Allocation Failure) 13M->9M(15M) 0.169ms
[37.803s][info][gc] GC(20995) Pause Young (Allocation Failure) 13M->10M(15M) 0.203ms
[37.804s][info][gc] GC(20996) Pause Young (Allocation Failure) 14M->10M(15M) 0.224ms
[37.804s][info][gc] GC(20997) Pause Young (Allocation Failure) 14M->14M(15M) 0.025ms
[37.813s][info][gc] GC(20998) Pause Full (Allocation Failure) 14M->8M(15M) 9.168ms
[37.814s][info][gc] GC(20999) Pause Young (Allocation Failure) 12M->8M(15M) 0.196ms
[37.815s][info][gc] GC(21000) Pause Young (Allocation Failure) 13M->8M(15M) 0.186ms
[37.816s][info][gc] GC(21001) Pause Young (Allocation Failure) 13M->8M(15M) 0.168ms
[37.817s][info][gc] GC(21002) Pause Young (Allocation Failure) 13M->9M(15M) 0.167ms
[37.818s][info][gc] GC(21003) Pause Young (Allocation Failure) 13M->9M(15M) 0.212ms
[37.819s][info][gc] GC(21004) Pause Young (Allocation Failure) 13M->9M(15M) 0.179ms
[37.819s][info][gc] GC(21005) Pause Young (Allocation Failure) 13M->10M(15M) 0.168ms
[37.820s][info][gc] GC(21006) Pause Young (Allocation Failure) 14M->10M(15M) 0.223ms
[37.821s][info][gc] GC(21007) Pause Young (Allocation Failure) 15M->15M(15M) 0.025ms
[37.830s][info][gc] GC(21008) Pause Full (Allocation Failure) 15M->8M(15M) 8.968ms
[37.831s][info][gc] GC(21009) Pause Young (Allocation Failure) 12M->9M(15M) 0.216ms
[37.832s][info][gc] GC(21010) Pause Young (Allocation Failure) 13M->9M(15M) 0.189ms
[37.833s][info][gc] GC(21011) Pause Young (Allocation Failure) 13M->9M(15M) 0.196ms
[37.833s][info][gc] GC(21012) Pause Young (Allocation Failure) 13M->9M(15M) 0.194ms
[37.834s][info][gc] GC(21013) Pause Young (Allocation Failure) 13M->9M(15M) 0.197ms
[37.835s][info][gc] GC(21014) Pause Young (Allocation Failure) 14M->9M(15M) 0.192ms
[37.836s][info][gc] GC(21015) Pause Young (Allocation Failure) 14M->9M(15M) 0.181ms
[37.837s][info][gc] GC(21016) Pause Young (Allocation Failure) 14M->9M(15M) 0.178ms
[37.837s][info][gc] GC(21017) Pause Young (Allocation Failure) 14M->9M(15M) 0.181ms
[37.838s][info][gc] GC(21018) Pause Young (Allocation Failure) 14M->9M(15M) 0.180ms
[37.839s][info][gc] GC(21019) Pause Young (Allocation Failure) 14M->10M(15M) 0.204ms
[37.840s][info][gc] GC(21020) Pause Young (Allocation Failure) 14M->10M(15M) 0.185ms
[37.841s][info][gc] GC(21021) Pause Young (Allocation Failure) 14M->9M(15M) 0.164ms
[37.842s][info][gc] GC(21022) Pause Young (Allocation Failure) 14M->9M(15M) 0.164ms
[37.842s][info][gc] GC(21023) Pause Young (Allocation Failure) 14M->10M(15M) 0.197ms
[37.843s][info][gc] GC(21024) Pause Young (Allocation Failure) 14M->10M(15M) 0.165ms
[37.844s][info][gc] GC(21025) Pause Young (Allocation Failure) 14M->10M(15M) 0.172ms
[37.845s][info][gc] GC(21026) Pause Young (Allocation Failure) 14M->10M(15M) 0.206ms
[37.845s][info][gc] GC(21027) Pause Young (Allocation Failure) 15M->15M(15M) 0.025ms
[37.855s][info][gc] GC(21028) Pause Full (Allocation Failure) 15M->8M(15M) 9.207ms
[37.856s][info][gc] GC(21029) Pause Young (Allocation Failure) 12M->8M(15M) 0.195ms
[37.857s][info][gc] GC(21030) Pause Young (Allocation Failure) 12M->8M(15M) 0.186ms
[37.857s][info][gc] GC(21031) Pause Young (Allocation Failure) 12M->9M(15M) 0.207ms
[37.858s][info][gc] GC(21032) Pause Young (Allocation Failure) 13M->9M(15M) 0.207ms
[37.859s][info][gc] GC(21033) Pause Young (Allocation Failure) 13M->9M(15M) 0.171ms
[37.860s][info][gc] GC(21034) Pause Young (Allocation Failure) 13M->9M(15M) 0.183ms
[37.861s][info][gc] GC(21035) Pause Young (Allocation Failure) 13M->9M(15M) 0.207ms
[37.862s][info][gc] GC(21036) Pause Young (Allocation Failure) 14M->9M(15M) 0.187ms
[37.862s][info][gc] GC(21037) Pause Young (Allocation Failure) 14M->9M(15M) 0.173ms
[37.863s][info][gc] GC(21038) Pause Young (Allocation Failure) 14M->9M(15M) 0.168ms
[37.864s][info][gc] GC(21039) Pause Young (Allocation Failure) 13M->10M(15M) 0.190ms
[37.865s][info][gc] GC(21040) Pause Young (Allocation Failure) 14M->10M(15M) 0.215ms
[37.866s][info][gc] GC(21041) Pause Young (Allocation Failure) 14M->10M(15M) 0.180ms
[37.867s][info][gc] GC(21042) Pause Young (Allocation Failure) 14M->10M(15M) 0.186ms
[37.867s][info][gc] GC(21043) Pause Young (Allocation Failure) 14M->10M(15M) 0.145ms
[37.868s][info][gc] GC(21044) Pause Young (Allocation Failure) 14M->10M(15M) 0.185ms
[37.869s][info][gc] GC(21045) Pause Young (Allocation Failure) 14M->10M(15M) 0.167ms
[37.870s][info][gc] GC(21046) Pause Young (Allocation Failure) 14M->10M(15M) 0.183ms
[37.871s][info][gc] GC(21047) Pause Young (Allocation Failure) 14M->10M(15M) 0.189ms
[37.872s][info][gc] GC(21048) Pause Young (Allocation Failure) 15M->10M(15M) 0.182ms
[37.872s][info][gc] GC(21049) Pause Young (Allocation Failure) 15M->10M(15M) 0.175ms
[37.873s][info][gc] GC(21050) Pause Young (Allocation Failure) 14M->10M(15M) 0.180ms
[37.874s][info][gc] GC(21051) Pause Young (Allocation Failure) 15M->10M(15M) 0.177ms
[37.875s][info][gc] GC(21052) Pause Young (Allocation Failure) 15M->10M(15M) 0.165ms
[37.876s][info][gc] GC(21053) Pause Young (Allocation Failure) 14M->10M(15M) 0.182ms
[37.877s][info][gc] GC(21054) Pause Young (Allocation Failure) 15M->10M(15M) 0.163ms
[37.877s][info][gc] GC(21055) Pause Young (Allocation Failure) 14M->10M(15M) 0.171ms
[37.878s][info][gc] GC(21056) Pause Young (Allocation Failure) 14M->10M(15M) 0.179ms
[37.879s][info][gc] GC(21057) Pause Young (Allocation Failure) 15M->10M(15M) 0.176ms
[37.880s][info][gc] GC(21058) Pause Young (Allocation Failure) 15M->10M(15M) 0.205ms
[37.881s][info][gc] GC(21059) Pause Young (Allocation Failure) 15M->11M(15M) 0.196ms
[37.881s][info][gc] GC(21060) Pause Young (Allocation Failure) 15M->15M(15M) 0.025ms
[37.890s][info][gc] GC(21061) Pause Full (Allocation Failure) 15M->7M(15M) 8.721ms
[37.891s][info][gc] GC(21062) Pause Young (Allocation Failure) 12M->8M(15M) 0.248ms
[37.892s][info][gc] GC(21063) Pause Young (Allocation Failure) 12M->8M(15M) 0.176ms
[37.893s][info][gc] GC(21064) Pause Young (Allocation Failure) 12M->8M(15M) 0.170ms
[37.894s][info][gc] GC(21065) Pause Young (Allocation Failure) 13M->9M(15M) 0.186ms
[37.894s][info][gc] GC(21066) Pause Young (Allocation Failure) 13M->8M(15M) 0.169ms
[37.895s][info][gc] GC(21067) Pause Young (Allocation Failure) 13M->9M(15M) 0.190ms
[37.896s][info][gc] GC(21068) Pause Young (Allocation Failure) 13M->9M(15M) 0.176ms
[37.897s][info][gc] GC(21069) Pause Young (Allocation Failure) 13M->9M(15M) 0.171ms
[37.898s][info][gc] GC(21070) Pause Young (Allocation Failure) 13M->9M(15M) 0.189ms
[37.899s][info][gc] GC(21071) Pause Young (Allocation Failure) 13M->9M(15M) 0.187ms
[37.900s][info][gc] GC(21072) Pause Young (Allocation Failure) 13M->9M(15M) 0.194ms
[37.900s][info][gc] GC(21073) Pause Young (Allocation Failure) 14M->9M(15M) 0.173ms
[37.901s][info][gc] GC(21074) Pause Young (Allocation Failure) 13M->9M(15M) 0.180ms
[37.902s][info][gc] GC(21075) Pause Young (Allocation Failure) 14M->9M(15M) 0.164ms
[37.903s][info][gc] GC(21076) Pause Young (Allocation Failure) 13M->10M(15M) 0.212ms
[37.904s][info][gc] GC(21077) Pause Young (Allocation Failure) 14M->10M(15M) 0.197ms
[37.904s][info][gc] GC(21078) Pause Young (Allocation Failure) 14M->10M(15M) 0.186ms
[37.905s][info][gc] GC(21079) Pause Young (Allocation Failure) 14M->10M(15M) 0.194ms
[37.906s][info][gc] GC(21080) Pause Young (Allocation Failure) 15M->10M(15M) 0.180ms
[37.907s][info][gc] GC(21081) Pause Young (Allocation Failure) 14M->10M(15M) 0.164ms
[37.908s][info][gc] GC(21082) Pause Young (Allocation Failure) 14M->10M(15M) 0.195ms
[37.909s][info][gc] GC(21083) Pause Young (Allocation Failure) 15M->15M(15M) 0.025ms
[37.918s][info][gc] GC(21084) Pause Full (Allocation Failure) 15M->8M(15M) 9.121ms
[37.919s][info][gc] GC(21085) Pause Young (Allocation Failure) 12M->8M(15M) 0.202ms
[37.920s][info][gc] GC(21086) Pause Young (Allocation Failure) 12M->8M(15M) 0.221ms
[37.920s][info][gc] GC(21087) Pause Young (Allocation Failure) 13M->8M(15M) 0.182ms
[37.921s][info][gc] GC(21088) Pause Young (Allocation Failure) 13M->9M(15M) 0.195ms
[37.922s][info][gc] GC(21089) Pause Young (Allocation Failure) 13M->9M(15M) 0.177ms
[37.923s][info][gc] GC(21090) Pause Young (Allocation Failure) 13M->9M(15M) 0.198ms
[37.924s][info][gc] GC(21091) Pause Young (Allocation Failure) 13M->9M(15M) 0.166ms
[37.924s][info][gc] GC(21092) Pause Young (Allocation Failure) 13M->9M(15M) 0.169ms
[37.925s][info][gc] GC(21093) Pause Young (Allocation Failure) 13M->9M(15M) 0.175ms
[37.926s][info][gc] GC(21094) Pause Young (Allocation Failure) 13M->9M(15M) 0.169ms
[37.927s][info][gc] GC(21095) Pause Young (Allocation Failure) 13M->9M(15M) 0.174ms
[37.928s][info][gc] GC(21096) Pause Young (Allocation Failure) 13M->9M(15M) 0.196ms
[37.929s][info][gc] GC(21097) Pause Young (Allocation Failure) 14M->9M(15M) 0.161ms
[37.929s][info][gc] GC(21098) Pause Young (Allocation Failure) 13M->10M(15M) 0.227ms
[37.930s][info][gc] GC(21099) Pause Young (Allocation Failure) 14M->11M(15M) 0.225ms
[37.931s][info][gc] GC(21100) Pause Young (Allocation Failure) 15M->15M(15M) 0.025ms
[37.940s][info][gc] GC(21101) Pause Full (Allocation Failure) 15M->7M(15M) 8.833ms
[37.941s][info][gc] GC(21102) Pause Young (Allocation Failure) 12M->8M(15M) 0.198ms
[37.941s][info][gc] GC(21103) Pause Young (Allocation Failure) 12M->8M(15M) 0.208ms
[37.942s][info][gc] GC(21104) Pause Young (Allocation Failure) 12M->8M(15M) 0.176ms
[37.943s][info][gc] GC(21105) Pause Young (Allocation Failure) 12M->8M(15M) 0.202ms
[37.944s][info][gc] GC(21106) Pause Young (Allocation Failure) 13M->8M(15M) 0.163ms
[37.945s][info][gc] GC(21107) Pause Young (Allocation Failure) 12M->9M(15M) 0.187ms
[37.946s][info][gc] GC(21108) Pause Young (Allocation Failure) 13M->9M(15M) 0.241ms
[37.947s][info][gc] GC(21109) Pause Young (Allocation Failure) 14M->9M(15M) 0.176ms
[37.947s][info][gc] GC(21110) Pause Young (Allocation Failure) 13M->10M(15M) 0.208ms
[37.948s][info][gc] GC(21111) Pause Young (Allocation Failure) 14M->10M(15M) 0.182ms
[37.949s][info][gc] GC(21112) Pause Young (Allocation Failure) 14M->10M(15M) 0.198ms
[37.950s][info][gc] GC(21113) Pause Young (Allocation Failure) 14M->14M(15M) 0.025ms
[37.959s][info][gc] GC(21114) Pause Full (Allocation Failure) 14M->7M(15M) 9.152ms
[37.960s][info][gc] GC(21115) Pause Young (Allocation Failure) 12M->8M(15M) 0.243ms
[37.961s][info][gc] GC(21116) Pause Young (Allocation Failure) 12M->8M(15M) 0.166ms
[37.962s][info][gc] GC(21117) Pause Young (Allocation Failure) 13M->8M(15M) 0.182ms
[37.962s][info][gc] GC(21118) Pause Young (Allocation Failure) 13M->8M(15M) 0.168ms
[37.963s][info][gc] GC(21119) Pause Young (Allocation Failure) 12M->8M(15M) 0.176ms
[37.964s][info][gc] GC(21120) Pause Young (Allocation Failure) 12M->9M(15M) 0.207ms
[37.965s][info][gc] GC(21121) Pause Young (Allocation Failure) 13M->9M(15M) 0.137ms
[37.966s][info][gc] GC(21122) Pause Young (Allocation Failure) 13M->9M(15M) 0.187ms
[37.966s][info][gc] GC(21123) Pause Young (Allocation Failure) 13M->9M(15M) 0.197ms
[37.967s][info][gc] GC(21124) Pause Young (Allocation Failure) 13M->9M(15M) 0.219ms
[37.968s][info][gc] GC(21125) Pause Young (Allocation Failure) 14M->9M(15M) 0.176ms
[37.969s][info][gc] GC(21126) Pause Young (Allocation Failure) 14M->9M(15M) 0.169ms
[37.970s][info][gc] GC(21127) Pause Young (Allocation Failure) 13M->9M(15M) 0.173ms
[37.971s][info][gc] GC(21128) Pause Young (Allocation Failure) 14M->9M(15M) 0.192ms
[37.971s][info][gc] GC(21129) Pause Young (Allocation Failure) 14M->10M(15M) 0.212ms
[37.972s][info][gc] GC(21130) Pause Young (Allocation Failure) 14M->10M(15M) 0.168ms
[37.973s][info][gc] GC(21131) Pause Young (Allocation Failure) 14M->10M(15M) 0.183ms
[37.974s][info][gc] GC(21132) Pause Young (Allocation Failure) 14M->10M(15M) 0.177ms
[37.975s][info][gc] GC(21133) Pause Young (Allocation Failure) 14M->10M(15M) 0.179ms
[37.976s][info][gc] GC(21134) Pause Young (Allocation Failure) 14M->10M(15M) 0.167ms
[37.976s][info][gc] GC(21135) Pause Young (Allocation Failure) 14M->10M(15M) 0.189ms
[37.977s][info][gc] GC(21136) Pause Young (Allocation Failure) 14M->10M(15M) 0.139ms
[37.978s][info][gc] GC(21137) Pause Young (Allocation Failure) 14M->10M(15M) 0.163ms
[37.979s][info][gc] GC(21138) Pause Young (Allocation Failure) 14M->10M(15M) 0.176ms
[37.980s][info][gc] GC(21139) Pause Young (Allocation Failure) 14M->10M(15M) 0.172ms
[37.981s][info][gc] GC(21140) Pause Young (Allocation Failure) 14M->10M(15M) 0.165ms
[37.981s][info][gc] GC(21141) Pause Young (Allocation Failure) 14M->10M(15M) 0.193ms
[37.982s][info][gc] GC(21142) Pause Young (Allocation Failure) 14M->10M(15M) 0.179ms
[37.983s][info][gc] GC(21143) Pause Young (Allocation Failure) 14M->10M(15M) 0.190ms
[37.984s][info][gc] GC(21144) Pause Young (Allocation Failure) 15M->10M(15M) 0.157ms
[37.985s][info][gc] GC(21145) Pause Young (Allocation Failure) 15M->10M(15M) 0.179ms
[37.986s][info][gc] GC(21146) Pause Young (Allocation Failure) 15M->10M(15M) 0.193ms
[37.986s][info][gc] GC(21147) Pause Young (Allocation Failure) 15M->15M(15M) 0.025ms
[37.995s][info][gc] GC(21148) Pause Full (Allocation Failure) 15M->8M(15M) 8.796ms
[37.996s][info][gc] GC(21149) Pause Young (Allocation Failure) 12M->9M(15M) 0.148ms
[37.997s][info][gc] GC(21150) Pause Young (Allocation Failure) 13M->8M(15M) 0.171ms
[37.998s][info][gc] GC(21151) Pause Young (Allocation Failure) 13M->8M(15M) 0.165ms
[37.999s][info][gc] GC(21152) Pause Young (Allocation Failure) 13M->9M(15M) 0.204ms
[37.999s][info][gc] GC(21153) Pause Young (Allocation Failure) 13M->9M(15M) 0.176ms
[38.000s][info][gc] GC(21154) Pause Young (Allocation Failure) 13M->9M(15M) 0.181ms
[38.001s][info][gc] GC(21155) Pause Young (Allocation Failure) 13M->9M(15M) 0.200ms
[38.002s][info][gc] GC(21156) Pause Young (Allocation Failure) 13M->9M(15M) 0.180ms
[38.003s][info][gc] GC(21157) Pause Young (Allocation Failure) 13M->10M(15M) 0.223ms
[38.004s][info][gc] GC(21158) Pause Young (Allocation Failure) 14M->10M(15M) 0.172ms
[38.005s][info][gc] GC(21159) Pause Young (Allocation Failure) 14M->10M(15M) 0.170ms
[38.005s][info][gc] GC(21160) Pause Young (Allocation Failure) 14M->10M(15M) 0.212ms
[38.006s][info][gc] GC(21161) Pause Young (Allocation Failure) 15M->15M(15M) 0.025ms
[38.015s][info][gc] GC(21162) Pause Full (Allocation Failure) 15M->8M(15M) 9.221ms
[38.016s][info][gc] GC(21163) Pause Young (Allocation Failure) 12M->9M(15M) 0.271ms
[38.017s][info][gc] GC(21164) Pause Young (Allocation Failure) 13M->9M(15M) 0.207ms
[38.018s][info][gc] GC(21165) Pause Young (Allocation Failure) 13M->9M(15M) 0.199ms
[38.019s][info][gc] GC(21166) Pause Young (Allocation Failure) 14M->9M(15M) 0.174ms
[38.019s][info][gc] GC(21167) Pause Young (Allocation Failure) 13M->9M(15M) 0.177ms
[38.020s][info][gc] GC(21168) Pause Young (Allocation Failure) 13M->9M(15M) 0.180ms
[38.021s][info][gc] GC(21169) Pause Young (Allocation Failure) 13M->9M(15M) 0.174ms
[38.022s][info][gc] GC(21170) Pause Young (Allocation Failure) 13M->9M(15M) 0.194ms
[38.023s][info][gc] GC(21171) Pause Young (Allocation Failure) 14M->10M(15M) 0.189ms
[38.024s][info][gc] GC(21172) Pause Young (Allocation Failure) 14M->10M(15M) 0.185ms
[38.025s][info][gc] GC(21173) Pause Young (Allocation Failure) 14M->9M(15M) 0.178ms
[38.025s][info][gc] GC(21174) Pause Young (Allocation Failure) 14M->10M(15M) 0.203ms
[38.026s][info][gc] GC(21175) Pause Young (Allocation Failure) 14M->9M(15M) 0.172ms
[38.027s][info][gc] GC(21176) Pause Young (Allocation Failure) 14M->10M(15M) 0.198ms
[38.028s][info][gc] GC(21177) Pause Young (Allocation Failure) 14M->10M(15M) 0.176ms
[38.029s][info][gc] GC(21178) Pause Young (Allocation Failure) 14M->10M(15M) 0.169ms
[38.029s][info][gc] GC(21179) Pause Young (Allocation Failure) 14M->10M(15M) 0.187ms
[38.030s][info][gc] GC(21180) Pause Young (Allocation Failure) 14M->10M(15M) 0.189ms
[38.031s][info][gc] GC(21181) Pause Young (Allocation Failure) 14M->15M(15M) 0.348ms
[38.041s][info][gc] GC(21182) Pause Full (Allocation Failure) 15M->9M(15M) 9.341ms
[38.041s][info][gc] GC(21183) Pause Young (Allocation Failure) 13M->9M(15M) 0.233ms
[38.042s][info][gc] GC(21184) Pause Young (Allocation Failure) 14M->9M(15M) 0.172ms
[38.043s][info][gc] GC(21185) Pause Young (Allocation Failure) 13M->9M(15M) 0.165ms
[38.044s][info][gc] GC(21186) Pause Young (Allocation Failure) 13M->9M(15M) 0.162ms
[38.045s][info][gc] GC(21187) Pause Young (Allocation Failure) 13M->9M(15M) 0.177ms
[38.046s][info][gc] GC(21188) Pause Young (Allocation Failure) 14M->10M(15M) 0.192ms
[38.047s][info][gc] GC(21189) Pause Young (Allocation Failure) 14M->10M(15M) 0.227ms
[38.047s][info][gc] GC(21190) Pause Young (Allocation Failure) 15M->15M(15M) 0.025ms
[38.056s][info][gc] GC(21191) Pause Full (Allocation Failure) 15M->7M(15M) 9.025ms
[38.057s][info][gc] GC(21192) Pause Young (Allocation Failure) 12M->8M(15M) 0.193ms
[38.058s][info][gc] GC(21193) Pause Young (Allocation Failure) 12M->8M(15M) 0.177ms
[38.059s][info][gc] GC(21194) Pause Young (Allocation Failure) 12M->8M(15M) 0.178ms
[38.060s][info][gc] GC(21195) Pause Young (Allocation Failure) 12M->8M(15M) 0.170ms
[38.061s][info][gc] GC(21196) Pause Young (Allocation Failure) 12M->8M(15M) 0.178ms
[38.061s][info][gc] GC(21197) Pause Young (Allocation Failure) 12M->8M(15M) 0.216ms
[38.062s][info][gc] GC(21198) Pause Young (Allocation Failure) 13M->8M(15M) 0.180ms
[38.063s][info][gc] GC(21199) Pause Young (Allocation Failure) 13M->8M(15M) 0.179ms
[38.064s][info][gc] GC(21200) Pause Young (Allocation Failure) 13M->9M(15M) 0.193ms
[38.065s][info][gc] GC(21201) Pause Young (Allocation Failure) 13M->9M(15M) 0.195ms
[38.066s][info][gc] GC(21202) Pause Young (Allocation Failure) 13M->9M(15M) 0.199ms
[38.066s][info][gc] GC(21203) Pause Young (Allocation Failure) 13M->9M(15M) 0.178ms
[38.067s][info][gc] GC(21204) Pause Young (Allocation Failure) 13M->9M(15M) 0.232ms
[38.068s][info][gc] GC(21205) Pause Young (Allocation Failure) 14M->9M(15M) 0.183ms
[38.069s][info][gc] GC(21206) Pause Young (Allocation Failure) 14M->10M(15M) 0.194ms
[38.070s][info][gc] GC(21207) Pause Young (Allocation Failure) 14M->9M(15M) 0.170ms
[38.071s][info][gc] GC(21208) Pause Young (Allocation Failure) 14M->9M(15M) 0.169ms
[38.071s][info][gc] GC(21209) Pause Young (Allocation Failure) 14M->10M(15M) 0.187ms
[38.072s][info][gc] GC(21210) Pause Young (Allocation Failure) 14M->10M(15M) 0.196ms
[38.073s][info][gc] GC(21211) Pause Young (Allocation Failure) 14M->10M(15M) 0.179ms
[38.074s][info][gc] GC(21212) Pause Young (Allocation Failure) 14M->10M(15M) 0.177ms
[38.075s][info][gc] GC(21213) Pause Young (Allocation Failure) 14M->10M(15M) 0.185ms
[38.076s][info][gc] GC(21214) Pause Young (Allocation Failure) 14M->9M(15M) 0.163ms
[38.076s][info][gc] GC(21215) Pause Young (Allocation Failure) 14M->10M(15M) 0.166ms
[38.077s][info][gc] GC(21216) Pause Young (Allocation Failure) 14M->10M(15M) 0.182ms
[38.078s][info][gc] GC(21217) Pause Young (Allocation Failure) 14M->10M(15M) 0.181ms
[38.079s][info][gc] GC(21218) Pause Young (Allocation Failure) 14M->10M(15M) 0.191ms
[38.080s][info][gc] GC(21219) Pause Young (Allocation Failure) 14M->10M(15M) 0.198ms
[38.081s][info][gc] GC(21220) Pause Young (Allocation Failure) 14M->10M(15M) 0.171ms
[38.081s][info][gc] GC(21221) Pause Young (Allocation Failure) 14M->10M(15M) 0.192ms
[38.082s][info][gc] GC(21222) Pause Young (Allocation Failure) 15M->10M(15M) 0.163ms
[38.083s][info][gc] GC(21223) Pause Young (Allocation Failure) 15M->15M(15M) 0.025ms
[38.092s][info][gc] GC(21224) Pause Full (Allocation Failure) 15M->8M(15M) 9.409ms
[38.093s][info][gc] GC(21225) Pause Young (Allocation Failure) 12M->9M(15M) 0.255ms
[38.094s][info][gc] GC(21226) Pause Young (Allocation Failure) 13M->9M(15M) 0.233ms
[38.095s][info][gc] GC(21227) Pause Young (Allocation Failure) 14M->9M(15M) 0.195ms
[38.096s][info][gc] GC(21228) Pause Young (Allocation Failure) 14M->10M(15M) 0.198ms
[38.097s][info][gc] GC(21229) Pause Young (Allocation Failure) 14M->9M(15M) 0.170ms
[38.098s][info][gc] GC(21230) Pause Young (Allocation Failure) 14M->9M(15M) 0.167ms
[38.099s][info][gc] GC(21231) Pause Young (Allocation Failure) 14M->10M(15M) 0.183ms
[38.099s][info][gc] GC(21232) Pause Young (Allocation Failure) 14M->10M(15M) 0.180ms
[38.100s][info][gc] GC(21233) Pause Young (Allocation Failure) 14M->9M(15M) 0.176ms
[38.101s][info][gc] GC(21234) Pause Young (Allocation Failure) 14M->10M(15M) 0.183ms
[38.102s][info][gc] GC(21235) Pause Young (Allocation Failure) 14M->10M(15M) 0.140ms
[38.103s][info][gc] GC(21236) Pause Young (Allocation Failure) 14M->10M(15M) 0.201ms
[38.104s][info][gc] GC(21237) Pause Young (Allocation Failure) 14M->10M(15M) 0.187ms
[38.104s][info][gc] GC(21238) Pause Young (Allocation Failure) 14M->11M(15M) 0.214ms
[38.105s][info][gc] GC(21239) Pause Young (Allocation Failure) 15M->15M(15M) 0.025ms
[38.114s][info][gc] GC(21240) Pause Full (Allocation Failure) 15M->8M(15M) 8.815ms
[38.115s][info][gc] GC(21241) Pause Young (Allocation Failure) 12M->8M(15M) 0.174ms
[38.116s][info][gc] GC(21242) Pause Young (Allocation Failure) 12M->8M(15M) 0.175ms
[38.116s][info][gc] GC(21243) Pause Young (Allocation Failure) 13M->9M(15M) 0.230ms
[38.117s][info][gc] GC(21244) Pause Young (Allocation Failure) 13M->9M(15M) 0.175ms
[38.118s][info][gc] GC(21245) Pause Young (Allocation Failure) 13M->9M(15M) 0.167ms
[38.119s][info][gc] GC(21246) Pause Young (Allocation Failure) 13M->9M(15M) 0.164ms
[38.120s][info][gc] GC(21247) Pause Young (Allocation Failure) 13M->9M(15M) 0.176ms
[38.121s][info][gc] GC(21248) Pause Young (Allocation Failure) 13M->9M(15M) 0.180ms
[38.122s][info][gc] GC(21249) Pause Young (Allocation Failure) 13M->9M(15M) 0.170ms
[38.122s][info][gc] GC(21250) Pause Young (Allocation Failure) 13M->9M(15M) 0.181ms
[38.123s][info][gc] GC(21251) Pause Young (Allocation Failure) 13M->9M(15M) 0.169ms
[38.124s][info][gc] GC(21252) Pause Young (Allocation Failure) 13M->9M(15M) 0.178ms
[38.125s][info][gc] GC(21253) Pause Young (Allocation Failure) 13M->9M(15M) 0.205ms
[38.126s][info][gc] GC(21254) Pause Young (Allocation Failure) 14M->9M(15M) 0.177ms
[38.126s][info][gc] GC(21255) Pause Young (Allocation Failure) 14M->9M(15M) 0.174ms
[38.127s][info][gc] GC(21256) Pause Young (Allocation Failure) 14M->9M(15M) 0.173ms
[38.128s][info][gc] GC(21257) Pause Young (Allocation Failure) 14M->9M(15M) 0.177ms
[38.129s][info][gc] GC(21258) Pause Young (Allocation Failure) 14M->10M(15M) 0.183ms
[38.130s][info][gc] GC(21259) Pause Young (Allocation Failure) 14M->10M(15M) 0.171ms
[38.130s][info][gc] GC(21260) Pause Young (Allocation Failure) 14M->10M(15M) 0.199ms
[38.131s][info][gc] GC(21261) Pause Young (Allocation Failure) 15M->15M(15M) 0.025ms
[38.140s][info][gc] GC(21262) Pause Full (Allocation Failure) 15M->8M(15M) 9.039ms
[38.141s][info][gc] GC(21263) Pause Young (Allocation Failure) 13M->9M(15M) 0.248ms
[38.142s][info][gc] GC(21264) Pause Young (Allocation Failure) 13M->9M(15M) 0.198ms
[38.143s][info][gc] GC(21265) Pause Young (Allocation Failure) 13M->9M(15M) 0.175ms
[38.144s][info][gc] GC(21266) Pause Young (Allocation Failure) 13M->9M(15M) 0.171ms
[38.145s][info][gc] GC(21267) Pause Young (Allocation Failure) 13M->9M(15M) 0.178ms
[38.146s][info][gc] GC(21268) Pause Young (Allocation Failure) 13M->9M(15M) 0.198ms
[38.146s][info][gc] GC(21269) Pause Young (Allocation Failure) 14M->9M(15M) 0.185ms
[38.147s][info][gc] GC(21270) Pause Young (Allocation Failure) 14M->10M(15M) 0.151ms
[38.148s][info][gc] GC(21271) Pause Young (Allocation Failure) 14M->9M(15M) 0.171ms
[38.149s][info][gc] GC(21272) Pause Young (Allocation Failure) 14M->9M(15M) 0.173ms
[38.150s][info][gc] GC(21273) Pause Young (Allocation Failure) 14M->10M(15M) 0.192ms
[38.151s][info][gc] GC(21274) Pause Young (Allocation Failure) 14M->10M(15M) 0.195ms
[38.151s][info][gc] GC(21275) Pause Young (Allocation Failure) 14M->10M(15M) 0.178ms
[38.152s][info][gc] GC(21276) Pause Young (Allocation Failure) 14M->10M(15M) 0.168ms
[38.153s][info][gc] GC(21277) Pause Young (Allocation Failure) 14M->10M(15M) 0.182ms
[38.154s][info][gc] GC(21278) Pause Young (Allocation Failure) 14M->10M(15M) 0.172ms
[38.155s][info][gc] GC(21279) Pause Young (Allocation Failure) 14M->10M(15M) 0.192ms
[38.155s][info][gc] GC(21280) Pause Young (Allocation Failure) 14M->10M(15M) 0.181ms
[38.156s][info][gc] GC(21281) Pause Young (Allocation Failure) 14M->10M(15M) 0.169ms
[38.157s][info][gc] GC(21282) Pause Young (Allocation Failure) 14M->10M(15M) 0.165ms
[38.158s][info][gc] GC(21283) Pause Young (Allocation Failure) 14M->10M(15M) 0.187ms
[38.159s][info][gc] GC(21284) Pause Young (Allocation Failure) 15M->10M(15M) 0.189ms
[38.160s][info][gc] GC(21285) Pause Young (Allocation Failure) 15M->10M(15M) 0.180ms
[38.160s][info][gc] GC(21286) Pause Young (Allocation Failure) 14M->10M(15M) 0.168ms
[38.161s][info][gc] GC(21287) Pause Young (Allocation Failure) 15M->10M(15M) 0.177ms
[38.162s][info][gc] GC(21288) Pause Young (Allocation Failure) 15M->10M(15M) 0.177ms
[38.163s][info][gc] GC(21289) Pause Young (Allocation Failure) 15M->10M(15M) 0.162ms
[38.164s][info][gc] GC(21290) Pause Young (Allocation Failure) 14M->10M(15M) 0.159ms
[38.164s][info][gc] GC(21291) Pause Young (Allocation Failure) 14M->10M(15M) 0.181ms
[38.165s][info][gc] GC(21292) Pause Young (Allocation Failure) 15M->10M(15M) 0.196ms
[38.166s][info][gc] GC(21293) Pause Young (Allocation Failure) 15M->10M(15M) 0.167ms
[38.167s][info][gc] GC(21294) Pause Young (Allocation Failure) 14M->15M(15M) 0.287ms
[38.176s][info][gc] GC(21295) Pause Full (Allocation Failure) 15M->8M(15M) 9.340ms
[38.177s][info][gc] GC(21296) Pause Young (Allocation Failure) 12M->8M(15M) 0.192ms
[38.178s][info][gc] GC(21297) Pause Young (Allocation Failure) 12M->9M(15M) 0.202ms
[38.179s][info][gc] GC(21298) Pause Young (Allocation Failure) 13M->9M(15M) 0.198ms
[38.180s][info][gc] GC(21299) Pause Young (Allocation Failure) 13M->9M(15M) 0.176ms
[38.181s][info][gc] GC(21300) Pause Young (Allocation Failure) 13M->8M(15M) 0.170ms
[38.182s][info][gc] GC(21301) Pause Young (Allocation Failure) 13M->8M(15M) 0.165ms
[38.182s][info][gc] GC(21302) Pause Young (Allocation Failure) 13M->9M(15M) 0.177ms
[38.183s][info][gc] GC(21303) Pause Young (Allocation Failure) 13M->8M(15M) 0.172ms
[38.184s][info][gc] GC(21304) Pause Young (Allocation Failure) 13M->9M(15M) 0.154ms
[38.185s][info][gc] GC(21305) Pause Young (Allocation Failure) 13M->9M(15M) 0.169ms
[38.185s][info][gc] GC(21306) Pause Young (Allocation Failure) 13M->8M(15M) 0.162ms
[38.186s][info][gc] GC(21307) Pause Young (Allocation Failure) 13M->9M(15M) 0.196ms
[38.187s][info][gc] GC(21308) Pause Young (Allocation Failure) 13M->9M(15M) 0.144ms
[38.188s][info][gc] GC(21309) Pause Young (Allocation Failure) 13M->9M(15M) 0.165ms
[38.189s][info][gc] GC(21310) Pause Young (Allocation Failure) 13M->9M(15M) 0.171ms
[38.190s][info][gc] GC(21311) Pause Young (Allocation Failure) 13M->9M(15M) 0.165ms
[38.190s][info][gc] GC(21312) Pause Young (Allocation Failure) 13M->9M(15M) 0.182ms
[38.191s][info][gc] GC(21313) Pause Young (Allocation Failure) 13M->9M(15M) 0.185ms
[38.192s][info][gc] GC(21314) Pause Young (Allocation Failure) 13M->9M(15M) 0.170ms
[38.193s][info][gc] GC(21315) Pause Young (Allocation Failure) 13M->9M(15M) 0.182ms
[38.194s][info][gc] GC(21316) Pause Young (Allocation Failure) 13M->9M(15M) 0.165ms
[38.194s][info][gc] GC(21317) Pause Young (Allocation Failure) 13M->9M(15M) 0.189ms
[38.195s][info][gc] GC(21318) Pause Young (Allocation Failure) 13M->9M(15M) 0.165ms
[38.196s][info][gc] GC(21319) Pause Young (Allocation Failure) 13M->9M(15M) 0.186ms
[38.197s][info][gc] GC(21320) Pause Young (Allocation Failure) 14M->9M(15M) 0.174ms
[38.198s][info][gc] GC(21321) Pause Young (Allocation Failure) 13M->9M(15M) 0.176ms
[38.199s][info][gc] GC(21322) Pause Young (Allocation Failure) 13M->9M(15M) 0.177ms
[38.199s][info][gc] GC(21323) Pause Young (Allocation Failure) 13M->9M(15M) 0.182ms
[38.200s][info][gc] GC(21324) Pause Young (Allocation Failure) 14M->9M(15M) 0.167ms
[38.201s][info][gc] GC(21325) Pause Young (Allocation Failure) 13M->9M(15M) 0.163ms
[38.202s][info][gc] GC(21326) Pause Young (Allocation Failure) 13M->10M(15M) 0.207ms
[38.203s][info][gc] GC(21327) Pause Young (Allocation Failure) 14M->10M(15M) 0.195ms
[38.204s][info][gc] GC(21328) Pause Young (Allocation Failure) 14M->10M(15M) 0.196ms
[38.204s][info][gc] GC(21329) Pause Young (Allocation Failure) 14M->10M(15M) 0.167ms
[38.205s][info][gc] GC(21330) Pause Young (Allocation Failure) 14M->10M(15M) 0.168ms
[38.206s][info][gc] GC(21331) Pause Young (Allocation Failure) 15M->10M(15M) 0.139ms
[38.207s][info][gc] GC(21332) Pause Young (Allocation Failure) 15M->15M(15M) 0.025ms
[38.216s][info][gc] GC(21333) Pause Full (Allocation Failure) 15M->8M(15M) 9.324ms
[38.217s][info][gc] GC(21334) Pause Young (Allocation Failure) 12M->8M(15M) 0.197ms
[38.218s][info][gc] GC(21335) Pause Young (Allocation Failure) 13M->8M(15M) 0.178ms
[38.218s][info][gc] GC(21336) Pause Young (Allocation Failure) 13M->9M(15M) 0.217ms
[38.219s][info][gc] GC(21337) Pause Young (Allocation Failure) 13M->10M(15M) 0.220ms
[38.220s][info][gc] GC(21338) Pause Young (Allocation Failure) 14M->9M(15M) 0.176ms
[38.221s][info][gc] GC(21339) Pause Young (Allocation Failure) 14M->10M(15M) 0.184ms
[38.222s][info][gc] GC(21340) Pause Young (Allocation Failure) 14M->10M(15M) 0.181ms
[38.223s][info][gc] GC(21341) Pause Young (Allocation Failure) 14M->9M(15M) 0.166ms
[38.223s][info][gc] GC(21342) Pause Young (Allocation Failure) 14M->9M(15M) 0.177ms
[38.224s][info][gc] GC(21343) Pause Young (Allocation Failure) 14M->9M(15M) 0.173ms
[38.225s][info][gc] GC(21344) Pause Young (Allocation Failure) 14M->9M(15M) 0.181ms
[38.226s][info][gc] GC(21345) Pause Young (Allocation Failure) 14M->9M(15M) 0.179ms
[38.227s][info][gc] GC(21346) Pause Young (Allocation Failure) 14M->9M(15M) 0.173ms
[38.227s][info][gc] GC(21347) Pause Young (Allocation Failure) 14M->9M(15M) 0.170ms
[38.228s][info][gc] GC(21348) Pause Young (Allocation Failure) 14M->9M(15M) 0.170ms
[38.229s][info][gc] GC(21349) Pause Young (Allocation Failure) 14M->9M(15M) 0.165ms
[38.230s][info][gc] GC(21350) Pause Young (Allocation Failure) 14M->9M(15M) 0.174ms
[38.231s][info][gc] GC(21351) Pause Young (Allocation Failure) 14M->9M(15M) 0.179ms
[38.231s][info][gc] GC(21352) Pause Young (Allocation Failure) 14M->10M(15M) 0.184ms
[38.232s][info][gc] GC(21353) Pause Young (Allocation Failure) 14M->10M(15M) 0.186ms
[38.233s][info][gc] GC(21354) Pause Young (Allocation Failure) 14M->10M(15M) 0.195ms
[38.234s][info][gc] GC(21355) Pause Young (Allocation Failure) 15M->10M(15M) 0.178ms
[38.235s][info][gc] GC(21356) Pause Young (Allocation Failure) 14M->10M(15M) 0.165ms
[38.236s][info][gc] GC(21357) Pause Young (Allocation Failure) 14M->10M(15M) 0.174ms
[38.236s][info][gc] GC(21358) Pause Young (Allocation Failure) 14M->10M(15M) 0.176ms
[38.237s][info][gc] GC(21359) Pause Young (Allocation Failure) 14M->10M(15M) 0.170ms
[38.238s][info][gc] GC(21360) Pause Young (Allocation Failure) 15M->15M(15M) 0.025ms
[38.247s][info][gc] GC(21361) Pause Full (Allocation Failure) 15M->8M(15M) 9.057ms
[38.248s][info][gc] GC(21362) Pause Young (Allocation Failure) 12M->8M(15M) 0.218ms
[38.249s][info][gc] GC(21363) Pause Young (Allocation Failure) 12M->8M(15M) 0.210ms
[38.249s][info][gc] GC(21364) Pause Young (Allocation Failure) 13M->8M(15M) 0.185ms
[38.250s][info][gc] GC(21365) Pause Young (Allocation Failure) 13M->8M(15M) 0.179ms
[38.251s][info][gc] GC(21366) Pause Young (Allocation Failure) 13M->8M(15M) 0.182ms
[38.252s][info][gc] GC(21367) Pause Young (Allocation Failure) 13M->9M(15M) 0.190ms
[38.253s][info][gc] GC(21368) Pause Young (Allocation Failure) 13M->8M(15M) 0.177ms
[38.254s][info][gc] GC(21369) Pause Young (Allocation Failure) 13M->9M(15M) 0.188ms
[38.254s][info][gc] GC(21370) Pause Young (Allocation Failure) 13M->8M(15M) 0.178ms
[38.255s][info][gc] GC(21371) Pause Young (Allocation Failure) 13M->9M(15M) 0.201ms
[38.256s][info][gc] GC(21372) Pause Young (Allocation Failure) 13M->9M(15M) 0.172ms
[38.257s][info][gc] GC(21373) Pause Young (Allocation Failure) 13M->9M(15M) 0.168ms
[38.258s][info][gc] GC(21374) Pause Young (Allocation Failure) 13M->9M(15M) 0.176ms
[38.259s][info][gc] GC(21375) Pause Young (Allocation Failure) 13M->9M(15M) 0.194ms
[38.260s][info][gc] GC(21376) Pause Young (Allocation Failure) 13M->9M(15M) 0.170ms
[38.260s][info][gc] GC(21377) Pause Young (Allocation Failure) 13M->9M(15M) 0.162ms
[38.261s][info][gc] GC(21378) Pause Young (Allocation Failure) 13M->10M(15M) 0.212ms
[38.262s][info][gc] GC(21379) Pause Young (Allocation Failure) 14M->10M(15M) 0.181ms
[38.263s][info][gc] GC(21380) Pause Young (Allocation Failure) 14M->10M(15M) 0.151ms
[38.264s][info][gc] GC(21381) Pause Young (Allocation Failure) 14M->9M(15M) 0.165ms
[38.265s][info][gc] GC(21382) Pause Young (Allocation Failure) 14M->10M(15M) 0.205ms
[38.265s][info][gc] GC(21383) Pause Young (Allocation Failure) 14M->10M(15M) 0.183ms
[38.266s][info][gc] GC(21384) Pause Young (Allocation Failure) 14M->10M(15M) 0.181ms
[38.267s][info][gc] GC(21385) Pause Young (Allocation Failure) 14M->10M(15M) 0.196ms
[38.268s][info][gc] GC(21386) Pause Young (Allocation Failure) 15M->15M(15M) 0.025ms
[38.277s][info][gc] GC(21387) Pause Full (Allocation Failure) 15M->9M(15M) 9.353ms
[38.278s][info][gc] GC(21388) Pause Young (Allocation Failure) 13M->9M(15M) 0.225ms
[38.279s][info][gc] GC(21389) Pause Young (Allocation Failure) 14M->9M(15M) 0.211ms
[38.280s][info][gc] GC(21390) Pause Young (Allocation Failure) 14M->9M(15M) 0.177ms
[38.281s][info][gc] GC(21391) Pause Young (Allocation Failure) 13M->10M(15M) 0.207ms
[38.282s][info][gc] GC(21392) Pause Young (Allocation Failure) 14M->10M(15M) 0.184ms
[38.282s][info][gc] GC(21393) Pause Young (Allocation Failure) 14M->10M(15M) 0.182ms
[38.283s][info][gc] GC(21394) Pause Young (Allocation Failure) 14M->10M(15M) 0.175ms
[38.284s][info][gc] GC(21395) Pause Young (Allocation Failure) 14M->10M(15M) 0.177ms
[38.285s][info][gc] GC(21396) Pause Young (Allocation Failure) 14M->9M(15M) 0.170ms
[38.286s][info][gc] GC(21397) Pause Young (Allocation Failure) 14M->10M(15M) 0.214ms
[38.287s][info][gc] GC(21398) Pause Young (Allocation Failure) 15M->10M(15M) 0.174ms
[38.288s][info][gc] GC(21399) Pause Young (Allocation Failure) 14M->10M(15M) 0.170ms
[38.289s][info][gc] GC(21400) Pause Young (Allocation Failure) 14M->10M(15M) 0.154ms
[38.290s][info][gc] GC(21401) Pause Young (Allocation Failure) 14M->10M(15M) 0.189ms
[38.290s][info][gc] GC(21402) Pause Young (Allocation Failure) 15M->15M(15M) 0.019ms
[38.299s][info][gc] GC(21403) Pause Full (Allocation Failure) 15M->8M(15M) 8.997ms
[38.300s][info][gc] GC(21404) Pause Young (Allocation Failure) 13M->9M(15M) 0.229ms
[38.301s][info][gc] GC(21405) Pause Young (Allocation Failure) 13M->9M(15M) 0.235ms
[38.302s][info][gc] GC(21406) Pause Young (Allocation Failure) 14M->9M(15M) 0.170ms
[38.303s][info][gc] GC(21407) Pause Young (Allocation Failure) 13M->9M(15M) 0.179ms
[38.304s][info][gc] GC(21408) Pause Young (Allocation Failure) 14M->9M(15M) 0.194ms
[38.305s][info][gc] GC(21409) Pause Young (Allocation Failure) 14M->9M(15M) 0.174ms
[38.305s][info][gc] GC(21410) Pause Young (Allocation Failure) 14M->10M(15M) 0.203ms
[38.306s][info][gc] GC(21411) Pause Young (Allocation Failure) 14M->10M(15M) 0.178ms
[38.307s][info][gc] GC(21412) Pause Young (Allocation Failure) 14M->10M(15M) 0.171ms
[38.308s][info][gc] GC(21413) Pause Young (Allocation Failure) 14M->9M(15M) 0.164ms
[38.308s][info][gc] GC(21414) Pause Young (Allocation Failure) 14M->10M(15M) 0.197ms
[38.309s][info][gc] GC(21415) Pause Young (Allocation Failure) 14M->10M(15M) 0.208ms
[38.310s][info][gc] GC(21416) Pause Young (Allocation Failure) 15M->15M(15M) 0.025ms
[38.319s][info][gc] GC(21417) Pause Full (Allocation Failure) 15M->7M(15M) 9.269ms
[38.320s][info][gc] GC(21418) Pause Young (Allocation Failure) 12M->8M(15M) 0.222ms
[38.321s][info][gc] GC(21419) Pause Young (Allocation Failure) 12M->8M(15M) 0.190ms
[38.322s][info][gc] GC(21420) Pause Young (Allocation Failure) 12M->8M(15M) 0.170ms
[38.323s][info][gc] GC(21421) Pause Young (Allocation Failure) 12M->8M(15M) 0.173ms
[38.324s][info][gc] GC(21422) Pause Young (Allocation Failure) 12M->8M(15M) 0.183ms
[38.324s][info][gc] GC(21423) Pause Young (Allocation Failure) 12M->8M(15M) 0.170ms
[38.325s][info][gc] GC(21424) Pause Young (Allocation Failure) 12M->8M(15M) 0.214ms
[38.326s][info][gc] GC(21425) Pause Young (Allocation Failure) 13M->8M(15M) 0.177ms
[38.327s][info][gc] GC(21426) Pause Young (Allocation Failure) 13M->9M(15M) 0.192ms
[38.328s][info][gc] GC(21427) Pause Young (Allocation Failure) 13M->8M(15M) 0.174ms
[38.329s][info][gc] GC(21428) Pause Young (Allocation Failure) 13M->9M(15M) 0.146ms
[38.329s][info][gc] GC(21429) Pause Young (Allocation Failure) 13M->9M(15M) 0.218ms
[38.330s][info][gc] GC(21430) Pause Young (Allocation Failure) 14M->9M(15M) 0.175ms
[38.331s][info][gc] GC(21431) Pause Young (Allocation Failure) 13M->9M(15M) 0.170ms
[38.332s][info][gc] GC(21432) Pause Young (Allocation Failure) 14M->9M(15M) 0.183ms
[38.333s][info][gc] GC(21433) Pause Young (Allocation Failure) 14M->10M(15M) 0.205ms
[38.333s][info][gc] GC(21434) Pause Young (Allocation Failure) 14M->9M(15M) 0.176ms
[38.334s][info][gc] GC(21435) Pause Young (Allocation Failure) 14M->10M(15M) 0.200ms
[38.335s][info][gc] GC(21436) Pause Young (Allocation Failure) 14M->10M(15M) 0.193ms
[38.336s][info][gc] GC(21437) Pause Young (Allocation Failure) 14M->9M(15M) 0.204ms
[38.337s][info][gc] GC(21438) Pause Young (Allocation Failure) 14M->10M(15M) 0.170ms
[38.338s][info][gc] GC(21439) Pause Young (Allocation Failure) 14M->10M(15M) 0.186ms
[38.339s][info][gc] GC(21440) Pause Young (Allocation Failure) 14M->10M(15M) 0.191ms
[38.340s][info][gc] GC(21441) Pause Young (Allocation Failure) 14M->10M(15M) 0.159ms
[38.340s][info][gc] GC(21442) Pause Young (Allocation Failure) 14M->10M(15M) 0.155ms
[38.341s][info][gc] GC(21443) Pause Young (Allocation Failure) 14M->10M(15M) 0.175ms
[38.342s][info][gc] GC(21444) Pause Young (Allocation Failure) 14M->10M(15M) 0.184ms
[38.343s][info][gc] GC(21445) Pause Young (Allocation Failure) 15M->15M(15M) 0.019ms
[38.352s][info][gc] GC(21446) Pause Full (Allocation Failure) 15M->8M(15M) 9.090ms
[38.353s][info][gc] GC(21447) Pause Young (Allocation Failure) 12M->8M(15M) 0.179ms
[38.353s][info][gc] GC(21448) Pause Young (Allocation Failure) 12M->9M(15M) 0.226ms
[38.354s][info][gc] GC(21449) Pause Young (Allocation Failure) 13M->9M(15M) 0.186ms
[38.355s][info][gc] GC(21450) Pause Young (Allocation Failure) 13M->9M(15M) 0.176ms
[38.356s][info][gc] GC(21451) Pause Young (Allocation Failure) 13M->9M(15M) 0.204ms
[38.357s][info][gc] GC(21452) Pause Young (Allocation Failure) 13M->9M(15M) 0.185ms
[38.358s][info][gc] GC(21453) Pause Young (Allocation Failure) 13M->9M(15M) 0.168ms
[38.359s][info][gc] GC(21454) Pause Young (Allocation Failure) 13M->9M(15M) 0.168ms
[38.359s][info][gc] GC(21455) Pause Young (Allocation Failure) 13M->9M(15M) 0.161ms
[38.360s][info][gc] GC(21456) Pause Young (Allocation Failure) 13M->9M(15M) 0.175ms
[38.361s][info][gc] GC(21457) Pause Young (Allocation Failure) 13M->9M(15M) 0.169ms
[38.362s][info][gc] GC(21458) Pause Young (Allocation Failure) 13M->10M(15M) 0.211ms
[38.363s][info][gc] GC(21459) Pause Young (Allocation Failure) 14M->10M(15M) 0.187ms
[38.364s][info][gc] GC(21460) Pause Young (Allocation Failure) 14M->10M(15M) 0.176ms
[38.364s][info][gc] GC(21461) Pause Young (Allocation Failure) 14M->10M(15M) 0.169ms
[38.365s][info][gc] GC(21462) Pause Young (Allocation Failure) 14M->10M(15M) 0.176ms
[38.366s][info][gc] GC(21463) Pause Young (Allocation Failure) 14M->10M(15M) 0.181ms
[38.367s][info][gc] GC(21464) Pause Young (Allocation Failure) 14M->10M(15M) 0.175ms
[38.368s][info][gc] GC(21465) Pause Young (Allocation Failure) 14M->10M(15M) 0.175ms
[38.369s][info][gc] GC(21466) Pause Young (Allocation Failure) 14M->10M(15M) 0.195ms
[38.369s][info][gc] GC(21467) Pause Young (Allocation Failure) 14M->10M(15M) 0.179ms
[38.370s][info][gc] GC(21468) Pause Young (Allocation Failure) 14M->10M(15M) 0.195ms
[38.371s][info][gc] GC(21469) Pause Young (Allocation Failure) 14M->10M(15M) 0.163ms
[38.372s][info][gc] GC(21470) Pause Young (Allocation Failure) 14M->10M(15M) 0.164ms
[38.373s][info][gc] GC(21471) Pause Young (Allocation Failure) 14M->10M(15M) 0.210ms
[38.373s][info][gc] GC(21472) Pause Young (Allocation Failure) 15M->15M(15M) 0.026ms
[38.382s][info][gc] GC(21473) Pause Full (Allocation Failure) 15M->8M(15M) 8.867ms
[38.383s][info][gc] GC(21474) Pause Young (Allocation Failure) 12M->8M(15M) 0.172ms
[38.384s][info][gc] GC(21475) Pause Young (Allocation Failure) 12M->8M(15M) 0.178ms
[38.385s][info][gc] GC(21476) Pause Young (Allocation Failure) 12M->8M(15M) 0.167ms
[38.385s][info][gc] GC(21477) Pause Young (Allocation Failure) 12M->8M(15M) 0.178ms
[38.386s][info][gc] GC(21478) Pause Young (Allocation Failure) 12M->8M(15M) 0.167ms
[38.387s][info][gc] GC(21479) Pause Young (Allocation Failure) 12M->8M(15M) 0.164ms
[38.388s][info][gc] GC(21480) Pause Young (Allocation Failure) 13M->9M(15M) 0.231ms
[38.389s][info][gc] GC(21481) Pause Young (Allocation Failure) 13M->9M(15M) 0.168ms
[38.389s][info][gc] GC(21482) Pause Young (Allocation Failure) 13M->9M(15M) 0.158ms
[38.390s][info][gc] GC(21483) Pause Young (Allocation Failure) 14M->9M(15M) 0.190ms
[38.391s][info][gc] GC(21484) Pause Young (Allocation Failure) 14M->10M(15M) 0.201ms
[38.392s][info][gc] GC(21485) Pause Young (Allocation Failure) 14M->10M(15M) 0.170ms
[38.393s][info][gc] GC(21486) Pause Young (Allocation Failure) 14M->10M(15M) 0.186ms
[38.393s][info][gc] GC(21487) Pause Young (Allocation Failure) 14M->10M(15M) 0.193ms
[38.394s][info][gc] GC(21488) Pause Young (Allocation Failure) 14M->10M(15M) 0.212ms
[38.395s][info][gc] GC(21489) Pause Young (Allocation Failure) 15M->15M(15M) 0.025ms
[38.404s][info][gc] GC(21490) Pause Full (Allocation Failure) 15M->7M(15M) 9.121ms
[38.405s][info][gc] GC(21491) Pause Young (Allocation Failure) 12M->8M(15M) 0.187ms
[38.406s][info][gc] GC(21492) Pause Young (Allocation Failure) 12M->8M(15M) 0.201ms
[38.407s][info][gc] GC(21493) Pause Young (Allocation Failure) 12M->8M(15M) 0.167ms
[38.408s][info][gc] GC(21494) Pause Young (Allocation Failure) 12M->8M(15M) 0.177ms
[38.408s][info][gc] GC(21495) Pause Young (Allocation Failure) 12M->8M(15M) 0.189ms
[38.409s][info][gc] GC(21496) Pause Young (Allocation Failure) 12M->8M(15M) 0.167ms
[38.410s][info][gc] GC(21497) Pause Young (Allocation Failure) 12M->8M(15M) 0.180ms
[38.411s][info][gc] GC(21498) Pause Young (Allocation Failure) 12M->8M(15M) 0.169ms
[38.412s][info][gc] GC(21499) Pause Young (Allocation Failure) 12M->8M(15M) 0.202ms
[38.413s][info][gc] GC(21500) Pause Young (Allocation Failure) 13M->8M(15M) 0.181ms
[38.413s][info][gc] GC(21501) Pause Young (Allocation Failure) 12M->8M(15M) 0.186ms
[38.414s][info][gc] GC(21502) Pause Young (Allocation Failure) 12M->8M(15M) 0.182ms
[38.415s][info][gc] GC(21503) Pause Young (Allocation Failure) 12M->8M(15M) 0.194ms
[38.416s][info][gc] GC(21504) Pause Young (Allocation Failure) 13M->8M(15M) 0.179ms
[38.417s][info][gc] GC(21505) Pause Young (Allocation Failure) 12M->8M(15M) 0.183ms
[38.418s][info][gc] GC(21506) Pause Young (Allocation Failure) 13M->9M(15M) 0.200ms
[38.418s][info][gc] GC(21507) Pause Young (Allocation Failure) 13M->9M(15M) 0.183ms
[38.419s][info][gc] GC(21508) Pause Young (Allocation Failure) 13M->9M(15M) 0.195ms
[38.420s][info][gc] GC(21509) Pause Young (Allocation Failure) 13M->8M(15M) 0.167ms
[38.421s][info][gc] GC(21510) Pause Young (Allocation Failure) 13M->9M(15M) 0.174ms
[38.422s][info][gc] GC(21511) Pause Young (Allocation Failure) 13M->9M(15M) 0.171ms
[38.423s][info][gc] GC(21512) Pause Young (Allocation Failure) 13M->9M(15M) 0.181ms
[38.423s][info][gc] GC(21513) Pause Young (Allocation Failure) 13M->9M(15M) 0.182ms
[38.424s][info][gc] GC(21514) Pause Young (Allocation Failure) 13M->9M(15M) 0.132ms
[38.425s][info][gc] GC(21515) Pause Young (Allocation Failure) 13M->9M(15M) 0.175ms
[38.426s][info][gc] GC(21516) Pause Young (Allocation Failure) 13M->9M(15M) 0.206ms
[38.426s][info][gc] GC(21517) Pause Young (Allocation Failure) 14M->9M(15M) 0.183ms
[38.427s][info][gc] GC(21518) Pause Young (Allocation Failure) 13M->9M(15M) 0.188ms
[38.428s][info][gc] GC(21519) Pause Young (Allocation Failure) 14M->9M(15M) 0.164ms
[38.429s][info][gc] GC(21520) Pause Young (Allocation Failure) 13M->9M(15M) 0.190ms
[38.430s][info][gc] GC(21521) Pause Young (Allocation Failure) 14M->9M(15M) 0.171ms
[38.431s][info][gc] GC(21522) Pause Young (Allocation Failure) 14M->9M(15M) 0.182ms
[38.431s][info][gc] GC(21523) Pause Young (Allocation Failure) 14M->9M(15M) 0.175ms
[38.432s][info][gc] GC(21524) Pause Young (Allocation Failure) 14M->9M(15M) 0.175ms
[38.433s][info][gc] GC(21525) Pause Young (Allocation Failure) 14M->9M(15M) 0.171ms
[38.434s][info][gc] GC(21526) Pause Young (Allocation Failure) 14M->9M(15M) 0.165ms
[38.435s][info][gc] GC(21527) Pause Young (Allocation Failure) 13M->10M(15M) 0.191ms
[38.435s][info][gc] GC(21528) Pause Young (Allocation Failure) 14M->10M(15M) 0.197ms
[38.436s][info][gc] GC(21529) Pause Young (Allocation Failure) 14M->9M(15M) 0.167ms
[38.437s][info][gc] GC(21530) Pause Young (Allocation Failure) 14M->10M(15M) 0.185ms
[38.438s][info][gc] GC(21531) Pause Young (Allocation Failure) 14M->9M(15M) 0.161ms
[38.439s][info][gc] GC(21532) Pause Young (Allocation Failure) 14M->10M(15M) 0.175ms
[38.439s][info][gc] GC(21533) Pause Young (Allocation Failure) 14M->9M(15M) 0.179ms
[38.440s][info][gc] GC(21534) Pause Young (Allocation Failure) 14M->9M(15M) 0.173ms
[38.441s][info][gc] GC(21535) Pause Young (Allocation Failure) 14M->9M(15M) 0.166ms
[38.442s][info][gc] GC(21536) Pause Young (Allocation Failure) 14M->9M(15M) 0.158ms
[38.443s][info][gc] GC(21537) Pause Young (Allocation Failure) 14M->10M(15M) 0.203ms
[38.444s][info][gc] GC(21538) Pause Young (Allocation Failure) 14M->10M(15M) 0.179ms
[38.444s][info][gc] GC(21539) Pause Young (Allocation Failure) 14M->10M(15M) 0.189ms
[38.445s][info][gc] GC(21540) Pause Young (Allocation Failure) 15M->10M(15M) 0.163ms
[38.446s][info][gc] GC(21541) Pause Young (Allocation Failure) 14M->10M(15M) 0.176ms
[38.447s][info][gc] GC(21542) Pause Young (Allocation Failure) 14M->10M(15M) 0.199ms
[38.448s][info][gc] GC(21543) Pause Young (Allocation Failure) 15M->15M(15M) 0.025ms
[38.457s][info][gc] GC(21544) Pause Full (Allocation Failure) 15M->8M(15M) 9.360ms
[38.458s][info][gc] GC(21545) Pause Young (Allocation Failure) 12M->9M(15M) 0.248ms
[38.459s][info][gc] GC(21546) Pause Young (Allocation Failure) 13M->9M(15M) 0.198ms
[38.460s][info][gc] GC(21547) Pause Young (Allocation Failure) 13M->8M(15M) 0.164ms
[38.461s][info][gc] GC(21548) Pause Young (Allocation Failure) 13M->9M(15M) 0.198ms
[38.461s][info][gc] GC(21549) Pause Young (Allocation Failure) 13M->9M(15M) 0.184ms
[38.462s][info][gc] GC(21550) Pause Young (Allocation Failure) 13M->9M(15M) 0.195ms
[38.463s][info][gc] GC(21551) Pause Young (Allocation Failure) 14M->9M(15M) 0.165ms
[38.464s][info][gc] GC(21552) Pause Young (Allocation Failure) 13M->9M(15M) 0.171ms
[38.465s][info][gc] GC(21553) Pause Young (Allocation Failure) 13M->9M(15M) 0.183ms
[38.466s][info][gc] GC(21554) Pause Young (Allocation Failure) 14M->9M(15M) 0.175ms
[38.466s][info][gc] GC(21555) Pause Young (Allocation Failure) 14M->9M(15M) 0.178ms
[38.467s][info][gc] GC(21556) Pause Young (Allocation Failure) 14M->9M(15M) 0.168ms
[38.468s][info][gc] GC(21557) Pause Young (Allocation Failure) 13M->9M(15M) 0.190ms
[38.469s][info][gc] GC(21558) Pause Young (Allocation Failure) 14M->10M(15M) 0.215ms
[38.470s][info][gc] GC(21559) Pause Young (Allocation Failure) 14M->9M(15M) 0.182ms
[38.471s][info][gc] GC(21560) Pause Young (Allocation Failure) 14M->9M(15M) 0.181ms
[38.472s][info][gc] GC(21561) Pause Young (Allocation Failure) 14M->10M(15M) 0.197ms
[38.472s][info][gc] GC(21562) Pause Young (Allocation Failure) 14M->10M(15M) 0.216ms
[38.473s][info][gc] GC(21563) Pause Young (Allocation Failure) 14M->10M(15M) 0.192ms
[38.474s][info][gc] GC(21564) Pause Young (Allocation Failure) 14M->10M(15M) 0.189ms
[38.475s][info][gc] GC(21565) Pause Young (Allocation Failure) 15M->10M(15M) 0.180ms
[38.476s][info][gc] GC(21566) Pause Young (Allocation Failure) 14M->10M(15M) 0.169ms
[38.477s][info][gc] GC(21567) Pause Young (Allocation Failure) 14M->10M(15M) 0.168ms
[38.478s][info][gc] GC(21568) Pause Young (Allocation Failure) 14M->10M(15M) 0.178ms
[38.479s][info][gc] GC(21569) Pause Young (Allocation Failure) 14M->10M(15M) 0.183ms
[38.480s][info][gc] GC(21570) Pause Young (Allocation Failure) 14M->10M(15M) 0.170ms
[38.481s][info][gc] GC(21571) Pause Young (Allocation Failure) 14M->10M(15M) 0.186ms
[38.481s][info][gc] GC(21572) Pause Young (Allocation Failure) 15M->10M(15M) 0.192ms
[38.482s][info][gc] GC(21573) Pause Young (Allocation Failure) 15M->10M(15M) 0.186ms
[38.483s][info][gc] GC(21574) Pause Young (Allocation Failure) 14M->10M(15M) 0.166ms
[38.484s][info][gc] GC(21575) Pause Young (Allocation Failure) 14M->10M(15M) 0.147ms
[38.485s][info][gc] GC(21576) Pause Young (Allocation Failure) 15M->10M(15M) 0.179ms
[38.486s][info][gc] GC(21577) Pause Young (Allocation Failure) 14M->10M(15M) 0.192ms
[38.487s][info][gc] GC(21578) Pause Young (Allocation Failure) 15M->10M(15M) 0.178ms
[38.487s][info][gc] GC(21579) Pause Young (Allocation Failure) 14M->11M(15M) 0.176ms
[38.488s][info][gc] GC(21580) Pause Young (Allocation Failure) 15M->15M(15M) 0.025ms
[38.498s][info][gc] GC(21581) Pause Full (Allocation Failure) 15M->9M(15M) 9.684ms
[38.499s][info][gc] GC(21582) Pause Young (Allocation Failure) 13M->9M(15M) 0.244ms
[38.500s][info][gc] GC(21583) Pause Young (Allocation Failure) 14M->9M(15M) 0.228ms
[38.501s][info][gc] GC(21584) Pause Young (Allocation Failure) 14M->9M(15M) 0.183ms
[38.502s][info][gc] GC(21585) Pause Young (Allocation Failure) 13M->9M(15M) 0.182ms
[38.503s][info][gc] GC(21586) Pause Young (Allocation Failure) 13M->10M(15M) 0.217ms
[38.503s][info][gc] GC(21587) Pause Young (Allocation Failure) 14M->9M(15M) 0.171ms
[38.504s][info][gc] GC(21588) Pause Young (Allocation Failure) 14M->10M(15M) 0.191ms
[38.505s][info][gc] GC(21589) Pause Young (Allocation Failure) 14M->10M(15M) 0.210ms
[38.506s][info][gc] GC(21590) Pause Young (Allocation Failure) 15M->10M(15M) 0.181ms
[38.507s][info][gc] GC(21591) Pause Young (Allocation Failure) 14M->10M(15M) 0.171ms
[38.507s][info][gc] GC(21592) Pause Young (Allocation Failure) 14M->10M(15M) 0.187ms
[38.508s][info][gc] GC(21593) Pause Young (Allocation Failure) 15M->15M(15M) 0.332ms
[38.518s][info][gc] GC(21594) Pause Full (Allocation Failure) 15M->9M(15M) 9.469ms
[38.519s][info][gc] GC(21595) Pause Young (Allocation Failure) 13M->9M(15M) 0.225ms
[38.520s][info][gc] GC(21596) Pause Young (Allocation Failure) 14M->9M(15M) 0.181ms
[38.521s][info][gc] GC(21597) Pause Young (Allocation Failure) 13M->9M(15M) 0.192ms
[38.521s][info][gc] GC(21598) Pause Young (Allocation Failure) 14M->10M(15M) 0.195ms
[38.522s][info][gc] GC(21599) Pause Young (Allocation Failure) 14M->10M(15M) 0.191ms
[38.523s][info][gc] GC(21600) Pause Young (Allocation Failure) 14M->10M(15M) 0.178ms
[38.524s][info][gc] GC(21601) Pause Young (Allocation Failure) 14M->10M(15M) 0.195ms
[38.525s][info][gc] GC(21602) Pause Young (Allocation Failure) 14M->10M(15M) 0.162ms
[38.525s][info][gc] GC(21603) Pause Young (Allocation Failure) 14M->10M(15M) 0.174ms
[38.526s][info][gc] GC(21604) Pause Young (Allocation Failure) 14M->11M(15M) 0.208ms
[38.527s][info][gc] GC(21605) Pause Young (Allocation Failure) 15M->15M(15M) 0.025ms
[38.536s][info][gc] GC(21606) Pause Full (Allocation Failure) 15M->8M(15M) 9.283ms
[38.537s][info][gc] GC(21607) Pause Young (Allocation Failure) 12M->8M(15M) 0.211ms
[38.538s][info][gc] GC(21608) Pause Young (Allocation Failure) 13M->8M(15M) 0.182ms
[38.539s][info][gc] GC(21609) Pause Young (Allocation Failure) 12M->8M(15M) 0.182ms
[38.540s][info][gc] GC(21610) Pause Young (Allocation Failure) 13M->8M(15M) 0.166ms
[38.540s][info][gc] GC(21611) Pause Young (Allocation Failure) 12M->8M(15M) 0.186ms
[38.541s][info][gc] GC(21612) Pause Young (Allocation Failure) 13M->8M(15M) 0.163ms
[38.542s][info][gc] GC(21613) Pause Young (Allocation Failure) 12M->8M(15M) 0.174ms
[38.543s][info][gc] GC(21614) Pause Young (Allocation Failure) 13M->8M(15M) 0.188ms
[38.544s][info][gc] GC(21615) Pause Young (Allocation Failure) 13M->9M(15M) 0.168ms
[38.545s][info][gc] GC(21616) Pause Young (Allocation Failure) 13M->8M(15M) 0.170ms
[38.546s][info][gc] GC(21617) Pause Young (Allocation Failure) 13M->8M(15M) 0.173ms
[38.546s][info][gc] GC(21618) Pause Young (Allocation Failure) 13M->8M(15M) 0.166ms
[38.547s][info][gc] GC(21619) Pause Young (Allocation Failure) 13M->8M(15M) 0.165ms
[38.548s][info][gc] GC(21620) Pause Young (Allocation Failure) 13M->8M(15M) 0.164ms
[38.549s][info][gc] GC(21621) Pause Young (Allocation Failure) 13M->8M(15M) 0.164ms
[38.550s][info][gc] GC(21622) Pause Young (Allocation Failure) 13M->8M(15M) 0.176ms
[38.551s][info][gc] GC(21623) Pause Young (Allocation Failure) 13M->8M(15M) 0.174ms
[38.551s][info][gc] GC(21624) Pause Young (Allocation Failure) 13M->8M(15M) 0.168ms
[38.552s][info][gc] GC(21625) Pause Young (Allocation Failure) 13M->8M(15M) 0.175ms
[38.553s][info][gc] GC(21626) Pause Young (Allocation Failure) 13M->9M(15M) 0.190ms
[38.554s][info][gc] GC(21627) Pause Young (Allocation Failure) 13M->9M(15M) 0.180ms
[38.555s][info][gc] GC(21628) Pause Young (Allocation Failure) 13M->9M(15M) 0.176ms
[38.555s][info][gc] GC(21629) Pause Young (Allocation Failure) 13M->9M(15M) 0.191ms
[38.556s][info][gc] GC(21630) Pause Young (Allocation Failure) 13M->9M(15M) 0.222ms
[38.557s][info][gc] GC(21631) Pause Young (Allocation Failure) 14M->9M(15M) 0.171ms
[38.558s][info][gc] GC(21632) Pause Young (Allocation Failure) 14M->9M(15M) 0.167ms
[38.559s][info][gc] GC(21633) Pause Young (Allocation Failure) 13M->9M(15M) 0.171ms
[38.559s][info][gc] GC(21634) Pause Young (Allocation Failure) 13M->10M(15M) 0.197ms
[38.560s][info][gc] GC(21635) Pause Young (Allocation Failure) 14M->10M(15M) 0.206ms
[38.561s][info][gc] GC(21636) Pause Young (Allocation Failure) 14M->10M(15M) 0.184ms
[38.562s][info][gc] GC(21637) Pause Young (Allocation Failure) 14M->10M(15M) 0.180ms
[38.563s][info][gc] GC(21638) Pause Young (Allocation Failure) 14M->10M(15M) 0.179ms
[38.563s][info][gc] GC(21639) Pause Young (Allocation Failure) 14M->10M(15M) 0.202ms
[38.564s][info][gc] GC(21640) Pause Young (Allocation Failure) 14M->10M(15M) 0.173ms
[38.565s][info][gc] GC(21641) Pause Young (Allocation Failure) 14M->10M(15M) 0.175ms
[38.566s][info][gc] GC(21642) Pause Young (Allocation Failure) 14M->10M(15M) 0.189ms
[38.566s][info][gc] GC(21643) Pause Young (Allocation Failure) 14M->10M(15M) 0.187ms
[38.567s][info][gc] GC(21644) Pause Young (Allocation Failure) 14M->10M(15M) 0.188ms
[38.568s][info][gc] GC(21645) Pause Young (Allocation Failure) 14M->11M(15M) 0.219ms
[38.569s][info][gc] GC(21646) Pause Young (Allocation Failure) 15M->15M(15M) 0.025ms
[38.578s][info][gc] GC(21647) Pause Full (Allocation Failure) 15M->9M(15M) 9.258ms
[38.579s][info][gc] GC(21648) Pause Young (Allocation Failure) 13M->9M(15M) 0.215ms
[38.580s][info][gc] GC(21649) Pause Young (Allocation Failure) 13M->9M(15M) 0.183ms
[38.581s][info][gc] GC(21650) Pause Young (Allocation Failure) 13M->9M(15M) 0.180ms
[38.582s][info][gc] GC(21651) Pause Young (Allocation Failure) 13M->9M(15M) 0.196ms
[38.582s][info][gc] GC(21652) Pause Young (Allocation Failure) 13M->10M(15M) 0.214ms
[38.583s][info][gc] GC(21653) Pause Young (Allocation Failure) 14M->10M(15M) 0.202ms
[38.584s][info][gc] GC(21654) Pause Young (Allocation Failure) 14M->10M(15M) 0.172ms
[38.585s][info][gc] GC(21655) Pause Young (Allocation Failure) 14M->10M(15M) 0.165ms
[38.586s][info][gc] GC(21656) Pause Young (Allocation Failure) 14M->10M(15M) 0.165ms
[38.586s][info][gc] GC(21657) Pause Young (Allocation Failure) 14M->11M(15M) 0.222ms
[38.587s][info][gc] GC(21658) Pause Young (Allocation Failure) 15M->15M(15M) 0.027ms
[38.596s][info][gc] GC(21659) Pause Full (Allocation Failure) 15M->8M(15M) 8.997ms
[38.597s][info][gc] GC(21660) Pause Young (Allocation Failure) 13M->9M(15M) 0.244ms
[38.598s][info][gc] GC(21661) Pause Young (Allocation Failure) 14M->10M(15M) 0.216ms
[38.599s][info][gc] GC(21662) Pause Young (Allocation Failure) 14M->9M(15M) 0.166ms
[38.599s][info][gc] GC(21663) Pause Young (Allocation Failure) 14M->9M(15M) 0.182ms
[38.600s][info][gc] GC(21664) Pause Young (Allocation Failure) 14M->10M(15M) 0.189ms
[38.601s][info][gc] GC(21665) Pause Young (Allocation Failure) 14M->10M(15M) 0.199ms
[38.602s][info][gc] GC(21666) Pause Young (Allocation Failure) 14M->10M(15M) 0.184ms
[38.603s][info][gc] GC(21667) Pause Young (Allocation Failure) 14M->9M(15M) 0.164ms
[38.604s][info][gc] GC(21668) Pause Young (Allocation Failure) 14M->10M(15M) 0.214ms
[38.604s][info][gc] GC(21669) Pause Young (Allocation Failure) 15M->15M(15M) 0.025ms
[38.614s][info][gc] GC(21670) Pause Full (Allocation Failure) 15M->8M(15M) 9.377ms
[38.615s][info][gc] GC(21671) Pause Young (Allocation Failure) 12M->8M(15M) 0.178ms
[38.616s][info][gc] GC(21672) Pause Young (Allocation Failure) 12M->9M(15M) 0.217ms
[38.616s][info][gc] GC(21673) Pause Young (Allocation Failure) 13M->9M(15M) 0.179ms
[38.617s][info][gc] GC(21674) Pause Young (Allocation Failure) 13M->8M(15M) 0.163ms
[38.618s][info][gc] GC(21675) Pause Young (Allocation Failure) 13M->9M(15M) 0.178ms
[38.619s][info][gc] GC(21676) Pause Young (Allocation Failure) 13M->9M(15M) 0.181ms
[38.620s][info][gc] GC(21677) Pause Young (Allocation Failure) 13M->8M(15M) 0.167ms
[38.620s][info][gc] GC(21678) Pause Young (Allocation Failure) 13M->9M(15M) 0.192ms
[38.621s][info][gc] GC(21679) Pause Young (Allocation Failure) 13M->9M(15M) 0.208ms
[38.622s][info][gc] GC(21680) Pause Young (Allocation Failure) 14M->9M(15M) 0.189ms
[38.623s][info][gc] GC(21681) Pause Young (Allocation Failure) 14M->9M(15M) 0.179ms
[38.624s][info][gc] GC(21682) Pause Young (Allocation Failure) 14M->9M(15M) 0.170ms
[38.624s][info][gc] GC(21683) Pause Young (Allocation Failure) 13M->9M(15M) 0.168ms
[38.625s][info][gc] GC(21684) Pause Young (Allocation Failure) 13M->10M(15M) 0.202ms
[38.626s][info][gc] GC(21685) Pause Young (Allocation Failure) 14M->10M(15M) 0.192ms
[38.627s][info][gc] GC(21686) Pause Young (Allocation Failure) 14M->10M(15M) 0.176ms
[38.628s][info][gc] GC(21687) Pause Young (Allocation Failure) 14M->9M(15M) 0.148ms
[38.628s][info][gc] GC(21688) Pause Young (Allocation Failure) 14M->10M(15M) 0.155ms
[38.629s][info][gc] GC(21689) Pause Young (Allocation Failure) 14M->10M(15M) 0.162ms
[38.630s][info][gc] GC(21690) Pause Young (Allocation Failure) 14M->9M(15M) 0.146ms
[38.631s][info][gc] GC(21691) Pause Young (Allocation Failure) 14M->10M(15M) 0.155ms
[38.632s][info][gc] GC(21692) Pause Young (Allocation Failure) 14M->10M(15M) 0.150ms
[38.632s][info][gc] GC(21693) Pause Young (Allocation Failure) 14M->10M(15M) 0.163ms
[38.633s][info][gc] GC(21694) Pause Young (Allocation Failure) 14M->10M(15M) 0.178ms
[38.634s][info][gc] GC(21695) Pause Young (Allocation Failure) 15M->15M(15M) 0.019ms
[38.643s][info][gc] GC(21696) Pause Full (Allocation Failure) 15M->8M(15M) 9.155ms
[38.644s][info][gc] GC(21697) Pause Young (Allocation Failure) 12M->9M(15M) 0.246ms
[38.645s][info][gc] GC(21698) Pause Young (Allocation Failure) 13M->9M(15M) 0.211ms
[38.646s][info][gc] GC(21699) Pause Young (Allocation Failure) 13M->9M(15M) 0.193ms
[38.646s][info][gc] GC(21700) Pause Young (Allocation Failure) 13M->9M(15M) 0.189ms
[38.647s][info][gc] GC(21701) Pause Young (Allocation Failure) 14M->9M(15M) 0.179ms
[38.648s][info][gc] GC(21702) Pause Young (Allocation Failure) 13M->9M(15M) 0.176ms
[38.649s][info][gc] GC(21703) Pause Young (Allocation Failure) 13M->9M(15M) 0.169ms
[38.650s][info][gc] GC(21704) Pause Young (Allocation Failure) 13M->9M(15M) 0.179ms
[38.651s][info][gc] GC(21705) Pause Young (Allocation Failure) 14M->9M(15M) 0.176ms
[38.651s][info][gc] GC(21706) Pause Young (Allocation Failure) 13M->9M(15M) 0.188ms
[38.652s][info][gc] GC(21707) Pause Young (Allocation Failure) 14M->10M(15M) 0.199ms
[38.653s][info][gc] GC(21708) Pause Young (Allocation Failure) 14M->10M(15M) 0.197ms
[38.654s][info][gc] GC(21709) Pause Young (Allocation Failure) 14M->10M(15M) 0.190ms
[38.655s][info][gc] GC(21710) Pause Young (Allocation Failure) 14M->10M(15M) 0.164ms
[38.656s][info][gc] GC(21711) Pause Young (Allocation Failure) 14M->10M(15M) 0.172ms
[38.656s][info][gc] GC(21712) Pause Young (Allocation Failure) 14M->10M(15M) 0.201ms
[38.657s][info][gc] GC(21713) Pause Young (Allocation Failure) 15M->10M(15M) 0.171ms
[38.658s][info][gc] GC(21714) Pause Young (Allocation Failure) 14M->10M(15M) 0.197ms
[38.659s][info][gc] GC(21715) Pause Young (Allocation Failure) 14M->10M(15M) 0.191ms
[38.660s][info][gc] GC(21716) Pause Young (Allocation Failure) 15M->10M(15M) 0.190ms
[38.661s][info][gc] GC(21717) Pause Young (Allocation Failure) 14M->10M(15M) 0.166ms
[38.662s][info][gc] GC(21718) Pause Young (Allocation Failure) 14M->10M(15M) 0.166ms
[38.662s][info][gc] GC(21719) Pause Young (Allocation Failure) 14M->11M(15M) 0.201ms
[38.663s][info][gc] GC(21720) Pause Young (Allocation Failure) 15M->15M(15M) 0.025ms
[38.672s][info][gc] GC(21721) Pause Full (Allocation Failure) 15M->8M(15M) 9.275ms
[38.673s][info][gc] GC(21722) Pause Young (Allocation Failure) 13M->9M(15M) 0.197ms
[38.674s][info][gc] GC(21723) Pause Young (Allocation Failure) 13M->9M(15M) 0.189ms
[38.675s][info][gc] GC(21724) Pause Young (Allocation Failure) 13M->9M(15M) 0.177ms
[38.676s][info][gc] GC(21725) Pause Young (Allocation Failure) 13M->9M(15M) 0.177ms
[38.677s][info][gc] GC(21726) Pause Young (Allocation Failure) 13M->9M(15M) 0.168ms
[38.677s][info][gc] GC(21727) Pause Young (Allocation Failure) 13M->9M(15M) 0.181ms
[38.678s][info][gc] GC(21728) Pause Young (Allocation Failure) 13M->10M(15M) 0.233ms
[38.679s][info][gc] GC(21729) Pause Young (Allocation Failure) 14M->10M(15M) 0.172ms
[38.680s][info][gc] GC(21730) Pause Young (Allocation Failure) 14M->10M(15M) 0.193ms
[38.681s][info][gc] GC(21731) Pause Young (Allocation Failure) 14M->9M(15M) 0.170ms
[38.682s][info][gc] GC(21732) Pause Young (Allocation Failure) 14M->10M(15M) 0.236ms
[38.682s][info][gc] GC(21733) Pause Young (Allocation Failure) 15M->15M(15M) 0.025ms
[38.692s][info][gc] GC(21734) Pause Full (Allocation Failure) 15M->8M(15M) 9.437ms
[38.693s][info][gc] GC(21735) Pause Young (Allocation Failure) 12M->8M(15M) 0.195ms
[38.694s][info][gc] GC(21736) Pause Young (Allocation Failure) 13M->8M(15M) 0.197ms
[38.695s][info][gc] GC(21737) Pause Young (Allocation Failure) 13M->8M(15M) 0.188ms
[38.695s][info][gc] GC(21738) Pause Young (Allocation Failure) 13M->8M(15M) 0.174ms
[38.696s][info][gc] GC(21739) Pause Young (Allocation Failure) 13M->9M(15M) 0.232ms
[38.697s][info][gc] GC(21740) Pause Young (Allocation Failure) 14M->9M(15M) 0.192ms
[38.698s][info][gc] GC(21741) Pause Young (Allocation Failure) 14M->9M(15M) 0.182ms
[38.699s][info][gc] GC(21742) Pause Young (Allocation Failure) 14M->9M(15M) 0.180ms
[38.699s][info][gc] GC(21743) Pause Young (Allocation Failure) 14M->10M(15M) 0.196ms
[38.700s][info][gc] GC(21744) Pause Young (Allocation Failure) 14M->10M(15M) 0.182ms
[38.701s][info][gc] GC(21745) Pause Young (Allocation Failure) 14M->10M(15M) 0.202ms
[38.702s][info][gc] GC(21746) Pause Young (Allocation Failure) 14M->14M(15M) 0.025ms
[38.711s][info][gc] GC(21747) Pause Full (Allocation Failure) 14M->8M(15M) 9.285ms
[38.712s][info][gc] GC(21748) Pause Young (Allocation Failure) 13M->9M(15M) 0.191ms
[38.713s][info][gc] GC(21749) Pause Young (Allocation Failure) 13M->9M(15M) 0.183ms
[38.714s][info][gc] GC(21750) Pause Young (Allocation Failure) 13M->9M(15M) 0.190ms
[38.715s][info][gc] GC(21751) Pause Young (Allocation Failure) 13M->9M(15M) 0.183ms
[38.715s][info][gc] GC(21752) Pause Young (Allocation Failure) 13M->9M(15M) 0.196ms
[38.716s][info][gc] GC(21753) Pause Young (Allocation Failure) 13M->9M(15M) 0.195ms
[38.717s][info][gc] GC(21754) Pause Young (Allocation Failure) 14M->10M(15M) 0.197ms
[38.718s][info][gc] GC(21755) Pause Young (Allocation Failure) 14M->10M(15M) 0.231ms
[38.719s][info][gc] GC(21756) Pause Young (Allocation Failure) 15M->15M(15M) 0.025ms
[38.728s][info][gc] GC(21757) Pause Full (Allocation Failure) 15M->8M(15M) 9.351ms
[38.729s][info][gc] GC(21758) Pause Young (Allocation Failure) 12M->8M(15M) 0.216ms
[38.730s][info][gc] GC(21759) Pause Young (Allocation Failure) 13M->8M(15M) 0.171ms
[38.731s][info][gc] GC(21760) Pause Young (Allocation Failure) 12M->9M(15M) 0.186ms
[38.731s][info][gc] GC(21761) Pause Young (Allocation Failure) 13M->8M(15M) 0.155ms
[38.732s][info][gc] GC(21762) Pause Young (Allocation Failure) 13M->9M(15M) 0.176ms
[38.733s][info][gc] GC(21763) Pause Young (Allocation Failure) 13M->8M(15M) 0.150ms
[38.734s][info][gc] GC(21764) Pause Young (Allocation Failure) 13M->9M(15M) 0.147ms
[38.735s][info][gc] GC(21765) Pause Young (Allocation Failure) 13M->9M(15M) 0.143ms
[38.735s][info][gc] GC(21766) Pause Young (Allocation Failure) 13M->9M(15M) 0.163ms
[38.736s][info][gc] GC(21767) Pause Young (Allocation Failure) 13M->9M(15M) 0.185ms
[38.737s][info][gc] GC(21768) Pause Young (Allocation Failure) 14M->9M(15M) 0.151ms
[38.738s][info][gc] GC(21769) Pause Young (Allocation Failure) 13M->9M(15M) 0.166ms
[38.739s][info][gc] GC(21770) Pause Young (Allocation Failure) 13M->9M(15M) 0.148ms
[38.739s][info][gc] GC(21771) Pause Young (Allocation Failure) 13M->9M(15M) 0.153ms
[38.740s][info][gc] GC(21772) Pause Young (Allocation Failure) 13M->9M(15M) 0.159ms
[38.741s][info][gc] GC(21773) Pause Young (Allocation Failure) 14M->9M(15M) 0.146ms
[38.742s][info][gc] GC(21774) Pause Young (Allocation Failure) 13M->9M(15M) 0.157ms
[38.742s][info][gc] GC(21775) Pause Young (Allocation Failure) 13M->9M(15M) 0.147ms
[38.743s][info][gc] GC(21776) Pause Young (Allocation Failure) 13M->9M(15M) 0.153ms
[38.744s][info][gc] GC(21777) Pause Young (Allocation Failure) 13M->9M(15M) 0.173ms
[38.745s][info][gc] GC(21778) Pause Young (Allocation Failure) 14M->10M(15M) 0.163ms
[38.745s][info][gc] GC(21779) Pause Young (Allocation Failure) 14M->10M(15M) 0.130ms
[38.746s][info][gc] GC(21780) Pause Young (Allocation Failure) 14M->9M(15M) 0.170ms
[38.747s][info][gc] GC(21781) Pause Young (Allocation Failure) 13M->9M(15M) 0.158ms
[38.748s][info][gc] GC(21782) Pause Young (Allocation Failure) 14M->10M(15M) 0.213ms
[38.748s][info][gc] GC(21783) Pause Young (Allocation Failure) 15M->15M(15M) 0.019ms
[38.758s][info][gc] GC(21784) Pause Full (Allocation Failure) 15M->8M(15M) 9.088ms
[38.759s][info][gc] GC(21785) Pause Young (Allocation Failure) 13M->9M(15M) 0.177ms
[38.759s][info][gc] GC(21786) Pause Young (Allocation Failure) 13M->9M(15M) 0.181ms
[38.760s][info][gc] GC(21787) Pause Young (Allocation Failure) 13M->9M(15M) 0.195ms
[38.761s][info][gc] GC(21788) Pause Young (Allocation Failure) 13M->9M(15M) 0.163ms
[38.762s][info][gc] GC(21789) Pause Young (Allocation Failure) 13M->9M(15M) 0.163ms
[38.763s][info][gc] GC(21790) Pause Young (Allocation Failure) 13M->9M(15M) 0.158ms
[38.764s][info][gc] GC(21791) Pause Young (Allocation Failure) 13M->9M(15M) 0.160ms
[38.764s][info][gc] GC(21792) Pause Young (Allocation Failure) 13M->9M(15M) 0.152ms
[38.765s][info][gc] GC(21793) Pause Young (Allocation Failure) 13M->9M(15M) 0.148ms
[38.766s][info][gc] GC(21794) Pause Young (Allocation Failure) 13M->9M(15M) 0.174ms
[38.767s][info][gc] GC(21795) Pause Young (Allocation Failure) 13M->9M(15M) 0.144ms
[38.767s][info][gc] GC(21796) Pause Young (Allocation Failure) 13M->9M(15M) 0.152ms
[38.768s][info][gc] GC(21797) Pause Young (Allocation Failure) 13M->9M(15M) 0.170ms
[38.769s][info][gc] GC(21798) Pause Young (Allocation Failure) 13M->9M(15M) 0.150ms
[38.770s][info][gc] GC(21799) Pause Young (Allocation Failure) 13M->9M(15M) 0.177ms
[38.770s][info][gc] GC(21800) Pause Young (Allocation Failure) 13M->10M(15M) 0.204ms
[38.771s][info][gc] GC(21801) Pause Young (Allocation Failure) 14M->9M(15M) 0.149ms
[38.772s][info][gc] GC(21802) Pause Young (Allocation Failure) 14M->10M(15M) 0.166ms
[38.773s][info][gc] GC(21803) Pause Young (Allocation Failure) 14M->10M(15M) 0.160ms
[38.773s][info][gc] GC(21804) Pause Young (Allocation Failure) 14M->10M(15M) 0.172ms
[38.774s][info][gc] GC(21805) Pause Young (Allocation Failure) 14M->10M(15M) 0.157ms
[38.775s][info][gc] GC(21806) Pause Young (Allocation Failure) 14M->10M(15M) 0.157ms
[38.776s][info][gc] GC(21807) Pause Young (Allocation Failure) 14M->10M(15M) 0.166ms
[38.777s][info][gc] GC(21808) Pause Young (Allocation Failure) 14M->10M(15M) 0.152ms
[38.778s][info][gc] GC(21809) Pause Young (Allocation Failure) 14M->10M(15M) 0.143ms
[38.778s][info][gc] GC(21810) Pause Young (Allocation Failure) 14M->10M(15M) 0.160ms
[38.779s][info][gc] GC(21811) Pause Young (Allocation Failure) 14M->10M(15M) 0.172ms
[38.780s][info][gc] GC(21812) Pause Young (Allocation Failure) 14M->10M(15M) 0.176ms
[38.781s][info][gc] GC(21813) Pause Young (Allocation Failure) 14M->10M(15M) 0.181ms
[38.782s][info][gc] GC(21814) Pause Young (Allocation Failure) 14M->10M(15M) 0.179ms
[38.782s][info][gc] GC(21815) Pause Young (Allocation Failure) 14M->10M(15M) 0.175ms
[38.783s][info][gc] GC(21816) Pause Young (Allocation Failure) 14M->10M(15M) 0.177ms
[38.784s][info][gc] GC(21817) Pause Young (Allocation Failure) 14M->10M(15M) 0.177ms
[38.785s][info][gc] GC(21818) Pause Young (Allocation Failure) 14M->10M(15M) 0.198ms
[38.786s][info][gc] GC(21819) Pause Young (Allocation Failure) 14M->11M(15M) 0.208ms
[38.786s][info][gc] GC(21820) Pause Young (Allocation Failure) 15M->15M(15M) 0.025ms
[38.795s][info][gc] GC(21821) Pause Full (Allocation Failure) 15M->9M(15M) 9.026ms
[38.796s][info][gc] GC(21822) Pause Young (Allocation Failure) 13M->9M(15M) 0.193ms
[38.797s][info][gc] GC(21823) Pause Young (Allocation Failure) 13M->9M(15M) 0.143ms
[38.798s][info][gc] GC(21824) Pause Young (Allocation Failure) 13M->9M(15M) 0.202ms
[38.799s][info][gc] GC(21825) Pause Young (Allocation Failure) 14M->9M(15M) 0.179ms
[38.800s][info][gc] GC(21826) Pause Young (Allocation Failure) 13M->9M(15M) 0.166ms
[38.800s][info][gc] GC(21827) Pause Young (Allocation Failure) 13M->9M(15M) 0.203ms
[38.801s][info][gc] GC(21828) Pause Young (Allocation Failure) 14M->9M(15M) 0.176ms
[38.802s][info][gc] GC(21829) Pause Young (Allocation Failure) 13M->9M(15M) 0.175ms
[38.803s][info][gc] GC(21830) Pause Young (Allocation Failure) 13M->9M(15M) 0.184ms
[38.804s][info][gc] GC(21831) Pause Young (Allocation Failure) 14M->9M(15M) 0.180ms
[38.805s][info][gc] GC(21832) Pause Young (Allocation Failure) 14M->10M(15M) 0.199ms
[38.806s][info][gc] GC(21833) Pause Young (Allocation Failure) 14M->10M(15M) 0.201ms
[38.806s][info][gc] GC(21834) Pause Young (Allocation Failure) 14M->10M(15M) 0.172ms
[38.807s][info][gc] GC(21835) Pause Young (Allocation Failure) 14M->10M(15M) 0.175ms
[38.808s][info][gc] GC(21836) Pause Young (Allocation Failure) 14M->10M(15M) 0.163ms
[38.809s][info][gc] GC(21837) Pause Young (Allocation Failure) 14M->10M(15M) 0.182ms
[38.810s][info][gc] GC(21838) Pause Young (Allocation Failure) 14M->10M(15M) 0.158ms
[38.810s][info][gc] GC(21839) Pause Young (Allocation Failure) 14M->11M(15M) 0.230ms
[38.811s][info][gc] GC(21840) Pause Young (Allocation Failure) 15M->15M(15M) 0.025ms
[38.820s][info][gc] GC(21841) Pause Full (Allocation Failure) 15M->8M(15M) 9.111ms
[38.821s][info][gc] GC(21842) Pause Young (Allocation Failure) 12M->8M(15M) 0.195ms
[38.822s][info][gc] GC(21843) Pause Young (Allocation Failure) 13M->9M(15M) 0.200ms
[38.823s][info][gc] GC(21844) Pause Young (Allocation Failure) 13M->9M(15M) 0.144ms
[38.824s][info][gc] GC(21845) Pause Young (Allocation Failure) 13M->8M(15M) 0.177ms
[38.825s][info][gc] GC(21846) Pause Young (Allocation Failure) 13M->8M(15M) 0.172ms
[38.826s][info][gc] GC(21847) Pause Young (Allocation Failure) 13M->8M(15M) 0.174ms
[38.827s][info][gc] GC(21848) Pause Young (Allocation Failure) 13M->8M(15M) 0.174ms
[38.827s][info][gc] GC(21849) Pause Young (Allocation Failure) 13M->8M(15M) 0.173ms
[38.828s][info][gc] GC(21850) Pause Young (Allocation Failure) 13M->9M(15M) 0.194ms
[38.829s][info][gc] GC(21851) Pause Young (Allocation Failure) 13M->9M(15M) 0.178ms
[38.830s][info][gc] GC(21852) Pause Young (Allocation Failure) 13M->9M(15M) 0.194ms
[38.831s][info][gc] GC(21853) Pause Young (Allocation Failure) 13M->9M(15M) 0.163ms
[38.831s][info][gc] GC(21854) Pause Young (Allocation Failure) 13M->9M(15M) 0.167ms
[38.832s][info][gc] GC(21855) Pause Young (Allocation Failure) 13M->9M(15M) 0.186ms
[38.833s][info][gc] GC(21856) Pause Young (Allocation Failure) 13M->9M(15M) 0.163ms
[38.834s][info][gc] GC(21857) Pause Young (Allocation Failure) 13M->9M(15M) 0.183ms
[38.835s][info][gc] GC(21858) Pause Young (Allocation Failure) 13M->9M(15M) 0.174ms
[38.836s][info][gc] GC(21859) Pause Young (Allocation Failure) 13M->9M(15M) 0.181ms
[38.836s][info][gc] GC(21860) Pause Young (Allocation Failure) 13M->9M(15M) 0.172ms
[38.837s][info][gc] GC(21861) Pause Young (Allocation Failure) 13M->9M(15M) 0.134ms
[38.838s][info][gc] GC(21862) Pause Young (Allocation Failure) 13M->9M(15M) 0.170ms
[38.839s][info][gc] GC(21863) Pause Young (Allocation Failure) 13M->9M(15M) 0.180ms
[38.840s][info][gc] GC(21864) Pause Young (Allocation Failure) 13M->9M(15M) 0.167ms
[38.841s][info][gc] GC(21865) Pause Young (Allocation Failure) 13M->9M(15M) 0.194ms
[38.841s][info][gc] GC(21866) Pause Young (Allocation Failure) 14M->9M(15M) 0.175ms
[38.842s][info][gc] GC(21867) Pause Young (Allocation Failure) 13M->9M(15M) 0.171ms
[38.843s][info][gc] GC(21868) Pause Young (Allocation Failure) 13M->9M(15M) 0.186ms
[38.844s][info][gc] GC(21869) Pause Young (Allocation Failure) 14M->9M(15M) 0.178ms
[38.845s][info][gc] GC(21870) Pause Young (Allocation Failure) 14M->9M(15M) 0.180ms
[38.845s][info][gc] GC(21871) Pause Young (Allocation Failure) 14M->9M(15M) 0.180ms
[38.846s][info][gc] GC(21872) Pause Young (Allocation Failure) 14M->9M(15M) 0.174ms
[38.847s][info][gc] GC(21873) Pause Young (Allocation Failure) 13M->9M(15M) 0.148ms
[38.848s][info][gc] GC(21874) Pause Young (Allocation Failure) 14M->9M(15M) 0.167ms
[38.849s][info][gc] GC(21875) Pause Young (Allocation Failure) 13M->9M(15M) 0.181ms
[38.850s][info][gc] GC(21876) Pause Young (Allocation Failure) 14M->9M(15M) 0.162ms
[38.850s][info][gc] GC(21877) Pause Young (Allocation Failure) 13M->9M(15M) 0.192ms
[38.851s][info][gc] GC(21878) Pause Young (Allocation Failure) 14M->9M(15M) 0.182ms
[38.852s][info][gc] GC(21879) Pause Young (Allocation Failure) 14M->9M(15M) 0.183ms
[38.853s][info][gc] GC(21880) Pause Young (Allocation Failure) 14M->9M(15M) 0.164ms
[38.854s][info][gc] GC(21881) Pause Young (Allocation Failure) 13M->9M(15M) 0.174ms
[38.855s][info][gc] GC(21882) Pause Young (Allocation Failure) 14M->10M(15M) 0.183ms
[38.855s][info][gc] GC(21883) Pause Young (Allocation Failure) 14M->10M(15M) 0.199ms
[38.856s][info][gc] GC(21884) Pause Young (Allocation Failure) 14M->9M(15M) 0.167ms
[38.857s][info][gc] GC(21885) Pause Young (Allocation Failure) 14M->10M(15M) 0.196ms
[38.858s][info][gc] GC(21886) Pause Young (Allocation Failure) 14M->9M(15M) 0.163ms
[38.859s][info][gc] GC(21887) Pause Young (Allocation Failure) 14M->10M(15M) 0.174ms
[38.859s][info][gc] GC(21888) Pause Young (Allocation Failure) 14M->10M(15M) 0.175ms
[38.860s][info][gc] GC(21889) Pause Young (Allocation Failure) 14M->10M(15M) 0.172ms
[38.861s][info][gc] GC(21890) Pause Young (Allocation Failure) 14M->10M(15M) 0.178ms
[38.862s][info][gc] GC(21891) Pause Young (Allocation Failure) 14M->10M(15M) 0.179ms
[38.863s][info][gc] GC(21892) Pause Young (Allocation Failure) 14M->10M(15M) 0.182ms
[38.863s][info][gc] GC(21893) Pause Young (Allocation Failure) 14M->10M(15M) 0.190ms
[38.864s][info][gc] GC(21894) Pause Young (Allocation Failure) 15M->10M(15M) 0.201ms
[38.865s][info][gc] GC(21895) Pause Young (Allocation Failure) 15M->15M(15M) 0.025ms
[38.874s][info][gc] GC(21896) Pause Full (Allocation Failure) 15M->8M(15M) 9.153ms
[38.875s][info][gc] GC(21897) Pause Young (Allocation Failure) 12M->8M(15M) 0.227ms
[38.876s][info][gc] GC(21898) Pause Young (Allocation Failure) 13M->9M(15M) 0.199ms
[38.877s][info][gc] GC(21899) Pause Young (Allocation Failure) 13M->9M(15M) 0.201ms
[38.878s][info][gc] GC(21900) Pause Young (Allocation Failure) 13M->8M(15M) 0.167ms
[38.879s][info][gc] GC(21901) Pause Young (Allocation Failure) 13M->9M(15M) 0.201ms
[38.879s][info][gc] GC(21902) Pause Young (Allocation Failure) 13M->9M(15M) 0.175ms
[38.880s][info][gc] GC(21903) Pause Young (Allocation Failure) 13M->9M(15M) 0.182ms
[38.881s][info][gc] GC(21904) Pause Young (Allocation Failure) 13M->9M(15M) 0.196ms
[38.882s][info][gc] GC(21905) Pause Young (Allocation Failure) 14M->9M(15M) 0.177ms
[38.883s][info][gc] GC(21906) Pause Young (Allocation Failure) 13M->9M(15M) 0.173ms
[38.884s][info][gc] GC(21907) Pause Young (Allocation Failure) 13M->9M(15M) 0.171ms
[38.885s][info][gc] GC(21908) Pause Young (Allocation Failure) 13M->9M(15M) 0.169ms
[38.885s][info][gc] GC(21909) Pause Young (Allocation Failure) 13M->9M(15M) 0.190ms
[38.886s][info][gc] GC(21910) Pause Young (Allocation Failure) 14M->9M(15M) 0.196ms
[38.887s][info][gc] GC(21911) Pause Young (Allocation Failure) 14M->9M(15M) 0.177ms
[38.888s][info][gc] GC(21912) Pause Young (Allocation Failure) 14M->9M(15M) 0.169ms
[38.889s][info][gc] GC(21913) Pause Young (Allocation Failure) 14M->10M(15M) 0.193ms
[38.889s][info][gc] GC(21914) Pause Young (Allocation Failure) 14M->10M(15M) 0.183ms
[38.890s][info][gc] GC(21915) Pause Young (Allocation Failure) 14M->10M(15M) 0.208ms
[38.891s][info][gc] GC(21916) Pause Young (Allocation Failure) 15M->15M(15M) 0.025ms
[38.900s][info][gc] GC(21917) Pause Full (Allocation Failure) 15M->8M(15M) 9.151ms
[38.901s][info][gc] GC(21918) Pause Young (Allocation Failure) 12M->8M(15M) 0.186ms
[38.902s][info][gc] GC(21919) Pause Young (Allocation Failure) 13M->8M(15M) 0.175ms
[38.903s][info][gc] GC(21920) Pause Young (Allocation Failure) 13M->8M(15M) 0.169ms
[38.904s][info][gc] GC(21921) Pause Young (Allocation Failure) 13M->8M(15M) 0.165ms
[38.904s][info][gc] GC(21922) Pause Young (Allocation Failure) 13M->9M(15M) 0.195ms
[38.905s][info][gc] GC(21923) Pause Young (Allocation Failure) 13M->9M(15M) 0.226ms
[38.906s][info][gc] GC(21924) Pause Young (Allocation Failure) 14M->9M(15M) 0.192ms
[38.907s][info][gc] GC(21925) Pause Young (Allocation Failure) 14M->9M(15M) 0.182ms
[38.908s][info][gc] GC(21926) Pause Young (Allocation Failure) 14M->9M(15M) 0.173ms
[38.909s][info][gc] GC(21927) Pause Young (Allocation Failure) 13M->9M(15M) 0.147ms
[38.910s][info][gc] GC(21928) Pause Young (Allocation Failure) 14M->9M(15M) 0.178ms
[38.910s][info][gc] GC(21929) Pause Young (Allocation Failure) 14M->10M(15M) 0.152ms
[38.911s][info][gc] GC(21930) Pause Young (Allocation Failure) 14M->10M(15M) 0.182ms
[38.912s][info][gc] GC(21931) Pause Young (Allocation Failure) 14M->10M(15M) 0.189ms
[38.913s][info][gc] GC(21932) Pause Young (Allocation Failure) 14M->10M(15M) 0.206ms
[38.914s][info][gc] GC(21933) Pause Young (Allocation Failure) 14M->10M(15M) 0.189ms
[38.915s][info][gc] GC(21934) Pause Young (Allocation Failure) 14M->10M(15M) 0.171ms
[38.916s][info][gc] GC(21935) Pause Young (Allocation Failure) 14M->10M(15M) 0.162ms
[38.916s][info][gc] GC(21936) Pause Young (Allocation Failure) 14M->10M(15M) 0.177ms
[38.917s][info][gc] GC(21937) Pause Young (Allocation Failure) 14M->10M(15M) 0.171ms
[38.918s][info][gc] GC(21938) Pause Young (Allocation Failure) 14M->10M(15M) 0.185ms
[38.919s][info][gc] GC(21939) Pause Young (Allocation Failure) 15M->10M(15M) 0.196ms
[38.920s][info][gc] GC(21940) Pause Young (Allocation Failure) 15M->15M(15M) 0.043ms
[38.929s][info][gc] GC(21941) Pause Full (Allocation Failure) 15M->8M(15M) 9.368ms
[38.930s][info][gc] GC(21942) Pause Young (Allocation Failure) 12M->8M(15M) 0.150ms
[38.931s][info][gc] GC(21943) Pause Young (Allocation Failure) 13M->8M(15M) 0.189ms
[38.932s][info][gc] GC(21944) Pause Young (Allocation Failure) 13M->9M(15M) 0.193ms
[38.932s][info][gc] GC(21945) Pause Young (Allocation Failure) 13M->9M(15M) 0.211ms
[38.933s][info][gc] GC(21946) Pause Young (Allocation Failure) 13M->9M(15M) 0.218ms
[38.934s][info][gc] GC(21947) Pause Young (Allocation Failure) 13M->9M(15M) 0.175ms
[38.935s][info][gc] GC(21948) Pause Young (Allocation Failure) 13M->9M(15M) 0.195ms
[38.936s][info][gc] GC(21949) Pause Young (Allocation Failure) 14M->9M(15M) 0.191ms
[38.937s][info][gc] GC(21950) Pause Young (Allocation Failure) 14M->10M(15M) 0.198ms
[38.938s][info][gc] GC(21951) Pause Young (Allocation Failure) 14M->10M(15M) 0.178ms
[38.939s][info][gc] GC(21952) Pause Young (Allocation Failure) 14M->9M(15M) 0.162ms
[38.939s][info][gc] GC(21953) Pause Young (Allocation Failure) 14M->9M(15M) 0.160ms
[38.940s][info][gc] GC(21954) Pause Young (Allocation Failure) 14M->10M(15M) 0.173ms
[38.941s][info][gc] GC(21955) Pause Young (Allocation Failure) 14M->10M(15M) 0.192ms
[38.942s][info][gc] GC(21956) Pause Young (Allocation Failure) 14M->10M(15M) 0.162ms
[38.943s][info][gc] GC(21957) Pause Young (Allocation Failure) 14M->10M(15M) 0.195ms
[38.943s][info][gc] GC(21958) Pause Young (Allocation Failure) 14M->10M(15M) 0.185ms
[38.944s][info][gc] GC(21959) Pause Young (Allocation Failure) 15M->15M(15M) 0.024ms
[38.953s][info][gc] GC(21960) Pause Full (Allocation Failure) 15M->8M(15M) 9.212ms
[38.954s][info][gc] GC(21961) Pause Young (Allocation Failure) 13M->9M(15M) 0.195ms
[38.955s][info][gc] GC(21962) Pause Young (Allocation Failure) 13M->9M(15M) 0.193ms
[38.956s][info][gc] GC(21963) Pause Young (Allocation Failure) 13M->9M(15M) 0.182ms
[38.957s][info][gc] GC(21964) Pause Young (Allocation Failure) 13M->9M(15M) 0.158ms
[38.957s][info][gc] GC(21965) Pause Young (Allocation Failure) 13M->9M(15M) 0.167ms
[38.958s][info][gc] GC(21966) Pause Young (Allocation Failure) 13M->9M(15M) 0.187ms
[38.959s][info][gc] GC(21967) Pause Young (Allocation Failure) 13M->9M(15M) 0.179ms
[38.960s][info][gc] GC(21968) Pause Young (Allocation Failure) 13M->9M(15M) 0.244ms
[38.961s][info][gc] GC(21969) Pause Young (Allocation Failure) 13M->9M(15M) 0.161ms
[38.961s][info][gc] GC(21970) Pause Young (Allocation Failure) 13M->9M(15M) 0.179ms
[38.962s][info][gc] GC(21971) Pause Young (Allocation Failure) 13M->9M(15M) 0.188ms
[38.963s][info][gc] GC(21972) Pause Young (Allocation Failure) 14M->9M(15M) 0.171ms
[38.964s][info][gc] GC(21973) Pause Young (Allocation Failure) 13M->9M(15M) 0.186ms
[38.965s][info][gc] GC(21974) Pause Young (Allocation Failure) 14M->9M(15M) 0.155ms
[38.965s][info][gc] GC(21975) Pause Young (Allocation Failure) 14M->9M(15M) 0.135ms
[38.966s][info][gc] GC(21976) Pause Young (Allocation Failure) 14M->9M(15M) 0.169ms
[38.967s][info][gc] GC(21977) Pause Young (Allocation Failure) 14M->9M(15M) 0.163ms
[38.968s][info][gc] GC(21978) Pause Young (Allocation Failure) 13M->9M(15M) 0.169ms
[38.969s][info][gc] GC(21979) Pause Young (Allocation Failure) 14M->10M(15M) 0.188ms
[38.969s][info][gc] GC(21980) Pause Young (Allocation Failure) 14M->9M(15M) 0.173ms
[38.970s][info][gc] GC(21981) Pause Young (Allocation Failure) 14M->9M(15M) 0.159ms
[38.971s][info][gc] GC(21982) Pause Young (Allocation Failure) 13M->10M(15M) 0.180ms
[38.972s][info][gc] GC(21983) Pause Young (Allocation Failure) 14M->9M(15M) 0.168ms
[38.973s][info][gc] GC(21984) Pause Young (Allocation Failure) 14M->10M(15M) 0.207ms
[38.974s][info][gc] GC(21985) Pause Young (Allocation Failure) 14M->10M(15M) 0.192ms
[38.974s][info][gc] GC(21986) Pause Young (Allocation Failure) 14M->10M(15M) 0.180ms
[38.975s][info][gc] GC(21987) Pause Young (Allocation Failure) 15M->10M(15M) 0.167ms
[38.976s][info][gc] GC(21988) Pause Young (Allocation Failure) 14M->10M(15M) 0.171ms
[38.977s][info][gc] GC(21989) Pause Young (Allocation Failure) 14M->10M(15M) 0.163ms
[38.978s][info][gc] GC(21990) Pause Young (Allocation Failure) 14M->10M(15M) 0.171ms
[38.979s][info][gc] GC(21991) Pause Young (Allocation Failure) 14M->10M(15M) 0.180ms
[38.980s][info][gc] GC(21992) Pause Young (Allocation Failure) 15M->10M(15M) 0.165ms
[38.980s][info][gc] GC(21993) Pause Young (Allocation Failure) 14M->10M(15M) 0.171ms
[38.981s][info][gc] GC(21994) Pause Young (Allocation Failure) 14M->10M(15M) 0.190ms
[38.982s][info][gc] GC(21995) Pause Young (Allocation Failure) 15M->15M(15M) 0.024ms
[38.991s][info][gc] GC(21996) Pause Full (Allocation Failure) 15M->8M(15M) 9.427ms
[38.992s][info][gc] GC(21997) Pause Young (Allocation Failure) 12M->8M(15M) 0.176ms
[38.993s][info][gc] GC(21998) Pause Young (Allocation Failure) 12M->9M(15M) 0.198ms
[38.994s][info][gc] GC(21999) Pause Young (Allocation Failure) 13M->9M(15M) 0.192ms
[38.995s][info][gc] GC(22000) Pause Young (Allocation Failure) 13M->9M(15M) 0.186ms
[38.996s][info][gc] GC(22001) Pause Young (Allocation Failure) 13M->8M(15M) 0.165ms
[38.996s][info][gc] GC(22002) Pause Young (Allocation Failure) 13M->9M(15M) 0.181ms
[38.997s][info][gc] GC(22003) Pause Young (Allocation Failure) 13M->9M(15M) 0.150ms
[38.998s][info][gc] GC(22004) Pause Young (Allocation Failure) 13M->9M(15M) 0.186ms
[38.999s][info][gc] GC(22005) Pause Young (Allocation Failure) 13M->9M(15M) 0.176ms
[39.000s][info][gc] GC(22006) Pause Young (Allocation Failure) 13M->9M(15M) 0.257ms
[39.001s][info][gc] GC(22007) Pause Young (Allocation Failure) 14M->9M(15M) 0.163ms
[39.001s][info][gc] GC(22008) Pause Young (Allocation Failure) 13M->10M(15M) 0.199ms
[39.002s][info][gc] GC(22009) Pause Young (Allocation Failure) 14M->10M(15M) 0.199ms
[39.003s][info][gc] GC(22010) Pause Young (Allocation Failure) 14M->10M(15M) 0.193ms
[39.004s][info][gc] GC(22011) Pause Young (Allocation Failure) 14M->10M(15M) 0.158ms
[39.005s][info][gc] GC(22012) Pause Young (Allocation Failure) 14M->10M(15M) 0.194ms
[39.005s][info][gc] GC(22013) Pause Young (Allocation Failure) 15M->15M(15M) 0.025ms
[39.015s][info][gc] GC(22014) Pause Full (Allocation Failure) 15M->8M(15M) 9.581ms
[39.016s][info][gc] GC(22015) Pause Young (Allocation Failure) 12M->9M(15M) 0.230ms
[39.017s][info][gc] GC(22016) Pause Young (Allocation Failure) 13M->9M(15M) 0.186ms
[39.018s][info][gc] GC(22017) Pause Young (Allocation Failure) 13M->8M(15M) 0.159ms
[39.018s][info][gc] GC(22018) Pause Young (Allocation Failure) 13M->9M(15M) 0.208ms
[39.019s][info][gc] GC(22019) Pause Young (Allocation Failure) 14M->9M(15M) 0.198ms
[39.020s][info][gc] GC(22020) Pause Young (Allocation Failure) 14M->9M(15M) 0.195ms
[39.021s][info][gc] GC(22021) Pause Young (Allocation Failure) 14M->9M(15M) 0.183ms
[39.022s][info][gc] GC(22022) Pause Young (Allocation Failure) 14M->10M(15M) 0.204ms
[39.023s][info][gc] GC(22023) Pause Young (Allocation Failure) 14M->9M(15M) 0.167ms
[39.023s][info][gc] GC(22024) Pause Young (Allocation Failure) 14M->10M(15M) 0.194ms
[39.024s][info][gc] GC(22025) Pause Young (Allocation Failure) 14M->10M(15M) 0.202ms
[39.025s][info][gc] GC(22026) Pause Young (Allocation Failure) 14M->10M(15M) 0.190ms
[39.026s][info][gc] GC(22027) Pause Young (Allocation Failure) 14M->10M(15M) 0.195ms
[39.027s][info][gc] GC(22028) Pause Young (Allocation Failure) 14M->10M(15M) 0.199ms
[39.028s][info][gc] GC(22029) Pause Young (Allocation Failure) 15M->15M(15M) 0.025ms
[39.037s][info][gc] GC(22030) Pause Full (Allocation Failure) 15M->8M(15M) 9.525ms
[39.038s][info][gc] GC(22031) Pause Young (Allocation Failure) 12M->8M(15M) 0.205ms
[39.039s][info][gc] GC(22032) Pause Young (Allocation Failure) 13M->9M(15M) 0.242ms
[39.040s][info][gc] GC(22033) Pause Young (Allocation Failure) 13M->9M(15M) 0.189ms
[39.041s][info][gc] GC(22034) Pause Young (Allocation Failure) 13M->9M(15M) 0.184ms
[39.042s][info][gc] GC(22035) Pause Young (Allocation Failure) 13M->9M(15M) 0.169ms
[39.042s][info][gc] GC(22036) Pause Young (Allocation Failure) 13M->9M(15M) 0.170ms
[39.043s][info][gc] GC(22037) Pause Young (Allocation Failure) 13M->9M(15M) 0.188ms
[39.044s][info][gc] GC(22038) Pause Young (Allocation Failure) 13M->9M(15M) 0.169ms
[39.045s][info][gc] GC(22039) Pause Young (Allocation Failure) 13M->9M(15M) 0.170ms
[39.046s][info][gc] GC(22040) Pause Young (Allocation Failure) 13M->9M(15M) 0.177ms
[39.047s][info][gc] GC(22041) Pause Young (Allocation Failure) 13M->9M(15M) 0.181ms
[39.048s][info][gc] GC(22042) Pause Young (Allocation Failure) 13M->9M(15M) 0.207ms
[39.048s][info][gc] GC(22043) Pause Young (Allocation Failure) 14M->9M(15M) 0.174ms
[39.049s][info][gc] GC(22044) Pause Young (Allocation Failure) 14M->10M(15M) 0.189ms
[39.050s][info][gc] GC(22045) Pause Young (Allocation Failure) 14M->9M(15M) 0.190ms
[39.051s][info][gc] GC(22046) Pause Young (Allocation Failure) 14M->10M(15M) 0.227ms
[39.051s][info][gc] GC(22047) Pause Young (Allocation Failure) 15M->15M(15M) 0.025ms
[39.061s][info][gc] GC(22048) Pause Full (Allocation Failure) 15M->8M(15M) 9.141ms
[39.062s][info][gc] GC(22049) Pause Young (Allocation Failure) 13M->9M(15M) 0.217ms
[39.062s][info][gc] GC(22050) Pause Young (Allocation Failure) 13M->9M(15M) 0.209ms
[39.063s][info][gc] GC(22051) Pause Young (Allocation Failure) 13M->9M(15M) 0.170ms
[39.064s][info][gc] GC(22052) Pause Young (Allocation Failure) 13M->9M(15M) 0.173ms
[39.065s][info][gc] GC(22053) Pause Young (Allocation Failure) 13M->9M(15M) 0.220ms
[39.066s][info][gc] GC(22054) Pause Young (Allocation Failure) 14M->9M(15M) 0.180ms
[39.067s][info][gc] GC(22055) Pause Young (Allocation Failure) 14M->9M(15M) 0.173ms
[39.068s][info][gc] GC(22056) Pause Young (Allocation Failure) 13M->9M(15M) 0.182ms
[39.068s][info][gc] GC(22057) Pause Young (Allocation Failure) 14M->9M(15M) 0.162ms
[39.069s][info][gc] GC(22058) Pause Young (Allocation Failure) 13M->9M(15M) 0.169ms
[39.070s][info][gc] GC(22059) Pause Young (Allocation Failure) 13M->9M(15M) 0.174ms
[39.071s][info][gc] GC(22060) Pause Young (Allocation Failure) 13M->9M(15M) 0.167ms
[39.072s][info][gc] GC(22061) Pause Young (Allocation Failure) 13M->9M(15M) 0.169ms
[39.072s][info][gc] GC(22062) Pause Young (Allocation Failure) 13M->9M(15M) 0.182ms
[39.073s][info][gc] GC(22063) Pause Young (Allocation Failure) 14M->9M(15M) 0.182ms
[39.074s][info][gc] GC(22064) Pause Young (Allocation Failure) 14M->9M(15M) 0.182ms
[39.075s][info][gc] GC(22065) Pause Young (Allocation Failure) 14M->9M(15M) 0.178ms
[39.075s][info][gc] GC(22066) Pause Young (Allocation Failure) 14M->9M(15M) 0.177ms
[39.076s][info][gc] GC(22067) Pause Young (Allocation Failure) 14M->9M(15M) 0.180ms
[39.077s][info][gc] GC(22068) Pause Young (Allocation Failure) 14M->9M(15M) 0.179ms
[39.078s][info][gc] GC(22069) Pause Young (Allocation Failure) 14M->10M(15M) 0.203ms
[39.079s][info][gc] GC(22070) Pause Young (Allocation Failure) 14M->10M(15M) 0.154ms
[39.080s][info][gc] GC(22071) Pause Young (Allocation Failure) 14M->10M(15M) 0.138ms
[39.080s][info][gc] GC(22072) Pause Young (Allocation Failure) 14M->10M(15M) 0.201ms
[39.081s][info][gc] GC(22073) Pause Young (Allocation Failure) 15M->15M(15M) 0.025ms
[39.091s][info][gc] GC(22074) Pause Full (Allocation Failure) 15M->9M(15M) 9.518ms
[39.092s][info][gc] GC(22075) Pause Young (Allocation Failure) 13M->9M(15M) 0.215ms
[39.092s][info][gc] GC(22076) Pause Young (Allocation Failure) 13M->9M(15M) 0.192ms
[39.093s][info][gc] GC(22077) Pause Young (Allocation Failure) 13M->9M(15M) 0.170ms
[39.094s][info][gc] GC(22078) Pause Young (Allocation Failure) 13M->9M(15M) 0.183ms
[39.095s][info][gc] GC(22079) Pause Young (Allocation Failure) 13M->9M(15M) 0.187ms
[39.096s][info][gc] GC(22080) Pause Young (Allocation Failure) 14M->9M(15M) 0.170ms
[39.097s][info][gc] GC(22081) Pause Young (Allocation Failure) 13M->9M(15M) 0.169ms
[39.097s][info][gc] GC(22082) Pause Young (Allocation Failure) 13M->9M(15M) 0.189ms
[39.098s][info][gc] GC(22083) Pause Young (Allocation Failure) 14M->9M(15M) 0.181ms
[39.099s][info][gc] GC(22084) Pause Young (Allocation Failure) 14M->9M(15M) 0.166ms
[39.100s][info][gc] GC(22085) Pause Young (Allocation Failure) 13M->9M(15M) 0.179ms
[39.101s][info][gc] GC(22086) Pause Young (Allocation Failure) 14M->9M(15M) 0.183ms
[39.102s][info][gc] GC(22087) Pause Young (Allocation Failure) 14M->10M(15M) 0.179ms
[39.102s][info][gc] GC(22088) Pause Young (Allocation Failure) 14M->10M(15M) 0.203ms
[39.103s][info][gc] GC(22089) Pause Young (Allocation Failure) 14M->10M(15M) 0.166ms
[39.104s][info][gc] GC(22090) Pause Young (Allocation Failure) 14M->10M(15M) 0.190ms
[39.105s][info][gc] GC(22091) Pause Young (Allocation Failure) 14M->10M(15M) 0.210ms
[39.106s][info][gc] GC(22092) Pause Young (Allocation Failure) 15M->15M(15M) 0.025ms
[39.115s][info][gc] GC(22093) Pause Full (Allocation Failure) 15M->8M(15M) 9.286ms
[39.116s][info][gc] GC(22094) Pause Young (Allocation Failure) 12M->9M(15M) 0.215ms
[39.117s][info][gc] GC(22095) Pause Young (Allocation Failure) 13M->9M(15M) 0.196ms
[39.118s][info][gc] GC(22096) Pause Young (Allocation Failure) 13M->8M(15M) 0.174ms
[39.118s][info][gc] GC(22097) Pause Young (Allocation Failure) 13M->9M(15M) 0.221ms
[39.119s][info][gc] GC(22098) Pause Young (Allocation Failure) 13M->9M(15M) 0.170ms
[39.120s][info][gc] GC(22099) Pause Young (Allocation Failure) 13M->9M(15M) 0.180ms
[39.121s][info][gc] GC(22100) Pause Young (Allocation Failure) 13M->9M(15M) 0.177ms
[39.122s][info][gc] GC(22101) Pause Young (Allocation Failure) 13M->9M(15M) 0.171ms
[39.123s][info][gc] GC(22102) Pause Young (Allocation Failure) 13M->9M(15M) 0.164ms
[39.124s][info][gc] GC(22103) Pause Young (Allocation Failure) 13M->9M(15M) 0.173ms
[39.124s][info][gc] GC(22104) Pause Young (Allocation Failure) 13M->9M(15M) 0.176ms
[39.125s][info][gc] GC(22105) Pause Young (Allocation Failure) 13M->9M(15M) 0.174ms
[39.126s][info][gc] GC(22106) Pause Young (Allocation Failure) 13M->9M(15M) 0.165ms
[39.127s][info][gc] GC(22107) Pause Young (Allocation Failure) 13M->9M(15M) 0.184ms
[39.128s][info][gc] GC(22108) Pause Young (Allocation Failure) 13M->9M(15M) 0.188ms
[39.129s][info][gc] GC(22109) Pause Young (Allocation Failure) 14M->9M(15M) 0.169ms
[39.129s][info][gc] GC(22110) Pause Young (Allocation Failure) 13M->10M(15M) 0.192ms
[39.130s][info][gc] GC(22111) Pause Young (Allocation Failure) 14M->10M(15M) 0.193ms
[39.131s][info][gc] GC(22112) Pause Young (Allocation Failure) 14M->10M(15M) 0.187ms
[39.132s][info][gc] GC(22113) Pause Young (Allocation Failure) 14M->10M(15M) 0.167ms
[39.132s][info][gc] GC(22114) Pause Young (Allocation Failure) 14M->10M(15M) 0.169ms
[39.134s][info][gc] GC(22115) Pause Young (Allocation Failure) 14M->10M(15M) 0.210ms
[39.134s][info][gc] GC(22116) Pause Young (Allocation Failure) 14M->10M(15M) 0.192ms
[39.135s][info][gc] GC(22117) Pause Young (Allocation Failure) 15M->10M(15M) 0.160ms
[39.136s][info][gc] GC(22118) Pause Young (Allocation Failure) 14M->10M(15M) 0.172ms
[39.137s][info][gc] GC(22119) Pause Young (Allocation Failure) 14M->10M(15M) 0.161ms
[39.138s][info][gc] GC(22120) Pause Young (Allocation Failure) 14M->10M(15M) 0.184ms
[39.138s][info][gc] GC(22121) Pause Young (Allocation Failure) 15M->15M(15M) 0.024ms
[39.148s][info][gc] GC(22122) Pause Full (Allocation Failure) 15M->8M(15M) 9.454ms
[39.149s][info][gc] GC(22123) Pause Young (Allocation Failure) 12M->8M(15M) 0.184ms
[39.150s][info][gc] GC(22124) Pause Young (Allocation Failure) 12M->9M(15M) 0.215ms
[39.150s][info][gc] GC(22125) Pause Young (Allocation Failure) 13M->9M(15M) 0.187ms
[39.151s][info][gc] GC(22126) Pause Young (Allocation Failure) 13M->8M(15M) 0.167ms
[39.152s][info][gc] GC(22127) Pause Young (Allocation Failure) 13M->9M(15M) 0.177ms
[39.153s][info][gc] GC(22128) Pause Young (Allocation Failure) 13M->9M(15M) 0.174ms
[39.154s][info][gc] GC(22129) Pause Young (Allocation Failure) 13M->8M(15M) 0.163ms
[39.154s][info][gc] GC(22130) Pause Young (Allocation Failure) 13M->9M(15M) 0.191ms
[39.155s][info][gc] GC(22131) Pause Young (Allocation Failure) 13M->9M(15M) 0.189ms
[39.156s][info][gc] GC(22132) Pause Young (Allocation Failure) 13M->9M(15M) 0.182ms
[39.157s][info][gc] GC(22133) Pause Young (Allocation Failure) 14M->9M(15M) 0.170ms
[39.158s][info][gc] GC(22134) Pause Young (Allocation Failure) 13M->9M(15M) 0.192ms
[39.159s][info][gc] GC(22135) Pause Young (Allocation Failure) 14M->10M(15M) 0.188ms
[39.159s][info][gc] GC(22136) Pause Young (Allocation Failure) 14M->9M(15M) 0.170ms
[39.160s][info][gc] GC(22137) Pause Young (Allocation Failure) 14M->10M(15M) 0.163ms
[39.161s][info][gc] GC(22138) Pause Young (Allocation Failure) 14M->10M(15M) 0.169ms
[39.162s][info][gc] GC(22139) Pause Young (Allocation Failure) 14M->10M(15M) 0.184ms
[39.163s][info][gc] GC(22140) Pause Young (Allocation Failure) 14M->10M(15M) 0.163ms
[39.163s][info][gc] GC(22141) Pause Young (Allocation Failure) 14M->10M(15M) 0.159ms
[39.164s][info][gc] GC(22142) Pause Young (Allocation Failure) 14M->10M(15M) 0.164ms
[39.165s][info][gc] GC(22143) Pause Young (Allocation Failure) 14M->10M(15M) 0.167ms
[39.166s][info][gc] GC(22144) Pause Young (Allocation Failure) 15M->10M(15M) 0.171ms
[39.167s][info][gc] GC(22145) Pause Young (Allocation Failure) 14M->10M(15M) 0.195ms
[39.168s][info][gc] GC(22146) Pause Young (Allocation Failure) 15M->15M(15M) 0.024ms
[39.177s][info][gc] GC(22147) Pause Full (Allocation Failure) 15M->8M(15M) 9.423ms
[39.178s][info][gc] GC(22148) Pause Young (Allocation Failure) 12M->8M(15M) 0.193ms
[39.179s][info][gc] GC(22149) Pause Young (Allocation Failure) 13M->9M(15M) 0.224ms
[39.180s][info][gc] GC(22150) Pause Young (Allocation Failure) 13M->9M(15M) 0.183ms
[39.181s][info][gc] GC(22151) Pause Young (Allocation Failure) 13M->9M(15M) 0.207ms
[39.181s][info][gc] GC(22152) Pause Young (Allocation Failure) 14M->9M(15M) 0.175ms
[39.182s][info][gc] GC(22153) Pause Young (Allocation Failure) 14M->9M(15M) 0.179ms
[39.183s][info][gc] GC(22154) Pause Young (Allocation Failure) 14M->10M(15M) 0.209ms
[39.184s][info][gc] GC(22155) Pause Young (Allocation Failure) 14M->10M(15M) 0.213ms
[39.184s][info][gc] GC(22156) Pause Young (Allocation Failure) 15M->15M(15M) 0.024ms
[39.194s][info][gc] GC(22157) Pause Full (Allocation Failure) 15M->8M(15M) 9.210ms
[39.194s][info][gc] GC(22158) Pause Young (Allocation Failure) 12M->8M(15M) 0.178ms
[39.195s][info][gc] GC(22159) Pause Young (Allocation Failure) 12M->8M(15M) 0.181ms
[39.196s][info][gc] GC(22160) Pause Young (Allocation Failure) 13M->9M(15M) 0.199ms
[39.197s][info][gc] GC(22161) Pause Young (Allocation Failure) 13M->8M(15M) 0.169ms
[39.198s][info][gc] GC(22162) Pause Young (Allocation Failure) 13M->9M(15M) 0.212ms
[39.199s][info][gc] GC(22163) Pause Young (Allocation Failure) 13M->9M(15M) 0.169ms
[39.200s][info][gc] GC(22164) Pause Young (Allocation Failure) 13M->9M(15M) 0.241ms
[39.201s][info][gc] GC(22165) Pause Young (Allocation Failure) 13M->9M(15M) 0.185ms
[39.201s][info][gc] GC(22166) Pause Young (Allocation Failure) 13M->9M(15M) 0.160ms
[39.202s][info][gc] GC(22167) Pause Young (Allocation Failure) 13M->9M(15M) 0.176ms
[39.203s][info][gc] GC(22168) Pause Young (Allocation Failure) 13M->9M(15M) 0.181ms
[39.204s][info][gc] GC(22169) Pause Young (Allocation Failure) 13M->9M(15M) 0.174ms
[39.205s][info][gc] GC(22170) Pause Young (Allocation Failure) 13M->9M(15M) 0.170ms
[39.205s][info][gc] GC(22171) Pause Young (Allocation Failure) 13M->10M(15M) 0.201ms
[39.206s][info][gc] GC(22172) Pause Young (Allocation Failure) 14M->10M(15M) 0.167ms
[39.207s][info][gc] GC(22173) Pause Young (Allocation Failure) 14M->9M(15M) 0.166ms
[39.208s][info][gc] GC(22174) Pause Young (Allocation Failure) 14M->9M(15M) 0.174ms
[39.209s][info][gc] GC(22175) Pause Young (Allocation Failure) 14M->10M(15M) 0.178ms
[39.209s][info][gc] GC(22176) Pause Young (Allocation Failure) 14M->10M(15M) 0.186ms
[39.210s][info][gc] GC(22177) Pause Young (Allocation Failure) 14M->10M(15M) 0.185ms
[39.211s][info][gc] GC(22178) Pause Young (Allocation Failure) 14M->10M(15M) 0.181ms
[39.212s][info][gc] GC(22179) Pause Young (Allocation Failure) 14M->10M(15M) 0.172ms
[39.212s][info][gc] GC(22180) Pause Young (Allocation Failure) 14M->10M(15M) 0.131ms
[39.213s][info][gc] GC(22181) Pause Young (Allocation Failure) 14M->10M(15M) 0.235ms
[39.214s][info][gc] GC(22182) Pause Young (Allocation Failure) 14M->10M(15M) 0.173ms
[39.215s][info][gc] GC(22183) Pause Young (Allocation Failure) 14M->10M(15M) 0.200ms
[39.216s][info][gc] GC(22184) Pause Young (Allocation Failure) 15M->15M(15M) 0.025ms
[39.225s][info][gc] GC(22185) Pause Full (Allocation Failure) 15M->8M(15M) 9.474ms
[39.226s][info][gc] GC(22186) Pause Young (Allocation Failure) 13M->9M(15M) 0.228ms
[39.227s][info][gc] GC(22187) Pause Young (Allocation Failure) 13M->9M(15M) 0.192ms
[39.228s][info][gc] GC(22188) Pause Young (Allocation Failure) 13M->9M(15M) 0.176ms
[39.229s][info][gc] GC(22189) Pause Young (Allocation Failure) 13M->9M(15M) 0.190ms
[39.229s][info][gc] GC(22190) Pause Young (Allocation Failure) 13M->9M(15M) 0.195ms
[39.230s][info][gc] GC(22191) Pause Young (Allocation Failure) 14M->9M(15M) 0.182ms
[39.231s][info][gc] GC(22192) Pause Young (Allocation Failure) 14M->9M(15M) 0.180ms
[39.232s][info][gc] GC(22193) Pause Young (Allocation Failure) 14M->9M(15M) 0.196ms
[39.233s][info][gc] GC(22194) Pause Young (Allocation Failure) 14M->9M(15M) 0.181ms
[39.234s][info][gc] GC(22195) Pause Young (Allocation Failure) 14M->10M(15M) 0.172ms
[39.235s][info][gc] GC(22196) Pause Young (Allocation Failure) 14M->10M(15M) 0.195ms
[39.235s][info][gc] GC(22197) Pause Young (Allocation Failure) 14M->9M(15M) 0.167ms
[39.236s][info][gc] GC(22198) Pause Young (Allocation Failure) 14M->10M(15M) 0.179ms
[39.237s][info][gc] GC(22199) Pause Young (Allocation Failure) 14M->10M(15M) 0.179ms
[39.238s][info][gc] GC(22200) Pause Young (Allocation Failure) 14M->9M(15M) 0.165ms
[39.239s][info][gc] GC(22201) Pause Young (Allocation Failure) 14M->9M(15M) 0.163ms
[39.239s][info][gc] GC(22202) Pause Young (Allocation Failure) 14M->10M(15M) 0.178ms
[39.240s][info][gc] GC(22203) Pause Young (Allocation Failure) 14M->10M(15M) 0.214ms
[39.241s][info][gc] GC(22204) Pause Young (Allocation Failure) 14M->10M(15M) 0.181ms
[39.242s][info][gc] GC(22205) Pause Young (Allocation Failure) 14M->10M(15M) 0.181ms
[39.243s][info][gc] GC(22206) Pause Young (Allocation Failure) 14M->10M(15M) 0.178ms
[39.243s][info][gc] GC(22207) Pause Young (Allocation Failure) 14M->10M(15M) 0.178ms
[39.244s][info][gc] GC(22208) Pause Young (Allocation Failure) 14M->10M(15M) 0.184ms
[39.245s][info][gc] GC(22209) Pause Young (Allocation Failure) 14M->10M(15M) 0.183ms
[39.246s][info][gc] GC(22210) Pause Young (Allocation Failure) 15M->15M(15M) 0.025ms
[39.256s][info][gc] GC(22211) Pause Full (Allocation Failure) 15M->8M(15M) 9.528ms
[39.257s][info][gc] GC(22212) Pause Young (Allocation Failure) 13M->9M(15M) 0.249ms
[39.257s][info][gc] GC(22213) Pause Young (Allocation Failure) 14M->9M(15M) 0.210ms
[39.258s][info][gc] GC(22214) Pause Young (Allocation Failure) 14M->9M(15M) 0.185ms
[39.259s][info][gc] GC(22215) Pause Young (Allocation Failure) 14M->9M(15M) 0.166ms
[39.260s][info][gc] GC(22216) Pause Young (Allocation Failure) 13M->9M(15M) 0.170ms
[39.261s][info][gc] GC(22217) Pause Young (Allocation Failure) 14M->10M(15M) 0.194ms
[39.262s][info][gc] GC(22218) Pause Young (Allocation Failure) 14M->10M(15M) 0.211ms
[39.263s][info][gc] GC(22219) Pause Young (Allocation Failure) 14M->10M(15M) 0.185ms
[39.263s][info][gc] GC(22220) Pause Young (Allocation Failure) 14M->10M(15M) 0.197ms
[39.264s][info][gc] GC(22221) Pause Young (Allocation Failure) 14M->10M(15M) 0.178ms
[39.265s][info][gc] GC(22222) Pause Young (Allocation Failure) 14M->10M(15M) 0.176ms
[39.266s][info][gc] GC(22223) Pause Young (Allocation Failure) 14M->11M(15M) 0.214ms
[39.267s][info][gc] GC(22224) Pause Young (Allocation Failure) 15M->15M(15M) 0.025ms
[39.276s][info][gc] GC(22225) Pause Full (Allocation Failure) 15M->8M(15M) 9.519ms
[39.277s][info][gc] GC(22226) Pause Young (Allocation Failure) 13M->9M(15M) 0.190ms
[39.278s][info][gc] GC(22227) Pause Young (Allocation Failure) 13M->8M(15M) 0.177ms
[39.279s][info][gc] GC(22228) Pause Young (Allocation Failure) 13M->9M(15M) 0.187ms
[39.280s][info][gc] GC(22229) Pause Young (Allocation Failure) 13M->9M(15M) 0.185ms
[39.281s][info][gc] GC(22230) Pause Young (Allocation Failure) 13M->8M(15M) 0.168ms
[39.281s][info][gc] GC(22231) Pause Young (Allocation Failure) 13M->9M(15M) 0.208ms
[39.282s][info][gc] GC(22232) Pause Young (Allocation Failure) 13M->9M(15M) 0.186ms
[39.283s][info][gc] GC(22233) Pause Young (Allocation Failure) 13M->9M(15M) 0.179ms
[39.284s][info][gc] GC(22234) Pause Young (Allocation Failure) 13M->9M(15M) 0.183ms
[39.285s][info][gc] GC(22235) Pause Young (Allocation Failure) 14M->9M(15M) 0.164ms
[39.285s][info][gc] GC(22236) Pause Young (Allocation Failure) 13M->9M(15M) 0.189ms
[39.286s][info][gc] GC(22237) Pause Young (Allocation Failure) 14M->9M(15M) 0.175ms
[39.287s][info][gc] GC(22238) Pause Young (Allocation Failure) 13M->9M(15M) 0.163ms
[39.288s][info][gc] GC(22239) Pause Young (Allocation Failure) 13M->9M(15M) 0.161ms
[39.289s][info][gc] GC(22240) Pause Young (Allocation Failure) 14M->9M(15M) 0.192ms
[39.290s][info][gc] GC(22241) Pause Young (Allocation Failure) 14M->10M(15M) 0.185ms
[39.291s][info][gc] GC(22242) Pause Young (Allocation Failure) 14M->9M(15M) 0.174ms
[39.292s][info][gc] GC(22243) Pause Young (Allocation Failure) 14M->10M(15M) 0.163ms
[39.292s][info][gc] GC(22244) Pause Young (Allocation Failure) 14M->10M(15M) 0.190ms
[39.293s][info][gc] GC(22245) Pause Young (Allocation Failure) 14M->10M(15M) 0.220ms
[39.294s][info][gc] GC(22246) Pause Young (Allocation Failure) 14M->11M(15M) 0.256ms
[39.295s][info][gc] GC(22247) Pause Young (Allocation Failure) 15M->15M(15M) 0.025ms
[39.304s][info][gc] GC(22248) Pause Full (Allocation Failure) 15M->8M(15M) 9.566ms
[39.305s][info][gc] GC(22249) Pause Young (Allocation Failure) 12M->8M(15M) 0.229ms
[39.306s][info][gc] GC(22250) Pause Young (Allocation Failure) 13M->9M(15M) 0.245ms
[39.307s][info][gc] GC(22251) Pause Young (Allocation Failure) 13M->9M(15M) 0.172ms
[39.308s][info][gc] GC(22252) Pause Young (Allocation Failure) 13M->9M(15M) 0.207ms
[39.309s][info][gc] GC(22253) Pause Young (Allocation Failure) 14M->9M(15M) 0.173ms
[39.310s][info][gc] GC(22254) Pause Young (Allocation Failure) 13M->9M(15M) 0.162ms
[39.310s][info][gc] GC(22255) Pause Young (Allocation Failure) 14M->9M(15M) 0.172ms
[39.311s][info][gc] GC(22256) Pause Young (Allocation Failure) 13M->10M(15M) 0.194ms
[39.312s][info][gc] GC(22257) Pause Young (Allocation Failure) 14M->10M(15M) 0.194ms
[39.313s][info][gc] GC(22258) Pause Young (Allocation Failure) 14M->9M(15M) 0.165ms
[39.314s][info][gc] GC(22259) Pause Young (Allocation Failure) 14M->9M(15M) 0.171ms
[39.315s][info][gc] GC(22260) Pause Young (Allocation Failure) 14M->10M(15M) 0.198ms
[39.315s][info][gc] GC(22261) Pause Young (Allocation Failure) 14M->10M(15M) 0.183ms
[39.316s][info][gc] GC(22262) Pause Young (Allocation Failure) 14M->10M(15M) 0.177ms
[39.317s][info][gc] GC(22263) Pause Young (Allocation Failure) 14M->10M(15M) 0.165ms
[39.318s][info][gc] GC(22264) Pause Young (Allocation Failure) 14M->10M(15M) 0.183ms
[39.319s][info][gc] GC(22265) Pause Young (Allocation Failure) 14M->10M(15M) 0.199ms
[39.320s][info][gc] GC(22266) Pause Young (Allocation Failure) 15M->10M(15M) 0.185ms
[39.320s][info][gc] GC(22267) Pause Young (Allocation Failure) 15M->10M(15M) 0.181ms
[39.321s][info][gc] GC(22268) Pause Young (Allocation Failure) 14M->10M(15M) 0.183ms
[39.322s][info][gc] GC(22269) Pause Young (Allocation Failure) 14M->10M(15M) 0.181ms
[39.323s][info][gc] GC(22270) Pause Young (Allocation Failure) 15M->10M(15M) 0.172ms
[39.324s][info][gc] GC(22271) Pause Young (Allocation Failure) 14M->11M(15M) 0.207ms
[39.324s][info][gc] GC(22272) Pause Young (Allocation Failure) 15M->15M(15M) 0.025ms
[39.334s][info][gc] GC(22273) Pause Full (Allocation Failure) 15M->9M(15M) 9.286ms
[39.335s][info][gc] GC(22274) Pause Young (Allocation Failure) 13M->9M(15M) 0.189ms
[39.336s][info][gc] GC(22275) Pause Young (Allocation Failure) 14M->10M(15M) 0.194ms
[39.336s][info][gc] GC(22276) Pause Young (Allocation Failure) 14M->10M(15M) 0.208ms
[39.337s][info][gc] GC(22277) Pause Young (Allocation Failure) 14M->10M(15M) 0.220ms
[39.338s][info][gc] GC(22278) Pause Young (Allocation Failure) 15M->15M(15M) 0.025ms
[39.348s][info][gc] GC(22279) Pause Full (Allocation Failure) 15M->8M(15M) 9.560ms
[39.349s][info][gc] GC(22280) Pause Young (Allocation Failure) 13M->9M(15M) 0.239ms
[39.350s][info][gc] GC(22281) Pause Young (Allocation Failure) 13M->9M(15M) 0.184ms
[39.350s][info][gc] GC(22282) Pause Young (Allocation Failure) 13M->9M(15M) 0.172ms
[39.351s][info][gc] GC(22283) Pause Young (Allocation Failure) 13M->9M(15M) 0.175ms
[39.352s][info][gc] GC(22284) Pause Young (Allocation Failure) 13M->9M(15M) 0.172ms
[39.353s][info][gc] GC(22285) Pause Young (Allocation Failure) 13M->10M(15M) 0.208ms
[39.354s][info][gc] GC(22286) Pause Young (Allocation Failure) 14M->9M(15M) 0.171ms
[39.354s][info][gc] GC(22287) Pause Young (Allocation Failure) 14M->9M(15M) 0.164ms
[39.355s][info][gc] GC(22288) Pause Young (Allocation Failure) 13M->9M(15M) 0.178ms
[39.356s][info][gc] GC(22289) Pause Young (Allocation Failure) 14M->9M(15M) 0.175ms
[39.357s][info][gc] GC(22290) Pause Young (Allocation Failure) 14M->9M(15M) 0.177ms
[39.358s][info][gc] GC(22291) Pause Young (Allocation Failure) 14M->10M(15M) 0.224ms
[39.359s][info][gc] GC(22292) Pause Young (Allocation Failure) 14M->10M(15M) 0.166ms
[39.359s][info][gc] GC(22293) Pause Young (Allocation Failure) 15M->15M(15M) 0.025ms
[39.368s][info][gc] GC(22294) Pause Full (Allocation Failure) 15M->8M(15M) 9.095ms
[39.369s][info][gc] GC(22295) Pause Young (Allocation Failure) 13M->9M(15M) 0.183ms
[39.370s][info][gc] GC(22296) Pause Young (Allocation Failure) 13M->9M(15M) 0.165ms
[39.371s][info][gc] GC(22297) Pause Young (Allocation Failure) 13M->9M(15M) 0.189ms
[39.372s][info][gc] GC(22298) Pause Young (Allocation Failure) 13M->9M(15M) 0.197ms
[39.372s][info][gc] GC(22299) Pause Young (Allocation Failure) 13M->9M(15M) 0.205ms
[39.373s][info][gc] GC(22300) Pause Young (Allocation Failure) 14M->9M(15M) 0.173ms
[39.374s][info][gc] GC(22301) Pause Young (Allocation Failure) 13M->9M(15M) 0.188ms
[39.375s][info][gc] GC(22302) Pause Young (Allocation Failure) 14M->9M(15M) 0.173ms
[39.376s][info][gc] GC(22303) Pause Young (Allocation Failure) 14M->10M(15M) 0.206ms
[39.377s][info][gc] GC(22304) Pause Young (Allocation Failure) 14M->10M(15M) 0.177ms
[39.377s][info][gc] GC(22305) Pause Young (Allocation Failure) 14M->10M(15M) 0.186ms
[39.378s][info][gc] GC(22306) Pause Young (Allocation Failure) 14M->10M(15M) 0.187ms
[39.379s][info][gc] GC(22307) Pause Young (Allocation Failure) 14M->10M(15M) 0.189ms
[39.380s][info][gc] GC(22308) Pause Young (Allocation Failure) 14M->10M(15M) 0.178ms
[39.380s][info][gc] GC(22309) Pause Young (Allocation Failure) 14M->10M(15M) 0.186ms
[39.381s][info][gc] GC(22310) Pause Young (Allocation Failure) 14M->10M(15M) 0.153ms
[39.382s][info][gc] GC(22311) Pause Young (Allocation Failure) 15M->10M(15M) 0.177ms
[39.383s][info][gc] GC(22312) Pause Young (Allocation Failure) 14M->10M(15M) 0.169ms
[39.384s][info][gc] GC(22313) Pause Young (Allocation Failure) 14M->10M(15M) 0.182ms
[39.385s][info][gc] GC(22314) Pause Young (Allocation Failure) 15M->10M(15M) 0.165ms
[39.386s][info][gc] GC(22315) Pause Young (Allocation Failure) 14M->10M(15M) 0.181ms
[39.387s][info][gc] GC(22316) Pause Young (Allocation Failure) 15M->15M(15M) 0.290ms
[39.396s][info][gc] GC(22317) Pause Full (Allocation Failure) 15M->9M(15M) 9.084ms
[39.397s][info][gc] GC(22318) Pause Young (Allocation Failure) 13M->9M(15M) 0.186ms
[39.398s][info][gc] GC(22319) Pause Young (Allocation Failure) 13M->9M(15M) 0.177ms
[39.398s][info][gc] GC(22320) Pause Young (Allocation Failure) 13M->9M(15M) 0.171ms
[39.399s][info][gc] GC(22321) Pause Young (Allocation Failure) 13M->9M(15M) 0.180ms
[39.400s][info][gc] GC(22322) Pause Young (Allocation Failure) 13M->9M(15M) 0.193ms
[39.401s][info][gc] GC(22323) Pause Young (Allocation Failure) 13M->9M(15M) 0.177ms
[39.402s][info][gc] GC(22324) Pause Young (Allocation Failure) 13M->9M(15M) 0.166ms
[39.402s][info][gc] GC(22325) Pause Young (Allocation Failure) 13M->9M(15M) 0.197ms
[39.403s][info][gc] GC(22326) Pause Young (Allocation Failure) 14M->10M(15M) 0.176ms
[39.404s][info][gc] GC(22327) Pause Young (Allocation Failure) 14M->10M(15M) 0.189ms
[39.405s][info][gc] GC(22328) Pause Young (Allocation Failure) 14M->10M(15M) 0.184ms
[39.406s][info][gc] GC(22329) Pause Young (Allocation Failure) 14M->9M(15M) 0.170ms
[39.406s][info][gc] GC(22330) Pause Young (Allocation Failure) 14M->10M(15M) 0.176ms
[39.407s][info][gc] GC(22331) Pause Young (Allocation Failure) 14M->9M(15M) 0.171ms
[39.408s][info][gc] GC(22332) Pause Young (Allocation Failure) 14M->10M(15M) 0.177ms
[39.409s][info][gc] GC(22333) Pause Young (Allocation Failure) 14M->10M(15M) 0.199ms
[39.410s][info][gc] GC(22334) Pause Young (Allocation Failure) 14M->10M(15M) 0.140ms
[39.411s][info][gc] GC(22335) Pause Young (Allocation Failure) 14M->10M(15M) 0.188ms
[39.411s][info][gc] GC(22336) Pause Young (Allocation Failure) 14M->10M(15M) 0.179ms
[39.412s][info][gc] GC(22337) Pause Young (Allocation Failure) 14M->11M(15M) 0.211ms
[39.413s][info][gc] GC(22338) Pause Young (Allocation Failure) 15M->15M(15M) 0.025ms
[39.422s][info][gc] GC(22339) Pause Full (Allocation Failure) 15M->8M(15M) 9.064ms
[39.423s][info][gc] GC(22340) Pause Young (Allocation Failure) 12M->8M(15M) 0.200ms
[39.424s][info][gc] GC(22341) Pause Young (Allocation Failure) 12M->8M(15M) 0.170ms
[39.425s][info][gc] GC(22342) Pause Young (Allocation Failure) 12M->8M(15M) 0.170ms
[39.426s][info][gc] GC(22343) Pause Young (Allocation Failure) 12M->8M(15M) 0.187ms
[39.426s][info][gc] GC(22344) Pause Young (Allocation Failure) 12M->8M(15M) 0.179ms
[39.427s][info][gc] GC(22345) Pause Young (Allocation Failure) 12M->8M(15M) 0.173ms
[39.428s][info][gc] GC(22346) Pause Young (Allocation Failure) 12M->8M(15M) 0.170ms
[39.429s][info][gc] GC(22347) Pause Young (Allocation Failure) 12M->8M(15M) 0.169ms
[39.430s][info][gc] GC(22348) Pause Young (Allocation Failure) 12M->8M(15M) 0.132ms
[39.431s][info][gc] GC(22349) Pause Young (Allocation Failure) 12M->8M(15M) 0.176ms
[39.431s][info][gc] GC(22350) Pause Young (Allocation Failure) 12M->8M(15M) 0.198ms
[39.432s][info][gc] GC(22351) Pause Young (Allocation Failure) 13M->8M(15M) 0.171ms
[39.433s][info][gc] GC(22352) Pause Young (Allocation Failure) 12M->8M(15M) 0.180ms
[39.434s][info][gc] GC(22353) Pause Young (Allocation Failure) 13M->8M(15M) 0.186ms
[39.435s][info][gc] GC(22354) Pause Young (Allocation Failure) 13M->8M(15M) 0.170ms
[39.435s][info][gc] GC(22355) Pause Young (Allocation Failure) 13M->9M(15M) 0.195ms
[39.436s][info][gc] GC(22356) Pause Young (Allocation Failure) 13M->8M(15M) 0.167ms
[39.437s][info][gc] GC(22357) Pause Young (Allocation Failure) 13M->9M(15M) 0.203ms
[39.438s][info][gc] GC(22358) Pause Young (Allocation Failure) 13M->9M(15M) 0.180ms
[39.439s][info][gc] GC(22359) Pause Young (Allocation Failure) 13M->9M(15M) 0.178ms
[39.440s][info][gc] GC(22360) Pause Young (Allocation Failure) 13M->9M(15M) 0.192ms
[39.440s][info][gc] GC(22361) Pause Young (Allocation Failure) 13M->9M(15M) 0.200ms
[39.441s][info][gc] GC(22362) Pause Young (Allocation Failure) 14M->9M(15M) 0.164ms
[39.442s][info][gc] GC(22363) Pause Young (Allocation Failure) 13M->9M(15M) 0.175ms
[39.443s][info][gc] GC(22364) Pause Young (Allocation Failure) 14M->9M(15M) 0.182ms
[39.444s][info][gc] GC(22365) Pause Young (Allocation Failure) 14M->9M(15M) 0.170ms
[39.444s][info][gc] GC(22366) Pause Young (Allocation Failure) 13M->9M(15M) 0.163ms
[39.445s][info][gc] GC(22367) Pause Young (Allocation Failure) 13M->9M(15M) 0.172ms
[39.446s][info][gc] GC(22368) Pause Young (Allocation Failure) 13M->10M(15M) 0.207ms
[39.447s][info][gc] GC(22369) Pause Young (Allocation Failure) 14M->10M(15M) 0.186ms
[39.448s][info][gc] GC(22370) Pause Young (Allocation Failure) 14M->10M(15M) 0.194ms
[39.449s][info][gc] GC(22371) Pause Young (Allocation Failure) 14M->10M(15M) 0.192ms
[39.450s][info][gc] GC(22372) Pause Young (Allocation Failure) 14M->10M(15M) 0.170ms
[39.450s][info][gc] GC(22373) Pause Young (Allocation Failure) 14M->10M(15M) 0.195ms
[39.451s][info][gc] GC(22374) Pause Young (Allocation Failure) 15M->15M(15M) 0.025ms
[39.460s][info][gc] GC(22375) Pause Full (Allocation Failure) 15M->8M(15M) 9.247ms
[39.461s][info][gc] GC(22376) Pause Young (Allocation Failure) 12M->9M(15M) 0.216ms
[39.462s][info][gc] GC(22377) Pause Young (Allocation Failure) 13M->9M(15M) 0.192ms
[39.463s][info][gc] GC(22378) Pause Young (Allocation Failure) 13M->9M(15M) 0.171ms
[39.464s][info][gc] GC(22379) Pause Young (Allocation Failure) 13M->9M(15M) 0.187ms
[39.465s][info][gc] GC(22380) Pause Young (Allocation Failure) 14M->9M(15M) 0.183ms
[39.466s][info][gc] GC(22381) Pause Young (Allocation Failure) 14M->9M(15M) 0.163ms
[39.466s][info][gc] GC(22382) Pause Young (Allocation Failure) 13M->10M(15M) 0.197ms
[39.467s][info][gc] GC(22383) Pause Young (Allocation Failure) 14M->10M(15M) 0.244ms
[39.468s][info][gc] GC(22384) Pause Young (Allocation Failure) 14M->10M(15M) 0.198ms
[39.469s][info][gc] GC(22385) Pause Young (Allocation Failure) 14M->10M(15M) 0.178ms
[39.470s][info][gc] GC(22386) Pause Young (Allocation Failure) 14M->10M(15M) 0.166ms
[39.471s][info][gc] GC(22387) Pause Young (Allocation Failure) 14M->10M(15M) 0.181ms
[39.472s][info][gc] GC(22388) Pause Young (Allocation Failure) 14M->10M(15M) 0.178ms
[39.472s][info][gc] GC(22389) Pause Young (Allocation Failure) 14M->10M(15M) 0.191ms
[39.473s][info][gc] GC(22390) Pause Young (Allocation Failure) 14M->10M(15M) 0.167ms
[39.474s][info][gc] GC(22391) Pause Young (Allocation Failure) 14M->10M(15M) 0.184ms
[39.475s][info][gc] GC(22392) Pause Young (Allocation Failure) 14M->10M(15M) 0.178ms
[39.476s][info][gc] GC(22393) Pause Young (Allocation Failure) 14M->10M(15M) 0.190ms
[39.477s][info][gc] GC(22394) Pause Young (Allocation Failure) 15M->15M(15M) 0.340ms
[39.486s][info][gc] GC(22395) Pause Full (Allocation Failure) 15M->9M(15M) 9.573ms
[39.487s][info][gc] GC(22396) Pause Young (Allocation Failure) 13M->10M(15M) 0.219ms
[39.488s][info][gc] GC(22397) Pause Young (Allocation Failure) 14M->9M(15M) 0.172ms
[39.489s][info][gc] GC(22398) Pause Young (Allocation Failure) 14M->10M(15M) 0.198ms
[39.490s][info][gc] GC(22399) Pause Young (Allocation Failure) 14M->10M(15M) 0.192ms
[39.491s][info][gc] GC(22400) Pause Young (Allocation Failure) 14M->10M(15M) 0.184ms
[39.492s][info][gc] GC(22401) Pause Young (Allocation Failure) 14M->10M(15M) 0.176ms
[39.492s][info][gc] GC(22402) Pause Young (Allocation Failure) 14M->10M(15M) 0.164ms
[39.493s][info][gc] GC(22403) Pause Young (Allocation Failure) 14M->10M(15M) 0.199ms
[39.494s][info][gc] GC(22404) Pause Young (Allocation Failure) 14M->10M(15M) 0.195ms
[39.495s][info][gc] GC(22405) Pause Young (Allocation Failure) 15M->10M(15M) 0.193ms
[39.496s][info][gc] GC(22406) Pause Young (Allocation Failure) 15M->15M(15M) 0.025ms
[39.505s][info][gc] GC(22407) Pause Full (Allocation Failure) 15M->8M(15M) 9.846ms
[39.506s][info][gc] GC(22408) Pause Young (Allocation Failure) 13M->9M(15M) 0.237ms
[39.507s][info][gc] GC(22409) Pause Young (Allocation Failure) 13M->9M(15M) 0.200ms
[39.508s][info][gc] GC(22410) Pause Young (Allocation Failure) 13M->9M(15M) 0.194ms
[39.509s][info][gc] GC(22411) Pause Young (Allocation Failure) 14M->10M(15M) 0.194ms
[39.510s][info][gc] GC(22412) Pause Young (Allocation Failure) 14M->10M(15M) 0.180ms
[39.511s][info][gc] GC(22413) Pause Young (Allocation Failure) 14M->10M(15M) 0.188ms
[39.512s][info][gc] GC(22414) Pause Young (Allocation Failure) 14M->9M(15M) 0.168ms
[39.513s][info][gc] GC(22415) Pause Young (Allocation Failure) 14M->10M(15M) 0.191ms
[39.513s][info][gc] GC(22416) Pause Young (Allocation Failure) 14M->10M(15M) 0.200ms
[39.514s][info][gc] GC(22417) Pause Young (Allocation Failure) 14M->10M(15M) 0.192ms
[39.515s][info][gc] GC(22418) Pause Young (Allocation Failure) 14M->10M(15M) 0.183ms
[39.516s][info][gc] GC(22419) Pause Young (Allocation Failure) 14M->10M(15M) 0.171ms
[39.517s][info][gc] GC(22420) Pause Young (Allocation Failure) 14M->10M(15M) 0.172ms
[39.517s][info][gc] GC(22421) Pause Young (Allocation Failure) 14M->10M(15M) 0.197ms
[39.518s][info][gc] GC(22422) Pause Young (Allocation Failure) 15M->15M(15M) 0.025ms
[39.527s][info][gc] GC(22423) Pause Full (Allocation Failure) 15M->8M(15M) 9.268ms
[39.528s][info][gc] GC(22424) Pause Young (Allocation Failure) 12M->8M(15M) 0.182ms
[39.529s][info][gc] GC(22425) Pause Young (Allocation Failure) 12M->8M(15M) 0.196ms
[39.530s][info][gc] GC(22426) Pause Young (Allocation Failure) 13M->8M(15M) 0.173ms
[39.531s][info][gc] GC(22427) Pause Young (Allocation Failure) 13M->9M(15M) 0.208ms
[39.532s][info][gc] GC(22428) Pause Young (Allocation Failure) 13M->8M(15M) 0.165ms
[39.532s][info][gc] GC(22429) Pause Young (Allocation Failure) 13M->9M(15M) 0.192ms
[39.533s][info][gc] GC(22430) Pause Young (Allocation Failure) 13M->9M(15M) 0.164ms
[39.534s][info][gc] GC(22431) Pause Young (Allocation Failure) 13M->9M(15M) 0.185ms
[39.535s][info][gc] GC(22432) Pause Young (Allocation Failure) 13M->9M(15M) 0.198ms
[39.536s][info][gc] GC(22433) Pause Young (Allocation Failure) 14M->9M(15M) 0.171ms
[39.537s][info][gc] GC(22434) Pause Young (Allocation Failure) 13M->10M(15M) 0.186ms
[39.537s][info][gc] GC(22435) Pause Young (Allocation Failure) 14M->9M(15M) 0.168ms
[39.538s][info][gc] GC(22436) Pause Young (Allocation Failure) 14M->9M(15M) 0.177ms
[39.539s][info][gc] GC(22437) Pause Young (Allocation Failure) 14M->9M(15M) 0.179ms
[39.540s][info][gc] GC(22438) Pause Young (Allocation Failure) 14M->10M(15M) 0.195ms
[39.541s][info][gc] GC(22439) Pause Young (Allocation Failure) 14M->10M(15M) 0.182ms
[39.542s][info][gc] GC(22440) Pause Young (Allocation Failure) 14M->10M(15M) 0.185ms
[39.542s][info][gc] GC(22441) Pause Young (Allocation Failure) 14M->10M(15M) 0.188ms
[39.543s][info][gc] GC(22442) Pause Young (Allocation Failure) 14M->10M(15M) 0.173ms
[39.544s][info][gc] GC(22443) Pause Young (Allocation Failure) 14M->10M(15M) 0.177ms
[39.545s][info][gc] GC(22444) Pause Young (Allocation Failure) 14M->10M(15M) 0.186ms
[39.546s][info][gc] GC(22445) Pause Young (Allocation Failure) 14M->10M(15M) 0.161ms
[39.547s][info][gc] GC(22446) Pause Young (Allocation Failure) 15M->10M(15M) 0.193ms
[39.548s][info][gc] GC(22447) Pause Young (Allocation Failure) 15M->15M(15M) 0.025ms
[39.557s][info][gc] GC(22448) Pause Full (Allocation Failure) 15M->8M(15M) 9.651ms
[39.558s][info][gc] GC(22449) Pause Young (Allocation Failure) 12M->9M(15M) 0.196ms
[39.559s][info][gc] GC(22450) Pause Young (Allocation Failure) 13M->8M(15M) 0.174ms
[39.560s][info][gc] GC(22451) Pause Young (Allocation Failure) 13M->8M(15M) 0.198ms
[39.561s][info][gc] GC(22452) Pause Young (Allocation Failure) 13M->9M(15M) 0.197ms
[39.561s][info][gc] GC(22453) Pause Young (Allocation Failure) 13M->9M(15M) 0.185ms
[39.562s][info][gc] GC(22454) Pause Young (Allocation Failure) 13M->9M(15M) 0.173ms
[39.563s][info][gc] GC(22455) Pause Young (Allocation Failure) 13M->8M(15M) 0.171ms
[39.564s][info][gc] GC(22456) Pause Young (Allocation Failure) 13M->9M(15M) 0.194ms
[39.565s][info][gc] GC(22457) Pause Young (Allocation Failure) 13M->9M(15M) 0.194ms
[39.565s][info][gc] GC(22458) Pause Young (Allocation Failure) 13M->9M(15M) 0.175ms
[39.566s][info][gc] GC(22459) Pause Young (Allocation Failure) 13M->9M(15M) 0.150ms
[39.567s][info][gc] GC(22460) Pause Young (Allocation Failure) 14M->9M(15M) 0.168ms
[39.568s][info][gc] GC(22461) Pause Young (Allocation Failure) 13M->10M(15M) 0.191ms
[39.569s][info][gc] GC(22462) Pause Young (Allocation Failure) 14M->10M(15M) 0.223ms
[39.569s][info][gc] GC(22463) Pause Young (Allocation Failure) 14M->10M(15M) 0.180ms
[39.570s][info][gc] GC(22464) Pause Young (Allocation Failure) 14M->10M(15M) 0.156ms
[39.571s][info][gc] GC(22465) Pause Young (Allocation Failure) 15M->15M(15M) 0.025ms
[39.580s][info][gc] GC(22466) Pause Full (Allocation Failure) 15M->9M(15M) 9.297ms
[39.581s][info][gc] GC(22467) Pause Young (Allocation Failure) 13M->9M(15M) 0.215ms
[39.582s][info][gc] GC(22468) Pause Young (Allocation Failure) 13M->9M(15M) 0.196ms
[39.583s][info][gc] GC(22469) Pause Young (Allocation Failure) 13M->9M(15M) 0.181ms
[39.584s][info][gc] GC(22470) Pause Young (Allocation Failure) 13M->10M(15M) 0.221ms
[39.585s][info][gc] GC(22471) Pause Young (Allocation Failure) 14M->10M(15M) 0.180ms
[39.586s][info][gc] GC(22472) Pause Young (Allocation Failure) 14M->9M(15M) 0.165ms
[39.587s][info][gc] GC(22473) Pause Young (Allocation Failure) 14M->10M(15M) 0.190ms
[39.587s][info][gc] GC(22474) Pause Young (Allocation Failure) 14M->9M(15M) 0.164ms
[39.588s][info][gc] GC(22475) Pause Young (Allocation Failure) 14M->10M(15M) 0.190ms
[39.589s][info][gc] GC(22476) Pause Young (Allocation Failure) 14M->10M(15M) 0.196ms
[39.590s][info][gc] GC(22477) Pause Young (Allocation Failure) 14M->10M(15M) 0.175ms
[39.591s][info][gc] GC(22478) Pause Young (Allocation Failure) 14M->10M(15M) 0.156ms
[39.591s][info][gc] GC(22479) Pause Young (Allocation Failure) 15M->15M(15M) 0.025ms
[39.601s][info][gc] GC(22480) Pause Full (Allocation Failure) 15M->8M(15M) 9.338ms
[39.602s][info][gc] GC(22481) Pause Young (Allocation Failure) 12M->8M(15M) 0.188ms
[39.602s][info][gc] GC(22482) Pause Young (Allocation Failure) 12M->8M(15M) 0.190ms
[39.603s][info][gc] GC(22483) Pause Young (Allocation Failure) 12M->8M(15M) 0.202ms
[39.604s][info][gc] GC(22484) Pause Young (Allocation Failure) 13M->8M(15M) 0.173ms
[39.605s][info][gc] GC(22485) Pause Young (Allocation Failure) 13M->8M(15M) 0.183ms
[39.606s][info][gc] GC(22486) Pause Young (Allocation Failure) 13M->9M(15M) 0.201ms
[39.607s][info][gc] GC(22487) Pause Young (Allocation Failure) 13M->9M(15M) 0.176ms
[39.608s][info][gc] GC(22488) Pause Young (Allocation Failure) 13M->9M(15M) 0.175ms
[39.608s][info][gc] GC(22489) Pause Young (Allocation Failure) 13M->9M(15M) 0.194ms
[39.609s][info][gc] GC(22490) Pause Young (Allocation Failure) 13M->9M(15M) 0.180ms
[39.610s][info][gc] GC(22491) Pause Young (Allocation Failure) 13M->9M(15M) 0.188ms
[39.611s][info][gc] GC(22492) Pause Young (Allocation Failure) 13M->9M(15M) 0.169ms
[39.612s][info][gc] GC(22493) Pause Young (Allocation Failure) 13M->9M(15M) 0.181ms
[39.613s][info][gc] GC(22494) Pause Young (Allocation Failure) 13M->9M(15M) 0.185ms
[39.613s][info][gc] GC(22495) Pause Young (Allocation Failure) 13M->9M(15M) 0.191ms
[39.614s][info][gc] GC(22496) Pause Young (Allocation Failure) 13M->9M(15M) 0.179ms
[39.615s][info][gc] GC(22497) Pause Young (Allocation Failure) 13M->9M(15M) 0.165ms
[39.616s][info][gc] GC(22498) Pause Young (Allocation Failure) 13M->9M(15M) 0.142ms
[39.617s][info][gc] GC(22499) Pause Young (Allocation Failure) 13M->9M(15M) 0.173ms
[39.618s][info][gc] GC(22500) Pause Young (Allocation Failure) 13M->9M(15M) 0.166ms
[39.618s][info][gc] GC(22501) Pause Young (Allocation Failure) 13M->9M(15M) 0.177ms
[39.619s][info][gc] GC(22502) Pause Young (Allocation Failure) 13M->9M(15M) 0.187ms
[39.620s][info][gc] GC(22503) Pause Young (Allocation Failure) 14M->9M(15M) 0.164ms
[39.621s][info][gc] GC(22504) Pause Young (Allocation Failure) 13M->10M(15M) 0.212ms
[39.622s][info][gc] GC(22505) Pause Young (Allocation Failure) 14M->10M(15M) 0.173ms
[39.622s][info][gc] GC(22506) Pause Young (Allocation Failure) 14M->10M(15M) 0.189ms
[39.623s][info][gc] GC(22507) Pause Young (Allocation Failure) 14M->10M(15M) 0.183ms
[39.624s][info][gc] GC(22508) Pause Young (Allocation Failure) 14M->10M(15M) 0.187ms
[39.625s][info][gc] GC(22509) Pause Young (Allocation Failure) 15M->15M(15M) 0.025ms
[39.634s][info][gc] GC(22510) Pause Full (Allocation Failure) 15M->9M(15M) 9.275ms
[39.635s][info][gc] GC(22511) Pause Young (Allocation Failure) 13M->9M(15M) 0.201ms
[39.636s][info][gc] GC(22512) Pause Young (Allocation Failure) 14M->10M(15M) 0.206ms
[39.637s][info][gc] GC(22513) Pause Young (Allocation Failure) 14M->10M(15M) 0.187ms
[39.638s][info][gc] GC(22514) Pause Young (Allocation Failure) 14M->9M(15M) 0.159ms
[39.639s][info][gc] GC(22515) Pause Young (Allocation Failure) 14M->10M(15M) 0.178ms
[39.639s][info][gc] GC(22516) Pause Young (Allocation Failure) 14M->10M(15M) 0.179ms
[39.640s][info][gc] GC(22517) Pause Young (Allocation Failure) 14M->10M(15M) 0.266ms
[39.641s][info][gc] GC(22518) Pause Young (Allocation Failure) 14M->10M(15M) 0.208ms
[39.642s][info][gc] GC(22519) Pause Young (Allocation Failure) 14M->10M(15M) 0.177ms
[39.643s][info][gc] GC(22520) Pause Young (Allocation Failure) 14M->10M(15M) 0.168ms
[39.644s][info][gc] GC(22521) Pause Young (Allocation Failure) 14M->10M(15M) 0.163ms
[39.645s][info][gc] GC(22522) Pause Young (Allocation Failure) 14M->10M(15M) 0.181ms
[39.645s][info][gc] GC(22523) Pause Young (Allocation Failure) 14M->10M(15M) 0.176ms
[39.646s][info][gc] GC(22524) Pause Young (Allocation Failure) 14M->10M(15M) 0.165ms
[39.647s][info][gc] GC(22525) Pause Young (Allocation Failure) 14M->10M(15M) 0.175ms
[39.648s][info][gc] GC(22526) Pause Young (Allocation Failure) 14M->10M(15M) 0.174ms
[39.649s][info][gc] GC(22527) Pause Young (Allocation Failure) 14M->10M(15M) 0.176ms
[39.650s][info][gc] GC(22528) Pause Young (Allocation Failure) 14M->10M(15M) 0.200ms
[39.650s][info][gc] GC(22529) Pause Young (Allocation Failure) 15M->10M(15M) 0.164ms
[39.651s][info][gc] GC(22530) Pause Young (Allocation Failure) 14M->15M(15M) 0.325ms
[39.661s][info][gc] GC(22531) Pause Full (Allocation Failure) 15M->9M(15M) 9.429ms
[39.662s][info][gc] GC(22532) Pause Young (Allocation Failure) 13M->10M(15M) 0.245ms
[39.663s][info][gc] GC(22533) Pause Young (Allocation Failure) 14M->10M(15M) 0.198ms
[39.664s][info][gc] GC(22534) Pause Young (Allocation Failure) 14M->10M(15M) 0.172ms
[39.664s][info][gc] GC(22535) Pause Young (Allocation Failure) 14M->10M(15M) 0.195ms
[39.665s][info][gc] GC(22536) Pause Young (Allocation Failure) 14M->10M(15M) 0.182ms
[39.666s][info][gc] GC(22537) Pause Young (Allocation Failure) 14M->10M(15M) 0.181ms
[39.667s][info][gc] GC(22538) Pause Young (Allocation Failure) 14M->10M(15M) 0.254ms
[39.668s][info][gc] GC(22539) Pause Young (Allocation Failure) 15M->10M(15M) 0.166ms
[39.669s][info][gc] GC(22540) Pause Young (Allocation Failure) 14M->10M(15M) 0.168ms
[39.670s][info][gc] GC(22541) Pause Young (Allocation Failure) 15M->15M(15M) 0.322ms
[39.679s][info][gc] GC(22542) Pause Full (Allocation Failure) 15M->9M(15M) 9.821ms
[39.680s][info][gc] GC(22543) Pause Young (Allocation Failure) 13M->9M(15M) 0.201ms
[39.681s][info][gc] GC(22544) Pause Young (Allocation Failure) 14M->10M(15M) 0.198ms
[39.682s][info][gc] GC(22545) Pause Young (Allocation Failure) 14M->10M(15M) 0.188ms
[39.683s][info][gc] GC(22546) Pause Young (Allocation Failure) 14M->10M(15M) 0.162ms
[39.684s][info][gc] GC(22547) Pause Young (Allocation Failure) 14M->10M(15M) 0.178ms
[39.685s][info][gc] GC(22548) Pause Young (Allocation Failure) 14M->10M(15M) 0.163ms
[39.686s][info][gc] GC(22549) Pause Young (Allocation Failure) 14M->10M(15M) 0.174ms
[39.687s][info][gc] GC(22550) Pause Young (Allocation Failure) 14M->10M(15M) 0.185ms
[39.687s][info][gc] GC(22551) Pause Young (Allocation Failure) 14M->10M(15M) 0.175ms
[39.688s][info][gc] GC(22552) Pause Young (Allocation Failure) 14M->10M(15M) 0.167ms
[39.689s][info][gc] GC(22553) Pause Young (Allocation Failure) 14M->10M(15M) 0.183ms
[39.690s][info][gc] GC(22554) Pause Young (Allocation Failure) 14M->10M(15M) 0.187ms
[39.691s][info][gc] GC(22555) Pause Young (Allocation Failure) 14M->10M(15M) 0.192ms
[39.691s][info][gc] GC(22556) Pause Young (Allocation Failure) 15M->10M(15M) 0.183ms
[39.692s][info][gc] GC(22557) Pause Young (Allocation Failure) 15M->15M(15M) 0.024ms
[39.701s][info][gc] GC(22558) Pause Full (Allocation Failure) 15M->8M(15M) 9.391ms
[39.702s][info][gc] GC(22559) Pause Young (Allocation Failure) 13M->9M(15M) 0.227ms
[39.703s][info][gc] GC(22560) Pause Young (Allocation Failure) 13M->9M(15M) 0.183ms
[39.704s][info][gc] GC(22561) Pause Young (Allocation Failure) 13M->9M(15M) 0.179ms
[39.705s][info][gc] GC(22562) Pause Young (Allocation Failure) 13M->9M(15M) 0.160ms
[39.706s][info][gc] GC(22563) Pause Young (Allocation Failure) 13M->9M(15M) 0.180ms
[39.707s][info][gc] GC(22564) Pause Young (Allocation Failure) 13M->9M(15M) 0.320ms
[39.708s][info][gc] GC(22565) Pause Young (Allocation Failure) 13M->9M(15M) 0.162ms
[39.708s][info][gc] GC(22566) Pause Young (Allocation Failure) 13M->9M(15M) 0.198ms
[39.709s][info][gc] GC(22567) Pause Young (Allocation Failure) 14M->9M(15M) 0.180ms
[39.710s][info][gc] GC(22568) Pause Young (Allocation Failure) 14M->9M(15M) 0.184ms
[39.711s][info][gc] GC(22569) Pause Young (Allocation Failure) 14M->9M(15M) 0.174ms
[39.712s][info][gc] GC(22570) Pause Young (Allocation Failure) 14M->10M(15M) 0.202ms
[39.712s][info][gc] GC(22571) Pause Young (Allocation Failure) 14M->9M(15M) 0.166ms
[39.713s][info][gc] GC(22572) Pause Young (Allocation Failure) 14M->10M(15M) 0.179ms
[39.714s][info][gc] GC(22573) Pause Young (Allocation Failure) 14M->10M(15M) 0.178ms
[39.715s][info][gc] GC(22574) Pause Young (Allocation Failure) 14M->10M(15M) 0.176ms
[39.716s][info][gc] GC(22575) Pause Young (Allocation Failure) 14M->10M(15M) 0.168ms
[39.716s][info][gc] GC(22576) Pause Young (Allocation Failure) 14M->9M(15M) 0.166ms
[39.717s][info][gc] GC(22577) Pause Young (Allocation Failure) 14M->10M(15M) 0.151ms
[39.718s][info][gc] GC(22578) Pause Young (Allocation Failure) 14M->10M(15M) 0.166ms
[39.719s][info][gc] GC(22579) Pause Young (Allocation Failure) 14M->10M(15M) 0.183ms
[39.720s][info][gc] GC(22580) Pause Young (Allocation Failure) 14M->10M(15M) 0.183ms
[39.720s][info][gc] GC(22581) Pause Young (Allocation Failure) 14M->10M(15M) 0.187ms
[39.721s][info][gc] GC(22582) Pause Young (Allocation Failure) 14M->10M(15M) 0.203ms
[39.722s][info][gc] GC(22583) Pause Young (Allocation Failure) 15M->15M(15M) 0.327ms
[39.732s][info][gc] GC(22584) Pause Full (Allocation Failure) 15M->8M(15M) 9.711ms
[39.733s][info][gc] GC(22585) Pause Young (Allocation Failure) 13M->9M(15M) 0.189ms
[39.734s][info][gc] GC(22586) Pause Young (Allocation Failure) 13M->9M(15M) 0.213ms
[39.734s][info][gc] GC(22587) Pause Young (Allocation Failure) 14M->9M(15M) 0.193ms
[39.735s][info][gc] GC(22588) Pause Young (Allocation Failure) 14M->10M(15M) 0.212ms
[39.736s][info][gc] GC(22589) Pause Young (Allocation Failure) 14M->10M(15M) 0.198ms
[39.737s][info][gc] GC(22590) Pause Young (Allocation Failure) 14M->10M(15M) 0.184ms
[39.738s][info][gc] GC(22591) Pause Young (Allocation Failure) 14M->10M(15M) 0.165ms
[39.739s][info][gc] GC(22592) Pause Young (Allocation Failure) 14M->10M(15M) 0.175ms
[39.739s][info][gc] GC(22593) Pause Young (Allocation Failure) 14M->10M(15M) 0.192ms
[39.740s][info][gc] GC(22594) Pause Young (Allocation Failure) 15M->15M(15M) 0.025ms
[39.750s][info][gc] GC(22595) Pause Full (Allocation Failure) 15M->8M(15M) 9.538ms
[39.750s][info][gc] GC(22596) Pause Young (Allocation Failure) 12M->8M(15M) 0.191ms
[39.751s][info][gc] GC(22597) Pause Young (Allocation Failure) 13M->9M(15M) 0.194ms
[39.752s][info][gc] GC(22598) Pause Young (Allocation Failure) 13M->9M(15M) 0.185ms
[39.753s][info][gc] GC(22599) Pause Young (Allocation Failure) 13M->9M(15M) 0.182ms
[39.754s][info][gc] GC(22600) Pause Young (Allocation Failure) 13M->8M(15M) 0.164ms
[39.755s][info][gc] GC(22601) Pause Young (Allocation Failure) 13M->9M(15M) 0.189ms
[39.756s][info][gc] GC(22602) Pause Young (Allocation Failure) 13M->9M(15M) 0.187ms
[39.757s][info][gc] GC(22603) Pause Young (Allocation Failure) 13M->9M(15M) 0.206ms
[39.757s][info][gc] GC(22604) Pause Young (Allocation Failure) 14M->9M(15M) 0.167ms
[39.758s][info][gc] GC(22605) Pause Young (Allocation Failure) 13M->10M(15M) 0.193ms
[39.759s][info][gc] GC(22606) Pause Young (Allocation Failure) 14M->9M(15M) 0.163ms
[39.760s][info][gc] GC(22607) Pause Young (Allocation Failure) 13M->10M(15M) 0.200ms
[39.761s][info][gc] GC(22608) Pause Young (Allocation Failure) 14M->9M(15M) 0.169ms
[39.762s][info][gc] GC(22609) Pause Young (Allocation Failure) 14M->10M(15M) 0.180ms
[39.763s][info][gc] GC(22610) Pause Young (Allocation Failure) 14M->10M(15M) 0.169ms
[39.763s][info][gc] GC(22611) Pause Young (Allocation Failure) 14M->10M(15M) 0.196ms
[39.764s][info][gc] GC(22612) Pause Young (Allocation Failure) 14M->10M(15M) 0.194ms
[39.765s][info][gc] GC(22613) Pause Young (Allocation Failure) 15M->10M(15M) 0.187ms
[39.766s][info][gc] GC(22614) Pause Young (Allocation Failure) 15M->10M(15M) 0.192ms
[39.767s][info][gc] GC(22615) Pause Young (Allocation Failure) 15M->15M(15M) 0.025ms
[39.776s][info][gc] GC(22616) Pause Full (Allocation Failure) 15M->8M(15M) 9.667ms
[39.777s][info][gc] GC(22617) Pause Young (Allocation Failure) 13M->9M(15M) 0.237ms
[39.778s][info][gc] GC(22618) Pause Young (Allocation Failure) 13M->9M(15M) 0.206ms
[39.779s][info][gc] GC(22619) Pause Young (Allocation Failure) 13M->9M(15M) 0.163ms
[39.780s][info][gc] GC(22620) Pause Young (Allocation Failure) 13M->9M(15M) 0.198ms
[39.781s][info][gc] GC(22621) Pause Young (Allocation Failure) 14M->9M(15M) 0.180ms
[39.782s][info][gc] GC(22622) Pause Young (Allocation Failure) 14M->9M(15M) 0.179ms
[39.782s][info][gc] GC(22623) Pause Young (Allocation Failure) 14M->9M(15M) 0.162ms
[39.783s][info][gc] GC(22624) Pause Young (Allocation Failure) 13M->10M(15M) 0.193ms
[39.784s][info][gc] GC(22625) Pause Young (Allocation Failure) 14M->10M(15M) 0.183ms
[39.785s][info][gc] GC(22626) Pause Young (Allocation Failure) 14M->9M(15M) 0.164ms
[39.786s][info][gc] GC(22627) Pause Young (Allocation Failure) 14M->10M(15M) 0.180ms
[39.787s][info][gc] GC(22628) Pause Young (Allocation Failure) 14M->10M(15M) 0.194ms
[39.788s][info][gc] GC(22629) Pause Young (Allocation Failure) 14M->10M(15M) 0.186ms
[39.788s][info][gc] GC(22630) Pause Young (Allocation Failure) 14M->10M(15M) 0.177ms
[39.789s][info][gc] GC(22631) Pause Young (Allocation Failure) 14M->10M(15M) 0.176ms
[39.790s][info][gc] GC(22632) Pause Young (Allocation Failure) 14M->10M(15M) 0.212ms
[39.791s][info][gc] GC(22633) Pause Young (Allocation Failure) 15M->15M(15M) 0.025ms
[39.801s][info][gc] GC(22634) Pause Full (Allocation Failure) 15M->8M(15M) 9.784ms
[39.802s][info][gc] GC(22635) Pause Young (Allocation Failure) 12M->8M(15M) 0.208ms
[39.803s][info][gc] GC(22636) Pause Young (Allocation Failure) 13M->9M(15M) 0.197ms
[39.803s][info][gc] GC(22637) Pause Young (Allocation Failure) 13M->8M(15M) 0.166ms
[39.804s][info][gc] GC(22638) Pause Young (Allocation Failure) 12M->9M(15M) 0.182ms
[39.805s][info][gc] GC(22639) Pause Young (Allocation Failure) 13M->8M(15M) 0.177ms
[39.806s][info][gc] GC(22640) Pause Young (Allocation Failure) 13M->9M(15M) 0.188ms
[39.807s][info][gc] GC(22641) Pause Young (Allocation Failure) 13M->9M(15M) 0.157ms
[39.808s][info][gc] GC(22642) Pause Young (Allocation Failure) 13M->9M(15M) 0.173ms
[39.808s][info][gc] GC(22643) Pause Young (Allocation Failure) 13M->9M(15M) 0.177ms
[39.809s][info][gc] GC(22644) Pause Young (Allocation Failure) 13M->9M(15M) 0.191ms
[39.810s][info][gc] GC(22645) Pause Young (Allocation Failure) 13M->9M(15M) 0.172ms
[39.811s][info][gc] GC(22646) Pause Young (Allocation Failure) 13M->9M(15M) 0.171ms
[39.812s][info][gc] GC(22647) Pause Young (Allocation Failure) 13M->9M(15M) 0.212ms
[39.813s][info][gc] GC(22648) Pause Young (Allocation Failure) 14M->10M(15M) 0.189ms
[39.813s][info][gc] GC(22649) Pause Young (Allocation Failure) 14M->10M(15M) 0.179ms
[39.814s][info][gc] GC(22650) Pause Young (Allocation Failure) 14M->10M(15M) 0.216ms
[39.815s][info][gc] GC(22651) Pause Young (Allocation Failure) 14M->9M(15M) 0.191ms
[39.816s][info][gc] GC(22652) Pause Young (Allocation Failure) 14M->10M(15M) 0.172ms
[39.817s][info][gc] GC(22653) Pause Young (Allocation Failure) 14M->10M(15M) 0.184ms
[39.817s][info][gc] GC(22654) Pause Young (Allocation Failure) 14M->10M(15M) 0.189ms
[39.818s][info][gc] GC(22655) Pause Young (Allocation Failure) 14M->10M(15M) 0.165ms
[39.819s][info][gc] GC(22656) Pause Young (Allocation Failure) 14M->10M(15M) 0.178ms
[39.820s][info][gc] GC(22657) Pause Young (Allocation Failure) 14M->10M(15M) 0.167ms
[39.821s][info][gc] GC(22658) Pause Young (Allocation Failure) 14M->10M(15M) 0.183ms
[39.821s][info][gc] GC(22659) Pause Young (Allocation Failure) 14M->10M(15M) 0.198ms
[39.822s][info][gc] GC(22660) Pause Young (Allocation Failure) 15M->10M(15M) 0.180ms
[39.823s][info][gc] GC(22661) Pause Young (Allocation Failure) 15M->10M(15M) 0.191ms
[39.824s][info][gc] GC(22662) Pause Young (Allocation Failure) 15M->15M(15M) 0.025ms
[39.834s][info][gc] GC(22663) Pause Full (Allocation Failure) 15M->9M(15M) 9.570ms
[39.835s][info][gc] GC(22664) Pause Young (Allocation Failure) 13M->9M(15M) 0.176ms
[39.835s][info][gc] GC(22665) Pause Young (Allocation Failure) 13M->9M(15M) 0.213ms
[39.836s][info][gc] GC(22666) Pause Young (Allocation Failure) 14M->9M(15M) 0.171ms
[39.837s][info][gc] GC(22667) Pause Young (Allocation Failure) 13M->9M(15M) 0.167ms
[39.838s][info][gc] GC(22668) Pause Young (Allocation Failure) 13M->9M(15M) 0.184ms
[39.839s][info][gc] GC(22669) Pause Young (Allocation Failure) 14M->9M(15M) 0.166ms
[39.840s][info][gc] GC(22670) Pause Young (Allocation Failure) 13M->9M(15M) 0.193ms
[39.840s][info][gc] GC(22671) Pause Young (Allocation Failure) 14M->10M(15M) 0.192ms
[39.841s][info][gc] GC(22672) Pause Young (Allocation Failure) 14M->9M(15M) 0.166ms
[39.842s][info][gc] GC(22673) Pause Young (Allocation Failure) 13M->10M(15M) 0.201ms
[39.843s][info][gc] GC(22674) Pause Young (Allocation Failure) 14M->9M(15M) 0.162ms
[39.844s][info][gc] GC(22675) Pause Young (Allocation Failure) 14M->10M(15M) 0.173ms
[39.844s][info][gc] GC(22676) Pause Young (Allocation Failure) 14M->9M(15M) 0.164ms
[39.845s][info][gc] GC(22677) Pause Young (Allocation Failure) 14M->10M(15M) 0.195ms
[39.846s][info][gc] GC(22678) Pause Young (Allocation Failure) 14M->10M(15M) 0.204ms
[39.847s][info][gc] GC(22679) Pause Young (Allocation Failure) 15M->15M(15M) 0.025ms
[39.856s][info][gc] GC(22680) Pause Full (Allocation Failure) 15M->8M(15M) 9.605ms
[39.857s][info][gc] GC(22681) Pause Young (Allocation Failure) 13M->9M(15M) 0.220ms
[39.858s][info][gc] GC(22682) Pause Young (Allocation Failure) 13M->9M(15M) 0.210ms
[39.859s][info][gc] GC(22683) Pause Young (Allocation Failure) 13M->9M(15M) 0.172ms
[39.860s][info][gc] GC(22684) Pause Young (Allocation Failure) 13M->9M(15M) 0.182ms
[39.861s][info][gc] GC(22685) Pause Young (Allocation Failure) 13M->9M(15M) 0.143ms
[39.861s][info][gc] GC(22686) Pause Young (Allocation Failure) 13M->9M(15M) 0.179ms
[39.862s][info][gc] GC(22687) Pause Young (Allocation Failure) 13M->9M(15M) 0.185ms
[39.863s][info][gc] GC(22688) Pause Young (Allocation Failure) 13M->9M(15M) 0.184ms
[39.864s][info][gc] GC(22689) Pause Young (Allocation Failure) 13M->9M(15M) 0.178ms
[39.865s][info][gc] GC(22690) Pause Young (Allocation Failure) 13M->9M(15M) 0.163ms
[39.866s][info][gc] GC(22691) Pause Young (Allocation Failure) 13M->9M(15M) 0.169ms
[39.866s][info][gc] GC(22692) Pause Young (Allocation Failure) 13M->10M(15M) 0.220ms
[39.867s][info][gc] GC(22693) Pause Young (Allocation Failure) 14M->10M(15M) 0.200ms
[39.868s][info][gc] GC(22694) Pause Young (Allocation Failure) 14M->10M(15M) 0.190ms
[39.869s][info][gc] GC(22695) Pause Young (Allocation Failure) 14M->10M(15M) 0.183ms
[39.870s][info][gc] GC(22696) Pause Young (Allocation Failure) 14M->10M(15M) 0.182ms
[39.871s][info][gc] GC(22697) Pause Young (Allocation Failure) 14M->10M(15M) 0.204ms
[39.872s][info][gc] GC(22698) Pause Young (Allocation Failure) 15M->10M(15M) 0.177ms
[39.872s][info][gc] GC(22699) Pause Young (Allocation Failure) 14M->10M(15M) 0.201ms
[39.873s][info][gc] GC(22700) Pause Young (Allocation Failure) 15M->15M(15M) 0.025ms
[39.883s][info][gc] GC(22701) Pause Full (Allocation Failure) 15M->9M(15M) 9.730ms
[39.884s][info][gc] GC(22702) Pause Young (Allocation Failure) 13M->10M(15M) 0.232ms
[39.885s][info][gc] GC(22703) Pause Young (Allocation Failure) 14M->10M(15M) 0.194ms
[39.885s][info][gc] GC(22704) Pause Young (Allocation Failure) 14M->10M(15M) 0.179ms
[39.886s][info][gc] GC(22705) Pause Young (Allocation Failure) 14M->9M(15M) 0.173ms
[39.887s][info][gc] GC(22706) Pause Young (Allocation Failure) 14M->9M(15M) 0.172ms
[39.888s][info][gc] GC(22707) Pause Young (Allocation Failure) 14M->10M(15M) 0.177ms
[39.889s][info][gc] GC(22708) Pause Young (Allocation Failure) 14M->10M(15M) 0.194ms
[39.890s][info][gc] GC(22709) Pause Young (Allocation Failure) 14M->10M(15M) 0.156ms
[39.890s][info][gc] GC(22710) Pause Young (Allocation Failure) 14M->10M(15M) 0.184ms
[39.891s][info][gc] GC(22711) Pause Young (Allocation Failure) 14M->10M(15M) 0.166ms
[39.892s][info][gc] GC(22712) Pause Young (Allocation Failure) 14M->10M(15M) 0.168ms
[39.893s][info][gc] GC(22713) Pause Young (Allocation Failure) 15M->15M(15M) 0.025ms
[39.902s][info][gc] GC(22714) Pause Full (Allocation Failure) 15M->8M(15M) 9.194ms
[39.903s][info][gc] GC(22715) Pause Young (Allocation Failure) 12M->9M(15M) 0.242ms
[39.904s][info][gc] GC(22716) Pause Young (Allocation Failure) 13M->8M(15M) 0.189ms
[39.905s][info][gc] GC(22717) Pause Young (Allocation Failure) 13M->8M(15M) 0.164ms
[39.905s][info][gc] GC(22718) Pause Young (Allocation Failure) 13M->9M(15M) 0.213ms
[39.906s][info][gc] GC(22719) Pause Young (Allocation Failure) 13M->9M(15M) 0.198ms
[39.907s][info][gc] GC(22720) Pause Young (Allocation Failure) 13M->9M(15M) 0.178ms
[39.908s][info][gc] GC(22721) Pause Young (Allocation Failure) 13M->9M(15M) 0.182ms
[39.909s][info][gc] GC(22722) Pause Young (Allocation Failure) 13M->10M(15M) 0.211ms
[39.910s][info][gc] GC(22723) Pause Young (Allocation Failure) 14M->9M(15M) 0.161ms
[39.911s][info][gc] GC(22724) Pause Young (Allocation Failure) 13M->10M(15M) 0.199ms
[39.911s][info][gc] GC(22725) Pause Young (Allocation Failure) 14M->10M(15M) 0.199ms
[39.912s][info][gc] GC(22726) Pause Young (Allocation Failure) 14M->10M(15M) 0.169ms
[39.913s][info][gc] GC(22727) Pause Young (Allocation Failure) 14M->10M(15M) 0.190ms
[39.914s][info][gc] GC(22728) Pause Young (Allocation Failure) 15M->15M(15M) 0.025ms
[39.923s][info][gc] GC(22729) Pause Full (Allocation Failure) 15M->8M(15M) 9.628ms
[39.924s][info][gc] GC(22730) Pause Young (Allocation Failure) 12M->9M(15M) 0.198ms
[39.925s][info][gc] GC(22731) Pause Young (Allocation Failure) 13M->9M(15M) 0.183ms
[39.926s][info][gc] GC(22732) Pause Young (Allocation Failure) 13M->9M(15M) 0.216ms
[39.927s][info][gc] GC(22733) Pause Young (Allocation Failure) 13M->9M(15M) 0.207ms
[39.928s][info][gc] GC(22734) Pause Young (Allocation Failure) 13M->9M(15M) 0.175ms
[39.929s][info][gc] GC(22735) Pause Young (Allocation Failure) 13M->9M(15M) 0.168ms
[39.929s][info][gc] GC(22736) Pause Young (Allocation Failure) 14M->10M(15M) 0.197ms
[39.930s][info][gc] GC(22737) Pause Young (Allocation Failure) 14M->10M(15M) 0.157ms
[39.931s][info][gc] GC(22738) Pause Young (Allocation Failure) 14M->10M(15M) 0.201ms
[39.932s][info][gc] GC(22739) Pause Young (Allocation Failure) 14M->11M(15M) 0.210ms
[39.932s][info][gc] GC(22740) Pause Young (Allocation Failure) 15M->15M(15M) 0.024ms
[39.941s][info][gc] GC(22741) Pause Full (Allocation Failure) 15M->8M(15M) 9.166ms
[39.942s][info][gc] GC(22742) Pause Young (Allocation Failure) 13M->9M(15M) 0.208ms
[39.943s][info][gc] GC(22743) Pause Young (Allocation Failure) 13M->9M(15M) 0.203ms
[39.944s][info][gc] GC(22744) Pause Young (Allocation Failure) 13M->9M(15M) 0.183ms
[39.945s][info][gc] GC(22745) Pause Young (Allocation Failure) 13M->9M(15M) 0.175ms
[39.946s][info][gc] GC(22746) Pause Young (Allocation Failure) 13M->9M(15M) 0.174ms
[39.946s][info][gc] GC(22747) Pause Young (Allocation Failure) 13M->9M(15M) 0.161ms
[39.947s][info][gc] GC(22748) Pause Young (Allocation Failure) 13M->9M(15M) 0.195ms
[39.948s][info][gc] GC(22749) Pause Young (Allocation Failure) 14M->9M(15M) 0.166ms
[39.949s][info][gc] GC(22750) Pause Young (Allocation Failure) 13M->9M(15M) 0.180ms
[39.950s][info][gc] GC(22751) Pause Young (Allocation Failure) 14M->9M(15M) 0.185ms
[39.950s][info][gc] GC(22752) Pause Young (Allocation Failure) 14M->10M(15M) 0.198ms
[39.951s][info][gc] GC(22753) Pause Young (Allocation Failure) 14M->10M(15M) 0.132ms
[39.952s][info][gc] GC(22754) Pause Young (Allocation Failure) 14M->10M(15M) 0.166ms
[39.953s][info][gc] GC(22755) Pause Young (Allocation Failure) 14M->10M(15M) 0.165ms
[39.954s][info][gc] GC(22756) Pause Young (Allocation Failure) 14M->10M(15M) 0.176ms
[39.955s][info][gc] GC(22757) Pause Young (Allocation Failure) 14M->10M(15M) 0.178ms
[39.955s][info][gc] GC(22758) Pause Young (Allocation Failure) 14M->10M(15M) 0.185ms
[39.956s][info][gc] GC(22759) Pause Young (Allocation Failure) 14M->10M(15M) 0.169ms
[39.957s][info][gc] GC(22760) Pause Young (Allocation Failure) 14M->10M(15M) 0.177ms
[39.958s][info][gc] GC(22761) Pause Young (Allocation Failure) 14M->10M(15M) 0.228ms
[39.959s][info][gc] GC(22762) Pause Young (Allocation Failure) 14M->10M(15M) 0.169ms
[39.959s][info][gc] GC(22763) Pause Young (Allocation Failure) 14M->10M(15M) 0.185ms
[39.960s][info][gc] GC(22764) Pause Young (Allocation Failure) 14M->10M(15M) 0.226ms
[39.961s][info][gc] GC(22765) Pause Young (Allocation Failure) 15M->15M(15M) 0.024ms
[39.971s][info][gc] GC(22766) Pause Full (Allocation Failure) 15M->9M(15M) 9.589ms
[39.971s][info][gc] GC(22767) Pause Young (Allocation Failure) 13M->9M(15M) 0.215ms
[39.972s][info][gc] GC(22768) Pause Young (Allocation Failure) 14M->9M(15M) 0.202ms
[39.973s][info][gc] GC(22769) Pause Young (Allocation Failure) 14M->9M(15M) 0.205ms
[39.974s][info][gc] GC(22770) Pause Young (Allocation Failure) 13M->10M(15M) 0.211ms
[39.975s][info][gc] GC(22771) Pause Young (Allocation Failure) 14M->9M(15M) 0.172ms
[39.976s][info][gc] GC(22772) Pause Young (Allocation Failure) 14M->9M(15M) 0.167ms
[39.977s][info][gc] GC(22773) Pause Young (Allocation Failure) 14M->10M(15M) 0.193ms
[39.978s][info][gc] GC(22774) Pause Young (Allocation Failure) 14M->10M(15M) 0.146ms
[39.978s][info][gc] GC(22775) Pause Young (Allocation Failure) 14M->10M(15M) 0.165ms
[39.979s][info][gc] GC(22776) Pause Young (Allocation Failure) 14M->10M(15M) 0.168ms
[39.980s][info][gc] GC(22777) Pause Young (Allocation Failure) 14M->10M(15M) 0.194ms
[39.981s][info][gc] GC(22778) Pause Young (Allocation Failure) 14M->10M(15M) 0.190ms
[39.982s][info][gc] GC(22779) Pause Young (Allocation Failure) 15M->10M(15M) 0.183ms
[39.982s][info][gc] GC(22780) Pause Young (Allocation Failure) 15M->11M(15M) 0.193ms
[39.983s][info][gc] GC(22781) Pause Young (Allocation Failure) 15M->15M(15M) 0.024ms
[39.993s][info][gc] GC(22782) Pause Full (Allocation Failure) 15M->8M(15M) 9.831ms
[39.994s][info][gc] GC(22783) Pause Young (Allocation Failure) 12M->8M(15M) 0.225ms
[39.995s][info][gc] GC(22784) Pause Young (Allocation Failure) 13M->8M(15M) 0.187ms
[39.996s][info][gc] GC(22785) Pause Young (Allocation Failure) 13M->9M(15M) 0.200ms
[39.997s][info][gc] GC(22786) Pause Young (Allocation Failure) 13M->9M(15M) 0.178ms
[39.997s][info][gc] GC(22787) Pause Young (Allocation Failure) 13M->9M(15M) 0.175ms
[39.998s][info][gc] GC(22788) Pause Young (Allocation Failure) 13M->9M(15M) 0.180ms
[39.999s][info][gc] GC(22789) Pause Young (Allocation Failure) 13M->8M(15M) 0.161ms
[40.000s][info][gc] GC(22790) Pause Young (Allocation Failure) 13M->9M(15M) 0.153ms
[40.001s][info][gc] GC(22791) Pause Young (Allocation Failure) 13M->9M(15M) 0.199ms
[40.001s][info][gc] GC(22792) Pause Young (Allocation Failure) 13M->9M(15M) 0.162ms
[40.002s][info][gc] GC(22793) Pause Young (Allocation Failure) 13M->9M(15M) 0.152ms
[40.003s][info][gc] GC(22794) Pause Young (Allocation Failure) 14M->9M(15M) 0.179ms
[40.004s][info][gc] GC(22795) Pause Young (Allocation Failure) 14M->9M(15M) 0.196ms
[40.005s][info][gc] GC(22796) Pause Young (Allocation Failure) 14M->9M(15M) 0.153ms
[40.005s][info][gc] GC(22797) Pause Young (Allocation Failure) 14M->9M(15M) 0.172ms
[40.006s][info][gc] GC(22798) Pause Young (Allocation Failure) 14M->10M(15M) 0.203ms
[40.007s][info][gc] GC(22799) Pause Young (Allocation Failure) 14M->9M(15M) 0.163ms
[40.008s][info][gc] GC(22800) Pause Young (Allocation Failure) 14M->10M(15M) 0.215ms
[40.009s][info][gc] GC(22801) Pause Young (Allocation Failure) 15M->15M(15M) 0.024ms
[40.018s][info][gc] GC(22802) Pause Full (Allocation Failure) 15M->8M(15M) 9.452ms
[40.019s][info][gc] GC(22803) Pause Young (Allocation Failure) 13M->9M(15M) 0.198ms
[40.020s][info][gc] GC(22804) Pause Young (Allocation Failure) 13M->9M(15M) 0.196ms
[40.021s][info][gc] GC(22805) Pause Young (Allocation Failure) 13M->9M(15M) 0.185ms
[40.022s][info][gc] GC(22806) Pause Young (Allocation Failure) 13M->9M(15M) 0.190ms
[40.023s][info][gc] GC(22807) Pause Young (Allocation Failure) 13M->9M(15M) 0.203ms
[40.024s][info][gc] GC(22808) Pause Young (Allocation Failure) 13M->9M(15M) 0.192ms
[40.025s][info][gc] GC(22809) Pause Young (Allocation Failure) 14M->9M(15M) 0.184ms
[40.025s][info][gc] GC(22810) Pause Young (Allocation Failure) 13M->9M(15M) 0.180ms
[40.026s][info][gc] GC(22811) Pause Young (Allocation Failure) 14M->9M(15M) 0.185ms
[40.027s][info][gc] GC(22812) Pause Young (Allocation Failure) 14M->10M(15M) 0.209ms
[40.028s][info][gc] GC(22813) Pause Young (Allocation Failure) 14M->10M(15M) 0.143ms
[40.029s][info][gc] GC(22814) Pause Young (Allocation Failure) 14M->10M(15M) 0.194ms
[40.030s][info][gc] GC(22815) Pause Young (Allocation Failure) 14M->10M(15M) 0.179ms
[40.030s][info][gc] GC(22816) Pause Young (Allocation Failure) 14M->10M(15M) 0.213ms
[40.031s][info][gc] GC(22817) Pause Young (Allocation Failure) 15M->15M(15M) 0.025ms
[40.041s][info][gc] GC(22818) Pause Full (Allocation Failure) 15M->8M(15M) 9.906ms
[40.042s][info][gc] GC(22819) Pause Young (Allocation Failure) 13M->9M(15M) 0.234ms
[40.043s][info][gc] GC(22820) Pause Young (Allocation Failure) 13M->9M(15M) 0.199ms
[40.044s][info][gc] GC(22821) Pause Young (Allocation Failure) 13M->9M(15M) 0.174ms
[40.045s][info][gc] GC(22822) Pause Young (Allocation Failure) 13M->9M(15M) 0.178ms
[40.046s][info][gc] GC(22823) Pause Young (Allocation Failure) 13M->9M(15M) 0.176ms
[40.046s][info][gc] GC(22824) Pause Young (Allocation Failure) 13M->9M(15M) 0.171ms
[40.047s][info][gc] GC(22825) Pause Young (Allocation Failure) 13M->9M(15M) 0.184ms
[40.048s][info][gc] GC(22826) Pause Young (Allocation Failure) 13M->9M(15M) 0.186ms
[40.049s][info][gc] GC(22827) Pause Young (Allocation Failure) 13M->9M(15M) 0.161ms
[40.049s][info][gc] GC(22828) Pause Young (Allocation Failure) 13M->9M(15M) 0.177ms
[40.050s][info][gc] GC(22829) Pause Young (Allocation Failure) 13M->9M(15M) 0.169ms
[40.051s][info][gc] GC(22830) Pause Young (Allocation Failure) 13M->9M(15M) 0.173ms
[40.052s][info][gc] GC(22831) Pause Young (Allocation Failure) 13M->9M(15M) 0.183ms
[40.053s][info][gc] GC(22832) Pause Young (Allocation Failure) 13M->9M(15M) 0.164ms
[40.054s][info][gc] GC(22833) Pause Young (Allocation Failure) 13M->9M(15M) 0.183ms
[40.054s][info][gc] GC(22834) Pause Young (Allocation Failure) 13M->9M(15M) 0.172ms
[40.055s][info][gc] GC(22835) Pause Young (Allocation Failure) 13M->9M(15M) 0.187ms
[40.056s][info][gc] GC(22836) Pause Young (Allocation Failure) 13M->9M(15M) 0.168ms
[40.057s][info][gc] GC(22837) Pause Young (Allocation Failure) 13M->9M(15M) 0.170ms
[40.058s][info][gc] GC(22838) Pause Young (Allocation Failure) 13M->9M(15M) 0.185ms
[40.059s][info][gc] GC(22839) Pause Young (Allocation Failure) 14M->9M(15M) 0.180ms
[40.060s][info][gc] GC(22840) Pause Young (Allocation Failure) 13M->9M(15M) 0.177ms
[40.060s][info][gc] GC(22841) Pause Young (Allocation Failure) 13M->9M(15M) 0.178ms
[40.061s][info][gc] GC(22842) Pause Young (Allocation Failure) 13M->9M(15M) 0.177ms
[40.062s][info][gc] GC(22843) Pause Young (Allocation Failure) 13M->9M(15M) 0.179ms
[40.063s][info][gc] GC(22844) Pause Young (Allocation Failure) 13M->9M(15M) 0.179ms
[40.064s][info][gc] GC(22845) Pause Young (Allocation Failure) 13M->9M(15M) 0.144ms
[40.065s][info][gc] GC(22846) Pause Young (Allocation Failure) 13M->9M(15M) 0.179ms
[40.066s][info][gc] GC(22847) Pause Young (Allocation Failure) 13M->9M(15M) 0.144ms
[40.066s][info][gc] GC(22848) Pause Young (Allocation Failure) 13M->9M(15M) 0.185ms
[40.067s][info][gc] GC(22849) Pause Young (Allocation Failure) 14M->9M(15M) 0.185ms
[40.068s][info][gc] GC(22850) Pause Young (Allocation Failure) 14M->9M(15M) 0.164ms
[40.069s][info][gc] GC(22851) Pause Young (Allocation Failure) 13M->9M(15M) 0.169ms
[40.070s][info][gc] GC(22852) Pause Young (Allocation Failure) 13M->9M(15M) 0.176ms
[40.071s][info][gc] GC(22853) Pause Young (Allocation Failure) 14M->10M(15M) 0.205ms
[40.072s][info][gc] GC(22854) Pause Young (Allocation Failure) 14M->10M(15M) 0.176ms
[40.073s][info][gc] GC(22855) Pause Young (Allocation Failure) 14M->9M(15M) 0.169ms
[40.073s][info][gc] GC(22856) Pause Young (Allocation Failure) 14M->9M(15M) 0.162ms
[40.074s][info][gc] GC(22857) Pause Young (Allocation Failure) 14M->10M(15M) 0.173ms
[40.075s][info][gc] GC(22858) Pause Young (Allocation Failure) 14M->10M(15M) 0.177ms
[40.076s][info][gc] GC(22859) Pause Young (Allocation Failure) 14M->9M(15M) 0.171ms
[40.077s][info][gc] GC(22860) Pause Young (Allocation Failure) 14M->10M(15M) 0.190ms
[40.077s][info][gc] GC(22861) Pause Young (Allocation Failure) 14M->10M(15M) 0.168ms
[40.078s][info][gc] GC(22862) Pause Young (Allocation Failure) 14M->11M(15M) 0.191ms
[40.079s][info][gc] GC(22863) Pause Young (Allocation Failure) 15M->15M(15M) 0.025ms
[40.088s][info][gc] GC(22864) Pause Full (Allocation Failure) 15M->9M(15M) 9.375ms
[40.089s][info][gc] GC(22865) Pause Young (Allocation Failure) 13M->9M(15M) 0.168ms
[40.090s][info][gc] GC(22866) Pause Young (Allocation Failure) 14M->9M(15M) 0.208ms
[40.091s][info][gc] GC(22867) Pause Young (Allocation Failure) 14M->9M(15M) 0.163ms
[40.092s][info][gc] GC(22868) Pause Young (Allocation Failure) 13M->9M(15M) 0.173ms
[40.093s][info][gc] GC(22869) Pause Young (Allocation Failure) 14M->9M(15M) 0.172ms
[40.093s][info][gc] GC(22870) Pause Young (Allocation Failure) 14M->10M(15M) 0.222ms
[40.094s][info][gc] GC(22871) Pause Young (Allocation Failure) 14M->10M(15M) 0.170ms
[40.095s][info][gc] GC(22872) Pause Young (Allocation Failure) 14M->10M(15M) 0.178ms
[40.096s][info][gc] GC(22873) Pause Young (Allocation Failure) 14M->10M(15M) 0.179ms
[40.097s][info][gc] GC(22874) Pause Young (Allocation Failure) 14M->10M(15M) 0.180ms
[40.097s][info][gc] GC(22875) Pause Young (Allocation Failure) 14M->10M(15M) 0.177ms
[40.098s][info][gc] GC(22876) Pause Young (Allocation Failure) 14M->10M(15M) 0.167ms
[40.099s][info][gc] GC(22877) Pause Young (Allocation Failure) 14M->10M(15M) 0.194ms
[40.100s][info][gc] GC(22878) Pause Young (Allocation Failure) 15M->10M(15M) 0.182ms
[40.101s][info][gc] GC(22879) Pause Young (Allocation Failure) 14M->10M(15M) 0.179ms
[40.102s][info][gc] GC(22880) Pause Young (Allocation Failure) 14M->10M(15M) 0.168ms
[40.102s][info][gc] GC(22881) Pause Young (Allocation Failure) 14M->10M(15M) 0.162ms
[40.103s][info][gc] GC(22882) Pause Young (Allocation Failure) 14M->11M(15M) 0.194ms
[40.104s][info][gc] GC(22883) Pause Young (Allocation Failure) 15M->15M(15M) 0.025ms
[40.113s][info][gc] GC(22884) Pause Full (Allocation Failure) 15M->8M(15M) 9.366ms
[40.114s][info][gc] GC(22885) Pause Young (Allocation Failure) 12M->8M(15M) 0.197ms
[40.115s][info][gc] GC(22886) Pause Young (Allocation Failure) 13M->8M(15M) 0.190ms
[40.116s][info][gc] GC(22887) Pause Young (Allocation Failure) 13M->9M(15M) 0.187ms
[40.117s][info][gc] GC(22888) Pause Young (Allocation Failure) 13M->9M(15M) 0.189ms
[40.118s][info][gc] GC(22889) Pause Young (Allocation Failure) 13M->9M(15M) 0.197ms
[40.119s][info][gc] GC(22890) Pause Young (Allocation Failure) 13M->9M(15M) 0.175ms
[40.119s][info][gc] GC(22891) Pause Young (Allocation Failure) 13M->9M(15M) 0.192ms
[40.120s][info][gc] GC(22892) Pause Young (Allocation Failure) 13M->9M(15M) 0.289ms
[40.121s][info][gc] GC(22893) Pause Young (Allocation Failure) 13M->9M(15M) 0.168ms
[40.122s][info][gc] GC(22894) Pause Young (Allocation Failure) 13M->9M(15M) 0.168ms
[40.123s][info][gc] GC(22895) Pause Young (Allocation Failure) 13M->9M(15M) 0.181ms
[40.123s][info][gc] GC(22896) Pause Young (Allocation Failure) 13M->9M(15M) 0.168ms
[40.124s][info][gc] GC(22897) Pause Young (Allocation Failure) 13M->9M(15M) 0.171ms
[40.125s][info][gc] GC(22898) Pause Young (Allocation Failure) 13M->9M(15M) 0.140ms
[40.126s][info][gc] GC(22899) Pause Young (Allocation Failure) 14M->10M(15M) 0.200ms
[40.127s][info][gc] GC(22900) Pause Young (Allocation Failure) 14M->10M(15M) 0.179ms
[40.128s][info][gc] GC(22901) Pause Young (Allocation Failure) 14M->9M(15M) 0.163ms
[40.129s][info][gc] GC(22902) Pause Young (Allocation Failure) 14M->10M(15M) 0.184ms
[40.129s][info][gc] GC(22903) Pause Young (Allocation Failure) 14M->10M(15M) 0.180ms
[40.130s][info][gc] GC(22904) Pause Young (Allocation Failure) 14M->10M(15M) 0.177ms
[40.131s][info][gc] GC(22905) Pause Young (Allocation Failure) 14M->10M(15M) 0.177ms
[40.132s][info][gc] GC(22906) Pause Young (Allocation Failure) 14M->10M(15M) 0.165ms
[40.133s][info][gc] GC(22907) Pause Young (Allocation Failure) 14M->10M(15M) 0.198ms
[40.134s][info][gc] GC(22908) Pause Young (Allocation Failure) 14M->15M(15M) 0.472ms
[40.143s][info][gc] GC(22909) Pause Full (Allocation Failure) 15M->9M(15M) 9.268ms
[40.144s][info][gc] GC(22910) Pause Young (Allocation Failure) 13M->9M(15M) 0.185ms
[40.145s][info][gc] GC(22911) Pause Young (Allocation Failure) 14M->10M(15M) 0.187ms
[40.146s][info][gc] GC(22912) Pause Young (Allocation Failure) 14M->10M(15M) 0.224ms
[40.146s][info][gc] GC(22913) Pause Young (Allocation Failure) 14M->10M(15M) 0.174ms
[40.147s][info][gc] GC(22914) Pause Young (Allocation Failure) 14M->10M(15M) 0.163ms
[40.148s][info][gc] GC(22915) Pause Young (Allocation Failure) 14M->10M(15M) 0.167ms
[40.149s][info][gc] GC(22916) Pause Young (Allocation Failure) 14M->10M(15M) 0.183ms
[40.150s][info][gc] GC(22917) Pause Young (Allocation Failure) 14M->10M(15M) 0.177ms
[40.151s][info][gc] GC(22918) Pause Young (Allocation Failure) 14M->10M(15M) 0.174ms
[40.151s][info][gc] GC(22919) Pause Young (Allocation Failure) 14M->10M(15M) 0.197ms
[40.152s][info][gc] GC(22920) Pause Young (Allocation Failure) 15M->15M(15M) 0.025ms
[40.162s][info][gc] GC(22921) Pause Full (Allocation Failure) 15M->9M(15M) 9.895ms
[40.163s][info][gc] GC(22922) Pause Young (Allocation Failure) 13M->9M(15M) 0.229ms
[40.164s][info][gc] GC(22923) Pause Young (Allocation Failure) 14M->9M(15M) 0.183ms
[40.165s][info][gc] GC(22924) Pause Young (Allocation Failure) 14M->9M(15M) 0.162ms
[40.165s][info][gc] GC(22925) Pause Young (Allocation Failure) 13M->9M(15M) 0.173ms
[40.166s][info][gc] GC(22926) Pause Young (Allocation Failure) 14M->10M(15M) 0.176ms
[40.167s][info][gc] GC(22927) Pause Young (Allocation Failure) 14M->10M(15M) 0.218ms
[40.168s][info][gc] GC(22928) Pause Young (Allocation Failure) 14M->14M(15M) 0.024ms
[40.177s][info][gc] GC(22929) Pause Full (Allocation Failure) 14M->8M(15M) 9.728ms
[40.178s][info][gc] GC(22930) Pause Young (Allocation Failure) 13M->9M(15M) 0.170ms
[40.179s][info][gc] GC(22931) Pause Young (Allocation Failure) 13M->9M(15M) 0.188ms
[40.180s][info][gc] GC(22932) Pause Young (Allocation Failure) 13M->9M(15M) 0.164ms
[40.181s][info][gc] GC(22933) Pause Young (Allocation Failure) 13M->9M(15M) 0.190ms
[40.182s][info][gc] GC(22934) Pause Young (Allocation Failure) 13M->9M(15M) 0.192ms
[40.182s][info][gc] GC(22935) Pause Young (Allocation Failure) 13M->10M(15M) 0.208ms
[40.183s][info][gc] GC(22936) Pause Young (Allocation Failure) 14M->9M(15M) 0.167ms
[40.184s][info][gc] GC(22937) Pause Young (Allocation Failure) 14M->10M(15M) 0.179ms
[40.185s][info][gc] GC(22938) Pause Young (Allocation Failure) 14M->10M(15M) 0.173ms
[40.186s][info][gc] GC(22939) Pause Young (Allocation Failure) 14M->10M(15M) 0.202ms
[40.186s][info][gc] GC(22940) Pause Young (Allocation Failure) 14M->14M(15M) 0.025ms
[40.195s][info][gc] GC(22941) Pause Full (Allocation Failure) 14M->8M(15M) 9.205ms
[40.197s][info][gc] GC(22942) Pause Young (Allocation Failure) 12M->9M(15M) 0.375ms
[40.197s][info][gc] GC(22943) Pause Young (Allocation Failure) 13M->9M(15M) 0.190ms
[40.198s][info][gc] GC(22944) Pause Young (Allocation Failure) 13M->9M(15M) 0.200ms
[40.199s][info][gc] GC(22945) Pause Young (Allocation Failure) 14M->9M(15M) 0.166ms
[40.200s][info][gc] GC(22946) Pause Young (Allocation Failure) 14M->9M(15M) 0.199ms
[40.201s][info][gc] GC(22947) Pause Young (Allocation Failure) 14M->9M(15M) 0.185ms
[40.202s][info][gc] GC(22948) Pause Young (Allocation Failure) 14M->10M(15M) 0.195ms
[40.203s][info][gc] GC(22949) Pause Young (Allocation Failure) 14M->9M(15M) 0.165ms
[40.203s][info][gc] GC(22950) Pause Young (Allocation Failure) 14M->10M(15M) 0.167ms
[40.204s][info][gc] GC(22951) Pause Young (Allocation Failure) 15M->15M(15M) 0.024ms
[40.214s][info][gc] GC(22952) Pause Full (Allocation Failure) 15M->8M(15M) 9.730ms
[40.215s][info][gc] GC(22953) Pause Young (Allocation Failure) 12M->9M(15M) 0.266ms
[40.216s][info][gc] GC(22954) Pause Young (Allocation Failure) 14M->9M(15M) 0.165ms
[40.217s][info][gc] GC(22955) Pause Young (Allocation Failure) 13M->9M(15M) 0.161ms
[40.217s][info][gc] GC(22956) Pause Young (Allocation Failure) 13M->9M(15M) 0.190ms
[40.218s][info][gc] GC(22957) Pause Young (Allocation Failure) 14M->9M(15M) 0.183ms
[40.219s][info][gc] GC(22958) Pause Young (Allocation Failure) 14M->9M(15M) 0.180ms
[40.220s][info][gc] GC(22959) Pause Young (Allocation Failure) 14M->9M(15M) 0.166ms
[40.221s][info][gc] GC(22960) Pause Young (Allocation Failure) 13M->9M(15M) 0.181ms
[40.222s][info][gc] GC(22961) Pause Young (Allocation Failure) 14M->10M(15M) 0.214ms
[40.222s][info][gc] GC(22962) Pause Young (Allocation Failure) 14M->10M(15M) 0.165ms
[40.223s][info][gc] GC(22963) Pause Young (Allocation Failure) 14M->10M(15M) 0.170ms
[40.224s][info][gc] GC(22964) Pause Young (Allocation Failure) 14M->10M(15M) 0.178ms
[40.225s][info][gc] GC(22965) Pause Young (Allocation Failure) 14M->10M(15M) 0.182ms
[40.226s][info][gc] GC(22966) Pause Young (Allocation Failure) 14M->10M(15M) 0.180ms
[40.227s][info][gc] GC(22967) Pause Young (Allocation Failure) 14M->10M(15M) 0.177ms
[40.228s][info][gc] GC(22968) Pause Young (Allocation Failure) 14M->10M(15M) 0.166ms
[40.228s][info][gc] GC(22969) Pause Young (Allocation Failure) 14M->10M(15M) 0.171ms
[40.229s][info][gc] GC(22970) Pause Young (Allocation Failure) 14M->10M(15M) 0.163ms
[40.230s][info][gc] GC(22971) Pause Young (Allocation Failure) 14M->10M(15M) 0.176ms
[40.231s][info][gc] GC(22972) Pause Young (Allocation Failure) 14M->10M(15M) 0.194ms
[40.232s][info][gc] GC(22973) Pause Young (Allocation Failure) 14M->10M(15M) 0.167ms
[40.233s][info][gc] GC(22974) Pause Young (Allocation Failure) 14M->10M(15M) 0.164ms
[40.234s][info][gc] GC(22975) Pause Young (Allocation Failure) 14M->10M(15M) 0.199ms
[40.234s][info][gc] GC(22976) Pause Young (Allocation Failure) 15M->15M(15M) 0.025ms
[40.244s][info][gc] GC(22977) Pause Full (Allocation Failure) 15M->9M(15M) 9.643ms
[40.245s][info][gc] GC(22978) Pause Young (Allocation Failure) 13M->9M(15M) 0.208ms
[40.246s][info][gc] GC(22979) Pause Young (Allocation Failure) 14M->9M(15M) 0.205ms
[40.247s][info][gc] GC(22980) Pause Young (Allocation Failure) 14M->9M(15M) 0.179ms
[40.248s][info][gc] GC(22981) Pause Young (Allocation Failure) 14M->9M(15M) 0.180ms
[40.248s][info][gc] GC(22982) Pause Young (Allocation Failure) 14M->9M(15M) 0.184ms
[40.249s][info][gc] GC(22983) Pause Young (Allocation Failure) 14M->9M(15M) 0.163ms
[40.250s][info][gc] GC(22984) Pause Young (Allocation Failure) 13M->9M(15M) 0.180ms
[40.251s][info][gc] GC(22985) Pause Young (Allocation Failure) 13M->9M(15M) 0.173ms
[40.252s][info][gc] GC(22986) Pause Young (Allocation Failure) 13M->9M(15M) 0.185ms
[40.253s][info][gc] GC(22987) Pause Young (Allocation Failure) 14M->9M(15M) 0.180ms
[40.253s][info][gc] GC(22988) Pause Young (Allocation Failure) 14M->10M(15M) 0.210ms
[40.254s][info][gc] GC(22989) Pause Young (Allocation Failure) 14M->10M(15M) 0.169ms
[40.255s][info][gc] GC(22990) Pause Young (Allocation Failure) 14M->10M(15M) 0.180ms
[40.256s][info][gc] GC(22991) Pause Young (Allocation Failure) 14M->11M(15M) 0.206ms
[40.256s][info][gc] GC(22992) Pause Young (Allocation Failure) 15M->15M(15M) 0.025ms
[40.266s][info][gc] GC(22993) Pause Full (Allocation Failure) 15M->9M(15M) 9.476ms
[40.267s][info][gc] GC(22994) Pause Young (Allocation Failure) 13M->10M(15M) 0.258ms
[40.268s][info][gc] GC(22995) Pause Young (Allocation Failure) 14M->10M(15M) 0.181ms
[40.269s][info][gc] GC(22996) Pause Young (Allocation Failure) 14M->10M(15M) 0.185ms
[40.270s][info][gc] GC(22997) Pause Young (Allocation Failure) 14M->10M(15M) 0.192ms
[40.271s][info][gc] GC(22998) Pause Young (Allocation Failure) 14M->10M(15M) 0.171ms
[40.271s][info][gc] GC(22999) Pause Young (Allocation Failure) 14M->10M(15M) 0.182ms
[40.272s][info][gc] GC(23000) Pause Young (Allocation Failure) 14M->9M(15M) 0.159ms
[40.273s][info][gc] GC(23001) Pause Young (Allocation Failure) 14M->10M(15M) 0.224ms
[40.274s][info][gc] GC(23002) Pause Young (Allocation Failure) 15M->15M(15M) 0.025ms
[40.284s][info][gc] GC(23003) Pause Full (Allocation Failure) 15M->8M(15M) 9.635ms
[40.284s][info][gc] GC(23004) Pause Young (Allocation Failure) 12M->8M(15M) 0.193ms
[40.285s][info][gc] GC(23005) Pause Young (Allocation Failure) 13M->9M(15M) 0.186ms
[40.286s][info][gc] GC(23006) Pause Young (Allocation Failure) 13M->9M(15M) 0.188ms
[40.287s][info][gc] GC(23007) Pause Young (Allocation Failure) 13M->9M(15M) 0.156ms
[40.288s][info][gc] GC(23008) Pause Young (Allocation Failure) 13M->9M(15M) 0.153ms
[40.288s][info][gc] GC(23009) Pause Young (Allocation Failure) 13M->9M(15M) 0.149ms
[40.289s][info][gc] GC(23010) Pause Young (Allocation Failure) 14M->10M(15M) 0.176ms
[40.290s][info][gc] GC(23011) Pause Young (Allocation Failure) 14M->10M(15M) 0.181ms
[40.291s][info][gc] GC(23012) Pause Young (Allocation Failure) 14M->10M(15M) 0.146ms
[40.292s][info][gc] GC(23013) Pause Young (Allocation Failure) 14M->10M(15M) 0.168ms
[40.292s][info][gc] GC(23014) Pause Young (Allocation Failure) 14M->14M(15M) 0.020ms
[40.302s][info][gc] GC(23015) Pause Full (Allocation Failure) 14M->8M(15M) 9.243ms
[40.302s][info][gc] GC(23016) Pause Young (Allocation Failure) 13M->9M(15M) 0.224ms
[40.303s][info][gc] GC(23017) Pause Young (Allocation Failure) 13M->9M(15M) 0.163ms
[40.304s][info][gc] GC(23018) Pause Young (Allocation Failure) 13M->9M(15M) 0.158ms
[40.305s][info][gc] GC(23019) Pause Young (Allocation Failure) 13M->9M(15M) 0.157ms
[40.306s][info][gc] GC(23020) Pause Young (Allocation Failure) 13M->10M(15M) 0.206ms
[40.306s][info][gc] GC(23021) Pause Young (Allocation Failure) 14M->10M(15M) 0.152ms
[40.307s][info][gc] GC(23022) Pause Young (Allocation Failure) 14M->10M(15M) 0.167ms
[40.308s][info][gc] GC(23023) Pause Young (Allocation Failure) 14M->10M(15M) 0.152ms
[40.309s][info][gc] GC(23024) Pause Young (Allocation Failure) 14M->9M(15M) 0.148ms
[40.310s][info][gc] GC(23025) Pause Young (Allocation Failure) 14M->9M(15M) 0.143ms
[40.310s][info][gc] GC(23026) Pause Young (Allocation Failure) 14M->10M(15M) 0.167ms
[40.311s][info][gc] GC(23027) Pause Young (Allocation Failure) 14M->10M(15M) 0.154ms
[40.312s][info][gc] GC(23028) Pause Young (Allocation Failure) 14M->10M(15M) 0.179ms
[40.313s][info][gc] GC(23029) Pause Young (Allocation Failure) 14M->10M(15M) 0.152ms
[40.314s][info][gc] GC(23030) Pause Young (Allocation Failure) 14M->10M(15M) 0.150ms
[40.314s][info][gc] GC(23031) Pause Young (Allocation Failure) 14M->10M(15M) 0.146ms
[40.315s][info][gc] GC(23032) Pause Young (Allocation Failure) 14M->11M(15M) 0.181ms
[40.316s][info][gc] GC(23033) Pause Young (Allocation Failure) 15M->15M(15M) 0.019ms
[40.325s][info][gc] GC(23034) Pause Full (Allocation Failure) 15M->8M(15M) 9.376ms
[40.326s][info][gc] GC(23035) Pause Young (Allocation Failure) 13M->9M(15M) 0.209ms
[40.327s][info][gc] GC(23036) Pause Young (Allocation Failure) 13M->9M(15M) 0.190ms
[40.327s][info][gc] GC(23037) Pause Young (Allocation Failure) 14M->10M(15M) 0.177ms
[40.328s][info][gc] GC(23038) Pause Young (Allocation Failure) 14M->9M(15M) 0.150ms
[40.329s][info][gc] GC(23039) Pause Young (Allocation Failure) 14M->9M(15M) 0.146ms
[40.330s][info][gc] GC(23040) Pause Young (Allocation Failure) 14M->9M(15M) 0.146ms
[40.331s][info][gc] GC(23041) Pause Young (Allocation Failure) 14M->10M(15M) 0.156ms
[40.331s][info][gc] GC(23042) Pause Young (Allocation Failure) 14M->9M(15M) 0.143ms
[40.332s][info][gc] GC(23043) Pause Young (Allocation Failure) 14M->10M(15M) 0.153ms
[40.333s][info][gc] GC(23044) Pause Young (Allocation Failure) 14M->10M(15M) 0.162ms
[40.334s][info][gc] GC(23045) Pause Young (Allocation Failure) 14M->10M(15M) 0.181ms
[40.335s][info][gc] GC(23046) Pause Young (Allocation Failure) 14M->10M(15M) 0.157ms
[40.335s][info][gc] GC(23047) Pause Young (Allocation Failure) 14M->10M(15M) 0.173ms
[40.336s][info][gc] GC(23048) Pause Young (Allocation Failure) 14M->10M(15M) 0.155ms
[40.337s][info][gc] GC(23049) Pause Young (Allocation Failure) 14M->10M(15M) 0.157ms
[40.338s][info][gc] GC(23050) Pause Young (Allocation Failure) 14M->10M(15M) 0.151ms
[40.339s][info][gc] GC(23051) Pause Young (Allocation Failure) 14M->10M(15M) 0.157ms
[40.339s][info][gc] GC(23052) Pause Young (Allocation Failure) 14M->10M(15M) 0.198ms
[40.340s][info][gc] GC(23053) Pause Young (Allocation Failure) 15M->15M(15M) 0.019ms
[40.350s][info][gc] GC(23054) Pause Full (Allocation Failure) 15M->8M(15M) 9.497ms
[40.351s][info][gc] GC(23055) Pause Young (Allocation Failure) 12M->9M(15M) 0.199ms
[40.351s][info][gc] GC(23056) Pause Young (Allocation Failure) 13M->9M(15M) 0.189ms
[40.352s][info][gc] GC(23057) Pause Young (Allocation Failure) 13M->9M(15M) 0.171ms
[40.353s][info][gc] GC(23058) Pause Young (Allocation Failure) 13M->9M(15M) 0.170ms
[40.354s][info][gc] GC(23059) Pause Young (Allocation Failure) 14M->9M(15M) 0.170ms
[40.355s][info][gc] GC(23060) Pause Young (Allocation Failure) 14M->9M(15M) 0.139ms
[40.355s][info][gc] GC(23061) Pause Young (Allocation Failure) 13M->9M(15M) 0.146ms
[40.356s][info][gc] GC(23062) Pause Young (Allocation Failure) 13M->9M(15M) 0.159ms
[40.357s][info][gc] GC(23063) Pause Young (Allocation Failure) 14M->9M(15M) 0.159ms
[40.358s][info][gc] GC(23064) Pause Young (Allocation Failure) 14M->9M(15M) 0.157ms
[40.359s][info][gc] GC(23065) Pause Young (Allocation Failure) 14M->10M(15M) 0.161ms
[40.359s][info][gc] GC(23066) Pause Young (Allocation Failure) 14M->10M(15M) 0.157ms
[40.360s][info][gc] GC(23067) Pause Young (Allocation Failure) 14M->10M(15M) 0.175ms
[40.361s][info][gc] GC(23068) Pause Young (Allocation Failure) 14M->10M(15M) 0.182ms
[40.362s][info][gc] GC(23069) Pause Young (Allocation Failure) 14M->10M(15M) 0.155ms
[40.363s][info][gc] GC(23070) Pause Young (Allocation Failure) 14M->10M(15M) 0.143ms
[40.364s][info][gc] GC(23071) Pause Young (Allocation Failure) 14M->10M(15M) 0.176ms
[40.364s][info][gc] GC(23072) Pause Young (Allocation Failure) 15M->15M(15M) 0.018ms
[40.374s][info][gc] GC(23073) Pause Full (Allocation Failure) 15M->8M(15M) 9.253ms
[40.375s][info][gc] GC(23074) Pause Young (Allocation Failure) 12M->8M(15M) 0.167ms
[40.375s][info][gc] GC(23075) Pause Young (Allocation Failure) 12M->8M(15M) 0.125ms
[40.376s][info][gc] GC(23076) Pause Young (Allocation Failure) 13M->8M(15M) 0.157ms
[40.377s][info][gc] GC(23077) Pause Young (Allocation Failure) 13M->9M(15M) 0.169ms
[40.378s][info][gc] GC(23078) Pause Young (Allocation Failure) 13M->8M(15M) 0.146ms
[40.378s][info][gc] GC(23079) Pause Young (Allocation Failure) 13M->9M(15M) 0.171ms
[40.379s][info][gc] GC(23080) Pause Young (Allocation Failure) 13M->9M(15M) 0.155ms
[40.380s][info][gc] GC(23081) Pause Young (Allocation Failure) 13M->9M(15M) 0.132ms
[40.381s][info][gc] GC(23082) Pause Young (Allocation Failure) 13M->9M(15M) 0.157ms
[40.381s][info][gc] GC(23083) Pause Young (Allocation Failure) 13M->9M(15M) 0.148ms
[40.382s][info][gc] GC(23084) Pause Young (Allocation Failure) 13M->9M(15M) 0.137ms
[40.383s][info][gc] GC(23085) Pause Young (Allocation Failure) 13M->9M(15M) 0.157ms
[40.384s][info][gc] GC(23086) Pause Young (Allocation Failure) 13M->9M(15M) 0.170ms
[40.384s][info][gc] GC(23087) Pause Young (Allocation Failure) 13M->9M(15M) 0.153ms
[40.385s][info][gc] GC(23088) Pause Young (Allocation Failure) 13M->9M(15M) 0.143ms
[40.386s][info][gc] GC(23089) Pause Young (Allocation Failure) 13M->9M(15M) 0.154ms
[40.387s][info][gc] GC(23090) Pause Young (Allocation Failure) 13M->9M(15M) 0.220ms
[40.388s][info][gc] GC(23091) Pause Young (Allocation Failure) 13M->9M(15M) 0.171ms
[40.388s][info][gc] GC(23092) Pause Young (Allocation Failure) 14M->9M(15M) 0.162ms
[40.389s][info][gc] GC(23093) Pause Young (Allocation Failure) 14M->10M(15M) 0.176ms
[40.390s][info][gc] GC(23094) Pause Young (Allocation Failure) 14M->10M(15M) 0.152ms
[40.391s][info][gc] GC(23095) Pause Young (Allocation Failure) 14M->10M(15M) 0.163ms
[40.391s][info][gc] GC(23096) Pause Young (Allocation Failure) 14M->11M(15M) 0.206ms
[40.392s][info][gc] GC(23097) Pause Young (Allocation Failure) 15M->15M(15M) 0.018ms
[40.401s][info][gc] GC(23098) Pause Full (Allocation Failure) 15M->8M(15M) 9.200ms
[40.402s][info][gc] GC(23099) Pause Young (Allocation Failure) 13M->9M(15M) 0.194ms
[40.403s][info][gc] GC(23100) Pause Young (Allocation Failure) 13M->9M(15M) 0.155ms
[40.404s][info][gc] GC(23101) Pause Young (Allocation Failure) 13M->9M(15M) 0.154ms
[40.405s][info][gc] GC(23102) Pause Young (Allocation Failure) 13M->9M(15M) 0.147ms
[40.405s][info][gc] GC(23103) Pause Young (Allocation Failure) 13M->9M(15M) 0.157ms
[40.406s][info][gc] GC(23104) Pause Young (Allocation Failure) 13M->9M(15M) 0.139ms
[40.407s][info][gc] GC(23105) Pause Young (Allocation Failure) 13M->9M(15M) 0.155ms
[40.408s][info][gc] GC(23106) Pause Young (Allocation Failure) 13M->9M(15M) 0.139ms
[40.409s][info][gc] GC(23107) Pause Young (Allocation Failure) 13M->9M(15M) 0.168ms
[40.409s][info][gc] GC(23108) Pause Young (Allocation Failure) 13M->9M(15M) 0.148ms
[40.410s][info][gc] GC(23109) Pause Young (Allocation Failure) 13M->9M(15M) 0.164ms
[40.411s][info][gc] GC(23110) Pause Young (Allocation Failure) 13M->9M(15M) 0.180ms
[40.412s][info][gc] GC(23111) Pause Young (Allocation Failure) 14M->9M(15M) 0.156ms
[40.412s][info][gc] GC(23112) Pause Young (Allocation Failure) 14M->9M(15M) 0.154ms
[40.413s][info][gc] GC(23113) Pause Young (Allocation Failure) 14M->9M(15M) 0.143ms
[40.414s][info][gc] GC(23114) Pause Young (Allocation Failure) 13M->10M(15M) 0.171ms
[40.415s][info][gc] GC(23115) Pause Young (Allocation Failure) 14M->10M(15M) 0.163ms
[40.415s][info][gc] GC(23116) Pause Young (Allocation Failure) 14M->10M(15M) 0.150ms
[40.416s][info][gc] GC(23117) Pause Young (Allocation Failure) 14M->9M(15M) 0.146ms
[40.417s][info][gc] GC(23118) Pause Young (Allocation Failure) 14M->10M(15M) 0.149ms
[40.418s][info][gc] GC(23119) Pause Young (Allocation Failure) 14M->10M(15M) 0.200ms
[40.418s][info][gc] GC(23120) Pause Young (Allocation Failure) 14M->10M(15M) 0.153ms
[40.419s][info][gc] GC(23121) Pause Young (Allocation Failure) 14M->10M(15M) 0.154ms
[40.420s][info][gc] GC(23122) Pause Young (Allocation Failure) 14M->10M(15M) 0.168ms
[40.421s][info][gc] GC(23123) Pause Young (Allocation Failure) 14M->10M(15M) 0.154ms
[40.422s][info][gc] GC(23124) Pause Young (Allocation Failure) 14M->10M(15M) 0.163ms
[40.423s][info][gc] GC(23125) Pause Young (Allocation Failure) 14M->10M(15M) 0.150ms
[40.423s][info][gc] GC(23126) Pause Young (Allocation Failure) 14M->10M(15M) 0.157ms
[40.424s][info][gc] GC(23127) Pause Young (Allocation Failure) 14M->10M(15M) 0.151ms
[40.425s][info][gc] GC(23128) Pause Young (Allocation Failure) 14M->10M(15M) 0.157ms
[40.426s][info][gc] GC(23129) Pause Young (Allocation Failure) 14M->10M(15M) 0.167ms
[40.426s][info][gc] GC(23130) Pause Young (Allocation Failure) 14M->10M(15M) 0.175ms
[40.427s][info][gc] GC(23131) Pause Young (Allocation Failure) 15M->10M(15M) 0.176ms
[40.428s][info][gc] GC(23132) Pause Young (Allocation Failure) 15M->11M(15M) 0.177ms
[40.437s][info][gc] GC(23133) Pause Full (Allocation Failure) 11M->9M(15M) 9.299ms
[40.438s][info][gc] GC(23134) Pause Young (Allocation Failure) 13M->10M(15M) 0.243ms
[40.439s][info][gc] GC(23135) Pause Young (Allocation Failure) 14M->10M(15M) 0.159ms
[40.439s][info][gc] GC(23136) Pause Young (Allocation Failure) 14M->10M(15M) 0.175ms
[40.440s][info][gc] GC(23137) Pause Young (Allocation Failure) 14M->10M(15M) 0.155ms
[40.441s][info][gc] GC(23138) Pause Young (Allocation Failure) 14M->10M(15M) 0.173ms
[40.442s][info][gc] GC(23139) Pause Young (Allocation Failure) 14M->10M(15M) 0.151ms
[40.443s][info][gc] GC(23140) Pause Young (Allocation Failure) 14M->10M(15M) 0.145ms
[40.443s][info][gc] GC(23141) Pause Young (Allocation Failure) 14M->10M(15M) 0.152ms
[40.444s][info][gc] GC(23142) Pause Young (Allocation Failure) 14M->10M(15M) 0.149ms
[40.445s][info][gc] GC(23143) Pause Young (Allocation Failure) 14M->10M(15M) 0.171ms
[40.446s][info][gc] GC(23144) Pause Young (Allocation Failure) 15M->11M(15M) 0.147ms
[40.446s][info][gc] GC(23145) Pause Young (Allocation Failure) 15M->15M(15M) 0.019ms
[40.456s][info][gc] GC(23146) Pause Full (Allocation Failure) 15M->9M(15M) 9.383ms
[40.457s][info][gc] GC(23147) Pause Young (Allocation Failure) 13M->9M(15M) 0.203ms
[40.458s][info][gc] GC(23148) Pause Young (Allocation Failure) 14M->9M(15M) 0.173ms
[40.459s][info][gc] GC(23149) Pause Young (Allocation Failure) 14M->10M(15M) 0.198ms
[40.459s][info][gc] GC(23150) Pause Young (Allocation Failure) 14M->10M(15M) 0.154ms
[40.460s][info][gc] GC(23151) Pause Young (Allocation Failure) 14M->10M(15M) 0.158ms
[40.461s][info][gc] GC(23152) Pause Young (Allocation Failure) 14M->10M(15M) 0.145ms
[40.462s][info][gc] GC(23153) Pause Young (Allocation Failure) 14M->10M(15M) 0.166ms
[40.463s][info][gc] GC(23154) Pause Young (Allocation Failure) 14M->10M(15M) 0.145ms
[40.463s][info][gc] GC(23155) Pause Young (Allocation Failure) 14M->10M(15M) 0.162ms
[40.464s][info][gc] GC(23156) Pause Young (Allocation Failure) 14M->10M(15M) 0.165ms
[40.465s][info][gc] GC(23157) Pause Young (Allocation Failure) 14M->10M(15M) 0.160ms
[40.466s][info][gc] GC(23158) Pause Young (Allocation Failure) 14M->10M(15M) 0.148ms
[40.466s][info][gc] GC(23159) Pause Young (Allocation Failure) 14M->11M(15M) 0.201ms
[40.467s][info][gc] GC(23160) Pause Young (Allocation Failure) 15M->15M(15M) 0.021ms
[40.476s][info][gc] GC(23161) Pause Full (Allocation Failure) 15M->8M(15M) 9.284ms
[40.477s][info][gc] GC(23162) Pause Young (Allocation Failure) 13M->9M(15M) 0.201ms
[40.478s][info][gc] GC(23163) Pause Young (Allocation Failure) 13M->9M(15M) 0.179ms
[40.479s][info][gc] GC(23164) Pause Young (Allocation Failure) 13M->9M(15M) 0.183ms
[40.480s][info][gc] GC(23165) Pause Young (Allocation Failure) 13M->9M(15M) 0.158ms
[40.481s][info][gc] GC(23166) Pause Young (Allocation Failure) 13M->9M(15M) 0.146ms
[40.481s][info][gc] GC(23167) Pause Young (Allocation Failure) 13M->9M(15M) 0.161ms
[40.482s][info][gc] GC(23168) Pause Young (Allocation Failure) 13M->9M(15M) 0.146ms
[40.483s][info][gc] GC(23169) Pause Young (Allocation Failure) 13M->9M(15M) 0.183ms
[40.484s][info][gc] GC(23170) Pause Young (Allocation Failure) 14M->9M(15M) 0.146ms
[40.484s][info][gc] GC(23171) Pause Young (Allocation Failure) 13M->9M(15M) 0.162ms
[40.485s][info][gc] GC(23172) Pause Young (Allocation Failure) 14M->9M(15M) 0.155ms
[40.486s][info][gc] GC(23173) Pause Young (Allocation Failure) 14M->9M(15M) 0.158ms
[40.487s][info][gc] GC(23174) Pause Young (Allocation Failure) 14M->10M(15M) 0.157ms
[40.487s][info][gc] GC(23175) Pause Young (Allocation Failure) 14M->9M(15M) 0.147ms
[40.488s][info][gc] GC(23176) Pause Young (Allocation Failure) 14M->10M(15M) 0.161ms
[40.489s][info][gc] GC(23177) Pause Young (Allocation Failure) 14M->9M(15M) 0.142ms
[40.490s][info][gc] GC(23178) Pause Young (Allocation Failure) 14M->10M(15M) 0.158ms
[40.490s][info][gc] GC(23179) Pause Young (Allocation Failure) 14M->9M(15M) 0.156ms
[40.491s][info][gc] GC(23180) Pause Young (Allocation Failure) 14M->10M(15M) 0.152ms
[40.492s][info][gc] GC(23181) Pause Young (Allocation Failure) 14M->9M(15M) 0.144ms
[40.493s][info][gc] GC(23182) Pause Young (Allocation Failure) 14M->10M(15M) 0.155ms
[40.493s][info][gc] GC(23183) Pause Young (Allocation Failure) 14M->10M(15M) 0.192ms
[40.494s][info][gc] GC(23184) Pause Young (Allocation Failure) 14M->10M(15M) 0.161ms
[40.495s][info][gc] GC(23185) Pause Young (Allocation Failure) 14M->10M(15M) 0.157ms
[40.496s][info][gc] GC(23186) Pause Young (Allocation Failure) 14M->10M(15M) 0.160ms
[40.497s][info][gc] GC(23187) Pause Young (Allocation Failure) 14M->10M(15M) 0.189ms
[40.497s][info][gc] GC(23188) Pause Young (Allocation Failure) 15M->15M(15M) 0.019ms
[40.507s][info][gc] GC(23189) Pause Full (Allocation Failure) 15M->8M(15M) 9.369ms
[40.508s][info][gc] GC(23190) Pause Young (Allocation Failure) 13M->9M(15M) 0.190ms
[40.508s][info][gc] GC(23191) Pause Young (Allocation Failure) 13M->9M(15M) 0.178ms
[40.509s][info][gc] GC(23192) Pause Young (Allocation Failure) 13M->9M(15M) 0.155ms
[40.510s][info][gc] GC(23193) Pause Young (Allocation Failure) 13M->9M(15M) 0.175ms
[40.511s][info][gc] GC(23194) Pause Young (Allocation Failure) 13M->9M(15M) 0.160ms
[40.512s][info][gc] GC(23195) Pause Young (Allocation Failure) 13M->9M(15M) 0.153ms
[40.512s][info][gc] GC(23196) Pause Young (Allocation Failure) 13M->9M(15M) 0.175ms
[40.513s][info][gc] GC(23197) Pause Young (Allocation Failure) 13M->9M(15M) 0.144ms
[40.514s][info][gc] GC(23198) Pause Young (Allocation Failure) 13M->9M(15M) 0.163ms
[40.515s][info][gc] GC(23199) Pause Young (Allocation Failure) 14M->9M(15M) 0.148ms
[40.515s][info][gc] GC(23200) Pause Young (Allocation Failure) 13M->9M(15M) 0.170ms
[40.516s][info][gc] GC(23201) Pause Young (Allocation Failure) 14M->10M(15M) 0.165ms
[40.517s][info][gc] GC(23202) Pause Young (Allocation Failure) 14M->10M(15M) 0.160ms
[40.518s][info][gc] GC(23203) Pause Young (Allocation Failure) 14M->10M(15M) 0.119ms
[40.518s][info][gc] GC(23204) Pause Young (Allocation Failure) 14M->9M(15M) 0.162ms
[40.519s][info][gc] GC(23205) Pause Young (Allocation Failure) 14M->9M(15M) 0.143ms
[40.520s][info][gc] GC(23206) Pause Young (Allocation Failure) 14M->10M(15M) 0.172ms
[40.521s][info][gc] GC(23207) Pause Young (Allocation Failure) 14M->10M(15M) 0.141ms
[40.522s][info][gc] GC(23208) Pause Young (Allocation Failure) 14M->10M(15M) 0.167ms
[40.523s][info][gc] GC(23209) Pause Young (Allocation Failure) 14M->10M(15M) 0.163ms
[40.523s][info][gc] GC(23210) Pause Young (Allocation Failure) 14M->10M(15M) 0.181ms
[40.524s][info][gc] GC(23211) Pause Young (Allocation Failure) 15M->10M(15M) 0.151ms
[40.525s][info][gc] GC(23212) Pause Young (Allocation Failure) 14M->10M(15M) 0.151ms
[40.525s][info][gc] GC(23213) Pause Young (Allocation Failure) 14M->11M(15M) 0.180ms
[40.526s][info][gc] GC(23214) Pause Young (Allocation Failure) 15M->15M(15M) 0.019ms
[40.536s][info][gc] GC(23215) Pause Full (Allocation Failure) 15M->8M(15M) 9.456ms
[40.536s][info][gc] GC(23216) Pause Young (Allocation Failure) 13M->9M(15M) 0.184ms
[40.537s][info][gc] GC(23217) Pause Young (Allocation Failure) 13M->9M(15M) 0.159ms
[40.538s][info][gc] GC(23218) Pause Young (Allocation Failure) 13M->9M(15M) 0.152ms
[40.539s][info][gc] GC(23219) Pause Young (Allocation Failure) 13M->9M(15M) 0.148ms
[40.540s][info][gc] GC(23220) Pause Young (Allocation Failure) 13M->9M(15M) 0.162ms
[40.541s][info][gc] GC(23221) Pause Young (Allocation Failure) 13M->9M(15M) 0.172ms
[40.541s][info][gc] GC(23222) Pause Young (Allocation Failure) 13M->9M(15M) 0.142ms
[40.542s][info][gc] GC(23223) Pause Young (Allocation Failure) 14M->9M(15M) 0.146ms
[40.543s][info][gc] GC(23224) Pause Young (Allocation Failure) 14M->9M(15M) 0.157ms
[40.544s][info][gc] GC(23225) Pause Young (Allocation Failure) 14M->9M(15M) 0.133ms
[40.545s][info][gc] GC(23226) Pause Young (Allocation Failure) 14M->10M(15M) 0.177ms
[40.545s][info][gc] GC(23227) Pause Young (Allocation Failure) 14M->9M(15M) 0.148ms
[40.546s][info][gc] GC(23228) Pause Young (Allocation Failure) 14M->9M(15M) 0.150ms
[40.547s][info][gc] GC(23229) Pause Young (Allocation Failure) 13M->10M(15M) 0.178ms
[40.548s][info][gc] GC(23230) Pause Young (Allocation Failure) 14M->10M(15M) 0.171ms
[40.549s][info][gc] GC(23231) Pause Young (Allocation Failure) 14M->9M(15M) 0.149ms
[40.549s][info][gc] GC(23232) Pause Young (Allocation Failure) 14M->10M(15M) 0.145ms
[40.550s][info][gc] GC(23233) Pause Young (Allocation Failure) 14M->10M(15M) 0.152ms
[40.551s][info][gc] GC(23234) Pause Young (Allocation Failure) 14M->9M(15M) 0.145ms
[40.552s][info][gc] GC(23235) Pause Young (Allocation Failure) 14M->10M(15M) 0.183ms
[40.553s][info][gc] GC(23236) Pause Young (Allocation Failure) 14M->10M(15M) 0.153ms
[40.553s][info][gc] GC(23237) Pause Young (Allocation Failure) 14M->10M(15M) 0.150ms
[40.554s][info][gc] GC(23238) Pause Young (Allocation Failure) 14M->10M(15M) 0.149ms
[40.555s][info][gc] GC(23239) Pause Young (Allocation Failure) 14M->11M(15M) 0.187ms
[40.556s][info][gc] GC(23240) Pause Young (Allocation Failure) 15M->15M(15M) 0.018ms
[40.565s][info][gc] GC(23241) Pause Full (Allocation Failure) 15M->8M(15M) 9.444ms
[40.566s][info][gc] GC(23242) Pause Young (Allocation Failure) 13M->9M(15M) 0.188ms
[40.567s][info][gc] GC(23243) Pause Young (Allocation Failure) 13M->9M(15M) 0.159ms
[40.568s][info][gc] GC(23244) Pause Young (Allocation Failure) 13M->9M(15M) 0.166ms
[40.568s][info][gc] GC(23245) Pause Young (Allocation Failure) 13M->9M(15M) 0.199ms
[40.569s][info][gc] GC(23246) Pause Young (Allocation Failure) 14M->9M(15M) 0.153ms
[40.570s][info][gc] GC(23247) Pause Young (Allocation Failure) 14M->9M(15M) 0.163ms
[40.571s][info][gc] GC(23248) Pause Young (Allocation Failure) 14M->10M(15M) 0.172ms
[40.571s][info][gc] GC(23249) Pause Young (Allocation Failure) 14M->10M(15M) 0.191ms
[40.572s][info][gc] GC(23250) Pause Young (Allocation Failure) 14M->10M(15M) 0.141ms
[40.573s][info][gc] GC(23251) Pause Young (Allocation Failure) 15M->15M(15M) 0.019ms
[40.582s][info][gc] GC(23252) Pause Full (Allocation Failure) 15M->8M(15M) 9.455ms
[40.583s][info][gc] GC(23253) Pause Young (Allocation Failure) 12M->9M(15M) 0.221ms
[40.584s][info][gc] GC(23254) Pause Young (Allocation Failure) 13M->9M(15M) 0.172ms
[40.585s][info][gc] GC(23255) Pause Young (Allocation Failure) 13M->9M(15M) 0.186ms
[40.586s][info][gc] GC(23256) Pause Young (Allocation Failure) 14M->9M(15M) 0.168ms
[40.586s][info][gc] GC(23257) Pause Young (Allocation Failure) 14M->9M(15M) 0.147ms
[40.587s][info][gc] GC(23258) Pause Young (Allocation Failure) 13M->9M(15M) 0.182ms
[40.588s][info][gc] GC(23259) Pause Young (Allocation Failure) 13M->10M(15M) 0.195ms
[40.589s][info][gc] GC(23260) Pause Young (Allocation Failure) 14M->10M(15M) 0.159ms
[40.589s][info][gc] GC(23261) Pause Young (Allocation Failure) 14M->10M(15M) 0.177ms
[40.590s][info][gc] GC(23262) Pause Young (Allocation Failure) 14M->10M(15M) 0.177ms
[40.591s][info][gc] GC(23263) Pause Young (Allocation Failure) 14M->14M(15M) 0.019ms
[40.600s][info][gc] GC(23264) Pause Full (Allocation Failure) 14M->8M(15M) 9.304ms
[40.601s][info][gc] GC(23265) Pause Young (Allocation Failure) 13M->9M(15M) 0.200ms
[40.602s][info][gc] GC(23266) Pause Young (Allocation Failure) 13M->9M(15M) 0.178ms
[40.603s][info][gc] GC(23267) Pause Young (Allocation Failure) 13M->9M(15M) 0.144ms
[40.603s][info][gc] GC(23268) Pause Young (Allocation Failure) 13M->9M(15M) 0.139ms
[40.604s][info][gc] GC(23269) Pause Young (Allocation Failure) 14M->10M(15M) 0.180ms
[40.605s][info][gc] GC(23270) Pause Young (Allocation Failure) 14M->9M(15M) 0.151ms
[40.606s][info][gc] GC(23271) Pause Young (Allocation Failure) 14M->10M(15M) 0.179ms
[40.606s][info][gc] GC(23272) Pause Young (Allocation Failure) 14M->10M(15M) 0.149ms
[40.607s][info][gc] GC(23273) Pause Young (Allocation Failure) 14M->10M(15M) 0.153ms
[40.608s][info][gc] GC(23274) Pause Young (Allocation Failure) 14M->10M(15M) 0.163ms
[40.609s][info][gc] GC(23275) Pause Young (Allocation Failure) 14M->10M(15M) 0.157ms
[40.610s][info][gc] GC(23276) Pause Young (Allocation Failure) 14M->10M(15M) 0.145ms
[40.610s][info][gc] GC(23277) Pause Young (Allocation Failure) 14M->10M(15M) 0.162ms
[40.611s][info][gc] GC(23278) Pause Young (Allocation Failure) 14M->10M(15M) 0.158ms
[40.612s][info][gc] GC(23279) Pause Young (Allocation Failure) 14M->10M(15M) 0.150ms
[40.612s][info][gc] GC(23280) Pause Young (Allocation Failure) 14M->10M(15M) 0.163ms
[40.613s][info][gc] GC(23281) Pause Young (Allocation Failure) 14M->10M(15M) 0.148ms
[40.614s][info][gc] GC(23282) Pause Young (Allocation Failure) 14M->10M(15M) 0.171ms
[40.614s][info][gc] GC(23283) Pause Young (Allocation Failure) 15M->15M(15M) 0.020ms
[40.624s][info][gc] GC(23284) Pause Full (Allocation Failure) 15M->8M(15M) 9.292ms
[40.624s][info][gc] GC(23285) Pause Young (Allocation Failure) 13M->8M(15M) 0.159ms
[40.625s][info][gc] GC(23286) Pause Young (Allocation Failure) 13M->9M(15M) 0.214ms
[40.626s][info][gc] GC(23287) Pause Young (Allocation Failure) 13M->9M(15M) 0.178ms
[40.627s][info][gc] GC(23288) Pause Young (Allocation Failure) 13M->9M(15M) 0.190ms
[40.627s][info][gc] GC(23289) Pause Young (Allocation Failure) 14M->9M(15M) 0.149ms
[40.628s][info][gc] GC(23290) Pause Young (Allocation Failure) 13M->9M(15M) 0.147ms
[40.629s][info][gc] GC(23291) Pause Young (Allocation Failure) 13M->9M(15M) 0.153ms
[40.630s][info][gc] GC(23292) Pause Young (Allocation Failure) 14M->9M(15M) 0.154ms
[40.630s][info][gc] GC(23293) Pause Young (Allocation Failure) 14M->9M(15M) 0.148ms
[40.631s][info][gc] GC(23294) Pause Young (Allocation Failure) 13M->10M(15M) 0.170ms
[40.632s][info][gc] GC(23295) Pause Young (Allocation Failure) 14M->11M(15M) 0.210ms
[40.632s][info][gc] GC(23296) Pause Young (Allocation Failure) 15M->15M(15M) 0.018ms
[40.642s][info][gc] GC(23297) Pause Full (Allocation Failure) 15M->9M(15M) 9.436ms
[40.643s][info][gc] GC(23298) Pause Young (Allocation Failure) 13M->9M(15M) 0.160ms
[40.643s][info][gc] GC(23299) Pause Young (Allocation Failure) 13M->9M(15M) 0.165ms
[40.644s][info][gc] GC(23300) Pause Young (Allocation Failure) 13M->9M(15M) 0.167ms
[40.645s][info][gc] GC(23301) Pause Young (Allocation Failure) 14M->9M(15M) 0.147ms
[40.646s][info][gc] GC(23302) Pause Young (Allocation Failure) 13M->9M(15M) 0.154ms
[40.647s][info][gc] GC(23303) Pause Young (Allocation Failure) 13M->9M(15M) 0.156ms
[40.648s][info][gc] GC(23304) Pause Young (Allocation Failure) 14M->9M(15M) 0.163ms
[40.648s][info][gc] GC(23305) Pause Young (Allocation Failure) 14M->10M(15M) 0.170ms
[40.649s][info][gc] GC(23306) Pause Young (Allocation Failure) 14M->10M(15M) 0.164ms
[40.650s][info][gc] GC(23307) Pause Young (Allocation Failure) 14M->9M(15M) 0.154ms
[40.651s][info][gc] GC(23308) Pause Young (Allocation Failure) 14M->9M(15M) 0.150ms
[40.652s][info][gc] GC(23309) Pause Young (Allocation Failure) 14M->9M(15M) 0.147ms
[40.652s][info][gc] GC(23310) Pause Young (Allocation Failure) 14M->10M(15M) 0.124ms
[40.653s][info][gc] GC(23311) Pause Young (Allocation Failure) 14M->10M(15M) 0.166ms
[40.654s][info][gc] GC(23312) Pause Young (Allocation Failure) 14M->10M(15M) 0.181ms
[40.655s][info][gc] GC(23313) Pause Young (Allocation Failure) 14M->10M(15M) 0.166ms
[40.655s][info][gc] GC(23314) Pause Young (Allocation Failure) 14M->10M(15M) 0.162ms
[40.656s][info][gc] GC(23315) Pause Young (Allocation Failure) 14M->10M(15M) 0.147ms
[40.657s][info][gc] GC(23316) Pause Young (Allocation Failure) 15M->10M(15M) 0.161ms
[40.658s][info][gc] GC(23317) Pause Young (Allocation Failure) 15M->10M(15M) 0.153ms
[40.659s][info][gc] GC(23318) Pause Young (Allocation Failure) 14M->10M(15M) 0.149ms
[40.659s][info][gc] GC(23319) Pause Young (Allocation Failure) 14M->10M(15M) 0.155ms
[40.660s][info][gc] GC(23320) Pause Young (Allocation Failure) 14M->10M(15M) 0.176ms
[40.661s][info][gc] GC(23321) Pause Young (Allocation Failure) 15M->15M(15M) 0.019ms
[40.670s][info][gc] GC(23322) Pause Full (Allocation Failure) 15M->8M(15M) 9.412ms
[40.671s][info][gc] GC(23323) Pause Young (Allocation Failure) 12M->8M(15M) 0.165ms
[40.672s][info][gc] GC(23324) Pause Young (Allocation Failure) 12M->8M(15M) 0.177ms
[40.672s][info][gc] GC(23325) Pause Young (Allocation Failure) 13M->8M(15M) 0.157ms
[40.673s][info][gc] GC(23326) Pause Young (Allocation Failure) 12M->8M(15M) 0.151ms
[40.674s][info][gc] GC(23327) Pause Young (Allocation Failure) 12M->8M(15M) 0.151ms
[40.675s][info][gc] GC(23328) Pause Young (Allocation Failure) 12M->8M(15M) 0.159ms
[40.676s][info][gc] GC(23329) Pause Young (Allocation Failure) 13M->8M(15M) 0.173ms
[40.676s][info][gc] GC(23330) Pause Young (Allocation Failure) 13M->8M(15M) 0.144ms
[40.677s][info][gc] GC(23331) Pause Young (Allocation Failure) 12M->8M(15M) 0.161ms
[40.678s][info][gc] GC(23332) Pause Young (Allocation Failure) 13M->8M(15M) 0.164ms
[40.679s][info][gc] GC(23333) Pause Young (Allocation Failure) 13M->8M(15M) 0.143ms
[40.680s][info][gc] GC(23334) Pause Young (Allocation Failure) 12M->8M(15M) 0.151ms
[40.680s][info][gc] GC(23335) Pause Young (Allocation Failure) 13M->8M(15M) 0.117ms
[40.681s][info][gc] GC(23336) Pause Young (Allocation Failure) 13M->9M(15M) 0.148ms
[40.682s][info][gc] GC(23337) Pause Young (Allocation Failure) 13M->9M(15M) 0.157ms
[40.683s][info][gc] GC(23338) Pause Young (Allocation Failure) 13M->9M(15M) 0.159ms
[40.684s][info][gc] GC(23339) Pause Young (Allocation Failure) 13M->8M(15M) 0.147ms
[40.685s][info][gc] GC(23340) Pause Young (Allocation Failure) 13M->9M(15M) 0.181ms
[40.685s][info][gc] GC(23341) Pause Young (Allocation Failure) 13M->9M(15M) 0.167ms
[40.686s][info][gc] GC(23342) Pause Young (Allocation Failure) 13M->9M(15M) 0.243ms
[40.687s][info][gc] GC(23343) Pause Young (Allocation Failure) 14M->9M(15M) 0.184ms
[40.688s][info][gc] GC(23344) Pause Young (Allocation Failure) 14M->9M(15M) 0.166ms
[40.689s][info][gc] GC(23345) Pause Young (Allocation Failure) 13M->10M(15M) 0.180ms
[40.690s][info][gc] GC(23346) Pause Young (Allocation Failure) 14M->10M(15M) 0.178ms
[40.690s][info][gc] GC(23347) Pause Young (Allocation Failure) 14M->10M(15M) 0.160ms
[40.691s][info][gc] GC(23348) Pause Young (Allocation Failure) 14M->10M(15M) 0.154ms
[40.692s][info][gc] GC(23349) Pause Young (Allocation Failure) 14M->10M(15M) 0.153ms
[40.693s][info][gc] GC(23350) Pause Young (Allocation Failure) 14M->10M(15M) 0.124ms
[40.693s][info][gc] GC(23351) Pause Young (Allocation Failure) 14M->10M(15M) 0.184ms
[40.694s][info][gc] GC(23352) Pause Young (Allocation Failure) 14M->10M(15M) 0.199ms
[40.695s][info][gc] GC(23353) Pause Young (Allocation Failure) 14M->10M(15M) 0.156ms
[40.696s][info][gc] GC(23354) Pause Young (Allocation Failure) 14M->10M(15M) 0.166ms
[40.697s][info][gc] GC(23355) Pause Young (Allocation Failure) 14M->10M(15M) 0.195ms
[40.698s][info][gc] GC(23356) Pause Young (Allocation Failure) 14M->10M(15M) 0.170ms
[40.698s][info][gc] GC(23357) Pause Young (Allocation Failure) 14M->10M(15M) 0.204ms
[40.699s][info][gc] GC(23358) Pause Young (Allocation Failure) 15M->15M(15M) 0.025ms
[40.709s][info][gc] GC(23359) Pause Full (Allocation Failure) 15M->8M(15M) 9.783ms
[40.710s][info][gc] GC(23360) Pause Young (Allocation Failure) 13M->9M(15M) 0.198ms
[40.711s][info][gc] GC(23361) Pause Young (Allocation Failure) 13M->9M(15M) 0.204ms
[40.712s][info][gc] GC(23362) Pause Young (Allocation Failure) 13M->10M(15M) 0.173ms
[40.713s][info][gc] GC(23363) Pause Young (Allocation Failure) 14M->9M(15M) 0.176ms
[40.713s][info][gc] GC(23364) Pause Young (Allocation Failure) 14M->9M(15M) 0.173ms
[40.714s][info][gc] GC(23365) Pause Young (Allocation Failure) 14M->9M(15M) 0.167ms
[40.715s][info][gc] GC(23366) Pause Young (Allocation Failure) 14M->9M(15M) 0.167ms
[40.716s][info][gc] GC(23367) Pause Young (Allocation Failure) 14M->10M(15M) 0.196ms
[40.717s][info][gc] GC(23368) Pause Young (Allocation Failure) 14M->9M(15M) 0.169ms
[40.717s][info][gc] GC(23369) Pause Young (Allocation Failure) 14M->10M(15M) 0.191ms
[40.718s][info][gc] GC(23370) Pause Young (Allocation Failure) 14M->10M(15M) 0.167ms
[40.719s][info][gc] GC(23371) Pause Young (Allocation Failure) 14M->10M(15M) 0.172ms
[40.720s][info][gc] GC(23372) Pause Young (Allocation Failure) 14M->10M(15M) 0.204ms
[40.721s][info][gc] GC(23373) Pause Young (Allocation Failure) 15M->10M(15M) 0.176ms
[40.721s][info][gc] GC(23374) Pause Young (Allocation Failure) 14M->10M(15M) 0.171ms
[40.722s][info][gc] GC(23375) Pause Young (Allocation Failure) 14M->10M(15M) 0.188ms
[40.723s][info][gc] GC(23376) Pause Young (Allocation Failure) 15M->10M(15M) 0.174ms
[40.724s][info][gc] GC(23377) Pause Young (Allocation Failure) 14M->10M(15M) 0.165ms
[40.725s][info][gc] GC(23378) Pause Young (Allocation Failure) 14M->10M(15M) 0.186ms
[40.726s][info][gc] GC(23379) Pause Young (Allocation Failure) 15M->10M(15M) 0.170ms
[40.726s][info][gc] GC(23380) Pause Young (Allocation Failure) 14M->10M(15M) 0.181ms
[40.727s][info][gc] GC(23381) Pause Young (Allocation Failure) 15M->10M(15M) 0.178ms
[40.728s][info][gc] GC(23382) Pause Young (Allocation Failure) 15M->11M(15M) 0.204ms
[40.729s][info][gc] GC(23383) Pause Young (Allocation Failure) 15M->15M(15M) 0.025ms
[40.739s][info][gc] GC(23384) Pause Full (Allocation Failure) 15M->9M(15M) 9.862ms
[40.740s][info][gc] GC(23385) Pause Young (Allocation Failure) 13M->10M(15M) 0.251ms
[40.741s][info][gc] GC(23386) Pause Young (Allocation Failure) 14M->10M(15M) 0.190ms
[40.742s][info][gc] GC(23387) Pause Young (Allocation Failure) 14M->10M(15M) 0.177ms
[40.742s][info][gc] GC(23388) Pause Young (Allocation Failure) 14M->10M(15M) 0.201ms
[40.743s][info][gc] GC(23389) Pause Young (Allocation Failure) 14M->10M(15M) 0.178ms
[40.744s][info][gc] GC(23390) Pause Young (Allocation Failure) 14M->10M(15M) 0.188ms
[40.745s][info][gc] GC(23391) Pause Young (Allocation Failure) 14M->10M(15M) 0.166ms
[40.745s][info][gc] GC(23392) Pause Young (Allocation Failure) 14M->10M(15M) 0.181ms
[40.746s][info][gc] GC(23393) Pause Young (Allocation Failure) 14M->10M(15M) 0.165ms
[40.747s][info][gc] GC(23394) Pause Young (Allocation Failure) 14M->10M(15M) 0.169ms
[40.748s][info][gc] GC(23395) Pause Young (Allocation Failure) 14M->10M(15M) 0.187ms
[40.749s][info][gc] GC(23396) Pause Young (Allocation Failure) 14M->10M(15M) 0.182ms
[40.750s][info][gc] GC(23397) Pause Young (Allocation Failure) 14M->10M(15M) 0.181ms
[40.750s][info][gc] GC(23398) Pause Young (Allocation Failure) 14M->10M(15M) 0.173ms
[40.751s][info][gc] GC(23399) Pause Young (Allocation Failure) 14M->10M(15M) 0.168ms
[40.752s][info][gc] GC(23400) Pause Young (Allocation Failure) 14M->10M(15M) 0.194ms
[40.753s][info][gc] GC(23401) Pause Young (Allocation Failure) 15M->10M(15M) 0.162ms
[40.754s][info][gc] GC(23402) Pause Young (Allocation Failure) 14M->10M(15M) 0.169ms
[40.755s][info][gc] GC(23403) Pause Young (Allocation Failure) 14M->10M(15M) 0.183ms
[40.756s][info][gc] GC(23404) Pause Young (Allocation Failure) 15M->11M(15M) 0.155ms
[40.756s][info][gc] GC(23405) Pause Young (Allocation Failure) 15M->15M(15M) 0.025ms
[40.766s][info][gc] GC(23406) Pause Full (Allocation Failure) 15M->9M(15M) 9.642ms
[40.767s][info][gc] GC(23407) Pause Young (Allocation Failure) 13M->10M(15M) 0.247ms
[40.768s][info][gc] GC(23408) Pause Young (Allocation Failure) 14M->9M(15M) 0.156ms
[40.769s][info][gc] GC(23409) Pause Young (Allocation Failure) 14M->9M(15M) 0.178ms
[40.769s][info][gc] GC(23410) Pause Young (Allocation Failure) 14M->10M(15M) 0.180ms
[40.770s][info][gc] GC(23411) Pause Young (Allocation Failure) 14M->10M(15M) 0.188ms
[40.771s][info][gc] GC(23412) Pause Young (Allocation Failure) 14M->10M(15M) 0.190ms
[40.772s][info][gc] GC(23413) Pause Young (Allocation Failure) 14M->10M(15M) 0.168ms
[40.773s][info][gc] GC(23414) Pause Young (Allocation Failure) 14M->10M(15M) 0.189ms
[40.774s][info][gc] GC(23415) Pause Young (Allocation Failure) 14M->10M(15M) 0.195ms
[40.775s][info][gc] GC(23416) Pause Young (Allocation Failure) 14M->10M(15M) 0.167ms
[40.775s][info][gc] GC(23417) Pause Young (Allocation Failure) 14M->10M(15M) 0.177ms
[40.776s][info][gc] GC(23418) Pause Young (Allocation Failure) 14M->10M(15M) 0.164ms
[40.777s][info][gc] GC(23419) Pause Young (Allocation Failure) 14M->10M(15M) 0.186ms
[40.778s][info][gc] GC(23420) Pause Young (Allocation Failure) 14M->10M(15M) 0.181ms
[40.779s][info][gc] GC(23421) Pause Young (Allocation Failure) 14M->10M(15M) 0.166ms
[40.779s][info][gc] GC(23422) Pause Young (Allocation Failure) 14M->10M(15M) 0.175ms
[40.780s][info][gc] GC(23423) Pause Young (Allocation Failure) 14M->10M(15M) 0.165ms
[40.781s][info][gc] GC(23424) Pause Young (Allocation Failure) 14M->10M(15M) 0.178ms
[40.782s][info][gc] GC(23425) Pause Young (Allocation Failure) 14M->10M(15M) 0.176ms
[40.783s][info][gc] GC(23426) Pause Young (Allocation Failure) 14M->10M(15M) 0.176ms
[40.784s][info][gc] GC(23427) Pause Young (Allocation Failure) 14M->10M(15M) 0.181ms
[40.785s][info][gc] GC(23428) Pause Young (Allocation Failure) 14M->10M(15M) 0.187ms
[40.785s][info][gc] GC(23429) Pause Young (Allocation Failure) 15M->11M(15M) 0.211ms
[40.786s][info][gc] GC(23430) Pause Young (Allocation Failure) 15M->15M(15M) 0.025ms
[40.796s][info][gc] GC(23431) Pause Full (Allocation Failure) 15M->8M(15M) 9.473ms
[40.796s][info][gc] GC(23432) Pause Young (Allocation Failure) 12M->9M(15M) 0.217ms
[40.797s][info][gc] GC(23433) Pause Young (Allocation Failure) 13M->8M(15M) 0.191ms
[40.798s][info][gc] GC(23434) Pause Young (Allocation Failure) 13M->9M(15M) 0.195ms
[40.799s][info][gc] GC(23435) Pause Young (Allocation Failure) 13M->9M(15M) 0.195ms
[40.800s][info][gc] GC(23436) Pause Young (Allocation Failure) 13M->9M(15M) 0.189ms
[40.801s][info][gc] GC(23437) Pause Young (Allocation Failure) 13M->8M(15M) 0.172ms
[40.802s][info][gc] GC(23438) Pause Young (Allocation Failure) 13M->9M(15M) 0.206ms
[40.803s][info][gc] GC(23439) Pause Young (Allocation Failure) 13M->9M(15M) 0.173ms
[40.803s][info][gc] GC(23440) Pause Young (Allocation Failure) 13M->9M(15M) 0.168ms
[40.804s][info][gc] GC(23441) Pause Young (Allocation Failure) 13M->9M(15M) 0.161ms
[40.805s][info][gc] GC(23442) Pause Young (Allocation Failure) 13M->9M(15M) 0.187ms
[40.806s][info][gc] GC(23443) Pause Young (Allocation Failure) 13M->9M(15M) 0.172ms
[40.806s][info][gc] GC(23444) Pause Young (Allocation Failure) 13M->9M(15M) 0.167ms
[40.807s][info][gc] GC(23445) Pause Young (Allocation Failure) 13M->9M(15M) 0.169ms
[40.808s][info][gc] GC(23446) Pause Young (Allocation Failure) 13M->9M(15M) 0.188ms
[40.809s][info][gc] GC(23447) Pause Young (Allocation Failure) 14M->9M(15M) 0.170ms
[40.810s][info][gc] GC(23448) Pause Young (Allocation Failure) 13M->9M(15M) 0.162ms
[40.811s][info][gc] GC(23449) Pause Young (Allocation Failure) 13M->9M(15M) 0.190ms
[40.811s][info][gc] GC(23450) Pause Young (Allocation Failure) 14M->10M(15M) 0.221ms
[40.812s][info][gc] GC(23451) Pause Young (Allocation Failure) 14M->10M(15M) 0.171ms
[40.813s][info][gc] GC(23452) Pause Young (Allocation Failure) 14M->10M(15M) 0.165ms
[40.814s][info][gc] GC(23453) Pause Young (Allocation Failure) 14M->10M(15M) 0.250ms
[40.814s][info][gc] GC(23454) Pause Young (Allocation Failure) 15M->15M(15M) 0.025ms
[40.824s][info][gc] GC(23455) Pause Full (Allocation Failure) 15M->9M(15M) 9.976ms
[40.825s][info][gc] GC(23456) Pause Young (Allocation Failure) 13M->9M(15M) 0.214ms
[40.826s][info][gc] GC(23457) Pause Young (Allocation Failure) 14M->9M(15M) 0.185ms
[40.827s][info][gc] GC(23458) Pause Young (Allocation Failure) 13M->9M(15M) 0.166ms
[40.828s][info][gc] GC(23459) Pause Young (Allocation Failure) 13M->9M(15M) 0.168ms
[40.829s][info][gc] GC(23460) Pause Young (Allocation Failure) 13M->9M(15M) 0.164ms
[40.830s][info][gc] GC(23461) Pause Young (Allocation Failure) 13M->9M(15M) 0.199ms
[40.830s][info][gc] GC(23462) Pause Young (Allocation Failure) 14M->9M(15M) 0.185ms
[40.831s][info][gc] GC(23463) Pause Young (Allocation Failure) 14M->9M(15M) 0.179ms
[40.832s][info][gc] GC(23464) Pause Young (Allocation Failure) 14M->9M(15M) 0.189ms
[40.833s][info][gc] GC(23465) Pause Young (Allocation Failure) 14M->9M(15M) 0.166ms
[40.834s][info][gc] GC(23466) Pause Young (Allocation Failure) 13M->9M(15M) 0.164ms
[40.835s][info][gc] GC(23467) Pause Young (Allocation Failure) 13M->10M(15M) 0.205ms
[40.836s][info][gc] GC(23468) Pause Young (Allocation Failure) 14M->10M(15M) 0.183ms
[40.836s][info][gc] GC(23469) Pause Young (Allocation Failure) 14M->10M(15M) 0.182ms
[40.837s][info][gc] GC(23470) Pause Young (Allocation Failure) 14M->10M(15M) 0.171ms
[40.838s][info][gc] GC(23471) Pause Young (Allocation Failure) 14M->10M(15M) 0.187ms
[40.839s][info][gc] GC(23472) Pause Young (Allocation Failure) 14M->10M(15M) 0.204ms
[40.840s][info][gc] GC(23473) Pause Young (Allocation Failure) 15M->10M(15M) 0.167ms
[40.841s][info][gc] GC(23474) Pause Young (Allocation Failure) 14M->10M(15M) 0.166ms
[40.841s][info][gc] GC(23475) Pause Young (Allocation Failure) 14M->10M(15M) 0.172ms
[40.842s][info][gc] GC(23476) Pause Young (Allocation Failure) 14M->10M(15M) 0.165ms
[40.843s][info][gc] GC(23477) Pause Young (Allocation Failure) 14M->10M(15M) 0.173ms
[40.844s][info][gc] GC(23478) Pause Young (Allocation Failure) 14M->10M(15M) 0.188ms
[40.845s][info][gc] GC(23479) Pause Young (Allocation Failure) 15M->10M(15M) 0.168ms
[40.846s][info][gc] GC(23480) Pause Young (Allocation Failure) 14M->10M(15M) 0.196ms
[40.846s][info][gc] GC(23481) Pause Young (Allocation Failure) 15M->15M(15M) 0.025ms
[40.856s][info][gc] GC(23482) Pause Full (Allocation Failure) 15M->9M(15M) 9.854ms
[40.857s][info][gc] GC(23483) Pause Young (Allocation Failure) 13M->9M(15M) 0.229ms
[40.858s][info][gc] GC(23484) Pause Young (Allocation Failure) 14M->9M(15M) 0.176ms
[40.859s][info][gc] GC(23485) Pause Young (Allocation Failure) 13M->10M(15M) 0.169ms
[40.859s][info][gc] GC(23486) Pause Young (Allocation Failure) 14M->10M(15M) 0.234ms
[40.860s][info][gc] GC(23487) Pause Young (Allocation Failure) 15M->15M(15M) 0.025ms
[40.870s][info][gc] GC(23488) Pause Full (Allocation Failure) 15M->9M(15M) 9.830ms
[40.871s][info][gc] GC(23489) Pause Young (Allocation Failure) 13M->9M(15M) 0.240ms
[40.872s][info][gc] GC(23490) Pause Young (Allocation Failure) 14M->9M(15M) 0.165ms
[40.873s][info][gc] GC(23491) Pause Young (Allocation Failure) 14M->9M(15M) 0.183ms
[40.874s][info][gc] GC(23492) Pause Young (Allocation Failure) 14M->9M(15M) 0.174ms
[40.874s][info][gc] GC(23493) Pause Young (Allocation Failure) 14M->9M(15M) 0.179ms
[40.875s][info][gc] GC(23494) Pause Young (Allocation Failure) 14M->9M(15M) 0.182ms
[40.876s][info][gc] GC(23495) Pause Young (Allocation Failure) 14M->10M(15M) 0.195ms
[40.877s][info][gc] GC(23496) Pause Young (Allocation Failure) 14M->10M(15M) 0.187ms
[40.878s][info][gc] GC(23497) Pause Young (Allocation Failure) 14M->10M(15M) 0.210ms
[40.879s][info][gc] GC(23498) Pause Young (Allocation Failure) 14M->10M(15M) 0.171ms
[40.879s][info][gc] GC(23499) Pause Young (Allocation Failure) 14M->10M(15M) 0.162ms
[40.880s][info][gc] GC(23500) Pause Young (Allocation Failure) 14M->10M(15M) 0.177ms
[40.881s][info][gc] GC(23501) Pause Young (Allocation Failure) 14M->10M(15M) 0.184ms
[40.882s][info][gc] GC(23502) Pause Young (Allocation Failure) 14M->10M(15M) 0.179ms
[40.883s][info][gc] GC(23503) Pause Young (Allocation Failure) 14M->10M(15M) 0.178ms
[40.884s][info][gc] GC(23504) Pause Young (Allocation Failure) 14M->10M(15M) 0.165ms
[40.884s][info][gc] GC(23505) Pause Young (Allocation Failure) 14M->10M(15M) 0.174ms
[40.885s][info][gc] GC(23506) Pause Young (Allocation Failure) 14M->10M(15M) 0.185ms
[40.886s][info][gc] GC(23507) Pause Young (Allocation Failure) 14M->10M(15M) 0.177ms
[40.887s][info][gc] GC(23508) Pause Young (Allocation Failure) 14M->10M(15M) 0.177ms
[40.888s][info][gc] GC(23509) Pause Young (Allocation Failure) 14M->10M(15M) 0.172ms
[40.889s][info][gc] GC(23510) Pause Young (Allocation Failure) 14M->10M(15M) 0.177ms
[40.889s][info][gc] GC(23511) Pause Young (Allocation Failure) 14M->10M(15M) 0.169ms
[40.890s][info][gc] GC(23512) Pause Young (Allocation Failure) 14M->10M(15M) 0.180ms
[40.891s][info][gc] GC(23513) Pause Young (Allocation Failure) 14M->10M(15M) 0.170ms
[40.892s][info][gc] GC(23514) Pause Young (Allocation Failure) 14M->10M(15M) 0.151ms
[40.892s][info][gc] GC(23515) Pause Young (Allocation Failure) 15M->10M(15M) 0.187ms
[40.893s][info][gc] GC(23516) Pause Young (Allocation Failure) 14M->15M(15M) 0.299ms
[40.903s][info][gc] GC(23517) Pause Full (Allocation Failure) 15M->9M(15M) 9.472ms
[40.904s][info][gc] GC(23518) Pause Young (Allocation Failure) 13M->9M(15M) 0.192ms
[40.905s][info][gc] GC(23519) Pause Young (Allocation Failure) 13M->9M(15M) 0.192ms
[40.905s][info][gc] GC(23520) Pause Young (Allocation Failure) 13M->9M(15M) 0.200ms
[40.906s][info][gc] GC(23521) Pause Young (Allocation Failure) 14M->9M(15M) 0.188ms
[40.907s][info][gc] GC(23522) Pause Young (Allocation Failure) 14M->9M(15M) 0.175ms
[40.908s][info][gc] GC(23523) Pause Young (Allocation Failure) 13M->9M(15M) 0.172ms
[40.909s][info][gc] GC(23524) Pause Young (Allocation Failure) 13M->9M(15M) 0.181ms
[40.910s][info][gc] GC(23525) Pause Young (Allocation Failure) 13M->9M(15M) 0.183ms
[40.910s][info][gc] GC(23526) Pause Young (Allocation Failure) 14M->9M(15M) 0.168ms
[40.911s][info][gc] GC(23527) Pause Young (Allocation Failure) 13M->9M(15M) 0.198ms
[40.912s][info][gc] GC(23528) Pause Young (Allocation Failure) 14M->10M(15M) 0.220ms
[40.913s][info][gc] GC(23529) Pause Young (Allocation Failure) 14M->10M(15M) 0.174ms
[40.914s][info][gc] GC(23530) Pause Young (Allocation Failure) 14M->10M(15M) 0.176ms
[40.914s][info][gc] GC(23531) Pause Young (Allocation Failure) 14M->10M(15M) 0.183ms
[40.915s][info][gc] GC(23532) Pause Young (Allocation Failure) 14M->10M(15M) 0.188ms
[40.916s][info][gc] GC(23533) Pause Young (Allocation Failure) 14M->10M(15M) 0.178ms
[40.917s][info][gc] GC(23534) Pause Young (Allocation Failure) 14M->10M(15M) 0.171ms
[40.918s][info][gc] GC(23535) Pause Young (Allocation Failure) 14M->10M(15M) 0.163ms
[40.919s][info][gc] GC(23536) Pause Young (Allocation Failure) 14M->10M(15M) 0.128ms
[40.919s][info][gc] GC(23537) Pause Young (Allocation Failure) 14M->10M(15M) 0.173ms
[40.920s][info][gc] GC(23538) Pause Young (Allocation Failure) 14M->10M(15M) 0.182ms
[40.921s][info][gc] GC(23539) Pause Young (Allocation Failure) 14M->10M(15M) 0.145ms
[40.922s][info][gc] GC(23540) Pause Young (Allocation Failure) 15M->10M(15M) 0.192ms
[40.922s][info][gc] GC(23541) Pause Young (Allocation Failure) 15M->15M(15M) 0.025ms
[40.932s][info][gc] GC(23542) Pause Full (Allocation Failure) 15M->9M(15M) 9.567ms
[40.933s][info][gc] GC(23543) Pause Young (Allocation Failure) 13M->9M(15M) 0.184ms
[40.934s][info][gc] GC(23544) Pause Young (Allocation Failure) 13M->9M(15M) 0.204ms
[40.935s][info][gc] GC(23545) Pause Young (Allocation Failure) 14M->9M(15M) 0.193ms
[40.936s][info][gc] GC(23546) Pause Young (Allocation Failure) 13M->9M(15M) 0.179ms
[40.937s][info][gc] GC(23547) Pause Young (Allocation Failure) 13M->10M(15M) 0.205ms
[40.937s][info][gc] GC(23548) Pause Young (Allocation Failure) 14M->10M(15M) 0.232ms
[40.938s][info][gc] GC(23549) Pause Young (Allocation Failure) 15M->15M(15M) 0.025ms
[40.948s][info][gc] GC(23550) Pause Full (Allocation Failure) 15M->9M(15M) 9.534ms
[40.949s][info][gc] GC(23551) Pause Young (Allocation Failure) 13M->9M(15M) 0.194ms
[40.949s][info][gc] GC(23552) Pause Young (Allocation Failure) 13M->10M(15M) 0.217ms
[40.950s][info][gc] GC(23553) Pause Young (Allocation Failure) 14M->10M(15M) 0.157ms
[40.951s][info][gc] GC(23554) Pause Young (Allocation Failure) 14M->9M(15M) 0.181ms
[40.952s][info][gc] GC(23555) Pause Young (Allocation Failure) 14M->9M(15M) 0.172ms
[40.953s][info][gc] GC(23556) Pause Young (Allocation Failure) 14M->9M(15M) 0.164ms
[40.954s][info][gc] GC(23557) Pause Young (Allocation Failure) 14M->9M(15M) 0.177ms
[40.954s][info][gc] GC(23558) Pause Young (Allocation Failure) 14M->9M(15M) 0.174ms
[40.955s][info][gc] GC(23559) Pause Young (Allocation Failure) 14M->10M(15M) 0.179ms
[40.956s][info][gc] GC(23560) Pause Young (Allocation Failure) 14M->10M(15M) 0.189ms
[40.957s][info][gc] GC(23561) Pause Young (Allocation Failure) 14M->9M(15M) 0.167ms
[40.958s][info][gc] GC(23562) Pause Young (Allocation Failure) 14M->9M(15M) 0.163ms
[40.959s][info][gc] GC(23563) Pause Young (Allocation Failure) 14M->10M(15M) 0.189ms
[40.960s][info][gc] GC(23564) Pause Young (Allocation Failure) 14M->10M(15M) 0.195ms
[40.960s][info][gc] GC(23565) Pause Young (Allocation Failure) 14M->10M(15M) 0.173ms
[40.961s][info][gc] GC(23566) Pause Young (Allocation Failure) 14M->10M(15M) 0.172ms
[40.962s][info][gc] GC(23567) Pause Young (Allocation Failure) 14M->10M(15M) 0.191ms
[40.963s][info][gc] GC(23568) Pause Young (Allocation Failure) 14M->10M(15M) 0.177ms
[40.964s][info][gc] GC(23569) Pause Young (Allocation Failure) 15M->15M(15M) 0.025ms
[40.974s][info][gc] GC(23570) Pause Full (Allocation Failure) 15M->9M(15M) 10.003ms
[40.974s][info][gc] GC(23571) Pause Young (Allocation Failure) 13M->10M(15M) 0.275ms
[40.975s][info][gc] GC(23572) Pause Young (Allocation Failure) 14M->10M(15M) 0.194ms
[40.976s][info][gc] GC(23573) Pause Young (Allocation Failure) 14M->10M(15M) 0.183ms
[40.977s][info][gc] GC(23574) Pause Young (Allocation Failure) 14M->10M(15M) 0.171ms
[40.978s][info][gc] GC(23575) Pause Young (Allocation Failure) 14M->10M(15M) 0.169ms
[40.979s][info][gc] GC(23576) Pause Young (Allocation Failure) 14M->10M(15M) 0.181ms
[40.980s][info][gc] GC(23577) Pause Young (Allocation Failure) 14M->10M(15M) 0.195ms
[40.980s][info][gc] GC(23578) Pause Young (Allocation Failure) 14M->10M(15M) 0.184ms
[40.981s][info][gc] GC(23579) Pause Young (Allocation Failure) 14M->10M(15M) 0.179ms
[40.982s][info][gc] GC(23580) Pause Young (Allocation Failure) 14M->10M(15M) 0.176ms
[40.983s][info][gc] GC(23581) Pause Young (Allocation Failure) 14M->10M(15M) 0.187ms
[40.984s][info][gc] GC(23582) Pause Young (Allocation Failure) 15M->15M(15M) 0.025ms
[40.993s][info][gc] GC(23583) Pause Full (Allocation Failure) 15M->8M(15M) 9.630ms
[40.994s][info][gc] GC(23584) Pause Young (Allocation Failure) 12M->9M(15M) 0.232ms
[40.995s][info][gc] GC(23585) Pause Young (Allocation Failure) 13M->8M(15M) 0.167ms
[40.996s][info][gc] GC(23586) Pause Young (Allocation Failure) 13M->8M(15M) 0.165ms
[40.997s][info][gc] GC(23587) Pause Young (Allocation Failure) 13M->8M(15M) 0.165ms
[40.997s][info][gc] GC(23588) Pause Young (Allocation Failure) 13M->8M(15M) 0.174ms
[40.998s][info][gc] GC(23589) Pause Young (Allocation Failure) 13M->9M(15M) 0.182ms
[40.999s][info][gc] GC(23590) Pause Young (Allocation Failure) 13M->9M(15M) 0.184ms
[41.000s][info][gc] GC(23591) Pause Young (Allocation Failure) 13M->9M(15M) 0.176ms
[41.000s][info][gc] GC(23592) Pause Young (Allocation Failure) 13M->9M(15M) 0.176ms
[41.001s][info][gc] GC(23593) Pause Young (Allocation Failure) 13M->8M(15M) 0.168ms
[41.002s][info][gc] GC(23594) Pause Young (Allocation Failure) 13M->9M(15M) 0.188ms
[41.003s][info][gc] GC(23595) Pause Young (Allocation Failure) 13M->8M(15M) 0.166ms
[41.004s][info][gc] GC(23596) Pause Young (Allocation Failure) 13M->9M(15M) 0.171ms
[41.005s][info][gc] GC(23597) Pause Young (Allocation Failure) 13M->9M(15M) 0.177ms
[41.006s][info][gc] GC(23598) Pause Young (Allocation Failure) 13M->8M(15M) 0.169ms
[41.006s][info][gc] GC(23599) Pause Young (Allocation Failure) 13M->9M(15M) 0.186ms
[41.007s][info][gc] GC(23600) Pause Young (Allocation Failure) 13M->8M(15M) 0.164ms
[41.008s][info][gc] GC(23601) Pause Young (Allocation Failure) 13M->9M(15M) 0.181ms
[41.009s][info][gc] GC(23602) Pause Young (Allocation Failure) 13M->9M(15M) 0.191ms
[41.009s][info][gc] GC(23603) Pause Young (Allocation Failure) 13M->9M(15M) 0.175ms
[41.010s][info][gc] GC(23604) Pause Young (Allocation Failure) 13M->9M(15M) 0.174ms
[41.011s][info][gc] GC(23605) Pause Young (Allocation Failure) 13M->9M(15M) 0.197ms
[41.012s][info][gc] GC(23606) Pause Young (Allocation Failure) 14M->9M(15M) 0.181ms
[41.013s][info][gc] GC(23607) Pause Young (Allocation Failure) 14M->9M(15M) 0.169ms
[41.013s][info][gc] GC(23608) Pause Young (Allocation Failure) 13M->9M(15M) 0.171ms
[41.014s][info][gc] GC(23609) Pause Young (Allocation Failure) 13M->9M(15M) 0.190ms
[41.015s][info][gc] GC(23610) Pause Young (Allocation Failure) 14M->9M(15M) 0.175ms
[41.016s][info][gc] GC(23611) Pause Young (Allocation Failure) 13M->10M(15M) 0.206ms
[41.017s][info][gc] GC(23612) Pause Young (Allocation Failure) 14M->9M(15M) 0.167ms
[41.017s][info][gc] GC(23613) Pause Young (Allocation Failure) 14M->10M(15M) 0.183ms
[41.018s][info][gc] GC(23614) Pause Young (Allocation Failure) 14M->9M(15M) 0.170ms
[41.019s][info][gc] GC(23615) Pause Young (Allocation Failure) 14M->10M(15M) 0.254ms
[41.020s][info][gc] GC(23616) Pause Young (Allocation Failure) 14M->11M(15M) 0.214ms
[41.021s][info][gc] GC(23617) Pause Young (Allocation Failure) 15M->15M(15M) 0.024ms
[41.031s][info][gc] GC(23618) Pause Full (Allocation Failure) 15M->9M(15M) 9.767ms
[41.031s][info][gc] GC(23619) Pause Young (Allocation Failure) 13M->9M(15M) 0.225ms
[41.032s][info][gc] GC(23620) Pause Young (Allocation Failure) 14M->9M(15M) 0.192ms
[41.033s][info][gc] GC(23621) Pause Young (Allocation Failure) 14M->10M(15M) 0.211ms
[41.034s][info][gc] GC(23622) Pause Young (Allocation Failure) 14M->10M(15M) 0.178ms
[41.035s][info][gc] GC(23623) Pause Young (Allocation Failure) 14M->9M(15M) 0.161ms
[41.036s][info][gc] GC(23624) Pause Young (Allocation Failure) 14M->10M(15M) 0.170ms
[41.036s][info][gc] GC(23625) Pause Young (Allocation Failure) 14M->9M(15M) 0.166ms
[41.037s][info][gc] GC(23626) Pause Young (Allocation Failure) 14M->10M(15M) 0.188ms
[41.038s][info][gc] GC(23627) Pause Young (Allocation Failure) 14M->10M(15M) 0.189ms
[41.039s][info][gc] GC(23628) Pause Young (Allocation Failure) 14M->10M(15M) 0.170ms
[41.040s][info][gc] GC(23629) Pause Young (Allocation Failure) 14M->10M(15M) 0.175ms
[41.041s][info][gc] GC(23630) Pause Young (Allocation Failure) 14M->10M(15M) 0.257ms
[41.042s][info][gc] GC(23631) Pause Young (Allocation Failure) 14M->10M(15M) 0.189ms
[41.043s][info][gc] GC(23632) Pause Young (Allocation Failure) 14M->10M(15M) 0.183ms
[41.043s][info][gc] GC(23633) Pause Young (Allocation Failure) 14M->10M(15M) 0.159ms
[41.044s][info][gc] GC(23634) Pause Young (Allocation Failure) 14M->10M(15M) 0.188ms
[41.045s][info][gc] GC(23635) Pause Young (Allocation Failure) 15M->10M(15M) 0.187ms
[41.046s][info][gc] GC(23636) Pause Young (Allocation Failure) 15M->10M(15M) 0.168ms
[41.047s][info][gc] GC(23637) Pause Young (Allocation Failure) 14M->10M(15M) 0.159ms
[41.047s][info][gc] GC(23638) Pause Young (Allocation Failure) 14M->11M(15M) 0.197ms
[41.048s][info][gc] GC(23639) Pause Young (Allocation Failure) 15M->15M(15M) 0.025ms
[41.058s][info][gc] GC(23640) Pause Full (Allocation Failure) 15M->9M(15M) 9.946ms
[41.059s][info][gc] GC(23641) Pause Young (Allocation Failure) 14M->9M(15M) 0.176ms
[41.060s][info][gc] GC(23642) Pause Young (Allocation Failure) 14M->10M(15M) 0.199ms
[41.060s][info][gc] GC(23643) Pause Young (Allocation Failure) 14M->10M(15M) 0.168ms
[41.061s][info][gc] GC(23644) Pause Young (Allocation Failure) 14M->10M(15M) 0.200ms
[41.062s][info][gc] GC(23645) Pause Young (Allocation Failure) 14M->10M(15M) 0.175ms
[41.063s][info][gc] GC(23646) Pause Young (Allocation Failure) 14M->10M(15M) 0.175ms
[41.063s][info][gc] GC(23647) Pause Young (Allocation Failure) 14M->11M(15M) 0.207ms
[41.064s][info][gc] GC(23648) Pause Young (Allocation Failure) 15M->15M(15M) 0.024ms
[41.074s][info][gc] GC(23649) Pause Full (Allocation Failure) 15M->9M(15M) 9.693ms
[41.075s][info][gc] GC(23650) Pause Young (Allocation Failure) 13M->9M(15M) 0.219ms
[41.076s][info][gc] GC(23651) Pause Young (Allocation Failure) 14M->9M(15M) 0.180ms
[41.076s][info][gc] GC(23652) Pause Young (Allocation Failure) 13M->9M(15M) 0.170ms
[41.077s][info][gc] GC(23653) Pause Young (Allocation Failure) 13M->9M(15M) 0.192ms
[41.078s][info][gc] GC(23654) Pause Young (Allocation Failure) 14M->9M(15M) 0.173ms
[41.079s][info][gc] GC(23655) Pause Young (Allocation Failure) 14M->10M(15M) 0.185ms
[41.080s][info][gc] GC(23656) Pause Young (Allocation Failure) 14M->10M(15M) 0.210ms
[41.080s][info][gc] GC(23657) Pause Young (Allocation Failure) 14M->10M(15M) 0.217ms
[41.081s][info][gc] GC(23658) Pause Young (Allocation Failure) 14M->11M(15M) 0.217ms
[41.082s][info][gc] GC(23659) Pause Young (Allocation Failure) 15M->15M(15M) 0.024ms
[41.092s][info][gc] GC(23660) Pause Full (Allocation Failure) 15M->8M(15M) 9.512ms
[41.093s][info][gc] GC(23661) Pause Young (Allocation Failure) 12M->8M(15M) 0.194ms
[41.093s][info][gc] GC(23662) Pause Young (Allocation Failure) 12M->8M(15M) 0.167ms
[41.094s][info][gc] GC(23663) Pause Young (Allocation Failure) 12M->8M(15M) 0.130ms
[41.095s][info][gc] GC(23664) Pause Young (Allocation Failure) 13M->8M(15M) 0.163ms
[41.096s][info][gc] GC(23665) Pause Young (Allocation Failure) 12M->8M(15M) 0.157ms
[41.097s][info][gc] GC(23666) Pause Young (Allocation Failure) 12M->9M(15M) 0.199ms
[41.098s][info][gc] GC(23667) Pause Young (Allocation Failure) 13M->8M(15M) 0.162ms
[41.098s][info][gc] GC(23668) Pause Young (Allocation Failure) 13M->8M(15M) 0.159ms
[41.099s][info][gc] GC(23669) Pause Young (Allocation Failure) 13M->9M(15M) 0.174ms
[41.100s][info][gc] GC(23670) Pause Young (Allocation Failure) 13M->9M(15M) 0.192ms
[41.101s][info][gc] GC(23671) Pause Young (Allocation Failure) 13M->9M(15M) 0.190ms
[41.102s][info][gc] GC(23672) Pause Young (Allocation Failure) 13M->9M(15M) 0.187ms
[41.103s][info][gc] GC(23673) Pause Young (Allocation Failure) 13M->9M(15M) 0.176ms
[41.103s][info][gc] GC(23674) Pause Young (Allocation Failure) 13M->9M(15M) 0.173ms
[41.104s][info][gc] GC(23675) Pause Young (Allocation Failure) 13M->9M(15M) 0.172ms
[41.105s][info][gc] GC(23676) Pause Young (Allocation Failure) 13M->9M(15M) 0.173ms
[41.106s][info][gc] GC(23677) Pause Young (Allocation Failure) 13M->9M(15M) 0.173ms
[41.106s][info][gc] GC(23678) Pause Young (Allocation Failure) 13M->9M(15M) 0.166ms
[41.107s][info][gc] GC(23679) Pause Young (Allocation Failure) 13M->9M(15M) 0.280ms
[41.108s][info][gc] GC(23680) Pause Young (Allocation Failure) 14M->9M(15M) 0.192ms
[41.109s][info][gc] GC(23681) Pause Young (Allocation Failure) 14M->9M(15M) 0.172ms
[41.110s][info][gc] GC(23682) Pause Young (Allocation Failure) 14M->9M(15M) 0.163ms
[41.111s][info][gc] GC(23683) Pause Young (Allocation Failure) 13M->9M(15M) 0.161ms
[41.111s][info][gc] GC(23684) Pause Young (Allocation Failure) 13M->10M(15M) 0.178ms
[41.112s][info][gc] GC(23685) Pause Young (Allocation Failure) 14M->10M(15M) 0.186ms
[41.113s][info][gc] GC(23686) Pause Young (Allocation Failure) 14M->10M(15M) 0.182ms
[41.114s][info][gc] GC(23687) Pause Young (Allocation Failure) 14M->10M(15M) 0.169ms
[41.115s][info][gc] GC(23688) Pause Young (Allocation Failure) 14M->10M(15M) 0.173ms
[41.116s][info][gc] GC(23689) Pause Young (Allocation Failure) 14M->10M(15M) 0.167ms
[41.117s][info][gc] GC(23690) Pause Young (Allocation Failure) 14M->10M(15M) 0.170ms
[41.117s][info][gc] GC(23691) Pause Young (Allocation Failure) 14M->10M(15M) 0.185ms
[41.118s][info][gc] GC(23692) Pause Young (Allocation Failure) 14M->11M(15M) 0.195ms
[41.119s][info][gc] GC(23693) Pause Young (Allocation Failure) 15M->15M(15M) 0.025ms
[41.128s][info][gc] GC(23694) Pause Full (Allocation Failure) 15M->8M(15M) 9.585ms
[41.129s][info][gc] GC(23695) Pause Young (Allocation Failure) 13M->9M(15M) 0.218ms
[41.130s][info][gc] GC(23696) Pause Young (Allocation Failure) 13M->8M(15M) 0.165ms
[41.131s][info][gc] GC(23697) Pause Young (Allocation Failure) 13M->9M(15M) 0.182ms
[41.132s][info][gc] GC(23698) Pause Young (Allocation Failure) 13M->9M(15M) 0.166ms
[41.133s][info][gc] GC(23699) Pause Young (Allocation Failure) 13M->9M(15M) 0.185ms
[41.134s][info][gc] GC(23700) Pause Young (Allocation Failure) 13M->9M(15M) 0.176ms
[41.134s][info][gc] GC(23701) Pause Young (Allocation Failure) 13M->9M(15M) 0.170ms
[41.135s][info][gc] GC(23702) Pause Young (Allocation Failure) 13M->9M(15M) 0.225ms
[41.136s][info][gc] GC(23703) Pause Young (Allocation Failure) 14M->9M(15M) 0.167ms
[41.137s][info][gc] GC(23704) Pause Young (Allocation Failure) 13M->10M(15M) 0.185ms
[41.138s][info][gc] GC(23705) Pause Young (Allocation Failure) 14M->9M(15M) 0.180ms
[41.139s][info][gc] GC(23706) Pause Young (Allocation Failure) 14M->10M(15M) 0.190ms
[41.139s][info][gc] GC(23707) Pause Young (Allocation Failure) 14M->10M(15M) 0.176ms
[41.140s][info][gc] GC(23708) Pause Young (Allocation Failure) 14M->10M(15M) 0.199ms
[41.141s][info][gc] GC(23709) Pause Young (Allocation Failure) 14M->10M(15M) 0.169ms
[41.142s][info][gc] GC(23710) Pause Young (Allocation Failure) 14M->10M(15M) 0.168ms
[41.142s][info][gc] GC(23711) Pause Young (Allocation Failure) 14M->10M(15M) 0.151ms
[41.143s][info][gc] GC(23712) Pause Young (Allocation Failure) 14M->10M(15M) 0.161ms
[41.144s][info][gc] GC(23713) Pause Young (Allocation Failure) 14M->10M(15M) 0.184ms
[41.145s][info][gc] GC(23714) Pause Young (Allocation Failure) 14M->10M(15M) 0.205ms
[41.146s][info][gc] GC(23715) Pause Young (Allocation Failure) 15M->15M(15M) 0.025ms
[41.155s][info][gc] GC(23716) Pause Full (Allocation Failure) 15M->9M(15M) 9.648ms
[41.156s][info][gc] GC(23717) Pause Young (Allocation Failure) 14M->10M(15M) 0.190ms
[41.157s][info][gc] GC(23718) Pause Young (Allocation Failure) 14M->9M(15M) 0.171ms
[41.158s][info][gc] GC(23719) Pause Young (Allocation Failure) 14M->10M(15M) 0.190ms
[41.159s][info][gc] GC(23720) Pause Young (Allocation Failure) 14M->10M(15M) 0.165ms
[41.160s][info][gc] GC(23721) Pause Young (Allocation Failure) 14M->10M(15M) 0.166ms
[41.160s][info][gc] GC(23722) Pause Young (Allocation Failure) 14M->10M(15M) 0.222ms
[41.161s][info][gc] GC(23723) Pause Young (Allocation Failure) 15M->10M(15M) 0.178ms
[41.162s][info][gc] GC(23724) Pause Young (Allocation Failure) 14M->10M(15M) 0.188ms
[41.163s][info][gc] GC(23725) Pause Young (Allocation Failure) 15M->10M(15M) 0.168ms
[41.164s][info][gc] GC(23726) Pause Young (Allocation Failure) 14M->10M(15M) 0.175ms
[41.165s][info][gc] GC(23727) Pause Young (Allocation Failure) 14M->11M(15M) 0.207ms
[41.165s][info][gc] GC(23728) Pause Young (Allocation Failure) 15M->15M(15M) 0.025ms
[41.175s][info][gc] GC(23729) Pause Full (Allocation Failure) 15M->9M(15M) 9.859ms
[41.176s][info][gc] GC(23730) Pause Young (Allocation Failure) 13M->9M(15M) 0.194ms
[41.177s][info][gc] GC(23731) Pause Young (Allocation Failure) 13M->9M(15M) 0.193ms
[41.178s][info][gc] GC(23732) Pause Young (Allocation Failure) 13M->9M(15M) 0.170ms
[41.179s][info][gc] GC(23733) Pause Young (Allocation Failure) 14M->9M(15M) 0.188ms
[41.180s][info][gc] GC(23734) Pause Young (Allocation Failure) 14M->9M(15M) 0.172ms
[41.180s][info][gc] GC(23735) Pause Young (Allocation Failure) 14M->9M(15M) 0.173ms
[41.181s][info][gc] GC(23736) Pause Young (Allocation Failure) 14M->9M(15M) 0.165ms
[41.182s][info][gc] GC(23737) Pause Young (Allocation Failure) 13M->9M(15M) 0.177ms
[41.183s][info][gc] GC(23738) Pause Young (Allocation Failure) 14M->10M(15M) 0.143ms
[41.184s][info][gc] GC(23739) Pause Young (Allocation Failure) 14M->10M(15M) 0.185ms
[41.185s][info][gc] GC(23740) Pause Young (Allocation Failure) 14M->10M(15M) 0.161ms
[41.185s][info][gc] GC(23741) Pause Young (Allocation Failure) 14M->10M(15M) 0.173ms
[41.186s][info][gc] GC(23742) Pause Young (Allocation Failure) 14M->10M(15M) 0.179ms
[41.187s][info][gc] GC(23743) Pause Young (Allocation Failure) 14M->9M(15M) 0.167ms
[41.188s][info][gc] GC(23744) Pause Young (Allocation Failure) 14M->9M(15M) 0.167ms
[41.189s][info][gc] GC(23745) Pause Young (Allocation Failure) 14M->9M(15M) 0.170ms
[41.189s][info][gc] GC(23746) Pause Young (Allocation Failure) 14M->10M(15M) 0.189ms
[41.190s][info][gc] GC(23747) Pause Young (Allocation Failure) 14M->10M(15M) 0.204ms
[41.191s][info][gc] GC(23748) Pause Young (Allocation Failure) 15M->10M(15M) 0.139ms
[41.192s][info][gc] GC(23749) Pause Young (Allocation Failure) 15M->15M(15M) 0.312ms
[41.202s][info][gc] GC(23750) Pause Full (Allocation Failure) 15M->9M(15M) 10.255ms
[41.203s][info][gc] GC(23751) Pause Young (Allocation Failure) 13M->10M(15M) 0.237ms
[41.204s][info][gc] GC(23752) Pause Young (Allocation Failure) 14M->9M(15M) 0.179ms
[41.205s][info][gc] GC(23753) Pause Young (Allocation Failure) 14M->9M(15M) 0.162ms
[41.206s][info][gc] GC(23754) Pause Young (Allocation Failure) 14M->10M(15M) 0.186ms
[41.207s][info][gc] GC(23755) Pause Young (Allocation Failure) 14M->9M(15M) 0.167ms
[41.207s][info][gc] GC(23756) Pause Young (Allocation Failure) 14M->9M(15M) 0.171ms
[41.208s][info][gc] GC(23757) Pause Young (Allocation Failure) 14M->9M(15M) 0.174ms
[41.209s][info][gc] GC(23758) Pause Young (Allocation Failure) 14M->9M(15M) 0.167ms
[41.210s][info][gc] GC(23759) Pause Young (Allocation Failure) 14M->10M(15M) 0.177ms
[41.210s][info][gc] GC(23760) Pause Young (Allocation Failure) 14M->10M(15M) 0.189ms
[41.211s][info][gc] GC(23761) Pause Young (Allocation Failure) 14M->10M(15M) 0.178ms
[41.212s][info][gc] GC(23762) Pause Young (Allocation Failure) 14M->10M(15M) 0.190ms
[41.213s][info][gc] GC(23763) Pause Young (Allocation Failure) 14M->10M(15M) 0.214ms
[41.213s][info][gc] GC(23764) Pause Young (Allocation Failure) 15M->15M(15M) 0.025ms
[41.223s][info][gc] GC(23765) Pause Full (Allocation Failure) 15M->8M(15M) 9.676ms
[41.224s][info][gc] GC(23766) Pause Young (Allocation Failure) 12M->9M(15M) 0.244ms
[41.225s][info][gc] GC(23767) Pause Young (Allocation Failure) 13M->9M(15M) 0.185ms
[41.226s][info][gc] GC(23768) Pause Young (Allocation Failure) 13M->9M(15M) 0.173ms
[41.227s][info][gc] GC(23769) Pause Young (Allocation Failure) 13M->9M(15M) 0.179ms
[41.228s][info][gc] GC(23770) Pause Young (Allocation Failure) 13M->9M(15M) 0.180ms
[41.229s][info][gc] GC(23771) Pause Young (Allocation Failure) 13M->9M(15M) 0.192ms
[41.229s][info][gc] GC(23772) Pause Young (Allocation Failure) 13M->9M(15M) 0.180ms
[41.230s][info][gc] GC(23773) Pause Young (Allocation Failure) 13M->9M(15M) 0.168ms
[41.231s][info][gc] GC(23774) Pause Young (Allocation Failure) 13M->9M(15M) 0.189ms
[41.232s][info][gc] GC(23775) Pause Young (Allocation Failure) 13M->9M(15M) 0.177ms
[41.233s][info][gc] GC(23776) Pause Young (Allocation Failure) 13M->9M(15M) 0.178ms
[41.233s][info][gc] GC(23777) Pause Young (Allocation Failure) 13M->9M(15M) 0.190ms
[41.234s][info][gc] GC(23778) Pause Young (Allocation Failure) 13M->9M(15M) 0.173ms
[41.235s][info][gc] GC(23779) Pause Young (Allocation Failure) 13M->9M(15M) 0.171ms
[41.236s][info][gc] GC(23780) Pause Young (Allocation Failure) 13M->9M(15M) 0.165ms
[41.237s][info][gc] GC(23781) Pause Young (Allocation Failure) 13M->9M(15M) 0.178ms
[41.238s][info][gc] GC(23782) Pause Young (Allocation Failure) 13M->9M(15M) 0.169ms
[41.238s][info][gc] GC(23783) Pause Young (Allocation Failure) 13M->9M(15M) 0.179ms
[41.239s][info][gc] GC(23784) Pause Young (Allocation Failure) 13M->9M(15M) 0.171ms
[41.240s][info][gc] GC(23785) Pause Young (Allocation Failure) 13M->10M(15M) 0.232ms
[41.241s][info][gc] GC(23786) Pause Young (Allocation Failure) 14M->10M(15M) 0.173ms
[41.242s][info][gc] GC(23787) Pause Young (Allocation Failure) 14M->10M(15M) 0.211ms
[41.243s][info][gc] GC(23788) Pause Young (Allocation Failure) 14M->10M(15M) 0.200ms
[41.244s][info][gc] GC(23789) Pause Young (Allocation Failure) 15M->10M(15M) 0.166ms
[41.244s][info][gc] GC(23790) Pause Young (Allocation Failure) 14M->10M(15M) 0.175ms
[41.245s][info][gc] GC(23791) Pause Young (Allocation Failure) 14M->10M(15M) 0.174ms
[41.246s][info][gc] GC(23792) Pause Young (Allocation Failure) 14M->10M(15M) 0.176ms
[41.247s][info][gc] GC(23793) Pause Young (Allocation Failure) 14M->10M(15M) 0.155ms
[41.248s][info][gc] GC(23794) Pause Young (Allocation Failure) 15M->10M(15M) 0.170ms
[41.248s][info][gc] GC(23795) Pause Young (Allocation Failure) 15M->15M(15M) 0.025ms
[41.258s][info][gc] GC(23796) Pause Full (Allocation Failure) 15M->9M(15M) 9.834ms
[41.259s][info][gc] GC(23797) Pause Young (Allocation Failure) 13M->9M(15M) 0.193ms
[41.260s][info][gc] GC(23798) Pause Young (Allocation Failure) 14M->9M(15M) 0.173ms
[41.261s][info][gc] GC(23799) Pause Young (Allocation Failure) 13M->9M(15M) 0.164ms
[41.262s][info][gc] GC(23800) Pause Young (Allocation Failure) 13M->9M(15M) 0.172ms
[41.263s][info][gc] GC(23801) Pause Young (Allocation Failure) 13M->9M(15M) 0.171ms
[41.263s][info][gc] GC(23802) Pause Young (Allocation Failure) 13M->9M(15M) 0.182ms
[41.264s][info][gc] GC(23803) Pause Young (Allocation Failure) 14M->10M(15M) 0.208ms
[41.265s][info][gc] GC(23804) Pause Young (Allocation Failure) 14M->9M(15M) 0.166ms
[41.266s][info][gc] GC(23805) Pause Young (Allocation Failure) 14M->10M(15M) 0.186ms
[41.267s][info][gc] GC(23806) Pause Young (Allocation Failure) 14M->10M(15M) 0.172ms
[41.268s][info][gc] GC(23807) Pause Young (Allocation Failure) 14M->10M(15M) 0.211ms
[41.268s][info][gc] GC(23808) Pause Young (Allocation Failure) 14M->10M(15M) 0.188ms
[41.269s][info][gc] GC(23809) Pause Young (Allocation Failure) 15M->10M(15M) 0.181ms
[41.270s][info][gc] GC(23810) Pause Young (Allocation Failure) 14M->10M(15M) 0.182ms
[41.271s][info][gc] GC(23811) Pause Young (Allocation Failure) 14M->10M(15M) 0.168ms
[41.272s][info][gc] GC(23812) Pause Young (Allocation Failure) 14M->10M(15M) 0.183ms
[41.273s][info][gc] GC(23813) Pause Young (Allocation Failure) 15M->10M(15M) 0.178ms
[41.274s][info][gc] GC(23814) Pause Young (Allocation Failure) 14M->10M(15M) 0.186ms
[41.275s][info][gc] GC(23815) Pause Young (Allocation Failure) 15M->10M(15M) 0.176ms
[41.276s][info][gc] GC(23816) Pause Young (Allocation Failure) 14M->10M(15M) 0.172ms
[41.276s][info][gc] GC(23817) Pause Young (Allocation Failure) 14M->10M(15M) 0.190ms
[41.277s][info][gc] GC(23818) Pause Young (Allocation Failure) 15M->10M(15M) 0.173ms
[41.278s][info][gc] GC(23819) Pause Young (Allocation Failure) 14M->10M(15M) 0.181ms
[41.279s][info][gc] GC(23820) Pause Young (Allocation Failure) 15M->10M(15M) 0.183ms
[41.280s][info][gc] GC(23821) Pause Young (Allocation Failure) 15M->10M(15M) 0.171ms
[41.281s][info][gc] GC(23822) Pause Young (Allocation Failure) 14M->10M(15M) 0.185ms
[41.282s][info][gc] GC(23823) Pause Young (Allocation Failure) 15M->10M(15M) 0.181ms
[41.282s][info][gc] GC(23824) Pause Young (Allocation Failure) 14M->10M(15M) 0.179ms
[41.283s][info][gc] GC(23825) Pause Young (Allocation Failure) 14M->10M(15M) 0.172ms
[41.284s][info][gc] GC(23826) Pause Young (Allocation Failure) 14M->10M(15M) 0.188ms
[41.285s][info][gc] GC(23827) Pause Young (Allocation Failure) 15M->10M(15M) 0.168ms
[41.286s][info][gc] GC(23828) Pause Young (Allocation Failure) 14M->15M(15M) 0.310ms
[41.296s][info][gc] GC(23829) Pause Full (Allocation Failure) 15M->9M(15M) 9.995ms
[41.297s][info][gc] GC(23830) Pause Young (Allocation Failure) 13M->10M(15M) 0.288ms
[41.297s][info][gc] GC(23831) Pause Young (Allocation Failure) 15M->15M(15M) 0.026ms
[41.307s][info][gc] GC(23832) Pause Full (Allocation Failure) 15M->8M(15M) 9.826ms
[41.308s][info][gc] GC(23833) Pause Young (Allocation Failure) 13M->9M(15M) 0.199ms
[41.309s][info][gc] GC(23834) Pause Young (Allocation Failure) 13M->9M(15M) 0.184ms
[41.310s][info][gc] GC(23835) Pause Young (Allocation Failure) 13M->9M(15M) 0.171ms
[41.311s][info][gc] GC(23836) Pause Young (Allocation Failure) 13M->9M(15M) 0.183ms
[41.312s][info][gc] GC(23837) Pause Young (Allocation Failure) 13M->9M(15M) 0.190ms
[41.312s][info][gc] GC(23838) Pause Young (Allocation Failure) 13M->9M(15M) 0.199ms
[41.313s][info][gc] GC(23839) Pause Young (Allocation Failure) 14M->9M(15M) 0.190ms
[41.314s][info][gc] GC(23840) Pause Young (Allocation Failure) 14M->9M(15M) 0.176ms
[41.315s][info][gc] GC(23841) Pause Young (Allocation Failure) 13M->9M(15M) 0.184ms
[41.316s][info][gc] GC(23842) Pause Young (Allocation Failure) 14M->9M(15M) 0.171ms
[41.317s][info][gc] GC(23843) Pause Young (Allocation Failure) 13M->9M(15M) 0.185ms
[41.318s][info][gc] GC(23844) Pause Young (Allocation Failure) 14M->10M(15M) 0.197ms
[41.318s][info][gc] GC(23845) Pause Young (Allocation Failure) 14M->10M(15M) 0.192ms
[41.319s][info][gc] GC(23846) Pause Young (Allocation Failure) 14M->9M(15M) 0.169ms
[41.320s][info][gc] GC(23847) Pause Young (Allocation Failure) 14M->10M(15M) 0.180ms
[41.321s][info][gc] GC(23848) Pause Young (Allocation Failure) 14M->9M(15M) 0.169ms
[41.322s][info][gc] GC(23849) Pause Young (Allocation Failure) 14M->10M(15M) 0.181ms
[41.323s][info][gc] GC(23850) Pause Young (Allocation Failure) 14M->10M(15M) 0.201ms
[41.324s][info][gc] GC(23851) Pause Young (Allocation Failure) 14M->10M(15M) 0.171ms
[41.324s][info][gc] GC(23852) Pause Young (Allocation Failure) 14M->10M(15M) 0.169ms
[41.325s][info][gc] GC(23853) Pause Young (Allocation Failure) 14M->10M(15M) 0.179ms
[41.326s][info][gc] GC(23854) Pause Young (Allocation Failure) 14M->10M(15M) 0.173ms
[41.327s][info][gc] GC(23855) Pause Young (Allocation Failure) 14M->10M(15M) 0.179ms
[41.328s][info][gc] GC(23856) Pause Young (Allocation Failure) 14M->10M(15M) 0.202ms
[41.328s][info][gc] GC(23857) Pause Young (Allocation Failure) 15M->10M(15M) 0.162ms
[41.329s][info][gc] GC(23858) Pause Young (Allocation Failure) 14M->10M(15M) 0.172ms
[41.330s][info][gc] GC(23859) Pause Young (Allocation Failure) 14M->10M(15M) 0.186ms
[41.331s][info][gc] GC(23860) Pause Young (Allocation Failure) 15M->10M(15M) 0.190ms
[41.332s][info][gc] GC(23861) Pause Young (Allocation Failure) 15M->15M(15M) 0.025ms
[41.341s][info][gc] GC(23862) Pause Full (Allocation Failure) 15M->9M(15M) 9.744ms
[41.342s][info][gc] GC(23863) Pause Young (Allocation Failure) 13M->9M(15M) 0.218ms
[41.343s][info][gc] GC(23864) Pause Young (Allocation Failure) 13M->9M(15M) 0.209ms
[41.344s][info][gc] GC(23865) Pause Young (Allocation Failure) 14M->9M(15M) 0.175ms
[41.345s][info][gc] GC(23866) Pause Young (Allocation Failure) 13M->9M(15M) 0.166ms
[41.346s][info][gc] GC(23867) Pause Young (Allocation Failure) 13M->9M(15M) 0.171ms
[41.347s][info][gc] GC(23868) Pause Young (Allocation Failure) 13M->9M(15M) 0.173ms
[41.348s][info][gc] GC(23869) Pause Young (Allocation Failure) 13M->9M(15M) 0.165ms
[41.348s][info][gc] GC(23870) Pause Young (Allocation Failure) 13M->9M(15M) 0.181ms
[41.349s][info][gc] GC(23871) Pause Young (Allocation Failure) 14M->10M(15M) 0.227ms
[41.350s][info][gc] GC(23872) Pause Young (Allocation Failure) 14M->10M(15M) 0.173ms
[41.351s][info][gc] GC(23873) Pause Young (Allocation Failure) 14M->10M(15M) 0.182ms
[41.352s][info][gc] GC(23874) Pause Young (Allocation Failure) 14M->10M(15M) 0.165ms
[41.353s][info][gc] GC(23875) Pause Young (Allocation Failure) 14M->10M(15M) 0.175ms
[41.353s][info][gc] GC(23876) Pause Young (Allocation Failure) 14M->10M(15M) 0.168ms
[41.354s][info][gc] GC(23877) Pause Young (Allocation Failure) 14M->10M(15M) 0.204ms
[41.355s][info][gc] GC(23878) Pause Young (Allocation Failure) 14M->11M(15M) 0.211ms
[41.356s][info][gc] GC(23879) Pause Young (Allocation Failure) 15M->15M(15M) 0.025ms
[41.366s][info][gc] GC(23880) Pause Full (Allocation Failure) 15M->8M(15M) 9.793ms
[41.367s][info][gc] GC(23881) Pause Young (Allocation Failure) 13M->9M(15M) 0.206ms
[41.367s][info][gc] GC(23882) Pause Young (Allocation Failure) 13M->9M(15M) 0.193ms
[41.368s][info][gc] GC(23883) Pause Young (Allocation Failure) 13M->9M(15M) 0.197ms
[41.369s][info][gc] GC(23884) Pause Young (Allocation Failure) 13M->9M(15M) 0.205ms
[41.370s][info][gc] GC(23885) Pause Young (Allocation Failure) 14M->10M(15M) 0.189ms
[41.371s][info][gc] GC(23886) Pause Young (Allocation Failure) 14M->10M(15M) 0.188ms
[41.371s][info][gc] GC(23887) Pause Young (Allocation Failure) 14M->10M(15M) 0.202ms
[41.372s][info][gc] GC(23888) Pause Young (Allocation Failure) 14M->10M(15M) 0.185ms
[41.373s][info][gc] GC(23889) Pause Young (Allocation Failure) 14M->10M(15M) 0.189ms
[41.374s][info][gc] GC(23890) Pause Young (Allocation Failure) 14M->10M(15M) 0.176ms
[41.375s][info][gc] GC(23891) Pause Young (Allocation Failure) 14M->10M(15M) 0.201ms
[41.375s][info][gc] GC(23892) Pause Young (Allocation Failure) 15M->15M(15M) 0.025ms
[41.386s][info][gc] GC(23893) Pause Full (Allocation Failure) 15M->9M(15M) 10.046ms
[41.387s][info][gc] GC(23894) Pause Young (Allocation Failure) 13M->9M(15M) 0.206ms
[41.388s][info][gc] GC(23895) Pause Young (Allocation Failure) 14M->9M(15M) 0.176ms
[41.388s][info][gc] GC(23896) Pause Young (Allocation Failure) 13M->9M(15M) 0.173ms
[41.389s][info][gc] GC(23897) Pause Young (Allocation Failure) 13M->9M(15M) 0.180ms
[41.390s][info][gc] GC(23898) Pause Young (Allocation Failure) 14M->9M(15M) 0.167ms
[41.391s][info][gc] GC(23899) Pause Young (Allocation Failure) 13M->9M(15M) 0.183ms
[41.392s][info][gc] GC(23900) Pause Young (Allocation Failure) 14M->10M(15M) 0.210ms
[41.393s][info][gc] GC(23901) Pause Young (Allocation Failure) 14M->9M(15M) 0.164ms
[41.394s][info][gc] GC(23902) Pause Young (Allocation Failure) 14M->10M(15M) 0.137ms
[41.395s][info][gc] GC(23903) Pause Young (Allocation Failure) 14M->9M(15M) 0.166ms
[41.395s][info][gc] GC(23904) Pause Young (Allocation Failure) 14M->10M(15M) 0.194ms
[41.396s][info][gc] GC(23905) Pause Young (Allocation Failure) 14M->10M(15M) 0.195ms
[41.397s][info][gc] GC(23906) Pause Young (Allocation Failure) 14M->10M(15M) 0.134ms
[41.398s][info][gc] GC(23907) Pause Young (Allocation Failure) 15M->10M(15M) 0.177ms
[41.399s][info][gc] GC(23908) Pause Young (Allocation Failure) 14M->10M(15M) 0.184ms
