[0.025s][info][gc] Using Serial
[2.349s][info][gc] GC(0) Pause Young (Allocation Failure) 4M->2M(15M) 3.184ms
[2.422s][info][gc] GC(1) Pause Young (Allocation Failure) 6M->2M(15M) 2.669ms
[2.469s][info][gc] GC(2) Pause Young (Allocation Failure) 7M->4M(15M) 2.951ms
[2.613s][info][gc] GC(3) Pause Young (Allocation Failure) 8M->4M(15M) 2.184ms
[2.761s][info][gc] GC(4) Pause Young (Allocation Failure) 8M->5M(15M) 2.961ms
[17.330s][info][gc] GC(5) Pause Young (Allocation Failure) 9M->6M(15M) 2.832ms
[17.354s][info][gc] GC(6) Pause Young (Allocation Failure) 10M->10M(15M) 5.156ms
[17.371s][info][gc] GC(7) Pause Young (Allocation Failure) 14M->14M(15M) 0.029ms
[17.391s][info][gc] GC(8) Pause Full (Allocation Failure) 14M->11M(15M) 19.591ms
[17.423s][info][gc] GC(9) Pause Full (Allocation Failure) 15M->8M(15M) 16.546ms
[28.795s][info][gc] GC(10) Pause Young (Allocation Failure) 12M->12M(15M) 0.032ms
[28.808s][info][gc] GC(11) Pause Full (Allocation Failure) 12M->6M(15M) 13.184ms
[30.601s][info][gc] GC(12) Pause Young (Allocation Failure) 11M->11M(15M) 4.708ms
[30.613s][info][gc] GC(13) Pause Young (Allocation Failure) 15M->15M(15M) 0.030ms
[30.634s][info][gc] GC(14) Pause Full (Allocation Failure) 15M->11M(15M) 20.708ms
[30.664s][info][gc] GC(15) Pause Full (Allocation Failure) 15M->8M(15M) 15.687ms
[30.677s][info][gc] GC(16) Pause Young (Allocation Failure) 13M->13M(15M) 0.029ms
[30.693s][info][gc] GC(17) Pause Full (Allocation Failure) 13M->8M(15M) 16.201ms
[30.701s][info][gc] GC(18) Pause Young (Allocation Failure) 13M->13M(15M) 0.031ms
[30.716s][info][gc] GC(19) Pause Full (Allocation Failure) 13M->8M(15M) 15.141ms
[30.724s][info][gc] GC(20) Pause Young (Allocation Failure) 13M->13M(15M) 0.029ms
[30.739s][info][gc] GC(21) Pause Full (Allocation Failure) 13M->8M(15M) 14.768ms
[30.747s][info][gc] GC(22) Pause Young (Allocation Failure) 12M->12M(15M) 0.028ms
[30.761s][info][gc] GC(23) Pause Full (Allocation Failure) 12M->8M(15M) 14.625ms
[30.769s][info][gc] GC(24) Pause Young (Allocation Failure) 13M->13M(15M) 0.027ms
[30.784s][info][gc] GC(25) Pause Full (Allocation Failure) 13M->8M(15M) 15.111ms
[30.792s][info][gc] GC(26) Pause Young (Allocation Failure) 13M->13M(15M) 0.034ms
[30.807s][info][gc] GC(27) Pause Full (Allocation Failure) 13M->8M(15M) 15.315ms
[30.815s][info][gc] GC(28) Pause Young (Allocation Failure) 13M->13M(15M) 0.031ms
[30.831s][info][gc] GC(29) Pause Full (Allocation Failure) 13M->8M(15M) 15.378ms
[30.838s][info][gc] GC(30) Pause Young (Allocation Failure) 12M->12M(15M) 0.028ms
[30.853s][info][gc] GC(31) Pause Full (Allocation Failure) 12M->8M(15M) 14.469ms
[30.860s][info][gc] GC(32) Pause Young (Allocation Failure) 13M->13M(15M) 0.028ms
[30.875s][info][gc] GC(33) Pause Full (Allocation Failure) 13M->8M(15M) 14.578ms
[30.883s][info][gc] GC(34) Pause Young (Allocation Failure) 13M->13M(15M) 0.028ms
[30.899s][info][gc] GC(35) Pause Full (Allocation Failure) 13M->8M(15M) 15.862ms
[30.906s][info][gc] GC(36) Pause Young (Allocation Failure) 13M->13M(15M) 0.029ms
[30.922s][info][gc] GC(37) Pause Full (Allocation Failure) 13M->8M(15M) 15.617ms
[30.929s][info][gc] GC(38) Pause Young (Allocation Failure) 12M->12M(15M) 0.028ms
[30.944s][info][gc] GC(39) Pause Full (Allocation Failure) 12M->8M(15M) 14.766ms
[30.952s][info][gc] GC(40) Pause Young (Allocation Failure) 13M->13M(15M) 0.033ms
[30.968s][info][gc] GC(41) Pause Full (Allocation Failure) 13M->8M(15M) 16.491ms
[30.976s][info][gc] GC(42) Pause Young (Allocation Failure) 13M->13M(15M) 0.029ms
[30.991s][info][gc] GC(43) Pause Full (Allocation Failure) 13M->8M(15M) 15.912ms
[30.999s][info][gc] GC(44) Pause Young (Allocation Failure) 13M->13M(15M) 0.028ms
[31.016s][info][gc] GC(45) Pause Full (Allocation Failure) 13M->8M(15M) 16.889ms
[31.023s][info][gc] GC(46) Pause Young (Allocation Failure) 12M->12M(15M) 0.028ms
[31.038s][info][gc] GC(47) Pause Full (Allocation Failure) 12M->8M(15M) 15.233ms
[31.046s][info][gc] GC(48) Pause Young (Allocation Failure) 13M->13M(15M) 0.030ms
[31.061s][info][gc] GC(49) Pause Full (Allocation Failure) 13M->8M(15M) 14.851ms
[31.068s][info][gc] GC(50) Pause Young (Allocation Failure) 13M->13M(15M) 0.026ms
[31.083s][info][gc] GC(51) Pause Full (Allocation Failure) 13M->8M(15M) 14.520ms
[31.090s][info][gc] GC(52) Pause Young (Allocation Failure) 13M->13M(15M) 0.024ms
[31.105s][info][gc] GC(53) Pause Full (Allocation Failure) 13M->8M(15M) 14.562ms
[31.112s][info][gc] GC(54) Pause Young (Allocation Failure) 12M->12M(15M) 0.026ms
[31.127s][info][gc] GC(55) Pause Full (Allocation Failure) 12M->8M(15M) 14.632ms
[31.134s][info][gc] GC(56) Pause Young (Allocation Failure) 13M->13M(15M) 0.026ms
[31.149s][info][gc] GC(57) Pause Full (Allocation Failure) 13M->8M(15M) 15.041ms
[31.157s][info][gc] GC(58) Pause Young (Allocation Failure) 13M->13M(15M) 0.025ms
[31.172s][info][gc] GC(59) Pause Full (Allocation Failure) 13M->8M(15M) 14.978ms
[31.179s][info][gc] GC(60) Pause Young (Allocation Failure) 13M->13M(15M) 0.029ms
[31.194s][info][gc] GC(61) Pause Full (Allocation Failure) 13M->8M(15M) 14.996ms
[31.201s][info][gc] GC(62) Pause Young (Allocation Failure) 12M->12M(15M) 0.028ms
[31.217s][info][gc] GC(63) Pause Full (Allocation Failure) 12M->8M(15M) 15.882ms
[31.225s][info][gc] GC(64) Pause Young (Allocation Failure) 13M->13M(15M) 0.029ms
[31.239s][info][gc] GC(65) Pause Full (Allocation Failure) 13M->8M(15M) 14.822ms
[31.246s][info][gc] GC(66) Pause Young (Allocation Failure) 13M->13M(15M) 0.028ms
[31.261s][info][gc] GC(67) Pause Full (Allocation Failure) 13M->9M(15M) 14.959ms
[31.268s][info][gc] GC(68) Pause Young (Allocation Failure) 13M->13M(15M) 0.027ms
[31.283s][info][gc] GC(69) Pause Full (Allocation Failure) 13M->8M(15M) 14.327ms
[31.297s][info][gc] GC(70) Pause Young (Allocation Failure) 12M->15M(15M) 7.251ms
[31.313s][info][gc] GC(71) Pause Full (Allocation Failure) 15M->8M(15M) 15.958ms
[31.320s][info][gc] GC(72) Pause Young (Allocation Failure) 13M->13M(15M) 0.029ms
[31.335s][info][gc] GC(73) Pause Full (Allocation Failure) 13M->8M(15M) 14.823ms
[31.342s][info][gc] GC(74) Pause Young (Allocation Failure) 13M->13M(15M) 0.027ms
[31.357s][info][gc] GC(75) Pause Full (Allocation Failure) 13M->8M(15M) 14.649ms
[31.364s][info][gc] GC(76) Pause Young (Allocation Failure) 13M->13M(15M) 0.028ms
[31.379s][info][gc] GC(77) Pause Full (Allocation Failure) 13M->8M(15M) 14.516ms
[31.385s][info][gc] GC(78) Pause Young (Allocation Failure) 12M->12M(15M) 0.025ms
[31.400s][info][gc] GC(79) Pause Full (Allocation Failure) 12M->8M(15M) 14.506ms
[39.582s][info][gc] GC(80) Pause Young (Allocation Failure) 13M->13M(15M) 0.034ms
[39.596s][info][gc] GC(81) Pause Full (Allocation Failure) 13M->7M(15M) 14.467ms
[39.603s][info][gc] GC(82) Pause Young (Allocation Failure) 12M->12M(15M) 0.027ms
[39.620s][info][gc] GC(83) Pause Full (Allocation Failure) 12M->8M(15M) 16.559ms
[39.627s][info][gc] GC(84) Pause Young (Allocation Failure) 13M->13M(15M) 0.028ms
[39.643s][info][gc] GC(85) Pause Full (Allocation Failure) 13M->8M(15M) 16.018ms
[39.651s][info][gc] GC(86) Pause Young (Allocation Failure) 12M->12M(15M) 0.028ms
[39.666s][info][gc] GC(87) Pause Full (Allocation Failure) 12M->8M(15M) 14.926ms
[39.673s][info][gc] GC(88) Pause Young (Allocation Failure) 13M->13M(15M) 0.027ms
[39.688s][info][gc] GC(89) Pause Full (Allocation Failure) 13M->8M(15M) 15.091ms
[39.695s][info][gc] GC(90) Pause Young (Allocation Failure) 13M->13M(15M) 0.029ms
[39.711s][info][gc] GC(91) Pause Full (Allocation Failure) 13M->8M(15M) 15.355ms
[39.718s][info][gc] GC(92) Pause Young (Allocation Failure) 13M->13M(15M) 0.028ms
[39.733s][info][gc] GC(93) Pause Full (Allocation Failure) 13M->8M(15M) 14.943ms
[39.740s][info][gc] GC(94) Pause Young (Allocation Failure) 12M->12M(15M) 0.029ms
[39.755s][info][gc] GC(95) Pause Full (Allocation Failure) 12M->8M(15M) 14.928ms
[39.763s][info][gc] GC(96) Pause Young (Allocation Failure) 13M->13M(15M) 0.028ms
[39.777s][info][gc] GC(97) Pause Full (Allocation Failure) 13M->8M(15M) 14.752ms
[39.785s][info][gc] GC(98) Pause Young (Allocation Failure) 13M->13M(15M) 0.028ms
[39.800s][info][gc] GC(99) Pause Full (Allocation Failure) 13M->8M(15M) 14.798ms
[39.807s][info][gc] GC(100) Pause Young (Allocation Failure) 13M->13M(15M) 0.033ms
[39.822s][info][gc] GC(101) Pause Full (Allocation Failure) 13M->8M(15M) 15.645ms
[39.829s][info][gc] GC(102) Pause Young (Allocation Failure) 12M->12M(15M) 0.029ms
[39.844s][info][gc] GC(103) Pause Full (Allocation Failure) 12M->8M(15M) 15.340ms
[39.852s][info][gc] GC(104) Pause Young (Allocation Failure) 12M->12M(15M) 0.025ms
[39.867s][info][gc] GC(105) Pause Full (Allocation Failure) 12M->9M(15M) 15.025ms
[39.874s][info][gc] GC(106) Pause Young (Allocation Failure) 13M->13M(15M) 0.028ms
[39.890s][info][gc] GC(107) Pause Full (Allocation Failure) 13M->9M(15M) 15.659ms
[39.897s][info][gc] GC(108) Pause Young (Allocation Failure) 13M->13M(15M) 0.031ms
[39.913s][info][gc] GC(109) Pause Full (Allocation Failure) 13M->8M(15M) 15.911ms
[39.920s][info][gc] GC(110) Pause Young (Allocation Failure) 12M->12M(15M) 0.024ms
[39.935s][info][gc] GC(111) Pause Full (Allocation Failure) 12M->9M(15M) 15.037ms
[39.943s][info][gc] GC(112) Pause Young (Allocation Failure) 13M->13M(15M) 0.026ms
[39.957s][info][gc] GC(113) Pause Full (Allocation Failure) 13M->9M(15M) 14.899ms
[39.965s][info][gc] GC(114) Pause Young (Allocation Failure) 13M->13M(15M) 0.025ms
[39.980s][info][gc] GC(115) Pause Full (Allocation Failure) 13M->9M(15M) 15.103ms
[39.987s][info][gc] GC(116) Pause Young (Allocation Failure) 13M->13M(15M) 0.025ms
[40.002s][info][gc] GC(117) Pause Full (Allocation Failure) 13M->8M(15M) 15.038ms
[40.009s][info][gc] GC(118) Pause Young (Allocation Failure) 12M->12M(15M) 0.032ms
[40.025s][info][gc] GC(119) Pause Full (Allocation Failure) 12M->9M(15M) 15.963ms
[40.033s][info][gc] GC(120) Pause Young (Allocation Failure) 13M->13M(15M) 0.027ms
[40.048s][info][gc] GC(121) Pause Full (Allocation Failure) 13M->9M(15M) 15.402ms
[40.055s][info][gc] GC(122) Pause Young (Allocation Failure) 13M->13M(15M) 0.026ms
[40.071s][info][gc] GC(123) Pause Full (Allocation Failure) 13M->9M(15M) 15.321ms
[40.078s][info][gc] GC(124) Pause Young (Allocation Failure) 13M->13M(15M) 0.025ms
[40.093s][info][gc] GC(125) Pause Full (Allocation Failure) 13M->8M(15M) 15.062ms
[40.100s][info][gc] GC(126) Pause Young (Allocation Failure) 12M->12M(15M) 0.027ms
[40.115s][info][gc] GC(127) Pause Full (Allocation Failure) 12M->9M(15M) 15.003ms
[40.123s][info][gc] GC(128) Pause Young (Allocation Failure) 13M->13M(15M) 0.024ms
[40.138s][info][gc] GC(129) Pause Full (Allocation Failure) 13M->9M(15M) 14.888ms
[40.145s][info][gc] GC(130) Pause Young (Allocation Failure) 13M->13M(15M) 0.025ms
[40.161s][info][gc] GC(131) Pause Full (Allocation Failure) 13M->9M(15M) 15.507ms
[40.168s][info][gc] GC(132) Pause Young (Allocation Failure) 13M->13M(15M) 0.034ms
[40.184s][info][gc] GC(133) Pause Full (Allocation Failure) 13M->8M(15M) 15.955ms
[40.191s][info][gc] GC(134) Pause Young (Allocation Failure) 12M->12M(15M) 0.027ms
[40.207s][info][gc] GC(135) Pause Full (Allocation Failure) 12M->9M(15M) 15.577ms
[40.214s][info][gc] GC(136) Pause Young (Allocation Failure) 13M->13M(15M) 0.025ms
[40.229s][info][gc] GC(137) Pause Full (Allocation Failure) 13M->9M(15M) 15.525ms
[40.237s][info][gc] GC(138) Pause Young (Allocation Failure) 13M->13M(15M) 0.026ms
[40.252s][info][gc] GC(139) Pause Full (Allocation Failure) 13M->9M(15M) 15.085ms
[40.259s][info][gc] GC(140) Pause Young (Allocation Failure) 13M->13M(15M) 0.028ms
[40.274s][info][gc] GC(141) Pause Full (Allocation Failure) 13M->8M(15M) 15.153ms
[40.282s][info][gc] GC(142) Pause Young (Allocation Failure) 12M->12M(15M) 0.024ms
[40.297s][info][gc] GC(143) Pause Full (Allocation Failure) 12M->9M(15M) 15.124ms
[40.304s][info][gc] GC(144) Pause Young (Allocation Failure) 13M->13M(15M) 0.025ms
[40.319s][info][gc] GC(145) Pause Full (Allocation Failure) 13M->9M(15M) 15.239ms
[40.327s][info][gc] GC(146) Pause Young (Allocation Failure) 13M->13M(15M) 0.027ms
[40.342s][info][gc] GC(147) Pause Full (Allocation Failure) 13M->9M(15M) 15.192ms
[40.349s][info][gc] GC(148) Pause Young (Allocation Failure) 13M->13M(15M) 0.024ms
[40.364s][info][gc] GC(149) Pause Full (Allocation Failure) 13M->8M(15M) 14.878ms
[40.372s][info][gc] GC(150) Pause Young (Allocation Failure) 12M->12M(15M) 0.025ms
[40.387s][info][gc] GC(151) Pause Full (Allocation Failure) 12M->9M(15M) 14.905ms
[40.393s][info][gc] GC(152) Pause Young (Allocation Failure) 13M->13M(15M) 0.028ms
[40.409s][info][gc] GC(153) Pause Full (Allocation Failure) 13M->9M(15M) 15.309ms
[40.416s][info][gc] GC(154) Pause Young (Allocation Failure) 13M->13M(15M) 0.026ms
[40.431s][info][gc] GC(155) Pause Full (Allocation Failure) 13M->9M(15M) 15.370ms
[40.439s][info][gc] GC(156) Pause Young (Allocation Failure) 13M->13M(15M) 0.025ms
[40.453s][info][gc] GC(157) Pause Full (Allocation Failure) 13M->8M(15M) 14.872ms
[40.461s][info][gc] GC(158) Pause Young (Allocation Failure) 12M->12M(15M) 0.025ms
[40.476s][info][gc] GC(159) Pause Full (Allocation Failure) 12M->9M(15M) 15.010ms
[40.483s][info][gc] GC(160) Pause Young (Allocation Failure) 13M->13M(15M) 0.024ms
[40.498s][info][gc] GC(161) Pause Full (Allocation Failure) 13M->9M(15M) 15.022ms
[40.505s][info][gc] GC(162) Pause Young (Allocation Failure) 13M->13M(15M) 0.024ms
[40.520s][info][gc] GC(163) Pause Full (Allocation Failure) 13M->9M(15M) 15.043ms
[40.528s][info][gc] GC(164) Pause Young (Allocation Failure) 13M->13M(15M) 0.027ms
[40.543s][info][gc] GC(165) Pause Full (Allocation Failure) 13M->8M(15M) 14.972ms
[40.550s][info][gc] GC(166) Pause Young (Allocation Failure) 12M->12M(15M) 0.026ms
[40.565s][info][gc] GC(167) Pause Full (Allocation Failure) 12M->9M(15M) 15.091ms
[40.572s][info][gc] GC(168) Pause Young (Allocation Failure) 13M->13M(15M) 0.025ms
[40.588s][info][gc] GC(169) Pause Full (Allocation Failure) 13M->9M(15M) 15.311ms
[40.595s][info][gc] GC(170) Pause Young (Allocation Failure) 13M->13M(15M) 0.025ms
[40.610s][info][gc] GC(171) Pause Full (Allocation Failure) 13M->9M(15M) 15.004ms
[40.618s][info][gc] GC(172) Pause Young (Allocation Failure) 13M->13M(15M) 0.028ms
[40.634s][info][gc] GC(173) Pause Full (Allocation Failure) 13M->8M(15M) 16.361ms
[40.641s][info][gc] GC(174) Pause Young (Allocation Failure) 12M->12M(15M) 0.025ms
[40.656s][info][gc] GC(175) Pause Full (Allocation Failure) 12M->9M(15M) 15.497ms
[40.664s][info][gc] GC(176) Pause Young (Allocation Failure) 13M->13M(15M) 0.024ms
[40.679s][info][gc] GC(177) Pause Full (Allocation Failure) 13M->9M(15M) 15.455ms
[40.686s][info][gc] GC(178) Pause Young (Allocation Failure) 13M->13M(15M) 0.027ms
[40.702s][info][gc] GC(179) Pause Full (Allocation Failure) 13M->9M(15M) 15.315ms
[40.709s][info][gc] GC(180) Pause Young (Allocation Failure) 13M->13M(15M) 0.024ms
[40.725s][info][gc] GC(181) Pause Full (Allocation Failure) 13M->8M(15M) 15.549ms
[40.732s][info][gc] GC(182) Pause Young (Allocation Failure) 12M->12M(15M) 0.025ms
[40.748s][info][gc] GC(183) Pause Full (Allocation Failure) 12M->9M(15M) 15.313ms
[40.755s][info][gc] GC(184) Pause Young (Allocation Failure) 13M->13M(15M) 0.028ms
[40.770s][info][gc] GC(185) Pause Full (Allocation Failure) 13M->9M(15M) 15.524ms
[40.778s][info][gc] GC(186) Pause Young (Allocation Failure) 13M->13M(15M) 0.026ms
[40.793s][info][gc] GC(187) Pause Full (Allocation Failure) 13M->9M(15M) 15.521ms
[40.800s][info][gc] GC(188) Pause Young (Allocation Failure) 13M->13M(15M) 0.032ms
[40.817s][info][gc] GC(189) Pause Full (Allocation Failure) 13M->8M(15M) 16.453ms
[40.824s][info][gc] GC(190) Pause Young (Allocation Failure) 12M->12M(15M) 0.030ms
[40.839s][info][gc] GC(191) Pause Full (Allocation Failure) 12M->9M(15M) 15.511ms
[40.847s][info][gc] GC(192) Pause Young (Allocation Failure) 13M->13M(15M) 0.028ms
[40.862s][info][gc] GC(193) Pause Full (Allocation Failure) 13M->9M(15M) 15.231ms
[40.869s][info][gc] GC(194) Pause Young (Allocation Failure) 13M->13M(15M) 0.024ms
[40.884s][info][gc] GC(195) Pause Full (Allocation Failure) 13M->9M(15M) 15.129ms
[40.892s][info][gc] GC(196) Pause Young (Allocation Failure) 13M->13M(15M) 0.028ms
[40.907s][info][gc] GC(197) Pause Full (Allocation Failure) 13M->8M(15M) 15.370ms
[40.914s][info][gc] GC(198) Pause Young (Allocation Failure) 13M->13M(15M) 0.026ms
[40.930s][info][gc] GC(199) Pause Full (Allocation Failure) 13M->9M(15M) 15.591ms
[40.937s][info][gc] GC(200) Pause Young (Allocation Failure) 13M->13M(15M) 0.026ms
[40.952s][info][gc] GC(201) Pause Full (Allocation Failure) 13M->9M(15M) 15.180ms
[40.960s][info][gc] GC(202) Pause Young (Allocation Failure) 13M->13M(15M) 0.024ms
[40.975s][info][gc] GC(203) Pause Full (Allocation Failure) 13M->9M(15M) 15.392ms
[40.982s][info][gc] GC(204) Pause Young (Allocation Failure) 13M->13M(15M) 0.027ms
[40.998s][info][gc] GC(205) Pause Full (Allocation Failure) 13M->8M(15M) 15.560ms
[41.005s][info][gc] GC(206) Pause Young (Allocation Failure) 13M->13M(15M) 0.027ms
[41.021s][info][gc] GC(207) Pause Full (Allocation Failure) 13M->9M(15M) 15.110ms
[41.028s][info][gc] GC(208) Pause Young (Allocation Failure) 13M->13M(15M) 0.024ms
[41.043s][info][gc] GC(209) Pause Full (Allocation Failure) 13M->9M(15M) 15.059ms
[41.050s][info][gc] GC(210) Pause Young (Allocation Failure) 13M->13M(15M) 0.027ms
[41.065s][info][gc] GC(211) Pause Full (Allocation Failure) 13M->9M(15M) 15.223ms
[41.073s][info][gc] GC(212) Pause Young (Allocation Failure) 13M->13M(15M) 0.026ms
[41.088s][info][gc] GC(213) Pause Full (Allocation Failure) 13M->8M(15M) 15.104ms
[41.095s][info][gc] GC(214) Pause Young (Allocation Failure) 13M->13M(15M) 0.025ms
[41.111s][info][gc] GC(215) Pause Full (Allocation Failure) 13M->9M(15M) 15.630ms
[41.118s][info][gc] GC(216) Pause Young (Allocation Failure) 13M->13M(15M) 0.024ms
[41.133s][info][gc] GC(217) Pause Full (Allocation Failure) 13M->9M(15M) 15.319ms
[41.141s][info][gc] GC(218) Pause Young (Allocation Failure) 13M->13M(15M) 0.027ms
[41.156s][info][gc] GC(219) Pause Full (Allocation Failure) 13M->9M(15M) 15.398ms
[41.163s][info][gc] GC(220) Pause Young (Allocation Failure) 13M->13M(15M) 0.025ms
[41.179s][info][gc] GC(221) Pause Full (Allocation Failure) 13M->8M(15M) 15.343ms
[41.186s][info][gc] GC(222) Pause Young (Allocation Failure) 13M->13M(15M) 0.024ms
[41.201s][info][gc] GC(223) Pause Full (Allocation Failure) 13M->9M(15M) 15.291ms
[41.209s][info][gc] GC(224) Pause Young (Allocation Failure) 13M->13M(15M) 0.026ms
[41.224s][info][gc] GC(225) Pause Full (Allocation Failure) 13M->9M(15M) 15.323ms
[41.231s][info][gc] GC(226) Pause Young (Allocation Failure) 13M->13M(15M) 0.026ms
[41.247s][info][gc] GC(227) Pause Full (Allocation Failure) 13M->9M(15M) 15.631ms
[41.254s][info][gc] GC(228) Pause Young (Allocation Failure) 13M->13M(15M) 0.025ms
[41.270s][info][gc] GC(229) Pause Full (Allocation Failure) 13M->8M(15M) 15.663ms
[41.277s][info][gc] GC(230) Pause Young (Allocation Failure) 13M->13M(15M) 0.032ms
[41.294s][info][gc] GC(231) Pause Full (Allocation Failure) 13M->9M(15M) 17.331ms
[41.302s][info][gc] GC(232) Pause Young (Allocation Failure) 13M->13M(15M) 0.034ms
[41.317s][info][gc] GC(233) Pause Full (Allocation Failure) 13M->9M(15M) 15.556ms
[41.324s][info][gc] GC(234) Pause Young (Allocation Failure) 13M->13M(15M) 0.027ms
[41.340s][info][gc] GC(235) Pause Full (Allocation Failure) 13M->9M(15M) 15.593ms
[41.348s][info][gc] GC(236) Pause Young (Allocation Failure) 13M->13M(15M) 0.024ms
[41.363s][info][gc] GC(237) Pause Full (Allocation Failure) 13M->8M(15M) 15.430ms
[41.370s][info][gc] GC(238) Pause Young (Allocation Failure) 13M->13M(15M) 0.026ms
[41.386s][info][gc] GC(239) Pause Full (Allocation Failure) 13M->9M(15M) 15.388ms
[41.393s][info][gc] GC(240) Pause Young (Allocation Failure) 13M->13M(15M) 0.025ms
[41.408s][info][gc] GC(241) Pause Full (Allocation Failure) 13M->9M(15M) 15.190ms
[41.415s][info][gc] GC(242) Pause Young (Allocation Failure) 13M->13M(15M) 0.024ms
[41.431s][info][gc] GC(243) Pause Full (Allocation Failure) 13M->9M(15M) 15.265ms
[41.438s][info][gc] GC(244) Pause Young (Allocation Failure) 13M->13M(15M) 0.024ms
[41.454s][info][gc] GC(245) Pause Full (Allocation Failure) 13M->8M(15M) 15.541ms
[41.461s][info][gc] GC(246) Pause Young (Allocation Failure) 13M->13M(15M) 0.027ms
[41.476s][info][gc] GC(247) Pause Full (Allocation Failure) 13M->9M(15M) 15.415ms
[41.484s][info][gc] GC(248) Pause Young (Allocation Failure) 13M->13M(15M) 0.025ms
[41.499s][info][gc] GC(249) Pause Full (Allocation Failure) 13M->9M(15M) 15.171ms
[41.506s][info][gc] GC(250) Pause Young (Allocation Failure) 13M->13M(15M) 0.024ms
[41.521s][info][gc] GC(251) Pause Full (Allocation Failure) 13M->9M(15M) 15.175ms
[41.529s][info][gc] GC(252) Pause Young (Allocation Failure) 13M->13M(15M) 0.026ms
[41.544s][info][gc] GC(253) Pause Full (Allocation Failure) 13M->8M(15M) 15.204ms
[41.551s][info][gc] GC(254) Pause Young (Allocation Failure) 13M->13M(15M) 0.026ms
[41.566s][info][gc] GC(255) Pause Full (Allocation Failure) 13M->9M(15M) 15.192ms
[41.574s][info][gc] GC(256) Pause Young (Allocation Failure) 13M->13M(15M) 0.026ms
[41.589s][info][gc] GC(257) Pause Full (Allocation Failure) 13M->9M(15M) 15.358ms
[41.596s][info][gc] GC(258) Pause Young (Allocation Failure) 13M->13M(15M) 0.026ms
[41.612s][info][gc] GC(259) Pause Full (Allocation Failure) 13M->9M(15M) 15.379ms
[41.619s][info][gc] GC(260) Pause Young (Allocation Failure) 13M->13M(15M) 0.027ms
[41.635s][info][gc] GC(261) Pause Full (Allocation Failure) 13M->8M(15M) 15.612ms
[41.642s][info][gc] GC(262) Pause Young (Allocation Failure) 13M->13M(15M) 0.024ms
[41.657s][info][gc] GC(263) Pause Full (Allocation Failure) 13M->9M(15M) 15.320ms
[41.665s][info][gc] GC(264) Pause Young (Allocation Failure) 13M->13M(15M) 0.025ms
[41.680s][info][gc] GC(265) Pause Full (Allocation Failure) 13M->9M(15M) 15.326ms
[41.687s][info][gc] GC(266) Pause Young (Allocation Failure) 13M->13M(15M) 0.027ms
[41.703s][info][gc] GC(267) Pause Full (Allocation Failure) 13M->9M(15M) 15.334ms
[41.710s][info][gc] GC(268) Pause Young (Allocation Failure) 13M->13M(15M) 0.025ms
[41.725s][info][gc] GC(269) Pause Full (Allocation Failure) 13M->8M(15M) 15.248ms
[41.732s][info][gc] GC(270) Pause Young (Allocation Failure) 13M->13M(15M) 0.025ms
[41.748s][info][gc] GC(271) Pause Full (Allocation Failure) 13M->9M(15M) 15.527ms
[41.755s][info][gc] GC(272) Pause Young (Allocation Failure) 13M->13M(15M) 0.026ms
[41.770s][info][gc] GC(273) Pause Full (Allocation Failure) 13M->9M(15M) 15.276ms
[41.778s][info][gc] GC(274) Pause Young (Allocation Failure) 13M->13M(15M) 0.026ms
[41.793s][info][gc] GC(275) Pause Full (Allocation Failure) 13M->9M(15M) 15.351ms
[41.800s][info][gc] GC(276) Pause Young (Allocation Failure) 13M->13M(15M) 0.034ms
[41.818s][info][gc] GC(277) Pause Full (Allocation Failure) 13M->8M(15M) 17.210ms
[41.825s][info][gc] GC(278) Pause Young (Allocation Failure) 13M->13M(15M) 0.032ms
[41.840s][info][gc] GC(279) Pause Full (Allocation Failure) 13M->9M(15M) 15.425ms
[41.848s][info][gc] GC(280) Pause Young (Allocation Failure) 13M->13M(15M) 0.027ms
[41.863s][info][gc] GC(281) Pause Full (Allocation Failure) 13M->9M(15M) 15.346ms
[41.870s][info][gc] GC(282) Pause Young (Allocation Failure) 13M->13M(15M) 0.025ms
[41.886s][info][gc] GC(283) Pause Full (Allocation Failure) 13M->9M(15M) 15.197ms
[41.893s][info][gc] GC(284) Pause Young (Allocation Failure) 13M->13M(15M) 0.024ms
[41.908s][info][gc] GC(285) Pause Full (Allocation Failure) 13M->8M(15M) 15.586ms
[41.916s][info][gc] GC(286) Pause Young (Allocation Failure) 13M->13M(15M) 0.026ms
[41.931s][info][gc] GC(287) Pause Full (Allocation Failure) 13M->9M(15M) 15.492ms
[41.938s][info][gc] GC(288) Pause Young (Allocation Failure) 13M->13M(15M) 0.026ms
[41.953s][info][gc] GC(289) Pause Full (Allocation Failure) 13M->9M(15M) 15.256ms
[41.961s][info][gc] GC(290) Pause Young (Allocation Failure) 13M->13M(15M) 0.024ms
[41.976s][info][gc] GC(291) Pause Full (Allocation Failure) 13M->9M(15M) 15.549ms
[41.984s][info][gc] GC(292) Pause Young (Allocation Failure) 13M->13M(15M) 0.029ms
[42.000s][info][gc] GC(293) Pause Full (Allocation Failure) 13M->8M(15M) 15.849ms
[42.007s][info][gc] GC(294) Pause Young (Allocation Failure) 13M->13M(15M) 0.027ms
[42.024s][info][gc] GC(295) Pause Full (Allocation Failure) 13M->9M(15M) 16.392ms
[42.031s][info][gc] GC(296) Pause Young (Allocation Failure) 13M->13M(15M) 0.027ms
[42.047s][info][gc] GC(297) Pause Full (Allocation Failure) 13M->9M(15M) 15.570ms
[42.054s][info][gc] GC(298) Pause Young (Allocation Failure) 13M->13M(15M) 0.023ms
[42.069s][info][gc] GC(299) Pause Full (Allocation Failure) 13M->9M(15M) 15.287ms
[42.077s][info][gc] GC(300) Pause Young (Allocation Failure) 13M->13M(15M) 0.025ms
[42.092s][info][gc] GC(301) Pause Full (Allocation Failure) 13M->8M(15M) 15.311ms
[42.099s][info][gc] GC(302) Pause Young (Allocation Failure) 13M->13M(15M) 0.025ms
[42.115s][info][gc] GC(303) Pause Full (Allocation Failure) 13M->9M(15M) 15.475ms
[42.122s][info][gc] GC(304) Pause Young (Allocation Failure) 13M->13M(15M) 0.024ms
[42.138s][info][gc] GC(305) Pause Full (Allocation Failure) 13M->9M(15M) 15.885ms
[42.145s][info][gc] GC(306) Pause Young (Allocation Failure) 13M->13M(15M) 0.024ms
[42.161s][info][gc] GC(307) Pause Full (Allocation Failure) 13M->9M(15M) 15.779ms
[42.169s][info][gc] GC(308) Pause Young (Allocation Failure) 13M->13M(15M) 0.027ms
[42.184s][info][gc] GC(309) Pause Full (Allocation Failure) 13M->8M(15M) 15.577ms
[42.191s][info][gc] GC(310) Pause Young (Allocation Failure) 13M->13M(15M) 0.026ms
[42.207s][info][gc] GC(311) Pause Full (Allocation Failure) 13M->9M(15M) 15.477ms
[42.214s][info][gc] GC(312) Pause Young (Allocation Failure) 13M->13M(15M) 0.025ms
[42.230s][info][gc] GC(313) Pause Full (Allocation Failure) 13M->9M(15M) 15.829ms
[42.237s][info][gc] GC(314) Pause Young (Allocation Failure) 13M->13M(15M) 0.027ms
[42.253s][info][gc] GC(315) Pause Full (Allocation Failure) 13M->9M(15M) 15.890ms
[42.261s][info][gc] GC(316) Pause Young (Allocation Failure) 13M->13M(15M) 0.026ms
[42.276s][info][gc] GC(317) Pause Full (Allocation Failure) 13M->8M(15M) 15.347ms
[42.283s][info][gc] GC(318) Pause Young (Allocation Failure) 13M->13M(15M) 0.029ms
[42.299s][info][gc] GC(319) Pause Full (Allocation Failure) 13M->9M(15M) 15.529ms
[42.306s][info][gc] GC(320) Pause Young (Allocation Failure) 13M->13M(15M) 0.024ms
[42.322s][info][gc] GC(321) Pause Full (Allocation Failure) 13M->9M(15M) 15.494ms
[42.329s][info][gc] GC(322) Pause Young (Allocation Failure) 13M->13M(15M) 0.029ms
[42.344s][info][gc] GC(323) Pause Full (Allocation Failure) 13M->9M(15M) 15.601ms
[42.352s][info][gc] GC(324) Pause Young (Allocation Failure) 13M->13M(15M) 0.025ms
[42.367s][info][gc] GC(325) Pause Full (Allocation Failure) 13M->8M(15M) 15.596ms
[42.375s][info][gc] GC(326) Pause Young (Allocation Failure) 13M->13M(15M) 0.025ms
[42.390s][info][gc] GC(327) Pause Full (Allocation Failure) 13M->9M(15M) 15.313ms
[42.397s][info][gc] GC(328) Pause Young (Allocation Failure) 13M->13M(15M) 0.025ms
[42.413s][info][gc] GC(329) Pause Full (Allocation Failure) 13M->9M(15M) 15.340ms
[42.420s][info][gc] GC(330) Pause Young (Allocation Failure) 13M->13M(15M) 0.027ms
[42.435s][info][gc] GC(331) Pause Full (Allocation Failure) 13M->9M(15M) 15.624ms
[42.443s][info][gc] GC(332) Pause Young (Allocation Failure) 13M->13M(15M) 0.024ms
[42.458s][info][gc] GC(333) Pause Full (Allocation Failure) 13M->8M(15M) 15.397ms
[42.466s][info][gc] GC(334) Pause Young (Allocation Failure) 13M->13M(15M) 0.024ms
[42.481s][info][gc] GC(335) Pause Full (Allocation Failure) 13M->9M(15M) 15.575ms
[42.488s][info][gc] GC(336) Pause Young (Allocation Failure) 13M->13M(15M) 0.026ms
[42.504s][info][gc] GC(337) Pause Full (Allocation Failure) 13M->9M(15M) 15.783ms
[42.511s][info][gc] GC(338) Pause Young (Allocation Failure) 13M->13M(15M) 0.025ms
[42.527s][info][gc] GC(339) Pause Full (Allocation Failure) 13M->9M(15M) 15.522ms
[42.534s][info][gc] GC(340) Pause Young (Allocation Failure) 13M->13M(15M) 0.025ms
[42.550s][info][gc] GC(341) Pause Full (Allocation Failure) 13M->8M(15M) 15.588ms
[42.557s][info][gc] GC(342) Pause Young (Allocation Failure) 13M->13M(15M) 0.026ms
[42.572s][info][gc] GC(343) Pause Full (Allocation Failure) 13M->9M(15M) 15.312ms
[42.580s][info][gc] GC(344) Pause Young (Allocation Failure) 13M->13M(15M) 0.027ms
[42.595s][info][gc] GC(345) Pause Full (Allocation Failure) 13M->9M(15M) 15.469ms
[42.602s][info][gc] GC(346) Pause Young (Allocation Failure) 13M->13M(15M) 0.037ms
[42.618s][info][gc] GC(347) Pause Full (Allocation Failure) 13M->9M(15M) 15.408ms
[42.625s][info][gc] GC(348) Pause Young (Allocation Failure) 13M->13M(15M) 0.023ms
[42.641s][info][gc] GC(349) Pause Full (Allocation Failure) 13M->8M(15M) 15.664ms
[42.648s][info][gc] GC(350) Pause Young (Allocation Failure) 13M->13M(15M) 0.026ms
[42.663s][info][gc] GC(351) Pause Full (Allocation Failure) 13M->9M(15M) 15.693ms
[42.671s][info][gc] GC(352) Pause Young (Allocation Failure) 13M->13M(15M) 0.027ms
[42.687s][info][gc] GC(353) Pause Full (Allocation Failure) 13M->9M(15M) 16.094ms
[42.694s][info][gc] GC(354) Pause Young (Allocation Failure) 13M->13M(15M) 0.030ms
[42.710s][info][gc] GC(355) Pause Full (Allocation Failure) 13M->9M(15M) 16.293ms
[42.717s][info][gc] GC(356) Pause Young (Allocation Failure) 13M->13M(15M) 0.026ms
[42.733s][info][gc] GC(357) Pause Full (Allocation Failure) 13M->8M(15M) 15.812ms
[42.740s][info][gc] GC(358) Pause Young (Allocation Failure) 13M->13M(15M) 0.027ms
[42.756s][info][gc] GC(359) Pause Full (Allocation Failure) 13M->9M(15M) 15.738ms
[42.763s][info][gc] GC(360) Pause Young (Allocation Failure) 13M->13M(15M) 0.024ms
[42.779s][info][gc] GC(361) Pause Full (Allocation Failure) 13M->9M(15M) 15.490ms
[42.786s][info][gc] GC(362) Pause Young (Allocation Failure) 13M->13M(15M) 0.025ms
[42.802s][info][gc] GC(363) Pause Full (Allocation Failure) 13M->9M(15M) 15.963ms
[42.809s][info][gc] GC(364) Pause Young (Allocation Failure) 13M->13M(15M) 0.034ms
[42.827s][info][gc] GC(365) Pause Full (Allocation Failure) 13M->8M(15M) 17.721ms
[42.834s][info][gc] GC(366) Pause Young (Allocation Failure) 13M->13M(15M) 0.034ms
[42.852s][info][gc] GC(367) Pause Full (Allocation Failure) 13M->9M(15M) 17.264ms
[42.859s][info][gc] GC(368) Pause Young (Allocation Failure) 13M->13M(15M) 0.028ms
[42.875s][info][gc] GC(369) Pause Full (Allocation Failure) 13M->9M(15M) 16.070ms
[42.883s][info][gc] GC(370) Pause Young (Allocation Failure) 13M->13M(15M) 0.027ms
[42.899s][info][gc] GC(371) Pause Full (Allocation Failure) 13M->9M(15M) 15.853ms
[42.906s][info][gc] GC(372) Pause Young (Allocation Failure) 13M->13M(15M) 0.029ms
[42.923s][info][gc] GC(373) Pause Full (Allocation Failure) 13M->9M(15M) 16.623ms
[42.930s][info][gc] GC(374) Pause Young (Allocation Failure) 13M->13M(15M) 0.026ms
[42.946s][info][gc] GC(375) Pause Full (Allocation Failure) 13M->9M(15M) 15.712ms
[42.953s][info][gc] GC(376) Pause Young (Allocation Failure) 13M->13M(15M) 0.026ms
[42.968s][info][gc] GC(377) Pause Full (Allocation Failure) 13M->9M(15M) 15.555ms
[42.976s][info][gc] GC(378) Pause Young (Allocation Failure) 13M->13M(15M) 0.023ms
[42.991s][info][gc] GC(379) Pause Full (Allocation Failure) 13M->9M(15M) 15.804ms
[42.999s][info][gc] GC(380) Pause Young (Allocation Failure) 13M->13M(15M) 0.024ms
[43.015s][info][gc] GC(381) Pause Full (Allocation Failure) 13M->9M(15M) 15.964ms
[43.022s][info][gc] GC(382) Pause Young (Allocation Failure) 13M->13M(15M) 0.030ms
[43.038s][info][gc] GC(383) Pause Full (Allocation Failure) 13M->9M(15M) 15.871ms
[43.045s][info][gc] GC(384) Pause Young (Allocation Failure) 13M->13M(15M) 0.026ms
[43.061s][info][gc] GC(385) Pause Full (Allocation Failure) 13M->9M(15M) 15.645ms
[43.068s][info][gc] GC(386) Pause Young (Allocation Failure) 13M->13M(15M) 0.026ms
[43.084s][info][gc] GC(387) Pause Full (Allocation Failure) 13M->9M(15M) 15.676ms
[43.091s][info][gc] GC(388) Pause Young (Allocation Failure) 13M->13M(15M) 0.025ms
[43.107s][info][gc] GC(389) Pause Full (Allocation Failure) 13M->8M(15M) 15.495ms
[43.114s][info][gc] GC(390) Pause Young (Allocation Failure) 13M->13M(15M) 0.025ms
[43.130s][info][gc] GC(391) Pause Full (Allocation Failure) 13M->9M(15M) 15.457ms
[43.137s][info][gc] GC(392) Pause Young (Allocation Failure) 13M->13M(15M) 0.026ms
[43.153s][info][gc] GC(393) Pause Full (Allocation Failure) 13M->9M(15M) 15.863ms
[43.160s][info][gc] GC(394) Pause Young (Allocation Failure) 13M->13M(15M) 0.025ms
[43.176s][info][gc] GC(395) Pause Full (Allocation Failure) 13M->9M(15M) 15.974ms
[43.184s][info][gc] GC(396) Pause Young (Allocation Failure) 13M->13M(15M) 0.027ms
[43.200s][info][gc] GC(397) Pause Full (Allocation Failure) 13M->9M(15M) 15.929ms
[43.207s][info][gc] GC(398) Pause Young (Allocation Failure) 13M->13M(15M) 0.026ms
[43.223s][info][gc] GC(399) Pause Full (Allocation Failure) 13M->9M(15M) 15.632ms
[43.230s][info][gc] GC(400) Pause Young (Allocation Failure) 13M->13M(15M) 0.027ms
[43.246s][info][gc] GC(401) Pause Full (Allocation Failure) 13M->9M(15M) 16.042ms
[43.254s][info][gc] GC(402) Pause Young (Allocation Failure) 13M->13M(15M) 0.024ms
[43.270s][info][gc] GC(403) Pause Full (Allocation Failure) 13M->9M(15M) 16.344ms
[43.278s][info][gc] GC(404) Pause Young (Allocation Failure) 13M->13M(15M) 0.027ms
[43.294s][info][gc] GC(405) Pause Full (Allocation Failure) 13M->9M(15M) 15.879ms
[43.301s][info][gc] GC(406) Pause Young (Allocation Failure) 13M->13M(15M) 0.025ms
[43.317s][info][gc] GC(407) Pause Full (Allocation Failure) 13M->9M(15M) 15.804ms
[43.324s][info][gc] GC(408) Pause Young (Allocation Failure) 13M->13M(15M) 0.025ms
[43.340s][info][gc] GC(409) Pause Full (Allocation Failure) 13M->9M(15M) 15.629ms
[43.347s][info][gc] GC(410) Pause Young (Allocation Failure) 13M->13M(15M) 0.024ms
[43.363s][info][gc] GC(411) Pause Full (Allocation Failure) 13M->9M(15M) 15.887ms
[43.371s][info][gc] GC(412) Pause Young (Allocation Failure) 13M->13M(15M) 0.028ms
[43.387s][info][gc] GC(413) Pause Full (Allocation Failure) 13M->9M(15M) 15.845ms
[43.394s][info][gc] GC(414) Pause Young (Allocation Failure) 13M->13M(15M) 0.026ms
[43.409s][info][gc] GC(415) Pause Full (Allocation Failure) 13M->9M(15M) 15.459ms
[43.417s][info][gc] GC(416) Pause Young (Allocation Failure) 13M->13M(15M) 0.026ms
[43.432s][info][gc] GC(417) Pause Full (Allocation Failure) 13M->9M(15M) 15.467ms
[43.440s][info][gc] GC(418) Pause Young (Allocation Failure) 13M->13M(15M) 0.023ms
[43.455s][info][gc] GC(419) Pause Full (Allocation Failure) 13M->9M(15M) 15.543ms
[43.463s][info][gc] GC(420) Pause Young (Allocation Failure) 13M->13M(15M) 0.026ms
[43.478s][info][gc] GC(421) Pause Full (Allocation Failure) 13M->9M(15M) 15.528ms
[43.486s][info][gc] GC(422) Pause Young (Allocation Failure) 13M->13M(15M) 0.026ms
[43.501s][info][gc] GC(423) Pause Full (Allocation Failure) 13M->9M(15M) 15.515ms
[43.509s][info][gc] GC(424) Pause Young (Allocation Failure) 13M->13M(15M) 0.025ms
[43.525s][info][gc] GC(425) Pause Full (Allocation Failure) 13M->9M(15M) 15.613ms
[43.532s][info][gc] GC(426) Pause Young (Allocation Failure) 13M->13M(15M) 0.024ms
[43.548s][info][gc] GC(427) Pause Full (Allocation Failure) 13M->9M(15M) 15.516ms
[43.555s][info][gc] GC(428) Pause Young (Allocation Failure) 13M->13M(15M) 0.028ms
[43.571s][info][gc] GC(429) Pause Full (Allocation Failure) 13M->9M(15M) 16.138ms
[43.579s][info][gc] GC(430) Pause Young (Allocation Failure) 13M->13M(15M) 0.027ms
[43.595s][info][gc] GC(431) Pause Full (Allocation Failure) 13M->9M(15M) 15.814ms
[43.602s][info][gc] GC(432) Pause Young (Allocation Failure) 13M->13M(15M) 0.026ms
[43.618s][info][gc] GC(433) Pause Full (Allocation Failure) 13M->9M(15M) 15.799ms
[43.626s][info][gc] GC(434) Pause Young (Allocation Failure) 13M->13M(15M) 0.025ms
[43.642s][info][gc] GC(435) Pause Full (Allocation Failure) 13M->9M(15M) 15.903ms
[43.649s][info][gc] GC(436) Pause Young (Allocation Failure) 13M->13M(15M) 0.025ms
[43.666s][info][gc] GC(437) Pause Full (Allocation Failure) 13M->9M(15M) 16.860ms
[43.673s][info][gc] GC(438) Pause Young (Allocation Failure) 13M->13M(15M) 0.025ms
[43.689s][info][gc] GC(439) Pause Full (Allocation Failure) 13M->9M(15M) 15.903ms
[43.697s][info][gc] GC(440) Pause Young (Allocation Failure) 13M->13M(15M) 0.024ms
[43.713s][info][gc] GC(441) Pause Full (Allocation Failure) 13M->9M(15M) 15.889ms
[43.720s][info][gc] GC(442) Pause Young (Allocation Failure) 13M->13M(15M) 0.026ms
[43.736s][info][gc] GC(443) Pause Full (Allocation Failure) 13M->9M(15M) 16.314ms
[43.744s][info][gc] GC(444) Pause Young (Allocation Failure) 13M->13M(15M) 0.026ms
[43.760s][info][gc] GC(445) Pause Full (Allocation Failure) 13M->9M(15M) 16.300ms
[43.767s][info][gc] GC(446) Pause Young (Allocation Failure) 13M->13M(15M) 0.027ms
[43.783s][info][gc] GC(447) Pause Full (Allocation Failure) 13M->9M(15M) 15.950ms
[43.791s][info][gc] GC(448) Pause Young (Allocation Failure) 13M->13M(15M) 0.029ms
[43.807s][info][gc] GC(449) Pause Full (Allocation Failure) 13M->9M(15M) 16.169ms
[43.814s][info][gc] GC(450) Pause Young (Allocation Failure) 13M->13M(15M) 0.030ms
[43.832s][info][gc] GC(451) Pause Full (Allocation Failure) 13M->9M(15M) 17.646ms
[43.839s][info][gc] GC(452) Pause Young (Allocation Failure) 13M->13M(15M) 0.028ms
[43.856s][info][gc] GC(453) Pause Full (Allocation Failure) 13M->9M(15M) 16.325ms
[43.863s][info][gc] GC(454) Pause Young (Allocation Failure) 13M->13M(15M) 0.028ms
[43.879s][info][gc] GC(455) Pause Full (Allocation Failure) 13M->9M(15M) 15.644ms
[43.886s][info][gc] GC(456) Pause Young (Allocation Failure) 13M->13M(15M) 0.028ms
[43.902s][info][gc] GC(457) Pause Full (Allocation Failure) 13M->9M(15M) 15.807ms
[43.909s][info][gc] GC(458) Pause Young (Allocation Failure) 13M->13M(15M) 0.028ms
[43.925s][info][gc] GC(459) Pause Full (Allocation Failure) 13M->9M(15M) 15.940ms
[43.933s][info][gc] GC(460) Pause Young (Allocation Failure) 14M->14M(15M) 0.024ms
[43.948s][info][gc] GC(461) Pause Full (Allocation Failure) 14M->9M(15M) 15.605ms
[43.956s][info][gc] GC(462) Pause Young (Allocation Failure) 13M->13M(15M) 0.026ms
[43.971s][info][gc] GC(463) Pause Full (Allocation Failure) 13M->9M(15M) 15.544ms
[43.979s][info][gc] GC(464) Pause Young (Allocation Failure) 13M->13M(15M) 0.026ms
[43.994s][info][gc] GC(465) Pause Full (Allocation Failure) 13M->9M(15M) 15.505ms
[44.002s][info][gc] GC(466) Pause Young (Allocation Failure) 14M->14M(15M) 0.028ms
[44.017s][info][gc] GC(467) Pause Full (Allocation Failure) 14M->9M(15M) 15.845ms
[44.024s][info][gc] GC(468) Pause Young (Allocation Failure) 14M->14M(15M) 0.029ms
[44.040s][info][gc] GC(469) Pause Full (Allocation Failure) 14M->9M(15M) 15.849ms
[44.048s][info][gc] GC(470) Pause Young (Allocation Failure) 13M->13M(15M) 0.027ms
[44.064s][info][gc] GC(471) Pause Full (Allocation Failure) 13M->9M(15M) 15.682ms
[44.071s][info][gc] GC(472) Pause Young (Allocation Failure) 14M->14M(15M) 0.025ms
[44.087s][info][gc] GC(473) Pause Full (Allocation Failure) 14M->9M(15M) 16.015ms
[44.095s][info][gc] GC(474) Pause Young (Allocation Failure) 14M->14M(15M) 0.026ms
[44.110s][info][gc] GC(475) Pause Full (Allocation Failure) 14M->9M(15M) 15.526ms
[44.118s][info][gc] GC(476) Pause Young (Allocation Failure) 13M->13M(15M) 0.027ms
[44.134s][info][gc] GC(477) Pause Full (Allocation Failure) 13M->9M(15M) 15.844ms
[44.141s][info][gc] GC(478) Pause Young (Allocation Failure) 13M->13M(15M) 0.032ms
[44.157s][info][gc] GC(479) Pause Full (Allocation Failure) 13M->9M(15M) 15.843ms
[44.165s][info][gc] GC(480) Pause Young (Allocation Failure) 13M->13M(15M) 0.025ms
[44.180s][info][gc] GC(481) Pause Full (Allocation Failure) 13M->9M(15M) 15.584ms
[44.188s][info][gc] GC(482) Pause Young (Allocation Failure) 14M->14M(15M) 0.025ms
[44.203s][info][gc] GC(483) Pause Full (Allocation Failure) 14M->9M(15M) 15.633ms
[44.211s][info][gc] GC(484) Pause Young (Allocation Failure) 14M->14M(15M) 0.027ms
[44.227s][info][gc] GC(485) Pause Full (Allocation Failure) 14M->9M(15M) 15.708ms
[44.234s][info][gc] GC(486) Pause Young (Allocation Failure) 13M->13M(15M) 0.027ms
[44.251s][info][gc] GC(487) Pause Full (Allocation Failure) 13M->9M(15M) 16.137ms
[44.258s][info][gc] GC(488) Pause Young (Allocation Failure) 14M->14M(15M) 0.026ms
[44.274s][info][gc] GC(489) Pause Full (Allocation Failure) 14M->9M(15M) 16.177ms
[44.282s][info][gc] GC(490) Pause Young (Allocation Failure) 14M->14M(15M) 0.025ms
[44.298s][info][gc] GC(491) Pause Full (Allocation Failure) 14M->9M(15M) 15.665ms
[44.305s][info][gc] GC(492) Pause Young (Allocation Failure) 13M->13M(15M) 0.026ms
[44.321s][info][gc] GC(493) Pause Full (Allocation Failure) 13M->9M(15M) 15.829ms
[44.328s][info][gc] GC(494) Pause Young (Allocation Failure) 13M->13M(15M) 0.026ms
[44.344s][info][gc] GC(495) Pause Full (Allocation Failure) 13M->9M(15M) 15.746ms
[44.352s][info][gc] GC(496) Pause Young (Allocation Failure) 14M->14M(15M) 0.027ms
[44.367s][info][gc] GC(497) Pause Full (Allocation Failure) 14M->9M(15M) 15.522ms
[44.375s][info][gc] GC(498) Pause Young (Allocation Failure) 14M->14M(15M) 0.024ms
[44.390s][info][gc] GC(499) Pause Full (Allocation Failure) 14M->9M(15M) 15.678ms
[44.398s][info][gc] GC(500) Pause Young (Allocation Failure) 14M->14M(15M) 0.026ms
[44.413s][info][gc] GC(501) Pause Full (Allocation Failure) 14M->9M(15M) 15.730ms
[44.421s][info][gc] GC(502) Pause Young (Allocation Failure) 13M->13M(15M) 0.028ms
[44.437s][info][gc] GC(503) Pause Full (Allocation Failure) 13M->9M(15M) 16.132ms
[44.444s][info][gc] GC(504) Pause Young (Allocation Failure) 14M->14M(15M) 0.028ms
[44.460s][info][gc] GC(505) Pause Full (Allocation Failure) 14M->9M(15M) 15.807ms
[44.467s][info][gc] GC(506) Pause Young (Allocation Failure) 14M->14M(15M) 0.024ms
[44.483s][info][gc] GC(507) Pause Full (Allocation Failure) 14M->9M(15M) 15.733ms
[44.491s][info][gc] GC(508) Pause Young (Allocation Failure) 14M->14M(15M) 0.026ms
[44.506s][info][gc] GC(509) Pause Full (Allocation Failure) 14M->9M(15M) 15.765ms
[44.514s][info][gc] GC(510) Pause Young (Allocation Failure) 13M->13M(15M) 0.026ms
[44.530s][info][gc] GC(511) Pause Full (Allocation Failure) 13M->9M(15M) 15.914ms
[44.537s][info][gc] GC(512) Pause Young (Allocation Failure) 14M->14M(15M) 0.025ms
[44.553s][info][gc] GC(513) Pause Full (Allocation Failure) 14M->9M(15M) 15.565ms
[44.561s][info][gc] GC(514) Pause Young (Allocation Failure) 14M->14M(15M) 0.024ms
[44.576s][info][gc] GC(515) Pause Full (Allocation Failure) 14M->9M(15M) 15.735ms
[44.584s][info][gc] GC(516) Pause Young (Allocation Failure) 14M->14M(15M) 0.026ms
[44.600s][info][gc] GC(517) Pause Full (Allocation Failure) 14M->9M(15M) 15.862ms
[44.607s][info][gc] GC(518) Pause Young (Allocation Failure) 13M->13M(15M) 0.025ms
[44.623s][info][gc] GC(519) Pause Full (Allocation Failure) 13M->9M(15M) 15.715ms
[44.630s][info][gc] GC(520) Pause Young (Allocation Failure) 14M->14M(15M) 0.024ms
[44.646s][info][gc] GC(521) Pause Full (Allocation Failure) 14M->9M(15M) 15.929ms
[44.654s][info][gc] GC(522) Pause Young (Allocation Failure) 14M->14M(15M) 0.024ms
[44.670s][info][gc] GC(523) Pause Full (Allocation Failure) 14M->9M(15M) 16.164ms
[44.677s][info][gc] GC(524) Pause Young (Allocation Failure) 14M->14M(15M) 0.027ms
[44.693s][info][gc] GC(525) Pause Full (Allocation Failure) 14M->9M(15M) 15.728ms
[44.700s][info][gc] GC(526) Pause Young (Allocation Failure) 13M->13M(15M) 0.026ms
[44.716s][info][gc] GC(527) Pause Full (Allocation Failure) 13M->9M(15M) 15.758ms
[44.723s][info][gc] GC(528) Pause Young (Allocation Failure) 14M->14M(15M) 0.025ms
[44.739s][info][gc] GC(529) Pause Full (Allocation Failure) 14M->9M(15M) 15.565ms
[44.746s][info][gc] GC(530) Pause Young (Allocation Failure) 14M->14M(15M) 0.025ms
[44.763s][info][gc] GC(531) Pause Full (Allocation Failure) 14M->9M(15M) 16.088ms
[44.770s][info][gc] GC(532) Pause Young (Allocation Failure) 14M->14M(15M) 0.030ms
[44.786s][info][gc] GC(533) Pause Full (Allocation Failure) 14M->9M(15M) 16.038ms
[44.794s][info][gc] GC(534) Pause Young (Allocation Failure) 13M->13M(15M) 0.032ms
[44.812s][info][gc] GC(535) Pause Full (Allocation Failure) 13M->9M(15M) 17.849ms
[44.819s][info][gc] GC(536) Pause Young (Allocation Failure) 13M->13M(15M) 0.034ms
[44.837s][info][gc] GC(537) Pause Full (Allocation Failure) 13M->9M(15M) 17.737ms
[44.844s][info][gc] GC(538) Pause Young (Allocation Failure) 14M->14M(15M) 0.029ms
[44.862s][info][gc] GC(539) Pause Full (Allocation Failure) 14M->9M(15M) 17.959ms
[44.870s][info][gc] GC(540) Pause Young (Allocation Failure) 14M->14M(15M) 0.030ms
[44.888s][info][gc] GC(541) Pause Full (Allocation Failure) 14M->9M(15M) 17.829ms
[44.895s][info][gc] GC(542) Pause Young (Allocation Failure) 13M->13M(15M) 0.034ms
[44.913s][info][gc] GC(543) Pause Full (Allocation Failure) 13M->9M(15M) 17.331ms
[44.920s][info][gc] GC(544) Pause Young (Allocation Failure) 14M->14M(15M) 0.029ms
[44.938s][info][gc] GC(545) Pause Full (Allocation Failure) 14M->9M(15M) 17.097ms
[44.945s][info][gc] GC(546) Pause Young (Allocation Failure) 14M->14M(15M) 0.029ms
[44.961s][info][gc] GC(547) Pause Full (Allocation Failure) 14M->9M(15M) 16.162ms
[44.969s][info][gc] GC(548) Pause Young (Allocation Failure) 14M->14M(15M) 0.028ms
[44.985s][info][gc] GC(549) Pause Full (Allocation Failure) 14M->9M(15M) 16.141ms
[44.993s][info][gc] GC(550) Pause Young (Allocation Failure) 13M->13M(15M) 0.027ms
[45.009s][info][gc] GC(551) Pause Full (Allocation Failure) 13M->9M(15M) 16.294ms
[45.016s][info][gc] GC(552) Pause Young (Allocation Failure) 14M->14M(15M) 0.028ms
[45.033s][info][gc] GC(553) Pause Full (Allocation Failure) 14M->9M(15M) 16.390ms
[45.040s][info][gc] GC(554) Pause Young (Allocation Failure) 14M->14M(15M) 0.028ms
[45.056s][info][gc] GC(555) Pause Full (Allocation Failure) 14M->9M(15M) 16.288ms
[45.064s][info][gc] GC(556) Pause Young (Allocation Failure) 14M->14M(15M) 0.026ms
[45.080s][info][gc] GC(557) Pause Full (Allocation Failure) 14M->9M(15M) 16.014ms
[45.088s][info][gc] GC(558) Pause Young (Allocation Failure) 13M->13M(15M) 0.025ms
[45.103s][info][gc] GC(559) Pause Full (Allocation Failure) 13M->9M(15M) 15.800ms
[45.111s][info][gc] GC(560) Pause Young (Allocation Failure) 14M->14M(15M) 0.027ms
[45.127s][info][gc] GC(561) Pause Full (Allocation Failure) 14M->9M(15M) 16.256ms
[45.134s][info][gc] GC(562) Pause Young (Allocation Failure) 14M->14M(15M) 0.024ms
[45.151s][info][gc] GC(563) Pause Full (Allocation Failure) 14M->9M(15M) 16.451ms
[45.158s][info][gc] GC(564) Pause Young (Allocation Failure) 14M->14M(15M) 0.027ms
[45.174s][info][gc] GC(565) Pause Full (Allocation Failure) 14M->9M(15M) 16.000ms
[45.182s][info][gc] GC(566) Pause Young (Allocation Failure) 13M->13M(15M) 0.025ms
[45.197s][info][gc] GC(567) Pause Full (Allocation Failure) 13M->9M(15M) 15.796ms
[45.205s][info][gc] GC(568) Pause Young (Allocation Failure) 14M->14M(15M) 0.026ms
[45.221s][info][gc] GC(569) Pause Full (Allocation Failure) 14M->9M(15M) 15.838ms
[45.228s][info][gc] GC(570) Pause Young (Allocation Failure) 14M->14M(15M) 0.025ms
[45.244s][info][gc] GC(571) Pause Full (Allocation Failure) 14M->9M(15M) 15.911ms
[45.252s][info][gc] GC(572) Pause Young (Allocation Failure) 14M->14M(15M) 0.027ms
[45.268s][info][gc] GC(573) Pause Full (Allocation Failure) 14M->9M(15M) 15.932ms
[45.275s][info][gc] GC(574) Pause Young (Allocation Failure) 13M->13M(15M) 0.026ms
[45.292s][info][gc] GC(575) Pause Full (Allocation Failure) 13M->9M(15M) 16.581ms
[45.299s][info][gc] GC(576) Pause Young (Allocation Failure) 14M->14M(15M) 0.026ms
[45.316s][info][gc] GC(577) Pause Full (Allocation Failure) 14M->9M(15M) 16.287ms
[45.323s][info][gc] GC(578) Pause Young (Allocation Failure) 14M->14M(15M) 0.024ms
[45.339s][info][gc] GC(579) Pause Full (Allocation Failure) 14M->9M(15M) 16.242ms
[45.347s][info][gc] GC(580) Pause Young (Allocation Failure) 14M->14M(15M) 0.024ms
[45.363s][info][gc] GC(581) Pause Full (Allocation Failure) 14M->9M(15M) 15.969ms
[45.375s][info][gc] GC(582) Pause Young (Allocation Failure) 13M->13M(15M) 0.026ms
[45.391s][info][gc] GC(583) Pause Full (Allocation Failure) 13M->9M(15M) 15.977ms
[45.404s][info][gc] GC(584) Pause Young (Allocation Failure) 14M->14M(15M) 0.025ms
[45.420s][info][gc] GC(585) Pause Full (Allocation Failure) 14M->9M(15M) 16.124ms
[45.432s][info][gc] GC(586) Pause Young (Allocation Failure) 14M->14M(15M) 0.028ms
[45.449s][info][gc] GC(587) Pause Full (Allocation Failure) 14M->9M(15M) 16.924ms
[45.458s][info][gc] GC(588) Pause Young (Allocation Failure) 14M->14M(15M) 0.026ms
[45.474s][info][gc] GC(589) Pause Full (Allocation Failure) 14M->9M(15M) 16.553ms
[45.482s][info][gc] GC(590) Pause Young (Allocation Failure) 13M->13M(15M) 0.026ms
[45.498s][info][gc] GC(591) Pause Full (Allocation Failure) 13M->9M(15M) 16.047ms
[45.505s][info][gc] GC(592) Pause Young (Allocation Failure) 14M->14M(15M) 0.025ms
[45.521s][info][gc] GC(593) Pause Full (Allocation Failure) 14M->9M(15M) 15.826ms
[45.528s][info][gc] GC(594) Pause Young (Allocation Failure) 14M->14M(15M) 0.025ms
[45.544s][info][gc] GC(595) Pause Full (Allocation Failure) 14M->9M(15M) 16.236ms
[45.552s][info][gc] GC(596) Pause Young (Allocation Failure) 14M->14M(15M) 0.027ms
[45.568s][info][gc] GC(597) Pause Full (Allocation Failure) 14M->9M(15M) 15.772ms
[45.575s][info][gc] GC(598) Pause Young (Allocation Failure) 13M->13M(15M) 0.023ms
[45.591s][info][gc] GC(599) Pause Full (Allocation Failure) 13M->9M(15M) 15.893ms
[45.598s][info][gc] GC(600) Pause Young (Allocation Failure) 14M->14M(15M) 0.025ms
[45.614s][info][gc] GC(601) Pause Full (Allocation Failure) 14M->9M(15M) 15.949ms
[45.622s][info][gc] GC(602) Pause Young (Allocation Failure) 14M->14M(15M) 0.026ms
[45.638s][info][gc] GC(603) Pause Full (Allocation Failure) 14M->9M(15M) 16.182ms
[45.645s][info][gc] GC(604) Pause Young (Allocation Failure) 14M->14M(15M) 0.026ms
[45.662s][info][gc] GC(605) Pause Full (Allocation Failure) 14M->9M(15M) 16.520ms
[45.669s][info][gc] GC(606) Pause Young (Allocation Failure) 13M->13M(15M) 0.024ms
[45.685s][info][gc] GC(607) Pause Full (Allocation Failure) 13M->9M(15M) 16.412ms
[45.693s][info][gc] GC(608) Pause Young (Allocation Failure) 14M->14M(15M) 0.024ms
[45.709s][info][gc] GC(609) Pause Full (Allocation Failure) 14M->9M(15M) 15.985ms
[45.716s][info][gc] GC(610) Pause Young (Allocation Failure) 14M->14M(15M) 0.026ms
[45.733s][info][gc] GC(611) Pause Full (Allocation Failure) 14M->9M(15M) 16.280ms
[45.740s][info][gc] GC(612) Pause Young (Allocation Failure) 14M->14M(15M) 0.025ms
[45.757s][info][gc] GC(613) Pause Full (Allocation Failure) 14M->9M(15M) 16.505ms
[45.764s][info][gc] GC(614) Pause Young (Allocation Failure) 13M->13M(15M) 0.024ms
[45.781s][info][gc] GC(615) Pause Full (Allocation Failure) 13M->9M(15M) 16.776ms
[45.788s][info][gc] GC(616) Pause Young (Allocation Failure) 14M->14M(15M) 0.025ms
[45.805s][info][gc] GC(617) Pause Full (Allocation Failure) 14M->9M(15M) 16.355ms
[45.812s][info][gc] GC(618) Pause Young (Allocation Failure) 14M->14M(15M) 0.033ms
[45.829s][info][gc] GC(619) Pause Full (Allocation Failure) 14M->9M(15M) 17.230ms
[45.837s][info][gc] GC(620) Pause Young (Allocation Failure) 14M->14M(15M) 0.032ms
[45.853s][info][gc] GC(621) Pause Full (Allocation Failure) 14M->9M(15M) 16.363ms
[45.860s][info][gc] GC(622) Pause Young (Allocation Failure) 13M->13M(15M) 0.026ms
[45.876s][info][gc] GC(623) Pause Full (Allocation Failure) 13M->9M(15M) 15.696ms
[45.883s][info][gc] GC(624) Pause Young (Allocation Failure) 14M->14M(15M) 0.029ms
[45.900s][info][gc] GC(625) Pause Full (Allocation Failure) 14M->9M(15M) 16.358ms
[45.906s][info][gc] GC(626) Pause Young (Allocation Failure) 14M->14M(15M) 0.028ms
[45.922s][info][gc] GC(627) Pause Full (Allocation Failure) 14M->9M(15M) 15.802ms
[45.929s][info][gc] GC(628) Pause Young (Allocation Failure) 14M->14M(15M) 0.028ms
[45.946s][info][gc] GC(629) Pause Full (Allocation Failure) 14M->9M(15M) 16.145ms
[45.953s][info][gc] GC(630) Pause Young (Allocation Failure) 13M->13M(15M) 0.028ms
[45.969s][info][gc] GC(631) Pause Full (Allocation Failure) 13M->9M(15M) 15.906ms
[45.976s][info][gc] GC(632) Pause Young (Allocation Failure) 14M->14M(15M) 0.027ms
[45.993s][info][gc] GC(633) Pause Full (Allocation Failure) 14M->9M(15M) 16.322ms
[46.001s][info][gc] GC(634) Pause Young (Allocation Failure) 14M->14M(15M) 0.027ms
[46.017s][info][gc] GC(635) Pause Full (Allocation Failure) 14M->9M(15M) 16.280ms
[46.024s][info][gc] GC(636) Pause Young (Allocation Failure) 14M->14M(15M) 0.028ms
[46.041s][info][gc] GC(637) Pause Full (Allocation Failure) 14M->9M(15M) 16.614ms
[46.049s][info][gc] GC(638) Pause Young (Allocation Failure) 13M->13M(15M) 0.026ms
[46.065s][info][gc] GC(639) Pause Full (Allocation Failure) 13M->9M(15M) 16.331ms
[46.073s][info][gc] GC(640) Pause Young (Allocation Failure) 14M->14M(15M) 0.026ms
[46.088s][info][gc] GC(641) Pause Full (Allocation Failure) 14M->9M(15M) 15.979ms
[46.096s][info][gc] GC(642) Pause Young (Allocation Failure) 14M->14M(15M) 0.025ms
[46.112s][info][gc] GC(643) Pause Full (Allocation Failure) 14M->9M(15M) 16.073ms
[46.120s][info][gc] GC(644) Pause Young (Allocation Failure) 14M->14M(15M) 0.024ms
[46.135s][info][gc] GC(645) Pause Full (Allocation Failure) 14M->9M(15M) 15.760ms
[46.143s][info][gc] GC(646) Pause Young (Allocation Failure) 13M->13M(15M) 0.026ms
[46.159s][info][gc] GC(647) Pause Full (Allocation Failure) 13M->9M(15M) 16.087ms
[46.167s][info][gc] GC(648) Pause Young (Allocation Failure) 14M->14M(15M) 0.028ms
[46.183s][info][gc] GC(649) Pause Full (Allocation Failure) 14M->9M(15M) 16.162ms
[46.190s][info][gc] GC(650) Pause Young (Allocation Failure) 14M->14M(15M) 0.024ms
[46.206s][info][gc] GC(651) Pause Full (Allocation Failure) 14M->9M(15M) 15.759ms
[46.213s][info][gc] GC(652) Pause Young (Allocation Failure) 14M->14M(15M) 0.027ms
[46.229s][info][gc] GC(653) Pause Full (Allocation Failure) 14M->9M(15M) 16.002ms
[46.237s][info][gc] GC(654) Pause Young (Allocation Failure) 13M->13M(15M) 0.026ms
[46.253s][info][gc] GC(655) Pause Full (Allocation Failure) 13M->9M(15M) 15.993ms
[46.260s][info][gc] GC(656) Pause Young (Allocation Failure) 14M->14M(15M) 0.028ms
[46.276s][info][gc] GC(657) Pause Full (Allocation Failure) 14M->9M(15M) 16.306ms
[46.284s][info][gc] GC(658) Pause Young (Allocation Failure) 14M->14M(15M) 0.024ms
[46.300s][info][gc] GC(659) Pause Full (Allocation Failure) 14M->9M(15M) 16.301ms
[46.307s][info][gc] GC(660) Pause Young (Allocation Failure) 14M->14M(15M) 0.026ms
[46.324s][info][gc] GC(661) Pause Full (Allocation Failure) 14M->9M(15M) 16.218ms
[46.331s][info][gc] GC(662) Pause Young (Allocation Failure) 13M->13M(15M) 0.025ms
[46.348s][info][gc] GC(663) Pause Full (Allocation Failure) 13M->9M(15M) 17.288ms
[46.356s][info][gc] GC(664) Pause Young (Allocation Failure) 14M->14M(15M) 0.026ms
[46.372s][info][gc] GC(665) Pause Full (Allocation Failure) 14M->9M(15M) 16.293ms
[46.380s][info][gc] GC(666) Pause Young (Allocation Failure) 14M->14M(15M) 0.025ms
[46.396s][info][gc] GC(667) Pause Full (Allocation Failure) 14M->9M(15M) 16.641ms
[46.404s][info][gc] GC(668) Pause Young (Allocation Failure) 14M->14M(15M) 0.025ms
[46.420s][info][gc] GC(669) Pause Full (Allocation Failure) 14M->9M(15M) 16.025ms
[46.427s][info][gc] GC(670) Pause Young (Allocation Failure) 13M->13M(15M) 0.024ms
[46.443s][info][gc] GC(671) Pause Full (Allocation Failure) 13M->9M(15M) 16.208ms
[46.451s][info][gc] GC(672) Pause Young (Allocation Failure) 14M->14M(15M) 0.026ms
[46.467s][info][gc] GC(673) Pause Full (Allocation Failure) 14M->9M(15M) 15.896ms
[46.474s][info][gc] GC(674) Pause Young (Allocation Failure) 14M->14M(15M) 0.026ms
[46.490s][info][gc] GC(675) Pause Full (Allocation Failure) 14M->9M(15M) 15.737ms
[46.497s][info][gc] GC(676) Pause Young (Allocation Failure) 14M->14M(15M) 0.025ms
[46.513s][info][gc] GC(677) Pause Full (Allocation Failure) 14M->9M(15M) 15.872ms
[46.521s][info][gc] GC(678) Pause Young (Allocation Failure) 13M->13M(15M) 0.025ms
[46.537s][info][gc] GC(679) Pause Full (Allocation Failure) 13M->9M(15M) 16.211ms
[46.544s][info][gc] GC(680) Pause Young (Allocation Failure) 14M->14M(15M) 0.027ms
[46.560s][info][gc] GC(681) Pause Full (Allocation Failure) 14M->9M(15M) 16.091ms
[46.568s][info][gc] GC(682) Pause Young (Allocation Failure) 14M->14M(15M) 0.025ms
[46.584s][info][gc] GC(683) Pause Full (Allocation Failure) 14M->9M(15M) 16.028ms
[46.591s][info][gc] GC(684) Pause Young (Allocation Failure) 14M->14M(15M) 0.026ms
[46.607s][info][gc] GC(685) Pause Full (Allocation Failure) 14M->9M(15M) 16.206ms
[46.615s][info][gc] GC(686) Pause Young (Allocation Failure) 13M->13M(15M) 0.024ms
[46.631s][info][gc] GC(687) Pause Full (Allocation Failure) 13M->9M(15M) 16.342ms
[46.639s][info][gc] GC(688) Pause Young (Allocation Failure) 14M->14M(15M) 0.027ms
[46.655s][info][gc] GC(689) Pause Full (Allocation Failure) 14M->9M(15M) 16.559ms
[46.663s][info][gc] GC(690) Pause Young (Allocation Failure) 14M->14M(15M) 0.025ms
[46.679s][info][gc] GC(691) Pause Full (Allocation Failure) 14M->9M(15M) 15.853ms
[46.686s][info][gc] GC(692) Pause Young (Allocation Failure) 14M->14M(15M) 0.033ms
[46.702s][info][gc] GC(693) Pause Full (Allocation Failure) 14M->9M(15M) 16.459ms
[46.710s][info][gc] GC(694) Pause Young (Allocation Failure) 13M->13M(15M) 0.025ms
[46.726s][info][gc] GC(695) Pause Full (Allocation Failure) 13M->9M(15M) 16.303ms
[46.734s][info][gc] GC(696) Pause Young (Allocation Failure) 14M->14M(15M) 0.025ms
[46.750s][info][gc] GC(697) Pause Full (Allocation Failure) 14M->9M(15M) 16.060ms
[46.757s][info][gc] GC(698) Pause Young (Allocation Failure) 14M->14M(15M) 0.029ms
[46.773s][info][gc] GC(699) Pause Full (Allocation Failure) 14M->9M(15M) 16.122ms
[46.781s][info][gc] GC(700) Pause Young (Allocation Failure) 14M->14M(15M) 0.026ms
[46.797s][info][gc] GC(701) Pause Full (Allocation Failure) 14M->9M(15M) 16.396ms
[46.805s][info][gc] GC(702) Pause Young (Allocation Failure) 13M->13M(15M) 0.033ms
[46.822s][info][gc] GC(703) Pause Full (Allocation Failure) 13M->9M(15M) 17.544ms
[46.830s][info][gc] GC(704) Pause Young (Allocation Failure) 14M->14M(15M) 0.028ms
[46.847s][info][gc] GC(705) Pause Full (Allocation Failure) 14M->9M(15M) 16.738ms
[46.854s][info][gc] GC(706) Pause Young (Allocation Failure) 14M->14M(15M) 0.024ms
[46.870s][info][gc] GC(707) Pause Full (Allocation Failure) 14M->9M(15M) 16.068ms
[46.877s][info][gc] GC(708) Pause Young (Allocation Failure) 14M->14M(15M) 0.028ms
[46.894s][info][gc] GC(709) Pause Full (Allocation Failure) 14M->9M(15M) 16.229ms
[46.901s][info][gc] GC(710) Pause Young (Allocation Failure) 13M->13M(15M) 0.026ms
[46.917s][info][gc] GC(711) Pause Full (Allocation Failure) 13M->9M(15M) 15.954ms
[46.925s][info][gc] GC(712) Pause Young (Allocation Failure) 14M->14M(15M) 0.024ms
[46.941s][info][gc] GC(713) Pause Full (Allocation Failure) 14M->9M(15M) 15.946ms
[46.948s][info][gc] GC(714) Pause Young (Allocation Failure) 14M->14M(15M) 0.025ms
[46.964s][info][gc] GC(715) Pause Full (Allocation Failure) 14M->10M(15M) 16.303ms
[46.972s][info][gc] GC(716) Pause Young (Allocation Failure) 14M->14M(15M) 0.027ms
[46.988s][info][gc] GC(717) Pause Full (Allocation Failure) 14M->9M(15M) 16.228ms
[46.996s][info][gc] GC(718) Pause Young (Allocation Failure) 13M->13M(15M) 0.027ms
[47.012s][info][gc] GC(719) Pause Full (Allocation Failure) 13M->9M(15M) 16.028ms
[47.019s][info][gc] GC(720) Pause Young (Allocation Failure) 14M->14M(15M) 0.025ms
[47.035s][info][gc] GC(721) Pause Full (Allocation Failure) 14M->10M(15M) 16.203ms
[47.043s][info][gc] GC(722) Pause Young (Allocation Failure) 14M->14M(15M) 0.026ms
[47.059s][info][gc] GC(723) Pause Full (Allocation Failure) 14M->9M(15M) 16.612ms
[47.067s][info][gc] GC(724) Pause Young (Allocation Failure) 14M->14M(15M) 0.025ms
[47.083s][info][gc] GC(725) Pause Full (Allocation Failure) 14M->9M(15M) 16.261ms
[47.091s][info][gc] GC(726) Pause Young (Allocation Failure) 13M->13M(15M) 0.026ms
[47.107s][info][gc] GC(727) Pause Full (Allocation Failure) 13M->9M(15M) 16.071ms
[47.114s][info][gc] GC(728) Pause Young (Allocation Failure) 14M->14M(15M) 0.027ms
[47.130s][info][gc] GC(729) Pause Full (Allocation Failure) 14M->9M(15M) 15.934ms
[47.138s][info][gc] GC(730) Pause Young (Allocation Failure) 14M->14M(15M) 0.025ms
[47.154s][info][gc] GC(731) Pause Full (Allocation Failure) 14M->9M(15M) 15.993ms
[47.161s][info][gc] GC(732) Pause Young (Allocation Failure) 14M->14M(15M) 0.024ms
[47.177s][info][gc] GC(733) Pause Full (Allocation Failure) 14M->9M(15M) 16.089ms
[47.185s][info][gc] GC(734) Pause Young (Allocation Failure) 13M->13M(15M) 0.026ms
[47.201s][info][gc] GC(735) Pause Full (Allocation Failure) 13M->10M(15M) 16.067ms
[47.209s][info][gc] GC(736) Pause Young (Allocation Failure) 14M->14M(15M) 0.026ms
[47.225s][info][gc] GC(737) Pause Full (Allocation Failure) 14M->10M(15M) 16.443ms
[47.233s][info][gc] GC(738) Pause Young (Allocation Failure) 14M->14M(15M) 0.027ms
[47.249s][info][gc] GC(739) Pause Full (Allocation Failure) 14M->9M(15M) 16.288ms
[47.256s][info][gc] GC(740) Pause Young (Allocation Failure) 14M->14M(15M) 0.025ms
[47.273s][info][gc] GC(741) Pause Full (Allocation Failure) 14M->9M(15M) 16.237ms
[47.280s][info][gc] GC(742) Pause Young (Allocation Failure) 13M->13M(15M) 0.026ms
[47.296s][info][gc] GC(743) Pause Full (Allocation Failure) 13M->9M(15M) 16.537ms
[47.304s][info][gc] GC(744) Pause Young (Allocation Failure) 14M->14M(15M) 0.025ms
[47.320s][info][gc] GC(745) Pause Full (Allocation Failure) 14M->9M(15M) 16.356ms
[47.327s][info][gc] GC(746) Pause Young (Allocation Failure) 14M->14M(15M) 0.027ms
[47.344s][info][gc] GC(747) Pause Full (Allocation Failure) 14M->9M(15M) 16.193ms
[47.351s][info][gc] GC(748) Pause Young (Allocation Failure) 14M->14M(15M) 0.025ms
[47.367s][info][gc] GC(749) Pause Full (Allocation Failure) 14M->9M(15M) 16.045ms
[47.375s][info][gc] GC(750) Pause Young (Allocation Failure) 13M->13M(15M) 0.024ms
[47.391s][info][gc] GC(751) Pause Full (Allocation Failure) 13M->9M(15M) 16.042ms
[47.398s][info][gc] GC(752) Pause Young (Allocation Failure) 14M->14M(15M) 0.027ms
[47.415s][info][gc] GC(753) Pause Full (Allocation Failure) 14M->10M(15M) 16.520ms
[47.422s][info][gc] GC(754) Pause Young (Allocation Failure) 14M->14M(15M) 0.026ms
[47.439s][info][gc] GC(755) Pause Full (Allocation Failure) 14M->10M(15M) 16.212ms
[47.446s][info][gc] GC(756) Pause Young (Allocation Failure) 14M->14M(15M) 0.026ms
[47.462s][info][gc] GC(757) Pause Full (Allocation Failure) 14M->9M(15M) 15.928ms
[47.469s][info][gc] GC(758) Pause Young (Allocation Failure) 13M->13M(15M) 0.025ms
[47.485s][info][gc] GC(759) Pause Full (Allocation Failure) 13M->10M(15M) 15.949ms
[47.493s][info][gc] GC(760) Pause Young (Allocation Failure) 14M->14M(15M) 0.026ms
[47.509s][info][gc] GC(761) Pause Full (Allocation Failure) 14M->10M(15M) 16.176ms
[47.517s][info][gc] GC(762) Pause Young (Allocation Failure) 14M->14M(15M) 0.027ms
[47.533s][info][gc] GC(763) Pause Full (Allocation Failure) 14M->10M(15M) 16.253ms
[47.541s][info][gc] GC(764) Pause Young (Allocation Failure) 14M->14M(15M) 0.025ms
[47.557s][info][gc] GC(765) Pause Full (Allocation Failure) 14M->9M(15M) 16.076ms
[47.564s][info][gc] GC(766) Pause Young (Allocation Failure) 13M->13M(15M) 0.026ms
[47.581s][info][gc] GC(767) Pause Full (Allocation Failure) 13M->10M(15M) 16.628ms
[47.588s][info][gc] GC(768) Pause Young (Allocation Failure) 14M->14M(15M) 0.024ms
[47.605s][info][gc] GC(769) Pause Full (Allocation Failure) 14M->10M(15M) 16.361ms
[47.612s][info][gc] GC(770) Pause Young (Allocation Failure) 14M->14M(15M) 0.026ms
[47.628s][info][gc] GC(771) Pause Full (Allocation Failure) 14M->10M(15M) 16.223ms
[47.636s][info][gc] GC(772) Pause Young (Allocation Failure) 14M->14M(15M) 0.025ms
[47.652s][info][gc] GC(773) Pause Full (Allocation Failure) 14M->9M(15M) 16.076ms
[47.659s][info][gc] GC(774) Pause Young (Allocation Failure) 13M->13M(15M) 0.026ms
[47.676s][info][gc] GC(775) Pause Full (Allocation Failure) 13M->10M(15M) 16.164ms
[47.683s][info][gc] GC(776) Pause Young (Allocation Failure) 14M->14M(15M) 0.025ms
[47.699s][info][gc] GC(777) Pause Full (Allocation Failure) 14M->10M(15M) 16.273ms
[47.707s][info][gc] GC(778) Pause Young (Allocation Failure) 14M->14M(15M) 0.024ms
[47.723s][info][gc] GC(779) Pause Full (Allocation Failure) 14M->10M(15M) 16.199ms
[47.731s][info][gc] GC(780) Pause Young (Allocation Failure) 14M->14M(15M) 0.026ms
[47.747s][info][gc] GC(781) Pause Full (Allocation Failure) 14M->9M(15M) 16.582ms
[47.755s][info][gc] GC(782) Pause Young (Allocation Failure) 13M->13M(15M) 0.027ms
[47.771s][info][gc] GC(783) Pause Full (Allocation Failure) 13M->10M(15M) 16.225ms
[47.778s][info][gc] GC(784) Pause Young (Allocation Failure) 14M->14M(15M) 0.024ms
[47.795s][info][gc] GC(785) Pause Full (Allocation Failure) 14M->10M(15M) 16.452ms
[47.802s][info][gc] GC(786) Pause Young (Allocation Failure) 14M->14M(15M) 0.032ms
[47.820s][info][gc] GC(787) Pause Full (Allocation Failure) 14M->10M(15M) 17.333ms
[47.827s][info][gc] GC(788) Pause Young (Allocation Failure) 14M->14M(15M) 0.030ms
[47.844s][info][gc] GC(789) Pause Full (Allocation Failure) 14M->9M(15M) 16.881ms
[47.851s][info][gc] GC(790) Pause Young (Allocation Failure) 13M->13M(15M) 0.029ms
[47.868s][info][gc] GC(791) Pause Full (Allocation Failure) 13M->9M(15M) 16.683ms
[47.876s][info][gc] GC(792) Pause Young (Allocation Failure) 14M->14M(15M) 0.025ms
[47.892s][info][gc] GC(793) Pause Full (Allocation Failure) 14M->10M(15M) 16.526ms
[47.900s][info][gc] GC(794) Pause Young (Allocation Failure) 14M->14M(15M) 0.025ms
[47.916s][info][gc] GC(795) Pause Full (Allocation Failure) 14M->10M(15M) 16.319ms
[47.924s][info][gc] GC(796) Pause Young (Allocation Failure) 14M->14M(15M) 0.024ms
[47.940s][info][gc] GC(797) Pause Full (Allocation Failure) 14M->9M(15M) 16.491ms
[47.948s][info][gc] GC(798) Pause Young (Allocation Failure) 13M->13M(15M) 0.026ms
[47.964s][info][gc] GC(799) Pause Full (Allocation Failure) 13M->10M(15M) 16.299ms
[47.972s][info][gc] GC(800) Pause Young (Allocation Failure) 14M->14M(15M) 0.027ms
[47.988s][info][gc] GC(801) Pause Full (Allocation Failure) 14M->10M(15M) 16.403ms
[47.995s][info][gc] GC(802) Pause Young (Allocation Failure) 14M->14M(15M) 0.026ms
[48.012s][info][gc] GC(803) Pause Full (Allocation Failure) 14M->10M(15M) 16.199ms
[48.019s][info][gc] GC(804) Pause Young (Allocation Failure) 14M->14M(15M) 0.025ms
[48.035s][info][gc] GC(805) Pause Full (Allocation Failure) 14M->9M(15M) 16.357ms
[48.043s][info][gc] GC(806) Pause Young (Allocation Failure) 13M->13M(15M) 0.027ms
[48.060s][info][gc] GC(807) Pause Full (Allocation Failure) 13M->10M(15M) 16.625ms
[48.067s][info][gc] GC(808) Pause Young (Allocation Failure) 14M->14M(15M) 0.024ms
[48.084s][info][gc] GC(809) Pause Full (Allocation Failure) 14M->10M(15M) 16.830ms
[48.091s][info][gc] GC(810) Pause Young (Allocation Failure) 14M->14M(15M) 0.025ms
[48.108s][info][gc] GC(811) Pause Full (Allocation Failure) 14M->10M(15M) 16.425ms
[48.115s][info][gc] GC(812) Pause Young (Allocation Failure) 14M->14M(15M) 0.026ms
[48.132s][info][gc] GC(813) Pause Full (Allocation Failure) 14M->9M(15M) 16.544ms
[48.139s][info][gc] GC(814) Pause Young (Allocation Failure) 13M->13M(15M) 0.024ms
[48.155s][info][gc] GC(815) Pause Full (Allocation Failure) 13M->10M(15M) 16.513ms
[48.163s][info][gc] GC(816) Pause Young (Allocation Failure) 14M->14M(15M) 0.025ms
[48.179s][info][gc] GC(817) Pause Full (Allocation Failure) 14M->10M(15M) 16.244ms
[48.186s][info][gc] GC(818) Pause Young (Allocation Failure) 14M->14M(15M) 0.026ms
[48.202s][info][gc] GC(819) Pause Full (Allocation Failure) 14M->10M(15M) 16.327ms
[48.210s][info][gc] GC(820) Pause Young (Allocation Failure) 14M->14M(15M) 0.026ms
[48.226s][info][gc] GC(821) Pause Full (Allocation Failure) 14M->9M(15M) 16.378ms
[48.233s][info][gc] GC(822) Pause Young (Allocation Failure) 13M->13M(15M) 0.028ms
[48.250s][info][gc] GC(823) Pause Full (Allocation Failure) 13M->10M(15M) 16.445ms
[48.257s][info][gc] GC(824) Pause Young (Allocation Failure) 14M->14M(15M) 0.024ms
[48.274s][info][gc] GC(825) Pause Full (Allocation Failure) 14M->10M(15M) 16.510ms
[48.281s][info][gc] GC(826) Pause Young (Allocation Failure) 14M->14M(15M) 0.026ms
[48.298s][info][gc] GC(827) Pause Full (Allocation Failure) 14M->10M(15M) 16.747ms
[48.306s][info][gc] GC(828) Pause Young (Allocation Failure) 14M->14M(15M) 0.028ms
[48.322s][info][gc] GC(829) Pause Full (Allocation Failure) 14M->9M(15M) 16.715ms
[48.330s][info][gc] GC(830) Pause Young (Allocation Failure) 13M->13M(15M) 0.026ms
[48.347s][info][gc] GC(831) Pause Full (Allocation Failure) 13M->10M(15M) 16.956ms
[48.354s][info][gc] GC(832) Pause Young (Allocation Failure) 14M->14M(15M) 0.027ms
[48.371s][info][gc] GC(833) Pause Full (Allocation Failure) 14M->10M(15M) 16.456ms
[48.378s][info][gc] GC(834) Pause Young (Allocation Failure) 14M->14M(15M) 0.025ms
[48.395s][info][gc] GC(835) Pause Full (Allocation Failure) 14M->10M(15M) 16.334ms
[48.402s][info][gc] GC(836) Pause Young (Allocation Failure) 14M->14M(15M) 0.026ms
[48.419s][info][gc] GC(837) Pause Full (Allocation Failure) 14M->9M(15M) 16.799ms
[48.426s][info][gc] GC(838) Pause Young (Allocation Failure) 13M->13M(15M) 0.027ms
[48.443s][info][gc] GC(839) Pause Full (Allocation Failure) 13M->10M(15M) 16.642ms
[48.450s][info][gc] GC(840) Pause Young (Allocation Failure) 14M->14M(15M) 0.027ms
[48.467s][info][gc] GC(841) Pause Full (Allocation Failure) 14M->10M(15M) 16.688ms
[48.475s][info][gc] GC(842) Pause Young (Allocation Failure) 14M->14M(15M) 0.026ms
[48.491s][info][gc] GC(843) Pause Full (Allocation Failure) 14M->10M(15M) 16.310ms
[48.498s][info][gc] GC(844) Pause Young (Allocation Failure) 14M->14M(15M) 0.025ms
[48.515s][info][gc] GC(845) Pause Full (Allocation Failure) 14M->9M(15M) 16.297ms
[48.522s][info][gc] GC(846) Pause Young (Allocation Failure) 13M->13M(15M) 0.024ms
[48.538s][info][gc] GC(847) Pause Full (Allocation Failure) 13M->10M(15M) 16.243ms
[48.546s][info][gc] GC(848) Pause Young (Allocation Failure) 14M->14M(15M) 0.025ms
[48.562s][info][gc] GC(849) Pause Full (Allocation Failure) 14M->10M(15M) 16.384ms
[48.570s][info][gc] GC(850) Pause Young (Allocation Failure) 14M->14M(15M) 0.025ms
[48.586s][info][gc] GC(851) Pause Full (Allocation Failure) 14M->10M(15M) 16.492ms
[48.594s][info][gc] GC(852) Pause Young (Allocation Failure) 14M->14M(15M) 0.026ms
[48.610s][info][gc] GC(853) Pause Full (Allocation Failure) 14M->9M(15M) 16.282ms
[48.617s][info][gc] GC(854) Pause Young (Allocation Failure) 13M->13M(15M) 0.024ms
[48.634s][info][gc] GC(855) Pause Full (Allocation Failure) 13M->10M(15M) 16.863ms
[48.642s][info][gc] GC(856) Pause Young (Allocation Failure) 14M->14M(15M) 0.026ms
[48.658s][info][gc] GC(857) Pause Full (Allocation Failure) 14M->10M(15M) 16.384ms
[48.666s][info][gc] GC(858) Pause Young (Allocation Failure) 14M->14M(15M) 0.025ms
[48.682s][info][gc] GC(859) Pause Full (Allocation Failure) 14M->10M(15M) 16.442ms
[48.690s][info][gc] GC(860) Pause Young (Allocation Failure) 14M->14M(15M) 0.026ms
[48.706s][info][gc] GC(861) Pause Full (Allocation Failure) 14M->9M(15M) 16.345ms
[48.713s][info][gc] GC(862) Pause Young (Allocation Failure) 13M->13M(15M) 0.025ms
[48.730s][info][gc] GC(863) Pause Full (Allocation Failure) 13M->10M(15M) 16.543ms
[48.737s][info][gc] GC(864) Pause Young (Allocation Failure) 14M->14M(15M) 0.028ms
[48.754s][info][gc] GC(865) Pause Full (Allocation Failure) 14M->10M(15M) 16.772ms
[48.762s][info][gc] GC(866) Pause Young (Allocation Failure) 14M->14M(15M) 0.024ms
[48.778s][info][gc] GC(867) Pause Full (Allocation Failure) 14M->10M(15M) 16.518ms
[48.786s][info][gc] GC(868) Pause Young (Allocation Failure) 14M->14M(15M) 0.027ms
[48.803s][info][gc] GC(869) Pause Full (Allocation Failure) 14M->9M(15M) 17.343ms
[48.810s][info][gc] GC(870) Pause Young (Allocation Failure) 13M->13M(15M) 0.034ms
[48.828s][info][gc] GC(871) Pause Full (Allocation Failure) 13M->10M(15M) 17.797ms
[48.835s][info][gc] GC(872) Pause Young (Allocation Failure) 14M->14M(15M) 0.032ms
[48.852s][info][gc] GC(873) Pause Full (Allocation Failure) 14M->10M(15M) 17.002ms
[48.860s][info][gc] GC(874) Pause Young (Allocation Failure) 14M->14M(15M) 0.029ms
[48.876s][info][gc] GC(875) Pause Full (Allocation Failure) 14M->10M(15M) 16.519ms
[48.883s][info][gc] GC(876) Pause Young (Allocation Failure) 14M->14M(15M) 0.027ms
[48.899s][info][gc] GC(877) Pause Full (Allocation Failure) 14M->9M(15M) 16.442ms
[48.907s][info][gc] GC(878) Pause Young (Allocation Failure) 13M->13M(15M) 0.027ms
[48.923s][info][gc] GC(879) Pause Full (Allocation Failure) 13M->10M(15M) 16.387ms
[48.931s][info][gc] GC(880) Pause Young (Allocation Failure) 14M->14M(15M) 0.028ms
[48.947s][info][gc] GC(881) Pause Full (Allocation Failure) 14M->10M(15M) 16.597ms
[48.955s][info][gc] GC(882) Pause Young (Allocation Failure) 14M->14M(15M) 0.028ms
[48.971s][info][gc] GC(883) Pause Full (Allocation Failure) 14M->10M(15M) 16.696ms
[48.979s][info][gc] GC(884) Pause Young (Allocation Failure) 14M->14M(15M) 0.029ms
[48.996s][info][gc] GC(885) Pause Full (Allocation Failure) 14M->9M(15M) 16.583ms
[49.003s][info][gc] GC(886) Pause Young (Allocation Failure) 14M->14M(15M) 0.026ms
[49.020s][info][gc] GC(887) Pause Full (Allocation Failure) 14M->10M(15M) 16.576ms
[49.027s][info][gc] GC(888) Pause Young (Allocation Failure) 14M->14M(15M) 0.024ms
[49.043s][info][gc] GC(889) Pause Full (Allocation Failure) 14M->10M(15M) 16.447ms
[49.051s][info][gc] GC(890) Pause Young (Allocation Failure) 14M->14M(15M) 0.028ms
[49.068s][info][gc] GC(891) Pause Full (Allocation Failure) 14M->10M(15M) 16.784ms
[49.075s][info][gc] GC(892) Pause Young (Allocation Failure) 14M->14M(15M) 0.026ms
[49.092s][info][gc] GC(893) Pause Full (Allocation Failure) 14M->9M(15M) 16.755ms
[49.099s][info][gc] GC(894) Pause Young (Allocation Failure) 14M->14M(15M) 0.024ms
[49.116s][info][gc] GC(895) Pause Full (Allocation Failure) 14M->10M(15M) 16.406ms
[49.123s][info][gc] GC(896) Pause Young (Allocation Failure) 14M->14M(15M) 0.024ms
[49.140s][info][gc] GC(897) Pause Full (Allocation Failure) 14M->10M(15M) 16.570ms
[49.147s][info][gc] GC(898) Pause Young (Allocation Failure) 14M->14M(15M) 0.028ms
[49.164s][info][gc] GC(899) Pause Full (Allocation Failure) 14M->10M(15M) 16.685ms
[49.171s][info][gc] GC(900) Pause Young (Allocation Failure) 14M->14M(15M) 0.026ms
[49.187s][info][gc] GC(901) Pause Full (Allocation Failure) 14M->9M(15M) 16.516ms
[49.195s][info][gc] GC(902) Pause Young (Allocation Failure) 14M->14M(15M) 0.025ms
[49.211s][info][gc] GC(903) Pause Full (Allocation Failure) 14M->10M(15M) 16.470ms
[49.219s][info][gc] GC(904) Pause Young (Allocation Failure) 14M->14M(15M) 0.024ms
[49.235s][info][gc] GC(905) Pause Full (Allocation Failure) 14M->10M(15M) 16.591ms
[49.243s][info][gc] GC(906) Pause Young (Allocation Failure) 14M->14M(15M) 0.025ms
[49.259s][info][gc] GC(907) Pause Full (Allocation Failure) 14M->10M(15M) 16.361ms
[49.267s][info][gc] GC(908) Pause Young (Allocation Failure) 14M->14M(15M) 0.026ms
[49.283s][info][gc] GC(909) Pause Full (Allocation Failure) 14M->9M(15M) 16.651ms
[49.291s][info][gc] GC(910) Pause Young (Allocation Failure) 14M->14M(15M) 0.026ms
[49.307s][info][gc] GC(911) Pause Full (Allocation Failure) 14M->10M(15M) 16.707ms
[49.315s][info][gc] GC(912) Pause Young (Allocation Failure) 14M->14M(15M) 0.027ms
[49.332s][info][gc] GC(913) Pause Full (Allocation Failure) 14M->10M(15M) 17.331ms
[49.340s][info][gc] GC(914) Pause Young (Allocation Failure) 14M->14M(15M) 0.028ms
[49.357s][info][gc] GC(915) Pause Full (Allocation Failure) 14M->10M(15M) 16.986ms
[49.364s][info][gc] GC(916) Pause Young (Allocation Failure) 14M->14M(15M) 0.027ms
[49.381s][info][gc] GC(917) Pause Full (Allocation Failure) 14M->9M(15M) 16.717ms
[49.388s][info][gc] GC(918) Pause Young (Allocation Failure) 14M->14M(15M) 0.024ms
[49.405s][info][gc] GC(919) Pause Full (Allocation Failure) 14M->10M(15M) 16.634ms
[49.413s][info][gc] GC(920) Pause Young (Allocation Failure) 14M->14M(15M) 0.026ms
[49.429s][info][gc] GC(921) Pause Full (Allocation Failure) 14M->10M(15M) 16.572ms
[49.437s][info][gc] GC(922) Pause Young (Allocation Failure) 14M->14M(15M) 0.026ms
[49.453s][info][gc] GC(923) Pause Full (Allocation Failure) 14M->10M(15M) 16.575ms
[49.461s][info][gc] GC(924) Pause Young (Allocation Failure) 14M->14M(15M) 0.026ms
[49.477s][info][gc] GC(925) Pause Full (Allocation Failure) 14M->9M(15M) 16.416ms
[49.484s][info][gc] GC(926) Pause Young (Allocation Failure) 14M->14M(15M) 0.025ms
[49.501s][info][gc] GC(927) Pause Full (Allocation Failure) 14M->10M(15M) 16.619ms
[49.509s][info][gc] GC(928) Pause Young (Allocation Failure) 14M->14M(15M) 0.025ms
[49.525s][info][gc] GC(929) Pause Full (Allocation Failure) 14M->10M(15M) 16.775ms
[49.533s][info][gc] GC(930) Pause Young (Allocation Failure) 14M->14M(15M) 0.026ms
[49.549s][info][gc] GC(931) Pause Full (Allocation Failure) 14M->10M(15M) 16.539ms
[49.557s][info][gc] GC(932) Pause Young (Allocation Failure) 14M->14M(15M) 0.026ms
[49.574s][info][gc] GC(933) Pause Full (Allocation Failure) 14M->9M(15M) 16.647ms
[49.581s][info][gc] GC(934) Pause Young (Allocation Failure) 14M->14M(15M) 0.025ms
[49.598s][info][gc] GC(935) Pause Full (Allocation Failure) 14M->10M(15M) 16.697ms
[49.605s][info][gc] GC(936) Pause Young (Allocation Failure) 14M->14M(15M) 0.026ms
[49.622s][info][gc] GC(937) Pause Full (Allocation Failure) 14M->10M(15M) 16.744ms
[49.629s][info][gc] GC(938) Pause Young (Allocation Failure) 14M->14M(15M) 0.024ms
[49.646s][info][gc] GC(939) Pause Full (Allocation Failure) 14M->10M(15M) 16.873ms
[49.654s][info][gc] GC(940) Pause Young (Allocation Failure) 14M->14M(15M) 0.026ms
[49.671s][info][gc] GC(941) Pause Full (Allocation Failure) 14M->9M(15M) 16.989ms
[49.678s][info][gc] GC(942) Pause Young (Allocation Failure) 14M->14M(15M) 0.028ms
[49.695s][info][gc] GC(943) Pause Full (Allocation Failure) 14M->10M(15M) 16.975ms
[49.702s][info][gc] GC(944) Pause Young (Allocation Failure) 14M->14M(15M) 0.026ms
[49.720s][info][gc] GC(945) Pause Full (Allocation Failure) 14M->10M(15M) 17.176ms
[49.727s][info][gc] GC(946) Pause Young (Allocation Failure) 14M->14M(15M) 0.026ms
[49.744s][info][gc] GC(947) Pause Full (Allocation Failure) 14M->10M(15M) 17.037ms
[49.751s][info][gc] GC(948) Pause Young (Allocation Failure) 14M->14M(15M) 0.025ms
[49.768s][info][gc] GC(949) Pause Full (Allocation Failure) 14M->9M(15M) 16.928ms
[49.776s][info][gc] GC(950) Pause Young (Allocation Failure) 14M->14M(15M) 0.024ms
[49.792s][info][gc] GC(951) Pause Full (Allocation Failure) 14M->10M(15M) 16.798ms
[49.800s][info][gc] GC(952) Pause Young (Allocation Failure) 14M->14M(15M) 0.034ms
[49.818s][info][gc] GC(953) Pause Full (Allocation Failure) 14M->10M(15M) 17.575ms
[49.825s][info][gc] GC(954) Pause Young (Allocation Failure) 14M->14M(15M) 0.031ms
[49.842s][info][gc] GC(955) Pause Full (Allocation Failure) 14M->10M(15M) 16.924ms
[49.849s][info][gc] GC(956) Pause Young (Allocation Failure) 14M->14M(15M) 0.026ms
[49.867s][info][gc] GC(957) Pause Full (Allocation Failure) 14M->9M(15M) 17.125ms
[49.874s][info][gc] GC(958) Pause Young (Allocation Failure) 14M->14M(15M) 0.026ms
[49.891s][info][gc] GC(959) Pause Full (Allocation Failure) 14M->10M(15M) 16.645ms
[49.898s][info][gc] GC(960) Pause Young (Allocation Failure) 14M->14M(15M) 0.024ms
[49.915s][info][gc] GC(961) Pause Full (Allocation Failure) 14M->10M(15M) 16.651ms
[49.922s][info][gc] GC(962) Pause Young (Allocation Failure) 14M->14M(15M) 0.024ms
[49.939s][info][gc] GC(963) Pause Full (Allocation Failure) 14M->10M(15M) 16.571ms
[49.947s][info][gc] GC(964) Pause Young (Allocation Failure) 14M->14M(15M) 0.025ms
[49.963s][info][gc] GC(965) Pause Full (Allocation Failure) 14M->9M(15M) 16.794ms
[49.971s][info][gc] GC(966) Pause Young (Allocation Failure) 14M->14M(15M) 0.026ms
[49.988s][info][gc] GC(967) Pause Full (Allocation Failure) 14M->10M(15M) 16.715ms
[49.995s][info][gc] GC(968) Pause Young (Allocation Failure) 14M->14M(15M) 0.025ms
[50.012s][info][gc] GC(969) Pause Full (Allocation Failure) 14M->10M(15M) 16.690ms
[50.019s][info][gc] GC(970) Pause Young (Allocation Failure) 14M->14M(15M) 0.025ms
[50.036s][info][gc] GC(971) Pause Full (Allocation Failure) 14M->10M(15M) 17.076ms
[50.044s][info][gc] GC(972) Pause Young (Allocation Failure) 14M->14M(15M) 0.024ms
[50.061s][info][gc] GC(973) Pause Full (Allocation Failure) 14M->9M(15M) 16.752ms
[50.069s][info][gc] GC(974) Pause Young (Allocation Failure) 14M->14M(15M) 0.027ms
[50.086s][info][gc] GC(975) Pause Full (Allocation Failure) 14M->10M(15M) 17.467ms
[50.094s][info][gc] GC(976) Pause Young (Allocation Failure) 14M->14M(15M) 0.027ms
[50.111s][info][gc] GC(977) Pause Full (Allocation Failure) 14M->10M(15M) 16.841ms
[50.119s][info][gc] GC(978) Pause Young (Allocation Failure) 14M->14M(15M) 0.038ms
[50.135s][info][gc] GC(979) Pause Full (Allocation Failure) 14M->10M(15M) 16.622ms
[50.143s][info][gc] GC(980) Pause Young (Allocation Failure) 14M->14M(15M) 0.025ms
[50.160s][info][gc] GC(981) Pause Full (Allocation Failure) 14M->9M(15M) 16.678ms
[50.168s][info][gc] GC(982) Pause Young (Allocation Failure) 14M->14M(15M) 0.025ms
[50.184s][info][gc] GC(983) Pause Full (Allocation Failure) 14M->10M(15M) 16.537ms
[50.192s][info][gc] GC(984) Pause Young (Allocation Failure) 14M->14M(15M) 0.025ms
[50.209s][info][gc] GC(985) Pause Full (Allocation Failure) 14M->10M(15M) 17.039ms
[50.217s][info][gc] GC(986) Pause Young (Allocation Failure) 14M->14M(15M) 0.024ms
[50.233s][info][gc] GC(987) Pause Full (Allocation Failure) 14M->10M(15M) 16.642ms
[50.241s][info][gc] GC(988) Pause Young (Allocation Failure) 14M->14M(15M) 0.025ms
[50.258s][info][gc] GC(989) Pause Full (Allocation Failure) 14M->9M(15M) 16.907ms
[50.266s][info][gc] GC(990) Pause Young (Allocation Failure) 14M->14M(15M) 0.026ms
[50.283s][info][gc] GC(991) Pause Full (Allocation Failure) 14M->10M(15M) 16.994ms
[50.290s][info][gc] GC(992) Pause Young (Allocation Failure) 14M->14M(15M) 0.025ms
[50.308s][info][gc] GC(993) Pause Full (Allocation Failure) 14M->10M(15M) 17.035ms
[50.315s][info][gc] GC(994) Pause Young (Allocation Failure) 14M->14M(15M) 0.026ms
[50.332s][info][gc] GC(995) Pause Full (Allocation Failure) 14M->10M(15M) 16.990ms
[50.340s][info][gc] GC(996) Pause Young (Allocation Failure) 14M->14M(15M) 0.025ms
[50.357s][info][gc] GC(997) Pause Full (Allocation Failure) 14M->9M(15M) 16.829ms
[50.365s][info][gc] GC(998) Pause Young (Allocation Failure) 14M->14M(15M) 0.027ms
[50.382s][info][gc] GC(999) Pause Full (Allocation Failure) 14M->10M(15M) 17.452ms
[50.390s][info][gc] GC(1000) Pause Young (Allocation Failure) 14M->14M(15M) 0.024ms
[50.407s][info][gc] GC(1001) Pause Full (Allocation Failure) 14M->10M(15M) 16.987ms
[50.415s][info][gc] GC(1002) Pause Young (Allocation Failure) 14M->14M(15M) 0.025ms
[50.432s][info][gc] GC(1003) Pause Full (Allocation Failure) 14M->10M(15M) 16.678ms
[50.440s][info][gc] GC(1004) Pause Young (Allocation Failure) 14M->14M(15M) 0.027ms
[50.457s][info][gc] GC(1005) Pause Full (Allocation Failure) 14M->9M(15M) 17.043ms
[50.464s][info][gc] GC(1006) Pause Young (Allocation Failure) 14M->14M(15M) 0.026ms
[50.481s][info][gc] GC(1007) Pause Full (Allocation Failure) 14M->10M(15M) 16.778ms
[50.489s][info][gc] GC(1008) Pause Young (Allocation Failure) 14M->14M(15M) 0.025ms
[50.506s][info][gc] GC(1009) Pause Full (Allocation Failure) 14M->10M(15M) 16.516ms
[50.513s][info][gc] GC(1010) Pause Young (Allocation Failure) 14M->14M(15M) 0.024ms
[50.529s][info][gc] GC(1011) Pause Full (Allocation Failure) 14M->10M(15M) 16.474ms
[50.537s][info][gc] GC(1012) Pause Young (Allocation Failure) 14M->14M(15M) 0.025ms
[50.554s][info][gc] GC(1013) Pause Full (Allocation Failure) 14M->9M(15M) 17.014ms
[50.562s][info][gc] GC(1014) Pause Young (Allocation Failure) 14M->14M(15M) 0.024ms
[50.579s][info][gc] GC(1015) Pause Full (Allocation Failure) 14M->10M(15M) 16.887ms
[50.587s][info][gc] GC(1016) Pause Young (Allocation Failure) 14M->14M(15M) 0.026ms
[50.604s][info][gc] GC(1017) Pause Full (Allocation Failure) 14M->10M(15M) 16.961ms
[50.611s][info][gc] GC(1018) Pause Young (Allocation Failure) 14M->14M(15M) 0.025ms
[50.628s][info][gc] GC(1019) Pause Full (Allocation Failure) 14M->10M(15M) 16.825ms
[50.636s][info][gc] GC(1020) Pause Young (Allocation Failure) 14M->14M(15M) 0.027ms
[50.653s][info][gc] GC(1021) Pause Full (Allocation Failure) 14M->9M(15M) 17.208ms
[50.661s][info][gc] GC(1022) Pause Young (Allocation Failure) 14M->14M(15M) 0.027ms
[50.678s][info][gc] GC(1023) Pause Full (Allocation Failure) 14M->10M(15M) 17.152ms
[50.686s][info][gc] GC(1024) Pause Young (Allocation Failure) 14M->14M(15M) 0.027ms
[50.703s][info][gc] GC(1025) Pause Full (Allocation Failure) 14M->10M(15M) 17.324ms
[50.711s][info][gc] GC(1026) Pause Young (Allocation Failure) 14M->14M(15M) 0.026ms
[50.729s][info][gc] GC(1027) Pause Full (Allocation Failure) 14M->10M(15M) 18.032ms
[50.737s][info][gc] GC(1028) Pause Young (Allocation Failure) 14M->14M(15M) 0.024ms
[50.754s][info][gc] GC(1029) Pause Full (Allocation Failure) 14M->10M(15M) 17.196ms
[50.762s][info][gc] GC(1030) Pause Young (Allocation Failure) 14M->14M(15M) 0.027ms
[50.779s][info][gc] GC(1031) Pause Full (Allocation Failure) 14M->10M(15M) 17.381ms
[50.787s][info][gc] GC(1032) Pause Young (Allocation Failure) 14M->14M(15M) 0.027ms
[50.804s][info][gc] GC(1033) Pause Full (Allocation Failure) 14M->10M(15M) 17.127ms
[50.811s][info][gc] GC(1034) Pause Young (Allocation Failure) 14M->14M(15M) 0.033ms
[50.829s][info][gc] GC(1035) Pause Full (Allocation Failure) 14M->10M(15M) 18.006ms
[50.837s][info][gc] GC(1036) Pause Young (Allocation Failure) 14M->14M(15M) 0.034ms
[50.854s][info][gc] GC(1037) Pause Full (Allocation Failure) 14M->9M(15M) 17.248ms
[50.861s][info][gc] GC(1038) Pause Young (Allocation Failure) 14M->14M(15M) 0.025ms
[50.878s][info][gc] GC(1039) Pause Full (Allocation Failure) 14M->10M(15M) 16.711ms
[50.886s][info][gc] GC(1040) Pause Young (Allocation Failure) 14M->14M(15M) 0.025ms
[50.902s][info][gc] GC(1041) Pause Full (Allocation Failure) 14M->10M(15M) 16.868ms
[50.910s][info][gc] GC(1042) Pause Young (Allocation Failure) 14M->14M(15M) 0.025ms
[50.927s][info][gc] GC(1043) Pause Full (Allocation Failure) 14M->10M(15M) 17.076ms
[50.935s][info][gc] GC(1044) Pause Young (Allocation Failure) 14M->14M(15M) 0.024ms
[50.952s][info][gc] GC(1045) Pause Full (Allocation Failure) 14M->9M(15M) 16.803ms
[50.959s][info][gc] GC(1046) Pause Young (Allocation Failure) 14M->14M(15M) 0.025ms
[50.976s][info][gc] GC(1047) Pause Full (Allocation Failure) 14M->10M(15M) 16.825ms
[50.983s][info][gc] GC(1048) Pause Young (Allocation Failure) 14M->14M(15M) 0.026ms
[51.000s][info][gc] GC(1049) Pause Full (Allocation Failure) 14M->10M(15M) 16.945ms
[51.007s][info][gc] GC(1050) Pause Young (Allocation Failure) 14M->14M(15M) 0.025ms
[51.025s][info][gc] GC(1051) Pause Full (Allocation Failure) 14M->10M(15M) 16.995ms
[51.032s][info][gc] GC(1052) Pause Young (Allocation Failure) 14M->14M(15M) 0.027ms
[51.049s][info][gc] GC(1053) Pause Full (Allocation Failure) 14M->9M(15M) 16.992ms
[51.057s][info][gc] GC(1054) Pause Young (Allocation Failure) 14M->14M(15M) 0.024ms
[51.073s][info][gc] GC(1055) Pause Full (Allocation Failure) 14M->10M(15M) 16.850ms
[51.081s][info][gc] GC(1056) Pause Young (Allocation Failure) 14M->14M(15M) 0.031ms
[51.099s][info][gc] GC(1057) Pause Full (Allocation Failure) 14M->10M(15M) 18.020ms
[51.106s][info][gc] GC(1058) Pause Young (Allocation Failure) 14M->14M(15M) 0.028ms
[51.124s][info][gc] GC(1059) Pause Full (Allocation Failure) 14M->10M(15M) 17.555ms
[51.131s][info][gc] GC(1060) Pause Young (Allocation Failure) 14M->14M(15M) 0.028ms
[51.149s][info][gc] GC(1061) Pause Full (Allocation Failure) 14M->10M(15M) 17.955ms
[51.157s][info][gc] GC(1062) Pause Young (Allocation Failure) 14M->14M(15M) 0.026ms
[51.174s][info][gc] GC(1063) Pause Full (Allocation Failure) 14M->10M(15M) 17.071ms
[51.182s][info][gc] GC(1064) Pause Young (Allocation Failure) 14M->14M(15M) 0.025ms
[51.199s][info][gc] GC(1065) Pause Full (Allocation Failure) 14M->10M(15M) 16.945ms
[51.206s][info][gc] GC(1066) Pause Young (Allocation Failure) 14M->14M(15M) 0.025ms
[51.223s][info][gc] GC(1067) Pause Full (Allocation Failure) 14M->10M(15M) 17.030ms
[51.231s][info][gc] GC(1068) Pause Young (Allocation Failure) 14M->14M(15M) 0.025ms
[51.248s][info][gc] GC(1069) Pause Full (Allocation Failure) 14M->10M(15M) 16.808ms
[51.255s][info][gc] GC(1070) Pause Young (Allocation Failure) 14M->14M(15M) 0.028ms
[51.272s][info][gc] GC(1071) Pause Full (Allocation Failure) 14M->10M(15M) 17.178ms
[51.280s][info][gc] GC(1072) Pause Young (Allocation Failure) 14M->14M(15M) 0.026ms
[51.297s][info][gc] GC(1073) Pause Full (Allocation Failure) 14M->10M(15M) 17.245ms
[51.305s][info][gc] GC(1074) Pause Young (Allocation Failure) 14M->14M(15M) 0.027ms
[51.322s][info][gc] GC(1075) Pause Full (Allocation Failure) 14M->10M(15M) 17.221ms
[51.329s][info][gc] GC(1076) Pause Young (Allocation Failure) 14M->14M(15M) 0.027ms
[51.347s][info][gc] GC(1077) Pause Full (Allocation Failure) 14M->10M(15M) 17.262ms
[51.354s][info][gc] GC(1078) Pause Young (Allocation Failure) 14M->14M(15M) 0.026ms
[51.371s][info][gc] GC(1079) Pause Full (Allocation Failure) 14M->10M(15M) 17.039ms
[51.379s][info][gc] GC(1080) Pause Young (Allocation Failure) 14M->14M(15M) 0.025ms
[51.396s][info][gc] GC(1081) Pause Full (Allocation Failure) 14M->10M(15M) 17.191ms
[51.403s][info][gc] GC(1082) Pause Young (Allocation Failure) 14M->14M(15M) 0.024ms
[51.420s][info][gc] GC(1083) Pause Full (Allocation Failure) 14M->10M(15M) 17.031ms
[51.427s][info][gc] GC(1084) Pause Young (Allocation Failure) 14M->14M(15M) 0.028ms
[51.444s][info][gc] GC(1085) Pause Full (Allocation Failure) 14M->10M(15M) 17.152ms
[51.452s][info][gc] GC(1086) Pause Young (Allocation Failure) 14M->14M(15M) 0.025ms
[51.469s][info][gc] GC(1087) Pause Full (Allocation Failure) 14M->10M(15M) 16.963ms
[51.476s][info][gc] GC(1088) Pause Young (Allocation Failure) 14M->14M(15M) 0.026ms
[51.493s][info][gc] GC(1089) Pause Full (Allocation Failure) 14M->10M(15M) 17.101ms
[51.501s][info][gc] GC(1090) Pause Young (Allocation Failure) 14M->14M(15M) 0.025ms
[51.518s][info][gc] GC(1091) Pause Full (Allocation Failure) 14M->10M(15M) 16.917ms
[51.525s][info][gc] GC(1092) Pause Young (Allocation Failure) 14M->14M(15M) 0.025ms
[51.542s][info][gc] GC(1093) Pause Full (Allocation Failure) 14M->10M(15M) 16.925ms
[51.550s][info][gc] GC(1094) Pause Young (Allocation Failure) 14M->14M(15M) 0.025ms
[51.566s][info][gc] GC(1095) Pause Full (Allocation Failure) 14M->10M(15M) 16.810ms
[51.574s][info][gc] GC(1096) Pause Young (Allocation Failure) 14M->14M(15M) 0.026ms
[51.591s][info][gc] GC(1097) Pause Full (Allocation Failure) 14M->10M(15M) 16.999ms
[51.598s][info][gc] GC(1098) Pause Young (Allocation Failure) 14M->14M(15M) 0.027ms
[51.615s][info][gc] GC(1099) Pause Full (Allocation Failure) 14M->10M(15M) 17.362ms
[51.623s][info][gc] GC(1100) Pause Young (Allocation Failure) 14M->14M(15M) 0.026ms
[51.640s][info][gc] GC(1101) Pause Full (Allocation Failure) 14M->10M(15M) 16.857ms
[51.647s][info][gc] GC(1102) Pause Young (Allocation Failure) 14M->14M(15M) 0.027ms
[51.664s][info][gc] GC(1103) Pause Full (Allocation Failure) 14M->10M(15M) 16.816ms
[51.671s][info][gc] GC(1104) Pause Young (Allocation Failure) 14M->14M(15M) 0.025ms
[51.688s][info][gc] GC(1105) Pause Full (Allocation Failure) 14M->10M(15M) 17.071ms
[51.696s][info][gc] GC(1106) Pause Young (Allocation Failure) 14M->14M(15M) 0.026ms
[51.713s][info][gc] GC(1107) Pause Full (Allocation Failure) 14M->10M(15M) 17.172ms
[51.721s][info][gc] GC(1108) Pause Young (Allocation Failure) 14M->14M(15M) 0.026ms
[51.738s][info][gc] GC(1109) Pause Full (Allocation Failure) 14M->10M(15M) 17.174ms
[51.746s][info][gc] GC(1110) Pause Young (Allocation Failure) 14M->14M(15M) 0.027ms
[51.763s][info][gc] GC(1111) Pause Full (Allocation Failure) 14M->10M(15M) 17.041ms
[51.770s][info][gc] GC(1112) Pause Young (Allocation Failure) 14M->14M(15M) 0.027ms
[51.787s][info][gc] GC(1113) Pause Full (Allocation Failure) 14M->10M(15M) 17.307ms
[51.795s][info][gc] GC(1114) Pause Young (Allocation Failure) 14M->14M(15M) 0.032ms
[51.814s][info][gc] GC(1115) Pause Full (Allocation Failure) 14M->10M(15M) 18.801ms
[51.821s][info][gc] GC(1116) Pause Young (Allocation Failure) 14M->14M(15M) 0.032ms
[51.839s][info][gc] GC(1117) Pause Full (Allocation Failure) 14M->9M(15M) 17.517ms
[51.846s][info][gc] GC(1118) Pause Young (Allocation Failure) 14M->14M(15M) 0.025ms
[51.864s][info][gc] GC(1119) Pause Full (Allocation Failure) 14M->10M(15M) 17.537ms
[51.871s][info][gc] GC(1120) Pause Young (Allocation Failure) 14M->14M(15M) 0.028ms
[51.889s][info][gc] GC(1121) Pause Full (Allocation Failure) 14M->10M(15M) 17.915ms
[51.896s][info][gc] GC(1122) Pause Young (Allocation Failure) 14M->14M(15M) 0.024ms
[51.914s][info][gc] GC(1123) Pause Full (Allocation Failure) 14M->10M(15M) 17.507ms
[51.921s][info][gc] GC(1124) Pause Young (Allocation Failure) 14M->14M(15M) 0.027ms
[51.939s][info][gc] GC(1125) Pause Full (Allocation Failure) 14M->10M(15M) 17.373ms
[51.946s][info][gc] GC(1126) Pause Young (Allocation Failure) 14M->14M(15M) 0.027ms
[51.963s][info][gc] GC(1127) Pause Full (Allocation Failure) 14M->10M(15M) 17.411ms
[51.971s][info][gc] GC(1128) Pause Young (Allocation Failure) 14M->14M(15M) 0.026ms
[51.988s][info][gc] GC(1129) Pause Full (Allocation Failure) 14M->10M(15M) 17.005ms
[51.995s][info][gc] GC(1130) Pause Young (Allocation Failure) 14M->14M(15M) 0.026ms
[52.013s][info][gc] GC(1131) Pause Full (Allocation Failure) 14M->10M(15M) 17.291ms
[52.040s][info][gc] GC(1132) Pause Full (Allocation Failure) 15M->10M(15M) 17.945ms
[52.048s][info][gc] GC(1133) Pause Young (Allocation Failure) 14M->14M(15M) 0.026ms
[52.065s][info][gc] GC(1134) Pause Full (Allocation Failure) 14M->10M(15M) 17.074ms
[52.072s][info][gc] GC(1135) Pause Young (Allocation Failure) 14M->14M(15M) 0.024ms
[52.090s][info][gc] GC(1136) Pause Full (Allocation Failure) 14M->10M(15M) 17.369ms
[52.097s][info][gc] GC(1137) Pause Young (Allocation Failure) 14M->14M(15M) 0.024ms
[52.115s][info][gc] GC(1138) Pause Full (Allocation Failure) 14M->10M(15M) 17.574ms
[52.144s][info][gc] GC(1139) Pause Full (Allocation Failure) 15M->10M(15M) 18.774ms
[52.151s][info][gc] GC(1140) Pause Young (Allocation Failure) 14M->14M(15M) 0.027ms
[52.169s][info][gc] GC(1141) Pause Full (Allocation Failure) 14M->10M(15M) 17.417ms
[52.176s][info][gc] GC(1142) Pause Young (Allocation Failure) 14M->14M(15M) 0.028ms
[52.193s][info][gc] GC(1143) Pause Full (Allocation Failure) 14M->10M(15M) 17.191ms
[52.221s][info][gc] GC(1144) Pause Full (Allocation Failure) 15M->11M(15M) 17.911ms
[52.247s][info][gc] GC(1145) Pause Full (Allocation Failure) 15M->10M(15M) 17.389ms
[52.255s][info][gc] GC(1146) Pause Young (Allocation Failure) 14M->14M(15M) 0.027ms
[52.272s][info][gc] GC(1147) Pause Full (Allocation Failure) 14M->10M(15M) 17.193ms
[52.279s][info][gc] GC(1148) Pause Young (Allocation Failure) 14M->14M(15M) 0.026ms
[52.297s][info][gc] GC(1149) Pause Full (Allocation Failure) 14M->10M(15M) 17.192ms
[52.325s][info][gc] GC(1150) Pause Full (Allocation Failure) 15M->11M(15M) 18.362ms
[52.351s][info][gc] GC(1151) Pause Full (Allocation Failure) 15M->10M(15M) 17.506ms
[52.359s][info][gc] GC(1152) Pause Young (Allocation Failure) 14M->14M(15M) 0.028ms
[52.376s][info][gc] GC(1153) Pause Full (Allocation Failure) 14M->10M(15M) 17.727ms
[52.404s][info][gc] GC(1154) Pause Full (Allocation Failure) 15M->11M(15M) 18.139ms
[52.430s][info][gc] GC(1155) Pause Full (Allocation Failure) 15M->10M(15M) 17.380ms
[52.458s][info][gc] GC(1156) Pause Full (Allocation Failure) 15M->10M(15M) 17.987ms
[52.466s][info][gc] GC(1157) Pause Young (Allocation Failure) 14M->14M(15M) 0.025ms
[52.483s][info][gc] GC(1158) Pause Full (Allocation Failure) 14M->10M(15M) 17.586ms
[52.511s][info][gc] GC(1159) Pause Full (Allocation Failure) 15M->11M(15M) 17.998ms
[52.537s][info][gc] GC(1160) Pause Full (Allocation Failure) 15M->10M(15M) 17.177ms
[52.545s][info][gc] GC(1161) Pause Young (Allocation Failure) 14M->14M(15M) 0.026ms
[52.562s][info][gc] GC(1162) Pause Full (Allocation Failure) 14M->10M(15M) 17.174ms
[52.569s][info][gc] GC(1163) Pause Young (Allocation Failure) 14M->14M(15M) 0.026ms
[52.587s][info][gc] GC(1164) Pause Full (Allocation Failure) 14M->10M(15M) 17.366ms
[52.614s][info][gc] GC(1165) Pause Full (Allocation Failure) 15M->11M(15M) 17.799ms
[52.641s][info][gc] GC(1166) Pause Full (Allocation Failure) 15M->10M(15M) 17.589ms
[52.668s][info][gc] GC(1167) Pause Full (Allocation Failure) 15M->10M(15M) 18.176ms
[52.676s][info][gc] GC(1168) Pause Young (Allocation Failure) 14M->14M(15M) 0.030ms
[52.693s][info][gc] GC(1169) Pause Full (Allocation Failure) 14M->10M(15M) 17.355ms
[52.721s][info][gc] GC(1170) Pause Full (Allocation Failure) 15M->11M(15M) 17.744ms
[52.748s][info][gc] GC(1171) Pause Full (Allocation Failure) 15M->10M(15M) 17.846ms
[52.775s][info][gc] GC(1172) Pause Full (Allocation Failure) 15M->10M(15M) 18.070ms
[52.803s][info][gc] GC(1173) Pause Full (Allocation Failure) 15M->11M(15M) 18.583ms
[52.832s][info][gc] GC(1174) Pause Full (Allocation Failure) 15M->10M(15M) 19.446ms
[52.839s][info][gc] GC(1175) Pause Young (Allocation Failure) 14M->14M(15M) 0.032ms
[52.857s][info][gc] GC(1176) Pause Full (Allocation Failure) 14M->10M(15M) 17.781ms
[52.885s][info][gc] GC(1177) Pause Full (Allocation Failure) 15M->10M(15M) 18.066ms
[52.913s][info][gc] GC(1178) Pause Full (Allocation Failure) 15M->11M(15M) 18.237ms
[52.940s][info][gc] GC(1179) Pause Full (Allocation Failure) 15M->10M(15M) 17.511ms
[52.967s][info][gc] GC(1180) Pause Full (Allocation Failure) 15M->11M(15M) 17.866ms
[52.993s][info][gc] GC(1181) Pause Full (Allocation Failure) 15M->10M(15M) 17.411ms
[53.001s][info][gc] GC(1182) Pause Young (Allocation Failure) 14M->14M(15M) 0.028ms
[53.018s][info][gc] GC(1183) Pause Full (Allocation Failure) 14M->10M(15M) 17.603ms
[53.046s][info][gc] GC(1184) Pause Full (Allocation Failure) 15M->11M(15M) 18.242ms
[53.073s][info][gc] GC(1185) Pause Full (Allocation Failure) 15M->10M(15M) 17.422ms
[53.100s][info][gc] GC(1186) Pause Full (Allocation Failure) 15M->10M(15M) 17.866ms
[53.108s][info][gc] GC(1187) Pause Young (Allocation Failure) 14M->14M(15M) 0.027ms
[53.125s][info][gc] GC(1188) Pause Full (Allocation Failure) 14M->10M(15M) 17.718ms
[53.153s][info][gc] GC(1189) Pause Full (Allocation Failure) 15M->11M(15M) 17.997ms
[53.179s][info][gc] GC(1190) Pause Full (Allocation Failure) 15M->10M(15M) 17.586ms
[53.207s][info][gc] GC(1191) Pause Full (Allocation Failure) 15M->10M(15M) 17.918ms
[53.235s][info][gc] GC(1192) Pause Full (Allocation Failure) 15M->11M(15M) 18.276ms
[53.261s][info][gc] GC(1193) Pause Full (Allocation Failure) 15M->10M(15M) 17.544ms
[53.268s][info][gc] GC(1194) Pause Young (Allocation Failure) 14M->14M(15M) 0.024ms
[53.286s][info][gc] GC(1195) Pause Full (Allocation Failure) 14M->10M(15M) 17.220ms
[53.313s][info][gc] GC(1196) Pause Full (Allocation Failure) 15M->10M(15M) 17.938ms
[53.321s][info][gc] GC(1197) Pause Young (Allocation Failure) 14M->14M(15M) 0.026ms
[53.338s][info][gc] GC(1198) Pause Full (Allocation Failure) 14M->10M(15M) 17.466ms
[53.366s][info][gc] GC(1199) Pause Full (Allocation Failure) 15M->11M(15M) 18.287ms
[53.393s][info][gc] GC(1200) Pause Full (Allocation Failure) 15M->10M(15M) 17.665ms
[53.420s][info][gc] GC(1201) Pause Full (Allocation Failure) 15M->10M(15M) 18.277ms
[53.448s][info][gc] GC(1202) Pause Full (Allocation Failure) 15M->11M(15M) 18.187ms
[53.475s][info][gc] GC(1203) Pause Full (Allocation Failure) 15M->10M(15M) 17.437ms
[53.502s][info][gc] GC(1204) Pause Full (Allocation Failure) 15M->11M(15M) 17.785ms
[53.529s][info][gc] GC(1205) Pause Full (Allocation Failure) 15M->10M(15M) 17.850ms
[53.537s][info][gc] GC(1206) Pause Young (Allocation Failure) 14M->14M(15M) 0.024ms
[53.554s][info][gc] GC(1207) Pause Full (Allocation Failure) 14M->10M(15M) 17.513ms
[53.582s][info][gc] GC(1208) Pause Full (Allocation Failure) 15M->11M(15M) 17.992ms
[53.609s][info][gc] GC(1209) Pause Full (Allocation Failure) 15M->10M(15M) 17.681ms
[53.636s][info][gc] GC(1210) Pause Full (Allocation Failure) 15M->10M(15M) 17.800ms
[53.643s][info][gc] GC(1211) Pause Young (Allocation Failure) 14M->14M(15M) 0.026ms
[53.661s][info][gc] GC(1212) Pause Full (Allocation Failure) 14M->10M(15M) 17.494ms
[53.688s][info][gc] GC(1213) Pause Full (Allocation Failure) 15M->11M(15M) 18.258ms
[53.715s][info][gc] GC(1214) Pause Full (Allocation Failure) 15M->10M(15M) 18.483ms
[53.743s][info][gc] GC(1215) Pause Full (Allocation Failure) 15M->10M(15M) 18.010ms
[53.771s][info][gc] GC(1216) Pause Full (Allocation Failure) 15M->11M(15M) 18.417ms
[53.797s][info][gc] GC(1217) Pause Full (Allocation Failure) 15M->10M(15M) 17.538ms
[53.826s][info][gc] GC(1218) Pause Full (Allocation Failure) 15M->11M(15M) 19.390ms
[53.853s][info][gc] GC(1219) Pause Full (Allocation Failure) 15M->10M(15M) 18.437ms
[53.861s][info][gc] GC(1220) Pause Young (Allocation Failure) 14M->14M(15M) 0.028ms
[53.879s][info][gc] GC(1221) Pause Full (Allocation Failure) 14M->10M(15M) 18.136ms
[53.907s][info][gc] GC(1222) Pause Full (Allocation Failure) 15M->11M(15M) 18.645ms
[53.934s][info][gc] GC(1223) Pause Full (Allocation Failure) 15M->10M(15M) 18.281ms
[53.962s][info][gc] GC(1224) Pause Full (Allocation Failure) 15M->10M(15M) 18.118ms
[53.970s][info][gc] GC(1225) Pause Young (Allocation Failure) 14M->14M(15M) 0.025ms
[53.987s][info][gc] GC(1226) Pause Full (Allocation Failure) 14M->10M(15M) 17.601ms
[54.015s][info][gc] GC(1227) Pause Full (Allocation Failure) 15M->11M(15M) 17.988ms
[54.042s][info][gc] GC(1228) Pause Full (Allocation Failure) 15M->10M(15M) 17.793ms
[54.069s][info][gc] GC(1229) Pause Full (Allocation Failure) 15M->10M(15M) 18.149ms
[54.077s][info][gc] GC(1230) Pause Young (Allocation Failure) 14M->14M(15M) 0.025ms
[54.095s][info][gc] GC(1231) Pause Full (Allocation Failure) 14M->10M(15M) 17.677ms
[54.122s][info][gc] GC(1232) Pause Full (Allocation Failure) 15M->11M(15M) 18.130ms
[54.150s][info][gc] GC(1233) Pause Full (Allocation Failure) 15M->10M(15M) 18.275ms
[54.177s][info][gc] GC(1234) Pause Full (Allocation Failure) 15M->10M(15M) 18.033ms
[54.184s][info][gc] GC(1235) Pause Young (Allocation Failure) 14M->14M(15M) 0.025ms
[54.202s][info][gc] GC(1236) Pause Full (Allocation Failure) 14M->10M(15M) 17.433ms
[54.230s][info][gc] GC(1237) Pause Full (Allocation Failure) 15M->11M(15M) 18.155ms
[54.256s][info][gc] GC(1238) Pause Full (Allocation Failure) 15M->10M(15M) 17.756ms
[54.284s][info][gc] GC(1239) Pause Full (Allocation Failure) 15M->10M(15M) 18.059ms
[54.312s][info][gc] GC(1240) Pause Full (Allocation Failure) 15M->11M(15M) 18.357ms
[54.338s][info][gc] GC(1241) Pause Full (Allocation Failure) 15M->10M(15M) 17.464ms
[54.366s][info][gc] GC(1242) Pause Full (Allocation Failure) 15M->11M(15M) 18.486ms
[54.392s][info][gc] GC(1243) Pause Full (Allocation Failure) 15M->10M(15M) 17.579ms
[54.399s][info][gc] GC(1244) Pause Young (Allocation Failure) 14M->14M(15M) 0.028ms
[54.417s][info][gc] GC(1245) Pause Full (Allocation Failure) 14M->10M(15M) 17.708ms
[54.445s][info][gc] GC(1246) Pause Full (Allocation Failure) 15M->11M(15M) 18.201ms
[54.472s][info][gc] GC(1247) Pause Full (Allocation Failure) 15M->10M(15M) 17.795ms
[54.499s][info][gc] GC(1248) Pause Full (Allocation Failure) 15M->10M(15M) 18.005ms
[54.527s][info][gc] GC(1249) Pause Full (Allocation Failure) 15M->11M(15M) 18.261ms
[54.553s][info][gc] GC(1250) Pause Full (Allocation Failure) 15M->10M(15M) 17.700ms
[54.581s][info][gc] GC(1251) Pause Full (Allocation Failure) 15M->11M(15M) 18.538ms
[54.607s][info][gc] GC(1252) Pause Full (Allocation Failure) 15M->10M(15M) 17.467ms
[54.614s][info][gc] GC(1253) Pause Young (Allocation Failure) 14M->14M(15M) 0.025ms
[54.632s][info][gc] GC(1254) Pause Full (Allocation Failure) 14M->10M(15M) 17.564ms
[54.659s][info][gc] GC(1255) Pause Full (Allocation Failure) 15M->11M(15M) 18.040ms
[54.685s][info][gc] GC(1256) Pause Full (Allocation Failure) 15M->10M(15M) 17.406ms
[54.713s][info][gc] GC(1257) Pause Full (Allocation Failure) 15M->10M(15M) 18.098ms
[54.741s][info][gc] GC(1258) Pause Full (Allocation Failure) 15M->11M(15M) 18.352ms
[54.768s][info][gc] GC(1259) Pause Full (Allocation Failure) 15M->10M(15M) 18.016ms
[54.796s][info][gc] GC(1260) Pause Full (Allocation Failure) 15M->11M(15M) 18.426ms
[54.823s][info][gc] GC(1261) Pause Full (Allocation Failure) 15M->10M(15M) 18.680ms
[54.831s][info][gc] GC(1262) Pause Young (Allocation Failure) 14M->14M(15M) 0.031ms
[54.849s][info][gc] GC(1263) Pause Full (Allocation Failure) 14M->10M(15M) 18.370ms
[54.877s][info][gc] GC(1264) Pause Full (Allocation Failure) 15M->11M(15M) 18.566ms
[54.904s][info][gc] GC(1265) Pause Full (Allocation Failure) 15M->10M(15M) 17.757ms
[54.932s][info][gc] GC(1266) Pause Full (Allocation Failure) 15M->10M(15M) 18.957ms
[54.960s][info][gc] GC(1267) Pause Full (Allocation Failure) 15M->11M(15M) 18.336ms
[54.986s][info][gc] GC(1268) Pause Full (Allocation Failure) 15M->10M(15M) 17.550ms
[55.014s][info][gc] GC(1269) Pause Full (Allocation Failure) 15M->11M(15M) 18.489ms
[55.041s][info][gc] GC(1270) Pause Full (Allocation Failure) 15M->10M(15M) 17.581ms
[55.048s][info][gc] GC(1271) Pause Young (Allocation Failure) 14M->14M(15M) 0.025ms
[55.066s][info][gc] GC(1272) Pause Full (Allocation Failure) 14M->10M(15M) 17.721ms
[55.093s][info][gc] GC(1273) Pause Full (Allocation Failure) 15M->11M(15M) 18.007ms
[55.119s][info][gc] GC(1274) Pause Full (Allocation Failure) 15M->11M(15M) 17.933ms
[55.146s][info][gc] GC(1275) Pause Full (Allocation Failure) 15M->10M(15M) 18.455ms
[55.154s][info][gc] GC(1276) Pause Young (Allocation Failure) 14M->14M(15M) 0.028ms
[55.172s][info][gc] GC(1277) Pause Full (Allocation Failure) 14M->10M(15M) 18.148ms
[55.199s][info][gc] GC(1278) Pause Full (Allocation Failure) 15M->11M(15M) 18.038ms
[55.225s][info][gc] GC(1279) Pause Full (Allocation Failure) 15M->10M(15M) 17.737ms
[55.253s][info][gc] GC(1280) Pause Full (Allocation Failure) 15M->10M(15M) 18.211ms
[55.281s][info][gc] GC(1281) Pause Full (Allocation Failure) 15M->11M(15M) 18.528ms
[55.307s][info][gc] GC(1282) Pause Full (Allocation Failure) 15M->10M(15M) 17.834ms
[55.335s][info][gc] GC(1283) Pause Full (Allocation Failure) 15M->11M(15M) 18.385ms
[55.361s][info][gc] GC(1284) Pause Full (Allocation Failure) 15M->10M(15M) 18.027ms
[55.369s][info][gc] GC(1285) Pause Young (Allocation Failure) 14M->14M(15M) 0.026ms
[55.387s][info][gc] GC(1286) Pause Full (Allocation Failure) 14M->11M(15M) 18.087ms
[55.414s][info][gc] GC(1287) Pause Full (Allocation Failure) 15M->11M(15M) 18.346ms
[55.441s][info][gc] GC(1288) Pause Full (Allocation Failure) 15M->10M(15M) 18.048ms
[55.469s][info][gc] GC(1289) Pause Full (Allocation Failure) 15M->10M(15M) 18.535ms
[55.497s][info][gc] GC(1290) Pause Full (Allocation Failure) 15M->11M(15M) 18.574ms
[55.523s][info][gc] GC(1291) Pause Full (Allocation Failure) 15M->10M(15M) 17.731ms
[55.551s][info][gc] GC(1292) Pause Full (Allocation Failure) 15M->11M(15M) 18.439ms
[55.577s][info][gc] GC(1293) Pause Full (Allocation Failure) 15M->10M(15M) 17.682ms
[55.584s][info][gc] GC(1294) Pause Young (Allocation Failure) 14M->14M(15M) 0.026ms
[55.602s][info][gc] GC(1295) Pause Full (Allocation Failure) 14M->11M(15M) 17.792ms
[55.630s][info][gc] GC(1296) Pause Full (Allocation Failure) 15M->11M(15M) 18.515ms
[55.656s][info][gc] GC(1297) Pause Full (Allocation Failure) 15M->10M(15M) 18.252ms
[55.684s][info][gc] GC(1298) Pause Full (Allocation Failure) 15M->10M(15M) 18.533ms
[55.712s][info][gc] GC(1299) Pause Full (Allocation Failure) 15M->11M(15M) 18.451ms
[55.738s][info][gc] GC(1300) Pause Full (Allocation Failure) 15M->10M(15M) 17.684ms
[55.766s][info][gc] GC(1301) Pause Full (Allocation Failure) 15M->11M(15M) 18.406ms
[55.793s][info][gc] GC(1302) Pause Full (Allocation Failure) 15M->10M(15M) 18.481ms
[55.800s][info][gc] GC(1303) Pause Young (Allocation Failure) 14M->14M(15M) 0.032ms
[55.819s][info][gc] GC(1304) Pause Full (Allocation Failure) 14M->11M(15M) 19.011ms
[55.847s][info][gc] GC(1305) Pause Full (Allocation Failure) 15M->11M(15M) 18.471ms
[55.874s][info][gc] GC(1306) Pause Full (Allocation Failure) 15M->11M(15M) 18.316ms
[55.901s][info][gc] GC(1307) Pause Full (Allocation Failure) 15M->10M(15M) 18.228ms
[55.908s][info][gc] GC(1308) Pause Young (Allocation Failure) 14M->14M(15M) 0.027ms
[55.926s][info][gc] GC(1309) Pause Full (Allocation Failure) 14M->11M(15M) 18.080ms
[55.954s][info][gc] GC(1310) Pause Full (Allocation Failure) 15M->11M(15M) 18.006ms
[55.981s][info][gc] GC(1311) Pause Full (Allocation Failure) 15M->11M(15M) 18.443ms
[56.008s][info][gc] GC(1312) Pause Full (Allocation Failure) 15M->10M(15M) 18.027ms
[56.015s][info][gc] GC(1313) Pause Young (Allocation Failure) 14M->14M(15M) 0.026ms
[56.033s][info][gc] GC(1314) Pause Full (Allocation Failure) 14M->11M(15M) 17.682ms
[56.060s][info][gc] GC(1315) Pause Full (Allocation Failure) 15M->11M(15M) 18.032ms
[56.087s][info][gc] GC(1316) Pause Full (Allocation Failure) 15M->11M(15M) 18.142ms
[56.114s][info][gc] GC(1317) Pause Full (Allocation Failure) 15M->10M(15M) 17.876ms
[56.121s][info][gc] GC(1318) Pause Young (Allocation Failure) 14M->14M(15M) 0.025ms
[56.139s][info][gc] GC(1319) Pause Full (Allocation Failure) 14M->11M(15M) 18.002ms
[56.167s][info][gc] GC(1320) Pause Full (Allocation Failure) 15M->11M(15M) 18.718ms
[56.194s][info][gc] GC(1321) Pause Full (Allocation Failure) 15M->11M(15M) 18.039ms
[56.221s][info][gc] GC(1322) Pause Full (Allocation Failure) 15M->10M(15M) 17.923ms
[56.249s][info][gc] GC(1323) Pause Full (Allocation Failure) 15M->11M(15M) 18.468ms
[56.275s][info][gc] GC(1324) Pause Full (Allocation Failure) 15M->10M(15M) 17.474ms
[56.303s][info][gc] GC(1325) Pause Full (Allocation Failure) 15M->11M(15M) 18.604ms
[56.329s][info][gc] GC(1326) Pause Full (Allocation Failure) 15M->10M(15M) 17.913ms
[56.337s][info][gc] GC(1327) Pause Young (Allocation Failure) 14M->14M(15M) 0.025ms
[56.355s][info][gc] GC(1328) Pause Full (Allocation Failure) 14M->11M(15M) 17.907ms
[56.382s][info][gc] GC(1329) Pause Full (Allocation Failure) 15M->11M(15M) 18.101ms
[56.409s][info][gc] GC(1330) Pause Full (Allocation Failure) 15M->11M(15M) 18.494ms
[56.436s][info][gc] GC(1331) Pause Full (Allocation Failure) 15M->10M(15M) 18.137ms
[56.464s][info][gc] GC(1332) Pause Full (Allocation Failure) 15M->11M(15M) 19.339ms
[56.490s][info][gc] GC(1333) Pause Full (Allocation Failure) 15M->10M(15M) 17.796ms
[56.519s][info][gc] GC(1334) Pause Full (Allocation Failure) 15M->11M(15M) 19.507ms
[56.545s][info][gc] GC(1335) Pause Full (Allocation Failure) 15M->10M(15M) 17.540ms
[56.552s][info][gc] GC(1336) Pause Young (Allocation Failure) 14M->14M(15M) 0.025ms
[56.570s][info][gc] GC(1337) Pause Full (Allocation Failure) 14M->11M(15M) 17.892ms
[56.597s][info][gc] GC(1338) Pause Full (Allocation Failure) 15M->11M(15M) 18.015ms
[56.625s][info][gc] GC(1339) Pause Full (Allocation Failure) 15M->11M(15M) 18.185ms
[56.652s][info][gc] GC(1340) Pause Full (Allocation Failure) 15M->10M(15M) 17.973ms
[56.659s][info][gc] GC(1341) Pause Young (Allocation Failure) 14M->14M(15M) 0.024ms
[56.677s][info][gc] GC(1342) Pause Full (Allocation Failure) 14M->11M(15M) 18.048ms
[56.705s][info][gc] GC(1343) Pause Full (Allocation Failure) 15M->11M(15M) 18.185ms
[56.732s][info][gc] GC(1344) Pause Full (Allocation Failure) 15M->11M(15M) 18.050ms
[56.759s][info][gc] GC(1345) Pause Full (Allocation Failure) 15M->10M(15M) 18.118ms
[56.787s][info][gc] GC(1346) Pause Full (Allocation Failure) 15M->11M(15M) 18.736ms
[56.812s][info][gc] GC(1347) Pause Full (Allocation Failure) 15M->10M(15M) 17.684ms
[56.841s][info][gc] GC(1348) Pause Full (Allocation Failure) 15M->11M(15M) 19.491ms
[56.868s][info][gc] GC(1349) Pause Full (Allocation Failure) 15M->10M(15M) 18.500ms
[56.875s][info][gc] GC(1350) Pause Young (Allocation Failure) 14M->14M(15M) 0.028ms
[56.893s][info][gc] GC(1351) Pause Full (Allocation Failure) 14M->11M(15M) 18.228ms
[56.921s][info][gc] GC(1352) Pause Full (Allocation Failure) 15M->11M(15M) 18.506ms
[56.948s][info][gc] GC(1353) Pause Full (Allocation Failure) 15M->11M(15M) 17.857ms
[56.975s][info][gc] GC(1354) Pause Full (Allocation Failure) 15M->10M(15M) 18.323ms
[57.004s][info][gc] GC(1355) Pause Full (Allocation Failure) 15M->11M(15M) 18.681ms
[57.030s][info][gc] GC(1356) Pause Full (Allocation Failure) 15M->10M(15M) 17.758ms
[57.058s][info][gc] GC(1357) Pause Full (Allocation Failure) 15M->11M(15M) 18.457ms
[57.084s][info][gc] GC(1358) Pause Full (Allocation Failure) 15M->10M(15M) 17.973ms
[57.091s][info][gc] GC(1359) Pause Young (Allocation Failure) 14M->14M(15M) 0.026ms
[57.109s][info][gc] GC(1360) Pause Full (Allocation Failure) 14M->11M(15M) 17.910ms
[57.136s][info][gc] GC(1361) Pause Full (Allocation Failure) 15M->11M(15M) 18.164ms
[57.164s][info][gc] GC(1362) Pause Full (Allocation Failure) 15M->11M(15M) 18.377ms
[57.190s][info][gc] GC(1363) Pause Full (Allocation Failure) 15M->10M(15M) 18.226ms
[57.219s][info][gc] GC(1364) Pause Full (Allocation Failure) 15M->11M(15M) 18.915ms
[57.244s][info][gc] GC(1365) Pause Full (Allocation Failure) 15M->10M(15M) 17.347ms
[57.252s][info][gc] GC(1366) Pause Young (Allocation Failure) 14M->14M(15M) 0.025ms
[57.270s][info][gc] GC(1367) Pause Full (Allocation Failure) 14M->11M(15M) 17.935ms
[57.297s][info][gc] GC(1368) Pause Full (Allocation Failure) 15M->10M(15M) 17.934ms
[57.304s][info][gc] GC(1369) Pause Young (Allocation Failure) 14M->14M(15M) 0.026ms
[57.322s][info][gc] GC(1370) Pause Full (Allocation Failure) 14M->11M(15M) 18.079ms
[57.349s][info][gc] GC(1371) Pause Full (Allocation Failure) 15M->11M(15M) 17.920ms
[57.377s][info][gc] GC(1372) Pause Full (Allocation Failure) 15M->11M(15M) 18.511ms
[57.404s][info][gc] GC(1373) Pause Full (Allocation Failure) 15M->10M(15M) 18.182ms
[57.411s][info][gc] GC(1374) Pause Young (Allocation Failure) 14M->14M(15M) 0.027ms
[57.430s][info][gc] GC(1375) Pause Full (Allocation Failure) 14M->11M(15M) 18.463ms
[57.457s][info][gc] GC(1376) Pause Full (Allocation Failure) 15M->11M(15M) 18.246ms
[57.484s][info][gc] GC(1377) Pause Full (Allocation Failure) 15M->11M(15M) 18.122ms
[57.511s][info][gc] GC(1378) Pause Full (Allocation Failure) 15M->10M(15M) 17.884ms
[57.539s][info][gc] GC(1379) Pause Full (Allocation Failure) 15M->11M(15M) 18.825ms
[57.565s][info][gc] GC(1380) Pause Full (Allocation Failure) 15M->10M(15M) 17.679ms
[57.572s][info][gc] GC(1381) Pause Young (Allocation Failure) 14M->14M(15M) 0.026ms
[57.591s][info][gc] GC(1382) Pause Full (Allocation Failure) 14M->11M(15M) 18.160ms
[57.617s][info][gc] GC(1383) Pause Full (Allocation Failure) 15M->10M(15M) 18.021ms
[57.625s][info][gc] GC(1384) Pause Young (Allocation Failure) 14M->14M(15M) 0.026ms
[57.643s][info][gc] GC(1385) Pause Full (Allocation Failure) 14M->11M(15M) 18.016ms
[57.670s][info][gc] GC(1386) Pause Full (Allocation Failure) 15M->11M(15M) 18.018ms
[57.697s][info][gc] GC(1387) Pause Full (Allocation Failure) 15M->11M(15M) 17.969ms
[57.724s][info][gc] GC(1388) Pause Full (Allocation Failure) 15M->10M(15M) 18.224ms
[57.752s][info][gc] GC(1389) Pause Full (Allocation Failure) 15M->11M(15M) 18.790ms
[57.778s][info][gc] GC(1390) Pause Full (Allocation Failure) 15M->10M(15M) 17.541ms
[57.806s][info][gc] GC(1391) Pause Full (Allocation Failure) 15M->11M(15M) 18.743ms
[57.833s][info][gc] GC(1392) Pause Full (Allocation Failure) 15M->10M(15M) 18.394ms
[57.840s][info][gc] GC(1393) Pause Young (Allocation Failure) 14M->14M(15M) 0.032ms
[57.858s][info][gc] GC(1394) Pause Full (Allocation Failure) 14M->11M(15M) 18.342ms
[57.885s][info][gc] GC(1395) Pause Full (Allocation Failure) 15M->11M(15M) 18.277ms
[57.913s][info][gc] GC(1396) Pause Full (Allocation Failure) 15M->11M(15M) 18.417ms
[57.940s][info][gc] GC(1397) Pause Full (Allocation Failure) 15M->10M(15M) 18.584ms
[57.968s][info][gc] GC(1398) Pause Full (Allocation Failure) 15M->11M(15M) 18.697ms
[57.994s][info][gc] GC(1399) Pause Full (Allocation Failure) 15M->10M(15M) 17.741ms
[58.021s][info][gc] GC(1400) Pause Full (Allocation Failure) 15M->11M(15M) 18.546ms
[58.047s][info][gc] GC(1401) Pause Full (Allocation Failure) 15M->10M(15M) 17.390ms
[58.054s][info][gc] GC(1402) Pause Young (Allocation Failure) 14M->14M(15M) 0.026ms
[58.073s][info][gc] GC(1403) Pause Full (Allocation Failure) 14M->11M(15M) 18.274ms
[58.100s][info][gc] GC(1404) Pause Full (Allocation Failure) 15M->11M(15M) 18.474ms
[58.127s][info][gc] GC(1405) Pause Full (Allocation Failure) 15M->11M(15M) 18.167ms
[58.154s][info][gc] GC(1406) Pause Full (Allocation Failure) 15M->10M(15M) 18.125ms
[58.161s][info][gc] GC(1407) Pause Young (Allocation Failure) 14M->14M(15M) 0.028ms
[58.180s][info][gc] GC(1408) Pause Full (Allocation Failure) 14M->11M(15M) 18.696ms
[58.207s][info][gc] GC(1409) Pause Full (Allocation Failure) 15M->11M(15M) 18.352ms
[58.234s][info][gc] GC(1410) Pause Full (Allocation Failure) 15M->11M(15M) 18.204ms
[58.261s][info][gc] GC(1411) Pause Full (Allocation Failure) 15M->10M(15M) 18.326ms
[58.290s][info][gc] GC(1412) Pause Full (Allocation Failure) 15M->11M(15M) 19.107ms
[58.315s][info][gc] GC(1413) Pause Full (Allocation Failure) 15M->10M(15M) 17.583ms
[58.343s][info][gc] GC(1414) Pause Full (Allocation Failure) 15M->11M(15M) 18.713ms
[58.369s][info][gc] GC(1415) Pause Full (Allocation Failure) 15M->10M(15M) 17.578ms
[58.377s][info][gc] GC(1416) Pause Young (Allocation Failure) 14M->14M(15M) 0.026ms
[58.395s][info][gc] GC(1417) Pause Full (Allocation Failure) 14M->11M(15M) 18.236ms
[58.422s][info][gc] GC(1418) Pause Full (Allocation Failure) 15M->11M(15M) 18.065ms
[58.450s][info][gc] GC(1419) Pause Full (Allocation Failure) 15M->11M(15M) 18.914ms
[58.476s][info][gc] GC(1420) Pause Full (Allocation Failure) 15M->10M(15M) 18.119ms
[58.483s][info][gc] GC(1421) Pause Young (Allocation Failure) 14M->14M(15M) 0.028ms
[58.502s][info][gc] GC(1422) Pause Full (Allocation Failure) 14M->11M(15M) 18.431ms
[58.529s][info][gc] GC(1423) Pause Full (Allocation Failure) 15M->11M(15M) 18.405ms
[58.556s][info][gc] GC(1424) Pause Full (Allocation Failure) 15M->11M(15M) 18.172ms
[58.583s][info][gc] GC(1425) Pause Full (Allocation Failure) 15M->10M(15M) 18.365ms
[58.612s][info][gc] GC(1426) Pause Full (Allocation Failure) 15M->11M(15M) 19.448ms
[58.638s][info][gc] GC(1427) Pause Full (Allocation Failure) 15M->10M(15M) 17.603ms
[58.645s][info][gc] GC(1428) Pause Young (Allocation Failure) 14M->14M(15M) 0.025ms
[58.663s][info][gc] GC(1429) Pause Full (Allocation Failure) 14M->11M(15M) 18.273ms
[58.690s][info][gc] GC(1430) Pause Full (Allocation Failure) 15M->10M(15M) 18.170ms
[58.718s][info][gc] GC(1431) Pause Full (Allocation Failure) 15M->11M(15M) 18.813ms
[58.744s][info][gc] GC(1432) Pause Full (Allocation Failure) 15M->10M(15M) 17.698ms
[58.772s][info][gc] GC(1433) Pause Full (Allocation Failure) 15M->11M(15M) 18.532ms
[58.798s][info][gc] GC(1434) Pause Full (Allocation Failure) 15M->10M(15M) 17.886ms
[58.806s][info][gc] GC(1435) Pause Young (Allocation Failure) 14M->14M(15M) 0.033ms
[58.825s][info][gc] GC(1436) Pause Full (Allocation Failure) 14M->11M(15M) 19.632ms
[58.852s][info][gc] GC(1437) Pause Full (Allocation Failure) 15M->11M(15M) 18.614ms
[58.880s][info][gc] GC(1438) Pause Full (Allocation Failure) 15M->11M(15M) 18.554ms
[58.907s][info][gc] GC(1439) Pause Full (Allocation Failure) 15M->10M(15M) 17.990ms
[58.914s][info][gc] GC(1440) Pause Young (Allocation Failure) 14M->14M(15M) 0.027ms
[58.932s][info][gc] GC(1441) Pause Full (Allocation Failure) 14M->11M(15M) 18.663ms
[58.960s][info][gc] GC(1442) Pause Full (Allocation Failure) 15M->11M(15M) 18.578ms
[58.986s][info][gc] GC(1443) Pause Full (Allocation Failure) 15M->11M(15M) 18.114ms
[59.013s][info][gc] GC(1444) Pause Full (Allocation Failure) 15M->10M(15M) 18.034ms
[59.042s][info][gc] GC(1445) Pause Full (Allocation Failure) 15M->11M(15M) 18.972ms
[59.067s][info][gc] GC(1446) Pause Full (Allocation Failure) 15M->10M(15M) 17.322ms
[59.074s][info][gc] GC(1447) Pause Young (Allocation Failure) 14M->14M(15M) 0.024ms
[59.092s][info][gc] GC(1448) Pause Full (Allocation Failure) 14M->11M(15M) 18.241ms
[59.119s][info][gc] GC(1449) Pause Full (Allocation Failure) 15M->10M(15M) 18.232ms
[59.148s][info][gc] GC(1450) Pause Full (Allocation Failure) 15M->11M(15M) 19.277ms
[59.173s][info][gc] GC(1451) Pause Full (Allocation Failure) 15M->10M(15M) 17.231ms
[59.180s][info][gc] GC(1452) Pause Young (Allocation Failure) 14M->14M(15M) 0.028ms
[59.199s][info][gc] GC(1453) Pause Full (Allocation Failure) 14M->11M(15M) 18.473ms
[59.226s][info][gc] GC(1454) Pause Full (Allocation Failure) 15M->10M(15M) 18.470ms
[59.253s][info][gc] GC(1455) Pause Full (Allocation Failure) 15M->11M(15M) 18.756ms
[59.279s][info][gc] GC(1456) Pause Full (Allocation Failure) 15M->10M(15M) 17.539ms
[59.308s][info][gc] GC(1457) Pause Full (Allocation Failure) 15M->11M(15M) 19.293ms
[59.334s][info][gc] GC(1458) Pause Full (Allocation Failure) 15M->10M(15M) 18.066ms
[59.341s][info][gc] GC(1459) Pause Young (Allocation Failure) 14M->14M(15M) 0.026ms
[59.360s][info][gc] GC(1460) Pause Full (Allocation Failure) 14M->11M(15M) 18.408ms
[59.386s][info][gc] GC(1461) Pause Full (Allocation Failure) 15M->11M(15M) 18.160ms
[59.413s][info][gc] GC(1462) Pause Full (Allocation Failure) 15M->11M(15M) 18.207ms
[59.440s][info][gc] GC(1463) Pause Full (Allocation Failure) 15M->10M(15M) 18.627ms
[59.469s][info][gc] GC(1464) Pause Full (Allocation Failure) 15M->11M(15M) 19.453ms
[59.495s][info][gc] GC(1465) Pause Full (Allocation Failure) 15M->10M(15M) 17.868ms
[59.523s][info][gc] GC(1466) Pause Full (Allocation Failure) 15M->11M(15M) 18.685ms
[59.549s][info][gc] GC(1467) Pause Full (Allocation Failure) 15M->10M(15M) 17.466ms
[59.556s][info][gc] GC(1468) Pause Young (Allocation Failure) 14M->14M(15M) 0.024ms
[59.574s][info][gc] GC(1469) Pause Full (Allocation Failure) 14M->11M(15M) 18.264ms
[59.601s][info][gc] GC(1470) Pause Full (Allocation Failure) 15M->11M(15M) 18.067ms
[59.629s][info][gc] GC(1471) Pause Full (Allocation Failure) 15M->11M(15M) 18.736ms
[59.655s][info][gc] GC(1472) Pause Full (Allocation Failure) 15M->10M(15M) 17.882ms
[59.684s][info][gc] GC(1473) Pause Full (Allocation Failure) 15M->12M(15M) 19.582ms
[59.709s][info][gc] GC(1474) Pause Full (Allocation Failure) 15M->10M(15M) 17.728ms
[59.716s][info][gc] GC(1475) Pause Young (Allocation Failure) 14M->14M(15M) 0.043ms
[59.735s][info][gc] GC(1476) Pause Full (Allocation Failure) 14M->11M(15M) 18.867ms
[59.762s][info][gc] GC(1477) Pause Full (Allocation Failure) 15M->10M(15M) 18.358ms
[59.769s][info][gc] GC(1478) Pause Young (Allocation Failure) 14M->14M(15M) 0.028ms
[59.788s][info][gc] GC(1479) Pause Full (Allocation Failure) 14M->11M(15M) 18.180ms
[59.814s][info][gc] GC(1480) Pause Full (Allocation Failure) 15M->11M(15M) 18.162ms
[59.842s][info][gc] GC(1481) Pause Full (Allocation Failure) 15M->11M(15M) 19.197ms
[59.869s][info][gc] GC(1482) Pause Full (Allocation Failure) 15M->10M(15M) 19.049ms
[59.898s][info][gc] GC(1483) Pause Full (Allocation Failure) 15M->11M(15M) 19.481ms
[59.924s][info][gc] GC(1484) Pause Full (Allocation Failure) 15M->10M(15M) 17.809ms
[59.953s][info][gc] GC(1485) Pause Full (Allocation Failure) 15M->11M(15M) 19.438ms
[59.979s][info][gc] GC(1486) Pause Full (Allocation Failure) 15M->10M(15M) 18.240ms
[59.986s][info][gc] GC(1487) Pause Young (Allocation Failure) 14M->14M(15M) 0.028ms
[60.005s][info][gc] GC(1488) Pause Full (Allocation Failure) 14M->11M(15M) 18.580ms
[60.032s][info][gc] GC(1489) Pause Full (Allocation Failure) 15M->11M(15M) 18.421ms
[60.059s][info][gc] GC(1490) Pause Full (Allocation Failure) 15M->11M(15M) 18.403ms
[60.085s][info][gc] GC(1491) Pause Full (Allocation Failure) 15M->10M(15M) 18.123ms
[60.114s][info][gc] GC(1492) Pause Full (Allocation Failure) 15M->12M(15M) 19.112ms
[60.139s][info][gc] GC(1493) Pause Full (Allocation Failure) 15M->10M(15M) 17.734ms
[60.168s][info][gc] GC(1494) Pause Full (Allocation Failure) 15M->12M(15M) 19.217ms
[60.194s][info][gc] GC(1495) Pause Full (Allocation Failure) 15M->10M(15M) 17.787ms
[60.201s][info][gc] GC(1496) Pause Young (Allocation Failure) 14M->14M(15M) 0.026ms
[60.219s][info][gc] GC(1497) Pause Full (Allocation Failure) 14M->11M(15M) 18.527ms
[60.245s][info][gc] GC(1498) Pause Full (Allocation Failure) 15M->11M(15M) 17.879ms
[60.273s][info][gc] GC(1499) Pause Full (Allocation Failure) 15M->11M(15M) 18.643ms
[60.299s][info][gc] GC(1500) Pause Full (Allocation Failure) 15M->10M(15M) 18.014ms
[60.306s][info][gc] GC(1501) Pause Young (Allocation Failure) 14M->14M(15M) 0.026ms
[60.325s][info][gc] GC(1502) Pause Full (Allocation Failure) 14M->11M(15M) 18.409ms
[60.351s][info][gc] GC(1503) Pause Full (Allocation Failure) 15M->11M(15M) 18.114ms
[60.378s][info][gc] GC(1504) Pause Full (Allocation Failure) 15M->11M(15M) 18.465ms
[60.404s][info][gc] GC(1505) Pause Full (Allocation Failure) 15M->10M(15M) 17.788ms
[60.411s][info][gc] GC(1506) Pause Young (Allocation Failure) 14M->14M(15M) 0.027ms
[60.430s][info][gc] GC(1507) Pause Full (Allocation Failure) 14M->11M(15M) 18.527ms
[60.456s][info][gc] GC(1508) Pause Full (Allocation Failure) 15M->11M(15M) 18.137ms
[60.484s][info][gc] GC(1509) Pause Full (Allocation Failure) 15M->11M(15M) 19.062ms
[60.510s][info][gc] GC(1510) Pause Full (Allocation Failure) 15M->10M(15M) 17.920ms
[60.517s][info][gc] GC(1511) Pause Young (Allocation Failure) 14M->14M(15M) 0.029ms
[60.537s][info][gc] GC(1512) Pause Full (Allocation Failure) 14M->11M(15M) 19.413ms
[60.563s][info][gc] GC(1513) Pause Full (Allocation Failure) 15M->11M(15M) 18.416ms
[60.591s][info][gc] GC(1514) Pause Full (Allocation Failure) 15M->11M(15M) 19.086ms
[60.617s][info][gc] GC(1515) Pause Full (Allocation Failure) 15M->10M(15M) 17.748ms
[60.624s][info][gc] GC(1516) Pause Young (Allocation Failure) 14M->14M(15M) 0.026ms
[60.643s][info][gc] GC(1517) Pause Full (Allocation Failure) 14M->11M(15M) 18.484ms
[60.669s][info][gc] GC(1518) Pause Full (Allocation Failure) 15M->11M(15M) 17.889ms
[60.696s][info][gc] GC(1519) Pause Full (Allocation Failure) 15M->11M(15M) 18.522ms
[60.723s][info][gc] GC(1520) Pause Full (Allocation Failure) 15M->10M(15M) 18.164ms
[60.751s][info][gc] GC(1521) Pause Full (Allocation Failure) 15M->12M(15M) 18.960ms
[60.776s][info][gc] GC(1522) Pause Full (Allocation Failure) 15M->10M(15M) 17.542ms
[60.804s][info][gc] GC(1523) Pause Full (Allocation Failure) 15M->11M(15M) 18.948ms
[60.831s][info][gc] GC(1524) Pause Full (Allocation Failure) 15M->10M(15M) 19.133ms
[60.838s][info][gc] GC(1525) Pause Young (Allocation Failure) 14M->14M(15M) 0.031ms
[60.857s][info][gc] GC(1526) Pause Full (Allocation Failure) 14M->11M(15M) 19.032ms
[60.884s][info][gc] GC(1527) Pause Full (Allocation Failure) 15M->11M(15M) 18.265ms
[60.912s][info][gc] GC(1528) Pause Full (Allocation Failure) 15M->11M(15M) 18.952ms
[60.938s][info][gc] GC(1529) Pause Full (Allocation Failure) 15M->10M(15M) 17.962ms
[60.966s][info][gc] GC(1530) Pause Full (Allocation Failure) 15M->12M(15M) 19.497ms
[60.992s][info][gc] GC(1531) Pause Full (Allocation Failure) 15M->10M(15M) 17.440ms
[61.020s][info][gc] GC(1532) Pause Full (Allocation Failure) 15M->12M(15M) 19.166ms
[61.045s][info][gc] GC(1533) Pause Full (Allocation Failure) 15M->10M(15M) 17.324ms
[61.052s][info][gc] GC(1534) Pause Young (Allocation Failure) 14M->14M(15M) 0.027ms
[61.071s][info][gc] GC(1535) Pause Full (Allocation Failure) 14M->11M(15M) 18.861ms
[61.097s][info][gc] GC(1536) Pause Full (Allocation Failure) 15M->11M(15M) 17.936ms
[61.124s][info][gc] GC(1537) Pause Full (Allocation Failure) 15M->11M(15M) 18.815ms
[61.150s][info][gc] GC(1538) Pause Full (Allocation Failure) 15M->10M(15M) 18.259ms
[61.179s][info][gc] GC(1539) Pause Full (Allocation Failure) 15M->12M(15M) 19.224ms
[61.204s][info][gc] GC(1540) Pause Full (Allocation Failure) 15M->10M(15M) 17.545ms
[61.233s][info][gc] GC(1541) Pause Full (Allocation Failure) 15M->12M(15M) 19.607ms
[61.257s][info][gc] GC(1542) Pause Full (Allocation Failure) 15M->10M(15M) 17.481ms
[61.265s][info][gc] GC(1543) Pause Young (Allocation Failure) 14M->14M(15M) 0.025ms
[61.283s][info][gc] GC(1544) Pause Full (Allocation Failure) 14M->11M(15M) 18.466ms
[61.309s][info][gc] GC(1545) Pause Full (Allocation Failure) 15M->11M(15M) 18.035ms
[61.336s][info][gc] GC(1546) Pause Full (Allocation Failure) 15M->11M(15M) 18.657ms
[61.362s][info][gc] GC(1547) Pause Full (Allocation Failure) 15M->10M(15M) 17.812ms
[61.391s][info][gc] GC(1548) Pause Full (Allocation Failure) 15M->12M(15M) 19.267ms
[61.416s][info][gc] GC(1549) Pause Full (Allocation Failure) 15M->10M(15M) 17.678ms
[61.423s][info][gc] GC(1550) Pause Young (Allocation Failure) 14M->14M(15M) 0.024ms
[61.442s][info][gc] GC(1551) Pause Full (Allocation Failure) 14M->11M(15M) 18.544ms
[61.468s][info][gc] GC(1552) Pause Full (Allocation Failure) 15M->10M(15M) 18.264ms
[61.497s][info][gc] GC(1553) Pause Full (Allocation Failure) 15M->12M(15M) 20.168ms
[61.521s][info][gc] GC(1554) Pause Full (Allocation Failure) 15M->10M(15M) 17.365ms
[61.529s][info][gc] GC(1555) Pause Young (Allocation Failure) 14M->14M(15M) 0.024ms
[61.547s][info][gc] GC(1556) Pause Full (Allocation Failure) 14M->11M(15M) 18.654ms
[61.573s][info][gc] GC(1557) Pause Full (Allocation Failure) 15M->10M(15M) 18.113ms
[61.602s][info][gc] GC(1558) Pause Full (Allocation Failure) 15M->12M(15M) 19.631ms
[61.627s][info][gc] GC(1559) Pause Full (Allocation Failure) 15M->10M(15M) 17.385ms
[61.656s][info][gc] GC(1560) Pause Full (Allocation Failure) 15M->12M(15M) 19.464ms
[61.681s][info][gc] GC(1561) Pause Full (Allocation Failure) 15M->10M(15M) 17.532ms
[61.688s][info][gc] GC(1562) Pause Young (Allocation Failure) 14M->14M(15M) 0.025ms
[61.706s][info][gc] GC(1563) Pause Full (Allocation Failure) 14M->11M(15M) 18.642ms
[61.732s][info][gc] GC(1564) Pause Full (Allocation Failure) 15M->11M(15M) 17.979ms
[61.760s][info][gc] GC(1565) Pause Full (Allocation Failure) 15M->11M(15M) 18.890ms
[61.786s][info][gc] GC(1566) Pause Full (Allocation Failure) 15M->10M(15M) 18.159ms
[61.815s][info][gc] GC(1567) Pause Full (Allocation Failure) 15M->12M(15M) 19.499ms
[61.841s][info][gc] GC(1568) Pause Full (Allocation Failure) 15M->10M(15M) 18.562ms
[61.870s][info][gc] GC(1569) Pause Full (Allocation Failure) 15M->12M(15M) 20.197ms
[61.896s][info][gc] GC(1570) Pause Full (Allocation Failure) 15M->10M(15M) 17.950ms
[61.903s][info][gc] GC(1571) Pause Young (Allocation Failure) 14M->14M(15M) 0.025ms
[61.922s][info][gc] GC(1572) Pause Full (Allocation Failure) 14M->11M(15M) 18.804ms
[61.948s][info][gc] GC(1573) Pause Full (Allocation Failure) 15M->11M(15M) 18.202ms
[61.976s][info][gc] GC(1574) Pause Full (Allocation Failure) 15M->11M(15M) 19.068ms
[62.002s][info][gc] GC(1575) Pause Full (Allocation Failure) 15M->10M(15M) 18.058ms
[62.031s][info][gc] GC(1576) Pause Full (Allocation Failure) 15M->12M(15M) 19.318ms
[62.055s][info][gc] GC(1577) Pause Full (Allocation Failure) 15M->10M(15M) 17.334ms
[62.084s][info][gc] GC(1578) Pause Full (Allocation Failure) 15M->12M(15M) 19.258ms
[62.109s][info][gc] GC(1579) Pause Full (Allocation Failure) 15M->10M(15M) 17.662ms
[62.116s][info][gc] GC(1580) Pause Young (Allocation Failure) 14M->14M(15M) 0.028ms
[62.135s][info][gc] GC(1581) Pause Full (Allocation Failure) 14M->11M(15M) 18.716ms
[62.161s][info][gc] GC(1582) Pause Full (Allocation Failure) 15M->11M(15M) 18.209ms
[62.188s][info][gc] GC(1583) Pause Full (Allocation Failure) 15M->11M(15M) 18.689ms
[62.215s][info][gc] GC(1584) Pause Full (Allocation Failure) 15M->10M(15M) 18.343ms
[62.244s][info][gc] GC(1585) Pause Full (Allocation Failure) 15M->12M(15M) 19.810ms
[62.268s][info][gc] GC(1586) Pause Full (Allocation Failure) 15M->10M(15M) 17.510ms
[62.297s][info][gc] GC(1587) Pause Full (Allocation Failure) 15M->12M(15M) 19.276ms
[62.322s][info][gc] GC(1588) Pause Full (Allocation Failure) 15M->10M(15M) 17.622ms
[62.329s][info][gc] GC(1589) Pause Young (Allocation Failure) 14M->14M(15M) 0.024ms
[62.347s][info][gc] GC(1590) Pause Full (Allocation Failure) 14M->11M(15M) 18.678ms
[62.373s][info][gc] GC(1591) Pause Full (Allocation Failure) 15M->11M(15M) 17.951ms
[62.400s][info][gc] GC(1592) Pause Full (Allocation Failure) 15M->11M(15M) 18.725ms
[62.426s][info][gc] GC(1593) Pause Full (Allocation Failure) 15M->10M(15M) 18.212ms
[62.434s][info][gc] GC(1594) Pause Young (Allocation Failure) 14M->14M(15M) 0.043ms
[62.453s][info][gc] GC(1595) Pause Full (Allocation Failure) 14M->11M(15M) 19.317ms
[62.479s][info][gc] GC(1596) Pause Full (Allocation Failure) 15M->11M(15M) 18.212ms
[62.508s][info][gc] GC(1597) Pause Full (Allocation Failure) 15M->11M(15M) 19.356ms
[62.533s][info][gc] GC(1598) Pause Full (Allocation Failure) 15M->10M(15M) 18.021ms
[62.541s][info][gc] GC(1599) Pause Young (Allocation Failure) 14M->14M(15M) 0.024ms
[62.559s][info][gc] GC(1600) Pause Full (Allocation Failure) 14M->11M(15M) 18.771ms
[62.585s][info][gc] GC(1601) Pause Full (Allocation Failure) 15M->11M(15M) 18.048ms
[62.613s][info][gc] GC(1602) Pause Full (Allocation Failure) 15M->11M(15M) 18.687ms
[62.639s][info][gc] GC(1603) Pause Full (Allocation Failure) 15M->10M(15M) 18.283ms
[62.668s][info][gc] GC(1604) Pause Full (Allocation Failure) 15M->12M(15M) 19.712ms
[62.692s][info][gc] GC(1605) Pause Full (Allocation Failure) 15M->10M(15M) 17.159ms
[62.699s][info][gc] GC(1606) Pause Young (Allocation Failure) 14M->14M(15M) 0.024ms
[62.717s][info][gc] GC(1607) Pause Full (Allocation Failure) 14M->12M(15M) 18.555ms
[62.743s][info][gc] GC(1608) Pause Full (Allocation Failure) 15M->10M(15M) 17.981ms
[62.751s][info][gc] GC(1609) Pause Young (Allocation Failure) 14M->14M(15M) 0.027ms
[62.770s][info][gc] GC(1610) Pause Full (Allocation Failure) 14M->11M(15M) 18.966ms
[62.795s][info][gc] GC(1611) Pause Full (Allocation Failure) 15M->11M(15M) 17.898ms
[62.824s][info][gc] GC(1612) Pause Full (Allocation Failure) 15M->11M(15M) 20.200ms
[62.850s][info][gc] GC(1613) Pause Full (Allocation Failure) 15M->10M(15M) 18.249ms
[62.858s][info][gc] GC(1614) Pause Young (Allocation Failure) 14M->14M(15M) 0.025ms
[62.876s][info][gc] GC(1615) Pause Full (Allocation Failure) 14M->11M(15M) 18.892ms
[62.902s][info][gc] GC(1616) Pause Full (Allocation Failure) 15M->11M(15M) 17.937ms
[62.930s][info][gc] GC(1617) Pause Full (Allocation Failure) 15M->11M(15M) 18.927ms
[62.955s][info][gc] GC(1618) Pause Full (Allocation Failure) 15M->10M(15M) 17.923ms
[62.985s][info][gc] GC(1619) Pause Full (Allocation Failure) 15M->12M(15M) 20.127ms
[63.009s][info][gc] GC(1620) Pause Full (Allocation Failure) 15M->10M(15M) 17.636ms
[63.037s][info][gc] GC(1621) Pause Full (Allocation Failure) 15M->12M(15M) 19.461ms
[63.062s][info][gc] GC(1622) Pause Full (Allocation Failure) 15M->10M(15M) 17.345ms
[63.069s][info][gc] GC(1623) Pause Young (Allocation Failure) 14M->14M(15M) 0.026ms
[63.088s][info][gc] GC(1624) Pause Full (Allocation Failure) 14M->11M(15M) 18.822ms
[63.114s][info][gc] GC(1625) Pause Full (Allocation Failure) 15M->11M(15M) 18.061ms
[63.141s][info][gc] GC(1626) Pause Full (Allocation Failure) 15M->11M(15M) 18.858ms
[63.168s][info][gc] GC(1627) Pause Full (Allocation Failure) 15M->10M(15M) 18.829ms
[63.196s][info][gc] GC(1628) Pause Full (Allocation Failure) 15M->12M(15M) 19.304ms
[63.222s][info][gc] GC(1629) Pause Full (Allocation Failure) 15M->10M(15M) 17.767ms
[63.250s][info][gc] GC(1630) Pause Full (Allocation Failure) 15M->12M(15M) 19.417ms
[63.275s][info][gc] GC(1631) Pause Full (Allocation Failure) 15M->10M(15M) 17.594ms
[63.281s][info][gc] GC(1632) Pause Young (Allocation Failure) 14M->14M(15M) 0.027ms
[63.300s][info][gc] GC(1633) Pause Full (Allocation Failure) 14M->12M(15M) 18.935ms
[63.327s][info][gc] GC(1634) Pause Full (Allocation Failure) 15M->11M(15M) 18.535ms
[63.355s][info][gc] GC(1635) Pause Full (Allocation Failure) 15M->12M(15M) 19.508ms
[63.382s][info][gc] GC(1636) Pause Full (Allocation Failure) 15M->10M(15M) 18.328ms
[63.389s][info][gc] GC(1637) Pause Young (Allocation Failure) 14M->14M(15M) 0.026ms
[63.408s][info][gc] GC(1638) Pause Full (Allocation Failure) 14M->12M(15M) 19.079ms
[63.434s][info][gc] GC(1639) Pause Full (Allocation Failure) 15M->11M(15M) 18.156ms
[63.461s][info][gc] GC(1640) Pause Full (Allocation Failure) 15M->12M(15M) 18.855ms
[63.487s][info][gc] GC(1641) Pause Full (Allocation Failure) 15M->10M(15M) 18.167ms
[63.517s][info][gc] GC(1642) Pause Full (Allocation Failure) 15M->12M(15M) 20.391ms
[63.542s][info][gc] GC(1643) Pause Full (Allocation Failure) 15M->10M(15M) 17.835ms
[63.571s][info][gc] GC(1644) Pause Full (Allocation Failure) 15M->12M(15M) 19.745ms
[63.595s][info][gc] GC(1645) Pause Full (Allocation Failure) 15M->10M(15M) 17.299ms
[63.602s][info][gc] GC(1646) Pause Young (Allocation Failure) 14M->14M(15M) 0.025ms
[63.621s][info][gc] GC(1647) Pause Full (Allocation Failure) 14M->12M(15M) 18.862ms
[63.647s][info][gc] GC(1648) Pause Full (Allocation Failure) 15M->11M(15M) 18.036ms
[63.675s][info][gc] GC(1649) Pause Full (Allocation Failure) 15M->12M(15M) 19.093ms
[63.700s][info][gc] GC(1650) Pause Full (Allocation Failure) 15M->10M(15M) 18.001ms
[63.707s][info][gc] GC(1651) Pause Young (Allocation Failure) 14M->14M(15M) 0.026ms
[63.726s][info][gc] GC(1652) Pause Full (Allocation Failure) 14M->11M(15M) 18.774ms
[63.752s][info][gc] GC(1653) Pause Full (Allocation Failure) 15M->11M(15M) 18.055ms
[63.779s][info][gc] GC(1654) Pause Full (Allocation Failure) 15M->11M(15M) 18.775ms
[63.805s][info][gc] GC(1655) Pause Full (Allocation Failure) 15M->10M(15M) 18.211ms
[63.836s][info][gc] GC(1656) Pause Full (Allocation Failure) 15M->12M(15M) 21.122ms
[63.861s][info][gc] GC(1657) Pause Full (Allocation Failure) 15M->10M(15M) 18.836ms
[63.891s][info][gc] GC(1658) Pause Full (Allocation Failure) 15M->12M(15M) 20.552ms
[63.916s][info][gc] GC(1659) Pause Full (Allocation Failure) 15M->10M(15M) 18.586ms
[63.923s][info][gc] GC(1660) Pause Young (Allocation Failure) 14M->14M(15M) 0.029ms
[63.944s][info][gc] GC(1661) Pause Full (Allocation Failure) 14M->12M(15M) 20.250ms
[63.970s][info][gc] GC(1662) Pause Full (Allocation Failure) 15M->11M(15M) 18.777ms
[63.998s][info][gc] GC(1663) Pause Full (Allocation Failure) 15M->12M(15M) 20.347ms
[64.024s][info][gc] GC(1664) Pause Full (Allocation Failure) 15M->10M(15M) 18.140ms
[64.031s][info][gc] GC(1665) Pause Young (Allocation Failure) 14M->14M(15M) 0.030ms
[64.050s][info][gc] GC(1666) Pause Full (Allocation Failure) 14M->12M(15M) 19.243ms
[64.076s][info][gc] GC(1667) Pause Full (Allocation Failure) 15M->11M(15M) 18.152ms
[64.104s][info][gc] GC(1668) Pause Full (Allocation Failure) 15M->12M(15M) 18.935ms
[64.129s][info][gc] GC(1669) Pause Full (Allocation Failure) 15M->10M(15M) 18.008ms
[64.159s][info][gc] GC(1670) Pause Full (Allocation Failure) 15M->12M(15M) 20.134ms
[64.183s][info][gc] GC(1671) Pause Full (Allocation Failure) 15M->10M(15M) 17.714ms
[64.212s][info][gc] GC(1672) Pause Full (Allocation Failure) 15M->12M(15M) 20.115ms
[64.236s][info][gc] GC(1673) Pause Full (Allocation Failure) 15M->10M(15M) 17.628ms
[64.243s][info][gc] GC(1674) Pause Young (Allocation Failure) 14M->14M(15M) 0.026ms
[64.263s][info][gc] GC(1675) Pause Full (Allocation Failure) 14M->12M(15M) 19.358ms
[64.288s][info][gc] GC(1676) Pause Full (Allocation Failure) 15M->11M(15M) 17.982ms
[64.316s][info][gc] GC(1677) Pause Full (Allocation Failure) 15M->12M(15M) 19.215ms
[64.341s][info][gc] GC(1678) Pause Full (Allocation Failure) 15M->10M(15M) 17.958ms
[64.349s][info][gc] GC(1679) Pause Young (Allocation Failure) 14M->14M(15M) 0.025ms
[64.368s][info][gc] GC(1680) Pause Full (Allocation Failure) 14M->12M(15M) 19.080ms
[64.393s][info][gc] GC(1681) Pause Full (Allocation Failure) 15M->11M(15M) 18.177ms
[64.421s][info][gc] GC(1682) Pause Full (Allocation Failure) 15M->12M(15M) 19.229ms
[64.447s][info][gc] GC(1683) Pause Full (Allocation Failure) 15M->10M(15M) 18.111ms
[64.476s][info][gc] GC(1684) Pause Full (Allocation Failure) 15M->12M(15M) 19.620ms
[64.500s][info][gc] GC(1685) Pause Full (Allocation Failure) 15M->10M(15M) 17.657ms
[64.529s][info][gc] GC(1686) Pause Full (Allocation Failure) 15M->12M(15M) 20.181ms
[64.554s][info][gc] GC(1687) Pause Full (Allocation Failure) 15M->10M(15M) 17.863ms
[64.561s][info][gc] GC(1688) Pause Young (Allocation Failure) 14M->14M(15M) 0.027ms
[64.580s][info][gc] GC(1689) Pause Full (Allocation Failure) 14M->12M(15M) 19.109ms
[64.605s][info][gc] GC(1690) Pause Full (Allocation Failure) 15M->11M(15M) 18.079ms
[64.633s][info][gc] GC(1691) Pause Full (Allocation Failure) 15M->12M(15M) 19.138ms
[64.659s][info][gc] GC(1692) Pause Full (Allocation Failure) 15M->10M(15M) 18.312ms
[64.688s][info][gc] GC(1693) Pause Full (Allocation Failure) 15M->12M(15M) 19.912ms
[64.712s][info][gc] GC(1694) Pause Full (Allocation Failure) 15M->10M(15M) 17.328ms
[64.741s][info][gc] GC(1695) Pause Full (Allocation Failure) 15M->12M(15M) 20.081ms
[64.765s][info][gc] GC(1696) Pause Full (Allocation Failure) 15M->10M(15M) 17.349ms
[64.772s][info][gc] GC(1697) Pause Young (Allocation Failure) 14M->14M(15M) 0.026ms
[64.791s][info][gc] GC(1698) Pause Full (Allocation Failure) 14M->12M(15M) 19.057ms
[64.817s][info][gc] GC(1699) Pause Full (Allocation Failure) 15M->11M(15M) 18.518ms
[64.847s][info][gc] GC(1700) Pause Full (Allocation Failure) 15M->12M(15M) 20.523ms
[64.874s][info][gc] GC(1701) Pause Full (Allocation Failure) 15M->10M(15M) 19.464ms
[64.904s][info][gc] GC(1702) Pause Full (Allocation Failure) 15M->12M(15M) 21.775ms
[64.929s][info][gc] GC(1703) Pause Full (Allocation Failure) 15M->10M(15M) 18.630ms
[64.959s][info][gc] GC(1704) Pause Full (Allocation Failure) 15M->12M(15M) 20.537ms
[64.983s][info][gc] GC(1705) Pause Full (Allocation Failure) 15M->10M(15M) 17.522ms
[64.990s][info][gc] GC(1706) Pause Young (Allocation Failure) 14M->14M(15M) 0.028ms
[65.010s][info][gc] GC(1707) Pause Full (Allocation Failure) 14M->12M(15M) 19.653ms
[65.036s][info][gc] GC(1708) Pause Full (Allocation Failure) 15M->11M(15M) 18.419ms
[65.064s][info][gc] GC(1709) Pause Full (Allocation Failure) 15M->12M(15M) 19.082ms
[65.090s][info][gc] GC(1710) Pause Full (Allocation Failure) 15M->10M(15M) 18.368ms
[65.119s][info][gc] GC(1711) Pause Full (Allocation Failure) 15M->12M(15M) 19.899ms
[65.143s][info][gc] GC(1712) Pause Full (Allocation Failure) 15M->10M(15M) 17.594ms
[65.172s][info][gc] GC(1713) Pause Full (Allocation Failure) 15M->12M(15M) 19.568ms
[65.196s][info][gc] GC(1714) Pause Full (Allocation Failure) 15M->10M(15M) 17.682ms
[65.203s][info][gc] GC(1715) Pause Young (Allocation Failure) 14M->14M(15M) 0.026ms
[65.222s][info][gc] GC(1716) Pause Full (Allocation Failure) 14M->12M(15M) 18.903ms
[65.247s][info][gc] GC(1717) Pause Full (Allocation Failure) 15M->11M(15M) 18.337ms
[65.276s][info][gc] GC(1718) Pause Full (Allocation Failure) 15M->12M(15M) 19.454ms
[65.301s][info][gc] GC(1719) Pause Full (Allocation Failure) 15M->10M(15M) 18.225ms
[65.331s][info][gc] GC(1720) Pause Full (Allocation Failure) 15M->12M(15M) 19.902ms
[65.355s][info][gc] GC(1721) Pause Full (Allocation Failure) 15M->10M(15M) 17.626ms
[65.383s][info][gc] GC(1722) Pause Full (Allocation Failure) 15M->12M(15M) 19.684ms
[65.407s][info][gc] GC(1723) Pause Full (Allocation Failure) 15M->10M(15M) 17.506ms
[65.415s][info][gc] GC(1724) Pause Young (Allocation Failure) 14M->14M(15M) 0.026ms
[65.434s][info][gc] GC(1725) Pause Full (Allocation Failure) 14M->12M(15M) 19.472ms
[65.460s][info][gc] GC(1726) Pause Full (Allocation Failure) 15M->11M(15M) 18.130ms
[65.487s][info][gc] GC(1727) Pause Full (Allocation Failure) 15M->12M(15M) 19.153ms
[65.513s][info][gc] GC(1728) Pause Full (Allocation Failure) 15M->10M(15M) 18.501ms
[65.543s][info][gc] GC(1729) Pause Full (Allocation Failure) 15M->12M(15M) 20.193ms
[65.567s][info][gc] GC(1730) Pause Full (Allocation Failure) 15M->10M(15M) 17.555ms
[65.596s][info][gc] GC(1731) Pause Full (Allocation Failure) 15M->12M(15M) 19.959ms
[65.620s][info][gc] GC(1732) Pause Full (Allocation Failure) 15M->10M(15M) 17.790ms
[65.627s][info][gc] GC(1733) Pause Young (Allocation Failure) 14M->14M(15M) 0.026ms
[65.646s][info][gc] GC(1734) Pause Full (Allocation Failure) 14M->12M(15M) 19.193ms
[65.671s][info][gc] GC(1735) Pause Full (Allocation Failure) 15M->11M(15M) 17.745ms
[65.699s][info][gc] GC(1736) Pause Full (Allocation Failure) 15M->12M(15M) 19.121ms
[65.724s][info][gc] GC(1737) Pause Full (Allocation Failure) 15M->10M(15M) 17.903ms
[65.753s][info][gc] GC(1738) Pause Full (Allocation Failure) 15M->12M(15M) 20.014ms
[65.777s][info][gc] GC(1739) Pause Full (Allocation Failure) 15M->10M(15M) 17.462ms
[65.806s][info][gc] GC(1740) Pause Full (Allocation Failure) 15M->12M(15M) 20.006ms
[65.831s][info][gc] GC(1741) Pause Full (Allocation Failure) 15M->10M(15M) 18.748ms
[65.838s][info][gc] GC(1742) Pause Young (Allocation Failure) 14M->14M(15M) 0.028ms
[65.858s][info][gc] GC(1743) Pause Full (Allocation Failure) 14M->12M(15M) 19.828ms
[65.884s][info][gc] GC(1744) Pause Full (Allocation Failure) 15M->11M(15M) 18.054ms
[65.911s][info][gc] GC(1745) Pause Full (Allocation Failure) 15M->12M(15M) 19.307ms
[65.937s][info][gc] GC(1746) Pause Full (Allocation Failure) 15M->10M(15M) 18.115ms
[65.966s][info][gc] GC(1747) Pause Full (Allocation Failure) 15M->12M(15M) 20.241ms
[65.990s][info][gc] GC(1748) Pause Full (Allocation Failure) 15M->10M(15M) 17.733ms
[66.019s][info][gc] GC(1749) Pause Full (Allocation Failure) 15M->12M(15M) 19.751ms
[66.043s][info][gc] GC(1750) Pause Full (Allocation Failure) 15M->10M(15M) 17.917ms
[66.051s][info][gc] GC(1751) Pause Young (Allocation Failure) 14M->14M(15M) 0.026ms
[66.070s][info][gc] GC(1752) Pause Full (Allocation Failure) 14M->12M(15M) 19.466ms
[66.096s][info][gc] GC(1753) Pause Full (Allocation Failure) 15M->11M(15M) 18.275ms
[66.124s][info][gc] GC(1754) Pause Full (Allocation Failure) 15M->12M(15M) 19.582ms
[66.149s][info][gc] GC(1755) Pause Full (Allocation Failure) 15M->10M(15M) 18.402ms
[66.179s][info][gc] GC(1756) Pause Full (Allocation Failure) 15M->12M(15M) 20.150ms
[66.203s][info][gc] GC(1757) Pause Full (Allocation Failure) 15M->10M(15M) 17.804ms
[66.231s][info][gc] GC(1758) Pause Full (Allocation Failure) 15M->12M(15M) 19.532ms
[66.256s][info][gc] GC(1759) Pause Full (Allocation Failure) 15M->10M(15M) 17.605ms
[66.263s][info][gc] GC(1760) Pause Young (Allocation Failure) 14M->14M(15M) 0.025ms
[66.283s][info][gc] GC(1761) Pause Full (Allocation Failure) 14M->12M(15M) 19.599ms
[66.308s][info][gc] GC(1762) Pause Full (Allocation Failure) 15M->11M(15M) 18.564ms
[66.336s][info][gc] GC(1763) Pause Full (Allocation Failure) 15M->12M(15M) 19.328ms
[66.361s][info][gc] GC(1764) Pause Full (Allocation Failure) 15M->10M(15M) 17.956ms
[66.390s][info][gc] GC(1765) Pause Full (Allocation Failure) 15M->12M(15M) 19.966ms
[66.414s][info][gc] GC(1766) Pause Full (Allocation Failure) 15M->10M(15M) 17.442ms
[66.443s][info][gc] GC(1767) Pause Full (Allocation Failure) 15M->12M(15M) 19.848ms
[66.466s][info][gc] GC(1768) Pause Full (Allocation Failure) 15M->10M(15M) 17.605ms
[66.474s][info][gc] GC(1769) Pause Young (Allocation Failure) 14M->14M(15M) 0.026ms
[66.493s][info][gc] GC(1770) Pause Full (Allocation Failure) 14M->12M(15M) 19.773ms
[66.519s][info][gc] GC(1771) Pause Full (Allocation Failure) 15M->11M(15M) 18.091ms
[66.547s][info][gc] GC(1772) Pause Full (Allocation Failure) 15M->12M(15M) 19.995ms
[66.572s][info][gc] GC(1773) Pause Full (Allocation Failure) 15M->10M(15M) 18.204ms
[66.579s][info][gc] GC(1774) Pause Young (Allocation Failure) 14M->14M(15M) 0.033ms
[66.599s][info][gc] GC(1775) Pause Full (Allocation Failure) 14M->12M(15M) 19.946ms
[66.625s][info][gc] GC(1776) Pause Full (Allocation Failure) 15M->11M(15M) 18.294ms
[66.654s][info][gc] GC(1777) Pause Full (Allocation Failure) 15M->12M(15M) 20.113ms
[66.679s][info][gc] GC(1778) Pause Full (Allocation Failure) 15M->10M(15M) 18.039ms
[66.708s][info][gc] GC(1779) Pause Full (Allocation Failure) 15M->12M(15M) 20.132ms
[66.732s][info][gc] GC(1780) Pause Full (Allocation Failure) 15M->10M(15M) 17.448ms
[66.761s][info][gc] GC(1781) Pause Full (Allocation Failure) 15M->12M(15M) 20.051ms
[66.784s][info][gc] GC(1782) Pause Full (Allocation Failure) 15M->10M(15M) 17.210ms
[66.791s][info][gc] GC(1783) Pause Young (Allocation Failure) 14M->14M(15M) 0.025ms
[66.810s][info][gc] GC(1784) Pause Full (Allocation Failure) 14M->12M(15M) 19.468ms
[66.836s][info][gc] GC(1785) Pause Full (Allocation Failure) 15M->11M(15M) 18.836ms
[66.864s][info][gc] GC(1786) Pause Full (Allocation Failure) 15M->12M(15M) 19.632ms
[66.890s][info][gc] GC(1787) Pause Full (Allocation Failure) 15M->10M(15M) 18.252ms
[66.919s][info][gc] GC(1788) Pause Full (Allocation Failure) 15M->12M(15M) 20.137ms
[66.943s][info][gc] GC(1789) Pause Full (Allocation Failure) 15M->10M(15M) 17.790ms
[66.972s][info][gc] GC(1790) Pause Full (Allocation Failure) 15M->12M(15M) 19.933ms
[66.996s][info][gc] GC(1791) Pause Full (Allocation Failure) 15M->10M(15M) 18.600ms
[67.003s][info][gc] GC(1792) Pause Young (Allocation Failure) 14M->14M(15M) 0.028ms
[67.023s][info][gc] GC(1793) Pause Full (Allocation Failure) 14M->12M(15M) 20.037ms
[67.049s][info][gc] GC(1794) Pause Full (Allocation Failure) 15M->11M(15M) 18.556ms
[67.078s][info][gc] GC(1795) Pause Full (Allocation Failure) 15M->12M(15M) 19.944ms
[67.103s][info][gc] GC(1796) Pause Full (Allocation Failure) 15M->10M(15M) 18.505ms
[67.110s][info][gc] GC(1797) Pause Young (Allocation Failure) 14M->14M(15M) 0.028ms
[67.130s][info][gc] GC(1798) Pause Full (Allocation Failure) 14M->12M(15M) 19.549ms
[67.155s][info][gc] GC(1799) Pause Full (Allocation Failure) 15M->11M(15M) 18.425ms
[67.183s][info][gc] GC(1800) Pause Full (Allocation Failure) 15M->12M(15M) 19.584ms
[67.208s][info][gc] GC(1801) Pause Full (Allocation Failure) 15M->10M(15M) 18.211ms
[67.215s][info][gc] GC(1802) Pause Young (Allocation Failure) 14M->14M(15M) 0.028ms
[67.235s][info][gc] GC(1803) Pause Full (Allocation Failure) 14M->12M(15M) 19.714ms
[67.260s][info][gc] GC(1804) Pause Full (Allocation Failure) 15M->11M(15M) 18.006ms
[67.288s][info][gc] GC(1805) Pause Full (Allocation Failure) 15M->12M(15M) 19.481ms
[67.313s][info][gc] GC(1806) Pause Full (Allocation Failure) 15M->10M(15M) 18.481ms
[67.343s][info][gc] GC(1807) Pause Full (Allocation Failure) 15M->12M(15M) 20.231ms
[67.367s][info][gc] GC(1808) Pause Full (Allocation Failure) 15M->10M(15M) 18.048ms
[67.396s][info][gc] GC(1809) Pause Full (Allocation Failure) 15M->12M(15M) 20.575ms
[67.420s][info][gc] GC(1810) Pause Full (Allocation Failure) 15M->10M(15M) 17.911ms
[67.427s][info][gc] GC(1811) Pause Young (Allocation Failure) 14M->14M(15M) 0.025ms
[67.446s][info][gc] GC(1812) Pause Full (Allocation Failure) 14M->12M(15M) 19.468ms
[67.471s][info][gc] GC(1813) Pause Full (Allocation Failure) 15M->11M(15M) 18.170ms
[67.500s][info][gc] GC(1814) Pause Full (Allocation Failure) 15M->12M(15M) 19.757ms
[67.525s][info][gc] GC(1815) Pause Full (Allocation Failure) 15M->10M(15M) 18.203ms
[67.555s][info][gc] GC(1816) Pause Full (Allocation Failure) 15M->12M(15M) 20.342ms
[67.578s][info][gc] GC(1817) Pause Full (Allocation Failure) 15M->10M(15M) 17.537ms
[67.607s][info][gc] GC(1818) Pause Full (Allocation Failure) 15M->12M(15M) 20.283ms
[67.631s][info][gc] GC(1819) Pause Full (Allocation Failure) 15M->10M(15M) 17.576ms
[67.638s][info][gc] GC(1820) Pause Young (Allocation Failure) 14M->14M(15M) 0.024ms
[67.658s][info][gc] GC(1821) Pause Full (Allocation Failure) 14M->12M(15M) 19.445ms
[67.683s][info][gc] GC(1822) Pause Full (Allocation Failure) 15M->11M(15M) 18.973ms
[67.712s][info][gc] GC(1823) Pause Full (Allocation Failure) 15M->12M(15M) 19.944ms
[67.737s][info][gc] GC(1824) Pause Full (Allocation Failure) 15M->10M(15M) 17.951ms
[67.766s][info][gc] GC(1825) Pause Full (Allocation Failure) 15M->12M(15M) 20.278ms
[67.789s][info][gc] GC(1826) Pause Full (Allocation Failure) 15M->10M(15M) 17.702ms
[67.819s][info][gc] GC(1827) Pause Full (Allocation Failure) 15M->12M(15M) 20.547ms
[67.844s][info][gc] GC(1828) Pause Full (Allocation Failure) 15M->10M(15M) 19.129ms
[67.851s][info][gc] GC(1829) Pause Young (Allocation Failure) 14M->14M(15M) 0.028ms
[67.871s][info][gc] GC(1830) Pause Full (Allocation Failure) 14M->12M(15M) 19.997ms
[67.897s][info][gc] GC(1831) Pause Full (Allocation Failure) 15M->11M(15M) 18.300ms
[67.926s][info][gc] GC(1832) Pause Full (Allocation Failure) 15M->12M(15M) 20.510ms
[67.951s][info][gc] GC(1833) Pause Full (Allocation Failure) 15M->10M(15M) 18.298ms
[67.980s][info][gc] GC(1834) Pause Full (Allocation Failure) 15M->12M(15M) 20.096ms
[68.005s][info][gc] GC(1835) Pause Full (Allocation Failure) 15M->10M(15M) 18.595ms
[68.034s][info][gc] GC(1836) Pause Full (Allocation Failure) 15M->12M(15M) 20.349ms
[68.059s][info][gc] GC(1837) Pause Full (Allocation Failure) 15M->10M(15M) 18.068ms
[68.066s][info][gc] GC(1838) Pause Young (Allocation Failure) 14M->14M(15M) 0.025ms
[68.085s][info][gc] GC(1839) Pause Full (Allocation Failure) 14M->12M(15M) 19.583ms
[68.110s][info][gc] GC(1840) Pause Full (Allocation Failure) 15M->11M(15M) 18.450ms
[68.138s][info][gc] GC(1841) Pause Full (Allocation Failure) 15M->12M(15M) 19.555ms
[68.163s][info][gc] GC(1842) Pause Full (Allocation Failure) 15M->10M(15M) 17.949ms
[68.193s][info][gc] GC(1843) Pause Full (Allocation Failure) 15M->12M(15M) 20.187ms
[68.216s][info][gc] GC(1844) Pause Full (Allocation Failure) 15M->10M(15M) 17.584ms
[68.245s][info][gc] GC(1845) Pause Full (Allocation Failure) 15M->12M(15M) 20.250ms
[68.269s][info][gc] GC(1846) Pause Full (Allocation Failure) 15M->10M(15M) 17.552ms
[68.276s][info][gc] GC(1847) Pause Young (Allocation Failure) 14M->14M(15M) 0.025ms
[68.296s][info][gc] GC(1848) Pause Full (Allocation Failure) 14M->12M(15M) 19.791ms
[68.321s][info][gc] GC(1849) Pause Full (Allocation Failure) 15M->11M(15M) 18.417ms
[68.349s][info][gc] GC(1850) Pause Full (Allocation Failure) 15M->12M(15M) 19.248ms
[68.374s][info][gc] GC(1851) Pause Full (Allocation Failure) 15M->10M(15M) 18.211ms
[68.403s][info][gc] GC(1852) Pause Full (Allocation Failure) 15M->12M(15M) 20.171ms
[68.427s][info][gc] GC(1853) Pause Full (Allocation Failure) 15M->10M(15M) 17.751ms
[68.456s][info][gc] GC(1854) Pause Full (Allocation Failure) 15M->12M(15M) 20.021ms
[68.479s][info][gc] GC(1855) Pause Full (Allocation Failure) 15M->10M(15M) 17.854ms
[68.486s][info][gc] GC(1856) Pause Young (Allocation Failure) 14M->14M(15M) 0.026ms
[68.506s][info][gc] GC(1857) Pause Full (Allocation Failure) 14M->12M(15M) 19.483ms
[68.530s][info][gc] GC(1858) Pause Full (Allocation Failure) 15M->11M(15M) 17.923ms
[68.558s][info][gc] GC(1859) Pause Full (Allocation Failure) 15M->12M(15M) 19.908ms
[68.583s][info][gc] GC(1860) Pause Full (Allocation Failure) 15M->10M(15M) 18.593ms
[68.591s][info][gc] GC(1861) Pause Young (Allocation Failure) 14M->14M(15M) 0.026ms
[68.611s][info][gc] GC(1862) Pause Full (Allocation Failure) 14M->12M(15M) 19.937ms
[68.635s][info][gc] GC(1863) Pause Full (Allocation Failure) 15M->11M(15M) 17.976ms
[68.663s][info][gc] GC(1864) Pause Full (Allocation Failure) 15M->12M(15M) 19.711ms
[68.688s][info][gc] GC(1865) Pause Full (Allocation Failure) 15M->10M(15M) 18.075ms
[68.717s][info][gc] GC(1866) Pause Full (Allocation Failure) 15M->12M(15M) 20.069ms
[68.740s][info][gc] GC(1867) Pause Full (Allocation Failure) 15M->10M(15M) 17.326ms
[68.769s][info][gc] GC(1868) Pause Full (Allocation Failure) 15M->12M(15M) 20.268ms
[68.793s][info][gc] GC(1869) Pause Full (Allocation Failure) 15M->10M(15M) 17.584ms
[68.800s][info][gc] GC(1870) Pause Young (Allocation Failure) 14M->14M(15M) 0.025ms
[68.819s][info][gc] GC(1871) Pause Full (Allocation Failure) 14M->12M(15M) 19.524ms
[68.844s][info][gc] GC(1872) Pause Full (Allocation Failure) 15M->11M(15M) 18.803ms
[68.873s][info][gc] GC(1873) Pause Full (Allocation Failure) 15M->12M(15M) 20.117ms
[68.898s][info][gc] GC(1874) Pause Full (Allocation Failure) 15M->10M(15M) 18.017ms
[68.927s][info][gc] GC(1875) Pause Full (Allocation Failure) 15M->13M(15M) 20.514ms
[68.951s][info][gc] GC(1876) Pause Full (Allocation Failure) 15M->10M(15M) 18.317ms
[68.981s][info][gc] GC(1877) Pause Full (Allocation Failure) 15M->13M(15M) 21.141ms
[69.005s][info][gc] GC(1878) Pause Full (Allocation Failure) 15M->10M(15M) 18.247ms
[69.012s][info][gc] GC(1879) Pause Young (Allocation Failure) 14M->14M(15M) 0.024ms
[69.031s][info][gc] GC(1880) Pause Full (Allocation Failure) 14M->12M(15M) 19.887ms
[69.056s][info][gc] GC(1881) Pause Full (Allocation Failure) 15M->11M(15M) 18.334ms
[69.085s][info][gc] GC(1882) Pause Full (Allocation Failure) 15M->12M(15M) 19.979ms
[69.110s][info][gc] GC(1883) Pause Full (Allocation Failure) 15M->10M(15M) 18.364ms
[69.139s][info][gc] GC(1884) Pause Full (Allocation Failure) 15M->13M(15M) 20.529ms
[69.163s][info][gc] GC(1885) Pause Full (Allocation Failure) 15M->10M(15M) 17.731ms
[69.192s][info][gc] GC(1886) Pause Full (Allocation Failure) 15M->13M(15M) 20.629ms
[69.216s][info][gc] GC(1887) Pause Full (Allocation Failure) 15M->10M(15M) 17.692ms
[69.222s][info][gc] GC(1888) Pause Young (Allocation Failure) 14M->14M(15M) 0.023ms
[69.242s][info][gc] GC(1889) Pause Full (Allocation Failure) 14M->12M(15M) 19.981ms
[69.267s][info][gc] GC(1890) Pause Full (Allocation Failure) 15M->11M(15M) 18.259ms
[69.296s][info][gc] GC(1891) Pause Full (Allocation Failure) 15M->12M(15M) 20.906ms
[69.322s][info][gc] GC(1892) Pause Full (Allocation Failure) 15M->10M(15M) 18.867ms
[69.351s][info][gc] GC(1893) Pause Full (Allocation Failure) 15M->12M(15M) 20.812ms
[69.376s][info][gc] GC(1894) Pause Full (Allocation Failure) 15M->10M(15M) 18.077ms
[69.405s][info][gc] GC(1895) Pause Full (Allocation Failure) 15M->12M(15M) 20.029ms
[69.428s][info][gc] GC(1896) Pause Full (Allocation Failure) 15M->10M(15M) 17.583ms
[69.435s][info][gc] GC(1897) Pause Young (Allocation Failure) 14M->14M(15M) 0.026ms
[69.455s][info][gc] GC(1898) Pause Full (Allocation Failure) 14M->12M(15M) 20.168ms
[69.480s][info][gc] GC(1899) Pause Full (Allocation Failure) 15M->11M(15M) 18.053ms
[69.508s][info][gc] GC(1900) Pause Full (Allocation Failure) 15M->12M(15M) 19.691ms
[69.532s][info][gc] GC(1901) Pause Full (Allocation Failure) 15M->10M(15M) 17.790ms
[69.562s][info][gc] GC(1902) Pause Full (Allocation Failure) 15M->13M(15M) 20.630ms
[69.586s][info][gc] GC(1903) Pause Full (Allocation Failure) 15M->10M(15M) 17.836ms
[69.616s][info][gc] GC(1904) Pause Full (Allocation Failure) 15M->13M(15M) 21.022ms
[69.639s][info][gc] GC(1905) Pause Full (Allocation Failure) 15M->10M(15M) 17.588ms
[69.646s][info][gc] GC(1906) Pause Young (Allocation Failure) 14M->14M(15M) 0.026ms
[69.665s][info][gc] GC(1907) Pause Full (Allocation Failure) 14M->12M(15M) 19.560ms
[69.690s][info][gc] GC(1908) Pause Full (Allocation Failure) 15M->11M(15M) 17.939ms
[69.718s][info][gc] GC(1909) Pause Full (Allocation Failure) 15M->12M(15M) 19.529ms
[69.743s][info][gc] GC(1910) Pause Full (Allocation Failure) 15M->10M(15M) 18.273ms
[69.772s][info][gc] GC(1911) Pause Full (Allocation Failure) 15M->13M(15M) 20.035ms
[69.795s][info][gc] GC(1912) Pause Full (Allocation Failure) 15M->10M(15M) 17.488ms
[69.825s][info][gc] GC(1913) Pause Full (Allocation Failure) 15M->12M(15M) 21.614ms
[69.849s][info][gc] GC(1914) Pause Full (Allocation Failure) 15M->10M(15M) 17.845ms
[69.856s][info][gc] GC(1915) Pause Young (Allocation Failure) 14M->14M(15M) 0.026ms
[69.876s][info][gc] GC(1916) Pause Full (Allocation Failure) 14M->12M(15M) 19.607ms
[69.900s][info][gc] GC(1917) Pause Full (Allocation Failure) 15M->11M(15M) 18.115ms
[69.928s][info][gc] GC(1918) Pause Full (Allocation Failure) 15M->12M(15M) 19.857ms
[69.953s][info][gc] GC(1919) Pause Full (Allocation Failure) 15M->10M(15M) 18.004ms
[69.983s][info][gc] GC(1920) Pause Full (Allocation Failure) 15M->13M(15M) 20.565ms
[70.006s][info][gc] GC(1921) Pause Full (Allocation Failure) 15M->10M(15M) 17.684ms
[70.035s][info][gc] GC(1922) Pause Full (Allocation Failure) 15M->13M(15M) 20.262ms
[70.059s][info][gc] GC(1923) Pause Full (Allocation Failure) 15M->10M(15M) 17.634ms
[70.066s][info][gc] GC(1924) Pause Young (Allocation Failure) 14M->14M(15M) 0.025ms
[70.086s][info][gc] GC(1925) Pause Full (Allocation Failure) 14M->12M(15M) 20.028ms
[70.110s][info][gc] GC(1926) Pause Full (Allocation Failure) 15M->11M(15M) 17.942ms
[70.138s][info][gc] GC(1927) Pause Full (Allocation Failure) 15M->12M(15M) 19.679ms
[70.163s][info][gc] GC(1928) Pause Full (Allocation Failure) 15M->10M(15M) 18.440ms
[70.192s][info][gc] GC(1929) Pause Full (Allocation Failure) 15M->12M(15M) 20.310ms
[70.216s][info][gc] GC(1930) Pause Full (Allocation Failure) 15M->10M(15M) 17.667ms
[70.245s][info][gc] GC(1931) Pause Full (Allocation Failure) 15M->13M(15M) 20.346ms
[70.268s][info][gc] GC(1932) Pause Full (Allocation Failure) 15M->10M(15M) 17.313ms
[70.275s][info][gc] GC(1933) Pause Young (Allocation Failure) 14M->14M(15M) 0.024ms
[70.294s][info][gc] GC(1934) Pause Full (Allocation Failure) 14M->12M(15M) 19.610ms
[70.318s][info][gc] GC(1935) Pause Full (Allocation Failure) 15M->11M(15M) 17.987ms
[70.348s][info][gc] GC(1936) Pause Full (Allocation Failure) 15M->12M(15M) 20.315ms
[70.372s][info][gc] GC(1937) Pause Full (Allocation Failure) 15M->10M(15M) 17.830ms
[70.401s][info][gc] GC(1938) Pause Full (Allocation Failure) 15M->13M(15M) 20.479ms
[70.424s][info][gc] GC(1939) Pause Full (Allocation Failure) 15M->10M(15M) 17.227ms
[70.431s][info][gc] GC(1940) Pause Young (Allocation Failure) 14M->14M(15M) 0.026ms
[70.451s][info][gc] GC(1941) Pause Full (Allocation Failure) 14M->12M(15M) 19.776ms
[70.475s][info][gc] GC(1942) Pause Full (Allocation Failure) 15M->10M(15M) 18.004ms
[70.505s][info][gc] GC(1943) Pause Full (Allocation Failure) 15M->13M(15M) 20.625ms
[70.528s][info][gc] GC(1944) Pause Full (Allocation Failure) 15M->10M(15M) 17.587ms
[70.557s][info][gc] GC(1945) Pause Full (Allocation Failure) 15M->13M(15M) 20.449ms
[70.580s][info][gc] GC(1946) Pause Full (Allocation Failure) 15M->10M(15M) 17.809ms
[70.587s][info][gc] GC(1947) Pause Young (Allocation Failure) 14M->14M(15M) 0.029ms
[70.608s][info][gc] GC(1948) Pause Full (Allocation Failure) 14M->12M(15M) 20.122ms
[70.632s][info][gc] GC(1949) Pause Full (Allocation Failure) 15M->11M(15M) 18.316ms
[70.660s][info][gc] GC(1950) Pause Full (Allocation Failure) 15M->12M(15M) 20.736ms
[70.686s][info][gc] GC(1951) Pause Full (Allocation Failure) 15M->10M(15M) 18.919ms
[70.716s][info][gc] GC(1952) Pause Full (Allocation Failure) 15M->13M(15M) 21.604ms
[70.739s][info][gc] GC(1953) Pause Full (Allocation Failure) 15M->10M(15M) 17.459ms
[70.768s][info][gc] GC(1954) Pause Full (Allocation Failure) 15M->13M(15M) 20.288ms
[70.791s][info][gc] GC(1955) Pause Full (Allocation Failure) 15M->10M(15M) 17.310ms
[70.797s][info][gc] GC(1956) Pause Young (Allocation Failure) 14M->14M(15M) 0.023ms
[70.817s][info][gc] GC(1957) Pause Full (Allocation Failure) 14M->12M(15M) 19.808ms
[70.842s][info][gc] GC(1958) Pause Full (Allocation Failure) 15M->11M(15M) 18.977ms
[70.871s][info][gc] GC(1959) Pause Full (Allocation Failure) 15M->12M(15M) 20.364ms
[70.895s][info][gc] GC(1960) Pause Full (Allocation Failure) 15M->10M(15M) 18.084ms
[70.924s][info][gc] GC(1961) Pause Full (Allocation Failure) 15M->13M(15M) 20.200ms
[70.947s][info][gc] GC(1962) Pause Full (Allocation Failure) 15M->10M(15M) 17.664ms
[70.976s][info][gc] GC(1963) Pause Full (Allocation Failure) 15M->13M(15M) 20.527ms
[71.000s][info][gc] GC(1964) Pause Full (Allocation Failure) 15M->10M(15M) 17.965ms
[71.007s][info][gc] GC(1965) Pause Young (Allocation Failure) 14M->14M(15M) 0.025ms
[71.027s][info][gc] GC(1966) Pause Full (Allocation Failure) 14M->12M(15M) 20.037ms
[71.051s][info][gc] GC(1967) Pause Full (Allocation Failure) 15M->11M(15M) 18.125ms
[71.080s][info][gc] GC(1968) Pause Full (Allocation Failure) 15M->12M(15M) 19.951ms
[71.104s][info][gc] GC(1969) Pause Full (Allocation Failure) 15M->10M(15M) 18.393ms
[71.134s][info][gc] GC(1970) Pause Full (Allocation Failure) 15M->13M(15M) 20.385ms
[71.157s][info][gc] GC(1971) Pause Full (Allocation Failure) 15M->10M(15M) 17.520ms
[71.186s][info][gc] GC(1972) Pause Full (Allocation Failure) 15M->13M(15M) 20.182ms
[71.209s][info][gc] GC(1973) Pause Full (Allocation Failure) 15M->10M(15M) 17.765ms
[71.216s][info][gc] GC(1974) Pause Young (Allocation Failure) 14M->14M(15M) 0.026ms
[71.236s][info][gc] GC(1975) Pause Full (Allocation Failure) 14M->12M(15M) 19.843ms
[71.260s][info][gc] GC(1976) Pause Full (Allocation Failure) 15M->11M(15M) 18.285ms
[71.289s][info][gc] GC(1977) Pause Full (Allocation Failure) 15M->12M(15M) 19.928ms
[71.313s][info][gc] GC(1978) Pause Full (Allocation Failure) 15M->10M(15M) 18.174ms
[71.343s][info][gc] GC(1979) Pause Full (Allocation Failure) 15M->13M(15M) 20.657ms
[71.366s][info][gc] GC(1980) Pause Full (Allocation Failure) 15M->10M(15M) 17.615ms
[71.396s][info][gc] GC(1981) Pause Full (Allocation Failure) 15M->13M(15M) 20.681ms
[71.419s][info][gc] GC(1982) Pause Full (Allocation Failure) 15M->10M(15M) 17.541ms
[71.425s][info][gc] GC(1983) Pause Young (Allocation Failure) 14M->14M(15M) 0.027ms
[71.445s][info][gc] GC(1984) Pause Full (Allocation Failure) 14M->12M(15M) 19.932ms
[71.469s][info][gc] GC(1985) Pause Full (Allocation Failure) 15M->11M(15M) 17.949ms
[71.497s][info][gc] GC(1986) Pause Full (Allocation Failure) 15M->12M(15M) 19.674ms
[71.522s][info][gc] GC(1987) Pause Full (Allocation Failure) 15M->10M(15M) 18.136ms
[71.551s][info][gc] GC(1988) Pause Full (Allocation Failure) 15M->13M(15M) 20.504ms
[71.575s][info][gc] GC(1989) Pause Full (Allocation Failure) 15M->10M(15M) 17.807ms
[71.604s][info][gc] GC(1990) Pause Full (Allocation Failure) 15M->13M(15M) 20.738ms
[71.628s][info][gc] GC(1991) Pause Full (Allocation Failure) 15M->10M(15M) 18.021ms
[71.635s][info][gc] GC(1992) Pause Young (Allocation Failure) 14M->14M(15M) 0.025ms
[71.655s][info][gc] GC(1993) Pause Full (Allocation Failure) 14M->12M(15M) 20.119ms
[71.679s][info][gc] GC(1994) Pause Full (Allocation Failure) 15M->11M(15M) 17.898ms
[71.707s][info][gc] GC(1995) Pause Full (Allocation Failure) 15M->12M(15M) 19.910ms
[71.731s][info][gc] GC(1996) Pause Full (Allocation Failure) 15M->10M(15M) 18.070ms
[71.739s][info][gc] GC(1997) Pause Young (Allocation Failure) 14M->14M(15M) 0.026ms
[71.759s][info][gc] GC(1998) Pause Full (Allocation Failure) 14M->12M(15M) 20.037ms
[71.782s][info][gc] GC(1999) Pause Full (Allocation Failure) 15M->11M(15M) 17.981ms
[71.811s][info][gc] GC(2000) Pause Full (Allocation Failure) 15M->12M(15M) 19.878ms
[71.837s][info][gc] GC(2001) Pause Full (Allocation Failure) 15M->10M(15M) 19.456ms
[71.866s][info][gc] GC(2002) Pause Full (Allocation Failure) 15M->13M(15M) 20.915ms
[71.889s][info][gc] GC(2003) Pause Full (Allocation Failure) 15M->10M(15M) 17.663ms
[71.919s][info][gc] GC(2004) Pause Full (Allocation Failure) 15M->13M(15M) 20.553ms
[71.942s][info][gc] GC(2005) Pause Full (Allocation Failure) 15M->10M(15M) 17.749ms
[71.949s][info][gc] GC(2006) Pause Young (Allocation Failure) 14M->14M(15M) 0.025ms
[71.969s][info][gc] GC(2007) Pause Full (Allocation Failure) 14M->12M(15M) 19.846ms
[71.994s][info][gc] GC(2008) Pause Full (Allocation Failure) 15M->11M(15M) 18.802ms
[72.022s][info][gc] GC(2009) Pause Full (Allocation Failure) 15M->12M(15M) 19.811ms
[72.046s][info][gc] GC(2010) Pause Full (Allocation Failure) 15M->10M(15M) 18.257ms
[72.076s][info][gc] GC(2011) Pause Full (Allocation Failure) 15M->13M(15M) 20.873ms
[72.100s][info][gc] GC(2012) Pause Full (Allocation Failure) 15M->10M(15M) 17.992ms
[72.129s][info][gc] GC(2013) Pause Full (Allocation Failure) 15M->13M(15M) 20.541ms
[72.152s][info][gc] GC(2014) Pause Full (Allocation Failure) 15M->10M(15M) 17.846ms
[72.159s][info][gc] GC(2015) Pause Young (Allocation Failure) 14M->14M(15M) 0.024ms
[72.180s][info][gc] GC(2016) Pause Full (Allocation Failure) 14M->12M(15M) 20.264ms
[72.204s][info][gc] GC(2017) Pause Full (Allocation Failure) 15M->11M(15M) 18.163ms
[72.232s][info][gc] GC(2018) Pause Full (Allocation Failure) 15M->12M(15M) 19.799ms
[72.257s][info][gc] GC(2019) Pause Full (Allocation Failure) 15M->10M(15M) 18.427ms
[72.287s][info][gc] GC(2020) Pause Full (Allocation Failure) 15M->13M(15M) 20.943ms
[72.310s][info][gc] GC(2021) Pause Full (Allocation Failure) 15M->10M(15M) 17.516ms
[72.339s][info][gc] GC(2022) Pause Full (Allocation Failure) 15M->13M(15M) 20.667ms
[72.362s][info][gc] GC(2023) Pause Full (Allocation Failure) 15M->10M(15M) 17.701ms
[72.369s][info][gc] GC(2024) Pause Young (Allocation Failure) 14M->14M(15M) 0.024ms
[72.389s][info][gc] GC(2025) Pause Full (Allocation Failure) 14M->12M(15M) 19.968ms
[72.413s][info][gc] GC(2026) Pause Full (Allocation Failure) 15M->11M(15M) 17.948ms
[72.442s][info][gc] GC(2027) Pause Full (Allocation Failure) 15M->12M(15M) 20.363ms
[72.466s][info][gc] GC(2028) Pause Full (Allocation Failure) 15M->10M(15M) 18.160ms
[72.496s][info][gc] GC(2029) Pause Full (Allocation Failure) 15M->13M(15M) 20.840ms
[72.519s][info][gc] GC(2030) Pause Full (Allocation Failure) 15M->11M(15M) 17.976ms
[72.547s][info][gc] GC(2031) Pause Full (Allocation Failure) 15M->12M(15M) 20.087ms
[72.571s][info][gc] GC(2032) Pause Full (Allocation Failure) 15M->10M(15M) 18.183ms
[72.602s][info][gc] GC(2033) Pause Full (Allocation Failure) 15M->13M(15M) 21.011ms
[72.625s][info][gc] GC(2034) Pause Full (Allocation Failure) 15M->10M(15M) 18.230ms
[72.654s][info][gc] GC(2035) Pause Full (Allocation Failure) 15M->13M(15M) 20.664ms
[72.677s][info][gc] GC(2036) Pause Full (Allocation Failure) 15M->10M(15M) 17.526ms
[72.684s][info][gc] GC(2037) Pause Young (Allocation Failure) 14M->14M(15M) 0.026ms
[72.704s][info][gc] GC(2038) Pause Full (Allocation Failure) 14M->12M(15M) 19.937ms
[72.728s][info][gc] GC(2039) Pause Full (Allocation Failure) 15M->11M(15M) 17.973ms
[72.756s][info][gc] GC(2040) Pause Full (Allocation Failure) 15M->12M(15M) 20.049ms
[72.780s][info][gc] GC(2041) Pause Full (Allocation Failure) 15M->10M(15M) 18.126ms
[72.810s][info][gc] GC(2042) Pause Full (Allocation Failure) 15M->13M(15M) 20.921ms
[72.834s][info][gc] GC(2043) Pause Full (Allocation Failure) 15M->10M(15M) 18.496ms
[72.863s][info][gc] GC(2044) Pause Full (Allocation Failure) 15M->13M(15M) 20.815ms
[72.887s][info][gc] GC(2045) Pause Full (Allocation Failure) 15M->10M(15M) 18.019ms
[72.894s][info][gc] GC(2046) Pause Young (Allocation Failure) 14M->14M(15M) 0.024ms
[72.914s][info][gc] GC(2047) Pause Full (Allocation Failure) 14M->12M(15M) 19.924ms
[72.938s][info][gc] GC(2048) Pause Full (Allocation Failure) 15M->11M(15M) 18.007ms
[72.967s][info][gc] GC(2049) Pause Full (Allocation Failure) 15M->12M(15M) 20.522ms
[72.991s][info][gc] GC(2050) Pause Full (Allocation Failure) 15M->10M(15M) 17.989ms
[73.020s][info][gc] GC(2051) Pause Full (Allocation Failure) 15M->13M(15M) 20.792ms
[73.043s][info][gc] GC(2052) Pause Full (Allocation Failure) 15M->10M(15M) 17.503ms
[73.073s][info][gc] GC(2053) Pause Full (Allocation Failure) 15M->13M(15M) 20.691ms
[73.096s][info][gc] GC(2054) Pause Full (Allocation Failure) 15M->10M(15M) 17.678ms
[73.103s][info][gc] GC(2055) Pause Young (Allocation Failure) 14M->14M(15M) 0.026ms
[73.123s][info][gc] GC(2056) Pause Full (Allocation Failure) 14M->12M(15M) 20.480ms
[73.147s][info][gc] GC(2057) Pause Full (Allocation Failure) 15M->11M(15M) 18.246ms
[73.176s][info][gc] GC(2058) Pause Full (Allocation Failure) 15M->13M(15M) 20.246ms
[73.199s][info][gc] GC(2059) Pause Full (Allocation Failure) 15M->10M(15M) 17.875ms
[73.206s][info][gc] GC(2060) Pause Young (Allocation Failure) 14M->14M(15M) 0.026ms
[73.226s][info][gc] GC(2061) Pause Full (Allocation Failure) 14M->12M(15M) 19.970ms
[73.250s][info][gc] GC(2062) Pause Full (Allocation Failure) 15M->11M(15M) 18.048ms
[73.279s][info][gc] GC(2063) Pause Full (Allocation Failure) 15M->12M(15M) 20.219ms
[73.303s][info][gc] GC(2064) Pause Full (Allocation Failure) 15M->10M(15M) 18.496ms
[73.333s][info][gc] GC(2065) Pause Full (Allocation Failure) 15M->13M(15M) 20.790ms
[73.356s][info][gc] GC(2066) Pause Full (Allocation Failure) 15M->10M(15M) 17.803ms
[73.386s][info][gc] GC(2067) Pause Full (Allocation Failure) 15M->13M(15M) 20.898ms
[73.408s][info][gc] GC(2068) Pause Full (Allocation Failure) 15M->10M(15M) 17.542ms
[73.415s][info][gc] GC(2069) Pause Young (Allocation Failure) 14M->14M(15M) 0.026ms
[73.436s][info][gc] GC(2070) Pause Full (Allocation Failure) 14M->12M(15M) 20.198ms
[73.460s][info][gc] GC(2071) Pause Full (Allocation Failure) 15M->11M(15M) 19.198ms
[73.490s][info][gc] GC(2072) Pause Full (Allocation Failure) 15M->12M(15M) 20.698ms
[73.514s][info][gc] GC(2073) Pause Full (Allocation Failure) 15M->10M(15M) 18.248ms
[73.544s][info][gc] GC(2074) Pause Full (Allocation Failure) 15M->13M(15M) 21.171ms
[73.567s][info][gc] GC(2075) Pause Full (Allocation Failure) 15M->10M(15M) 18.012ms
[73.597s][info][gc] GC(2076) Pause Full (Allocation Failure) 15M->13M(15M) 20.768ms
[73.620s][info][gc] GC(2077) Pause Full (Allocation Failure) 15M->10M(15M) 17.708ms
[73.627s][info][gc] GC(2078) Pause Young (Allocation Failure) 14M->14M(15M) 0.028ms
[73.647s][info][gc] GC(2079) Pause Full (Allocation Failure) 14M->12M(15M) 20.465ms
[73.671s][info][gc] GC(2080) Pause Full (Allocation Failure) 15M->11M(15M) 18.495ms
[73.700s][info][gc] GC(2081) Pause Full (Allocation Failure) 15M->12M(15M) 20.395ms
[73.724s][info][gc] GC(2082) Pause Full (Allocation Failure) 15M->10M(15M) 17.998ms
[73.754s][info][gc] GC(2083) Pause Full (Allocation Failure) 15M->13M(15M) 20.791ms
[73.777s][info][gc] GC(2084) Pause Full (Allocation Failure) 15M->10M(15M) 17.498ms
[73.806s][info][gc] GC(2085) Pause Full (Allocation Failure) 15M->13M(15M) 20.619ms
[73.831s][info][gc] GC(2086) Pause Full (Allocation Failure) 15M->11M(15M) 19.712ms
[73.860s][info][gc] GC(2087) Pause Full (Allocation Failure) 15M->13M(15M) 20.768ms
[73.884s][info][gc] GC(2088) Pause Full (Allocation Failure) 15M->11M(15M) 17.873ms
[73.912s][info][gc] GC(2089) Pause Full (Allocation Failure) 15M->13M(15M) 20.052ms
[73.936s][info][gc] GC(2090) Pause Full (Allocation Failure) 15M->10M(15M) 17.859ms
[73.966s][info][gc] GC(2091) Pause Full (Allocation Failure) 15M->13M(15M) 20.844ms
[73.988s][info][gc] GC(2092) Pause Full (Allocation Failure) 15M->10M(15M) 17.816ms
[74.018s][info][gc] GC(2093) Pause Full (Allocation Failure) 15M->13M(15M) 21.140ms
[74.042s][info][gc] GC(2094) Pause Full (Allocation Failure) 15M->10M(15M) 18.119ms
[74.049s][info][gc] GC(2095) Pause Young (Allocation Failure) 14M->14M(15M) 0.026ms
[74.069s][info][gc] GC(2096) Pause Full (Allocation Failure) 14M->13M(15M) 20.457ms
[74.093s][info][gc] GC(2097) Pause Full (Allocation Failure) 15M->11M(15M) 17.964ms
[74.121s][info][gc] GC(2098) Pause Full (Allocation Failure) 15M->13M(15M) 20.223ms
[74.145s][info][gc] GC(2099) Pause Full (Allocation Failure) 15M->10M(15M) 18.220ms
[74.175s][info][gc] GC(2100) Pause Full (Allocation Failure) 15M->13M(15M) 20.881ms
[74.198s][info][gc] GC(2101) Pause Full (Allocation Failure) 15M->10M(15M) 17.654ms
[74.227s][info][gc] GC(2102) Pause Full (Allocation Failure) 15M->13M(15M) 20.648ms
[74.250s][info][gc] GC(2103) Pause Full (Allocation Failure) 15M->10M(15M) 17.529ms
[74.257s][info][gc] GC(2104) Pause Young (Allocation Failure) 14M->14M(15M) 0.024ms
[74.277s][info][gc] GC(2105) Pause Full (Allocation Failure) 14M->13M(15M) 20.066ms
[74.301s][info][gc] GC(2106) Pause Full (Allocation Failure) 15M->11M(15M) 18.178ms
[74.329s][info][gc] GC(2107) Pause Full (Allocation Failure) 15M->13M(15M) 20.024ms
[74.353s][info][gc] GC(2108) Pause Full (Allocation Failure) 15M->10M(15M) 18.103ms
[74.383s][info][gc] GC(2109) Pause Full (Allocation Failure) 15M->13M(15M) 21.365ms
[74.406s][info][gc] GC(2110) Pause Full (Allocation Failure) 15M->10M(15M) 17.790ms
[74.435s][info][gc] GC(2111) Pause Full (Allocation Failure) 15M->13M(15M) 20.553ms
[74.458s][info][gc] GC(2112) Pause Full (Allocation Failure) 15M->10M(15M) 17.562ms
[74.465s][info][gc] GC(2113) Pause Young (Allocation Failure) 14M->14M(15M) 0.025ms
[74.485s][info][gc] GC(2114) Pause Full (Allocation Failure) 14M->13M(15M) 20.287ms
[74.509s][info][gc] GC(2115) Pause Full (Allocation Failure) 15M->11M(15M) 18.285ms
[74.538s][info][gc] GC(2116) Pause Full (Allocation Failure) 15M->13M(15M) 20.535ms
[74.562s][info][gc] GC(2117) Pause Full (Allocation Failure) 15M->10M(15M) 18.325ms
[74.592s][info][gc] GC(2118) Pause Full (Allocation Failure) 15M->13M(15M) 21.081ms
[74.615s][info][gc] GC(2119) Pause Full (Allocation Failure) 15M->11M(15M) 18.159ms
[74.644s][info][gc] GC(2120) Pause Full (Allocation Failure) 15M->12M(15M) 20.415ms
[74.668s][info][gc] GC(2121) Pause Full (Allocation Failure) 15M->10M(15M) 18.351ms
[74.698s][info][gc] GC(2122) Pause Full (Allocation Failure) 15M->13M(15M) 21.052ms
[74.722s][info][gc] GC(2123) Pause Full (Allocation Failure) 15M->11M(15M) 18.041ms
[74.751s][info][gc] GC(2124) Pause Full (Allocation Failure) 15M->13M(15M) 20.461ms
[74.774s][info][gc] GC(2125) Pause Full (Allocation Failure) 15M->10M(15M) 17.777ms
[74.781s][info][gc] GC(2126) Pause Young (Allocation Failure) 14M->14M(15M) 0.025ms
[74.801s][info][gc] GC(2127) Pause Full (Allocation Failure) 14M->13M(15M) 20.240ms
[74.826s][info][gc] GC(2128) Pause Full (Allocation Failure) 15M->11M(15M) 19.524ms
[74.856s][info][gc] GC(2129) Pause Full (Allocation Failure) 15M->12M(15M) 21.271ms
[74.880s][info][gc] GC(2130) Pause Full (Allocation Failure) 15M->10M(15M) 18.548ms
[74.910s][info][gc] GC(2131) Pause Full (Allocation Failure) 15M->13M(15M) 20.898ms
[74.933s][info][gc] GC(2132) Pause Full (Allocation Failure) 15M->10M(15M) 17.807ms
[74.962s][info][gc] GC(2133) Pause Full (Allocation Failure) 15M->13M(15M) 20.450ms
[74.985s][info][gc] GC(2134) Pause Full (Allocation Failure) 15M->10M(15M) 18.422ms
[74.992s][info][gc] GC(2135) Pause Young (Allocation Failure) 14M->14M(15M) 0.028ms
[75.013s][info][gc] GC(2136) Pause Full (Allocation Failure) 14M->13M(15M) 20.277ms
[75.036s][info][gc] GC(2137) Pause Full (Allocation Failure) 15M->11M(15M) 18.040ms
[75.065s][info][gc] GC(2138) Pause Full (Allocation Failure) 15M->13M(15M) 20.550ms
[75.090s][info][gc] GC(2139) Pause Full (Allocation Failure) 15M->10M(15M) 19.391ms
[75.120s][info][gc] GC(2140) Pause Full (Allocation Failure) 15M->13M(15M) 21.022ms
[75.143s][info][gc] GC(2141) Pause Full (Allocation Failure) 15M->10M(15M) 17.755ms
[75.173s][info][gc] GC(2142) Pause Full (Allocation Failure) 15M->13M(15M) 21.073ms
[75.195s][info][gc] GC(2143) Pause Full (Allocation Failure) 15M->10M(15M) 17.734ms
[75.202s][info][gc] GC(2144) Pause Young (Allocation Failure) 14M->14M(15M) 0.027ms
[75.223s][info][gc] GC(2145) Pause Full (Allocation Failure) 14M->13M(15M) 20.694ms
[75.247s][info][gc] GC(2146) Pause Full (Allocation Failure) 15M->11M(15M) 18.291ms
[75.276s][info][gc] GC(2147) Pause Full (Allocation Failure) 15M->13M(15M) 21.012ms
[75.299s][info][gc] GC(2148) Pause Full (Allocation Failure) 15M->10M(15M) 17.960ms
[75.330s][info][gc] GC(2149) Pause Full (Allocation Failure) 15M->13M(15M) 21.155ms
[75.352s][info][gc] GC(2150) Pause Full (Allocation Failure) 15M->11M(15M) 17.877ms
[75.380s][info][gc] GC(2151) Pause Full (Allocation Failure) 15M->12M(15M) 20.202ms
[75.405s][info][gc] GC(2152) Pause Full (Allocation Failure) 15M->11M(15M) 18.828ms
[75.435s][info][gc] GC(2153) Pause Full (Allocation Failure) 15M->13M(15M) 20.625ms
[75.458s][info][gc] GC(2154) Pause Full (Allocation Failure) 15M->11M(15M) 17.688ms
[75.486s][info][gc] GC(2155) Pause Full (Allocation Failure) 15M->13M(15M) 20.559ms
[75.510s][info][gc] GC(2156) Pause Full (Allocation Failure) 15M->10M(15M) 17.798ms
[75.516s][info][gc] GC(2157) Pause Young (Allocation Failure) 14M->14M(15M) 0.025ms
[75.537s][info][gc] GC(2158) Pause Full (Allocation Failure) 14M->13M(15M) 20.348ms
[75.560s][info][gc] GC(2159) Pause Full (Allocation Failure) 15M->11M(15M) 18.001ms
[75.589s][info][gc] GC(2160) Pause Full (Allocation Failure) 15M->13M(15M) 20.808ms
[75.613s][info][gc] GC(2161) Pause Full (Allocation Failure) 15M->10M(15M) 18.120ms
[75.643s][info][gc] GC(2162) Pause Full (Allocation Failure) 15M->13M(15M) 21.392ms
[75.667s][info][gc] GC(2163) Pause Full (Allocation Failure) 15M->11M(15M) 18.381ms
[75.695s][info][gc] GC(2164) Pause Full (Allocation Failure) 15M->12M(15M) 20.052ms
[75.719s][info][gc] GC(2165) Pause Full (Allocation Failure) 15M->11M(15M) 18.560ms
[75.749s][info][gc] GC(2166) Pause Full (Allocation Failure) 15M->13M(15M) 20.592ms
[75.772s][info][gc] GC(2167) Pause Full (Allocation Failure) 15M->11M(15M) 18.318ms
[75.801s][info][gc] GC(2168) Pause Full (Allocation Failure) 15M->13M(15M) 20.502ms
[75.826s][info][gc] GC(2169) Pause Full (Allocation Failure) 15M->10M(15M) 19.512ms
[75.833s][info][gc] GC(2170) Pause Young (Allocation Failure) 14M->14M(15M) 0.031ms
[75.853s][info][gc] GC(2171) Pause Full (Allocation Failure) 14M->13M(15M) 20.674ms
[75.877s][info][gc] GC(2172) Pause Full (Allocation Failure) 15M->11M(15M) 18.121ms
[75.906s][info][gc] GC(2173) Pause Full (Allocation Failure) 15M->13M(15M) 20.151ms
[75.930s][info][gc] GC(2174) Pause Full (Allocation Failure) 15M->10M(15M) 18.524ms
[75.960s][info][gc] GC(2175) Pause Full (Allocation Failure) 15M->13M(15M) 20.942ms
[75.982s][info][gc] GC(2176) Pause Full (Allocation Failure) 15M->10M(15M) 17.649ms
[76.012s][info][gc] GC(2177) Pause Full (Allocation Failure) 15M->13M(15M) 21.066ms
[76.035s][info][gc] GC(2178) Pause Full (Allocation Failure) 15M->10M(15M) 17.935ms
[76.042s][info][gc] GC(2179) Pause Young (Allocation Failure) 14M->14M(15M) 0.025ms
[76.062s][info][gc] GC(2180) Pause Full (Allocation Failure) 14M->13M(15M) 20.338ms
[76.085s][info][gc] GC(2181) Pause Full (Allocation Failure) 15M->11M(15M) 18.268ms
[76.114s][info][gc] GC(2182) Pause Full (Allocation Failure) 15M->13M(15M) 20.650ms
[76.138s][info][gc] GC(2183) Pause Full (Allocation Failure) 15M->10M(15M) 18.378ms
[76.169s][info][gc] GC(2184) Pause Full (Allocation Failure) 15M->13M(15M) 21.433ms
[76.192s][info][gc] GC(2185) Pause Full (Allocation Failure) 15M->12M(15M) 18.654ms
[76.217s][info][gc] GC(2186) Pause Full (Allocation Failure) 15M->11M(15M) 18.846ms
[76.244s][info][gc] GC(2187) Pause Full (Allocation Failure) 15M->11M(15M) 19.392ms
[76.271s][info][gc] GC(2188) Pause Full (Allocation Failure) 15M->12M(15M) 19.665ms
[76.297s][info][gc] GC(2189) Pause Full (Allocation Failure) 15M->11M(15M) 19.041ms
[76.324s][info][gc] GC(2190) Pause Full (Allocation Failure) 15M->12M(15M) 19.817ms
[76.350s][info][gc] GC(2191) Pause Full (Allocation Failure) 15M->11M(15M) 18.809ms
[76.379s][info][gc] GC(2192) Pause Full (Allocation Failure) 15M->13M(15M) 20.772ms
[76.403s][info][gc] GC(2193) Pause Full (Allocation Failure) 15M->11M(15M) 18.350ms
[76.431s][info][gc] GC(2194) Pause Full (Allocation Failure) 15M->13M(15M) 20.371ms
[76.455s][info][gc] GC(2195) Pause Full (Allocation Failure) 15M->10M(15M) 18.518ms
[76.485s][info][gc] GC(2196) Pause Full (Allocation Failure) 15M->13M(15M) 21.060ms
[76.508s][info][gc] GC(2197) Pause Full (Allocation Failure) 15M->11M(15M) 17.664ms
[76.537s][info][gc] GC(2198) Pause Full (Allocation Failure) 15M->13M(15M) 20.745ms
[76.560s][info][gc] GC(2199) Pause Full (Allocation Failure) 15M->10M(15M) 17.727ms
[76.567s][info][gc] GC(2200) Pause Young (Allocation Failure) 14M->14M(15M) 0.025ms
[76.588s][info][gc] GC(2201) Pause Full (Allocation Failure) 14M->13M(15M) 20.757ms
[76.611s][info][gc] GC(2202) Pause Full (Allocation Failure) 15M->11M(15M) 18.241ms
[76.640s][info][gc] GC(2203) Pause Full (Allocation Failure) 15M->13M(15M) 20.646ms
[76.664s][info][gc] GC(2204) Pause Full (Allocation Failure) 15M->10M(15M) 18.689ms
[76.695s][info][gc] GC(2205) Pause Full (Allocation Failure) 15M->13M(15M) 21.930ms
[76.718s][info][gc] GC(2206) Pause Full (Allocation Failure) 15M->11M(15M) 18.282ms
[76.747s][info][gc] GC(2207) Pause Full (Allocation Failure) 15M->13M(15M) 20.959ms
[76.771s][info][gc] GC(2208) Pause Full (Allocation Failure) 15M->10M(15M) 18.138ms
[76.801s][info][gc] GC(2209) Pause Full (Allocation Failure) 15M->13M(15M) 21.318ms
[76.826s][info][gc] GC(2210) Pause Full (Allocation Failure) 15M->12M(15M) 21.060ms
[76.851s][info][gc] GC(2211) Pause Full (Allocation Failure) 15M->11M(15M) 18.621ms
[76.880s][info][gc] GC(2212) Pause Full (Allocation Failure) 15M->12M(15M) 20.941ms
[76.906s][info][gc] GC(2213) Pause Full (Allocation Failure) 15M->11M(15M) 19.102ms
[76.933s][info][gc] GC(2214) Pause Full (Allocation Failure) 15M->12M(15M) 20.119ms
[76.959s][info][gc] GC(2215) Pause Full (Allocation Failure) 15M->11M(15M) 18.972ms
[76.986s][info][gc] GC(2216) Pause Full (Allocation Failure) 15M->12M(15M) 20.141ms
[77.014s][info][gc] GC(2217) Pause Full (Allocation Failure) 15M->12M(15M) 19.634ms
[77.040s][info][gc] GC(2218) Pause Full (Allocation Failure) 15M->12M(15M) 19.468ms
[77.067s][info][gc] GC(2219) Pause Full (Allocation Failure) 15M->12M(15M) 19.450ms
[77.092s][info][gc] GC(2220) Pause Full (Allocation Failure) 15M->11M(15M) 19.084ms
[77.121s][info][gc] GC(2221) Pause Full (Allocation Failure) 15M->12M(15M) 20.150ms
[77.145s][info][gc] GC(2222) Pause Full (Allocation Failure) 15M->11M(15M) 18.726ms
[77.173s][info][gc] GC(2223) Pause Full (Allocation Failure) 15M->12M(15M) 20.390ms
[77.198s][info][gc] GC(2224) Pause Full (Allocation Failure) 15M->11M(15M) 18.808ms
[77.227s][info][gc] GC(2225) Pause Full (Allocation Failure) 15M->13M(15M) 20.710ms
[77.251s][info][gc] GC(2226) Pause Full (Allocation Failure) 15M->11M(15M) 18.868ms
[77.280s][info][gc] GC(2227) Pause Full (Allocation Failure) 15M->13M(15M) 20.325ms
[77.304s][info][gc] GC(2228) Pause Full (Allocation Failure) 15M->10M(15M) 18.122ms
[77.334s][info][gc] GC(2229) Pause Full (Allocation Failure) 15M->13M(15M) 21.402ms
[77.357s][info][gc] GC(2230) Pause Full (Allocation Failure) 15M->11M(15M) 19.126ms
[77.385s][info][gc] GC(2231) Pause Full (Allocation Failure) 15M->12M(15M) 20.831ms
[77.411s][info][gc] GC(2232) Pause Full (Allocation Failure) 15M->11M(15M) 19.543ms
[77.441s][info][gc] GC(2233) Pause Full (Allocation Failure) 15M->13M(15M) 20.869ms
[77.464s][info][gc] GC(2234) Pause Full (Allocation Failure) 15M->11M(15M) 18.518ms
[77.493s][info][gc] GC(2235) Pause Full (Allocation Failure) 15M->13M(15M) 20.635ms
[77.518s][info][gc] GC(2236) Pause Full (Allocation Failure) 15M->10M(15M) 18.845ms
[77.548s][info][gc] GC(2237) Pause Full (Allocation Failure) 15M->13M(15M) 21.210ms
[77.570s][info][gc] GC(2238) Pause Full (Allocation Failure) 15M->10M(15M) 17.855ms
[77.600s][info][gc] GC(2239) Pause Full (Allocation Failure) 15M->13M(15M) 20.952ms
[77.623s][info][gc] GC(2240) Pause Full (Allocation Failure) 15M->11M(15M) 18.382ms
[77.652s][info][gc] GC(2241) Pause Full (Allocation Failure) 15M->13M(15M) 20.712ms
[77.676s][info][gc] GC(2242) Pause Full (Allocation Failure) 15M->11M(15M) 18.536ms
[77.705s][info][gc] GC(2243) Pause Full (Allocation Failure) 15M->13M(15M) 20.906ms
[77.728s][info][gc] GC(2244) Pause Full (Allocation Failure) 15M->10M(15M) 18.232ms
[77.759s][info][gc] GC(2245) Pause Full (Allocation Failure) 15M->13M(15M) 21.715ms
[77.783s][info][gc] GC(2246) Pause Full (Allocation Failure) 15M->12M(15M) 19.350ms
[77.808s][info][gc] GC(2247) Pause Full (Allocation Failure) 15M->11M(15M) 19.163ms
[77.839s][info][gc] GC(2248) Pause Full (Allocation Failure) 15M->12M(15M) 23.244ms
[77.866s][info][gc] GC(2249) Pause Full (Allocation Failure) 15M->12M(15M) 20.045ms
[77.893s][info][gc] GC(2250) Pause Full (Allocation Failure) 15M->12M(15M) 19.742ms
[77.920s][info][gc] GC(2251) Pause Full (Allocation Failure) 15M->12M(15M) 19.468ms
[77.946s][info][gc] GC(2252) Pause Full (Allocation Failure) 15M->11M(15M) 19.598ms
[77.975s][info][gc] GC(2253) Pause Full (Allocation Failure) 15M->12M(15M) 20.126ms
[78.000s][info][gc] GC(2254) Pause Full (Allocation Failure) 15M->11M(15M) 19.003ms
[78.027s][info][gc] GC(2255) Pause Full (Allocation Failure) 15M->12M(15M) 20.148ms
[78.052s][info][gc] GC(2256) Pause Full (Allocation Failure) 15M->11M(15M) 19.089ms
[78.082s][info][gc] GC(2257) Pause Full (Allocation Failure) 15M->13M(15M) 21.008ms
[78.106s][info][gc] GC(2258) Pause Full (Allocation Failure) 15M->11M(15M) 18.677ms
[78.135s][info][gc] GC(2259) Pause Full (Allocation Failure) 15M->13M(15M) 20.631ms
[78.159s][info][gc] GC(2260) Pause Full (Allocation Failure) 15M->10M(15M) 18.684ms
[78.189s][info][gc] GC(2261) Pause Full (Allocation Failure) 15M->13M(15M) 21.495ms
[78.212s][info][gc] GC(2262) Pause Full (Allocation Failure) 15M->10M(15M) 18.270ms
[78.241s][info][gc] GC(2263) Pause Full (Allocation Failure) 15M->13M(15M) 20.963ms
[78.264s][info][gc] GC(2264) Pause Full (Allocation Failure) 15M->10M(15M) 17.942ms
[78.271s][info][gc] GC(2265) Pause Young (Allocation Failure) 14M->14M(15M) 0.025ms
[78.292s][info][gc] GC(2266) Pause Full (Allocation Failure) 14M->13M(15M) 20.690ms
[78.315s][info][gc] GC(2267) Pause Full (Allocation Failure) 15M->11M(15M) 18.347ms
[78.344s][info][gc] GC(2268) Pause Full (Allocation Failure) 15M->13M(15M) 21.166ms
[78.368s][info][gc] GC(2269) Pause Full (Allocation Failure) 15M->10M(15M) 18.479ms
[78.399s][info][gc] GC(2270) Pause Full (Allocation Failure) 15M->13M(15M) 22.115ms
[78.423s][info][gc] GC(2271) Pause Full (Allocation Failure) 15M->12M(15M) 19.077ms
[78.449s][info][gc] GC(2272) Pause Full (Allocation Failure) 15M->12M(15M) 19.607ms
[78.476s][info][gc] GC(2273) Pause Full (Allocation Failure) 15M->11M(15M) 19.604ms
[78.504s][info][gc] GC(2274) Pause Full (Allocation Failure) 15M->12M(15M) 20.259ms
[78.529s][info][gc] GC(2275) Pause Full (Allocation Failure) 15M->11M(15M) 19.014ms
[78.557s][info][gc] GC(2276) Pause Full (Allocation Failure) 15M->12M(15M) 20.459ms
[78.583s][info][gc] GC(2277) Pause Full (Allocation Failure) 15M->11M(15M) 19.484ms
[78.612s][info][gc] GC(2278) Pause Full (Allocation Failure) 15M->13M(15M) 20.863ms
[78.636s][info][gc] GC(2279) Pause Full (Allocation Failure) 15M->11M(15M) 18.360ms
[78.664s][info][gc] GC(2280) Pause Full (Allocation Failure) 15M->13M(15M) 20.723ms
[78.689s][info][gc] GC(2281) Pause Full (Allocation Failure) 15M->11M(15M) 18.903ms
[78.719s][info][gc] GC(2282) Pause Full (Allocation Failure) 15M->13M(15M) 21.542ms
[78.742s][info][gc] GC(2283) Pause Full (Allocation Failure) 15M->11M(15M) 18.637ms
[78.771s][info][gc] GC(2284) Pause Full (Allocation Failure) 15M->13M(15M) 21.181ms
[78.795s][info][gc] GC(2285) Pause Full (Allocation Failure) 15M->10M(15M) 18.465ms
[78.826s][info][gc] GC(2286) Pause Full (Allocation Failure) 15M->13M(15M) 21.759ms
[78.850s][info][gc] GC(2287) Pause Full (Allocation Failure) 15M->11M(15M) 19.638ms
[78.880s][info][gc] GC(2288) Pause Full (Allocation Failure) 15M->13M(15M) 21.313ms
[78.903s][info][gc] GC(2289) Pause Full (Allocation Failure) 15M->10M(15M) 18.556ms
[78.934s][info][gc] GC(2290) Pause Full (Allocation Failure) 15M->13M(15M) 21.562ms
[78.957s][info][gc] GC(2291) Pause Full (Allocation Failure) 15M->12M(15M) 18.962ms
[78.984s][info][gc] GC(2292) Pause Full (Allocation Failure) 15M->12M(15M) 19.747ms
[79.011s][info][gc] GC(2293) Pause Full (Allocation Failure) 15M->11M(15M) 19.651ms
[79.039s][info][gc] GC(2294) Pause Full (Allocation Failure) 15M->12M(15M) 20.357ms
[79.064s][info][gc] GC(2295) Pause Full (Allocation Failure) 15M->11M(15M) 19.077ms
[79.092s][info][gc] GC(2296) Pause Full (Allocation Failure) 15M->12M(15M) 20.754ms
[79.117s][info][gc] GC(2297) Pause Full (Allocation Failure) 15M->11M(15M) 19.058ms
[79.147s][info][gc] GC(2298) Pause Full (Allocation Failure) 15M->13M(15M) 20.989ms
[79.171s][info][gc] GC(2299) Pause Full (Allocation Failure) 15M->11M(15M) 18.646ms
[79.200s][info][gc] GC(2300) Pause Full (Allocation Failure) 15M->13M(15M) 21.125ms
[79.224s][info][gc] GC(2301) Pause Full (Allocation Failure) 15M->11M(15M) 18.548ms
[79.254s][info][gc] GC(2302) Pause Full (Allocation Failure) 15M->13M(15M) 21.500ms
[79.277s][info][gc] GC(2303) Pause Full (Allocation Failure) 15M->11M(15M) 18.109ms
[79.306s][info][gc] GC(2304) Pause Full (Allocation Failure) 15M->13M(15M) 21.044ms
[79.329s][info][gc] GC(2305) Pause Full (Allocation Failure) 15M->10M(15M) 18.165ms
[79.336s][info][gc] GC(2306) Pause Young (Allocation Failure) 14M->14M(15M) 0.026ms
[79.357s][info][gc] GC(2307) Pause Full (Allocation Failure) 14M->13M(15M) 21.096ms
[79.380s][info][gc] GC(2308) Pause Full (Allocation Failure) 15M->11M(15M) 18.226ms
[79.410s][info][gc] GC(2309) Pause Full (Allocation Failure) 15M->13M(15M) 21.432ms
[79.433s][info][gc] GC(2310) Pause Full (Allocation Failure) 15M->10M(15M) 18.648ms
[79.464s][info][gc] GC(2311) Pause Full (Allocation Failure) 15M->13M(15M) 21.802ms
[79.488s][info][gc] GC(2312) Pause Full (Allocation Failure) 15M->13M(15M) 19.848ms
[79.511s][info][gc] GC(2313) Pause Full (Allocation Failure) 15M->11M(15M) 17.851ms
[79.541s][info][gc] GC(2314) Pause Full (Allocation Failure) 15M->13M(15M) 21.198ms
[79.565s][info][gc] GC(2315) Pause Full (Allocation Failure) 15M->11M(15M) 18.779ms
[79.594s][info][gc] GC(2316) Pause Full (Allocation Failure) 15M->13M(15M) 20.962ms
[79.618s][info][gc] GC(2317) Pause Full (Allocation Failure) 15M->11M(15M) 19.019ms
[79.646s][info][gc] GC(2318) Pause Full (Allocation Failure) 15M->12M(15M) 20.427ms
[79.673s][info][gc] GC(2319) Pause Full (Allocation Failure) 15M->12M(15M) 19.876ms
[79.700s][info][gc] GC(2320) Pause Full (Allocation Failure) 15M->12M(15M) 20.226ms
[79.726s][info][gc] GC(2321) Pause Full (Allocation Failure) 15M->12M(15M) 19.647ms
[79.754s][info][gc] GC(2322) Pause Full (Allocation Failure) 15M->11M(15M) 20.020ms
[79.782s][info][gc] GC(2323) Pause Full (Allocation Failure) 15M->12M(15M) 20.501ms
[79.807s][info][gc] GC(2324) Pause Full (Allocation Failure) 15M->12M(15M) 19.317ms
[79.836s][info][gc] GC(2325) Pause Full (Allocation Failure) 15M->12M(15M) 21.809ms
[79.862s][info][gc] GC(2326) Pause Full (Allocation Failure) 15M->11M(15M) 19.482ms
[79.891s][info][gc] GC(2327) Pause Full (Allocation Failure) 15M->13M(15M) 20.933ms
[79.915s][info][gc] GC(2328) Pause Full (Allocation Failure) 15M->11M(15M) 18.513ms
[79.944s][info][gc] GC(2329) Pause Full (Allocation Failure) 15M->13M(15M) 20.669ms
[79.968s][info][gc] GC(2330) Pause Full (Allocation Failure) 15M->11M(15M) 18.959ms
[79.998s][info][gc] GC(2331) Pause Full (Allocation Failure) 15M->13M(15M) 21.397ms
[80.021s][info][gc] GC(2332) Pause Full (Allocation Failure) 15M->11M(15M) 18.095ms
[80.051s][info][gc] GC(2333) Pause Full (Allocation Failure) 15M->13M(15M) 21.224ms
[80.075s][info][gc] GC(2334) Pause Full (Allocation Failure) 15M->11M(15M) 20.119ms
[80.103s][info][gc] GC(2335) Pause Full (Allocation Failure) 15M->12M(15M) 20.164ms
[80.129s][info][gc] GC(2336) Pause Full (Allocation Failure) 15M->12M(15M) 19.399ms
[80.155s][info][gc] GC(2337) Pause Full (Allocation Failure) 15M->12M(15M) 19.982ms
[80.181s][info][gc] GC(2338) Pause Full (Allocation Failure) 15M->11M(15M) 19.508ms
[80.210s][info][gc] GC(2339) Pause Full (Allocation Failure) 15M->13M(15M) 20.789ms
[80.235s][info][gc] GC(2340) Pause Full (Allocation Failure) 15M->11M(15M) 18.955ms
[80.263s][info][gc] GC(2341) Pause Full (Allocation Failure) 15M->12M(15M) 20.302ms
[80.288s][info][gc] GC(2342) Pause Full (Allocation Failure) 15M->11M(15M) 18.853ms
[80.318s][info][gc] GC(2343) Pause Full (Allocation Failure) 15M->13M(15M) 21.496ms
[80.341s][info][gc] GC(2344) Pause Full (Allocation Failure) 15M->11M(15M) 18.524ms
[80.370s][info][gc] GC(2345) Pause Full (Allocation Failure) 15M->13M(15M) 20.720ms
[80.394s][info][gc] GC(2346) Pause Full (Allocation Failure) 15M->10M(15M) 18.692ms
[80.424s][info][gc] GC(2347) Pause Full (Allocation Failure) 15M->13M(15M) 21.732ms
[80.447s][info][gc] GC(2348) Pause Full (Allocation Failure) 15M->11M(15M) 18.169ms
[80.477s][info][gc] GC(2349) Pause Full (Allocation Failure) 15M->13M(15M) 21.452ms
[80.500s][info][gc] GC(2350) Pause Full (Allocation Failure) 15M->10M(15M) 18.342ms
[80.530s][info][gc] GC(2351) Pause Full (Allocation Failure) 15M->13M(15M) 21.592ms
[80.553s][info][gc] GC(2352) Pause Full (Allocation Failure) 15M->12M(15M) 18.739ms
[80.579s][info][gc] GC(2353) Pause Full (Allocation Failure) 15M->12M(15M) 19.718ms
[80.606s][info][gc] GC(2354) Pause Full (Allocation Failure) 15M->11M(15M) 19.867ms
[80.634s][info][gc] GC(2355) Pause Full (Allocation Failure) 15M->12M(15M) 20.365ms
[80.660s][info][gc] GC(2356) Pause Full (Allocation Failure) 15M->11M(15M) 19.591ms
[80.688s][info][gc] GC(2357) Pause Full (Allocation Failure) 15M->12M(15M) 20.275ms
[80.714s][info][gc] GC(2358) Pause Full (Allocation Failure) 15M->11M(15M) 19.603ms
[80.743s][info][gc] GC(2359) Pause Full (Allocation Failure) 15M->13M(15M) 21.260ms
[80.766s][info][gc] GC(2360) Pause Full (Allocation Failure) 15M->11M(15M) 18.553ms
[80.796s][info][gc] GC(2361) Pause Full (Allocation Failure) 15M->13M(15M) 21.945ms
[80.821s][info][gc] GC(2362) Pause Full (Allocation Failure) 15M->10M(15M) 19.482ms
[80.852s][info][gc] GC(2363) Pause Full (Allocation Failure) 15M->13M(15M) 22.883ms
[80.877s][info][gc] GC(2364) Pause Full (Allocation Failure) 15M->12M(15M) 20.212ms
[80.903s][info][gc] GC(2365) Pause Full (Allocation Failure) 15M->12M(15M) 19.684ms
[80.930s][info][gc] GC(2366) Pause Full (Allocation Failure) 15M->12M(15M) 20.446ms
[80.959s][info][gc] GC(2367) Pause Full (Allocation Failure) 15M->12M(15M) 20.976ms
[80.986s][info][gc] GC(2368) Pause Full (Allocation Failure) 15M->12M(15M) 20.323ms
[81.013s][info][gc] GC(2369) Pause Full (Allocation Failure) 15M->12M(15M) 20.847ms
[81.040s][info][gc] GC(2370) Pause Full (Allocation Failure) 15M->11M(15M) 20.289ms
[81.070s][info][gc] GC(2371) Pause Full (Allocation Failure) 15M->13M(15M) 21.757ms
[81.095s][info][gc] GC(2372) Pause Full (Allocation Failure) 15M->11M(15M) 19.909ms
[81.124s][info][gc] GC(2373) Pause Full (Allocation Failure) 15M->13M(15M) 21.101ms
[81.149s][info][gc] GC(2374) Pause Full (Allocation Failure) 15M->11M(15M) 19.465ms
[81.179s][info][gc] GC(2375) Pause Full (Allocation Failure) 15M->13M(15M) 21.908ms
[81.203s][info][gc] GC(2376) Pause Full (Allocation Failure) 15M->11M(15M) 18.801ms
[81.232s][info][gc] GC(2377) Pause Full (Allocation Failure) 15M->13M(15M) 21.235ms
[81.256s][info][gc] GC(2378) Pause Full (Allocation Failure) 15M->10M(15M) 18.931ms
[81.287s][info][gc] GC(2379) Pause Full (Allocation Failure) 15M->13M(15M) 22.694ms
[81.311s][info][gc] GC(2380) Pause Full (Allocation Failure) 15M->12M(15M) 19.835ms
[81.338s][info][gc] GC(2381) Pause Full (Allocation Failure) 15M->12M(15M) 20.528ms
[81.365s][info][gc] GC(2382) Pause Full (Allocation Failure) 15M->12M(15M) 20.430ms
[81.393s][info][gc] GC(2383) Pause Full (Allocation Failure) 15M->12M(15M) 20.484ms
[81.419s][info][gc] GC(2384) Pause Full (Allocation Failure) 15M->12M(15M) 19.826ms
[81.447s][info][gc] GC(2385) Pause Full (Allocation Failure) 15M->12M(15M) 20.598ms
[81.473s][info][gc] GC(2386) Pause Full (Allocation Failure) 15M->11M(15M) 20.046ms
