

[0.026s][info][gc] Using G1
[3.022s][info][gc] GC(0) Pause Young (Normal) (G1 Evacuation Pause) 5M->3M(12M) 2.116ms
[3.049s][info][gc] GC(1) Pause Young (Normal) (G1 Evacuation Pause) 4M->3M(12M) 2.050ms
[3.069s][info][gc] GC(2) Pause Young (Normal) (G1 Evacuation Pause) 4M->4M(12M) 1.187ms
[3.078s][info][gc] GC(3) Pause Young (Normal) (G1 Evacuation Pause) 5M->4M(12M) 1.051ms
[3.094s][info][gc] GC(4) Pause Young (Normal) (G1 Evacuation Pause) 5M->4M(12M) 0.649ms
[3.128s][info][gc] GC(5) Pause Young (Normal) (G1 Evacuation Pause) 6M->4M(12M) 0.837ms
[3.146s][info][gc] GC(6) Pause Young (Normal) (G1 Evacuation Pause) 6M->4M(12M) 1.354ms
[3.162s][info][gc] GC(7) Pause Young (Normal) (G1 Evacuation Pause) 6M->4M(12M) 1.333ms
[3.180s][info][gc] GC(8) Pause Young (Normal) (G1 Evacuation Pause) 6M->4M(12M) 0.495ms
[3.316s][info][gc] GC(9) Pause Young (Normal) (G1 Evacuation Pause) 6M->4M(12M) 1.546ms
[3.443s][info][gc] GC(10) Pause Young (Normal) (G1 Evacuation Pause) 6M->5M(12M) 1.710ms
[3.578s][info][gc] GC(11) Pause Young (Normal) (G1 Evacuation Pause) 7M->5M(12M) 2.458ms
[10.112s][info][gc] GC(12) Pause Young (Concurrent Start) (G1 Humongous Allocation) 7M->5M(12M) 1.824ms
[10.112s][info][gc] GC(13) Concurrent Mark Cycle
[10.118s][info][gc] GC(13) Pause Remark 7M->7M(12M) 2.667ms
[10.119s][info][gc] GC(14) Pause Young (Normal) (G1 Evacuation Pause) 7M->6M(12M) 1.210ms
[10.120s][info][gc] GC(13) Pause Cleanup 6M->6M(12M) 0.076ms
[10.120s][info][gc] GC(13) Concurrent Mark Cycle 8.390ms
[10.126s][info][gc] GC(15) Pause Young (Prepare Mixed) (G1 Evacuation Pause) 7M->6M(12M) 1.044ms
[10.133s][info][gc] GC(16) Pause Young (Mixed) (G1 Evacuation Pause) 7M->6M(12M) 1.804ms
[10.138s][info][gc] GC(17) Pause Young (Concurrent Start) (G1 Evacuation Pause) 7M->6M(12M) 1.036ms
[10.138s][info][gc] GC(18) Concurrent Mark Cycle
[10.143s][info][gc] GC(19) Pause Young (Normal) (G1 Evacuation Pause) 7M->6M(12M) 1.011ms
[10.146s][info][gc] GC(18) Pause Remark 7M->7M(12M) 1.833ms
[10.147s][info][gc] GC(20) Pause Young (Normal) (G1 Evacuation Pause) 7M->6M(12M) 0.603ms
[10.148s][info][gc] GC(18) Pause Cleanup 7M->7M(12M) 0.067ms
[10.148s][info][gc] GC(18) Concurrent Mark Cycle 9.492ms
[10.149s][info][gc] GC(21) Pause Young (Prepare Mixed) (G1 Evacuation Pause) 7M->6M(12M) 0.571ms
[10.152s][info][gc] GC(22) Pause Young (Mixed) (G1 Evacuation Pause) 7M->6M(12M) 1.545ms
[10.153s][info][gc] GC(23) Pause Young (Concurrent Start) (G1 Evacuation Pause) 7M->6M(12M) 0.640ms
[10.153s][info][gc] GC(24) Concurrent Mark Cycle
[10.157s][info][gc] GC(25) Pause Young (Normal) (G1 Evacuation Pause) 7M->6M(12M) 0.400ms
[10.159s][info][gc] GC(26) Pause Young (Normal) (G1 Evacuation Pause) 7M->6M(12M) 0.399ms
[10.160s][info][gc] GC(24) Pause Remark 6M->6M(12M) 1.090ms
[10.162s][info][gc] GC(27) Pause Young (Normal) (G1 Evacuation Pause) 7M->6M(12M) 0.442ms
[10.162s][info][gc] GC(24) Pause Cleanup 6M->6M(12M) 0.063ms
[10.162s][info][gc] GC(24) Concurrent Mark Cycle 8.932ms
[10.164s][info][gc] GC(28) Pause Young (Normal) (G1 Evacuation Pause) 7M->6M(12M) 0.361ms
[10.165s][info][gc] GC(29) Pause Young (Concurrent Start) (G1 Evacuation Pause) 7M->6M(12M) 0.370ms
[10.165s][info][gc] GC(30) Concurrent Mark Cycle
[10.167s][info][gc] GC(31) Pause Young (Normal) (G1 Evacuation Pause) 7M->6M(12M) 0.284ms
[10.169s][info][gc] GC(30) Pause Remark 7M->7M(12M) 1.822ms
[10.170s][info][gc] GC(32) Pause Young (Normal) (G1 Evacuation Pause) 7M->6M(12M) 0.312ms
[10.171s][info][gc] GC(30) Pause Cleanup 7M->7M(12M) 0.012ms
[10.171s][info][gc] GC(30) Concurrent Mark Cycle 5.981ms
[10.172s][info][gc] GC(33) Pause Young (Normal) (G1 Evacuation Pause) 7M->6M(12M) 0.324ms
[10.173s][info][gc] GC(34) Pause Young (Concurrent Start) (G1 Evacuation Pause) 7M->6M(12M) 0.392ms
[10.173s][info][gc] GC(35) Concurrent Mark Cycle
[10.174s][info][gc] GC(36) Pause Young (Normal) (G1 Evacuation Pause) 7M->6M(12M) 0.184ms
[10.176s][info][gc] GC(35) Pause Remark 7M->7M(12M) 0.917ms
[10.177s][info][gc] GC(37) Pause Young (Normal) (G1 Evacuation Pause) 7M->6M(12M) 0.149ms
[10.178s][info][gc] GC(35) Pause Cleanup 7M->7M(12M) 0.012ms
[10.178s][info][gc] GC(35) Concurrent Mark Cycle 4.439ms
[10.178s][info][gc] GC(38) Pause Young (Normal) (G1 Evacuation Pause) 7M->7M(12M) 0.137ms
[10.179s][info][gc] GC(39) Pause Young (Concurrent Start) (G1 Evacuation Pause) 8M->7M(12M) 0.222ms
[10.179s][info][gc] GC(40) Concurrent Mark Cycle
[10.180s][info][gc] GC(41) Pause Young (Normal) (G1 Evacuation Pause) 8M->7M(12M) 0.181ms
[10.182s][info][gc] GC(40) Pause Remark 7M->7M(12M) 0.876ms
[10.183s][info][gc] GC(42) Pause Young (Normal) (G1 Evacuation Pause) 8M->7M(12M) 0.148ms
[10.183s][info][gc] GC(40) Pause Cleanup 7M->7M(12M) 0.011ms
[10.183s][info][gc] GC(40) Concurrent Mark Cycle 4.185ms
[10.184s][info][gc] GC(43) Pause Young (Normal) (G1 Evacuation Pause) 8M->7M(12M) 0.133ms
[10.185s][info][gc] GC(44) Pause Young (Concurrent Start) (G1 Evacuation Pause) 8M->7M(12M) 0.224ms
[10.185s][info][gc] GC(45) Concurrent Mark Cycle
[10.188s][info][gc] GC(45) Pause Remark 9M->9M(12M) 0.839ms
[10.189s][info][gc] GC(45) Pause Cleanup 9M->9M(12M) 0.011ms
[10.189s][info][gc] GC(45) Concurrent Mark Cycle 3.797ms
[10.577s][info][gc] GC(46) Pause Young (Normal) (G1 Evacuation Pause) 9M->5M(12M) 0.813ms
[20.205s][info][gc] GC(47) Pause Young (Concurrent Start) (G1 Humongous Allocation) 7M->5M(12M) 0.952ms
[20.205s][info][gc] GC(48) Concurrent Mark Cycle
[20.209s][info][gc] GC(48) Pause Remark 6M->6M(12M) 1.367ms
[20.210s][info][gc] GC(48) Pause Cleanup 6M->6M(12M) 0.081ms
[20.210s][info][gc] GC(48) Concurrent Mark Cycle 5.635ms
[34.978s][info][gc] GC(49) Pause Young (Concurrent Start) (G1 Humongous Allocation) 8M->5M(12M) 1.159ms
[34.979s][info][gc] GC(50) Concurrent Mark Cycle
[34.983s][info][gc] GC(50) Pause Remark 6M->6M(12M) 1.513ms
[34.984s][info][gc] GC(50) Pause Cleanup 6M->6M(12M) 0.083ms
[34.984s][info][gc] GC(50) Concurrent Mark Cycle 5.655ms
[52.632s][info][gc] GC(51) Pause Young (Normal) (G1 Evacuation Pause) 8M->6M(12M) 0.827ms
[60.637s][info][gc] GC(52) Pause Young (Concurrent Start) (G1 Evacuation Pause) 7M->6M(12M) 0.961ms
[60.637s][info][gc] GC(53) Concurrent Mark Cycle
[60.641s][info][gc] GC(53) Pause Remark 6M->6M(12M) 1.735ms
[60.643s][info][gc] GC(53) Pause Cleanup 6M->6M(12M) 0.083ms
[60.643s][info][gc] GC(53) Concurrent Mark Cycle 5.919ms
[69.642s][info][gc] GC(54) Pause Young (Normal) (G1 Evacuation Pause) 7M->6M(12M) 1.026ms
[78.651s][info][gc] GC(55) Pause Young (Concurrent Start) (G1 Evacuation Pause) 7M->6M(12M) 0.988ms
[78.651s][info][gc] GC(56) Concurrent Mark Cycle
[78.655s][info][gc] GC(56) Pause Remark 6M->6M(12M) 1.684ms
[78.657s][info][gc] GC(56) Pause Cleanup 6M->6M(12M) 0.083ms
[78.657s][info][gc] GC(56) Concurrent Mark Cycle 5.908ms
[87.607s][info][gc] GC(57) Pause Young (Normal) (G1 Evacuation Pause) 7M->6M(12M) 1.100ms
[95.666s][info][gc] GC(58) Pause Young (Concurrent Start) (G1 Evacuation Pause) 7M->6M(12M) 0.988ms
[95.666s][info][gc] GC(59) Concurrent Mark Cycle
[95.670s][info][gc] GC(59) Pause Remark 6M->6M(12M) 1.503ms
[95.671s][info][gc] GC(59) Pause Cleanup 6M->6M(12M) 0.087ms
[95.671s][info][gc] GC(59) Concurrent Mark Cycle 5.532ms
[104.673s][info][gc] GC(60) Pause Young (Normal) (G1 Evacuation Pause) 7M->6M(12M) 0.979ms
[113.677s][info][gc] GC(61) Pause Young (Concurrent Start) (G1 Evacuation Pause) 7M->6M(12M) 1.049ms
[113.677s][info][gc] GC(62) Concurrent Mark Cycle
[113.682s][info][gc] GC(62) Pause Remark 6M->6M(12M) 1.646ms
[113.683s][info][gc] GC(62) Pause Cleanup 6M->6M(12M) 0.082ms
[113.683s][info][gc] GC(62) Concurrent Mark Cycle 5.954ms
[122.684s][info][gc] GC(63) Pause Young (Normal) (G1 Evacuation Pause) 7M->6M(12M) 0.994ms

Сортировка слиянием 77 ms
Сортировка вставкой 4771 ms
Сортировка пузырьком 90192 ms
