

[0.029s][info][gc] Using The Z Garbage Collector
[0.163s][info][gc] GC(0) Garbage Collection (Warmup) 6M(15%)->6M(15%)
[1.152s][info][gc] GC(1) Garbage Collection (Warmup) 8M(20%)->6M(15%)
[4.055s][info][gc] GC(2) Garbage Collection (Warmup) 14M(35%)->10M(25%)
[4.474s][info][gc] GC(3) Garbage Collection (Allocation Rate) 26M(65%)->12M(30%)
[10.169s][info][gc] Allocation Stall (main) 3.170ms
[10.170s][info][gc] GC(4) Garbage Collection (Allocation Rate) 32M(80%)->24M(60%)
[10.264s][info][gc] GC(5) Garbage Collection (Allocation Stall) 30M(75%)->8M(20%)
[14.466s][info][gc] GC(6) Garbage Collection (Proactive) 12M(30%)->8M(20%)
[20.260s][info][gc] GC(7) Garbage Collection (Proactive) 12M(30%)->10M(25%)
[27.468s][info][gc] GC(8) Garbage Collection (Proactive) 14M(35%)->10M(25%)
[34.968s][info][gc] GC(9) Garbage Collection (Proactive) 14M(35%)->12M(30%)
[45.467s][info][gc] GC(10) Garbage Collection (Proactive) 16M(40%)->12M(30%)
[55.469s][info][gc] GC(11) Garbage Collection (Proactive) 16M(40%)->10M(25%)
[66.565s][info][gc] GC(12) Garbage Collection (Proactive) 14M(35%)->12M(30%)
[77.560s][info][gc] GC(13) Garbage Collection (Proactive) 16M(40%)->12M(30%)
[88.553s][info][gc] GC(14) Garbage Collection (Proactive) 16M(40%)->12M(30%)
[99.563s][info][gc] GC(15) Garbage Collection (Proactive) 16M(40%)->12M(30%)
[109.562s][info][gc] GC(16) Garbage Collection (Proactive) 16M(40%)->12M(30%)
[122.556s][info][gc] GC(17) Garbage Collection (Proactive) 16M(40%)->12M(30%)


Сортировка слиянием 52 ms
Сортировка вставкой 4705 ms
Сортировка пузырьком 90974 ms